[2025-08-02T02:46:39.490+0000] {taskinstance.py:1979} INFO - Dependencies all met for dep_context=non-requeueable deps ti=<TaskInstance: scraping_main_run.run_scraping_script manual__2025-08-02T02:37:39.150162+00:00 [queued]>
[2025-08-02T02:46:39.513+0000] {taskinstance.py:1979} INFO - Dependencies all met for dep_context=requeueable deps ti=<TaskInstance: scraping_main_run.run_scraping_script manual__2025-08-02T02:37:39.150162+00:00 [queued]>
[2025-08-02T02:46:39.513+0000] {taskinstance.py:2193} INFO - Starting attempt 2 of 2
[2025-08-02T02:46:39.534+0000] {taskinstance.py:2214} INFO - Executing <Task(BashOperator): run_scraping_script> on 2025-08-02 02:37:39.150162+00:00
[2025-08-02T02:46:39.579+0000] {standard_task_runner.py:60} INFO - Started process 73 to run task
[2025-08-02T02:46:39.586+0000] {standard_task_runner.py:87} INFO - Running: ['***', 'tasks', 'run', 'scraping_main_run', 'run_scraping_script', 'manual__2025-08-02T02:37:39.150162+00:00', '--job-id', '31', '--raw', '--subdir', 'DAGS_FOLDER/scraping_dags.py', '--cfg-path', '/tmp/tmp606kn5v3']
[2025-08-02T02:46:39.591+0000] {standard_task_runner.py:88} INFO - Job 31: Subtask run_scraping_script
[2025-08-02T02:46:39.704+0000] {task_command.py:423} INFO - Running <TaskInstance: scraping_main_run.run_scraping_script manual__2025-08-02T02:37:39.150162+00:00 [running]> on host 0fa76810260f
[2025-08-02T02:46:39.856+0000] {taskinstance.py:2510} INFO - Exporting env vars: AIRFLOW_CTX_DAG_OWNER='***' AIRFLOW_CTX_DAG_ID='scraping_main_run' AIRFLOW_CTX_TASK_ID='run_scraping_script' AIRFLOW_CTX_EXECUTION_DATE='2025-08-02T02:37:39.150162+00:00' AIRFLOW_CTX_TRY_NUMBER='2' AIRFLOW_CTX_DAG_RUN_ID='manual__2025-08-02T02:37:39.150162+00:00'
[2025-08-02T02:46:39.865+0000] {subprocess.py:63} INFO - Tmp dir root location: /tmp
[2025-08-02T02:46:39.867+0000] {subprocess.py:75} INFO - Running command: ['/usr/bin/bash', '-c', 'cd /opt/***/tesis-scraping && source venv/bin/activate && python3 extraccion/main.py']
[2025-08-02T02:46:39.884+0000] {subprocess.py:86} INFO - Output:
[2025-08-02T02:46:41.301+0000] {subprocess.py:93} INFO - Traceback (most recent call last):
[2025-08-02T02:46:41.309+0000] {subprocess.py:93} INFO -   File "extraccion/main.py", line 1, in <module>
[2025-08-02T02:46:41.309+0000] {subprocess.py:93} INFO -     import extraccion_urls as extract
[2025-08-02T02:46:41.310+0000] {subprocess.py:93} INFO -   File "/opt/***/tesis-scraping/extraccion/extraccion_urls.py", line 7, in <module>
[2025-08-02T02:46:41.312+0000] {subprocess.py:93} INFO -     from captcha import save_cookies
[2025-08-02T02:46:41.312+0000] {subprocess.py:93} INFO -   File "/opt/***/tesis-scraping/captcha/save_cookies.py", line 4, in <module>
[2025-08-02T02:46:41.313+0000] {subprocess.py:93} INFO -     import undetected_chromedriver as uc
[2025-08-02T02:46:41.313+0000] {subprocess.py:93} INFO - ModuleNotFoundError: No module named 'undetected_chromedriver'
[2025-08-02T02:46:41.482+0000] {subprocess.py:97} INFO - Command exited with return code 1
[2025-08-02T02:46:41.592+0000] {taskinstance.py:2728} ERROR - Task failed with exception
Traceback (most recent call last):
  File "/home/airflow/.local/lib/python3.8/site-packages/airflow/models/taskinstance.py", line 444, in _execute_task
    result = _execute_callable(context=context, **execute_callable_kwargs)
  File "/home/airflow/.local/lib/python3.8/site-packages/airflow/models/taskinstance.py", line 414, in _execute_callable
    return execute_callable(context=context, **execute_callable_kwargs)
  File "/home/airflow/.local/lib/python3.8/site-packages/airflow/operators/bash.py", line 212, in execute
    raise AirflowException(
airflow.exceptions.AirflowException: Bash command failed. The command returned a non-zero exit code 1.
[2025-08-02T02:46:41.603+0000] {taskinstance.py:1149} INFO - Marking task as FAILED. dag_id=scraping_main_run, task_id=run_scraping_script, execution_date=20250802T023739, start_date=20250802T024639, end_date=20250802T024641
[2025-08-02T02:46:41.660+0000] {standard_task_runner.py:107} ERROR - Failed to execute job 31 for task run_scraping_script (Bash command failed. The command returned a non-zero exit code 1.; 73)
[2025-08-02T02:46:41.680+0000] {local_task_job_runner.py:234} INFO - Task exited with return code 1
[2025-08-02T02:46:41.753+0000] {taskinstance.py:3309} INFO - 0 downstream tasks scheduled from follow-on schedule check
