[2025-08-02T02:56:53.947+0000] {taskinstance.py:1979} INFO - Dependencies all met for dep_context=non-requeueable deps ti=<TaskInstance: scraping_main_run.run_scraping_script manual__2025-08-02T02:47:37.886886+00:00 [queued]>
[2025-08-02T02:56:53.954+0000] {taskinstance.py:1979} INFO - Dependencies all met for dep_context=requeueable deps ti=<TaskInstance: scraping_main_run.run_scraping_script manual__2025-08-02T02:47:37.886886+00:00 [queued]>
[2025-08-02T02:56:53.954+0000] {taskinstance.py:2193} INFO - Starting attempt 2 of 2
[2025-08-02T02:56:53.964+0000] {taskinstance.py:2214} INFO - Executing <Task(BashOperator): run_scraping_script> on 2025-08-02 02:47:37.886886+00:00
[2025-08-02T02:56:53.976+0000] {standard_task_runner.py:60} INFO - Started process 72 to run task
[2025-08-02T02:56:53.980+0000] {standard_task_runner.py:87} INFO - Running: ['***', 'tasks', 'run', 'scraping_main_run', 'run_scraping_script', 'manual__2025-08-02T02:47:37.886886+00:00', '--job-id', '35', '--raw', '--subdir', 'DAGS_FOLDER/scraping_dags.py', '--cfg-path', '/tmp/tmp7jlqdi3o']
[2025-08-02T02:56:53.984+0000] {standard_task_runner.py:88} INFO - Job 35: Subtask run_scraping_script
[2025-08-02T02:56:54.093+0000] {task_command.py:423} INFO - Running <TaskInstance: scraping_main_run.run_scraping_script manual__2025-08-02T02:47:37.886886+00:00 [running]> on host bcec29ad0a46
[2025-08-02T02:56:54.270+0000] {taskinstance.py:2510} INFO - Exporting env vars: AIRFLOW_CTX_DAG_OWNER='***' AIRFLOW_CTX_DAG_ID='scraping_main_run' AIRFLOW_CTX_TASK_ID='run_scraping_script' AIRFLOW_CTX_EXECUTION_DATE='2025-08-02T02:47:37.886886+00:00' AIRFLOW_CTX_TRY_NUMBER='2' AIRFLOW_CTX_DAG_RUN_ID='manual__2025-08-02T02:47:37.886886+00:00'
[2025-08-02T02:56:54.273+0000] {subprocess.py:63} INFO - Tmp dir root location: /tmp
[2025-08-02T02:56:54.274+0000] {subprocess.py:75} INFO - Running command: ['/usr/bin/bash', '-c', 'cd /opt/***/tesis-scraping && source venv/bin/activate && python3 extraccion/main.py']
[2025-08-02T02:56:54.295+0000] {subprocess.py:86} INFO - Output:
[2025-08-02T02:56:54.920+0000] {subprocess.py:93} INFO - Traceback (most recent call last):
[2025-08-02T02:56:54.928+0000] {subprocess.py:93} INFO -   File "extraccion/main.py", line 1, in <module>
[2025-08-02T02:56:54.931+0000] {subprocess.py:93} INFO -     import extraccion_urls as extract
[2025-08-02T02:56:54.931+0000] {subprocess.py:93} INFO -   File "/opt/***/tesis-scraping/extraccion/extraccion_urls.py", line 7, in <module>
[2025-08-02T02:56:54.933+0000] {subprocess.py:93} INFO -     from captcha import save_cookies
[2025-08-02T02:56:54.933+0000] {subprocess.py:93} INFO -   File "/opt/***/tesis-scraping/captcha/save_cookies.py", line 4, in <module>
[2025-08-02T02:56:54.933+0000] {subprocess.py:93} INFO -     import undetected_chromedriver as uc
[2025-08-02T02:56:54.933+0000] {subprocess.py:93} INFO - ModuleNotFoundError: No module named 'undetected_chromedriver'
[2025-08-02T02:56:54.995+0000] {subprocess.py:97} INFO - Command exited with return code 1
[2025-08-02T02:56:55.038+0000] {taskinstance.py:2728} ERROR - Task failed with exception
Traceback (most recent call last):
  File "/home/airflow/.local/lib/python3.8/site-packages/airflow/models/taskinstance.py", line 444, in _execute_task
    result = _execute_callable(context=context, **execute_callable_kwargs)
  File "/home/airflow/.local/lib/python3.8/site-packages/airflow/models/taskinstance.py", line 414, in _execute_callable
    return execute_callable(context=context, **execute_callable_kwargs)
  File "/home/airflow/.local/lib/python3.8/site-packages/airflow/operators/bash.py", line 212, in execute
    raise AirflowException(
airflow.exceptions.AirflowException: Bash command failed. The command returned a non-zero exit code 1.
[2025-08-02T02:56:55.046+0000] {taskinstance.py:1149} INFO - Marking task as FAILED. dag_id=scraping_main_run, task_id=run_scraping_script, execution_date=20250802T024737, start_date=20250802T025653, end_date=20250802T025655
[2025-08-02T02:56:55.073+0000] {standard_task_runner.py:107} ERROR - Failed to execute job 35 for task run_scraping_script (Bash command failed. The command returned a non-zero exit code 1.; 72)
[2025-08-02T02:56:55.118+0000] {local_task_job_runner.py:234} INFO - Task exited with return code 1
[2025-08-02T02:56:55.165+0000] {taskinstance.py:3309} INFO - 0 downstream tasks scheduled from follow-on schedule check
