[2025-08-14T17:36:41.687+0000] {processor.py:161} INFO - Started process (PID=45) to work on /opt/airflow/dags/scraping_dags.py
[2025-08-14T17:36:41.689+0000] {processor.py:830} INFO - Processing file /opt/airflow/dags/scraping_dags.py for tasks to queue
[2025-08-14T17:36:41.694+0000] {logging_mixin.py:188} INFO - [2025-08-14T17:36:41.693+0000] {dagbag.py:540} INFO - Filling up the DagBag from /opt/airflow/dags/scraping_dags.py
[2025-08-14T17:36:41.761+0000] {processor.py:840} INFO - DAG(s) 'scraping_main_run' retrieved from /opt/airflow/dags/scraping_dags.py
[2025-08-14T17:36:42.253+0000] {logging_mixin.py:188} INFO - [2025-08-14T17:36:42.252+0000] {dag.py:3047} INFO - Sync 1 DAGs
[2025-08-14T17:36:42.327+0000] {logging_mixin.py:188} INFO - [2025-08-14T17:36:42.327+0000] {dag.py:3834} INFO - Setting next_dagrun for scraping_main_run to 2025-08-03 00:00:00+00:00, run_after=2025-08-10 00:00:00+00:00
[2025-08-14T17:36:42.372+0000] {processor.py:183} INFO - Processing /opt/airflow/dags/scraping_dags.py took 0.689 seconds
[2025-08-14T17:37:13.163+0000] {processor.py:161} INFO - Started process (PID=106) to work on /opt/airflow/dags/scraping_dags.py
[2025-08-14T17:37:13.164+0000] {processor.py:830} INFO - Processing file /opt/airflow/dags/scraping_dags.py for tasks to queue
[2025-08-14T17:37:13.166+0000] {logging_mixin.py:188} INFO - [2025-08-14T17:37:13.166+0000] {dagbag.py:540} INFO - Filling up the DagBag from /opt/airflow/dags/scraping_dags.py
[2025-08-14T17:37:13.172+0000] {processor.py:840} INFO - DAG(s) 'scraping_main_run' retrieved from /opt/airflow/dags/scraping_dags.py
[2025-08-14T17:37:13.190+0000] {logging_mixin.py:188} INFO - [2025-08-14T17:37:13.190+0000] {dag.py:3047} INFO - Sync 1 DAGs
[2025-08-14T17:37:13.210+0000] {logging_mixin.py:188} INFO - [2025-08-14T17:37:13.210+0000] {dag.py:3834} INFO - Setting next_dagrun for scraping_main_run to 2025-08-10 00:00:00+00:00, run_after=2025-08-17 00:00:00+00:00
[2025-08-14T17:37:13.229+0000] {processor.py:183} INFO - Processing /opt/airflow/dags/scraping_dags.py took 0.071 seconds
[2025-08-14T17:37:43.814+0000] {processor.py:161} INFO - Started process (PID=162) to work on /opt/airflow/dags/scraping_dags.py
[2025-08-14T17:37:43.820+0000] {processor.py:830} INFO - Processing file /opt/airflow/dags/scraping_dags.py for tasks to queue
[2025-08-14T17:37:43.830+0000] {logging_mixin.py:188} INFO - [2025-08-14T17:37:43.829+0000] {dagbag.py:540} INFO - Filling up the DagBag from /opt/airflow/dags/scraping_dags.py
[2025-08-14T17:37:43.876+0000] {processor.py:840} INFO - DAG(s) 'scraping_main_run' retrieved from /opt/airflow/dags/scraping_dags.py
[2025-08-14T17:37:43.962+0000] {logging_mixin.py:188} INFO - [2025-08-14T17:37:43.962+0000] {dag.py:3047} INFO - Sync 1 DAGs
[2025-08-14T17:37:44.009+0000] {logging_mixin.py:188} INFO - [2025-08-14T17:37:44.009+0000] {dag.py:3834} INFO - Setting next_dagrun for scraping_main_run to 2025-08-10 00:00:00+00:00, run_after=2025-08-17 00:00:00+00:00
[2025-08-14T17:37:44.034+0000] {processor.py:183} INFO - Processing /opt/airflow/dags/scraping_dags.py took 0.275 seconds
[2025-08-14T17:38:14.093+0000] {processor.py:161} INFO - Started process (PID=218) to work on /opt/airflow/dags/scraping_dags.py
[2025-08-14T17:38:14.094+0000] {processor.py:830} INFO - Processing file /opt/airflow/dags/scraping_dags.py for tasks to queue
[2025-08-14T17:38:14.095+0000] {logging_mixin.py:188} INFO - [2025-08-14T17:38:14.095+0000] {dagbag.py:540} INFO - Filling up the DagBag from /opt/airflow/dags/scraping_dags.py
[2025-08-14T17:38:14.102+0000] {processor.py:840} INFO - DAG(s) 'scraping_main_run' retrieved from /opt/airflow/dags/scraping_dags.py
[2025-08-14T17:38:14.130+0000] {logging_mixin.py:188} INFO - [2025-08-14T17:38:14.130+0000] {dag.py:3047} INFO - Sync 1 DAGs
[2025-08-14T17:38:14.174+0000] {logging_mixin.py:188} INFO - [2025-08-14T17:38:14.174+0000] {dag.py:3834} INFO - Setting next_dagrun for scraping_main_run to 2025-08-10 00:00:00+00:00, run_after=2025-08-17 00:00:00+00:00
[2025-08-14T17:38:14.194+0000] {processor.py:183} INFO - Processing /opt/airflow/dags/scraping_dags.py took 0.106 seconds
[2025-08-14T17:38:44.716+0000] {processor.py:161} INFO - Started process (PID=281) to work on /opt/airflow/dags/scraping_dags.py
[2025-08-14T17:38:44.717+0000] {processor.py:830} INFO - Processing file /opt/airflow/dags/scraping_dags.py for tasks to queue
[2025-08-14T17:38:44.720+0000] {logging_mixin.py:188} INFO - [2025-08-14T17:38:44.719+0000] {dagbag.py:540} INFO - Filling up the DagBag from /opt/airflow/dags/scraping_dags.py
[2025-08-14T17:38:44.735+0000] {processor.py:840} INFO - DAG(s) 'scraping_main_run' retrieved from /opt/airflow/dags/scraping_dags.py
[2025-08-14T17:38:44.763+0000] {logging_mixin.py:188} INFO - [2025-08-14T17:38:44.763+0000] {dag.py:3047} INFO - Sync 1 DAGs
[2025-08-14T17:38:44.813+0000] {logging_mixin.py:188} INFO - [2025-08-14T17:38:44.813+0000] {dag.py:3834} INFO - Setting next_dagrun for scraping_main_run to 2025-08-10 00:00:00+00:00, run_after=2025-08-17 00:00:00+00:00
[2025-08-14T17:38:44.833+0000] {processor.py:183} INFO - Processing /opt/airflow/dags/scraping_dags.py took 0.123 seconds
[2025-08-14T17:39:15.014+0000] {processor.py:161} INFO - Started process (PID=337) to work on /opt/airflow/dags/scraping_dags.py
[2025-08-14T17:39:15.017+0000] {processor.py:830} INFO - Processing file /opt/airflow/dags/scraping_dags.py for tasks to queue
[2025-08-14T17:39:15.025+0000] {logging_mixin.py:188} INFO - [2025-08-14T17:39:15.023+0000] {dagbag.py:540} INFO - Filling up the DagBag from /opt/airflow/dags/scraping_dags.py
[2025-08-14T17:39:15.049+0000] {processor.py:840} INFO - DAG(s) 'scraping_main_run' retrieved from /opt/airflow/dags/scraping_dags.py
[2025-08-14T17:39:15.080+0000] {logging_mixin.py:188} INFO - [2025-08-14T17:39:15.079+0000] {dag.py:3047} INFO - Sync 1 DAGs
[2025-08-14T17:39:15.116+0000] {logging_mixin.py:188} INFO - [2025-08-14T17:39:15.116+0000] {dag.py:3834} INFO - Setting next_dagrun for scraping_main_run to 2025-08-10 00:00:00+00:00, run_after=2025-08-17 00:00:00+00:00
[2025-08-14T17:39:15.143+0000] {processor.py:183} INFO - Processing /opt/airflow/dags/scraping_dags.py took 0.136 seconds
[2025-08-14T17:39:45.580+0000] {processor.py:161} INFO - Started process (PID=393) to work on /opt/airflow/dags/scraping_dags.py
[2025-08-14T17:39:45.582+0000] {processor.py:830} INFO - Processing file /opt/airflow/dags/scraping_dags.py for tasks to queue
[2025-08-14T17:39:45.585+0000] {logging_mixin.py:188} INFO - [2025-08-14T17:39:45.585+0000] {dagbag.py:540} INFO - Filling up the DagBag from /opt/airflow/dags/scraping_dags.py
[2025-08-14T17:39:45.599+0000] {processor.py:840} INFO - DAG(s) 'scraping_main_run' retrieved from /opt/airflow/dags/scraping_dags.py
[2025-08-14T17:39:45.623+0000] {logging_mixin.py:188} INFO - [2025-08-14T17:39:45.623+0000] {dag.py:3047} INFO - Sync 1 DAGs
[2025-08-14T17:39:45.643+0000] {logging_mixin.py:188} INFO - [2025-08-14T17:39:45.643+0000] {dag.py:3834} INFO - Setting next_dagrun for scraping_main_run to 2025-08-10 00:00:00+00:00, run_after=2025-08-17 00:00:00+00:00
[2025-08-14T17:39:45.656+0000] {processor.py:183} INFO - Processing /opt/airflow/dags/scraping_dags.py took 0.081 seconds
[2025-08-14T17:40:16.429+0000] {processor.py:161} INFO - Started process (PID=449) to work on /opt/airflow/dags/scraping_dags.py
[2025-08-14T17:40:16.430+0000] {processor.py:830} INFO - Processing file /opt/airflow/dags/scraping_dags.py for tasks to queue
[2025-08-14T17:40:16.431+0000] {logging_mixin.py:188} INFO - [2025-08-14T17:40:16.431+0000] {dagbag.py:540} INFO - Filling up the DagBag from /opt/airflow/dags/scraping_dags.py
[2025-08-14T17:40:16.437+0000] {processor.py:840} INFO - DAG(s) 'scraping_main_run' retrieved from /opt/airflow/dags/scraping_dags.py
[2025-08-14T17:40:16.459+0000] {logging_mixin.py:188} INFO - [2025-08-14T17:40:16.459+0000] {dag.py:3047} INFO - Sync 1 DAGs
[2025-08-14T17:40:16.479+0000] {logging_mixin.py:188} INFO - [2025-08-14T17:40:16.479+0000] {dag.py:3834} INFO - Setting next_dagrun for scraping_main_run to 2025-08-10 00:00:00+00:00, run_after=2025-08-17 00:00:00+00:00
[2025-08-14T17:40:16.496+0000] {processor.py:183} INFO - Processing /opt/airflow/dags/scraping_dags.py took 0.070 seconds
[2025-08-14T17:40:47.044+0000] {processor.py:161} INFO - Started process (PID=505) to work on /opt/airflow/dags/scraping_dags.py
[2025-08-14T17:40:47.047+0000] {processor.py:830} INFO - Processing file /opt/airflow/dags/scraping_dags.py for tasks to queue
[2025-08-14T17:40:47.048+0000] {logging_mixin.py:188} INFO - [2025-08-14T17:40:47.048+0000] {dagbag.py:540} INFO - Filling up the DagBag from /opt/airflow/dags/scraping_dags.py
[2025-08-14T17:40:47.062+0000] {processor.py:840} INFO - DAG(s) 'scraping_main_run' retrieved from /opt/airflow/dags/scraping_dags.py
[2025-08-14T17:40:47.084+0000] {logging_mixin.py:188} INFO - [2025-08-14T17:40:47.084+0000] {dag.py:3047} INFO - Sync 1 DAGs
[2025-08-14T17:40:47.105+0000] {logging_mixin.py:188} INFO - [2025-08-14T17:40:47.105+0000] {dag.py:3834} INFO - Setting next_dagrun for scraping_main_run to 2025-08-10 00:00:00+00:00, run_after=2025-08-17 00:00:00+00:00
[2025-08-14T17:40:47.115+0000] {processor.py:183} INFO - Processing /opt/airflow/dags/scraping_dags.py took 0.075 seconds
[2025-08-14T17:41:17.505+0000] {processor.py:161} INFO - Started process (PID=561) to work on /opt/airflow/dags/scraping_dags.py
[2025-08-14T17:41:17.506+0000] {processor.py:830} INFO - Processing file /opt/airflow/dags/scraping_dags.py for tasks to queue
[2025-08-14T17:41:17.508+0000] {logging_mixin.py:188} INFO - [2025-08-14T17:41:17.508+0000] {dagbag.py:540} INFO - Filling up the DagBag from /opt/airflow/dags/scraping_dags.py
[2025-08-14T17:41:17.521+0000] {processor.py:840} INFO - DAG(s) 'scraping_main_run' retrieved from /opt/airflow/dags/scraping_dags.py
[2025-08-14T17:41:17.543+0000] {logging_mixin.py:188} INFO - [2025-08-14T17:41:17.543+0000] {dag.py:3047} INFO - Sync 1 DAGs
[2025-08-14T17:41:17.567+0000] {logging_mixin.py:188} INFO - [2025-08-14T17:41:17.567+0000] {dag.py:3834} INFO - Setting next_dagrun for scraping_main_run to 2025-08-10 00:00:00+00:00, run_after=2025-08-17 00:00:00+00:00
[2025-08-14T17:41:17.580+0000] {processor.py:183} INFO - Processing /opt/airflow/dags/scraping_dags.py took 0.079 seconds
[2025-08-14T17:41:47.871+0000] {processor.py:161} INFO - Started process (PID=617) to work on /opt/airflow/dags/scraping_dags.py
[2025-08-14T17:41:47.872+0000] {processor.py:830} INFO - Processing file /opt/airflow/dags/scraping_dags.py for tasks to queue
[2025-08-14T17:41:47.874+0000] {logging_mixin.py:188} INFO - [2025-08-14T17:41:47.873+0000] {dagbag.py:540} INFO - Filling up the DagBag from /opt/airflow/dags/scraping_dags.py
[2025-08-14T17:41:47.879+0000] {processor.py:840} INFO - DAG(s) 'scraping_main_run' retrieved from /opt/airflow/dags/scraping_dags.py
[2025-08-14T17:41:47.901+0000] {logging_mixin.py:188} INFO - [2025-08-14T17:41:47.901+0000] {dag.py:3047} INFO - Sync 1 DAGs
[2025-08-14T17:41:47.920+0000] {logging_mixin.py:188} INFO - [2025-08-14T17:41:47.920+0000] {dag.py:3834} INFO - Setting next_dagrun for scraping_main_run to 2025-08-10 00:00:00+00:00, run_after=2025-08-17 00:00:00+00:00
[2025-08-14T17:41:47.938+0000] {processor.py:183} INFO - Processing /opt/airflow/dags/scraping_dags.py took 0.069 seconds
[2025-08-14T17:42:18.423+0000] {processor.py:161} INFO - Started process (PID=673) to work on /opt/airflow/dags/scraping_dags.py
[2025-08-14T17:42:18.424+0000] {processor.py:830} INFO - Processing file /opt/airflow/dags/scraping_dags.py for tasks to queue
[2025-08-14T17:42:18.426+0000] {logging_mixin.py:188} INFO - [2025-08-14T17:42:18.425+0000] {dagbag.py:540} INFO - Filling up the DagBag from /opt/airflow/dags/scraping_dags.py
[2025-08-14T17:42:18.432+0000] {processor.py:840} INFO - DAG(s) 'scraping_main_run' retrieved from /opt/airflow/dags/scraping_dags.py
[2025-08-14T17:42:18.453+0000] {logging_mixin.py:188} INFO - [2025-08-14T17:42:18.453+0000] {dag.py:3047} INFO - Sync 1 DAGs
[2025-08-14T17:42:18.472+0000] {logging_mixin.py:188} INFO - [2025-08-14T17:42:18.472+0000] {dag.py:3834} INFO - Setting next_dagrun for scraping_main_run to 2025-08-10 00:00:00+00:00, run_after=2025-08-17 00:00:00+00:00
[2025-08-14T17:42:18.485+0000] {processor.py:183} INFO - Processing /opt/airflow/dags/scraping_dags.py took 0.065 seconds
[2025-08-14T17:42:49.074+0000] {processor.py:161} INFO - Started process (PID=729) to work on /opt/airflow/dags/scraping_dags.py
[2025-08-14T17:42:49.082+0000] {processor.py:830} INFO - Processing file /opt/airflow/dags/scraping_dags.py for tasks to queue
[2025-08-14T17:42:49.091+0000] {logging_mixin.py:188} INFO - [2025-08-14T17:42:49.090+0000] {dagbag.py:540} INFO - Filling up the DagBag from /opt/airflow/dags/scraping_dags.py
[2025-08-14T17:42:49.104+0000] {processor.py:840} INFO - DAG(s) 'scraping_main_run' retrieved from /opt/airflow/dags/scraping_dags.py
[2025-08-14T17:42:49.141+0000] {logging_mixin.py:188} INFO - [2025-08-14T17:42:49.140+0000] {dag.py:3047} INFO - Sync 1 DAGs
[2025-08-14T17:42:49.197+0000] {logging_mixin.py:188} INFO - [2025-08-14T17:42:49.197+0000] {dag.py:3834} INFO - Setting next_dagrun for scraping_main_run to 2025-08-10 00:00:00+00:00, run_after=2025-08-17 00:00:00+00:00
[2025-08-14T17:42:49.217+0000] {processor.py:183} INFO - Processing /opt/airflow/dags/scraping_dags.py took 0.172 seconds
[2025-08-14T17:43:19.630+0000] {processor.py:161} INFO - Started process (PID=785) to work on /opt/airflow/dags/scraping_dags.py
[2025-08-14T17:43:19.633+0000] {processor.py:830} INFO - Processing file /opt/airflow/dags/scraping_dags.py for tasks to queue
[2025-08-14T17:43:19.635+0000] {logging_mixin.py:188} INFO - [2025-08-14T17:43:19.635+0000] {dagbag.py:540} INFO - Filling up the DagBag from /opt/airflow/dags/scraping_dags.py
[2025-08-14T17:43:19.655+0000] {processor.py:840} INFO - DAG(s) 'scraping_main_run' retrieved from /opt/airflow/dags/scraping_dags.py
[2025-08-14T17:43:19.672+0000] {logging_mixin.py:188} INFO - [2025-08-14T17:43:19.672+0000] {dag.py:3047} INFO - Sync 1 DAGs
[2025-08-14T17:43:19.712+0000] {logging_mixin.py:188} INFO - [2025-08-14T17:43:19.712+0000] {dag.py:3834} INFO - Setting next_dagrun for scraping_main_run to 2025-08-10 00:00:00+00:00, run_after=2025-08-17 00:00:00+00:00
[2025-08-14T17:43:19.726+0000] {processor.py:183} INFO - Processing /opt/airflow/dags/scraping_dags.py took 0.102 seconds
[2025-08-14T17:43:50.345+0000] {processor.py:161} INFO - Started process (PID=841) to work on /opt/airflow/dags/scraping_dags.py
[2025-08-14T17:43:50.347+0000] {processor.py:830} INFO - Processing file /opt/airflow/dags/scraping_dags.py for tasks to queue
[2025-08-14T17:43:50.349+0000] {logging_mixin.py:188} INFO - [2025-08-14T17:43:50.348+0000] {dagbag.py:540} INFO - Filling up the DagBag from /opt/airflow/dags/scraping_dags.py
[2025-08-14T17:43:50.360+0000] {processor.py:840} INFO - DAG(s) 'scraping_main_run' retrieved from /opt/airflow/dags/scraping_dags.py
[2025-08-14T17:43:50.392+0000] {logging_mixin.py:188} INFO - [2025-08-14T17:43:50.392+0000] {dag.py:3047} INFO - Sync 1 DAGs
[2025-08-14T17:43:50.421+0000] {logging_mixin.py:188} INFO - [2025-08-14T17:43:50.421+0000] {dag.py:3834} INFO - Setting next_dagrun for scraping_main_run to 2025-08-10 00:00:00+00:00, run_after=2025-08-17 00:00:00+00:00
[2025-08-14T17:43:50.439+0000] {processor.py:183} INFO - Processing /opt/airflow/dags/scraping_dags.py took 0.100 seconds
[2025-08-14T17:44:20.895+0000] {processor.py:161} INFO - Started process (PID=897) to work on /opt/airflow/dags/scraping_dags.py
[2025-08-14T17:44:20.896+0000] {processor.py:830} INFO - Processing file /opt/airflow/dags/scraping_dags.py for tasks to queue
[2025-08-14T17:44:20.900+0000] {logging_mixin.py:188} INFO - [2025-08-14T17:44:20.900+0000] {dagbag.py:540} INFO - Filling up the DagBag from /opt/airflow/dags/scraping_dags.py
[2025-08-14T17:44:20.911+0000] {processor.py:840} INFO - DAG(s) 'scraping_main_run' retrieved from /opt/airflow/dags/scraping_dags.py
[2025-08-14T17:44:20.939+0000] {logging_mixin.py:188} INFO - [2025-08-14T17:44:20.939+0000] {dag.py:3047} INFO - Sync 1 DAGs
[2025-08-14T17:44:20.972+0000] {logging_mixin.py:188} INFO - [2025-08-14T17:44:20.971+0000] {dag.py:3834} INFO - Setting next_dagrun for scraping_main_run to 2025-08-10 00:00:00+00:00, run_after=2025-08-17 00:00:00+00:00
[2025-08-14T17:44:20.995+0000] {processor.py:183} INFO - Processing /opt/airflow/dags/scraping_dags.py took 0.109 seconds
[2025-08-14T17:44:51.412+0000] {processor.py:161} INFO - Started process (PID=953) to work on /opt/airflow/dags/scraping_dags.py
[2025-08-14T17:44:51.413+0000] {processor.py:830} INFO - Processing file /opt/airflow/dags/scraping_dags.py for tasks to queue
[2025-08-14T17:44:51.416+0000] {logging_mixin.py:188} INFO - [2025-08-14T17:44:51.416+0000] {dagbag.py:540} INFO - Filling up the DagBag from /opt/airflow/dags/scraping_dags.py
[2025-08-14T17:44:51.430+0000] {processor.py:840} INFO - DAG(s) 'scraping_main_run' retrieved from /opt/airflow/dags/scraping_dags.py
[2025-08-14T17:44:51.470+0000] {logging_mixin.py:188} INFO - [2025-08-14T17:44:51.470+0000] {dag.py:3047} INFO - Sync 1 DAGs
[2025-08-14T17:44:51.499+0000] {logging_mixin.py:188} INFO - [2025-08-14T17:44:51.499+0000] {dag.py:3834} INFO - Setting next_dagrun for scraping_main_run to 2025-08-10 00:00:00+00:00, run_after=2025-08-17 00:00:00+00:00
[2025-08-14T17:44:51.517+0000] {processor.py:183} INFO - Processing /opt/airflow/dags/scraping_dags.py took 0.108 seconds
[2025-08-14T17:45:22.054+0000] {processor.py:161} INFO - Started process (PID=1009) to work on /opt/airflow/dags/scraping_dags.py
[2025-08-14T17:45:22.056+0000] {processor.py:830} INFO - Processing file /opt/airflow/dags/scraping_dags.py for tasks to queue
[2025-08-14T17:45:22.059+0000] {logging_mixin.py:188} INFO - [2025-08-14T17:45:22.058+0000] {dagbag.py:540} INFO - Filling up the DagBag from /opt/airflow/dags/scraping_dags.py
[2025-08-14T17:45:22.077+0000] {processor.py:840} INFO - DAG(s) 'scraping_main_run' retrieved from /opt/airflow/dags/scraping_dags.py
[2025-08-14T17:45:22.127+0000] {logging_mixin.py:188} INFO - [2025-08-14T17:45:22.127+0000] {dag.py:3047} INFO - Sync 1 DAGs
[2025-08-14T17:45:22.148+0000] {logging_mixin.py:188} INFO - [2025-08-14T17:45:22.148+0000] {dag.py:3834} INFO - Setting next_dagrun for scraping_main_run to 2025-08-10 00:00:00+00:00, run_after=2025-08-17 00:00:00+00:00
[2025-08-14T17:45:22.168+0000] {processor.py:183} INFO - Processing /opt/airflow/dags/scraping_dags.py took 0.119 seconds
[2025-08-14T17:45:52.488+0000] {processor.py:161} INFO - Started process (PID=1065) to work on /opt/airflow/dags/scraping_dags.py
[2025-08-14T17:45:52.489+0000] {processor.py:830} INFO - Processing file /opt/airflow/dags/scraping_dags.py for tasks to queue
[2025-08-14T17:45:52.491+0000] {logging_mixin.py:188} INFO - [2025-08-14T17:45:52.491+0000] {dagbag.py:540} INFO - Filling up the DagBag from /opt/airflow/dags/scraping_dags.py
[2025-08-14T17:45:52.531+0000] {processor.py:840} INFO - DAG(s) 'scraping_main_run' retrieved from /opt/airflow/dags/scraping_dags.py
[2025-08-14T17:45:52.559+0000] {logging_mixin.py:188} INFO - [2025-08-14T17:45:52.559+0000] {dag.py:3047} INFO - Sync 1 DAGs
[2025-08-14T17:45:52.579+0000] {logging_mixin.py:188} INFO - [2025-08-14T17:45:52.579+0000] {dag.py:3834} INFO - Setting next_dagrun for scraping_main_run to 2025-08-10 00:00:00+00:00, run_after=2025-08-17 00:00:00+00:00
[2025-08-14T17:45:52.595+0000] {processor.py:183} INFO - Processing /opt/airflow/dags/scraping_dags.py took 0.112 seconds
[2025-08-14T17:46:23.093+0000] {processor.py:161} INFO - Started process (PID=1121) to work on /opt/airflow/dags/scraping_dags.py
[2025-08-14T17:46:23.097+0000] {processor.py:830} INFO - Processing file /opt/airflow/dags/scraping_dags.py for tasks to queue
[2025-08-14T17:46:23.099+0000] {logging_mixin.py:188} INFO - [2025-08-14T17:46:23.099+0000] {dagbag.py:540} INFO - Filling up the DagBag from /opt/airflow/dags/scraping_dags.py
[2025-08-14T17:46:23.115+0000] {processor.py:840} INFO - DAG(s) 'scraping_main_run' retrieved from /opt/airflow/dags/scraping_dags.py
[2025-08-14T17:46:23.152+0000] {logging_mixin.py:188} INFO - [2025-08-14T17:46:23.152+0000] {dag.py:3047} INFO - Sync 1 DAGs
[2025-08-14T17:46:23.167+0000] {logging_mixin.py:188} INFO - [2025-08-14T17:46:23.167+0000] {dag.py:3834} INFO - Setting next_dagrun for scraping_main_run to 2025-08-10 00:00:00+00:00, run_after=2025-08-17 00:00:00+00:00
[2025-08-14T17:46:23.179+0000] {processor.py:183} INFO - Processing /opt/airflow/dags/scraping_dags.py took 0.090 seconds
[2025-08-14T17:46:53.708+0000] {processor.py:161} INFO - Started process (PID=1177) to work on /opt/airflow/dags/scraping_dags.py
[2025-08-14T17:46:53.710+0000] {processor.py:830} INFO - Processing file /opt/airflow/dags/scraping_dags.py for tasks to queue
[2025-08-14T17:46:53.711+0000] {logging_mixin.py:188} INFO - [2025-08-14T17:46:53.711+0000] {dagbag.py:540} INFO - Filling up the DagBag from /opt/airflow/dags/scraping_dags.py
[2025-08-14T17:46:53.731+0000] {processor.py:840} INFO - DAG(s) 'scraping_main_run' retrieved from /opt/airflow/dags/scraping_dags.py
[2025-08-14T17:46:53.761+0000] {logging_mixin.py:188} INFO - [2025-08-14T17:46:53.761+0000] {dag.py:3047} INFO - Sync 1 DAGs
[2025-08-14T17:46:53.780+0000] {logging_mixin.py:188} INFO - [2025-08-14T17:46:53.780+0000] {dag.py:3834} INFO - Setting next_dagrun for scraping_main_run to 2025-08-10 00:00:00+00:00, run_after=2025-08-17 00:00:00+00:00
[2025-08-14T17:46:53.796+0000] {processor.py:183} INFO - Processing /opt/airflow/dags/scraping_dags.py took 0.093 seconds
[2025-08-14T17:47:23.884+0000] {processor.py:161} INFO - Started process (PID=1233) to work on /opt/airflow/dags/scraping_dags.py
[2025-08-14T17:47:23.885+0000] {processor.py:830} INFO - Processing file /opt/airflow/dags/scraping_dags.py for tasks to queue
[2025-08-14T17:47:23.887+0000] {logging_mixin.py:188} INFO - [2025-08-14T17:47:23.886+0000] {dagbag.py:540} INFO - Filling up the DagBag from /opt/airflow/dags/scraping_dags.py
[2025-08-14T17:47:23.896+0000] {processor.py:840} INFO - DAG(s) 'scraping_main_run' retrieved from /opt/airflow/dags/scraping_dags.py
[2025-08-14T17:47:23.921+0000] {logging_mixin.py:188} INFO - [2025-08-14T17:47:23.921+0000] {dag.py:3047} INFO - Sync 1 DAGs
[2025-08-14T17:47:23.952+0000] {logging_mixin.py:188} INFO - [2025-08-14T17:47:23.951+0000] {dag.py:3834} INFO - Setting next_dagrun for scraping_main_run to 2025-08-10 00:00:00+00:00, run_after=2025-08-17 00:00:00+00:00
[2025-08-14T17:47:23.976+0000] {processor.py:183} INFO - Processing /opt/airflow/dags/scraping_dags.py took 0.096 seconds
[2025-08-14T17:47:54.210+0000] {processor.py:161} INFO - Started process (PID=1289) to work on /opt/airflow/dags/scraping_dags.py
[2025-08-14T17:47:54.212+0000] {processor.py:830} INFO - Processing file /opt/airflow/dags/scraping_dags.py for tasks to queue
[2025-08-14T17:47:54.214+0000] {logging_mixin.py:188} INFO - [2025-08-14T17:47:54.213+0000] {dagbag.py:540} INFO - Filling up the DagBag from /opt/airflow/dags/scraping_dags.py
[2025-08-14T17:47:54.222+0000] {processor.py:840} INFO - DAG(s) 'scraping_main_run' retrieved from /opt/airflow/dags/scraping_dags.py
[2025-08-14T17:47:54.251+0000] {logging_mixin.py:188} INFO - [2025-08-14T17:47:54.251+0000] {dag.py:3047} INFO - Sync 1 DAGs
[2025-08-14T17:47:54.283+0000] {logging_mixin.py:188} INFO - [2025-08-14T17:47:54.282+0000] {dag.py:3834} INFO - Setting next_dagrun for scraping_main_run to 2025-08-10 00:00:00+00:00, run_after=2025-08-17 00:00:00+00:00
[2025-08-14T17:47:54.310+0000] {processor.py:183} INFO - Processing /opt/airflow/dags/scraping_dags.py took 0.104 seconds
[2025-08-14T17:48:24.510+0000] {processor.py:161} INFO - Started process (PID=1345) to work on /opt/airflow/dags/scraping_dags.py
[2025-08-14T17:48:24.512+0000] {processor.py:830} INFO - Processing file /opt/airflow/dags/scraping_dags.py for tasks to queue
[2025-08-14T17:48:24.515+0000] {logging_mixin.py:188} INFO - [2025-08-14T17:48:24.515+0000] {dagbag.py:540} INFO - Filling up the DagBag from /opt/airflow/dags/scraping_dags.py
[2025-08-14T17:48:24.530+0000] {processor.py:840} INFO - DAG(s) 'scraping_main_run' retrieved from /opt/airflow/dags/scraping_dags.py
[2025-08-14T17:48:24.548+0000] {logging_mixin.py:188} INFO - [2025-08-14T17:48:24.548+0000] {dag.py:3047} INFO - Sync 1 DAGs
[2025-08-14T17:48:24.563+0000] {logging_mixin.py:188} INFO - [2025-08-14T17:48:24.563+0000] {dag.py:3834} INFO - Setting next_dagrun for scraping_main_run to 2025-08-10 00:00:00+00:00, run_after=2025-08-17 00:00:00+00:00
[2025-08-14T17:48:24.578+0000] {processor.py:183} INFO - Processing /opt/airflow/dags/scraping_dags.py took 0.075 seconds
[2025-08-14T17:48:54.946+0000] {processor.py:161} INFO - Started process (PID=1401) to work on /opt/airflow/dags/scraping_dags.py
[2025-08-14T17:48:54.954+0000] {processor.py:830} INFO - Processing file /opt/airflow/dags/scraping_dags.py for tasks to queue
[2025-08-14T17:48:55.017+0000] {logging_mixin.py:188} INFO - [2025-08-14T17:48:55.006+0000] {dagbag.py:540} INFO - Filling up the DagBag from /opt/airflow/dags/scraping_dags.py
[2025-08-14T17:48:55.141+0000] {processor.py:840} INFO - DAG(s) 'scraping_main_run' retrieved from /opt/airflow/dags/scraping_dags.py
[2025-08-14T17:48:55.378+0000] {logging_mixin.py:188} INFO - [2025-08-14T17:48:55.376+0000] {dag.py:3047} INFO - Sync 1 DAGs
[2025-08-14T17:48:55.417+0000] {logging_mixin.py:188} INFO - [2025-08-14T17:48:55.417+0000] {dag.py:3834} INFO - Setting next_dagrun for scraping_main_run to 2025-08-10 00:00:00+00:00, run_after=2025-08-17 00:00:00+00:00
[2025-08-14T17:48:55.446+0000] {processor.py:183} INFO - Processing /opt/airflow/dags/scraping_dags.py took 0.538 seconds
[2025-08-14T17:49:26.037+0000] {processor.py:161} INFO - Started process (PID=1457) to work on /opt/airflow/dags/scraping_dags.py
[2025-08-14T17:49:26.039+0000] {processor.py:830} INFO - Processing file /opt/airflow/dags/scraping_dags.py for tasks to queue
[2025-08-14T17:49:26.044+0000] {logging_mixin.py:188} INFO - [2025-08-14T17:49:26.044+0000] {dagbag.py:540} INFO - Filling up the DagBag from /opt/airflow/dags/scraping_dags.py
[2025-08-14T17:49:26.088+0000] {processor.py:840} INFO - DAG(s) 'scraping_main_run' retrieved from /opt/airflow/dags/scraping_dags.py
[2025-08-14T17:49:26.128+0000] {logging_mixin.py:188} INFO - [2025-08-14T17:49:26.128+0000] {dag.py:3047} INFO - Sync 1 DAGs
[2025-08-14T17:49:26.185+0000] {logging_mixin.py:188} INFO - [2025-08-14T17:49:26.185+0000] {dag.py:3834} INFO - Setting next_dagrun for scraping_main_run to 2025-08-10 00:00:00+00:00, run_after=2025-08-17 00:00:00+00:00
[2025-08-14T17:49:26.214+0000] {processor.py:183} INFO - Processing /opt/airflow/dags/scraping_dags.py took 0.183 seconds
[2025-08-14T17:49:52.956+0000] {processor.py:161} INFO - Started process (PID=1512) to work on /opt/airflow/dags/scraping_dags.py
[2025-08-14T17:49:52.964+0000] {processor.py:830} INFO - Processing file /opt/airflow/dags/scraping_dags.py for tasks to queue
[2025-08-14T17:49:52.980+0000] {logging_mixin.py:188} INFO - [2025-08-14T17:49:52.978+0000] {dagbag.py:540} INFO - Filling up the DagBag from /opt/airflow/dags/scraping_dags.py
[2025-08-14T17:49:52.999+0000] {processor.py:840} INFO - DAG(s) 'scraping_main_run' retrieved from /opt/airflow/dags/scraping_dags.py
[2025-08-14T17:49:53.094+0000] {logging_mixin.py:188} INFO - [2025-08-14T17:49:53.093+0000] {dag.py:3047} INFO - Sync 1 DAGs
[2025-08-14T17:49:53.105+0000] {logging_mixin.py:188} INFO - [2025-08-14T17:49:53.105+0000] {dag.py:3834} INFO - Setting next_dagrun for scraping_main_run to 2025-08-10 00:00:00+00:00, run_after=2025-08-17 00:00:00+00:00
[2025-08-14T17:49:53.116+0000] {processor.py:183} INFO - Processing /opt/airflow/dags/scraping_dags.py took 0.169 seconds
[2025-08-14T17:50:23.399+0000] {processor.py:161} INFO - Started process (PID=1568) to work on /opt/airflow/dags/scraping_dags.py
[2025-08-14T17:50:23.402+0000] {processor.py:830} INFO - Processing file /opt/airflow/dags/scraping_dags.py for tasks to queue
[2025-08-14T17:50:23.408+0000] {logging_mixin.py:188} INFO - [2025-08-14T17:50:23.407+0000] {dagbag.py:540} INFO - Filling up the DagBag from /opt/airflow/dags/scraping_dags.py
[2025-08-14T17:50:23.446+0000] {processor.py:840} INFO - DAG(s) 'scraping_main_run' retrieved from /opt/airflow/dags/scraping_dags.py
[2025-08-14T17:50:23.477+0000] {logging_mixin.py:188} INFO - [2025-08-14T17:50:23.476+0000] {dag.py:3047} INFO - Sync 1 DAGs
[2025-08-14T17:50:23.494+0000] {logging_mixin.py:188} INFO - [2025-08-14T17:50:23.494+0000] {dag.py:3834} INFO - Setting next_dagrun for scraping_main_run to 2025-08-10 00:00:00+00:00, run_after=2025-08-17 00:00:00+00:00
[2025-08-14T17:50:23.505+0000] {processor.py:183} INFO - Processing /opt/airflow/dags/scraping_dags.py took 0.124 seconds
[2025-08-14T17:50:53.913+0000] {processor.py:161} INFO - Started process (PID=1624) to work on /opt/airflow/dags/scraping_dags.py
[2025-08-14T17:50:53.916+0000] {processor.py:830} INFO - Processing file /opt/airflow/dags/scraping_dags.py for tasks to queue
[2025-08-14T17:50:53.920+0000] {logging_mixin.py:188} INFO - [2025-08-14T17:50:53.919+0000] {dagbag.py:540} INFO - Filling up the DagBag from /opt/airflow/dags/scraping_dags.py
[2025-08-14T17:50:53.947+0000] {processor.py:840} INFO - DAG(s) 'scraping_main_run' retrieved from /opt/airflow/dags/scraping_dags.py
[2025-08-14T17:50:53.989+0000] {logging_mixin.py:188} INFO - [2025-08-14T17:50:53.989+0000] {dag.py:3047} INFO - Sync 1 DAGs
[2025-08-14T17:50:54.025+0000] {logging_mixin.py:188} INFO - [2025-08-14T17:50:54.024+0000] {dag.py:3834} INFO - Setting next_dagrun for scraping_main_run to 2025-08-10 00:00:00+00:00, run_after=2025-08-17 00:00:00+00:00
[2025-08-14T17:50:54.048+0000] {processor.py:183} INFO - Processing /opt/airflow/dags/scraping_dags.py took 0.169 seconds
[2025-08-14T17:51:24.269+0000] {processor.py:161} INFO - Started process (PID=1680) to work on /opt/airflow/dags/scraping_dags.py
[2025-08-14T17:51:24.272+0000] {processor.py:830} INFO - Processing file /opt/airflow/dags/scraping_dags.py for tasks to queue
[2025-08-14T17:51:24.276+0000] {logging_mixin.py:188} INFO - [2025-08-14T17:51:24.275+0000] {dagbag.py:540} INFO - Filling up the DagBag from /opt/airflow/dags/scraping_dags.py
[2025-08-14T17:51:24.294+0000] {processor.py:840} INFO - DAG(s) 'scraping_main_run' retrieved from /opt/airflow/dags/scraping_dags.py
[2025-08-14T17:51:24.339+0000] {logging_mixin.py:188} INFO - [2025-08-14T17:51:24.339+0000] {dag.py:3047} INFO - Sync 1 DAGs
[2025-08-14T17:51:24.361+0000] {logging_mixin.py:188} INFO - [2025-08-14T17:51:24.360+0000] {dag.py:3834} INFO - Setting next_dagrun for scraping_main_run to 2025-08-10 00:00:00+00:00, run_after=2025-08-17 00:00:00+00:00
[2025-08-14T17:51:24.373+0000] {processor.py:183} INFO - Processing /opt/airflow/dags/scraping_dags.py took 0.127 seconds
[2025-08-14T17:51:54.860+0000] {processor.py:161} INFO - Started process (PID=1736) to work on /opt/airflow/dags/scraping_dags.py
[2025-08-14T17:51:54.862+0000] {processor.py:830} INFO - Processing file /opt/airflow/dags/scraping_dags.py for tasks to queue
[2025-08-14T17:51:54.866+0000] {logging_mixin.py:188} INFO - [2025-08-14T17:51:54.865+0000] {dagbag.py:540} INFO - Filling up the DagBag from /opt/airflow/dags/scraping_dags.py
[2025-08-14T17:51:54.879+0000] {processor.py:840} INFO - DAG(s) 'scraping_main_run' retrieved from /opt/airflow/dags/scraping_dags.py
[2025-08-14T17:51:54.912+0000] {logging_mixin.py:188} INFO - [2025-08-14T17:51:54.912+0000] {dag.py:3047} INFO - Sync 1 DAGs
[2025-08-14T17:51:54.930+0000] {logging_mixin.py:188} INFO - [2025-08-14T17:51:54.930+0000] {dag.py:3834} INFO - Setting next_dagrun for scraping_main_run to 2025-08-10 00:00:00+00:00, run_after=2025-08-17 00:00:00+00:00
[2025-08-14T17:51:54.942+0000] {processor.py:183} INFO - Processing /opt/airflow/dags/scraping_dags.py took 0.088 seconds
[2025-08-14T17:52:25.491+0000] {processor.py:161} INFO - Started process (PID=1792) to work on /opt/airflow/dags/scraping_dags.py
[2025-08-14T17:52:25.494+0000] {processor.py:830} INFO - Processing file /opt/airflow/dags/scraping_dags.py for tasks to queue
[2025-08-14T17:52:25.498+0000] {logging_mixin.py:188} INFO - [2025-08-14T17:52:25.497+0000] {dagbag.py:540} INFO - Filling up the DagBag from /opt/airflow/dags/scraping_dags.py
[2025-08-14T17:52:25.515+0000] {processor.py:840} INFO - DAG(s) 'scraping_main_run' retrieved from /opt/airflow/dags/scraping_dags.py
[2025-08-14T17:52:25.553+0000] {logging_mixin.py:188} INFO - [2025-08-14T17:52:25.553+0000] {dag.py:3047} INFO - Sync 1 DAGs
[2025-08-14T17:52:25.572+0000] {logging_mixin.py:188} INFO - [2025-08-14T17:52:25.572+0000] {dag.py:3834} INFO - Setting next_dagrun for scraping_main_run to 2025-08-10 00:00:00+00:00, run_after=2025-08-17 00:00:00+00:00
[2025-08-14T17:52:25.582+0000] {processor.py:183} INFO - Processing /opt/airflow/dags/scraping_dags.py took 0.102 seconds
[2025-08-14T17:52:55.660+0000] {processor.py:161} INFO - Started process (PID=1848) to work on /opt/airflow/dags/scraping_dags.py
[2025-08-14T17:52:55.664+0000] {processor.py:830} INFO - Processing file /opt/airflow/dags/scraping_dags.py for tasks to queue
[2025-08-14T17:52:55.669+0000] {logging_mixin.py:188} INFO - [2025-08-14T17:52:55.668+0000] {dagbag.py:540} INFO - Filling up the DagBag from /opt/airflow/dags/scraping_dags.py
[2025-08-14T17:52:55.707+0000] {processor.py:840} INFO - DAG(s) 'scraping_main_run' retrieved from /opt/airflow/dags/scraping_dags.py
[2025-08-14T17:52:55.733+0000] {logging_mixin.py:188} INFO - [2025-08-14T17:52:55.733+0000] {dag.py:3047} INFO - Sync 1 DAGs
[2025-08-14T17:52:55.757+0000] {logging_mixin.py:188} INFO - [2025-08-14T17:52:55.756+0000] {dag.py:3834} INFO - Setting next_dagrun for scraping_main_run to 2025-08-10 00:00:00+00:00, run_after=2025-08-17 00:00:00+00:00
[2025-08-14T17:52:55.769+0000] {processor.py:183} INFO - Processing /opt/airflow/dags/scraping_dags.py took 0.118 seconds
[2025-08-14T17:53:26.118+0000] {processor.py:161} INFO - Started process (PID=1904) to work on /opt/airflow/dags/scraping_dags.py
[2025-08-14T17:53:26.120+0000] {processor.py:830} INFO - Processing file /opt/airflow/dags/scraping_dags.py for tasks to queue
[2025-08-14T17:53:26.123+0000] {logging_mixin.py:188} INFO - [2025-08-14T17:53:26.122+0000] {dagbag.py:540} INFO - Filling up the DagBag from /opt/airflow/dags/scraping_dags.py
[2025-08-14T17:53:26.134+0000] {processor.py:840} INFO - DAG(s) 'scraping_main_run' retrieved from /opt/airflow/dags/scraping_dags.py
[2025-08-14T17:53:26.157+0000] {logging_mixin.py:188} INFO - [2025-08-14T17:53:26.157+0000] {dag.py:3047} INFO - Sync 1 DAGs
[2025-08-14T17:53:26.181+0000] {logging_mixin.py:188} INFO - [2025-08-14T17:53:26.180+0000] {dag.py:3834} INFO - Setting next_dagrun for scraping_main_run to 2025-08-10 00:00:00+00:00, run_after=2025-08-17 00:00:00+00:00
[2025-08-14T17:53:26.203+0000] {processor.py:183} INFO - Processing /opt/airflow/dags/scraping_dags.py took 0.091 seconds
[2025-08-14T17:53:56.371+0000] {processor.py:161} INFO - Started process (PID=1959) to work on /opt/airflow/dags/scraping_dags.py
[2025-08-14T17:53:56.373+0000] {processor.py:830} INFO - Processing file /opt/airflow/dags/scraping_dags.py for tasks to queue
[2025-08-14T17:53:56.376+0000] {logging_mixin.py:188} INFO - [2025-08-14T17:53:56.375+0000] {dagbag.py:540} INFO - Filling up the DagBag from /opt/airflow/dags/scraping_dags.py
[2025-08-14T17:53:56.391+0000] {processor.py:840} INFO - DAG(s) 'scraping_main_run' retrieved from /opt/airflow/dags/scraping_dags.py
[2025-08-14T17:53:56.415+0000] {logging_mixin.py:188} INFO - [2025-08-14T17:53:56.414+0000] {dag.py:3047} INFO - Sync 1 DAGs
[2025-08-14T17:53:56.443+0000] {logging_mixin.py:188} INFO - [2025-08-14T17:53:56.443+0000] {dag.py:3834} INFO - Setting next_dagrun for scraping_main_run to 2025-08-10 00:00:00+00:00, run_after=2025-08-17 00:00:00+00:00
[2025-08-14T17:53:56.455+0000] {processor.py:183} INFO - Processing /opt/airflow/dags/scraping_dags.py took 0.094 seconds
[2025-08-14T17:54:05.528+0000] {processor.py:161} INFO - Started process (PID=1979) to work on /opt/airflow/dags/scraping_dags.py
[2025-08-14T17:54:05.530+0000] {processor.py:830} INFO - Processing file /opt/airflow/dags/scraping_dags.py for tasks to queue
[2025-08-14T17:54:05.532+0000] {logging_mixin.py:188} INFO - [2025-08-14T17:54:05.532+0000] {dagbag.py:540} INFO - Filling up the DagBag from /opt/airflow/dags/scraping_dags.py
[2025-08-14T17:54:05.545+0000] {processor.py:840} INFO - DAG(s) 'scraping_main_run' retrieved from /opt/airflow/dags/scraping_dags.py
[2025-08-14T17:54:05.626+0000] {logging_mixin.py:188} INFO - [2025-08-14T17:54:05.626+0000] {dag.py:3047} INFO - Sync 1 DAGs
[2025-08-14T17:54:05.652+0000] {logging_mixin.py:188} INFO - [2025-08-14T17:54:05.652+0000] {dag.py:3834} INFO - Setting next_dagrun for scraping_main_run to 2025-08-10 00:00:00+00:00, run_after=2025-08-17 00:00:00+00:00
[2025-08-14T17:54:05.671+0000] {processor.py:183} INFO - Processing /opt/airflow/dags/scraping_dags.py took 0.149 seconds
[2025-08-14T17:54:35.942+0000] {processor.py:161} INFO - Started process (PID=2035) to work on /opt/airflow/dags/scraping_dags.py
[2025-08-14T17:54:35.945+0000] {processor.py:830} INFO - Processing file /opt/airflow/dags/scraping_dags.py for tasks to queue
[2025-08-14T17:54:35.950+0000] {logging_mixin.py:188} INFO - [2025-08-14T17:54:35.949+0000] {dagbag.py:540} INFO - Filling up the DagBag from /opt/airflow/dags/scraping_dags.py
[2025-08-14T17:54:35.980+0000] {processor.py:840} INFO - DAG(s) 'scraping_main_run' retrieved from /opt/airflow/dags/scraping_dags.py
[2025-08-14T17:54:36.008+0000] {logging_mixin.py:188} INFO - [2025-08-14T17:54:36.008+0000] {dag.py:3047} INFO - Sync 1 DAGs
[2025-08-14T17:54:36.025+0000] {logging_mixin.py:188} INFO - [2025-08-14T17:54:36.024+0000] {dag.py:3834} INFO - Setting next_dagrun for scraping_main_run to 2025-08-10 00:00:00+00:00, run_after=2025-08-17 00:00:00+00:00
[2025-08-14T17:54:36.038+0000] {processor.py:183} INFO - Processing /opt/airflow/dags/scraping_dags.py took 0.102 seconds
[2025-08-14T17:55:06.536+0000] {processor.py:161} INFO - Started process (PID=2091) to work on /opt/airflow/dags/scraping_dags.py
[2025-08-14T17:55:06.539+0000] {processor.py:830} INFO - Processing file /opt/airflow/dags/scraping_dags.py for tasks to queue
[2025-08-14T17:55:06.542+0000] {logging_mixin.py:188} INFO - [2025-08-14T17:55:06.541+0000] {dagbag.py:540} INFO - Filling up the DagBag from /opt/airflow/dags/scraping_dags.py
[2025-08-14T17:55:06.563+0000] {processor.py:840} INFO - DAG(s) 'scraping_main_run' retrieved from /opt/airflow/dags/scraping_dags.py
[2025-08-14T17:55:06.588+0000] {logging_mixin.py:188} INFO - [2025-08-14T17:55:06.588+0000] {dag.py:3047} INFO - Sync 1 DAGs
[2025-08-14T17:55:06.608+0000] {logging_mixin.py:188} INFO - [2025-08-14T17:55:06.608+0000] {dag.py:3834} INFO - Setting next_dagrun for scraping_main_run to 2025-08-10 00:00:00+00:00, run_after=2025-08-17 00:00:00+00:00
[2025-08-14T17:55:06.621+0000] {processor.py:183} INFO - Processing /opt/airflow/dags/scraping_dags.py took 0.093 seconds
[2025-08-14T17:55:37.223+0000] {processor.py:161} INFO - Started process (PID=2147) to work on /opt/airflow/dags/scraping_dags.py
[2025-08-14T17:55:37.224+0000] {processor.py:830} INFO - Processing file /opt/airflow/dags/scraping_dags.py for tasks to queue
[2025-08-14T17:55:37.227+0000] {logging_mixin.py:188} INFO - [2025-08-14T17:55:37.226+0000] {dagbag.py:540} INFO - Filling up the DagBag from /opt/airflow/dags/scraping_dags.py
[2025-08-14T17:55:37.241+0000] {processor.py:840} INFO - DAG(s) 'scraping_main_run' retrieved from /opt/airflow/dags/scraping_dags.py
[2025-08-14T17:55:37.258+0000] {logging_mixin.py:188} INFO - [2025-08-14T17:55:37.258+0000] {dag.py:3047} INFO - Sync 1 DAGs
[2025-08-14T17:55:37.269+0000] {logging_mixin.py:188} INFO - [2025-08-14T17:55:37.269+0000] {dag.py:3834} INFO - Setting next_dagrun for scraping_main_run to 2025-08-10 00:00:00+00:00, run_after=2025-08-17 00:00:00+00:00
[2025-08-14T17:55:37.282+0000] {processor.py:183} INFO - Processing /opt/airflow/dags/scraping_dags.py took 0.062 seconds
[2025-08-14T17:56:07.664+0000] {processor.py:161} INFO - Started process (PID=2203) to work on /opt/airflow/dags/scraping_dags.py
[2025-08-14T17:56:07.666+0000] {processor.py:830} INFO - Processing file /opt/airflow/dags/scraping_dags.py for tasks to queue
[2025-08-14T17:56:07.669+0000] {logging_mixin.py:188} INFO - [2025-08-14T17:56:07.669+0000] {dagbag.py:540} INFO - Filling up the DagBag from /opt/airflow/dags/scraping_dags.py
[2025-08-14T17:56:07.682+0000] {processor.py:840} INFO - DAG(s) 'scraping_main_run' retrieved from /opt/airflow/dags/scraping_dags.py
[2025-08-14T17:56:07.697+0000] {logging_mixin.py:188} INFO - [2025-08-14T17:56:07.697+0000] {dag.py:3047} INFO - Sync 1 DAGs
[2025-08-14T17:56:07.716+0000] {logging_mixin.py:188} INFO - [2025-08-14T17:56:07.716+0000] {dag.py:3834} INFO - Setting next_dagrun for scraping_main_run to 2025-08-10 00:00:00+00:00, run_after=2025-08-17 00:00:00+00:00
[2025-08-14T17:56:07.729+0000] {processor.py:183} INFO - Processing /opt/airflow/dags/scraping_dags.py took 0.069 seconds
[2025-08-14T17:56:38.110+0000] {processor.py:161} INFO - Started process (PID=2259) to work on /opt/airflow/dags/scraping_dags.py
[2025-08-14T17:56:38.112+0000] {processor.py:830} INFO - Processing file /opt/airflow/dags/scraping_dags.py for tasks to queue
[2025-08-14T17:56:38.113+0000] {logging_mixin.py:188} INFO - [2025-08-14T17:56:38.113+0000] {dagbag.py:540} INFO - Filling up the DagBag from /opt/airflow/dags/scraping_dags.py
[2025-08-14T17:56:38.124+0000] {processor.py:840} INFO - DAG(s) 'scraping_main_run' retrieved from /opt/airflow/dags/scraping_dags.py
[2025-08-14T17:56:38.142+0000] {logging_mixin.py:188} INFO - [2025-08-14T17:56:38.142+0000] {dag.py:3047} INFO - Sync 1 DAGs
[2025-08-14T17:56:38.161+0000] {logging_mixin.py:188} INFO - [2025-08-14T17:56:38.161+0000] {dag.py:3834} INFO - Setting next_dagrun for scraping_main_run to 2025-08-10 00:00:00+00:00, run_after=2025-08-17 00:00:00+00:00
[2025-08-14T17:56:38.173+0000] {processor.py:183} INFO - Processing /opt/airflow/dags/scraping_dags.py took 0.067 seconds
[2025-08-14T17:57:08.490+0000] {processor.py:161} INFO - Started process (PID=2315) to work on /opt/airflow/dags/scraping_dags.py
[2025-08-14T17:57:08.492+0000] {processor.py:830} INFO - Processing file /opt/airflow/dags/scraping_dags.py for tasks to queue
[2025-08-14T17:57:08.498+0000] {logging_mixin.py:188} INFO - [2025-08-14T17:57:08.497+0000] {dagbag.py:540} INFO - Filling up the DagBag from /opt/airflow/dags/scraping_dags.py
[2025-08-14T17:57:08.511+0000] {processor.py:840} INFO - DAG(s) 'scraping_main_run' retrieved from /opt/airflow/dags/scraping_dags.py
[2025-08-14T17:57:08.534+0000] {logging_mixin.py:188} INFO - [2025-08-14T17:57:08.534+0000] {dag.py:3047} INFO - Sync 1 DAGs
[2025-08-14T17:57:08.551+0000] {logging_mixin.py:188} INFO - [2025-08-14T17:57:08.551+0000] {dag.py:3834} INFO - Setting next_dagrun for scraping_main_run to 2025-08-10 00:00:00+00:00, run_after=2025-08-17 00:00:00+00:00
[2025-08-14T17:57:08.564+0000] {processor.py:183} INFO - Processing /opt/airflow/dags/scraping_dags.py took 0.079 seconds
[2025-08-14T17:57:38.865+0000] {processor.py:161} INFO - Started process (PID=2371) to work on /opt/airflow/dags/scraping_dags.py
[2025-08-14T17:57:38.867+0000] {processor.py:830} INFO - Processing file /opt/airflow/dags/scraping_dags.py for tasks to queue
[2025-08-14T17:57:38.869+0000] {logging_mixin.py:188} INFO - [2025-08-14T17:57:38.869+0000] {dagbag.py:540} INFO - Filling up the DagBag from /opt/airflow/dags/scraping_dags.py
[2025-08-14T17:57:38.882+0000] {processor.py:840} INFO - DAG(s) 'scraping_main_run' retrieved from /opt/airflow/dags/scraping_dags.py
[2025-08-14T17:57:38.901+0000] {logging_mixin.py:188} INFO - [2025-08-14T17:57:38.900+0000] {dag.py:3047} INFO - Sync 1 DAGs
[2025-08-14T17:57:38.919+0000] {logging_mixin.py:188} INFO - [2025-08-14T17:57:38.919+0000] {dag.py:3834} INFO - Setting next_dagrun for scraping_main_run to 2025-08-10 00:00:00+00:00, run_after=2025-08-17 00:00:00+00:00
[2025-08-14T17:57:38.931+0000] {processor.py:183} INFO - Processing /opt/airflow/dags/scraping_dags.py took 0.072 seconds
[2025-08-14T17:58:09.513+0000] {processor.py:161} INFO - Started process (PID=2427) to work on /opt/airflow/dags/scraping_dags.py
[2025-08-14T17:58:09.516+0000] {processor.py:830} INFO - Processing file /opt/airflow/dags/scraping_dags.py for tasks to queue
[2025-08-14T17:58:09.522+0000] {logging_mixin.py:188} INFO - [2025-08-14T17:58:09.520+0000] {dagbag.py:540} INFO - Filling up the DagBag from /opt/airflow/dags/scraping_dags.py
[2025-08-14T17:58:09.536+0000] {processor.py:840} INFO - DAG(s) 'scraping_main_run' retrieved from /opt/airflow/dags/scraping_dags.py
[2025-08-14T17:58:09.628+0000] {logging_mixin.py:188} INFO - [2025-08-14T17:58:09.627+0000] {dag.py:3047} INFO - Sync 1 DAGs
[2025-08-14T17:58:09.647+0000] {logging_mixin.py:188} INFO - [2025-08-14T17:58:09.647+0000] {dag.py:3834} INFO - Setting next_dagrun for scraping_main_run to 2025-08-10 00:00:00+00:00, run_after=2025-08-17 00:00:00+00:00
[2025-08-14T17:58:09.666+0000] {processor.py:183} INFO - Processing /opt/airflow/dags/scraping_dags.py took 0.161 seconds
[2025-08-14T17:58:32.178+0000] {processor.py:161} INFO - Started process (PID=2462) to work on /opt/airflow/dags/scraping_dags.py
[2025-08-14T17:58:32.181+0000] {processor.py:830} INFO - Processing file /opt/airflow/dags/scraping_dags.py for tasks to queue
[2025-08-14T17:58:32.185+0000] {logging_mixin.py:188} INFO - [2025-08-14T17:58:32.185+0000] {dagbag.py:540} INFO - Filling up the DagBag from /opt/airflow/dags/scraping_dags.py
[2025-08-14T17:58:32.210+0000] {processor.py:840} INFO - DAG(s) 'scraping_main_run' retrieved from /opt/airflow/dags/scraping_dags.py
[2025-08-14T17:58:32.342+0000] {logging_mixin.py:188} INFO - [2025-08-14T17:58:32.342+0000] {dag.py:3047} INFO - Sync 1 DAGs
[2025-08-14T17:58:32.356+0000] {logging_mixin.py:188} INFO - [2025-08-14T17:58:32.355+0000] {dag.py:3834} INFO - Setting next_dagrun for scraping_main_run to 2025-08-10 00:00:00+00:00, run_after=2025-08-17 00:00:00+00:00
[2025-08-14T17:58:32.622+0000] {processor.py:183} INFO - Processing /opt/airflow/dags/scraping_dags.py took 0.464 seconds
[2025-08-14T17:59:03.142+0000] {processor.py:161} INFO - Started process (PID=2518) to work on /opt/airflow/dags/scraping_dags.py
[2025-08-14T17:59:03.145+0000] {processor.py:830} INFO - Processing file /opt/airflow/dags/scraping_dags.py for tasks to queue
[2025-08-14T17:59:03.149+0000] {logging_mixin.py:188} INFO - [2025-08-14T17:59:03.149+0000] {dagbag.py:540} INFO - Filling up the DagBag from /opt/airflow/dags/scraping_dags.py
[2025-08-14T17:59:03.164+0000] {processor.py:840} INFO - DAG(s) 'scraping_main_run' retrieved from /opt/airflow/dags/scraping_dags.py
[2025-08-14T17:59:03.189+0000] {logging_mixin.py:188} INFO - [2025-08-14T17:59:03.189+0000] {dag.py:3047} INFO - Sync 1 DAGs
[2025-08-14T17:59:03.225+0000] {logging_mixin.py:188} INFO - [2025-08-14T17:59:03.225+0000] {dag.py:3834} INFO - Setting next_dagrun for scraping_main_run to 2025-08-10 00:00:00+00:00, run_after=2025-08-17 00:00:00+00:00
[2025-08-14T17:59:03.240+0000] {processor.py:183} INFO - Processing /opt/airflow/dags/scraping_dags.py took 0.109 seconds
[2025-08-14T17:59:33.333+0000] {processor.py:161} INFO - Started process (PID=2574) to work on /opt/airflow/dags/scraping_dags.py
[2025-08-14T17:59:33.337+0000] {processor.py:830} INFO - Processing file /opt/airflow/dags/scraping_dags.py for tasks to queue
[2025-08-14T17:59:33.339+0000] {logging_mixin.py:188} INFO - [2025-08-14T17:59:33.339+0000] {dagbag.py:540} INFO - Filling up the DagBag from /opt/airflow/dags/scraping_dags.py
[2025-08-14T17:59:33.352+0000] {processor.py:840} INFO - DAG(s) 'scraping_main_run' retrieved from /opt/airflow/dags/scraping_dags.py
[2025-08-14T17:59:33.380+0000] {logging_mixin.py:188} INFO - [2025-08-14T17:59:33.380+0000] {dag.py:3047} INFO - Sync 1 DAGs
[2025-08-14T17:59:33.402+0000] {logging_mixin.py:188} INFO - [2025-08-14T17:59:33.402+0000] {dag.py:3834} INFO - Setting next_dagrun for scraping_main_run to 2025-08-10 00:00:00+00:00, run_after=2025-08-17 00:00:00+00:00
[2025-08-14T17:59:33.421+0000] {processor.py:183} INFO - Processing /opt/airflow/dags/scraping_dags.py took 0.095 seconds
[2025-08-14T18:00:04.442+0000] {processor.py:161} INFO - Started process (PID=2629) to work on /opt/airflow/dags/scraping_dags.py
[2025-08-14T18:00:04.445+0000] {processor.py:830} INFO - Processing file /opt/airflow/dags/scraping_dags.py for tasks to queue
[2025-08-14T18:00:04.450+0000] {logging_mixin.py:188} INFO - [2025-08-14T18:00:04.450+0000] {dagbag.py:540} INFO - Filling up the DagBag from /opt/airflow/dags/scraping_dags.py
[2025-08-14T18:00:04.479+0000] {processor.py:840} INFO - DAG(s) 'scraping_main_run' retrieved from /opt/airflow/dags/scraping_dags.py
[2025-08-14T18:00:04.499+0000] {logging_mixin.py:188} INFO - [2025-08-14T18:00:04.499+0000] {dag.py:3047} INFO - Sync 1 DAGs
[2025-08-14T18:00:04.518+0000] {logging_mixin.py:188} INFO - [2025-08-14T18:00:04.517+0000] {dag.py:3834} INFO - Setting next_dagrun for scraping_main_run to 2025-08-10 00:00:00+00:00, run_after=2025-08-17 00:00:00+00:00
[2025-08-14T18:00:04.531+0000] {processor.py:183} INFO - Processing /opt/airflow/dags/scraping_dags.py took 0.096 seconds
[2025-08-14T18:00:35.219+0000] {processor.py:161} INFO - Started process (PID=2685) to work on /opt/airflow/dags/scraping_dags.py
[2025-08-14T18:00:35.226+0000] {processor.py:830} INFO - Processing file /opt/airflow/dags/scraping_dags.py for tasks to queue
[2025-08-14T18:00:35.233+0000] {logging_mixin.py:188} INFO - [2025-08-14T18:00:35.231+0000] {dagbag.py:540} INFO - Filling up the DagBag from /opt/airflow/dags/scraping_dags.py
[2025-08-14T18:00:35.269+0000] {processor.py:840} INFO - DAG(s) 'scraping_main_run' retrieved from /opt/airflow/dags/scraping_dags.py
[2025-08-14T18:00:35.386+0000] {logging_mixin.py:188} INFO - [2025-08-14T18:00:35.385+0000] {dag.py:3047} INFO - Sync 1 DAGs
[2025-08-14T18:00:35.428+0000] {logging_mixin.py:188} INFO - [2025-08-14T18:00:35.428+0000] {dag.py:3834} INFO - Setting next_dagrun for scraping_main_run to 2025-08-10 00:00:00+00:00, run_after=2025-08-17 00:00:00+00:00
[2025-08-14T18:00:35.448+0000] {processor.py:183} INFO - Processing /opt/airflow/dags/scraping_dags.py took 0.266 seconds
[2025-08-14T18:01:06.218+0000] {processor.py:161} INFO - Started process (PID=2741) to work on /opt/airflow/dags/scraping_dags.py
[2025-08-14T18:01:06.221+0000] {processor.py:830} INFO - Processing file /opt/airflow/dags/scraping_dags.py for tasks to queue
[2025-08-14T18:01:06.229+0000] {logging_mixin.py:188} INFO - [2025-08-14T18:01:06.229+0000] {dagbag.py:540} INFO - Filling up the DagBag from /opt/airflow/dags/scraping_dags.py
[2025-08-14T18:01:06.269+0000] {processor.py:840} INFO - DAG(s) 'scraping_main_run' retrieved from /opt/airflow/dags/scraping_dags.py
[2025-08-14T18:01:06.296+0000] {logging_mixin.py:188} INFO - [2025-08-14T18:01:06.296+0000] {dag.py:3047} INFO - Sync 1 DAGs
[2025-08-14T18:01:06.322+0000] {logging_mixin.py:188} INFO - [2025-08-14T18:01:06.321+0000] {dag.py:3834} INFO - Setting next_dagrun for scraping_main_run to 2025-08-10 00:00:00+00:00, run_after=2025-08-17 00:00:00+00:00
[2025-08-14T18:01:06.347+0000] {processor.py:183} INFO - Processing /opt/airflow/dags/scraping_dags.py took 0.146 seconds
[2025-08-14T18:01:36.533+0000] {processor.py:161} INFO - Started process (PID=2797) to work on /opt/airflow/dags/scraping_dags.py
[2025-08-14T18:01:36.539+0000] {processor.py:830} INFO - Processing file /opt/airflow/dags/scraping_dags.py for tasks to queue
[2025-08-14T18:01:36.545+0000] {logging_mixin.py:188} INFO - [2025-08-14T18:01:36.545+0000] {dagbag.py:540} INFO - Filling up the DagBag from /opt/airflow/dags/scraping_dags.py
[2025-08-14T18:01:36.559+0000] {processor.py:840} INFO - DAG(s) 'scraping_main_run' retrieved from /opt/airflow/dags/scraping_dags.py
[2025-08-14T18:01:36.613+0000] {logging_mixin.py:188} INFO - [2025-08-14T18:01:36.612+0000] {dag.py:3047} INFO - Sync 1 DAGs
[2025-08-14T18:01:36.674+0000] {logging_mixin.py:188} INFO - [2025-08-14T18:01:36.674+0000] {dag.py:3834} INFO - Setting next_dagrun for scraping_main_run to 2025-08-10 00:00:00+00:00, run_after=2025-08-17 00:00:00+00:00
[2025-08-14T18:01:36.700+0000] {processor.py:183} INFO - Processing /opt/airflow/dags/scraping_dags.py took 0.174 seconds
[2025-08-14T18:02:07.234+0000] {processor.py:161} INFO - Started process (PID=2853) to work on /opt/airflow/dags/scraping_dags.py
[2025-08-14T18:02:07.237+0000] {processor.py:830} INFO - Processing file /opt/airflow/dags/scraping_dags.py for tasks to queue
[2025-08-14T18:02:07.244+0000] {logging_mixin.py:188} INFO - [2025-08-14T18:02:07.244+0000] {dagbag.py:540} INFO - Filling up the DagBag from /opt/airflow/dags/scraping_dags.py
[2025-08-14T18:02:07.276+0000] {processor.py:840} INFO - DAG(s) 'scraping_main_run' retrieved from /opt/airflow/dags/scraping_dags.py
[2025-08-14T18:02:07.322+0000] {logging_mixin.py:188} INFO - [2025-08-14T18:02:07.321+0000] {dag.py:3047} INFO - Sync 1 DAGs
[2025-08-14T18:02:07.355+0000] {logging_mixin.py:188} INFO - [2025-08-14T18:02:07.355+0000] {dag.py:3834} INFO - Setting next_dagrun for scraping_main_run to 2025-08-10 00:00:00+00:00, run_after=2025-08-17 00:00:00+00:00
[2025-08-14T18:02:07.375+0000] {processor.py:183} INFO - Processing /opt/airflow/dags/scraping_dags.py took 0.151 seconds
[2025-08-14T18:02:31.773+0000] {processor.py:161} INFO - Started process (PID=2909) to work on /opt/airflow/dags/scraping_dags.py
[2025-08-14T18:02:31.777+0000] {processor.py:830} INFO - Processing file /opt/airflow/dags/scraping_dags.py for tasks to queue
[2025-08-14T18:02:31.783+0000] {logging_mixin.py:188} INFO - [2025-08-14T18:02:31.783+0000] {dagbag.py:540} INFO - Filling up the DagBag from /opt/airflow/dags/scraping_dags.py
[2025-08-14T18:02:31.820+0000] {processor.py:840} INFO - DAG(s) 'scraping_main_run' retrieved from /opt/airflow/dags/scraping_dags.py
[2025-08-14T18:02:31.886+0000] {logging_mixin.py:188} INFO - [2025-08-14T18:02:31.886+0000] {dag.py:3047} INFO - Sync 1 DAGs
[2025-08-14T18:02:31.897+0000] {logging_mixin.py:188} INFO - [2025-08-14T18:02:31.897+0000] {dag.py:3834} INFO - Setting next_dagrun for scraping_main_run to 2025-08-10 00:00:00+00:00, run_after=2025-08-17 00:00:00+00:00
[2025-08-14T18:02:31.910+0000] {processor.py:183} INFO - Processing /opt/airflow/dags/scraping_dags.py took 0.147 seconds
[2025-08-14T18:03:02.653+0000] {processor.py:161} INFO - Started process (PID=2965) to work on /opt/airflow/dags/scraping_dags.py
[2025-08-14T18:03:02.655+0000] {processor.py:830} INFO - Processing file /opt/airflow/dags/scraping_dags.py for tasks to queue
[2025-08-14T18:03:02.662+0000] {logging_mixin.py:188} INFO - [2025-08-14T18:03:02.661+0000] {dagbag.py:540} INFO - Filling up the DagBag from /opt/airflow/dags/scraping_dags.py
[2025-08-14T18:03:02.761+0000] {processor.py:840} INFO - DAG(s) 'scraping_main_run' retrieved from /opt/airflow/dags/scraping_dags.py
[2025-08-14T18:03:02.851+0000] {logging_mixin.py:188} INFO - [2025-08-14T18:03:02.850+0000] {dag.py:3047} INFO - Sync 1 DAGs
[2025-08-14T18:03:02.927+0000] {logging_mixin.py:188} INFO - [2025-08-14T18:03:02.927+0000] {dag.py:3834} INFO - Setting next_dagrun for scraping_main_run to 2025-08-10 00:00:00+00:00, run_after=2025-08-17 00:00:00+00:00
[2025-08-14T18:03:02.938+0000] {processor.py:183} INFO - Processing /opt/airflow/dags/scraping_dags.py took 0.300 seconds
[2025-08-14T18:03:33.702+0000] {processor.py:161} INFO - Started process (PID=3021) to work on /opt/airflow/dags/scraping_dags.py
[2025-08-14T18:03:33.703+0000] {processor.py:830} INFO - Processing file /opt/airflow/dags/scraping_dags.py for tasks to queue
[2025-08-14T18:03:33.709+0000] {logging_mixin.py:188} INFO - [2025-08-14T18:03:33.708+0000] {dagbag.py:540} INFO - Filling up the DagBag from /opt/airflow/dags/scraping_dags.py
[2025-08-14T18:03:33.741+0000] {processor.py:840} INFO - DAG(s) 'scraping_main_run' retrieved from /opt/airflow/dags/scraping_dags.py
[2025-08-14T18:03:33.760+0000] {logging_mixin.py:188} INFO - [2025-08-14T18:03:33.760+0000] {dag.py:3047} INFO - Sync 1 DAGs
[2025-08-14T18:03:33.774+0000] {logging_mixin.py:188} INFO - [2025-08-14T18:03:33.774+0000] {dag.py:3834} INFO - Setting next_dagrun for scraping_main_run to 2025-08-10 00:00:00+00:00, run_after=2025-08-17 00:00:00+00:00
[2025-08-14T18:03:33.784+0000] {processor.py:183} INFO - Processing /opt/airflow/dags/scraping_dags.py took 0.090 seconds
[2025-08-14T18:04:04.801+0000] {processor.py:161} INFO - Started process (PID=3077) to work on /opt/airflow/dags/scraping_dags.py
[2025-08-14T18:04:04.803+0000] {processor.py:830} INFO - Processing file /opt/airflow/dags/scraping_dags.py for tasks to queue
[2025-08-14T18:04:04.807+0000] {logging_mixin.py:188} INFO - [2025-08-14T18:04:04.806+0000] {dagbag.py:540} INFO - Filling up the DagBag from /opt/airflow/dags/scraping_dags.py
[2025-08-14T18:04:04.822+0000] {processor.py:840} INFO - DAG(s) 'scraping_main_run' retrieved from /opt/airflow/dags/scraping_dags.py
[2025-08-14T18:04:04.862+0000] {logging_mixin.py:188} INFO - [2025-08-14T18:04:04.862+0000] {dag.py:3047} INFO - Sync 1 DAGs
[2025-08-14T18:04:04.882+0000] {logging_mixin.py:188} INFO - [2025-08-14T18:04:04.882+0000] {dag.py:3834} INFO - Setting next_dagrun for scraping_main_run to 2025-08-10 00:00:00+00:00, run_after=2025-08-17 00:00:00+00:00
[2025-08-14T18:04:04.895+0000] {processor.py:183} INFO - Processing /opt/airflow/dags/scraping_dags.py took 0.100 seconds
[2025-08-14T18:04:35.612+0000] {processor.py:161} INFO - Started process (PID=3133) to work on /opt/airflow/dags/scraping_dags.py
[2025-08-14T18:04:35.614+0000] {processor.py:830} INFO - Processing file /opt/airflow/dags/scraping_dags.py for tasks to queue
[2025-08-14T18:04:35.619+0000] {logging_mixin.py:188} INFO - [2025-08-14T18:04:35.618+0000] {dagbag.py:540} INFO - Filling up the DagBag from /opt/airflow/dags/scraping_dags.py
[2025-08-14T18:04:35.637+0000] {processor.py:840} INFO - DAG(s) 'scraping_main_run' retrieved from /opt/airflow/dags/scraping_dags.py
[2025-08-14T18:04:35.684+0000] {logging_mixin.py:188} INFO - [2025-08-14T18:04:35.684+0000] {dag.py:3047} INFO - Sync 1 DAGs
[2025-08-14T18:04:35.704+0000] {logging_mixin.py:188} INFO - [2025-08-14T18:04:35.704+0000] {dag.py:3834} INFO - Setting next_dagrun for scraping_main_run to 2025-08-10 00:00:00+00:00, run_after=2025-08-17 00:00:00+00:00
[2025-08-14T18:04:35.715+0000] {processor.py:183} INFO - Processing /opt/airflow/dags/scraping_dags.py took 0.110 seconds
[2025-08-14T18:05:06.143+0000] {processor.py:161} INFO - Started process (PID=3189) to work on /opt/airflow/dags/scraping_dags.py
[2025-08-14T18:05:06.146+0000] {processor.py:830} INFO - Processing file /opt/airflow/dags/scraping_dags.py for tasks to queue
[2025-08-14T18:05:06.151+0000] {logging_mixin.py:188} INFO - [2025-08-14T18:05:06.150+0000] {dagbag.py:540} INFO - Filling up the DagBag from /opt/airflow/dags/scraping_dags.py
[2025-08-14T18:05:06.180+0000] {processor.py:840} INFO - DAG(s) 'scraping_main_run' retrieved from /opt/airflow/dags/scraping_dags.py
[2025-08-14T18:05:06.205+0000] {logging_mixin.py:188} INFO - [2025-08-14T18:05:06.205+0000] {dag.py:3047} INFO - Sync 1 DAGs
[2025-08-14T18:05:06.223+0000] {logging_mixin.py:188} INFO - [2025-08-14T18:05:06.223+0000] {dag.py:3834} INFO - Setting next_dagrun for scraping_main_run to 2025-08-10 00:00:00+00:00, run_after=2025-08-17 00:00:00+00:00
[2025-08-14T18:05:06.233+0000] {processor.py:183} INFO - Processing /opt/airflow/dags/scraping_dags.py took 0.098 seconds
[2025-08-14T18:05:37.220+0000] {processor.py:161} INFO - Started process (PID=3245) to work on /opt/airflow/dags/scraping_dags.py
[2025-08-14T18:05:37.222+0000] {processor.py:830} INFO - Processing file /opt/airflow/dags/scraping_dags.py for tasks to queue
[2025-08-14T18:05:37.225+0000] {logging_mixin.py:188} INFO - [2025-08-14T18:05:37.225+0000] {dagbag.py:540} INFO - Filling up the DagBag from /opt/airflow/dags/scraping_dags.py
[2025-08-14T18:05:37.248+0000] {processor.py:840} INFO - DAG(s) 'scraping_main_run' retrieved from /opt/airflow/dags/scraping_dags.py
[2025-08-14T18:05:37.285+0000] {logging_mixin.py:188} INFO - [2025-08-14T18:05:37.285+0000] {dag.py:3047} INFO - Sync 1 DAGs
[2025-08-14T18:05:37.304+0000] {logging_mixin.py:188} INFO - [2025-08-14T18:05:37.304+0000] {dag.py:3834} INFO - Setting next_dagrun for scraping_main_run to 2025-08-10 00:00:00+00:00, run_after=2025-08-17 00:00:00+00:00
[2025-08-14T18:05:37.317+0000] {processor.py:183} INFO - Processing /opt/airflow/dags/scraping_dags.py took 0.103 seconds
[2025-08-14T18:06:07.535+0000] {processor.py:161} INFO - Started process (PID=3301) to work on /opt/airflow/dags/scraping_dags.py
[2025-08-14T18:06:07.538+0000] {processor.py:830} INFO - Processing file /opt/airflow/dags/scraping_dags.py for tasks to queue
[2025-08-14T18:06:07.544+0000] {logging_mixin.py:188} INFO - [2025-08-14T18:06:07.543+0000] {dagbag.py:540} INFO - Filling up the DagBag from /opt/airflow/dags/scraping_dags.py
[2025-08-14T18:06:07.563+0000] {processor.py:840} INFO - DAG(s) 'scraping_main_run' retrieved from /opt/airflow/dags/scraping_dags.py
[2025-08-14T18:06:07.586+0000] {logging_mixin.py:188} INFO - [2025-08-14T18:06:07.586+0000] {dag.py:3047} INFO - Sync 1 DAGs
[2025-08-14T18:06:07.605+0000] {logging_mixin.py:188} INFO - [2025-08-14T18:06:07.604+0000] {dag.py:3834} INFO - Setting next_dagrun for scraping_main_run to 2025-08-10 00:00:00+00:00, run_after=2025-08-17 00:00:00+00:00
[2025-08-14T18:06:07.617+0000] {processor.py:183} INFO - Processing /opt/airflow/dags/scraping_dags.py took 0.108 seconds
