[2025-08-02T02:57:52.554+0000] {taskinstance.py:1979} INFO - Dependencies all met for dep_context=non-requeueable deps ti=<TaskInstance: scraping_main_run.run_scraping_script manual__2025-08-02T02:57:48.038376+00:00 [queued]>
[2025-08-02T02:57:52.572+0000] {taskinstance.py:1979} INFO - Dependencies all met for dep_context=requeueable deps ti=<TaskInstance: scraping_main_run.run_scraping_script manual__2025-08-02T02:57:48.038376+00:00 [queued]>
[2025-08-02T02:57:52.575+0000] {taskinstance.py:2193} INFO - Starting attempt 1 of 2
[2025-08-02T02:57:52.591+0000] {taskinstance.py:2214} INFO - Executing <Task(BashOperator): run_scraping_script> on 2025-08-02 02:57:48.038376+00:00
[2025-08-02T02:57:52.603+0000] {standard_task_runner.py:60} INFO - Started process 102 to run task
[2025-08-02T02:57:52.606+0000] {standard_task_runner.py:87} INFO - Running: ['***', 'tasks', 'run', 'scraping_main_run', 'run_scraping_script', 'manual__2025-08-02T02:57:48.038376+00:00', '--job-id', '36', '--raw', '--subdir', 'DAGS_FOLDER/scraping_dags.py', '--cfg-path', '/tmp/tmp_o8fcf25']
[2025-08-02T02:57:52.610+0000] {standard_task_runner.py:88} INFO - Job 36: Subtask run_scraping_script
[2025-08-02T02:57:52.707+0000] {task_command.py:423} INFO - Running <TaskInstance: scraping_main_run.run_scraping_script manual__2025-08-02T02:57:48.038376+00:00 [running]> on host bcec29ad0a46
[2025-08-02T02:57:52.899+0000] {taskinstance.py:2510} INFO - Exporting env vars: AIRFLOW_CTX_DAG_OWNER='***' AIRFLOW_CTX_DAG_ID='scraping_main_run' AIRFLOW_CTX_TASK_ID='run_scraping_script' AIRFLOW_CTX_EXECUTION_DATE='2025-08-02T02:57:48.038376+00:00' AIRFLOW_CTX_TRY_NUMBER='1' AIRFLOW_CTX_DAG_RUN_ID='manual__2025-08-02T02:57:48.038376+00:00'
[2025-08-02T02:57:52.945+0000] {subprocess.py:63} INFO - Tmp dir root location: /tmp
[2025-08-02T02:57:52.949+0000] {subprocess.py:75} INFO - Running command: ['/usr/bin/bash', '-c', 'cd /opt/***/tesis-scraping && source venv/bin/activate && python3 extraccion/main.py']
[2025-08-02T02:57:52.977+0000] {subprocess.py:86} INFO - Output:
[2025-08-02T02:57:54.746+0000] {subprocess.py:93} INFO - Traceback (most recent call last):
[2025-08-02T02:57:54.753+0000] {subprocess.py:93} INFO -   File "extraccion/main.py", line 1, in <module>
[2025-08-02T02:57:54.754+0000] {subprocess.py:93} INFO -     import extraccion_urls as extract
[2025-08-02T02:57:54.754+0000] {subprocess.py:93} INFO -   File "/opt/***/tesis-scraping/extraccion/extraccion_urls.py", line 7, in <module>
[2025-08-02T02:57:54.755+0000] {subprocess.py:93} INFO -     from captcha import save_cookies
[2025-08-02T02:57:54.755+0000] {subprocess.py:93} INFO -   File "/opt/***/tesis-scraping/captcha/save_cookies.py", line 4, in <module>
[2025-08-02T02:57:54.755+0000] {subprocess.py:93} INFO -     import undetected_chromedriver as uc
[2025-08-02T02:57:54.756+0000] {subprocess.py:93} INFO - ModuleNotFoundError: No module named 'undetected_chromedriver'
[2025-08-02T02:57:54.987+0000] {subprocess.py:97} INFO - Command exited with return code 1
[2025-08-02T02:57:55.105+0000] {taskinstance.py:2728} ERROR - Task failed with exception
Traceback (most recent call last):
  File "/home/airflow/.local/lib/python3.8/site-packages/airflow/models/taskinstance.py", line 444, in _execute_task
    result = _execute_callable(context=context, **execute_callable_kwargs)
  File "/home/airflow/.local/lib/python3.8/site-packages/airflow/models/taskinstance.py", line 414, in _execute_callable
    return execute_callable(context=context, **execute_callable_kwargs)
  File "/home/airflow/.local/lib/python3.8/site-packages/airflow/operators/bash.py", line 212, in execute
    raise AirflowException(
airflow.exceptions.AirflowException: Bash command failed. The command returned a non-zero exit code 1.
[2025-08-02T02:57:55.118+0000] {taskinstance.py:1149} INFO - Marking task as UP_FOR_RETRY. dag_id=scraping_main_run, task_id=run_scraping_script, execution_date=20250802T025748, start_date=20250802T025752, end_date=20250802T025755
[2025-08-02T02:57:55.159+0000] {standard_task_runner.py:107} ERROR - Failed to execute job 36 for task run_scraping_script (Bash command failed. The command returned a non-zero exit code 1.; 102)
[2025-08-02T02:57:55.222+0000] {local_task_job_runner.py:234} INFO - Task exited with return code 1
[2025-08-02T02:57:55.317+0000] {taskinstance.py:3309} INFO - 0 downstream tasks scheduled from follow-on schedule check
