[2025-08-02T02:26:03.969+0000] {taskinstance.py:1979} INFO - Dependencies all met for dep_context=non-requeueable deps ti=<TaskInstance: scraping_main_run.run_scraping_script manual__2025-08-02T02:26:00.398405+00:00 [queued]>
[2025-08-02T02:26:03.998+0000] {taskinstance.py:1979} INFO - Dependencies all met for dep_context=requeueable deps ti=<TaskInstance: scraping_main_run.run_scraping_script manual__2025-08-02T02:26:00.398405+00:00 [queued]>
[2025-08-02T02:26:03.999+0000] {taskinstance.py:2193} INFO - Starting attempt 1 of 2
[2025-08-02T02:26:04.029+0000] {taskinstance.py:2214} INFO - Executing <Task(BashOperator): run_scraping_script> on 2025-08-02 02:26:00.398405+00:00
[2025-08-02T02:26:04.038+0000] {standard_task_runner.py:60} INFO - Started process 665 to run task
[2025-08-02T02:26:04.046+0000] {standard_task_runner.py:87} INFO - Running: ['***', 'tasks', 'run', 'scraping_main_run', 'run_scraping_script', 'manual__2025-08-02T02:26:00.398405+00:00', '--job-id', '24', '--raw', '--subdir', 'DAGS_FOLDER/scraping_dags.py', '--cfg-path', '/tmp/tmp63f92v7s']
[2025-08-02T02:26:04.051+0000] {standard_task_runner.py:88} INFO - Job 24: Subtask run_scraping_script
[2025-08-02T02:26:04.170+0000] {task_command.py:423} INFO - Running <TaskInstance: scraping_main_run.run_scraping_script manual__2025-08-02T02:26:00.398405+00:00 [running]> on host d33756a07e2f
[2025-08-02T02:26:04.285+0000] {taskinstance.py:2510} INFO - Exporting env vars: AIRFLOW_CTX_DAG_OWNER='***' AIRFLOW_CTX_DAG_ID='scraping_main_run' AIRFLOW_CTX_TASK_ID='run_scraping_script' AIRFLOW_CTX_EXECUTION_DATE='2025-08-02T02:26:00.398405+00:00' AIRFLOW_CTX_TRY_NUMBER='1' AIRFLOW_CTX_DAG_RUN_ID='manual__2025-08-02T02:26:00.398405+00:00'
[2025-08-02T02:26:04.293+0000] {subprocess.py:63} INFO - Tmp dir root location: /tmp
[2025-08-02T02:26:04.294+0000] {subprocess.py:75} INFO - Running command: ['/usr/bin/bash', '-c', 'cd ../spiView/Tesis-Scraping && source venv/bin/activate && python3 extraccion/main.py']
[2025-08-02T02:26:04.313+0000] {subprocess.py:86} INFO - Output:
[2025-08-02T02:26:04.357+0000] {subprocess.py:93} INFO - /usr/bin/bash: line 1: cd: ../spiView/Tesis-Scraping: No such file or directory
[2025-08-02T02:26:04.359+0000] {subprocess.py:97} INFO - Command exited with return code 1
[2025-08-02T02:26:04.373+0000] {taskinstance.py:2728} ERROR - Task failed with exception
Traceback (most recent call last):
  File "/home/airflow/.local/lib/python3.8/site-packages/airflow/models/taskinstance.py", line 444, in _execute_task
    result = _execute_callable(context=context, **execute_callable_kwargs)
  File "/home/airflow/.local/lib/python3.8/site-packages/airflow/models/taskinstance.py", line 414, in _execute_callable
    return execute_callable(context=context, **execute_callable_kwargs)
  File "/home/airflow/.local/lib/python3.8/site-packages/airflow/operators/bash.py", line 212, in execute
    raise AirflowException(
airflow.exceptions.AirflowException: Bash command failed. The command returned a non-zero exit code 1.
[2025-08-02T02:26:04.378+0000] {taskinstance.py:1149} INFO - Marking task as UP_FOR_RETRY. dag_id=scraping_main_run, task_id=run_scraping_script, execution_date=20250802T022600, start_date=20250802T022603, end_date=20250802T022604
[2025-08-02T02:26:04.387+0000] {standard_task_runner.py:107} ERROR - Failed to execute job 24 for task run_scraping_script (Bash command failed. The command returned a non-zero exit code 1.; 665)
[2025-08-02T02:26:04.434+0000] {local_task_job_runner.py:234} INFO - Task exited with return code 1
[2025-08-02T02:26:04.471+0000] {taskinstance.py:3309} INFO - 0 downstream tasks scheduled from follow-on schedule check
