[2025-08-14T17:55:40.788+0000] {taskinstance.py:1979} INFO - Dependencies all met for dep_context=non-requeueable deps ti=<TaskInstance: scraping_main_run.run_scraping_script manual__2025-08-14T17:50:37.680056+00:00 [queued]>
[2025-08-14T17:55:40.792+0000] {taskinstance.py:1979} INFO - Dependencies all met for dep_context=requeueable deps ti=<TaskInstance: scraping_main_run.run_scraping_script manual__2025-08-14T17:50:37.680056+00:00 [queued]>
[2025-08-14T17:55:40.792+0000] {taskinstance.py:2193} INFO - Starting attempt 2 of 2
[2025-08-14T17:55:40.798+0000] {taskinstance.py:2214} INFO - Executing <Task(BashOperator): run_scraping_script> on 2025-08-14 17:50:37.680056+00:00
[2025-08-14T17:55:40.802+0000] {standard_task_runner.py:60} INFO - Started process 476 to run task
[2025-08-14T17:55:40.805+0000] {standard_task_runner.py:87} INFO - Running: ['***', 'tasks', 'run', 'scraping_main_run', 'run_scraping_script', 'manual__2025-08-14T17:50:37.680056+00:00', '--job-id', '56', '--raw', '--subdir', 'DAGS_FOLDER/scraping_dags.py', '--cfg-path', '/tmp/tmpr9zxnobg']
[2025-08-14T17:55:40.807+0000] {standard_task_runner.py:88} INFO - Job 56: Subtask run_scraping_script
[2025-08-14T17:55:40.834+0000] {task_command.py:423} INFO - Running <TaskInstance: scraping_main_run.run_scraping_script manual__2025-08-14T17:50:37.680056+00:00 [running]> on host 6a055ba4d49c
[2025-08-14T17:55:40.869+0000] {taskinstance.py:2510} INFO - Exporting env vars: AIRFLOW_CTX_DAG_OWNER='***' AIRFLOW_CTX_DAG_ID='scraping_main_run' AIRFLOW_CTX_TASK_ID='run_scraping_script' AIRFLOW_CTX_EXECUTION_DATE='2025-08-14T17:50:37.680056+00:00' AIRFLOW_CTX_TRY_NUMBER='2' AIRFLOW_CTX_DAG_RUN_ID='manual__2025-08-14T17:50:37.680056+00:00'
[2025-08-14T17:55:40.871+0000] {subprocess.py:63} INFO - Tmp dir root location: /tmp
[2025-08-14T17:55:40.871+0000] {subprocess.py:75} INFO - Running command: ['/usr/bin/bash', '-c', 'cd /opt/***/tesis-scraping && venv/bin/python3 extraccion/main.py']
[2025-08-14T17:55:40.878+0000] {subprocess.py:86} INFO - Output:
[2025-08-14T17:55:40.881+0000] {subprocess.py:93} INFO - /usr/bin/bash: line 1: venv/bin/python3: No such file or directory
[2025-08-14T17:55:40.881+0000] {subprocess.py:97} INFO - Command exited with return code 127
[2025-08-14T17:55:40.888+0000] {taskinstance.py:2728} ERROR - Task failed with exception
Traceback (most recent call last):
  File "/home/airflow/.local/lib/python3.8/site-packages/airflow/models/taskinstance.py", line 444, in _execute_task
    result = _execute_callable(context=context, **execute_callable_kwargs)
  File "/home/airflow/.local/lib/python3.8/site-packages/airflow/models/taskinstance.py", line 414, in _execute_callable
    return execute_callable(context=context, **execute_callable_kwargs)
  File "/home/airflow/.local/lib/python3.8/site-packages/airflow/operators/bash.py", line 212, in execute
    raise AirflowException(
airflow.exceptions.AirflowException: Bash command failed. The command returned a non-zero exit code 127.
[2025-08-14T17:55:40.892+0000] {taskinstance.py:1149} INFO - Marking task as FAILED. dag_id=scraping_main_run, task_id=run_scraping_script, execution_date=20250814T175037, start_date=20250814T175540, end_date=20250814T175540
[2025-08-14T17:55:40.901+0000] {standard_task_runner.py:107} ERROR - Failed to execute job 56 for task run_scraping_script (Bash command failed. The command returned a non-zero exit code 127.; 476)
[2025-08-14T17:55:40.947+0000] {local_task_job_runner.py:234} INFO - Task exited with return code 1
[2025-08-14T17:55:40.960+0000] {taskinstance.py:3309} INFO - 0 downstream tasks scheduled from follow-on schedule check
