[2025-08-19T02:00:12.807+0000] {taskinstance.py:1979} INFO - Dependencies all met for dep_context=non-requeueable deps ti=<TaskInstance: scraping_main_run.scrape_prods_vars manual__2025-08-19T02:00:10.907075+00:00 [queued]>
[2025-08-19T02:00:12.815+0000] {taskinstance.py:1979} INFO - Dependencies all met for dep_context=requeueable deps ti=<TaskInstance: scraping_main_run.scrape_prods_vars manual__2025-08-19T02:00:10.907075+00:00 [queued]>
[2025-08-19T02:00:12.815+0000] {taskinstance.py:2193} INFO - Starting attempt 1 of 2
[2025-08-19T02:00:12.825+0000] {taskinstance.py:2214} INFO - Executing <Task(DockerOperator): scrape_prods_vars> on 2025-08-19 02:00:10.907075+00:00
[2025-08-19T02:00:12.832+0000] {standard_task_runner.py:60} INFO - Started process 106 to run task
[2025-08-19T02:00:12.836+0000] {standard_task_runner.py:87} INFO - Running: ['***', 'tasks', 'run', 'scraping_main_run', 'scrape_prods_vars', 'manual__2025-08-19T02:00:10.907075+00:00', '--job-id', '3', '--raw', '--subdir', 'DAGS_FOLDER/scraping_dags.py', '--cfg-path', '/tmp/tmpy8571f6y']
[2025-08-19T02:00:12.838+0000] {standard_task_runner.py:88} INFO - Job 3: Subtask scrape_prods_vars
[2025-08-19T02:00:12.876+0000] {task_command.py:423} INFO - Running <TaskInstance: scraping_main_run.scrape_prods_vars manual__2025-08-19T02:00:10.907075+00:00 [running]> on host a7a31e162e93
[2025-08-19T02:00:12.929+0000] {taskinstance.py:2510} INFO - Exporting env vars: AIRFLOW_CTX_DAG_OWNER='***' AIRFLOW_CTX_DAG_ID='scraping_main_run' AIRFLOW_CTX_TASK_ID='scrape_prods_vars' AIRFLOW_CTX_EXECUTION_DATE='2025-08-19T02:00:10.907075+00:00' AIRFLOW_CTX_TRY_NUMBER='1' AIRFLOW_CTX_DAG_RUN_ID='manual__2025-08-19T02:00:10.907075+00:00'
[2025-08-19T02:00:12.975+0000] {docker.py:359} INFO - Starting docker container from image spi_scraper:latest
[2025-08-19T02:00:15.902+0000] {docker.py:429} INFO - 👉 Iniciando extracción de productos…
[2025-08-19T02:00:15.906+0000] {docker.py:429} INFO - Buscando archivo en: /app/extraccion/dataset/edaSisPricingInt.xlsx
[2025-08-19T02:00:15.907+0000] {docker.py:429} INFO - ¿Existe el archivo? True
[2025-08-19T02:00:16.307+0000] {docker.py:429} INFO - URLs estáticas guardadas en: dataset/datos_extraidos/estaticas.txt (0 URLs)
[2025-08-19T02:00:16.307+0000] {docker.py:429} INFO - URLs dinámicas guardadas en: dataset/datos_extraidos/dinamicas.txt (2 URLs)
[2025-08-19T02:00:17.783+0000] {docker.py:429} INFO - 2025-08-19 02:00:17 [scrapy.utils.log] INFO: Scrapy 2.13.2 started (bot: web_scraper_spi)
[2025-08-19T02:00:17.798+0000] {docker.py:429} INFO - 2025-08-19 02:00:17 [scrapy.utils.log] INFO: Versions:
{'lxml': '4.6.3',
 'libxml2': '2.9.10',
 'cssselect': '1.3.0',
 'parsel': '1.10.0',
 'w3lib': '1.22.0',
 'Twisted': '25.5.0',
 'Python': '3.9.23 (main, Aug 13 2025, 12:00:01) - [GCC 14.2.0]',
 'pyOpenSSL': '25.1.0 (OpenSSL 3.5.0 8 Apr 2025)',
 'cryptography': '45.0.4',
 'Platform': 'Linux-6.10.14-linuxkit-aarch64-with-glibc2.41'}
[2025-08-19T02:00:17.800+0000] {docker.py:429} INFO - 2025-08-19 02:00:17 [scrapy.addons] INFO: Enabled addons:
[]
[2025-08-19T02:00:17.803+0000] {docker.py:429} INFO - 2025-08-19 02:00:17 [asyncio] DEBUG: Using selector: EpollSelector
[2025-08-19T02:00:17.804+0000] {docker.py:429} INFO - 2025-08-19 02:00:17 [scrapy.utils.log] DEBUG: Using reactor: twisted.internet.asyncioreactor.AsyncioSelectorReactor
2025-08-19 02:00:17 [scrapy.utils.log] DEBUG: Using asyncio event loop: asyncio.unix_events._UnixSelectorEventLoop
[2025-08-19T02:00:17.806+0000] {docker.py:429} INFO - 2025-08-19 02:00:17 [scrapy.extensions.telnet] INFO: Telnet Password: 7c70be190b049354
[2025-08-19T02:00:17.913+0000] {docker.py:429} INFO - 2025-08-19 02:00:17 [scrapy.middleware] INFO: Enabled extensions:
['scrapy.extensions.corestats.CoreStats',
 'scrapy.extensions.telnet.TelnetConsole',
 'scrapy.extensions.memusage.MemoryUsage',
 'scrapy.extensions.logstats.LogStats']
[2025-08-19T02:00:17.919+0000] {docker.py:429} INFO - 2025-08-19 02:00:17 [scrapy.crawler] INFO: Overridden settings:
{'BOT_NAME': 'web_scraper_spi',
 'DOWNLOAD_DELAY': 1.0,
 'FEED_EXPORT_ENCODING': 'utf-8',
 'NEWSPIDER_MODULE': 'web_scraper_spi.spiders',
 'ROBOTSTXT_OBEY': True,
 'SPIDER_MODULES': ['web_scraper_spi.spiders'],
 'USER_AGENT': 'Mozilla/5.0 (Windows NT 10.0; Win64; x64) AppleWebKit/537.36'}
[2025-08-19T02:00:18.046+0000] {docker.py:429} INFO - 2025-08-19 02:00:18 [scrapy.middleware] INFO: Enabled downloader middlewares:
['scrapy.downloadermiddlewares.offsite.OffsiteMiddleware',
 'scrapy.downloadermiddlewares.robotstxt.RobotsTxtMiddleware',
 'scrapy.downloadermiddlewares.httpauth.HttpAuthMiddleware',
 'scrapy.downloadermiddlewares.downloadtimeout.DownloadTimeoutMiddleware',
 'scrapy.downloadermiddlewares.defaultheaders.DefaultHeadersMiddleware',
 'scrapy.downloadermiddlewares.useragent.UserAgentMiddleware',
 'scrapy.downloadermiddlewares.retry.RetryMiddleware',
 'scrapy.downloadermiddlewares.redirect.MetaRefreshMiddleware',
 'scrapy.downloadermiddlewares.httpcompression.HttpCompressionMiddleware',
 'scrapy.downloadermiddlewares.redirect.RedirectMiddleware',
 'scrapy.downloadermiddlewares.cookies.CookiesMiddleware',
 'scrapy.downloadermiddlewares.httpproxy.HttpProxyMiddleware',
 'scrapy.downloadermiddlewares.stats.DownloaderStats']
[2025-08-19T02:00:18.051+0000] {docker.py:429} INFO - 2025-08-19 02:00:18 [scrapy.middleware] INFO: Enabled spider middlewares:
['scrapy.spidermiddlewares.start.StartSpiderMiddleware',
 'scrapy.spidermiddlewares.httperror.HttpErrorMiddleware',
 'scrapy.spidermiddlewares.referer.RefererMiddleware',
 'scrapy.spidermiddlewares.urllength.UrlLengthMiddleware',
 'scrapy.spidermiddlewares.depth.DepthMiddleware']
[2025-08-19T02:00:18.051+0000] {docker.py:429} INFO - 2025-08-19 02:00:18 [scrapy.middleware] INFO: Enabled item pipelines:
[]
[2025-08-19T02:00:18.052+0000] {docker.py:429} INFO - 2025-08-19 02:00:18 [scrapy.core.engine] INFO: Spider opened
[2025-08-19T02:00:18.067+0000] {docker.py:429} INFO - 2025-08-19 02:00:18 [py.warnings] WARNING: /usr/local/lib/python3.9/site-packages/scrapy/core/spidermw.py:433: ScrapyDeprecationWarning: web_scraper_spi.spiders.page_downloader.PageDownloaderSpider defines the deprecated start_requests() method. start_requests() has been deprecated in favor of a new method, start(), to support asynchronous code execution. start_requests() will stop being called in a future version of Scrapy. If you use Scrapy 2.13 or higher only, replace start_requests() with start(); note that start() is a coroutine (async def). If you need to maintain compatibility with lower Scrapy versions, when overriding start_requests() in a spider class, override start() as well; you can use super() to reuse the inherited start() implementation without copy-pasting. See the release notes of Scrapy 2.13 for details: https://docs.scrapy.org/en/2.13/news.html
  warn(
[2025-08-19T02:00:18.068+0000] {docker.py:429} INFO - 2025-08-19 02:00:18 [scrapy.extensions.logstats] INFO: Crawled 0 pages (at 0 pages/min), scraped 0 items (at 0 items/min)
[2025-08-19T02:00:18.069+0000] {docker.py:429} INFO - 2025-08-19 02:00:18 [scrapy.extensions.telnet] INFO: Telnet console listening on 127.0.0.1:6023
[2025-08-19T02:00:18.070+0000] {docker.py:429} INFO - ⚡ Usando Selenium directo para dinámica: https://www.chedraui.com.mx/arroz-schettino-verde-900g-3008386/p
[2025-08-19T02:00:18.071+0000] {docker.py:429} INFO - 2025-08-19 02:00:18 [page_downloader] WARNING: Selenium (SeleniumBase) usándose como fallback para: https://www.chedraui.com.mx/arroz-schettino-verde-900g-3008386/p
[2025-08-19T02:01:26.302+0000] {docker.py:429} INFO - ⚡ Usando Selenium directo para dinámica: https://www.chedraui.com.mx/arroz-verde-valle-super-extra-900g-3008380/p
[2025-08-19T02:01:26.317+0000] {docker.py:429} INFO - 2025-08-19 02:01:26 [page_downloader] INFO: Selenium fallback OK for https://www.chedraui.com.mx/arroz-schettino-verde-900g-3008386/p
🔍 Cargando: https://www.chedraui.com.mx/arroz-schettino-verde-900g-3008386/p con SB 🔍

✅ Precio detectado en span.chedrauimx-add-to-cart-button-0-x-currencyContainer
⚠️ reCAPTCHA visible ⚠️

El estado de captcha para https://www.chedraui.com.mx/arroz-schettino-verde-900g-3008386/pes: True
✅ HTML guardado: /app/extraccion/dataset/paginas_descargadas/1.html para https://www.chedraui.com.mx/arroz-schettino-verde-900g-3008386/p
[2025-08-19T02:01:26.317+0000] {docker.py:429} INFO - 
[2025-08-19T02:01:26.318+0000] {docker.py:429} INFO - 2025-08-19 02:01:26 [page_downloader] WARNING: Selenium (SeleniumBase) usándose como fallback para: https://www.chedraui.com.mx/arroz-verde-valle-super-extra-900g-3008380/p
[2025-08-19T02:02:15.547+0000] {docker.py:429} INFO - 2025-08-19 02:02:15 [page_downloader] INFO: Selenium fallback OK for https://www.chedraui.com.mx/arroz-verde-valle-super-extra-900g-3008380/p
🔍 Cargando: https://www.chedraui.com.mx/arroz-verde-valle-super-extra-900g-3008380/p con SB 🔍

✅ Precio detectado en span.chedrauimx-add-to-cart-button-0-x-currencyContainer
⚠️ reCAPTCHA visible ⚠️

El estado de captcha para https://www.chedraui.com.mx/arroz-verde-valle-super-extra-900g-3008380/pes: True
✅ HTML guardado: /app/extraccion/dataset/paginas_descargadas/2.html para https://www.chedraui.com.mx/arroz-verde-valle-super-extra-900g-3008380/p
[2025-08-19T02:02:15.581+0000] {docker.py:429} INFO - 2025-08-19 02:02:15 [scrapy.core.engine] INFO: Closing spider (finished)
[2025-08-19T02:02:15.610+0000] {docker.py:429} INFO - 2025-08-19 02:02:15 [scrapy.statscollectors] INFO: Dumping Scrapy stats:
{'elapsed_time_seconds': 117.523646,
 'finish_reason': 'finished',
 'finish_time': datetime.datetime(2025, 8, 19, 2, 2, 15, 590887, tzinfo=datetime.timezone.utc),
 'items_per_minute': 0.0,
 'log_count/DEBUG': 3,
 'log_count/INFO': 12,
 'log_count/WARNING': 3,
 'memusage/max': 91488256,
 'memusage/startup': 91488256,
 'responses_per_minute': 0.0,
 'start_time': datetime.datetime(2025, 8, 19, 2, 0, 18, 67241, tzinfo=datetime.timezone.utc)}
2025-08-19 02:02:15 [scrapy.core.engine] INFO: Spider closed (finished)
[2025-08-19T02:02:16.101+0000] {docker.py:429} INFO - Descarga completada con Scrapy!
[2025-08-19T02:02:16.103+0000] {docker.py:429} INFO - 
[2025-08-19T02:02:16.105+0000] {docker.py:429} INFO - Proceso completado: 0 URLs estáticas y 2 URLs dinámicas procesadas
[2025-08-19T02:02:16.234+0000] {docker.py:429} INFO - 🧹 Colección 'page_bodies_retails' vaciada.
[2025-08-19T02:02:16.250+0000] {docker.py:429} INFO - 📁 Ruta completa a carpeta:
[2025-08-19T02:02:16.252+0000] {docker.py:429} INFO - /app/extraccion/dataset/paginas_descargadas
[2025-08-19T02:02:16.253+0000] {docker.py:429} INFO - 🔎 Archivos encontrados:
[2025-08-19T02:02:16.254+0000] {docker.py:429} INFO - ['extraccion/dataset/paginas_descargadas/9.html', 'extraccion/dataset/paginas_descargadas/5.html', 'extraccion/dataset/paginas_descargadas/4.html', 'extraccion/dataset/paginas_descargadas/8.html', 'extraccion/dataset/paginas_descargadas/3.html', 'extraccion/dataset/paginas_descargadas/2.html', 'extraccion/dataset/paginas_descargadas/11.html', 'extraccion/dataset/paginas_descargadas/1.html', 'extraccion/dataset/paginas_descargadas/10.html', 'extraccion/dataset/paginas_descargadas/7.html', 'extraccion/dataset/paginas_descargadas/6.html']
[2025-08-19T02:02:16.324+0000] {docker.py:429} INFO - ✅ Insertado: 9
[2025-08-19T02:02:16.331+0000] {docker.py:429} INFO - ✅ Insertado: 5
[2025-08-19T02:02:16.333+0000] {docker.py:429} INFO - ✅ Insertado: 4
[2025-08-19T02:02:16.339+0000] {docker.py:429} INFO - ✅ Insertado: 8
[2025-08-19T02:02:16.344+0000] {docker.py:429} INFO - ✅ Insertado: 3
[2025-08-19T02:02:16.374+0000] {docker.py:429} INFO - ✅ Insertado: 2
[2025-08-19T02:02:16.390+0000] {docker.py:429} INFO - ✅ Insertado: 11
[2025-08-19T02:02:16.431+0000] {docker.py:429} INFO - ✅ Insertado: 1
[2025-08-19T02:02:16.438+0000] {docker.py:429} INFO - ✅ Insertado: 10
[2025-08-19T02:02:16.456+0000] {docker.py:429} INFO - ✅ Insertado: 7
[2025-08-19T02:02:16.464+0000] {docker.py:429} INFO - ✅ Insertado: 6
🎉 ¡Todos los archivos HTML han sido insertados en MongoDB!
👉 Iniciando extracción de variables…
[2025-08-19T02:02:16.466+0000] {docker.py:429} INFO - Buscando archivo en: /app/extraccion/dataset/edaSisPricingInt_variables.xlsx
[2025-08-19T02:02:16.467+0000] {docker.py:429} INFO - ¿Existe el archivo? True
[2025-08-19T02:02:16.570+0000] {docker.py:429} INFO - 📄 Archivo leído correctamente
[2025-08-19T02:02:16.592+0000] {docker.py:429} INFO - URLs estáticas guardadas en: dataset/datos_extraidos_variables/estaticas.txt (2 URLs)
[2025-08-19T02:02:16.595+0000] {docker.py:429} INFO - URLs dinámicas guardadas en: dataset/datos_extraidos_variables/dinamicas.txt (1 URLs)
[2025-08-19T02:02:17.964+0000] {docker.py:429} INFO - 2025-08-19 02:02:17 [scrapy.utils.log] INFO: Scrapy 2.13.2 started (bot: web_scraper_spi)
[2025-08-19T02:02:17.987+0000] {docker.py:429} INFO - 2025-08-19 02:02:17 [scrapy.utils.log] INFO: Versions:
{'lxml': '4.6.3',
 'libxml2': '2.9.10',
 'cssselect': '1.3.0',
 'parsel': '1.10.0',
 'w3lib': '1.22.0',
 'Twisted': '25.5.0',
 'Python': '3.9.23 (main, Aug 13 2025, 12:00:01) - [GCC 14.2.0]',
 'pyOpenSSL': '25.1.0 (OpenSSL 3.5.0 8 Apr 2025)',
 'cryptography': '45.0.4',
 'Platform': 'Linux-6.10.14-linuxkit-aarch64-with-glibc2.41'}
[2025-08-19T02:02:17.989+0000] {docker.py:429} INFO - 2025-08-19 02:02:17 [scrapy.addons] INFO: Enabled addons:
[]
[2025-08-19T02:02:17.994+0000] {docker.py:429} INFO - 2025-08-19 02:02:17 [asyncio] DEBUG: Using selector: EpollSelector
[2025-08-19T02:02:17.995+0000] {docker.py:429} INFO - 2025-08-19 02:02:17 [scrapy.utils.log] DEBUG: Using reactor: twisted.internet.asyncioreactor.AsyncioSelectorReactor
2025-08-19 02:02:17 [scrapy.utils.log] DEBUG: Using asyncio event loop: asyncio.unix_events._UnixSelectorEventLoop
[2025-08-19T02:02:18.001+0000] {docker.py:429} INFO - 2025-08-19 02:02:17 [scrapy.extensions.telnet] INFO: Telnet Password: 747eb28880879062
[2025-08-19T02:02:18.052+0000] {docker.py:429} INFO - 2025-08-19 02:02:18 [scrapy.middleware] INFO: Enabled extensions:
['scrapy.extensions.corestats.CoreStats',
 'scrapy.extensions.telnet.TelnetConsole',
 'scrapy.extensions.memusage.MemoryUsage',
 'scrapy.extensions.logstats.LogStats']
[2025-08-19T02:02:18.052+0000] {docker.py:429} INFO - 2025-08-19 02:02:18 [scrapy.crawler] INFO: Overridden settings:
{'BOT_NAME': 'web_scraper_spi',
 'DOWNLOAD_DELAY': 1.0,
 'FEED_EXPORT_ENCODING': 'utf-8',
 'NEWSPIDER_MODULE': 'web_scraper_spi.spiders',
 'ROBOTSTXT_OBEY': True,
 'SPIDER_MODULES': ['web_scraper_spi.spiders'],
 'USER_AGENT': 'Mozilla/5.0 (Windows NT 10.0; Win64; x64) AppleWebKit/537.36'}
[2025-08-19T02:02:18.148+0000] {docker.py:429} INFO - 2025-08-19 02:02:18 [scrapy.middleware] INFO: Enabled downloader middlewares:
['scrapy.downloadermiddlewares.offsite.OffsiteMiddleware',
 'scrapy.downloadermiddlewares.robotstxt.RobotsTxtMiddleware',
 'scrapy.downloadermiddlewares.httpauth.HttpAuthMiddleware',
 'scrapy.downloadermiddlewares.downloadtimeout.DownloadTimeoutMiddleware',
 'scrapy.downloadermiddlewares.defaultheaders.DefaultHeadersMiddleware',
 'scrapy.downloadermiddlewares.useragent.UserAgentMiddleware',
 'scrapy.downloadermiddlewares.retry.RetryMiddleware',
 'scrapy.downloadermiddlewares.redirect.MetaRefreshMiddleware',
 'scrapy.downloadermiddlewares.httpcompression.HttpCompressionMiddleware',
 'scrapy.downloadermiddlewares.redirect.RedirectMiddleware',
 'scrapy.downloadermiddlewares.cookies.CookiesMiddleware',
 'scrapy.downloadermiddlewares.httpproxy.HttpProxyMiddleware',
 'scrapy.downloadermiddlewares.stats.DownloaderStats']
[2025-08-19T02:02:18.154+0000] {docker.py:429} INFO - 2025-08-19 02:02:18 [scrapy.middleware] INFO: Enabled spider middlewares:
['scrapy.spidermiddlewares.start.StartSpiderMiddleware',
 'scrapy.spidermiddlewares.httperror.HttpErrorMiddleware',
 'scrapy.spidermiddlewares.referer.RefererMiddleware',
 'scrapy.spidermiddlewares.urllength.UrlLengthMiddleware',
 'scrapy.spidermiddlewares.depth.DepthMiddleware']
[2025-08-19T02:02:18.154+0000] {docker.py:429} INFO - 2025-08-19 02:02:18 [scrapy.middleware] INFO: Enabled item pipelines:
[]
[2025-08-19T02:02:18.155+0000] {docker.py:429} INFO - 2025-08-19 02:02:18 [scrapy.core.engine] INFO: Spider opened
[2025-08-19T02:02:18.164+0000] {docker.py:429} INFO - 2025-08-19 02:02:18 [py.warnings] WARNING: /usr/local/lib/python3.9/site-packages/scrapy/core/spidermw.py:433: ScrapyDeprecationWarning: web_scraper_spi.spiders.page_downloader_variables.PageDownloaderVariablesSpider defines the deprecated start_requests() method. start_requests() has been deprecated in favor of a new method, start(), to support asynchronous code execution. start_requests() will stop being called in a future version of Scrapy. If you use Scrapy 2.13 or higher only, replace start_requests() with start(); note that start() is a coroutine (async def). If you need to maintain compatibility with lower Scrapy versions, when overriding start_requests() in a spider class, override start() as well; you can use super() to reuse the inherited start() implementation without copy-pasting. See the release notes of Scrapy 2.13 for details: https://docs.scrapy.org/en/2.13/news.html
  warn(
[2025-08-19T02:02:18.164+0000] {docker.py:429} INFO - 2025-08-19 02:02:18 [scrapy.extensions.logstats] INFO: Crawled 0 pages (at 0 pages/min), scraped 0 items (at 0 items/min)
[2025-08-19T02:02:18.165+0000] {docker.py:429} INFO - 2025-08-19 02:02:18 [scrapy.extensions.telnet] INFO: Telnet console listening on 127.0.0.1:6023
[2025-08-19T02:02:18.167+0000] {docker.py:429} INFO - 2025-08-19 02:02:18 [page_downloader_variables] INFO: ⚡ Usando Selenium directo para dinámica: https://wise.com/es/currency-converter/usd-to-mxn-rate?amount=1
[2025-08-19T02:02:18.167+0000] {docker.py:429} INFO - 2025-08-19 02:02:18 [page_downloader_variables] WARNING: Selenium (SeleniumBase) usándose como fallback para variable: https://wise.com/es/currency-converter/usd-to-mxn-rate?amount=1
[2025-08-19T02:06:06.351+0000] {docker.py:429} INFO - 2025-08-19 02:06:06 [page_downloader_variables] INFO: Selenium fallback OK for https://wise.com/es/currency-converter/usd-to-mxn-rate?amount=1
🔍 Cargando variable: https://wise.com/es/currency-converter/usd-to-mxn-rate?amount=1 con SB 🔍

⚠️ No encontrado:  - Posiblemente la pagina cambio o la variable no existe | Element {} was not found!

El estado de captcha para https://wise.com/es/currency-converter/usd-to-mxn-rate?amount=1es: False
✅ HTML guardado: /app/extraccion/dataset/paginas_descargadas_vars/usd-to-mxn-rate_25e2ecfe.txt para https://wise.com/es/currency-converter/usd-to-mxn-rate?amount=1
[2025-08-19T02:06:06.374+0000] {docker.py:429} INFO - 2025-08-19 02:06:06 [page_downloader_variables] INFO: 🌐 Usando Scrapy para estática: https://www.mataf.net/es/cambio/divisas-USD-ECS?m1=1
[2025-08-19T02:06:06.507+0000] {docker.py:429} INFO - 2025-08-19 02:06:06 [scrapy.extensions.logstats] INFO: Crawled 0 pages (at 0 pages/min), scraped 0 items (at 0 items/min)
[2025-08-19T02:06:06.509+0000] {docker.py:429} INFO - 2025-08-19 02:06:06 [page_downloader_variables] INFO: 🌐 Usando Scrapy para estática: https://tradingeconomics.com/peru/inflation-cpi
[2025-08-19T02:06:07.014+0000] {docker.py:429} INFO - 2025-08-19 02:06:07 [scrapy.core.engine] DEBUG: Crawled (200) <GET https://tradingeconomics.com/robots.txt> (referer: None)
[2025-08-19T02:06:07.128+0000] {docker.py:429} INFO - 2025-08-19 02:06:07 [scrapy.core.engine] DEBUG: Crawled (200) <GET https://www.mataf.net/robots.txt> (referer: None)
[2025-08-19T02:06:07.315+0000] {docker.py:429} INFO - 2025-08-19 02:06:07 [scrapy.downloadermiddlewares.httpcompression] WARNING: HttpCompressionMiddleware cannot decode the response for https://www.mataf.net/es/cambio/divisas-USD-ECS?m1=1 from unsupported encoding(s) 'br'. You need to install brotli or brotlicffi to decode 'br'.
[2025-08-19T02:06:07.316+0000] {docker.py:429} INFO - 2025-08-19 02:06:07 [scrapy.core.engine] DEBUG: Crawled (403) <GET https://www.mataf.net/es/cambio/divisas-USD-ECS?m1=1> (referer: None)
[2025-08-19T02:06:07.423+0000] {docker.py:429} INFO - 2025-08-19 02:06:07 [page_downloader_variables] WARNING: Selenium (SeleniumBase) usándose como fallback para variable: https://www.mataf.net/es/cambio/divisas-USD-ECS?m1=1
[2025-08-19T02:06:58.253+0000] {docker.py:429} INFO - 2025-08-19 02:06:58 [page_downloader_variables] INFO: Selenium fallback OK for https://www.mataf.net/es/cambio/divisas-USD-ECS?m1=1
🔍 Cargando variable: https://www.mataf.net/es/cambio/divisas-USD-ECS?m1=1 con SB 🔍

✅ Variable detectada en select#convFrom

El estado de captcha para https://www.mataf.net/es/cambio/divisas-USD-ECS?m1=1es: False
✅ HTML guardado: /app/extraccion/dataset/paginas_descargadas_vars/divisas-USD-ECS_05f39553.txt para https://www.mataf.net/es/cambio/divisas-USD-ECS?m1=1
[2025-08-19T02:06:58.361+0000] {docker.py:429} INFO - 2025-08-19 02:06:58 [urllib3.connectionpool] DEBUG: Starting new HTTPS connection (1): publicsuffix.org:443
[2025-08-19T02:06:58.505+0000] {docker.py:429} INFO - 2025-08-19 02:06:58 [urllib3.connectionpool] DEBUG: https://publicsuffix.org:443 "GET /list/public_suffix_list.dat HTTP/1.1" 200 87984
[2025-08-19T02:06:58.927+0000] {docker.py:429} INFO - 2025-08-19 02:06:58 [scrapy.core.engine] DEBUG: Crawled (200) <GET https://tradingeconomics.com/peru/inflation-cpi> (referer: None)
[2025-08-19T02:06:58.928+0000] {docker.py:429} INFO - 2025-08-19 02:06:58 [scrapy.extensions.logstats] INFO: Crawled 4 pages (at 4 pages/min), scraped 0 items (at 0 items/min)
[2025-08-19T02:06:59.091+0000] {docker.py:429} INFO - Detectando captcha para https://tradingeconomics.com/peru/inflation-cpi
[2025-08-19T02:06:59.229+0000] {docker.py:429} INFO - 2025-08-19 02:06:59 [page_downloader_variables] INFO: 




Guardado solo <body> para inflation-cpi_cfb68403.txt: /app/extraccion/dataset/paginas_descargadas_vars/inflation-cpi_cfb68403.txt
[2025-08-19T02:06:59.231+0000] {docker.py:429} INFO - 2025-08-19 02:06:59 [scrapy.core.engine] INFO: Closing spider (finished)
[2025-08-19T02:06:59.232+0000] {docker.py:429} INFO - 2025-08-19 02:06:59 [scrapy.statscollectors] INFO: Dumping Scrapy stats:
{'downloader/request_bytes': 1302,
 'downloader/request_count': 4,
 'downloader/request_method_count/GET': 4,
 'downloader/response_bytes': 65758,
 'downloader/response_count': 4,
 'downloader/response_status_count/200': 3,
 'downloader/response_status_count/403': 1,
 'elapsed_time_seconds': 281.067202,
 'finish_reason': 'finished',
 'finish_time': datetime.datetime(2025, 8, 19, 2, 6, 59, 231050, tzinfo=datetime.timezone.utc),
 'httpcompression/response_bytes': 253088,
 'httpcompression/response_count': 3,
 'items_per_minute': 0.0,
 'log_count/DEBUG': 9,
 'log_count/INFO': 18,
 'log_count/WARNING': 4,
 'memusage/max': 95576064,
 'memusage/startup': 95576064,
 'response_received_count': 4,
 'responses_per_minute': 0.8540925266903914,
 'robotstxt/request_count': 2,
 'robotstxt/response_count': 2,
 'robotstxt/response_status_count/200': 2,
 'scheduler/dequeued': 2,
 'scheduler/dequeued/memory': 2,
 'scheduler/enqueued': 2,
 'scheduler/enqueued/memory': 2,
 'start_time': datetime.datetime(2025, 8, 19, 2, 2, 18, 163848, tzinfo=datetime.timezone.utc)}
2025-08-19 02:06:59 [scrapy.core.engine] INFO: Spider closed (finished)
[2025-08-19T02:06:59.520+0000] {docker.py:429} INFO - Descarga completada con Scrapy Variables!
[2025-08-19T02:06:59.521+0000] {docker.py:429} INFO - 
[2025-08-19T02:06:59.521+0000] {docker.py:429} INFO - Proceso completado Variables: 2 URLs estáticas y 1 URLs dinámicas procesadas
[2025-08-19T02:06:59.557+0000] {docker.py:429} INFO - 🧹 Colección 'vars de bodies_scraping' vaciada.
[2025-08-19T02:06:59.567+0000] {docker.py:429} INFO - 📁 Ruta completa a carpeta:
[2025-08-19T02:06:59.567+0000] {docker.py:429} INFO - /app/extraccion/dataset/paginas_descargadas_vars
[2025-08-19T02:06:59.568+0000] {docker.py:429} INFO - 🔎 Archivos encontrados:
[2025-08-19T02:06:59.569+0000] {docker.py:429} INFO - ['extraccion/dataset/paginas_descargadas_vars/consumer-price-index-cpi_65e7366d.txt', 'extraccion/dataset/paginas_descargadas_vars/usd-to-mxn-rate_25e2ecfe.txt', 'extraccion/dataset/paginas_descargadas_vars/divisas-USD-ECS_05f39553.txt', 'extraccion/dataset/paginas_descargadas_vars/inflation-cpi_cfb68403.txt']
[2025-08-19T02:06:59.577+0000] {docker.py:429} INFO - ✅ Insertado: consumer-price-index-cpi_65e7366d
[2025-08-19T02:06:59.579+0000] {docker.py:429} INFO - ✅ Insertado: usd-to-mxn-rate_25e2ecfe
[2025-08-19T02:06:59.581+0000] {docker.py:429} INFO - ✅ Insertado: divisas-USD-ECS_05f39553
[2025-08-19T02:06:59.583+0000] {docker.py:429} INFO - ✅ Insertado: inflation-cpi_cfb68403
🎉 ¡Todos los archivos HTML han sido insertados en MongoDB!

✅ Proceso completo.
[2025-08-19T02:07:01.539+0000] {taskinstance.py:1149} INFO - Marking task as SUCCESS. dag_id=scraping_main_run, task_id=scrape_prods_vars, execution_date=20250819T020010, start_date=20250819T020012, end_date=20250819T020701
[2025-08-19T02:07:01.640+0000] {local_task_job_runner.py:234} INFO - Task exited with return code 0
[2025-08-19T02:07:01.694+0000] {taskinstance.py:3309} INFO - 0 downstream tasks scheduled from follow-on schedule check
