[2025-08-02T02:18:24.016+0000] {task_command.py:423} INFO - Running <TaskInstance: scraping_main_run.run_scraping_script manual__2025-08-02T02:09:24.471156+00:00 [skipped]> on host d33756a07e2f
[2025-08-02T02:18:24.561+0000] {taskinstance.py:2510} INFO - Exporting env vars: AIRFLOW_CTX_DAG_OWNER='***' AIRFLOW_CTX_DAG_ID='scraping_main_run' AIRFLOW_CTX_TASK_ID='run_scraping_script' AIRFLOW_CTX_EXECUTION_DATE='2025-08-02T02:09:24.471156+00:00' AIRFLOW_CTX_TRY_NUMBER='6' AIRFLOW_CTX_DAG_RUN_ID='manual__2025-08-02T02:09:24.471156+00:00'
[2025-08-02T02:18:24.603+0000] {subprocess.py:63} INFO - Tmp dir root location: /tmp
[2025-08-02T02:18:24.610+0000] {subprocess.py:75} INFO - Running command: ['/usr/bin/bash', '-c', 'cd /opt/spiView/Tesis-Scraping && python3 extraccion/main.py']
[2025-08-02T02:18:24.644+0000] {subprocess.py:86} INFO - Output:
[2025-08-02T02:18:24.671+0000] {subprocess.py:93} INFO - /usr/bin/bash: line 1: cd: /opt/spiView/Tesis-Scraping: No such file or directory
[2025-08-02T02:18:24.671+0000] {subprocess.py:97} INFO - Command exited with return code 1
[2025-08-02T02:18:37.707+0000] {taskinstance.py:1979} INFO - Dependencies all met for dep_context=non-requeueable deps ti=<TaskInstance: scraping_main_run.run_scraping_script manual__2025-08-02T02:09:24.471156+00:00 [queued]>
[2025-08-02T02:18:37.751+0000] {taskinstance.py:1979} INFO - Dependencies all met for dep_context=requeueable deps ti=<TaskInstance: scraping_main_run.run_scraping_script manual__2025-08-02T02:09:24.471156+00:00 [queued]>
[2025-08-02T02:18:37.752+0000] {taskinstance.py:2193} INFO - Starting attempt 6 of 11
[2025-08-02T02:18:37.826+0000] {taskinstance.py:2214} INFO - Executing <Task(BashOperator): run_scraping_script> on 2025-08-02 02:09:24.471156+00:00
[2025-08-02T02:18:37.874+0000] {standard_task_runner.py:60} INFO - Started process 552 to run task
[2025-08-02T02:18:37.906+0000] {standard_task_runner.py:87} INFO - Running: ['***', 'tasks', 'run', 'scraping_main_run', 'run_scraping_script', 'manual__2025-08-02T02:09:24.471156+00:00', '--job-id', '17', '--raw', '--subdir', 'DAGS_FOLDER/scraping_dags.py', '--cfg-path', '/tmp/tmpgrhn3bgy']
[2025-08-02T02:18:37.923+0000] {standard_task_runner.py:88} INFO - Job 17: Subtask run_scraping_script
[2025-08-02T02:18:38.218+0000] {task_command.py:423} INFO - Running <TaskInstance: scraping_main_run.run_scraping_script manual__2025-08-02T02:09:24.471156+00:00 [running]> on host d33756a07e2f
[2025-08-02T02:18:38.717+0000] {taskinstance.py:2510} INFO - Exporting env vars: AIRFLOW_CTX_DAG_OWNER='***' AIRFLOW_CTX_DAG_ID='scraping_main_run' AIRFLOW_CTX_TASK_ID='run_scraping_script' AIRFLOW_CTX_EXECUTION_DATE='2025-08-02T02:09:24.471156+00:00' AIRFLOW_CTX_TRY_NUMBER='6' AIRFLOW_CTX_DAG_RUN_ID='manual__2025-08-02T02:09:24.471156+00:00'
[2025-08-02T02:18:38.913+0000] {subprocess.py:63} INFO - Tmp dir root location: /tmp
[2025-08-02T02:18:38.937+0000] {subprocess.py:75} INFO - Running command: ['/usr/bin/bash', '-c', 'cd /opt/spiView/Tesis-Scraping && python3 extraccion/main.py']
[2025-08-02T02:18:39.201+0000] {subprocess.py:86} INFO - Output:
[2025-08-02T02:18:39.403+0000] {subprocess.py:93} INFO - /usr/bin/bash: line 1: cd: /opt/spiView/Tesis-Scraping: No such file or directory
[2025-08-02T02:18:39.446+0000] {subprocess.py:97} INFO - Command exited with return code 1
[2025-08-02T02:18:39.760+0000] {local_task_job_runner.py:234} INFO - Task exited with return code 0
[2025-08-02T02:18:39.959+0000] {taskinstance.py:3309} INFO - 0 downstream tasks scheduled from follow-on schedule check
