[2025-08-02T02:24:44.073+0000] {taskinstance.py:1979} INFO - Dependencies all met for dep_context=non-requeueable deps ti=<TaskInstance: scraping_main_run.run_scraping_script manual__2025-08-02T02:09:24.471156+00:00 [queued]>
[2025-08-02T02:24:44.102+0000] {taskinstance.py:1979} INFO - Dependencies all met for dep_context=requeueable deps ti=<TaskInstance: scraping_main_run.run_scraping_script manual__2025-08-02T02:09:24.471156+00:00 [queued]>
[2025-08-02T02:24:44.105+0000] {taskinstance.py:2193} INFO - Starting attempt 9 of 10
[2025-08-02T02:24:44.149+0000] {taskinstance.py:2214} INFO - Executing <Task(BashOperator): run_scraping_script> on 2025-08-02 02:09:24.471156+00:00
[2025-08-02T02:24:44.184+0000] {standard_task_runner.py:60} INFO - Started process 645 to run task
[2025-08-02T02:24:44.189+0000] {standard_task_runner.py:87} INFO - Running: ['***', 'tasks', 'run', 'scraping_main_run', 'run_scraping_script', 'manual__2025-08-02T02:09:24.471156+00:00', '--job-id', '23', '--raw', '--subdir', 'DAGS_FOLDER/scraping_dags.py', '--cfg-path', '/tmp/tmp5yljeb8q']
[2025-08-02T02:24:44.196+0000] {standard_task_runner.py:88} INFO - Job 23: Subtask run_scraping_script
[2025-08-02T02:24:44.302+0000] {task_command.py:423} INFO - Running <TaskInstance: scraping_main_run.run_scraping_script manual__2025-08-02T02:09:24.471156+00:00 [running]> on host d33756a07e2f
[2025-08-02T02:24:44.537+0000] {taskinstance.py:2510} INFO - Exporting env vars: AIRFLOW_CTX_DAG_OWNER='***' AIRFLOW_CTX_DAG_ID='scraping_main_run' AIRFLOW_CTX_TASK_ID='run_scraping_script' AIRFLOW_CTX_EXECUTION_DATE='2025-08-02T02:09:24.471156+00:00' AIRFLOW_CTX_TRY_NUMBER='9' AIRFLOW_CTX_DAG_RUN_ID='manual__2025-08-02T02:09:24.471156+00:00'
[2025-08-02T02:24:44.554+0000] {subprocess.py:63} INFO - Tmp dir root location: /tmp
[2025-08-02T02:24:44.557+0000] {subprocess.py:75} INFO - Running command: ['/usr/bin/bash', '-c', 'cd ../spiView/Tesis-Scraping && source venv/bin/activate && python3 extraccion/main.py']
[2025-08-02T02:24:44.609+0000] {subprocess.py:86} INFO - Output:
[2025-08-02T02:24:44.658+0000] {subprocess.py:93} INFO - /usr/bin/bash: line 1: cd: ../spiView/Tesis-Scraping: No such file or directory
[2025-08-02T02:24:44.661+0000] {subprocess.py:97} INFO - Command exited with return code 1
[2025-08-02T02:24:44.725+0000] {taskinstance.py:2728} ERROR - Task failed with exception
Traceback (most recent call last):
  File "/home/airflow/.local/lib/python3.8/site-packages/airflow/models/taskinstance.py", line 444, in _execute_task
    result = _execute_callable(context=context, **execute_callable_kwargs)
  File "/home/airflow/.local/lib/python3.8/site-packages/airflow/models/taskinstance.py", line 414, in _execute_callable
    return execute_callable(context=context, **execute_callable_kwargs)
  File "/home/airflow/.local/lib/python3.8/site-packages/airflow/operators/bash.py", line 212, in execute
    raise AirflowException(
airflow.exceptions.AirflowException: Bash command failed. The command returned a non-zero exit code 1.
[2025-08-02T02:24:44.745+0000] {taskinstance.py:1149} INFO - Marking task as UP_FOR_RETRY. dag_id=scraping_main_run, task_id=run_scraping_script, execution_date=20250802T020924, start_date=20250802T022444, end_date=20250802T022444
[2025-08-02T02:24:44.790+0000] {standard_task_runner.py:107} ERROR - Failed to execute job 23 for task run_scraping_script (Bash command failed. The command returned a non-zero exit code 1.; 645)
[2025-08-02T02:24:44.839+0000] {local_task_job_runner.py:234} INFO - Task exited with return code 1
[2025-08-02T02:24:44.951+0000] {taskinstance.py:3309} INFO - 0 downstream tasks scheduled from follow-on schedule check
