[2025-08-14T17:36:49.501+0000] {processor.py:161} INFO - Started process (PID=93) to work on /home/airflow/.local/lib/python3.8/site-packages/airflow/example_dags/example_sensor_decorator.py
[2025-08-14T17:36:49.505+0000] {processor.py:830} INFO - Processing file /home/airflow/.local/lib/python3.8/site-packages/airflow/example_dags/example_sensor_decorator.py for tasks to queue
[2025-08-14T17:36:49.509+0000] {logging_mixin.py:188} INFO - [2025-08-14T17:36:49.509+0000] {dagbag.py:540} INFO - Filling up the DagBag from /home/airflow/.local/lib/python3.8/site-packages/airflow/example_dags/example_sensor_decorator.py
[2025-08-14T17:36:49.528+0000] {processor.py:840} INFO - DAG(s) 'example_sensor_decorator' retrieved from /home/airflow/.local/lib/python3.8/site-packages/airflow/example_dags/example_sensor_decorator.py
[2025-08-14T17:36:49.740+0000] {logging_mixin.py:188} INFO - [2025-08-14T17:36:49.730+0000] {dag.py:3047} INFO - Sync 1 DAGs
[2025-08-14T17:36:49.805+0000] {logging_mixin.py:188} INFO - [2025-08-14T17:36:49.805+0000] {dag.py:3834} INFO - Setting next_dagrun for example_sensor_decorator to None, run_after=None
[2025-08-14T17:36:49.848+0000] {processor.py:183} INFO - Processing /home/airflow/.local/lib/python3.8/site-packages/airflow/example_dags/example_sensor_decorator.py took 0.361 seconds
[2025-08-14T17:37:20.617+0000] {processor.py:161} INFO - Started process (PID=149) to work on /home/airflow/.local/lib/python3.8/site-packages/airflow/example_dags/example_sensor_decorator.py
[2025-08-14T17:37:20.623+0000] {processor.py:830} INFO - Processing file /home/airflow/.local/lib/python3.8/site-packages/airflow/example_dags/example_sensor_decorator.py for tasks to queue
[2025-08-14T17:37:20.625+0000] {logging_mixin.py:188} INFO - [2025-08-14T17:37:20.625+0000] {dagbag.py:540} INFO - Filling up the DagBag from /home/airflow/.local/lib/python3.8/site-packages/airflow/example_dags/example_sensor_decorator.py
[2025-08-14T17:37:20.634+0000] {processor.py:840} INFO - DAG(s) 'example_sensor_decorator' retrieved from /home/airflow/.local/lib/python3.8/site-packages/airflow/example_dags/example_sensor_decorator.py
[2025-08-14T17:37:20.701+0000] {logging_mixin.py:188} INFO - [2025-08-14T17:37:20.701+0000] {dag.py:3047} INFO - Sync 1 DAGs
[2025-08-14T17:37:20.706+0000] {logging_mixin.py:188} INFO - [2025-08-14T17:37:20.706+0000] {dag.py:3834} INFO - Setting next_dagrun for example_sensor_decorator to None, run_after=None
[2025-08-14T17:37:20.720+0000] {processor.py:183} INFO - Processing /home/airflow/.local/lib/python3.8/site-packages/airflow/example_dags/example_sensor_decorator.py took 0.107 seconds
[2025-08-14T17:37:50.979+0000] {processor.py:161} INFO - Started process (PID=205) to work on /home/airflow/.local/lib/python3.8/site-packages/airflow/example_dags/example_sensor_decorator.py
[2025-08-14T17:37:50.998+0000] {processor.py:830} INFO - Processing file /home/airflow/.local/lib/python3.8/site-packages/airflow/example_dags/example_sensor_decorator.py for tasks to queue
[2025-08-14T17:37:51.004+0000] {logging_mixin.py:188} INFO - [2025-08-14T17:37:51.003+0000] {dagbag.py:540} INFO - Filling up the DagBag from /home/airflow/.local/lib/python3.8/site-packages/airflow/example_dags/example_sensor_decorator.py
[2025-08-14T17:37:51.028+0000] {processor.py:840} INFO - DAG(s) 'example_sensor_decorator' retrieved from /home/airflow/.local/lib/python3.8/site-packages/airflow/example_dags/example_sensor_decorator.py
[2025-08-14T17:37:51.111+0000] {logging_mixin.py:188} INFO - [2025-08-14T17:37:51.111+0000] {dag.py:3047} INFO - Sync 1 DAGs
[2025-08-14T17:37:51.134+0000] {logging_mixin.py:188} INFO - [2025-08-14T17:37:51.133+0000] {dag.py:3834} INFO - Setting next_dagrun for example_sensor_decorator to None, run_after=None
[2025-08-14T17:37:51.181+0000] {processor.py:183} INFO - Processing /home/airflow/.local/lib/python3.8/site-packages/airflow/example_dags/example_sensor_decorator.py took 0.212 seconds
[2025-08-14T17:38:21.798+0000] {processor.py:161} INFO - Started process (PID=261) to work on /home/airflow/.local/lib/python3.8/site-packages/airflow/example_dags/example_sensor_decorator.py
[2025-08-14T17:38:21.801+0000] {processor.py:830} INFO - Processing file /home/airflow/.local/lib/python3.8/site-packages/airflow/example_dags/example_sensor_decorator.py for tasks to queue
[2025-08-14T17:38:21.804+0000] {logging_mixin.py:188} INFO - [2025-08-14T17:38:21.804+0000] {dagbag.py:540} INFO - Filling up the DagBag from /home/airflow/.local/lib/python3.8/site-packages/airflow/example_dags/example_sensor_decorator.py
[2025-08-14T17:38:21.824+0000] {processor.py:840} INFO - DAG(s) 'example_sensor_decorator' retrieved from /home/airflow/.local/lib/python3.8/site-packages/airflow/example_dags/example_sensor_decorator.py
[2025-08-14T17:38:21.849+0000] {logging_mixin.py:188} INFO - [2025-08-14T17:38:21.849+0000] {dag.py:3047} INFO - Sync 1 DAGs
[2025-08-14T17:38:21.860+0000] {logging_mixin.py:188} INFO - [2025-08-14T17:38:21.860+0000] {dag.py:3834} INFO - Setting next_dagrun for example_sensor_decorator to None, run_after=None
[2025-08-14T17:38:21.880+0000] {processor.py:183} INFO - Processing /home/airflow/.local/lib/python3.8/site-packages/airflow/example_dags/example_sensor_decorator.py took 0.089 seconds
[2025-08-14T17:38:52.311+0000] {processor.py:161} INFO - Started process (PID=318) to work on /home/airflow/.local/lib/python3.8/site-packages/airflow/example_dags/example_sensor_decorator.py
[2025-08-14T17:38:52.312+0000] {processor.py:830} INFO - Processing file /home/airflow/.local/lib/python3.8/site-packages/airflow/example_dags/example_sensor_decorator.py for tasks to queue
[2025-08-14T17:38:52.314+0000] {logging_mixin.py:188} INFO - [2025-08-14T17:38:52.313+0000] {dagbag.py:540} INFO - Filling up the DagBag from /home/airflow/.local/lib/python3.8/site-packages/airflow/example_dags/example_sensor_decorator.py
[2025-08-14T17:38:52.318+0000] {processor.py:840} INFO - DAG(s) 'example_sensor_decorator' retrieved from /home/airflow/.local/lib/python3.8/site-packages/airflow/example_dags/example_sensor_decorator.py
[2025-08-14T17:38:52.345+0000] {logging_mixin.py:188} INFO - [2025-08-14T17:38:52.344+0000] {dag.py:3047} INFO - Sync 1 DAGs
[2025-08-14T17:38:52.360+0000] {logging_mixin.py:188} INFO - [2025-08-14T17:38:52.360+0000] {dag.py:3834} INFO - Setting next_dagrun for example_sensor_decorator to None, run_after=None
[2025-08-14T17:38:52.386+0000] {processor.py:183} INFO - Processing /home/airflow/.local/lib/python3.8/site-packages/airflow/example_dags/example_sensor_decorator.py took 0.079 seconds
[2025-08-14T17:39:22.708+0000] {processor.py:161} INFO - Started process (PID=374) to work on /home/airflow/.local/lib/python3.8/site-packages/airflow/example_dags/example_sensor_decorator.py
[2025-08-14T17:39:22.713+0000] {processor.py:830} INFO - Processing file /home/airflow/.local/lib/python3.8/site-packages/airflow/example_dags/example_sensor_decorator.py for tasks to queue
[2025-08-14T17:39:22.716+0000] {logging_mixin.py:188} INFO - [2025-08-14T17:39:22.715+0000] {dagbag.py:540} INFO - Filling up the DagBag from /home/airflow/.local/lib/python3.8/site-packages/airflow/example_dags/example_sensor_decorator.py
[2025-08-14T17:39:22.727+0000] {processor.py:840} INFO - DAG(s) 'example_sensor_decorator' retrieved from /home/airflow/.local/lib/python3.8/site-packages/airflow/example_dags/example_sensor_decorator.py
[2025-08-14T17:39:22.761+0000] {logging_mixin.py:188} INFO - [2025-08-14T17:39:22.761+0000] {dag.py:3047} INFO - Sync 1 DAGs
[2025-08-14T17:39:22.770+0000] {logging_mixin.py:188} INFO - [2025-08-14T17:39:22.770+0000] {dag.py:3834} INFO - Setting next_dagrun for example_sensor_decorator to None, run_after=None
[2025-08-14T17:39:22.784+0000] {processor.py:183} INFO - Processing /home/airflow/.local/lib/python3.8/site-packages/airflow/example_dags/example_sensor_decorator.py took 0.083 seconds
[2025-08-14T17:39:53.637+0000] {processor.py:161} INFO - Started process (PID=430) to work on /home/airflow/.local/lib/python3.8/site-packages/airflow/example_dags/example_sensor_decorator.py
[2025-08-14T17:39:53.638+0000] {processor.py:830} INFO - Processing file /home/airflow/.local/lib/python3.8/site-packages/airflow/example_dags/example_sensor_decorator.py for tasks to queue
[2025-08-14T17:39:53.639+0000] {logging_mixin.py:188} INFO - [2025-08-14T17:39:53.639+0000] {dagbag.py:540} INFO - Filling up the DagBag from /home/airflow/.local/lib/python3.8/site-packages/airflow/example_dags/example_sensor_decorator.py
[2025-08-14T17:39:53.648+0000] {processor.py:840} INFO - DAG(s) 'example_sensor_decorator' retrieved from /home/airflow/.local/lib/python3.8/site-packages/airflow/example_dags/example_sensor_decorator.py
[2025-08-14T17:39:53.668+0000] {logging_mixin.py:188} INFO - [2025-08-14T17:39:53.667+0000] {dag.py:3047} INFO - Sync 1 DAGs
[2025-08-14T17:39:53.676+0000] {logging_mixin.py:188} INFO - [2025-08-14T17:39:53.676+0000] {dag.py:3834} INFO - Setting next_dagrun for example_sensor_decorator to None, run_after=None
[2025-08-14T17:39:53.691+0000] {processor.py:183} INFO - Processing /home/airflow/.local/lib/python3.8/site-packages/airflow/example_dags/example_sensor_decorator.py took 0.057 seconds
[2025-08-14T17:40:24.289+0000] {processor.py:161} INFO - Started process (PID=486) to work on /home/airflow/.local/lib/python3.8/site-packages/airflow/example_dags/example_sensor_decorator.py
[2025-08-14T17:40:24.291+0000] {processor.py:830} INFO - Processing file /home/airflow/.local/lib/python3.8/site-packages/airflow/example_dags/example_sensor_decorator.py for tasks to queue
[2025-08-14T17:40:24.294+0000] {logging_mixin.py:188} INFO - [2025-08-14T17:40:24.293+0000] {dagbag.py:540} INFO - Filling up the DagBag from /home/airflow/.local/lib/python3.8/site-packages/airflow/example_dags/example_sensor_decorator.py
[2025-08-14T17:40:24.302+0000] {processor.py:840} INFO - DAG(s) 'example_sensor_decorator' retrieved from /home/airflow/.local/lib/python3.8/site-packages/airflow/example_dags/example_sensor_decorator.py
[2025-08-14T17:40:24.320+0000] {logging_mixin.py:188} INFO - [2025-08-14T17:40:24.319+0000] {dag.py:3047} INFO - Sync 1 DAGs
[2025-08-14T17:40:24.329+0000] {logging_mixin.py:188} INFO - [2025-08-14T17:40:24.328+0000] {dag.py:3834} INFO - Setting next_dagrun for example_sensor_decorator to None, run_after=None
[2025-08-14T17:40:24.351+0000] {processor.py:183} INFO - Processing /home/airflow/.local/lib/python3.8/site-packages/airflow/example_dags/example_sensor_decorator.py took 0.069 seconds
[2025-08-14T17:40:54.930+0000] {processor.py:161} INFO - Started process (PID=542) to work on /home/airflow/.local/lib/python3.8/site-packages/airflow/example_dags/example_sensor_decorator.py
[2025-08-14T17:40:54.931+0000] {processor.py:830} INFO - Processing file /home/airflow/.local/lib/python3.8/site-packages/airflow/example_dags/example_sensor_decorator.py for tasks to queue
[2025-08-14T17:40:54.934+0000] {logging_mixin.py:188} INFO - [2025-08-14T17:40:54.934+0000] {dagbag.py:540} INFO - Filling up the DagBag from /home/airflow/.local/lib/python3.8/site-packages/airflow/example_dags/example_sensor_decorator.py
[2025-08-14T17:40:54.940+0000] {processor.py:840} INFO - DAG(s) 'example_sensor_decorator' retrieved from /home/airflow/.local/lib/python3.8/site-packages/airflow/example_dags/example_sensor_decorator.py
[2025-08-14T17:40:54.954+0000] {logging_mixin.py:188} INFO - [2025-08-14T17:40:54.953+0000] {dag.py:3047} INFO - Sync 1 DAGs
[2025-08-14T17:40:54.960+0000] {logging_mixin.py:188} INFO - [2025-08-14T17:40:54.960+0000] {dag.py:3834} INFO - Setting next_dagrun for example_sensor_decorator to None, run_after=None
[2025-08-14T17:40:54.974+0000] {processor.py:183} INFO - Processing /home/airflow/.local/lib/python3.8/site-packages/airflow/example_dags/example_sensor_decorator.py took 0.049 seconds
[2025-08-14T17:41:25.226+0000] {processor.py:161} INFO - Started process (PID=598) to work on /home/airflow/.local/lib/python3.8/site-packages/airflow/example_dags/example_sensor_decorator.py
[2025-08-14T17:41:25.228+0000] {processor.py:830} INFO - Processing file /home/airflow/.local/lib/python3.8/site-packages/airflow/example_dags/example_sensor_decorator.py for tasks to queue
[2025-08-14T17:41:25.230+0000] {logging_mixin.py:188} INFO - [2025-08-14T17:41:25.229+0000] {dagbag.py:540} INFO - Filling up the DagBag from /home/airflow/.local/lib/python3.8/site-packages/airflow/example_dags/example_sensor_decorator.py
[2025-08-14T17:41:25.236+0000] {processor.py:840} INFO - DAG(s) 'example_sensor_decorator' retrieved from /home/airflow/.local/lib/python3.8/site-packages/airflow/example_dags/example_sensor_decorator.py
[2025-08-14T17:41:25.258+0000] {logging_mixin.py:188} INFO - [2025-08-14T17:41:25.256+0000] {dag.py:3047} INFO - Sync 1 DAGs
[2025-08-14T17:41:25.265+0000] {logging_mixin.py:188} INFO - [2025-08-14T17:41:25.265+0000] {dag.py:3834} INFO - Setting next_dagrun for example_sensor_decorator to None, run_after=None
[2025-08-14T17:41:25.280+0000] {processor.py:183} INFO - Processing /home/airflow/.local/lib/python3.8/site-packages/airflow/example_dags/example_sensor_decorator.py took 0.057 seconds
[2025-08-14T17:41:55.969+0000] {processor.py:161} INFO - Started process (PID=654) to work on /home/airflow/.local/lib/python3.8/site-packages/airflow/example_dags/example_sensor_decorator.py
[2025-08-14T17:41:55.972+0000] {processor.py:830} INFO - Processing file /home/airflow/.local/lib/python3.8/site-packages/airflow/example_dags/example_sensor_decorator.py for tasks to queue
[2025-08-14T17:41:55.975+0000] {logging_mixin.py:188} INFO - [2025-08-14T17:41:55.974+0000] {dagbag.py:540} INFO - Filling up the DagBag from /home/airflow/.local/lib/python3.8/site-packages/airflow/example_dags/example_sensor_decorator.py
[2025-08-14T17:41:55.983+0000] {processor.py:840} INFO - DAG(s) 'example_sensor_decorator' retrieved from /home/airflow/.local/lib/python3.8/site-packages/airflow/example_dags/example_sensor_decorator.py
[2025-08-14T17:41:56.017+0000] {logging_mixin.py:188} INFO - [2025-08-14T17:41:56.017+0000] {dag.py:3047} INFO - Sync 1 DAGs
[2025-08-14T17:41:56.032+0000] {logging_mixin.py:188} INFO - [2025-08-14T17:41:56.032+0000] {dag.py:3834} INFO - Setting next_dagrun for example_sensor_decorator to None, run_after=None
[2025-08-14T17:41:56.064+0000] {processor.py:183} INFO - Processing /home/airflow/.local/lib/python3.8/site-packages/airflow/example_dags/example_sensor_decorator.py took 0.100 seconds
[2025-08-14T17:42:26.738+0000] {processor.py:161} INFO - Started process (PID=710) to work on /home/airflow/.local/lib/python3.8/site-packages/airflow/example_dags/example_sensor_decorator.py
[2025-08-14T17:42:26.740+0000] {processor.py:830} INFO - Processing file /home/airflow/.local/lib/python3.8/site-packages/airflow/example_dags/example_sensor_decorator.py for tasks to queue
[2025-08-14T17:42:26.743+0000] {logging_mixin.py:188} INFO - [2025-08-14T17:42:26.743+0000] {dagbag.py:540} INFO - Filling up the DagBag from /home/airflow/.local/lib/python3.8/site-packages/airflow/example_dags/example_sensor_decorator.py
[2025-08-14T17:42:26.750+0000] {processor.py:840} INFO - DAG(s) 'example_sensor_decorator' retrieved from /home/airflow/.local/lib/python3.8/site-packages/airflow/example_dags/example_sensor_decorator.py
[2025-08-14T17:42:26.769+0000] {logging_mixin.py:188} INFO - [2025-08-14T17:42:26.768+0000] {dag.py:3047} INFO - Sync 1 DAGs
[2025-08-14T17:42:26.777+0000] {logging_mixin.py:188} INFO - [2025-08-14T17:42:26.777+0000] {dag.py:3834} INFO - Setting next_dagrun for example_sensor_decorator to None, run_after=None
[2025-08-14T17:42:26.792+0000] {processor.py:183} INFO - Processing /home/airflow/.local/lib/python3.8/site-packages/airflow/example_dags/example_sensor_decorator.py took 0.062 seconds
[2025-08-14T17:42:56.896+0000] {processor.py:161} INFO - Started process (PID=766) to work on /home/airflow/.local/lib/python3.8/site-packages/airflow/example_dags/example_sensor_decorator.py
[2025-08-14T17:42:56.898+0000] {processor.py:830} INFO - Processing file /home/airflow/.local/lib/python3.8/site-packages/airflow/example_dags/example_sensor_decorator.py for tasks to queue
[2025-08-14T17:42:56.900+0000] {logging_mixin.py:188} INFO - [2025-08-14T17:42:56.900+0000] {dagbag.py:540} INFO - Filling up the DagBag from /home/airflow/.local/lib/python3.8/site-packages/airflow/example_dags/example_sensor_decorator.py
[2025-08-14T17:42:56.909+0000] {processor.py:840} INFO - DAG(s) 'example_sensor_decorator' retrieved from /home/airflow/.local/lib/python3.8/site-packages/airflow/example_dags/example_sensor_decorator.py
[2025-08-14T17:42:56.930+0000] {logging_mixin.py:188} INFO - [2025-08-14T17:42:56.930+0000] {dag.py:3047} INFO - Sync 1 DAGs
[2025-08-14T17:42:56.946+0000] {logging_mixin.py:188} INFO - [2025-08-14T17:42:56.946+0000] {dag.py:3834} INFO - Setting next_dagrun for example_sensor_decorator to None, run_after=None
[2025-08-14T17:42:56.974+0000] {processor.py:183} INFO - Processing /home/airflow/.local/lib/python3.8/site-packages/airflow/example_dags/example_sensor_decorator.py took 0.084 seconds
[2025-08-14T17:43:27.616+0000] {processor.py:161} INFO - Started process (PID=822) to work on /home/airflow/.local/lib/python3.8/site-packages/airflow/example_dags/example_sensor_decorator.py
[2025-08-14T17:43:27.619+0000] {processor.py:830} INFO - Processing file /home/airflow/.local/lib/python3.8/site-packages/airflow/example_dags/example_sensor_decorator.py for tasks to queue
[2025-08-14T17:43:27.623+0000] {logging_mixin.py:188} INFO - [2025-08-14T17:43:27.622+0000] {dagbag.py:540} INFO - Filling up the DagBag from /home/airflow/.local/lib/python3.8/site-packages/airflow/example_dags/example_sensor_decorator.py
[2025-08-14T17:43:27.635+0000] {processor.py:840} INFO - DAG(s) 'example_sensor_decorator' retrieved from /home/airflow/.local/lib/python3.8/site-packages/airflow/example_dags/example_sensor_decorator.py
[2025-08-14T17:43:27.666+0000] {logging_mixin.py:188} INFO - [2025-08-14T17:43:27.666+0000] {dag.py:3047} INFO - Sync 1 DAGs
[2025-08-14T17:43:27.686+0000] {logging_mixin.py:188} INFO - [2025-08-14T17:43:27.685+0000] {dag.py:3834} INFO - Setting next_dagrun for example_sensor_decorator to None, run_after=None
[2025-08-14T17:43:27.728+0000] {processor.py:183} INFO - Processing /home/airflow/.local/lib/python3.8/site-packages/airflow/example_dags/example_sensor_decorator.py took 0.128 seconds
[2025-08-14T17:43:57.902+0000] {processor.py:161} INFO - Started process (PID=878) to work on /home/airflow/.local/lib/python3.8/site-packages/airflow/example_dags/example_sensor_decorator.py
[2025-08-14T17:43:57.908+0000] {processor.py:830} INFO - Processing file /home/airflow/.local/lib/python3.8/site-packages/airflow/example_dags/example_sensor_decorator.py for tasks to queue
[2025-08-14T17:43:57.920+0000] {logging_mixin.py:188} INFO - [2025-08-14T17:43:57.919+0000] {dagbag.py:540} INFO - Filling up the DagBag from /home/airflow/.local/lib/python3.8/site-packages/airflow/example_dags/example_sensor_decorator.py
[2025-08-14T17:43:57.936+0000] {processor.py:840} INFO - DAG(s) 'example_sensor_decorator' retrieved from /home/airflow/.local/lib/python3.8/site-packages/airflow/example_dags/example_sensor_decorator.py
[2025-08-14T17:43:58.025+0000] {logging_mixin.py:188} INFO - [2025-08-14T17:43:58.024+0000] {dag.py:3047} INFO - Sync 1 DAGs
[2025-08-14T17:43:58.063+0000] {logging_mixin.py:188} INFO - [2025-08-14T17:43:58.062+0000] {dag.py:3834} INFO - Setting next_dagrun for example_sensor_decorator to None, run_after=None
[2025-08-14T17:43:58.087+0000] {processor.py:183} INFO - Processing /home/airflow/.local/lib/python3.8/site-packages/airflow/example_dags/example_sensor_decorator.py took 0.191 seconds
[2025-08-14T17:44:28.172+0000] {processor.py:161} INFO - Started process (PID=934) to work on /home/airflow/.local/lib/python3.8/site-packages/airflow/example_dags/example_sensor_decorator.py
[2025-08-14T17:44:28.174+0000] {processor.py:830} INFO - Processing file /home/airflow/.local/lib/python3.8/site-packages/airflow/example_dags/example_sensor_decorator.py for tasks to queue
[2025-08-14T17:44:28.176+0000] {logging_mixin.py:188} INFO - [2025-08-14T17:44:28.175+0000] {dagbag.py:540} INFO - Filling up the DagBag from /home/airflow/.local/lib/python3.8/site-packages/airflow/example_dags/example_sensor_decorator.py
[2025-08-14T17:44:28.183+0000] {processor.py:840} INFO - DAG(s) 'example_sensor_decorator' retrieved from /home/airflow/.local/lib/python3.8/site-packages/airflow/example_dags/example_sensor_decorator.py
[2025-08-14T17:44:28.206+0000] {logging_mixin.py:188} INFO - [2025-08-14T17:44:28.205+0000] {dag.py:3047} INFO - Sync 1 DAGs
[2025-08-14T17:44:28.216+0000] {logging_mixin.py:188} INFO - [2025-08-14T17:44:28.216+0000] {dag.py:3834} INFO - Setting next_dagrun for example_sensor_decorator to None, run_after=None
[2025-08-14T17:44:28.234+0000] {processor.py:183} INFO - Processing /home/airflow/.local/lib/python3.8/site-packages/airflow/example_dags/example_sensor_decorator.py took 0.066 seconds
[2025-08-14T17:44:58.404+0000] {processor.py:161} INFO - Started process (PID=990) to work on /home/airflow/.local/lib/python3.8/site-packages/airflow/example_dags/example_sensor_decorator.py
[2025-08-14T17:44:58.405+0000] {processor.py:830} INFO - Processing file /home/airflow/.local/lib/python3.8/site-packages/airflow/example_dags/example_sensor_decorator.py for tasks to queue
[2025-08-14T17:44:58.408+0000] {logging_mixin.py:188} INFO - [2025-08-14T17:44:58.408+0000] {dagbag.py:540} INFO - Filling up the DagBag from /home/airflow/.local/lib/python3.8/site-packages/airflow/example_dags/example_sensor_decorator.py
[2025-08-14T17:44:58.415+0000] {processor.py:840} INFO - DAG(s) 'example_sensor_decorator' retrieved from /home/airflow/.local/lib/python3.8/site-packages/airflow/example_dags/example_sensor_decorator.py
[2025-08-14T17:44:58.441+0000] {logging_mixin.py:188} INFO - [2025-08-14T17:44:58.440+0000] {dag.py:3047} INFO - Sync 1 DAGs
[2025-08-14T17:44:58.451+0000] {logging_mixin.py:188} INFO - [2025-08-14T17:44:58.451+0000] {dag.py:3834} INFO - Setting next_dagrun for example_sensor_decorator to None, run_after=None
[2025-08-14T17:44:58.464+0000] {processor.py:183} INFO - Processing /home/airflow/.local/lib/python3.8/site-packages/airflow/example_dags/example_sensor_decorator.py took 0.066 seconds
[2025-08-14T17:45:28.727+0000] {processor.py:161} INFO - Started process (PID=1046) to work on /home/airflow/.local/lib/python3.8/site-packages/airflow/example_dags/example_sensor_decorator.py
[2025-08-14T17:45:28.733+0000] {processor.py:830} INFO - Processing file /home/airflow/.local/lib/python3.8/site-packages/airflow/example_dags/example_sensor_decorator.py for tasks to queue
[2025-08-14T17:45:28.736+0000] {logging_mixin.py:188} INFO - [2025-08-14T17:45:28.736+0000] {dagbag.py:540} INFO - Filling up the DagBag from /home/airflow/.local/lib/python3.8/site-packages/airflow/example_dags/example_sensor_decorator.py
[2025-08-14T17:45:28.747+0000] {processor.py:840} INFO - DAG(s) 'example_sensor_decorator' retrieved from /home/airflow/.local/lib/python3.8/site-packages/airflow/example_dags/example_sensor_decorator.py
[2025-08-14T17:45:28.767+0000] {logging_mixin.py:188} INFO - [2025-08-14T17:45:28.767+0000] {dag.py:3047} INFO - Sync 1 DAGs
[2025-08-14T17:45:28.775+0000] {logging_mixin.py:188} INFO - [2025-08-14T17:45:28.775+0000] {dag.py:3834} INFO - Setting next_dagrun for example_sensor_decorator to None, run_after=None
[2025-08-14T17:45:28.787+0000] {processor.py:183} INFO - Processing /home/airflow/.local/lib/python3.8/site-packages/airflow/example_dags/example_sensor_decorator.py took 0.073 seconds
[2025-08-14T17:45:59.399+0000] {processor.py:161} INFO - Started process (PID=1102) to work on /home/airflow/.local/lib/python3.8/site-packages/airflow/example_dags/example_sensor_decorator.py
[2025-08-14T17:45:59.401+0000] {processor.py:830} INFO - Processing file /home/airflow/.local/lib/python3.8/site-packages/airflow/example_dags/example_sensor_decorator.py for tasks to queue
[2025-08-14T17:45:59.404+0000] {logging_mixin.py:188} INFO - [2025-08-14T17:45:59.404+0000] {dagbag.py:540} INFO - Filling up the DagBag from /home/airflow/.local/lib/python3.8/site-packages/airflow/example_dags/example_sensor_decorator.py
[2025-08-14T17:45:59.413+0000] {processor.py:840} INFO - DAG(s) 'example_sensor_decorator' retrieved from /home/airflow/.local/lib/python3.8/site-packages/airflow/example_dags/example_sensor_decorator.py
[2025-08-14T17:45:59.441+0000] {logging_mixin.py:188} INFO - [2025-08-14T17:45:59.441+0000] {dag.py:3047} INFO - Sync 1 DAGs
[2025-08-14T17:45:59.451+0000] {logging_mixin.py:188} INFO - [2025-08-14T17:45:59.450+0000] {dag.py:3834} INFO - Setting next_dagrun for example_sensor_decorator to None, run_after=None
[2025-08-14T17:45:59.469+0000] {processor.py:183} INFO - Processing /home/airflow/.local/lib/python3.8/site-packages/airflow/example_dags/example_sensor_decorator.py took 0.079 seconds
[2025-08-14T17:46:29.608+0000] {processor.py:161} INFO - Started process (PID=1158) to work on /home/airflow/.local/lib/python3.8/site-packages/airflow/example_dags/example_sensor_decorator.py
[2025-08-14T17:46:29.612+0000] {processor.py:830} INFO - Processing file /home/airflow/.local/lib/python3.8/site-packages/airflow/example_dags/example_sensor_decorator.py for tasks to queue
[2025-08-14T17:46:29.614+0000] {logging_mixin.py:188} INFO - [2025-08-14T17:46:29.613+0000] {dagbag.py:540} INFO - Filling up the DagBag from /home/airflow/.local/lib/python3.8/site-packages/airflow/example_dags/example_sensor_decorator.py
[2025-08-14T17:46:29.620+0000] {processor.py:840} INFO - DAG(s) 'example_sensor_decorator' retrieved from /home/airflow/.local/lib/python3.8/site-packages/airflow/example_dags/example_sensor_decorator.py
[2025-08-14T17:46:29.652+0000] {logging_mixin.py:188} INFO - [2025-08-14T17:46:29.652+0000] {dag.py:3047} INFO - Sync 1 DAGs
[2025-08-14T17:46:29.666+0000] {logging_mixin.py:188} INFO - [2025-08-14T17:46:29.666+0000] {dag.py:3834} INFO - Setting next_dagrun for example_sensor_decorator to None, run_after=None
[2025-08-14T17:46:29.684+0000] {processor.py:183} INFO - Processing /home/airflow/.local/lib/python3.8/site-packages/airflow/example_dags/example_sensor_decorator.py took 0.081 seconds
[2025-08-14T17:46:59.755+0000] {processor.py:161} INFO - Started process (PID=1214) to work on /home/airflow/.local/lib/python3.8/site-packages/airflow/example_dags/example_sensor_decorator.py
[2025-08-14T17:46:59.757+0000] {processor.py:830} INFO - Processing file /home/airflow/.local/lib/python3.8/site-packages/airflow/example_dags/example_sensor_decorator.py for tasks to queue
[2025-08-14T17:46:59.758+0000] {logging_mixin.py:188} INFO - [2025-08-14T17:46:59.758+0000] {dagbag.py:540} INFO - Filling up the DagBag from /home/airflow/.local/lib/python3.8/site-packages/airflow/example_dags/example_sensor_decorator.py
[2025-08-14T17:46:59.766+0000] {processor.py:840} INFO - DAG(s) 'example_sensor_decorator' retrieved from /home/airflow/.local/lib/python3.8/site-packages/airflow/example_dags/example_sensor_decorator.py
[2025-08-14T17:46:59.786+0000] {logging_mixin.py:188} INFO - [2025-08-14T17:46:59.786+0000] {dag.py:3047} INFO - Sync 1 DAGs
[2025-08-14T17:46:59.806+0000] {logging_mixin.py:188} INFO - [2025-08-14T17:46:59.806+0000] {dag.py:3834} INFO - Setting next_dagrun for example_sensor_decorator to None, run_after=None
[2025-08-14T17:46:59.818+0000] {processor.py:183} INFO - Processing /home/airflow/.local/lib/python3.8/site-packages/airflow/example_dags/example_sensor_decorator.py took 0.067 seconds
[2025-08-14T17:47:30.532+0000] {processor.py:161} INFO - Started process (PID=1270) to work on /home/airflow/.local/lib/python3.8/site-packages/airflow/example_dags/example_sensor_decorator.py
[2025-08-14T17:47:30.534+0000] {processor.py:830} INFO - Processing file /home/airflow/.local/lib/python3.8/site-packages/airflow/example_dags/example_sensor_decorator.py for tasks to queue
[2025-08-14T17:47:30.535+0000] {logging_mixin.py:188} INFO - [2025-08-14T17:47:30.535+0000] {dagbag.py:540} INFO - Filling up the DagBag from /home/airflow/.local/lib/python3.8/site-packages/airflow/example_dags/example_sensor_decorator.py
[2025-08-14T17:47:30.541+0000] {processor.py:840} INFO - DAG(s) 'example_sensor_decorator' retrieved from /home/airflow/.local/lib/python3.8/site-packages/airflow/example_dags/example_sensor_decorator.py
[2025-08-14T17:47:30.557+0000] {logging_mixin.py:188} INFO - [2025-08-14T17:47:30.557+0000] {dag.py:3047} INFO - Sync 1 DAGs
[2025-08-14T17:47:30.566+0000] {logging_mixin.py:188} INFO - [2025-08-14T17:47:30.566+0000] {dag.py:3834} INFO - Setting next_dagrun for example_sensor_decorator to None, run_after=None
[2025-08-14T17:47:30.579+0000] {processor.py:183} INFO - Processing /home/airflow/.local/lib/python3.8/site-packages/airflow/example_dags/example_sensor_decorator.py took 0.050 seconds
[2025-08-14T17:48:00.849+0000] {processor.py:161} INFO - Started process (PID=1326) to work on /home/airflow/.local/lib/python3.8/site-packages/airflow/example_dags/example_sensor_decorator.py
[2025-08-14T17:48:00.849+0000] {processor.py:830} INFO - Processing file /home/airflow/.local/lib/python3.8/site-packages/airflow/example_dags/example_sensor_decorator.py for tasks to queue
[2025-08-14T17:48:00.850+0000] {logging_mixin.py:188} INFO - [2025-08-14T17:48:00.850+0000] {dagbag.py:540} INFO - Filling up the DagBag from /home/airflow/.local/lib/python3.8/site-packages/airflow/example_dags/example_sensor_decorator.py
[2025-08-14T17:48:00.854+0000] {processor.py:840} INFO - DAG(s) 'example_sensor_decorator' retrieved from /home/airflow/.local/lib/python3.8/site-packages/airflow/example_dags/example_sensor_decorator.py
[2025-08-14T17:48:00.869+0000] {logging_mixin.py:188} INFO - [2025-08-14T17:48:00.868+0000] {dag.py:3047} INFO - Sync 1 DAGs
[2025-08-14T17:48:00.875+0000] {logging_mixin.py:188} INFO - [2025-08-14T17:48:00.875+0000] {dag.py:3834} INFO - Setting next_dagrun for example_sensor_decorator to None, run_after=None
[2025-08-14T17:48:00.888+0000] {processor.py:183} INFO - Processing /home/airflow/.local/lib/python3.8/site-packages/airflow/example_dags/example_sensor_decorator.py took 0.041 seconds
[2025-08-14T17:48:31.182+0000] {processor.py:161} INFO - Started process (PID=1382) to work on /home/airflow/.local/lib/python3.8/site-packages/airflow/example_dags/example_sensor_decorator.py
[2025-08-14T17:48:31.183+0000] {processor.py:830} INFO - Processing file /home/airflow/.local/lib/python3.8/site-packages/airflow/example_dags/example_sensor_decorator.py for tasks to queue
[2025-08-14T17:48:31.184+0000] {logging_mixin.py:188} INFO - [2025-08-14T17:48:31.184+0000] {dagbag.py:540} INFO - Filling up the DagBag from /home/airflow/.local/lib/python3.8/site-packages/airflow/example_dags/example_sensor_decorator.py
[2025-08-14T17:48:31.188+0000] {processor.py:840} INFO - DAG(s) 'example_sensor_decorator' retrieved from /home/airflow/.local/lib/python3.8/site-packages/airflow/example_dags/example_sensor_decorator.py
[2025-08-14T17:48:31.199+0000] {logging_mixin.py:188} INFO - [2025-08-14T17:48:31.199+0000] {dag.py:3047} INFO - Sync 1 DAGs
[2025-08-14T17:48:31.209+0000] {logging_mixin.py:188} INFO - [2025-08-14T17:48:31.208+0000] {dag.py:3834} INFO - Setting next_dagrun for example_sensor_decorator to None, run_after=None
[2025-08-14T17:48:31.222+0000] {processor.py:183} INFO - Processing /home/airflow/.local/lib/python3.8/site-packages/airflow/example_dags/example_sensor_decorator.py took 0.042 seconds
[2025-08-14T17:49:01.876+0000] {processor.py:161} INFO - Started process (PID=1438) to work on /home/airflow/.local/lib/python3.8/site-packages/airflow/example_dags/example_sensor_decorator.py
[2025-08-14T17:49:01.877+0000] {processor.py:830} INFO - Processing file /home/airflow/.local/lib/python3.8/site-packages/airflow/example_dags/example_sensor_decorator.py for tasks to queue
[2025-08-14T17:49:01.878+0000] {logging_mixin.py:188} INFO - [2025-08-14T17:49:01.878+0000] {dagbag.py:540} INFO - Filling up the DagBag from /home/airflow/.local/lib/python3.8/site-packages/airflow/example_dags/example_sensor_decorator.py
[2025-08-14T17:49:01.882+0000] {processor.py:840} INFO - DAG(s) 'example_sensor_decorator' retrieved from /home/airflow/.local/lib/python3.8/site-packages/airflow/example_dags/example_sensor_decorator.py
[2025-08-14T17:49:01.892+0000] {logging_mixin.py:188} INFO - [2025-08-14T17:49:01.892+0000] {dag.py:3047} INFO - Sync 1 DAGs
[2025-08-14T17:49:01.899+0000] {logging_mixin.py:188} INFO - [2025-08-14T17:49:01.899+0000] {dag.py:3834} INFO - Setting next_dagrun for example_sensor_decorator to None, run_after=None
[2025-08-14T17:49:01.908+0000] {processor.py:183} INFO - Processing /home/airflow/.local/lib/python3.8/site-packages/airflow/example_dags/example_sensor_decorator.py took 0.033 seconds
[2025-08-14T17:49:32.095+0000] {processor.py:161} INFO - Started process (PID=1494) to work on /home/airflow/.local/lib/python3.8/site-packages/airflow/example_dags/example_sensor_decorator.py
[2025-08-14T17:49:32.096+0000] {processor.py:830} INFO - Processing file /home/airflow/.local/lib/python3.8/site-packages/airflow/example_dags/example_sensor_decorator.py for tasks to queue
[2025-08-14T17:49:32.099+0000] {logging_mixin.py:188} INFO - [2025-08-14T17:49:32.099+0000] {dagbag.py:540} INFO - Filling up the DagBag from /home/airflow/.local/lib/python3.8/site-packages/airflow/example_dags/example_sensor_decorator.py
[2025-08-14T17:49:32.107+0000] {processor.py:840} INFO - DAG(s) 'example_sensor_decorator' retrieved from /home/airflow/.local/lib/python3.8/site-packages/airflow/example_dags/example_sensor_decorator.py
[2025-08-14T17:49:32.129+0000] {logging_mixin.py:188} INFO - [2025-08-14T17:49:32.129+0000] {dag.py:3047} INFO - Sync 1 DAGs
[2025-08-14T17:49:32.137+0000] {logging_mixin.py:188} INFO - [2025-08-14T17:49:32.137+0000] {dag.py:3834} INFO - Setting next_dagrun for example_sensor_decorator to None, run_after=None
[2025-08-14T17:49:32.153+0000] {processor.py:183} INFO - Processing /home/airflow/.local/lib/python3.8/site-packages/airflow/example_dags/example_sensor_decorator.py took 0.061 seconds
[2025-08-14T17:50:03.283+0000] {processor.py:161} INFO - Started process (PID=1550) to work on /home/airflow/.local/lib/python3.8/site-packages/airflow/example_dags/example_sensor_decorator.py
[2025-08-14T17:50:03.288+0000] {processor.py:830} INFO - Processing file /home/airflow/.local/lib/python3.8/site-packages/airflow/example_dags/example_sensor_decorator.py for tasks to queue
[2025-08-14T17:50:03.298+0000] {logging_mixin.py:188} INFO - [2025-08-14T17:50:03.297+0000] {dagbag.py:540} INFO - Filling up the DagBag from /home/airflow/.local/lib/python3.8/site-packages/airflow/example_dags/example_sensor_decorator.py
[2025-08-14T17:50:03.311+0000] {processor.py:840} INFO - DAG(s) 'example_sensor_decorator' retrieved from /home/airflow/.local/lib/python3.8/site-packages/airflow/example_dags/example_sensor_decorator.py
[2025-08-14T17:50:03.336+0000] {logging_mixin.py:188} INFO - [2025-08-14T17:50:03.335+0000] {dag.py:3047} INFO - Sync 1 DAGs
[2025-08-14T17:50:03.353+0000] {logging_mixin.py:188} INFO - [2025-08-14T17:50:03.352+0000] {dag.py:3834} INFO - Setting next_dagrun for example_sensor_decorator to None, run_after=None
[2025-08-14T17:50:03.376+0000] {processor.py:183} INFO - Processing /home/airflow/.local/lib/python3.8/site-packages/airflow/example_dags/example_sensor_decorator.py took 0.102 seconds
[2025-08-14T17:50:33.654+0000] {processor.py:161} INFO - Started process (PID=1606) to work on /home/airflow/.local/lib/python3.8/site-packages/airflow/example_dags/example_sensor_decorator.py
[2025-08-14T17:50:33.655+0000] {processor.py:830} INFO - Processing file /home/airflow/.local/lib/python3.8/site-packages/airflow/example_dags/example_sensor_decorator.py for tasks to queue
[2025-08-14T17:50:33.656+0000] {logging_mixin.py:188} INFO - [2025-08-14T17:50:33.656+0000] {dagbag.py:540} INFO - Filling up the DagBag from /home/airflow/.local/lib/python3.8/site-packages/airflow/example_dags/example_sensor_decorator.py
[2025-08-14T17:50:33.660+0000] {processor.py:840} INFO - DAG(s) 'example_sensor_decorator' retrieved from /home/airflow/.local/lib/python3.8/site-packages/airflow/example_dags/example_sensor_decorator.py
[2025-08-14T17:50:33.677+0000] {logging_mixin.py:188} INFO - [2025-08-14T17:50:33.677+0000] {dag.py:3047} INFO - Sync 1 DAGs
[2025-08-14T17:50:33.684+0000] {logging_mixin.py:188} INFO - [2025-08-14T17:50:33.684+0000] {dag.py:3834} INFO - Setting next_dagrun for example_sensor_decorator to None, run_after=None
[2025-08-14T17:50:33.698+0000] {processor.py:183} INFO - Processing /home/airflow/.local/lib/python3.8/site-packages/airflow/example_dags/example_sensor_decorator.py took 0.047 seconds
[2025-08-14T17:51:04.500+0000] {processor.py:161} INFO - Started process (PID=1662) to work on /home/airflow/.local/lib/python3.8/site-packages/airflow/example_dags/example_sensor_decorator.py
[2025-08-14T17:51:04.501+0000] {processor.py:830} INFO - Processing file /home/airflow/.local/lib/python3.8/site-packages/airflow/example_dags/example_sensor_decorator.py for tasks to queue
[2025-08-14T17:51:04.502+0000] {logging_mixin.py:188} INFO - [2025-08-14T17:51:04.502+0000] {dagbag.py:540} INFO - Filling up the DagBag from /home/airflow/.local/lib/python3.8/site-packages/airflow/example_dags/example_sensor_decorator.py
[2025-08-14T17:51:04.506+0000] {processor.py:840} INFO - DAG(s) 'example_sensor_decorator' retrieved from /home/airflow/.local/lib/python3.8/site-packages/airflow/example_dags/example_sensor_decorator.py
[2025-08-14T17:51:04.522+0000] {logging_mixin.py:188} INFO - [2025-08-14T17:51:04.522+0000] {dag.py:3047} INFO - Sync 1 DAGs
[2025-08-14T17:51:04.528+0000] {logging_mixin.py:188} INFO - [2025-08-14T17:51:04.528+0000] {dag.py:3834} INFO - Setting next_dagrun for example_sensor_decorator to None, run_after=None
[2025-08-14T17:51:04.539+0000] {processor.py:183} INFO - Processing /home/airflow/.local/lib/python3.8/site-packages/airflow/example_dags/example_sensor_decorator.py took 0.041 seconds
[2025-08-14T17:51:35.015+0000] {processor.py:161} INFO - Started process (PID=1718) to work on /home/airflow/.local/lib/python3.8/site-packages/airflow/example_dags/example_sensor_decorator.py
[2025-08-14T17:51:35.016+0000] {processor.py:830} INFO - Processing file /home/airflow/.local/lib/python3.8/site-packages/airflow/example_dags/example_sensor_decorator.py for tasks to queue
[2025-08-14T17:51:35.018+0000] {logging_mixin.py:188} INFO - [2025-08-14T17:51:35.018+0000] {dagbag.py:540} INFO - Filling up the DagBag from /home/airflow/.local/lib/python3.8/site-packages/airflow/example_dags/example_sensor_decorator.py
[2025-08-14T17:51:35.021+0000] {processor.py:840} INFO - DAG(s) 'example_sensor_decorator' retrieved from /home/airflow/.local/lib/python3.8/site-packages/airflow/example_dags/example_sensor_decorator.py
[2025-08-14T17:51:35.040+0000] {logging_mixin.py:188} INFO - [2025-08-14T17:51:35.040+0000] {dag.py:3047} INFO - Sync 1 DAGs
[2025-08-14T17:51:35.046+0000] {logging_mixin.py:188} INFO - [2025-08-14T17:51:35.046+0000] {dag.py:3834} INFO - Setting next_dagrun for example_sensor_decorator to None, run_after=None
[2025-08-14T17:51:35.057+0000] {processor.py:183} INFO - Processing /home/airflow/.local/lib/python3.8/site-packages/airflow/example_dags/example_sensor_decorator.py took 0.043 seconds
[2025-08-14T17:52:05.746+0000] {processor.py:161} INFO - Started process (PID=1774) to work on /home/airflow/.local/lib/python3.8/site-packages/airflow/example_dags/example_sensor_decorator.py
[2025-08-14T17:52:05.747+0000] {processor.py:830} INFO - Processing file /home/airflow/.local/lib/python3.8/site-packages/airflow/example_dags/example_sensor_decorator.py for tasks to queue
[2025-08-14T17:52:05.748+0000] {logging_mixin.py:188} INFO - [2025-08-14T17:52:05.748+0000] {dagbag.py:540} INFO - Filling up the DagBag from /home/airflow/.local/lib/python3.8/site-packages/airflow/example_dags/example_sensor_decorator.py
[2025-08-14T17:52:05.754+0000] {processor.py:840} INFO - DAG(s) 'example_sensor_decorator' retrieved from /home/airflow/.local/lib/python3.8/site-packages/airflow/example_dags/example_sensor_decorator.py
[2025-08-14T17:52:05.767+0000] {logging_mixin.py:188} INFO - [2025-08-14T17:52:05.766+0000] {dag.py:3047} INFO - Sync 1 DAGs
[2025-08-14T17:52:05.779+0000] {logging_mixin.py:188} INFO - [2025-08-14T17:52:05.779+0000] {dag.py:3834} INFO - Setting next_dagrun for example_sensor_decorator to None, run_after=None
[2025-08-14T17:52:05.796+0000] {processor.py:183} INFO - Processing /home/airflow/.local/lib/python3.8/site-packages/airflow/example_dags/example_sensor_decorator.py took 0.052 seconds
[2025-08-14T17:52:35.945+0000] {processor.py:161} INFO - Started process (PID=1830) to work on /home/airflow/.local/lib/python3.8/site-packages/airflow/example_dags/example_sensor_decorator.py
[2025-08-14T17:52:35.946+0000] {processor.py:830} INFO - Processing file /home/airflow/.local/lib/python3.8/site-packages/airflow/example_dags/example_sensor_decorator.py for tasks to queue
[2025-08-14T17:52:35.947+0000] {logging_mixin.py:188} INFO - [2025-08-14T17:52:35.947+0000] {dagbag.py:540} INFO - Filling up the DagBag from /home/airflow/.local/lib/python3.8/site-packages/airflow/example_dags/example_sensor_decorator.py
[2025-08-14T17:52:35.950+0000] {processor.py:840} INFO - DAG(s) 'example_sensor_decorator' retrieved from /home/airflow/.local/lib/python3.8/site-packages/airflow/example_dags/example_sensor_decorator.py
[2025-08-14T17:52:35.962+0000] {logging_mixin.py:188} INFO - [2025-08-14T17:52:35.962+0000] {dag.py:3047} INFO - Sync 1 DAGs
[2025-08-14T17:52:35.970+0000] {logging_mixin.py:188} INFO - [2025-08-14T17:52:35.970+0000] {dag.py:3834} INFO - Setting next_dagrun for example_sensor_decorator to None, run_after=None
[2025-08-14T17:52:35.983+0000] {processor.py:183} INFO - Processing /home/airflow/.local/lib/python3.8/site-packages/airflow/example_dags/example_sensor_decorator.py took 0.040 seconds
[2025-08-14T17:53:06.912+0000] {processor.py:161} INFO - Started process (PID=1886) to work on /home/airflow/.local/lib/python3.8/site-packages/airflow/example_dags/example_sensor_decorator.py
[2025-08-14T17:53:06.913+0000] {processor.py:830} INFO - Processing file /home/airflow/.local/lib/python3.8/site-packages/airflow/example_dags/example_sensor_decorator.py for tasks to queue
[2025-08-14T17:53:06.915+0000] {logging_mixin.py:188} INFO - [2025-08-14T17:53:06.914+0000] {dagbag.py:540} INFO - Filling up the DagBag from /home/airflow/.local/lib/python3.8/site-packages/airflow/example_dags/example_sensor_decorator.py
[2025-08-14T17:53:06.920+0000] {processor.py:840} INFO - DAG(s) 'example_sensor_decorator' retrieved from /home/airflow/.local/lib/python3.8/site-packages/airflow/example_dags/example_sensor_decorator.py
[2025-08-14T17:53:06.933+0000] {logging_mixin.py:188} INFO - [2025-08-14T17:53:06.933+0000] {dag.py:3047} INFO - Sync 1 DAGs
[2025-08-14T17:53:06.941+0000] {logging_mixin.py:188} INFO - [2025-08-14T17:53:06.941+0000] {dag.py:3834} INFO - Setting next_dagrun for example_sensor_decorator to None, run_after=None
[2025-08-14T17:53:06.950+0000] {processor.py:183} INFO - Processing /home/airflow/.local/lib/python3.8/site-packages/airflow/example_dags/example_sensor_decorator.py took 0.040 seconds
[2025-08-14T17:53:37.109+0000] {processor.py:161} INFO - Started process (PID=1942) to work on /home/airflow/.local/lib/python3.8/site-packages/airflow/example_dags/example_sensor_decorator.py
[2025-08-14T17:53:37.110+0000] {processor.py:830} INFO - Processing file /home/airflow/.local/lib/python3.8/site-packages/airflow/example_dags/example_sensor_decorator.py for tasks to queue
[2025-08-14T17:53:37.112+0000] {logging_mixin.py:188} INFO - [2025-08-14T17:53:37.111+0000] {dagbag.py:540} INFO - Filling up the DagBag from /home/airflow/.local/lib/python3.8/site-packages/airflow/example_dags/example_sensor_decorator.py
[2025-08-14T17:53:37.116+0000] {processor.py:840} INFO - DAG(s) 'example_sensor_decorator' retrieved from /home/airflow/.local/lib/python3.8/site-packages/airflow/example_dags/example_sensor_decorator.py
[2025-08-14T17:53:37.132+0000] {logging_mixin.py:188} INFO - [2025-08-14T17:53:37.132+0000] {dag.py:3047} INFO - Sync 1 DAGs
[2025-08-14T17:53:37.138+0000] {logging_mixin.py:188} INFO - [2025-08-14T17:53:37.138+0000] {dag.py:3834} INFO - Setting next_dagrun for example_sensor_decorator to None, run_after=None
[2025-08-14T17:53:37.150+0000] {processor.py:183} INFO - Processing /home/airflow/.local/lib/python3.8/site-packages/airflow/example_dags/example_sensor_decorator.py took 0.043 seconds
[2025-08-14T17:54:07.332+0000] {processor.py:161} INFO - Started process (PID=1998) to work on /home/airflow/.local/lib/python3.8/site-packages/airflow/example_dags/example_sensor_decorator.py
[2025-08-14T17:54:07.334+0000] {processor.py:830} INFO - Processing file /home/airflow/.local/lib/python3.8/site-packages/airflow/example_dags/example_sensor_decorator.py for tasks to queue
[2025-08-14T17:54:07.336+0000] {logging_mixin.py:188} INFO - [2025-08-14T17:54:07.336+0000] {dagbag.py:540} INFO - Filling up the DagBag from /home/airflow/.local/lib/python3.8/site-packages/airflow/example_dags/example_sensor_decorator.py
[2025-08-14T17:54:07.341+0000] {processor.py:840} INFO - DAG(s) 'example_sensor_decorator' retrieved from /home/airflow/.local/lib/python3.8/site-packages/airflow/example_dags/example_sensor_decorator.py
[2025-08-14T17:54:07.355+0000] {logging_mixin.py:188} INFO - [2025-08-14T17:54:07.355+0000] {dag.py:3047} INFO - Sync 1 DAGs
[2025-08-14T17:54:07.363+0000] {logging_mixin.py:188} INFO - [2025-08-14T17:54:07.363+0000] {dag.py:3834} INFO - Setting next_dagrun for example_sensor_decorator to None, run_after=None
[2025-08-14T17:54:07.380+0000] {processor.py:183} INFO - Processing /home/airflow/.local/lib/python3.8/site-packages/airflow/example_dags/example_sensor_decorator.py took 0.051 seconds
[2025-08-14T17:54:37.737+0000] {processor.py:161} INFO - Started process (PID=2054) to work on /home/airflow/.local/lib/python3.8/site-packages/airflow/example_dags/example_sensor_decorator.py
[2025-08-14T17:54:37.738+0000] {processor.py:830} INFO - Processing file /home/airflow/.local/lib/python3.8/site-packages/airflow/example_dags/example_sensor_decorator.py for tasks to queue
[2025-08-14T17:54:37.739+0000] {logging_mixin.py:188} INFO - [2025-08-14T17:54:37.739+0000] {dagbag.py:540} INFO - Filling up the DagBag from /home/airflow/.local/lib/python3.8/site-packages/airflow/example_dags/example_sensor_decorator.py
[2025-08-14T17:54:37.744+0000] {processor.py:840} INFO - DAG(s) 'example_sensor_decorator' retrieved from /home/airflow/.local/lib/python3.8/site-packages/airflow/example_dags/example_sensor_decorator.py
[2025-08-14T17:54:37.758+0000] {logging_mixin.py:188} INFO - [2025-08-14T17:54:37.758+0000] {dag.py:3047} INFO - Sync 1 DAGs
[2025-08-14T17:54:37.765+0000] {logging_mixin.py:188} INFO - [2025-08-14T17:54:37.765+0000] {dag.py:3834} INFO - Setting next_dagrun for example_sensor_decorator to None, run_after=None
[2025-08-14T17:54:37.779+0000] {processor.py:183} INFO - Processing /home/airflow/.local/lib/python3.8/site-packages/airflow/example_dags/example_sensor_decorator.py took 0.044 seconds
[2025-08-14T17:55:08.261+0000] {processor.py:161} INFO - Started process (PID=2110) to work on /home/airflow/.local/lib/python3.8/site-packages/airflow/example_dags/example_sensor_decorator.py
[2025-08-14T17:55:08.262+0000] {processor.py:830} INFO - Processing file /home/airflow/.local/lib/python3.8/site-packages/airflow/example_dags/example_sensor_decorator.py for tasks to queue
[2025-08-14T17:55:08.263+0000] {logging_mixin.py:188} INFO - [2025-08-14T17:55:08.263+0000] {dagbag.py:540} INFO - Filling up the DagBag from /home/airflow/.local/lib/python3.8/site-packages/airflow/example_dags/example_sensor_decorator.py
[2025-08-14T17:55:08.267+0000] {processor.py:840} INFO - DAG(s) 'example_sensor_decorator' retrieved from /home/airflow/.local/lib/python3.8/site-packages/airflow/example_dags/example_sensor_decorator.py
[2025-08-14T17:55:08.279+0000] {logging_mixin.py:188} INFO - [2025-08-14T17:55:08.279+0000] {dag.py:3047} INFO - Sync 1 DAGs
[2025-08-14T17:55:08.285+0000] {logging_mixin.py:188} INFO - [2025-08-14T17:55:08.285+0000] {dag.py:3834} INFO - Setting next_dagrun for example_sensor_decorator to None, run_after=None
[2025-08-14T17:55:08.295+0000] {processor.py:183} INFO - Processing /home/airflow/.local/lib/python3.8/site-packages/airflow/example_dags/example_sensor_decorator.py took 0.036 seconds
[2025-08-14T17:55:38.901+0000] {processor.py:161} INFO - Started process (PID=2166) to work on /home/airflow/.local/lib/python3.8/site-packages/airflow/example_dags/example_sensor_decorator.py
[2025-08-14T17:55:38.903+0000] {processor.py:830} INFO - Processing file /home/airflow/.local/lib/python3.8/site-packages/airflow/example_dags/example_sensor_decorator.py for tasks to queue
[2025-08-14T17:55:38.904+0000] {logging_mixin.py:188} INFO - [2025-08-14T17:55:38.904+0000] {dagbag.py:540} INFO - Filling up the DagBag from /home/airflow/.local/lib/python3.8/site-packages/airflow/example_dags/example_sensor_decorator.py
[2025-08-14T17:55:38.908+0000] {processor.py:840} INFO - DAG(s) 'example_sensor_decorator' retrieved from /home/airflow/.local/lib/python3.8/site-packages/airflow/example_dags/example_sensor_decorator.py
[2025-08-14T17:55:38.918+0000] {logging_mixin.py:188} INFO - [2025-08-14T17:55:38.918+0000] {dag.py:3047} INFO - Sync 1 DAGs
[2025-08-14T17:55:38.925+0000] {logging_mixin.py:188} INFO - [2025-08-14T17:55:38.925+0000] {dag.py:3834} INFO - Setting next_dagrun for example_sensor_decorator to None, run_after=None
[2025-08-14T17:55:38.933+0000] {processor.py:183} INFO - Processing /home/airflow/.local/lib/python3.8/site-packages/airflow/example_dags/example_sensor_decorator.py took 0.034 seconds
[2025-08-14T17:56:09.451+0000] {processor.py:161} INFO - Started process (PID=2222) to work on /home/airflow/.local/lib/python3.8/site-packages/airflow/example_dags/example_sensor_decorator.py
[2025-08-14T17:56:09.452+0000] {processor.py:830} INFO - Processing file /home/airflow/.local/lib/python3.8/site-packages/airflow/example_dags/example_sensor_decorator.py for tasks to queue
[2025-08-14T17:56:09.454+0000] {logging_mixin.py:188} INFO - [2025-08-14T17:56:09.454+0000] {dagbag.py:540} INFO - Filling up the DagBag from /home/airflow/.local/lib/python3.8/site-packages/airflow/example_dags/example_sensor_decorator.py
[2025-08-14T17:56:09.458+0000] {processor.py:840} INFO - DAG(s) 'example_sensor_decorator' retrieved from /home/airflow/.local/lib/python3.8/site-packages/airflow/example_dags/example_sensor_decorator.py
[2025-08-14T17:56:09.468+0000] {logging_mixin.py:188} INFO - [2025-08-14T17:56:09.468+0000] {dag.py:3047} INFO - Sync 1 DAGs
[2025-08-14T17:56:09.475+0000] {logging_mixin.py:188} INFO - [2025-08-14T17:56:09.475+0000] {dag.py:3834} INFO - Setting next_dagrun for example_sensor_decorator to None, run_after=None
[2025-08-14T17:56:09.487+0000] {processor.py:183} INFO - Processing /home/airflow/.local/lib/python3.8/site-packages/airflow/example_dags/example_sensor_decorator.py took 0.037 seconds
[2025-08-14T17:56:39.744+0000] {processor.py:161} INFO - Started process (PID=2278) to work on /home/airflow/.local/lib/python3.8/site-packages/airflow/example_dags/example_sensor_decorator.py
[2025-08-14T17:56:39.745+0000] {processor.py:830} INFO - Processing file /home/airflow/.local/lib/python3.8/site-packages/airflow/example_dags/example_sensor_decorator.py for tasks to queue
[2025-08-14T17:56:39.747+0000] {logging_mixin.py:188} INFO - [2025-08-14T17:56:39.747+0000] {dagbag.py:540} INFO - Filling up the DagBag from /home/airflow/.local/lib/python3.8/site-packages/airflow/example_dags/example_sensor_decorator.py
[2025-08-14T17:56:39.750+0000] {processor.py:840} INFO - DAG(s) 'example_sensor_decorator' retrieved from /home/airflow/.local/lib/python3.8/site-packages/airflow/example_dags/example_sensor_decorator.py
[2025-08-14T17:56:39.763+0000] {logging_mixin.py:188} INFO - [2025-08-14T17:56:39.763+0000] {dag.py:3047} INFO - Sync 1 DAGs
[2025-08-14T17:56:39.769+0000] {logging_mixin.py:188} INFO - [2025-08-14T17:56:39.769+0000] {dag.py:3834} INFO - Setting next_dagrun for example_sensor_decorator to None, run_after=None
[2025-08-14T17:56:39.778+0000] {processor.py:183} INFO - Processing /home/airflow/.local/lib/python3.8/site-packages/airflow/example_dags/example_sensor_decorator.py took 0.036 seconds
[2025-08-14T17:57:10.122+0000] {processor.py:161} INFO - Started process (PID=2334) to work on /home/airflow/.local/lib/python3.8/site-packages/airflow/example_dags/example_sensor_decorator.py
[2025-08-14T17:57:10.123+0000] {processor.py:830} INFO - Processing file /home/airflow/.local/lib/python3.8/site-packages/airflow/example_dags/example_sensor_decorator.py for tasks to queue
[2025-08-14T17:57:10.124+0000] {logging_mixin.py:188} INFO - [2025-08-14T17:57:10.124+0000] {dagbag.py:540} INFO - Filling up the DagBag from /home/airflow/.local/lib/python3.8/site-packages/airflow/example_dags/example_sensor_decorator.py
[2025-08-14T17:57:10.128+0000] {processor.py:840} INFO - DAG(s) 'example_sensor_decorator' retrieved from /home/airflow/.local/lib/python3.8/site-packages/airflow/example_dags/example_sensor_decorator.py
[2025-08-14T17:57:10.138+0000] {logging_mixin.py:188} INFO - [2025-08-14T17:57:10.138+0000] {dag.py:3047} INFO - Sync 1 DAGs
[2025-08-14T17:57:10.144+0000] {logging_mixin.py:188} INFO - [2025-08-14T17:57:10.143+0000] {dag.py:3834} INFO - Setting next_dagrun for example_sensor_decorator to None, run_after=None
[2025-08-14T17:57:10.152+0000] {processor.py:183} INFO - Processing /home/airflow/.local/lib/python3.8/site-packages/airflow/example_dags/example_sensor_decorator.py took 0.032 seconds
[2025-08-14T17:57:40.584+0000] {processor.py:161} INFO - Started process (PID=2390) to work on /home/airflow/.local/lib/python3.8/site-packages/airflow/example_dags/example_sensor_decorator.py
[2025-08-14T17:57:40.585+0000] {processor.py:830} INFO - Processing file /home/airflow/.local/lib/python3.8/site-packages/airflow/example_dags/example_sensor_decorator.py for tasks to queue
[2025-08-14T17:57:40.587+0000] {logging_mixin.py:188} INFO - [2025-08-14T17:57:40.586+0000] {dagbag.py:540} INFO - Filling up the DagBag from /home/airflow/.local/lib/python3.8/site-packages/airflow/example_dags/example_sensor_decorator.py
[2025-08-14T17:57:40.590+0000] {processor.py:840} INFO - DAG(s) 'example_sensor_decorator' retrieved from /home/airflow/.local/lib/python3.8/site-packages/airflow/example_dags/example_sensor_decorator.py
[2025-08-14T17:57:40.603+0000] {logging_mixin.py:188} INFO - [2025-08-14T17:57:40.602+0000] {dag.py:3047} INFO - Sync 1 DAGs
[2025-08-14T17:57:40.608+0000] {logging_mixin.py:188} INFO - [2025-08-14T17:57:40.608+0000] {dag.py:3834} INFO - Setting next_dagrun for example_sensor_decorator to None, run_after=None
[2025-08-14T17:57:40.623+0000] {processor.py:183} INFO - Processing /home/airflow/.local/lib/python3.8/site-packages/airflow/example_dags/example_sensor_decorator.py took 0.041 seconds
[2025-08-14T17:58:11.406+0000] {processor.py:161} INFO - Started process (PID=2446) to work on /home/airflow/.local/lib/python3.8/site-packages/airflow/example_dags/example_sensor_decorator.py
[2025-08-14T17:58:11.408+0000] {processor.py:830} INFO - Processing file /home/airflow/.local/lib/python3.8/site-packages/airflow/example_dags/example_sensor_decorator.py for tasks to queue
[2025-08-14T17:58:11.409+0000] {logging_mixin.py:188} INFO - [2025-08-14T17:58:11.409+0000] {dagbag.py:540} INFO - Filling up the DagBag from /home/airflow/.local/lib/python3.8/site-packages/airflow/example_dags/example_sensor_decorator.py
[2025-08-14T17:58:11.414+0000] {processor.py:840} INFO - DAG(s) 'example_sensor_decorator' retrieved from /home/airflow/.local/lib/python3.8/site-packages/airflow/example_dags/example_sensor_decorator.py
[2025-08-14T17:58:11.430+0000] {logging_mixin.py:188} INFO - [2025-08-14T17:58:11.430+0000] {dag.py:3047} INFO - Sync 1 DAGs
[2025-08-14T17:58:11.438+0000] {logging_mixin.py:188} INFO - [2025-08-14T17:58:11.438+0000] {dag.py:3834} INFO - Setting next_dagrun for example_sensor_decorator to None, run_after=None
[2025-08-14T17:58:11.449+0000] {processor.py:183} INFO - Processing /home/airflow/.local/lib/python3.8/site-packages/airflow/example_dags/example_sensor_decorator.py took 0.045 seconds
[2025-08-14T17:58:42.318+0000] {processor.py:161} INFO - Started process (PID=2502) to work on /home/airflow/.local/lib/python3.8/site-packages/airflow/example_dags/example_sensor_decorator.py
[2025-08-14T17:58:42.320+0000] {processor.py:830} INFO - Processing file /home/airflow/.local/lib/python3.8/site-packages/airflow/example_dags/example_sensor_decorator.py for tasks to queue
[2025-08-14T17:58:42.322+0000] {logging_mixin.py:188} INFO - [2025-08-14T17:58:42.322+0000] {dagbag.py:540} INFO - Filling up the DagBag from /home/airflow/.local/lib/python3.8/site-packages/airflow/example_dags/example_sensor_decorator.py
[2025-08-14T17:58:42.328+0000] {processor.py:840} INFO - DAG(s) 'example_sensor_decorator' retrieved from /home/airflow/.local/lib/python3.8/site-packages/airflow/example_dags/example_sensor_decorator.py
[2025-08-14T17:58:42.368+0000] {logging_mixin.py:188} INFO - [2025-08-14T17:58:42.368+0000] {dag.py:3047} INFO - Sync 1 DAGs
[2025-08-14T17:58:42.382+0000] {logging_mixin.py:188} INFO - [2025-08-14T17:58:42.382+0000] {dag.py:3834} INFO - Setting next_dagrun for example_sensor_decorator to None, run_after=None
[2025-08-14T17:58:42.396+0000] {processor.py:183} INFO - Processing /home/airflow/.local/lib/python3.8/site-packages/airflow/example_dags/example_sensor_decorator.py took 0.081 seconds
[2025-08-14T17:59:12.632+0000] {processor.py:161} INFO - Started process (PID=2558) to work on /home/airflow/.local/lib/python3.8/site-packages/airflow/example_dags/example_sensor_decorator.py
[2025-08-14T17:59:12.633+0000] {processor.py:830} INFO - Processing file /home/airflow/.local/lib/python3.8/site-packages/airflow/example_dags/example_sensor_decorator.py for tasks to queue
[2025-08-14T17:59:12.636+0000] {logging_mixin.py:188} INFO - [2025-08-14T17:59:12.635+0000] {dagbag.py:540} INFO - Filling up the DagBag from /home/airflow/.local/lib/python3.8/site-packages/airflow/example_dags/example_sensor_decorator.py
[2025-08-14T17:59:12.643+0000] {processor.py:840} INFO - DAG(s) 'example_sensor_decorator' retrieved from /home/airflow/.local/lib/python3.8/site-packages/airflow/example_dags/example_sensor_decorator.py
[2025-08-14T17:59:12.663+0000] {logging_mixin.py:188} INFO - [2025-08-14T17:59:12.663+0000] {dag.py:3047} INFO - Sync 1 DAGs
[2025-08-14T17:59:12.674+0000] {logging_mixin.py:188} INFO - [2025-08-14T17:59:12.674+0000] {dag.py:3834} INFO - Setting next_dagrun for example_sensor_decorator to None, run_after=None
[2025-08-14T17:59:12.688+0000] {processor.py:183} INFO - Processing /home/airflow/.local/lib/python3.8/site-packages/airflow/example_dags/example_sensor_decorator.py took 0.059 seconds
[2025-08-14T17:59:42.781+0000] {processor.py:161} INFO - Started process (PID=2614) to work on /home/airflow/.local/lib/python3.8/site-packages/airflow/example_dags/example_sensor_decorator.py
[2025-08-14T17:59:42.782+0000] {processor.py:830} INFO - Processing file /home/airflow/.local/lib/python3.8/site-packages/airflow/example_dags/example_sensor_decorator.py for tasks to queue
[2025-08-14T17:59:42.783+0000] {logging_mixin.py:188} INFO - [2025-08-14T17:59:42.783+0000] {dagbag.py:540} INFO - Filling up the DagBag from /home/airflow/.local/lib/python3.8/site-packages/airflow/example_dags/example_sensor_decorator.py
[2025-08-14T17:59:42.786+0000] {processor.py:840} INFO - DAG(s) 'example_sensor_decorator' retrieved from /home/airflow/.local/lib/python3.8/site-packages/airflow/example_dags/example_sensor_decorator.py
[2025-08-14T17:59:42.799+0000] {logging_mixin.py:188} INFO - [2025-08-14T17:59:42.799+0000] {dag.py:3047} INFO - Sync 1 DAGs
[2025-08-14T17:59:42.807+0000] {logging_mixin.py:188} INFO - [2025-08-14T17:59:42.806+0000] {dag.py:3834} INFO - Setting next_dagrun for example_sensor_decorator to None, run_after=None
[2025-08-14T17:59:42.817+0000] {processor.py:183} INFO - Processing /home/airflow/.local/lib/python3.8/site-packages/airflow/example_dags/example_sensor_decorator.py took 0.038 seconds
[2025-08-14T18:00:13.275+0000] {processor.py:161} INFO - Started process (PID=2669) to work on /home/airflow/.local/lib/python3.8/site-packages/airflow/example_dags/example_sensor_decorator.py
[2025-08-14T18:00:13.275+0000] {processor.py:830} INFO - Processing file /home/airflow/.local/lib/python3.8/site-packages/airflow/example_dags/example_sensor_decorator.py for tasks to queue
[2025-08-14T18:00:13.277+0000] {logging_mixin.py:188} INFO - [2025-08-14T18:00:13.276+0000] {dagbag.py:540} INFO - Filling up the DagBag from /home/airflow/.local/lib/python3.8/site-packages/airflow/example_dags/example_sensor_decorator.py
[2025-08-14T18:00:13.281+0000] {processor.py:840} INFO - DAG(s) 'example_sensor_decorator' retrieved from /home/airflow/.local/lib/python3.8/site-packages/airflow/example_dags/example_sensor_decorator.py
[2025-08-14T18:00:13.296+0000] {logging_mixin.py:188} INFO - [2025-08-14T18:00:13.296+0000] {dag.py:3047} INFO - Sync 1 DAGs
[2025-08-14T18:00:13.304+0000] {logging_mixin.py:188} INFO - [2025-08-14T18:00:13.304+0000] {dag.py:3834} INFO - Setting next_dagrun for example_sensor_decorator to None, run_after=None
[2025-08-14T18:00:13.315+0000] {processor.py:183} INFO - Processing /home/airflow/.local/lib/python3.8/site-packages/airflow/example_dags/example_sensor_decorator.py took 0.042 seconds
[2025-08-14T18:00:43.570+0000] {processor.py:161} INFO - Started process (PID=2725) to work on /home/airflow/.local/lib/python3.8/site-packages/airflow/example_dags/example_sensor_decorator.py
[2025-08-14T18:00:43.573+0000] {processor.py:830} INFO - Processing file /home/airflow/.local/lib/python3.8/site-packages/airflow/example_dags/example_sensor_decorator.py for tasks to queue
[2025-08-14T18:00:43.574+0000] {logging_mixin.py:188} INFO - [2025-08-14T18:00:43.574+0000] {dagbag.py:540} INFO - Filling up the DagBag from /home/airflow/.local/lib/python3.8/site-packages/airflow/example_dags/example_sensor_decorator.py
[2025-08-14T18:00:43.577+0000] {processor.py:840} INFO - DAG(s) 'example_sensor_decorator' retrieved from /home/airflow/.local/lib/python3.8/site-packages/airflow/example_dags/example_sensor_decorator.py
[2025-08-14T18:00:43.590+0000] {logging_mixin.py:188} INFO - [2025-08-14T18:00:43.589+0000] {dag.py:3047} INFO - Sync 1 DAGs
[2025-08-14T18:00:43.598+0000] {logging_mixin.py:188} INFO - [2025-08-14T18:00:43.598+0000] {dag.py:3834} INFO - Setting next_dagrun for example_sensor_decorator to None, run_after=None
[2025-08-14T18:00:43.610+0000] {processor.py:183} INFO - Processing /home/airflow/.local/lib/python3.8/site-packages/airflow/example_dags/example_sensor_decorator.py took 0.041 seconds
[2025-08-14T18:01:13.900+0000] {processor.py:161} INFO - Started process (PID=2781) to work on /home/airflow/.local/lib/python3.8/site-packages/airflow/example_dags/example_sensor_decorator.py
[2025-08-14T18:01:13.901+0000] {processor.py:830} INFO - Processing file /home/airflow/.local/lib/python3.8/site-packages/airflow/example_dags/example_sensor_decorator.py for tasks to queue
[2025-08-14T18:01:13.902+0000] {logging_mixin.py:188} INFO - [2025-08-14T18:01:13.901+0000] {dagbag.py:540} INFO - Filling up the DagBag from /home/airflow/.local/lib/python3.8/site-packages/airflow/example_dags/example_sensor_decorator.py
[2025-08-14T18:01:13.905+0000] {processor.py:840} INFO - DAG(s) 'example_sensor_decorator' retrieved from /home/airflow/.local/lib/python3.8/site-packages/airflow/example_dags/example_sensor_decorator.py
[2025-08-14T18:01:13.914+0000] {logging_mixin.py:188} INFO - [2025-08-14T18:01:13.914+0000] {dag.py:3047} INFO - Sync 1 DAGs
[2025-08-14T18:01:13.920+0000] {logging_mixin.py:188} INFO - [2025-08-14T18:01:13.920+0000] {dag.py:3834} INFO - Setting next_dagrun for example_sensor_decorator to None, run_after=None
[2025-08-14T18:01:13.928+0000] {processor.py:183} INFO - Processing /home/airflow/.local/lib/python3.8/site-packages/airflow/example_dags/example_sensor_decorator.py took 0.030 seconds
[2025-08-14T18:01:44.441+0000] {processor.py:161} INFO - Started process (PID=2837) to work on /home/airflow/.local/lib/python3.8/site-packages/airflow/example_dags/example_sensor_decorator.py
[2025-08-14T18:01:44.442+0000] {processor.py:830} INFO - Processing file /home/airflow/.local/lib/python3.8/site-packages/airflow/example_dags/example_sensor_decorator.py for tasks to queue
[2025-08-14T18:01:44.445+0000] {logging_mixin.py:188} INFO - [2025-08-14T18:01:44.444+0000] {dagbag.py:540} INFO - Filling up the DagBag from /home/airflow/.local/lib/python3.8/site-packages/airflow/example_dags/example_sensor_decorator.py
[2025-08-14T18:01:44.450+0000] {processor.py:840} INFO - DAG(s) 'example_sensor_decorator' retrieved from /home/airflow/.local/lib/python3.8/site-packages/airflow/example_dags/example_sensor_decorator.py
[2025-08-14T18:01:44.467+0000] {logging_mixin.py:188} INFO - [2025-08-14T18:01:44.467+0000] {dag.py:3047} INFO - Sync 1 DAGs
[2025-08-14T18:01:44.474+0000] {logging_mixin.py:188} INFO - [2025-08-14T18:01:44.474+0000] {dag.py:3834} INFO - Setting next_dagrun for example_sensor_decorator to None, run_after=None
[2025-08-14T18:01:44.486+0000] {processor.py:183} INFO - Processing /home/airflow/.local/lib/python3.8/site-packages/airflow/example_dags/example_sensor_decorator.py took 0.047 seconds
[2025-08-14T18:02:15.095+0000] {processor.py:161} INFO - Started process (PID=2893) to work on /home/airflow/.local/lib/python3.8/site-packages/airflow/example_dags/example_sensor_decorator.py
[2025-08-14T18:02:15.097+0000] {processor.py:830} INFO - Processing file /home/airflow/.local/lib/python3.8/site-packages/airflow/example_dags/example_sensor_decorator.py for tasks to queue
[2025-08-14T18:02:15.098+0000] {logging_mixin.py:188} INFO - [2025-08-14T18:02:15.098+0000] {dagbag.py:540} INFO - Filling up the DagBag from /home/airflow/.local/lib/python3.8/site-packages/airflow/example_dags/example_sensor_decorator.py
[2025-08-14T18:02:15.101+0000] {processor.py:840} INFO - DAG(s) 'example_sensor_decorator' retrieved from /home/airflow/.local/lib/python3.8/site-packages/airflow/example_dags/example_sensor_decorator.py
[2025-08-14T18:02:15.114+0000] {logging_mixin.py:188} INFO - [2025-08-14T18:02:15.114+0000] {dag.py:3047} INFO - Sync 1 DAGs
[2025-08-14T18:02:15.121+0000] {logging_mixin.py:188} INFO - [2025-08-14T18:02:15.121+0000] {dag.py:3834} INFO - Setting next_dagrun for example_sensor_decorator to None, run_after=None
[2025-08-14T18:02:15.131+0000] {processor.py:183} INFO - Processing /home/airflow/.local/lib/python3.8/site-packages/airflow/example_dags/example_sensor_decorator.py took 0.039 seconds
[2025-08-14T18:02:45.803+0000] {processor.py:161} INFO - Started process (PID=2949) to work on /home/airflow/.local/lib/python3.8/site-packages/airflow/example_dags/example_sensor_decorator.py
[2025-08-14T18:02:45.806+0000] {processor.py:830} INFO - Processing file /home/airflow/.local/lib/python3.8/site-packages/airflow/example_dags/example_sensor_decorator.py for tasks to queue
[2025-08-14T18:02:45.810+0000] {logging_mixin.py:188} INFO - [2025-08-14T18:02:45.810+0000] {dagbag.py:540} INFO - Filling up the DagBag from /home/airflow/.local/lib/python3.8/site-packages/airflow/example_dags/example_sensor_decorator.py
[2025-08-14T18:02:45.815+0000] {processor.py:840} INFO - DAG(s) 'example_sensor_decorator' retrieved from /home/airflow/.local/lib/python3.8/site-packages/airflow/example_dags/example_sensor_decorator.py
[2025-08-14T18:02:45.832+0000] {logging_mixin.py:188} INFO - [2025-08-14T18:02:45.832+0000] {dag.py:3047} INFO - Sync 1 DAGs
[2025-08-14T18:02:45.841+0000] {logging_mixin.py:188} INFO - [2025-08-14T18:02:45.841+0000] {dag.py:3834} INFO - Setting next_dagrun for example_sensor_decorator to None, run_after=None
[2025-08-14T18:02:45.852+0000] {processor.py:183} INFO - Processing /home/airflow/.local/lib/python3.8/site-packages/airflow/example_dags/example_sensor_decorator.py took 0.051 seconds
[2025-08-14T18:03:15.956+0000] {processor.py:161} INFO - Started process (PID=3005) to work on /home/airflow/.local/lib/python3.8/site-packages/airflow/example_dags/example_sensor_decorator.py
[2025-08-14T18:03:15.956+0000] {processor.py:830} INFO - Processing file /home/airflow/.local/lib/python3.8/site-packages/airflow/example_dags/example_sensor_decorator.py for tasks to queue
[2025-08-14T18:03:15.957+0000] {logging_mixin.py:188} INFO - [2025-08-14T18:03:15.957+0000] {dagbag.py:540} INFO - Filling up the DagBag from /home/airflow/.local/lib/python3.8/site-packages/airflow/example_dags/example_sensor_decorator.py
[2025-08-14T18:03:15.961+0000] {processor.py:840} INFO - DAG(s) 'example_sensor_decorator' retrieved from /home/airflow/.local/lib/python3.8/site-packages/airflow/example_dags/example_sensor_decorator.py
[2025-08-14T18:03:15.976+0000] {logging_mixin.py:188} INFO - [2025-08-14T18:03:15.975+0000] {dag.py:3047} INFO - Sync 1 DAGs
[2025-08-14T18:03:15.984+0000] {logging_mixin.py:188} INFO - [2025-08-14T18:03:15.983+0000] {dag.py:3834} INFO - Setting next_dagrun for example_sensor_decorator to None, run_after=None
[2025-08-14T18:03:15.995+0000] {processor.py:183} INFO - Processing /home/airflow/.local/lib/python3.8/site-packages/airflow/example_dags/example_sensor_decorator.py took 0.042 seconds
[2025-08-14T18:03:46.136+0000] {processor.py:161} INFO - Started process (PID=3061) to work on /home/airflow/.local/lib/python3.8/site-packages/airflow/example_dags/example_sensor_decorator.py
[2025-08-14T18:03:46.146+0000] {processor.py:830} INFO - Processing file /home/airflow/.local/lib/python3.8/site-packages/airflow/example_dags/example_sensor_decorator.py for tasks to queue
[2025-08-14T18:03:46.149+0000] {logging_mixin.py:188} INFO - [2025-08-14T18:03:46.149+0000] {dagbag.py:540} INFO - Filling up the DagBag from /home/airflow/.local/lib/python3.8/site-packages/airflow/example_dags/example_sensor_decorator.py
[2025-08-14T18:03:46.164+0000] {processor.py:840} INFO - DAG(s) 'example_sensor_decorator' retrieved from /home/airflow/.local/lib/python3.8/site-packages/airflow/example_dags/example_sensor_decorator.py
[2025-08-14T18:03:46.185+0000] {logging_mixin.py:188} INFO - [2025-08-14T18:03:46.185+0000] {dag.py:3047} INFO - Sync 1 DAGs
[2025-08-14T18:03:46.196+0000] {logging_mixin.py:188} INFO - [2025-08-14T18:03:46.196+0000] {dag.py:3834} INFO - Setting next_dagrun for example_sensor_decorator to None, run_after=None
[2025-08-14T18:03:46.210+0000] {processor.py:183} INFO - Processing /home/airflow/.local/lib/python3.8/site-packages/airflow/example_dags/example_sensor_decorator.py took 0.081 seconds
[2025-08-14T18:04:16.949+0000] {processor.py:161} INFO - Started process (PID=3117) to work on /home/airflow/.local/lib/python3.8/site-packages/airflow/example_dags/example_sensor_decorator.py
[2025-08-14T18:04:16.950+0000] {processor.py:830} INFO - Processing file /home/airflow/.local/lib/python3.8/site-packages/airflow/example_dags/example_sensor_decorator.py for tasks to queue
[2025-08-14T18:04:16.951+0000] {logging_mixin.py:188} INFO - [2025-08-14T18:04:16.951+0000] {dagbag.py:540} INFO - Filling up the DagBag from /home/airflow/.local/lib/python3.8/site-packages/airflow/example_dags/example_sensor_decorator.py
[2025-08-14T18:04:16.955+0000] {processor.py:840} INFO - DAG(s) 'example_sensor_decorator' retrieved from /home/airflow/.local/lib/python3.8/site-packages/airflow/example_dags/example_sensor_decorator.py
[2025-08-14T18:04:16.967+0000] {logging_mixin.py:188} INFO - [2025-08-14T18:04:16.967+0000] {dag.py:3047} INFO - Sync 1 DAGs
[2025-08-14T18:04:16.974+0000] {logging_mixin.py:188} INFO - [2025-08-14T18:04:16.974+0000] {dag.py:3834} INFO - Setting next_dagrun for example_sensor_decorator to None, run_after=None
[2025-08-14T18:04:16.993+0000] {processor.py:183} INFO - Processing /home/airflow/.local/lib/python3.8/site-packages/airflow/example_dags/example_sensor_decorator.py took 0.045 seconds
[2025-08-14T18:04:47.387+0000] {processor.py:161} INFO - Started process (PID=3173) to work on /home/airflow/.local/lib/python3.8/site-packages/airflow/example_dags/example_sensor_decorator.py
[2025-08-14T18:04:47.388+0000] {processor.py:830} INFO - Processing file /home/airflow/.local/lib/python3.8/site-packages/airflow/example_dags/example_sensor_decorator.py for tasks to queue
[2025-08-14T18:04:47.389+0000] {logging_mixin.py:188} INFO - [2025-08-14T18:04:47.389+0000] {dagbag.py:540} INFO - Filling up the DagBag from /home/airflow/.local/lib/python3.8/site-packages/airflow/example_dags/example_sensor_decorator.py
[2025-08-14T18:04:47.393+0000] {processor.py:840} INFO - DAG(s) 'example_sensor_decorator' retrieved from /home/airflow/.local/lib/python3.8/site-packages/airflow/example_dags/example_sensor_decorator.py
[2025-08-14T18:04:47.407+0000] {logging_mixin.py:188} INFO - [2025-08-14T18:04:47.407+0000] {dag.py:3047} INFO - Sync 1 DAGs
[2025-08-14T18:04:47.414+0000] {logging_mixin.py:188} INFO - [2025-08-14T18:04:47.414+0000] {dag.py:3834} INFO - Setting next_dagrun for example_sensor_decorator to None, run_after=None
[2025-08-14T18:04:47.431+0000] {processor.py:183} INFO - Processing /home/airflow/.local/lib/python3.8/site-packages/airflow/example_dags/example_sensor_decorator.py took 0.047 seconds
[2025-08-14T18:05:18.085+0000] {processor.py:161} INFO - Started process (PID=3227) to work on /home/airflow/.local/lib/python3.8/site-packages/airflow/example_dags/example_sensor_decorator.py
[2025-08-14T18:05:18.086+0000] {processor.py:830} INFO - Processing file /home/airflow/.local/lib/python3.8/site-packages/airflow/example_dags/example_sensor_decorator.py for tasks to queue
[2025-08-14T18:05:18.087+0000] {logging_mixin.py:188} INFO - [2025-08-14T18:05:18.087+0000] {dagbag.py:540} INFO - Filling up the DagBag from /home/airflow/.local/lib/python3.8/site-packages/airflow/example_dags/example_sensor_decorator.py
[2025-08-14T18:05:18.091+0000] {processor.py:840} INFO - DAG(s) 'example_sensor_decorator' retrieved from /home/airflow/.local/lib/python3.8/site-packages/airflow/example_dags/example_sensor_decorator.py
[2025-08-14T18:05:18.110+0000] {logging_mixin.py:188} INFO - [2025-08-14T18:05:18.110+0000] {dag.py:3047} INFO - Sync 1 DAGs
[2025-08-14T18:05:18.142+0000] {logging_mixin.py:188} INFO - [2025-08-14T18:05:18.141+0000] {dag.py:3834} INFO - Setting next_dagrun for example_sensor_decorator to None, run_after=None
[2025-08-14T18:05:18.166+0000] {processor.py:183} INFO - Processing /home/airflow/.local/lib/python3.8/site-packages/airflow/example_dags/example_sensor_decorator.py took 0.084 seconds
[2025-08-14T18:05:49.175+0000] {processor.py:161} INFO - Started process (PID=3283) to work on /home/airflow/.local/lib/python3.8/site-packages/airflow/example_dags/example_sensor_decorator.py
[2025-08-14T18:05:49.177+0000] {processor.py:830} INFO - Processing file /home/airflow/.local/lib/python3.8/site-packages/airflow/example_dags/example_sensor_decorator.py for tasks to queue
[2025-08-14T18:05:49.179+0000] {logging_mixin.py:188} INFO - [2025-08-14T18:05:49.179+0000] {dagbag.py:540} INFO - Filling up the DagBag from /home/airflow/.local/lib/python3.8/site-packages/airflow/example_dags/example_sensor_decorator.py
[2025-08-14T18:05:49.183+0000] {processor.py:840} INFO - DAG(s) 'example_sensor_decorator' retrieved from /home/airflow/.local/lib/python3.8/site-packages/airflow/example_dags/example_sensor_decorator.py
[2025-08-14T18:05:49.197+0000] {logging_mixin.py:188} INFO - [2025-08-14T18:05:49.197+0000] {dag.py:3047} INFO - Sync 1 DAGs
[2025-08-14T18:05:49.204+0000] {logging_mixin.py:188} INFO - [2025-08-14T18:05:49.204+0000] {dag.py:3834} INFO - Setting next_dagrun for example_sensor_decorator to None, run_after=None
[2025-08-14T18:05:49.220+0000] {processor.py:183} INFO - Processing /home/airflow/.local/lib/python3.8/site-packages/airflow/example_dags/example_sensor_decorator.py took 0.047 seconds
