[2025-08-14T17:36:44.472+0000] {processor.py:161} INFO - Started process (PID=66) to work on /home/airflow/.local/lib/python3.8/site-packages/airflow/example_dags/example_setup_teardown.py
[2025-08-14T17:36:44.474+0000] {processor.py:830} INFO - Processing file /home/airflow/.local/lib/python3.8/site-packages/airflow/example_dags/example_setup_teardown.py for tasks to queue
[2025-08-14T17:36:44.476+0000] {logging_mixin.py:188} INFO - [2025-08-14T17:36:44.476+0000] {dagbag.py:540} INFO - Filling up the DagBag from /home/airflow/.local/lib/python3.8/site-packages/airflow/example_dags/example_setup_teardown.py
[2025-08-14T17:36:44.491+0000] {processor.py:840} INFO - DAG(s) 'example_setup_teardown' retrieved from /home/airflow/.local/lib/python3.8/site-packages/airflow/example_dags/example_setup_teardown.py
[2025-08-14T17:36:44.527+0000] {logging_mixin.py:188} INFO - [2025-08-14T17:36:44.526+0000] {dag.py:3047} INFO - Sync 1 DAGs
[2025-08-14T17:36:44.547+0000] {logging_mixin.py:188} INFO - [2025-08-14T17:36:44.546+0000] {dag.py:3834} INFO - Setting next_dagrun for example_setup_teardown to 2025-08-13 00:00:00+00:00, run_after=2025-08-14 00:00:00+00:00
[2025-08-14T17:36:44.639+0000] {processor.py:183} INFO - Processing /home/airflow/.local/lib/python3.8/site-packages/airflow/example_dags/example_setup_teardown.py took 0.152 seconds
[2025-08-14T17:37:14.830+0000] {processor.py:161} INFO - Started process (PID=122) to work on /home/airflow/.local/lib/python3.8/site-packages/airflow/example_dags/example_setup_teardown.py
[2025-08-14T17:37:14.831+0000] {processor.py:830} INFO - Processing file /home/airflow/.local/lib/python3.8/site-packages/airflow/example_dags/example_setup_teardown.py for tasks to queue
[2025-08-14T17:37:14.833+0000] {logging_mixin.py:188} INFO - [2025-08-14T17:37:14.833+0000] {dagbag.py:540} INFO - Filling up the DagBag from /home/airflow/.local/lib/python3.8/site-packages/airflow/example_dags/example_setup_teardown.py
[2025-08-14T17:37:14.839+0000] {processor.py:840} INFO - DAG(s) 'example_setup_teardown' retrieved from /home/airflow/.local/lib/python3.8/site-packages/airflow/example_dags/example_setup_teardown.py
[2025-08-14T17:37:14.894+0000] {logging_mixin.py:188} INFO - [2025-08-14T17:37:14.893+0000] {dag.py:3047} INFO - Sync 1 DAGs
[2025-08-14T17:37:14.903+0000] {logging_mixin.py:188} INFO - [2025-08-14T17:37:14.902+0000] {dag.py:3834} INFO - Setting next_dagrun for example_setup_teardown to 2025-08-13 00:00:00+00:00, run_after=2025-08-14 00:00:00+00:00
[2025-08-14T17:37:14.911+0000] {processor.py:183} INFO - Processing /home/airflow/.local/lib/python3.8/site-packages/airflow/example_dags/example_setup_teardown.py took 0.082 seconds
[2025-08-14T17:37:45.589+0000] {processor.py:161} INFO - Started process (PID=178) to work on /home/airflow/.local/lib/python3.8/site-packages/airflow/example_dags/example_setup_teardown.py
[2025-08-14T17:37:45.593+0000] {processor.py:830} INFO - Processing file /home/airflow/.local/lib/python3.8/site-packages/airflow/example_dags/example_setup_teardown.py for tasks to queue
[2025-08-14T17:37:45.594+0000] {logging_mixin.py:188} INFO - [2025-08-14T17:37:45.594+0000] {dagbag.py:540} INFO - Filling up the DagBag from /home/airflow/.local/lib/python3.8/site-packages/airflow/example_dags/example_setup_teardown.py
[2025-08-14T17:37:45.598+0000] {processor.py:840} INFO - DAG(s) 'example_setup_teardown' retrieved from /home/airflow/.local/lib/python3.8/site-packages/airflow/example_dags/example_setup_teardown.py
[2025-08-14T17:37:45.615+0000] {logging_mixin.py:188} INFO - [2025-08-14T17:37:45.615+0000] {dag.py:3047} INFO - Sync 1 DAGs
[2025-08-14T17:37:45.627+0000] {logging_mixin.py:188} INFO - [2025-08-14T17:37:45.627+0000] {dag.py:3834} INFO - Setting next_dagrun for example_setup_teardown to 2025-08-13 00:00:00+00:00, run_after=2025-08-14 00:00:00+00:00
[2025-08-14T17:37:45.635+0000] {processor.py:183} INFO - Processing /home/airflow/.local/lib/python3.8/site-packages/airflow/example_dags/example_setup_teardown.py took 0.048 seconds
[2025-08-14T17:38:16.680+0000] {processor.py:161} INFO - Started process (PID=234) to work on /home/airflow/.local/lib/python3.8/site-packages/airflow/example_dags/example_setup_teardown.py
[2025-08-14T17:38:16.681+0000] {processor.py:830} INFO - Processing file /home/airflow/.local/lib/python3.8/site-packages/airflow/example_dags/example_setup_teardown.py for tasks to queue
[2025-08-14T17:38:16.683+0000] {logging_mixin.py:188} INFO - [2025-08-14T17:38:16.683+0000] {dagbag.py:540} INFO - Filling up the DagBag from /home/airflow/.local/lib/python3.8/site-packages/airflow/example_dags/example_setup_teardown.py
[2025-08-14T17:38:16.689+0000] {processor.py:840} INFO - DAG(s) 'example_setup_teardown' retrieved from /home/airflow/.local/lib/python3.8/site-packages/airflow/example_dags/example_setup_teardown.py
[2025-08-14T17:38:16.706+0000] {logging_mixin.py:188} INFO - [2025-08-14T17:38:16.706+0000] {dag.py:3047} INFO - Sync 1 DAGs
[2025-08-14T17:38:16.717+0000] {logging_mixin.py:188} INFO - [2025-08-14T17:38:16.717+0000] {dag.py:3834} INFO - Setting next_dagrun for example_setup_teardown to 2025-08-13 00:00:00+00:00, run_after=2025-08-14 00:00:00+00:00
[2025-08-14T17:38:16.724+0000] {processor.py:183} INFO - Processing /home/airflow/.local/lib/python3.8/site-packages/airflow/example_dags/example_setup_teardown.py took 0.047 seconds
[2025-08-14T17:38:47.288+0000] {processor.py:161} INFO - Started process (PID=291) to work on /home/airflow/.local/lib/python3.8/site-packages/airflow/example_dags/example_setup_teardown.py
[2025-08-14T17:38:47.289+0000] {processor.py:830} INFO - Processing file /home/airflow/.local/lib/python3.8/site-packages/airflow/example_dags/example_setup_teardown.py for tasks to queue
[2025-08-14T17:38:47.292+0000] {logging_mixin.py:188} INFO - [2025-08-14T17:38:47.291+0000] {dagbag.py:540} INFO - Filling up the DagBag from /home/airflow/.local/lib/python3.8/site-packages/airflow/example_dags/example_setup_teardown.py
[2025-08-14T17:38:47.295+0000] {processor.py:840} INFO - DAG(s) 'example_setup_teardown' retrieved from /home/airflow/.local/lib/python3.8/site-packages/airflow/example_dags/example_setup_teardown.py
[2025-08-14T17:38:47.308+0000] {logging_mixin.py:188} INFO - [2025-08-14T17:38:47.308+0000] {dag.py:3047} INFO - Sync 1 DAGs
[2025-08-14T17:38:47.318+0000] {logging_mixin.py:188} INFO - [2025-08-14T17:38:47.318+0000] {dag.py:3834} INFO - Setting next_dagrun for example_setup_teardown to 2025-08-13 00:00:00+00:00, run_after=2025-08-14 00:00:00+00:00
[2025-08-14T17:38:47.325+0000] {processor.py:183} INFO - Processing /home/airflow/.local/lib/python3.8/site-packages/airflow/example_dags/example_setup_teardown.py took 0.040 seconds
[2025-08-14T17:39:17.515+0000] {processor.py:161} INFO - Started process (PID=347) to work on /home/airflow/.local/lib/python3.8/site-packages/airflow/example_dags/example_setup_teardown.py
[2025-08-14T17:39:17.516+0000] {processor.py:830} INFO - Processing file /home/airflow/.local/lib/python3.8/site-packages/airflow/example_dags/example_setup_teardown.py for tasks to queue
[2025-08-14T17:39:17.517+0000] {logging_mixin.py:188} INFO - [2025-08-14T17:39:17.516+0000] {dagbag.py:540} INFO - Filling up the DagBag from /home/airflow/.local/lib/python3.8/site-packages/airflow/example_dags/example_setup_teardown.py
[2025-08-14T17:39:17.520+0000] {processor.py:840} INFO - DAG(s) 'example_setup_teardown' retrieved from /home/airflow/.local/lib/python3.8/site-packages/airflow/example_dags/example_setup_teardown.py
[2025-08-14T17:39:17.538+0000] {logging_mixin.py:188} INFO - [2025-08-14T17:39:17.538+0000] {dag.py:3047} INFO - Sync 1 DAGs
[2025-08-14T17:39:17.551+0000] {logging_mixin.py:188} INFO - [2025-08-14T17:39:17.551+0000] {dag.py:3834} INFO - Setting next_dagrun for example_setup_teardown to 2025-08-13 00:00:00+00:00, run_after=2025-08-14 00:00:00+00:00
[2025-08-14T17:39:17.558+0000] {processor.py:183} INFO - Processing /home/airflow/.local/lib/python3.8/site-packages/airflow/example_dags/example_setup_teardown.py took 0.045 seconds
[2025-08-14T17:39:48.070+0000] {processor.py:161} INFO - Started process (PID=403) to work on /home/airflow/.local/lib/python3.8/site-packages/airflow/example_dags/example_setup_teardown.py
[2025-08-14T17:39:48.071+0000] {processor.py:830} INFO - Processing file /home/airflow/.local/lib/python3.8/site-packages/airflow/example_dags/example_setup_teardown.py for tasks to queue
[2025-08-14T17:39:48.073+0000] {logging_mixin.py:188} INFO - [2025-08-14T17:39:48.073+0000] {dagbag.py:540} INFO - Filling up the DagBag from /home/airflow/.local/lib/python3.8/site-packages/airflow/example_dags/example_setup_teardown.py
[2025-08-14T17:39:48.080+0000] {processor.py:840} INFO - DAG(s) 'example_setup_teardown' retrieved from /home/airflow/.local/lib/python3.8/site-packages/airflow/example_dags/example_setup_teardown.py
[2025-08-14T17:39:48.099+0000] {logging_mixin.py:188} INFO - [2025-08-14T17:39:48.099+0000] {dag.py:3047} INFO - Sync 1 DAGs
[2025-08-14T17:39:48.114+0000] {logging_mixin.py:188} INFO - [2025-08-14T17:39:48.114+0000] {dag.py:3834} INFO - Setting next_dagrun for example_setup_teardown to 2025-08-13 00:00:00+00:00, run_after=2025-08-14 00:00:00+00:00
[2025-08-14T17:39:48.123+0000] {processor.py:183} INFO - Processing /home/airflow/.local/lib/python3.8/site-packages/airflow/example_dags/example_setup_teardown.py took 0.055 seconds
[2025-08-14T17:40:18.863+0000] {processor.py:161} INFO - Started process (PID=459) to work on /home/airflow/.local/lib/python3.8/site-packages/airflow/example_dags/example_setup_teardown.py
[2025-08-14T17:40:18.864+0000] {processor.py:830} INFO - Processing file /home/airflow/.local/lib/python3.8/site-packages/airflow/example_dags/example_setup_teardown.py for tasks to queue
[2025-08-14T17:40:18.866+0000] {logging_mixin.py:188} INFO - [2025-08-14T17:40:18.865+0000] {dagbag.py:540} INFO - Filling up the DagBag from /home/airflow/.local/lib/python3.8/site-packages/airflow/example_dags/example_setup_teardown.py
[2025-08-14T17:40:18.869+0000] {processor.py:840} INFO - DAG(s) 'example_setup_teardown' retrieved from /home/airflow/.local/lib/python3.8/site-packages/airflow/example_dags/example_setup_teardown.py
[2025-08-14T17:40:18.886+0000] {logging_mixin.py:188} INFO - [2025-08-14T17:40:18.886+0000] {dag.py:3047} INFO - Sync 1 DAGs
[2025-08-14T17:40:18.897+0000] {logging_mixin.py:188} INFO - [2025-08-14T17:40:18.897+0000] {dag.py:3834} INFO - Setting next_dagrun for example_setup_teardown to 2025-08-13 00:00:00+00:00, run_after=2025-08-14 00:00:00+00:00
[2025-08-14T17:40:18.905+0000] {processor.py:183} INFO - Processing /home/airflow/.local/lib/python3.8/site-packages/airflow/example_dags/example_setup_teardown.py took 0.044 seconds
[2025-08-14T17:40:49.567+0000] {processor.py:161} INFO - Started process (PID=515) to work on /home/airflow/.local/lib/python3.8/site-packages/airflow/example_dags/example_setup_teardown.py
[2025-08-14T17:40:49.568+0000] {processor.py:830} INFO - Processing file /home/airflow/.local/lib/python3.8/site-packages/airflow/example_dags/example_setup_teardown.py for tasks to queue
[2025-08-14T17:40:49.570+0000] {logging_mixin.py:188} INFO - [2025-08-14T17:40:49.570+0000] {dagbag.py:540} INFO - Filling up the DagBag from /home/airflow/.local/lib/python3.8/site-packages/airflow/example_dags/example_setup_teardown.py
[2025-08-14T17:40:49.574+0000] {processor.py:840} INFO - DAG(s) 'example_setup_teardown' retrieved from /home/airflow/.local/lib/python3.8/site-packages/airflow/example_dags/example_setup_teardown.py
[2025-08-14T17:40:49.588+0000] {logging_mixin.py:188} INFO - [2025-08-14T17:40:49.588+0000] {dag.py:3047} INFO - Sync 1 DAGs
[2025-08-14T17:40:49.599+0000] {logging_mixin.py:188} INFO - [2025-08-14T17:40:49.599+0000] {dag.py:3834} INFO - Setting next_dagrun for example_setup_teardown to 2025-08-13 00:00:00+00:00, run_after=2025-08-14 00:00:00+00:00
[2025-08-14T17:40:49.608+0000] {processor.py:183} INFO - Processing /home/airflow/.local/lib/python3.8/site-packages/airflow/example_dags/example_setup_teardown.py took 0.043 seconds
[2025-08-14T17:41:20.031+0000] {processor.py:161} INFO - Started process (PID=571) to work on /home/airflow/.local/lib/python3.8/site-packages/airflow/example_dags/example_setup_teardown.py
[2025-08-14T17:41:20.032+0000] {processor.py:830} INFO - Processing file /home/airflow/.local/lib/python3.8/site-packages/airflow/example_dags/example_setup_teardown.py for tasks to queue
[2025-08-14T17:41:20.034+0000] {logging_mixin.py:188} INFO - [2025-08-14T17:41:20.034+0000] {dagbag.py:540} INFO - Filling up the DagBag from /home/airflow/.local/lib/python3.8/site-packages/airflow/example_dags/example_setup_teardown.py
[2025-08-14T17:41:20.041+0000] {processor.py:840} INFO - DAG(s) 'example_setup_teardown' retrieved from /home/airflow/.local/lib/python3.8/site-packages/airflow/example_dags/example_setup_teardown.py
[2025-08-14T17:41:20.061+0000] {logging_mixin.py:188} INFO - [2025-08-14T17:41:20.061+0000] {dag.py:3047} INFO - Sync 1 DAGs
[2025-08-14T17:41:20.076+0000] {logging_mixin.py:188} INFO - [2025-08-14T17:41:20.076+0000] {dag.py:3834} INFO - Setting next_dagrun for example_setup_teardown to 2025-08-13 00:00:00+00:00, run_after=2025-08-14 00:00:00+00:00
[2025-08-14T17:41:20.089+0000] {processor.py:183} INFO - Processing /home/airflow/.local/lib/python3.8/site-packages/airflow/example_dags/example_setup_teardown.py took 0.061 seconds
[2025-08-14T17:41:50.413+0000] {processor.py:161} INFO - Started process (PID=627) to work on /home/airflow/.local/lib/python3.8/site-packages/airflow/example_dags/example_setup_teardown.py
[2025-08-14T17:41:50.414+0000] {processor.py:830} INFO - Processing file /home/airflow/.local/lib/python3.8/site-packages/airflow/example_dags/example_setup_teardown.py for tasks to queue
[2025-08-14T17:41:50.416+0000] {logging_mixin.py:188} INFO - [2025-08-14T17:41:50.416+0000] {dagbag.py:540} INFO - Filling up the DagBag from /home/airflow/.local/lib/python3.8/site-packages/airflow/example_dags/example_setup_teardown.py
[2025-08-14T17:41:50.421+0000] {processor.py:840} INFO - DAG(s) 'example_setup_teardown' retrieved from /home/airflow/.local/lib/python3.8/site-packages/airflow/example_dags/example_setup_teardown.py
[2025-08-14T17:41:50.439+0000] {logging_mixin.py:188} INFO - [2025-08-14T17:41:50.439+0000] {dag.py:3047} INFO - Sync 1 DAGs
[2025-08-14T17:41:50.450+0000] {logging_mixin.py:188} INFO - [2025-08-14T17:41:50.450+0000] {dag.py:3834} INFO - Setting next_dagrun for example_setup_teardown to 2025-08-13 00:00:00+00:00, run_after=2025-08-14 00:00:00+00:00
[2025-08-14T17:41:50.457+0000] {processor.py:183} INFO - Processing /home/airflow/.local/lib/python3.8/site-packages/airflow/example_dags/example_setup_teardown.py took 0.046 seconds
[2025-08-14T17:42:21.066+0000] {processor.py:161} INFO - Started process (PID=683) to work on /home/airflow/.local/lib/python3.8/site-packages/airflow/example_dags/example_setup_teardown.py
[2025-08-14T17:42:21.070+0000] {processor.py:830} INFO - Processing file /home/airflow/.local/lib/python3.8/site-packages/airflow/example_dags/example_setup_teardown.py for tasks to queue
[2025-08-14T17:42:21.072+0000] {logging_mixin.py:188} INFO - [2025-08-14T17:42:21.071+0000] {dagbag.py:540} INFO - Filling up the DagBag from /home/airflow/.local/lib/python3.8/site-packages/airflow/example_dags/example_setup_teardown.py
[2025-08-14T17:42:21.077+0000] {processor.py:840} INFO - DAG(s) 'example_setup_teardown' retrieved from /home/airflow/.local/lib/python3.8/site-packages/airflow/example_dags/example_setup_teardown.py
[2025-08-14T17:42:21.094+0000] {logging_mixin.py:188} INFO - [2025-08-14T17:42:21.093+0000] {dag.py:3047} INFO - Sync 1 DAGs
[2025-08-14T17:42:21.118+0000] {logging_mixin.py:188} INFO - [2025-08-14T17:42:21.117+0000] {dag.py:3834} INFO - Setting next_dagrun for example_setup_teardown to 2025-08-13 00:00:00+00:00, run_after=2025-08-14 00:00:00+00:00
[2025-08-14T17:42:21.134+0000] {processor.py:183} INFO - Processing /home/airflow/.local/lib/python3.8/site-packages/airflow/example_dags/example_setup_teardown.py took 0.070 seconds
[2025-08-14T17:42:51.718+0000] {processor.py:161} INFO - Started process (PID=739) to work on /home/airflow/.local/lib/python3.8/site-packages/airflow/example_dags/example_setup_teardown.py
[2025-08-14T17:42:51.720+0000] {processor.py:830} INFO - Processing file /home/airflow/.local/lib/python3.8/site-packages/airflow/example_dags/example_setup_teardown.py for tasks to queue
[2025-08-14T17:42:51.721+0000] {logging_mixin.py:188} INFO - [2025-08-14T17:42:51.721+0000] {dagbag.py:540} INFO - Filling up the DagBag from /home/airflow/.local/lib/python3.8/site-packages/airflow/example_dags/example_setup_teardown.py
[2025-08-14T17:42:51.725+0000] {processor.py:840} INFO - DAG(s) 'example_setup_teardown' retrieved from /home/airflow/.local/lib/python3.8/site-packages/airflow/example_dags/example_setup_teardown.py
[2025-08-14T17:42:51.738+0000] {logging_mixin.py:188} INFO - [2025-08-14T17:42:51.738+0000] {dag.py:3047} INFO - Sync 1 DAGs
[2025-08-14T17:42:51.754+0000] {logging_mixin.py:188} INFO - [2025-08-14T17:42:51.754+0000] {dag.py:3834} INFO - Setting next_dagrun for example_setup_teardown to 2025-08-13 00:00:00+00:00, run_after=2025-08-14 00:00:00+00:00
[2025-08-14T17:42:51.764+0000] {processor.py:183} INFO - Processing /home/airflow/.local/lib/python3.8/site-packages/airflow/example_dags/example_setup_teardown.py took 0.049 seconds
[2025-08-14T17:43:22.161+0000] {processor.py:161} INFO - Started process (PID=795) to work on /home/airflow/.local/lib/python3.8/site-packages/airflow/example_dags/example_setup_teardown.py
[2025-08-14T17:43:22.163+0000] {processor.py:830} INFO - Processing file /home/airflow/.local/lib/python3.8/site-packages/airflow/example_dags/example_setup_teardown.py for tasks to queue
[2025-08-14T17:43:22.165+0000] {logging_mixin.py:188} INFO - [2025-08-14T17:43:22.165+0000] {dagbag.py:540} INFO - Filling up the DagBag from /home/airflow/.local/lib/python3.8/site-packages/airflow/example_dags/example_setup_teardown.py
[2025-08-14T17:43:22.170+0000] {processor.py:840} INFO - DAG(s) 'example_setup_teardown' retrieved from /home/airflow/.local/lib/python3.8/site-packages/airflow/example_dags/example_setup_teardown.py
[2025-08-14T17:43:22.209+0000] {logging_mixin.py:188} INFO - [2025-08-14T17:43:22.208+0000] {dag.py:3047} INFO - Sync 1 DAGs
[2025-08-14T17:43:22.255+0000] {logging_mixin.py:188} INFO - [2025-08-14T17:43:22.255+0000] {dag.py:3834} INFO - Setting next_dagrun for example_setup_teardown to 2025-08-13 00:00:00+00:00, run_after=2025-08-14 00:00:00+00:00
[2025-08-14T17:43:22.277+0000] {processor.py:183} INFO - Processing /home/airflow/.local/lib/python3.8/site-packages/airflow/example_dags/example_setup_teardown.py took 0.119 seconds
[2025-08-14T17:43:52.758+0000] {processor.py:161} INFO - Started process (PID=851) to work on /home/airflow/.local/lib/python3.8/site-packages/airflow/example_dags/example_setup_teardown.py
[2025-08-14T17:43:52.759+0000] {processor.py:830} INFO - Processing file /home/airflow/.local/lib/python3.8/site-packages/airflow/example_dags/example_setup_teardown.py for tasks to queue
[2025-08-14T17:43:52.761+0000] {logging_mixin.py:188} INFO - [2025-08-14T17:43:52.760+0000] {dagbag.py:540} INFO - Filling up the DagBag from /home/airflow/.local/lib/python3.8/site-packages/airflow/example_dags/example_setup_teardown.py
[2025-08-14T17:43:52.766+0000] {processor.py:840} INFO - DAG(s) 'example_setup_teardown' retrieved from /home/airflow/.local/lib/python3.8/site-packages/airflow/example_dags/example_setup_teardown.py
[2025-08-14T17:43:52.782+0000] {logging_mixin.py:188} INFO - [2025-08-14T17:43:52.782+0000] {dag.py:3047} INFO - Sync 1 DAGs
[2025-08-14T17:43:52.797+0000] {logging_mixin.py:188} INFO - [2025-08-14T17:43:52.797+0000] {dag.py:3834} INFO - Setting next_dagrun for example_setup_teardown to 2025-08-13 00:00:00+00:00, run_after=2025-08-14 00:00:00+00:00
[2025-08-14T17:43:52.810+0000] {processor.py:183} INFO - Processing /home/airflow/.local/lib/python3.8/site-packages/airflow/example_dags/example_setup_teardown.py took 0.055 seconds
[2025-08-14T17:44:23.794+0000] {processor.py:161} INFO - Started process (PID=907) to work on /home/airflow/.local/lib/python3.8/site-packages/airflow/example_dags/example_setup_teardown.py
[2025-08-14T17:44:23.795+0000] {processor.py:830} INFO - Processing file /home/airflow/.local/lib/python3.8/site-packages/airflow/example_dags/example_setup_teardown.py for tasks to queue
[2025-08-14T17:44:23.798+0000] {logging_mixin.py:188} INFO - [2025-08-14T17:44:23.797+0000] {dagbag.py:540} INFO - Filling up the DagBag from /home/airflow/.local/lib/python3.8/site-packages/airflow/example_dags/example_setup_teardown.py
[2025-08-14T17:44:23.801+0000] {processor.py:840} INFO - DAG(s) 'example_setup_teardown' retrieved from /home/airflow/.local/lib/python3.8/site-packages/airflow/example_dags/example_setup_teardown.py
[2025-08-14T17:44:23.811+0000] {logging_mixin.py:188} INFO - [2025-08-14T17:44:23.811+0000] {dag.py:3047} INFO - Sync 1 DAGs
[2025-08-14T17:44:23.820+0000] {logging_mixin.py:188} INFO - [2025-08-14T17:44:23.820+0000] {dag.py:3834} INFO - Setting next_dagrun for example_setup_teardown to 2025-08-13 00:00:00+00:00, run_after=2025-08-14 00:00:00+00:00
[2025-08-14T17:44:23.828+0000] {processor.py:183} INFO - Processing /home/airflow/.local/lib/python3.8/site-packages/airflow/example_dags/example_setup_teardown.py took 0.036 seconds
[2025-08-14T17:44:54.223+0000] {processor.py:161} INFO - Started process (PID=963) to work on /home/airflow/.local/lib/python3.8/site-packages/airflow/example_dags/example_setup_teardown.py
[2025-08-14T17:44:54.225+0000] {processor.py:830} INFO - Processing file /home/airflow/.local/lib/python3.8/site-packages/airflow/example_dags/example_setup_teardown.py for tasks to queue
[2025-08-14T17:44:54.227+0000] {logging_mixin.py:188} INFO - [2025-08-14T17:44:54.227+0000] {dagbag.py:540} INFO - Filling up the DagBag from /home/airflow/.local/lib/python3.8/site-packages/airflow/example_dags/example_setup_teardown.py
[2025-08-14T17:44:54.236+0000] {processor.py:840} INFO - DAG(s) 'example_setup_teardown' retrieved from /home/airflow/.local/lib/python3.8/site-packages/airflow/example_dags/example_setup_teardown.py
[2025-08-14T17:44:54.255+0000] {logging_mixin.py:188} INFO - [2025-08-14T17:44:54.255+0000] {dag.py:3047} INFO - Sync 1 DAGs
[2025-08-14T17:44:54.269+0000] {logging_mixin.py:188} INFO - [2025-08-14T17:44:54.269+0000] {dag.py:3834} INFO - Setting next_dagrun for example_setup_teardown to 2025-08-13 00:00:00+00:00, run_after=2025-08-14 00:00:00+00:00
[2025-08-14T17:44:54.280+0000] {processor.py:183} INFO - Processing /home/airflow/.local/lib/python3.8/site-packages/airflow/example_dags/example_setup_teardown.py took 0.059 seconds
[2025-08-14T17:45:24.626+0000] {processor.py:161} INFO - Started process (PID=1019) to work on /home/airflow/.local/lib/python3.8/site-packages/airflow/example_dags/example_setup_teardown.py
[2025-08-14T17:45:24.627+0000] {processor.py:830} INFO - Processing file /home/airflow/.local/lib/python3.8/site-packages/airflow/example_dags/example_setup_teardown.py for tasks to queue
[2025-08-14T17:45:24.629+0000] {logging_mixin.py:188} INFO - [2025-08-14T17:45:24.629+0000] {dagbag.py:540} INFO - Filling up the DagBag from /home/airflow/.local/lib/python3.8/site-packages/airflow/example_dags/example_setup_teardown.py
[2025-08-14T17:45:24.632+0000] {processor.py:840} INFO - DAG(s) 'example_setup_teardown' retrieved from /home/airflow/.local/lib/python3.8/site-packages/airflow/example_dags/example_setup_teardown.py
[2025-08-14T17:45:24.655+0000] {logging_mixin.py:188} INFO - [2025-08-14T17:45:24.655+0000] {dag.py:3047} INFO - Sync 1 DAGs
[2025-08-14T17:45:24.673+0000] {logging_mixin.py:188} INFO - [2025-08-14T17:45:24.673+0000] {dag.py:3834} INFO - Setting next_dagrun for example_setup_teardown to 2025-08-13 00:00:00+00:00, run_after=2025-08-14 00:00:00+00:00
[2025-08-14T17:45:24.682+0000] {processor.py:183} INFO - Processing /home/airflow/.local/lib/python3.8/site-packages/airflow/example_dags/example_setup_teardown.py took 0.058 seconds
[2025-08-14T17:45:55.095+0000] {processor.py:161} INFO - Started process (PID=1075) to work on /home/airflow/.local/lib/python3.8/site-packages/airflow/example_dags/example_setup_teardown.py
[2025-08-14T17:45:55.096+0000] {processor.py:830} INFO - Processing file /home/airflow/.local/lib/python3.8/site-packages/airflow/example_dags/example_setup_teardown.py for tasks to queue
[2025-08-14T17:45:55.101+0000] {logging_mixin.py:188} INFO - [2025-08-14T17:45:55.101+0000] {dagbag.py:540} INFO - Filling up the DagBag from /home/airflow/.local/lib/python3.8/site-packages/airflow/example_dags/example_setup_teardown.py
[2025-08-14T17:45:55.104+0000] {processor.py:840} INFO - DAG(s) 'example_setup_teardown' retrieved from /home/airflow/.local/lib/python3.8/site-packages/airflow/example_dags/example_setup_teardown.py
[2025-08-14T17:45:55.114+0000] {logging_mixin.py:188} INFO - [2025-08-14T17:45:55.114+0000] {dag.py:3047} INFO - Sync 1 DAGs
[2025-08-14T17:45:55.124+0000] {logging_mixin.py:188} INFO - [2025-08-14T17:45:55.124+0000] {dag.py:3834} INFO - Setting next_dagrun for example_setup_teardown to 2025-08-13 00:00:00+00:00, run_after=2025-08-14 00:00:00+00:00
[2025-08-14T17:45:55.131+0000] {processor.py:183} INFO - Processing /home/airflow/.local/lib/python3.8/site-packages/airflow/example_dags/example_setup_teardown.py took 0.038 seconds
[2025-08-14T17:46:25.601+0000] {processor.py:161} INFO - Started process (PID=1131) to work on /home/airflow/.local/lib/python3.8/site-packages/airflow/example_dags/example_setup_teardown.py
[2025-08-14T17:46:25.603+0000] {processor.py:830} INFO - Processing file /home/airflow/.local/lib/python3.8/site-packages/airflow/example_dags/example_setup_teardown.py for tasks to queue
[2025-08-14T17:46:25.604+0000] {logging_mixin.py:188} INFO - [2025-08-14T17:46:25.604+0000] {dagbag.py:540} INFO - Filling up the DagBag from /home/airflow/.local/lib/python3.8/site-packages/airflow/example_dags/example_setup_teardown.py
[2025-08-14T17:46:25.611+0000] {processor.py:840} INFO - DAG(s) 'example_setup_teardown' retrieved from /home/airflow/.local/lib/python3.8/site-packages/airflow/example_dags/example_setup_teardown.py
[2025-08-14T17:46:25.628+0000] {logging_mixin.py:188} INFO - [2025-08-14T17:46:25.628+0000] {dag.py:3047} INFO - Sync 1 DAGs
[2025-08-14T17:46:25.642+0000] {logging_mixin.py:188} INFO - [2025-08-14T17:46:25.641+0000] {dag.py:3834} INFO - Setting next_dagrun for example_setup_teardown to 2025-08-13 00:00:00+00:00, run_after=2025-08-14 00:00:00+00:00
[2025-08-14T17:46:25.649+0000] {processor.py:183} INFO - Processing /home/airflow/.local/lib/python3.8/site-packages/airflow/example_dags/example_setup_teardown.py took 0.050 seconds
[2025-08-14T17:46:56.296+0000] {processor.py:161} INFO - Started process (PID=1187) to work on /home/airflow/.local/lib/python3.8/site-packages/airflow/example_dags/example_setup_teardown.py
[2025-08-14T17:46:56.297+0000] {processor.py:830} INFO - Processing file /home/airflow/.local/lib/python3.8/site-packages/airflow/example_dags/example_setup_teardown.py for tasks to queue
[2025-08-14T17:46:56.298+0000] {logging_mixin.py:188} INFO - [2025-08-14T17:46:56.298+0000] {dagbag.py:540} INFO - Filling up the DagBag from /home/airflow/.local/lib/python3.8/site-packages/airflow/example_dags/example_setup_teardown.py
[2025-08-14T17:46:56.301+0000] {processor.py:840} INFO - DAG(s) 'example_setup_teardown' retrieved from /home/airflow/.local/lib/python3.8/site-packages/airflow/example_dags/example_setup_teardown.py
[2025-08-14T17:46:56.311+0000] {logging_mixin.py:188} INFO - [2025-08-14T17:46:56.311+0000] {dag.py:3047} INFO - Sync 1 DAGs
[2025-08-14T17:46:56.321+0000] {logging_mixin.py:188} INFO - [2025-08-14T17:46:56.321+0000] {dag.py:3834} INFO - Setting next_dagrun for example_setup_teardown to 2025-08-13 00:00:00+00:00, run_after=2025-08-14 00:00:00+00:00
[2025-08-14T17:46:56.328+0000] {processor.py:183} INFO - Processing /home/airflow/.local/lib/python3.8/site-packages/airflow/example_dags/example_setup_teardown.py took 0.034 seconds
[2025-08-14T17:47:26.439+0000] {processor.py:161} INFO - Started process (PID=1243) to work on /home/airflow/.local/lib/python3.8/site-packages/airflow/example_dags/example_setup_teardown.py
[2025-08-14T17:47:26.441+0000] {processor.py:830} INFO - Processing file /home/airflow/.local/lib/python3.8/site-packages/airflow/example_dags/example_setup_teardown.py for tasks to queue
[2025-08-14T17:47:26.442+0000] {logging_mixin.py:188} INFO - [2025-08-14T17:47:26.442+0000] {dagbag.py:540} INFO - Filling up the DagBag from /home/airflow/.local/lib/python3.8/site-packages/airflow/example_dags/example_setup_teardown.py
[2025-08-14T17:47:26.445+0000] {processor.py:840} INFO - DAG(s) 'example_setup_teardown' retrieved from /home/airflow/.local/lib/python3.8/site-packages/airflow/example_dags/example_setup_teardown.py
[2025-08-14T17:47:26.461+0000] {logging_mixin.py:188} INFO - [2025-08-14T17:47:26.460+0000] {dag.py:3047} INFO - Sync 1 DAGs
[2025-08-14T17:47:26.470+0000] {logging_mixin.py:188} INFO - [2025-08-14T17:47:26.470+0000] {dag.py:3834} INFO - Setting next_dagrun for example_setup_teardown to 2025-08-13 00:00:00+00:00, run_after=2025-08-14 00:00:00+00:00
[2025-08-14T17:47:26.478+0000] {processor.py:183} INFO - Processing /home/airflow/.local/lib/python3.8/site-packages/airflow/example_dags/example_setup_teardown.py took 0.041 seconds
[2025-08-14T17:47:56.726+0000] {processor.py:161} INFO - Started process (PID=1299) to work on /home/airflow/.local/lib/python3.8/site-packages/airflow/example_dags/example_setup_teardown.py
[2025-08-14T17:47:56.729+0000] {processor.py:830} INFO - Processing file /home/airflow/.local/lib/python3.8/site-packages/airflow/example_dags/example_setup_teardown.py for tasks to queue
[2025-08-14T17:47:56.731+0000] {logging_mixin.py:188} INFO - [2025-08-14T17:47:56.731+0000] {dagbag.py:540} INFO - Filling up the DagBag from /home/airflow/.local/lib/python3.8/site-packages/airflow/example_dags/example_setup_teardown.py
[2025-08-14T17:47:56.737+0000] {processor.py:840} INFO - DAG(s) 'example_setup_teardown' retrieved from /home/airflow/.local/lib/python3.8/site-packages/airflow/example_dags/example_setup_teardown.py
[2025-08-14T17:47:56.754+0000] {logging_mixin.py:188} INFO - [2025-08-14T17:47:56.754+0000] {dag.py:3047} INFO - Sync 1 DAGs
[2025-08-14T17:47:56.770+0000] {logging_mixin.py:188} INFO - [2025-08-14T17:47:56.770+0000] {dag.py:3834} INFO - Setting next_dagrun for example_setup_teardown to 2025-08-13 00:00:00+00:00, run_after=2025-08-14 00:00:00+00:00
[2025-08-14T17:47:56.783+0000] {processor.py:183} INFO - Processing /home/airflow/.local/lib/python3.8/site-packages/airflow/example_dags/example_setup_teardown.py took 0.062 seconds
[2025-08-14T17:48:26.962+0000] {processor.py:161} INFO - Started process (PID=1355) to work on /home/airflow/.local/lib/python3.8/site-packages/airflow/example_dags/example_setup_teardown.py
[2025-08-14T17:48:26.965+0000] {processor.py:830} INFO - Processing file /home/airflow/.local/lib/python3.8/site-packages/airflow/example_dags/example_setup_teardown.py for tasks to queue
[2025-08-14T17:48:26.967+0000] {logging_mixin.py:188} INFO - [2025-08-14T17:48:26.967+0000] {dagbag.py:540} INFO - Filling up the DagBag from /home/airflow/.local/lib/python3.8/site-packages/airflow/example_dags/example_setup_teardown.py
[2025-08-14T17:48:26.973+0000] {processor.py:840} INFO - DAG(s) 'example_setup_teardown' retrieved from /home/airflow/.local/lib/python3.8/site-packages/airflow/example_dags/example_setup_teardown.py
[2025-08-14T17:48:27.006+0000] {logging_mixin.py:188} INFO - [2025-08-14T17:48:27.006+0000] {dag.py:3047} INFO - Sync 1 DAGs
[2025-08-14T17:48:27.022+0000] {logging_mixin.py:188} INFO - [2025-08-14T17:48:27.022+0000] {dag.py:3834} INFO - Setting next_dagrun for example_setup_teardown to 2025-08-13 00:00:00+00:00, run_after=2025-08-14 00:00:00+00:00
[2025-08-14T17:48:27.032+0000] {processor.py:183} INFO - Processing /home/airflow/.local/lib/python3.8/site-packages/airflow/example_dags/example_setup_teardown.py took 0.073 seconds
[2025-08-14T17:48:57.465+0000] {processor.py:161} INFO - Started process (PID=1411) to work on /home/airflow/.local/lib/python3.8/site-packages/airflow/example_dags/example_setup_teardown.py
[2025-08-14T17:48:57.467+0000] {processor.py:830} INFO - Processing file /home/airflow/.local/lib/python3.8/site-packages/airflow/example_dags/example_setup_teardown.py for tasks to queue
[2025-08-14T17:48:57.469+0000] {logging_mixin.py:188} INFO - [2025-08-14T17:48:57.469+0000] {dagbag.py:540} INFO - Filling up the DagBag from /home/airflow/.local/lib/python3.8/site-packages/airflow/example_dags/example_setup_teardown.py
[2025-08-14T17:48:57.475+0000] {processor.py:840} INFO - DAG(s) 'example_setup_teardown' retrieved from /home/airflow/.local/lib/python3.8/site-packages/airflow/example_dags/example_setup_teardown.py
[2025-08-14T17:48:57.493+0000] {logging_mixin.py:188} INFO - [2025-08-14T17:48:57.493+0000] {dag.py:3047} INFO - Sync 1 DAGs
[2025-08-14T17:48:57.511+0000] {logging_mixin.py:188} INFO - [2025-08-14T17:48:57.511+0000] {dag.py:3834} INFO - Setting next_dagrun for example_setup_teardown to 2025-08-13 00:00:00+00:00, run_after=2025-08-14 00:00:00+00:00
[2025-08-14T17:48:57.522+0000] {processor.py:183} INFO - Processing /home/airflow/.local/lib/python3.8/site-packages/airflow/example_dags/example_setup_teardown.py took 0.060 seconds
[2025-08-14T17:49:27.719+0000] {processor.py:161} INFO - Started process (PID=1467) to work on /home/airflow/.local/lib/python3.8/site-packages/airflow/example_dags/example_setup_teardown.py
[2025-08-14T17:49:27.720+0000] {processor.py:830} INFO - Processing file /home/airflow/.local/lib/python3.8/site-packages/airflow/example_dags/example_setup_teardown.py for tasks to queue
[2025-08-14T17:49:27.722+0000] {logging_mixin.py:188} INFO - [2025-08-14T17:49:27.721+0000] {dagbag.py:540} INFO - Filling up the DagBag from /home/airflow/.local/lib/python3.8/site-packages/airflow/example_dags/example_setup_teardown.py
[2025-08-14T17:49:27.728+0000] {processor.py:840} INFO - DAG(s) 'example_setup_teardown' retrieved from /home/airflow/.local/lib/python3.8/site-packages/airflow/example_dags/example_setup_teardown.py
[2025-08-14T17:49:27.744+0000] {logging_mixin.py:188} INFO - [2025-08-14T17:49:27.744+0000] {dag.py:3047} INFO - Sync 1 DAGs
[2025-08-14T17:49:27.762+0000] {logging_mixin.py:188} INFO - [2025-08-14T17:49:27.762+0000] {dag.py:3834} INFO - Setting next_dagrun for example_setup_teardown to 2025-08-13 00:00:00+00:00, run_after=2025-08-14 00:00:00+00:00
[2025-08-14T17:49:27.778+0000] {processor.py:183} INFO - Processing /home/airflow/.local/lib/python3.8/site-packages/airflow/example_dags/example_setup_teardown.py took 0.061 seconds
[2025-08-14T17:49:58.767+0000] {processor.py:161} INFO - Started process (PID=1523) to work on /home/airflow/.local/lib/python3.8/site-packages/airflow/example_dags/example_setup_teardown.py
[2025-08-14T17:49:58.769+0000] {processor.py:830} INFO - Processing file /home/airflow/.local/lib/python3.8/site-packages/airflow/example_dags/example_setup_teardown.py for tasks to queue
[2025-08-14T17:49:58.770+0000] {logging_mixin.py:188} INFO - [2025-08-14T17:49:58.770+0000] {dagbag.py:540} INFO - Filling up the DagBag from /home/airflow/.local/lib/python3.8/site-packages/airflow/example_dags/example_setup_teardown.py
[2025-08-14T17:49:58.776+0000] {processor.py:840} INFO - DAG(s) 'example_setup_teardown' retrieved from /home/airflow/.local/lib/python3.8/site-packages/airflow/example_dags/example_setup_teardown.py
[2025-08-14T17:49:58.795+0000] {logging_mixin.py:188} INFO - [2025-08-14T17:49:58.795+0000] {dag.py:3047} INFO - Sync 1 DAGs
[2025-08-14T17:49:58.807+0000] {logging_mixin.py:188} INFO - [2025-08-14T17:49:58.807+0000] {dag.py:3834} INFO - Setting next_dagrun for example_setup_teardown to 2025-08-13 00:00:00+00:00, run_after=2025-08-14 00:00:00+00:00
[2025-08-14T17:49:58.821+0000] {processor.py:183} INFO - Processing /home/airflow/.local/lib/python3.8/site-packages/airflow/example_dags/example_setup_teardown.py took 0.057 seconds
[2025-08-14T17:50:29.031+0000] {processor.py:161} INFO - Started process (PID=1579) to work on /home/airflow/.local/lib/python3.8/site-packages/airflow/example_dags/example_setup_teardown.py
[2025-08-14T17:50:29.034+0000] {processor.py:830} INFO - Processing file /home/airflow/.local/lib/python3.8/site-packages/airflow/example_dags/example_setup_teardown.py for tasks to queue
[2025-08-14T17:50:29.036+0000] {logging_mixin.py:188} INFO - [2025-08-14T17:50:29.035+0000] {dagbag.py:540} INFO - Filling up the DagBag from /home/airflow/.local/lib/python3.8/site-packages/airflow/example_dags/example_setup_teardown.py
[2025-08-14T17:50:29.041+0000] {processor.py:840} INFO - DAG(s) 'example_setup_teardown' retrieved from /home/airflow/.local/lib/python3.8/site-packages/airflow/example_dags/example_setup_teardown.py
[2025-08-14T17:50:29.061+0000] {logging_mixin.py:188} INFO - [2025-08-14T17:50:29.061+0000] {dag.py:3047} INFO - Sync 1 DAGs
[2025-08-14T17:50:29.074+0000] {logging_mixin.py:188} INFO - [2025-08-14T17:50:29.074+0000] {dag.py:3834} INFO - Setting next_dagrun for example_setup_teardown to 2025-08-13 00:00:00+00:00, run_after=2025-08-14 00:00:00+00:00
[2025-08-14T17:50:29.085+0000] {processor.py:183} INFO - Processing /home/airflow/.local/lib/python3.8/site-packages/airflow/example_dags/example_setup_teardown.py took 0.057 seconds
[2025-08-14T17:50:59.400+0000] {processor.py:161} INFO - Started process (PID=1635) to work on /home/airflow/.local/lib/python3.8/site-packages/airflow/example_dags/example_setup_teardown.py
[2025-08-14T17:50:59.401+0000] {processor.py:830} INFO - Processing file /home/airflow/.local/lib/python3.8/site-packages/airflow/example_dags/example_setup_teardown.py for tasks to queue
[2025-08-14T17:50:59.402+0000] {logging_mixin.py:188} INFO - [2025-08-14T17:50:59.402+0000] {dagbag.py:540} INFO - Filling up the DagBag from /home/airflow/.local/lib/python3.8/site-packages/airflow/example_dags/example_setup_teardown.py
[2025-08-14T17:50:59.406+0000] {processor.py:840} INFO - DAG(s) 'example_setup_teardown' retrieved from /home/airflow/.local/lib/python3.8/site-packages/airflow/example_dags/example_setup_teardown.py
[2025-08-14T17:50:59.417+0000] {logging_mixin.py:188} INFO - [2025-08-14T17:50:59.417+0000] {dag.py:3047} INFO - Sync 1 DAGs
[2025-08-14T17:50:59.429+0000] {logging_mixin.py:188} INFO - [2025-08-14T17:50:59.428+0000] {dag.py:3834} INFO - Setting next_dagrun for example_setup_teardown to 2025-08-13 00:00:00+00:00, run_after=2025-08-14 00:00:00+00:00
[2025-08-14T17:50:59.439+0000] {processor.py:183} INFO - Processing /home/airflow/.local/lib/python3.8/site-packages/airflow/example_dags/example_setup_teardown.py took 0.042 seconds
[2025-08-14T17:51:29.788+0000] {processor.py:161} INFO - Started process (PID=1691) to work on /home/airflow/.local/lib/python3.8/site-packages/airflow/example_dags/example_setup_teardown.py
[2025-08-14T17:51:29.789+0000] {processor.py:830} INFO - Processing file /home/airflow/.local/lib/python3.8/site-packages/airflow/example_dags/example_setup_teardown.py for tasks to queue
[2025-08-14T17:51:29.790+0000] {logging_mixin.py:188} INFO - [2025-08-14T17:51:29.790+0000] {dagbag.py:540} INFO - Filling up the DagBag from /home/airflow/.local/lib/python3.8/site-packages/airflow/example_dags/example_setup_teardown.py
[2025-08-14T17:51:29.794+0000] {processor.py:840} INFO - DAG(s) 'example_setup_teardown' retrieved from /home/airflow/.local/lib/python3.8/site-packages/airflow/example_dags/example_setup_teardown.py
[2025-08-14T17:51:29.806+0000] {logging_mixin.py:188} INFO - [2025-08-14T17:51:29.806+0000] {dag.py:3047} INFO - Sync 1 DAGs
[2025-08-14T17:51:29.817+0000] {logging_mixin.py:188} INFO - [2025-08-14T17:51:29.817+0000] {dag.py:3834} INFO - Setting next_dagrun for example_setup_teardown to 2025-08-13 00:00:00+00:00, run_after=2025-08-14 00:00:00+00:00
[2025-08-14T17:51:29.825+0000] {processor.py:183} INFO - Processing /home/airflow/.local/lib/python3.8/site-packages/airflow/example_dags/example_setup_teardown.py took 0.040 seconds
[2025-08-14T17:52:00.503+0000] {processor.py:161} INFO - Started process (PID=1747) to work on /home/airflow/.local/lib/python3.8/site-packages/airflow/example_dags/example_setup_teardown.py
[2025-08-14T17:52:00.506+0000] {processor.py:830} INFO - Processing file /home/airflow/.local/lib/python3.8/site-packages/airflow/example_dags/example_setup_teardown.py for tasks to queue
[2025-08-14T17:52:00.507+0000] {logging_mixin.py:188} INFO - [2025-08-14T17:52:00.506+0000] {dagbag.py:540} INFO - Filling up the DagBag from /home/airflow/.local/lib/python3.8/site-packages/airflow/example_dags/example_setup_teardown.py
[2025-08-14T17:52:00.511+0000] {processor.py:840} INFO - DAG(s) 'example_setup_teardown' retrieved from /home/airflow/.local/lib/python3.8/site-packages/airflow/example_dags/example_setup_teardown.py
[2025-08-14T17:52:00.523+0000] {logging_mixin.py:188} INFO - [2025-08-14T17:52:00.523+0000] {dag.py:3047} INFO - Sync 1 DAGs
[2025-08-14T17:52:00.533+0000] {logging_mixin.py:188} INFO - [2025-08-14T17:52:00.533+0000] {dag.py:3834} INFO - Setting next_dagrun for example_setup_teardown to 2025-08-13 00:00:00+00:00, run_after=2025-08-14 00:00:00+00:00
[2025-08-14T17:52:00.542+0000] {processor.py:183} INFO - Processing /home/airflow/.local/lib/python3.8/site-packages/airflow/example_dags/example_setup_teardown.py took 0.041 seconds
[2025-08-14T17:52:30.936+0000] {processor.py:161} INFO - Started process (PID=1803) to work on /home/airflow/.local/lib/python3.8/site-packages/airflow/example_dags/example_setup_teardown.py
[2025-08-14T17:52:30.938+0000] {processor.py:830} INFO - Processing file /home/airflow/.local/lib/python3.8/site-packages/airflow/example_dags/example_setup_teardown.py for tasks to queue
[2025-08-14T17:52:30.940+0000] {logging_mixin.py:188} INFO - [2025-08-14T17:52:30.939+0000] {dagbag.py:540} INFO - Filling up the DagBag from /home/airflow/.local/lib/python3.8/site-packages/airflow/example_dags/example_setup_teardown.py
[2025-08-14T17:52:30.943+0000] {processor.py:840} INFO - DAG(s) 'example_setup_teardown' retrieved from /home/airflow/.local/lib/python3.8/site-packages/airflow/example_dags/example_setup_teardown.py
[2025-08-14T17:52:30.962+0000] {logging_mixin.py:188} INFO - [2025-08-14T17:52:30.961+0000] {dag.py:3047} INFO - Sync 1 DAGs
[2025-08-14T17:52:30.976+0000] {logging_mixin.py:188} INFO - [2025-08-14T17:52:30.976+0000] {dag.py:3834} INFO - Setting next_dagrun for example_setup_teardown to 2025-08-13 00:00:00+00:00, run_after=2025-08-14 00:00:00+00:00
[2025-08-14T17:52:30.985+0000] {processor.py:183} INFO - Processing /home/airflow/.local/lib/python3.8/site-packages/airflow/example_dags/example_setup_teardown.py took 0.052 seconds
[2025-08-14T17:53:01.246+0000] {processor.py:161} INFO - Started process (PID=1859) to work on /home/airflow/.local/lib/python3.8/site-packages/airflow/example_dags/example_setup_teardown.py
[2025-08-14T17:53:01.247+0000] {processor.py:830} INFO - Processing file /home/airflow/.local/lib/python3.8/site-packages/airflow/example_dags/example_setup_teardown.py for tasks to queue
[2025-08-14T17:53:01.247+0000] {logging_mixin.py:188} INFO - [2025-08-14T17:53:01.247+0000] {dagbag.py:540} INFO - Filling up the DagBag from /home/airflow/.local/lib/python3.8/site-packages/airflow/example_dags/example_setup_teardown.py
[2025-08-14T17:53:01.251+0000] {processor.py:840} INFO - DAG(s) 'example_setup_teardown' retrieved from /home/airflow/.local/lib/python3.8/site-packages/airflow/example_dags/example_setup_teardown.py
[2025-08-14T17:53:01.261+0000] {logging_mixin.py:188} INFO - [2025-08-14T17:53:01.261+0000] {dag.py:3047} INFO - Sync 1 DAGs
[2025-08-14T17:53:01.272+0000] {logging_mixin.py:188} INFO - [2025-08-14T17:53:01.272+0000] {dag.py:3834} INFO - Setting next_dagrun for example_setup_teardown to 2025-08-13 00:00:00+00:00, run_after=2025-08-14 00:00:00+00:00
[2025-08-14T17:53:01.290+0000] {processor.py:183} INFO - Processing /home/airflow/.local/lib/python3.8/site-packages/airflow/example_dags/example_setup_teardown.py took 0.047 seconds
[2025-08-14T17:53:31.670+0000] {processor.py:161} INFO - Started process (PID=1915) to work on /home/airflow/.local/lib/python3.8/site-packages/airflow/example_dags/example_setup_teardown.py
[2025-08-14T17:53:31.671+0000] {processor.py:830} INFO - Processing file /home/airflow/.local/lib/python3.8/site-packages/airflow/example_dags/example_setup_teardown.py for tasks to queue
[2025-08-14T17:53:31.675+0000] {logging_mixin.py:188} INFO - [2025-08-14T17:53:31.675+0000] {dagbag.py:540} INFO - Filling up the DagBag from /home/airflow/.local/lib/python3.8/site-packages/airflow/example_dags/example_setup_teardown.py
[2025-08-14T17:53:31.680+0000] {processor.py:840} INFO - DAG(s) 'example_setup_teardown' retrieved from /home/airflow/.local/lib/python3.8/site-packages/airflow/example_dags/example_setup_teardown.py
[2025-08-14T17:53:31.693+0000] {logging_mixin.py:188} INFO - [2025-08-14T17:53:31.692+0000] {dag.py:3047} INFO - Sync 1 DAGs
[2025-08-14T17:53:31.703+0000] {logging_mixin.py:188} INFO - [2025-08-14T17:53:31.703+0000] {dag.py:3834} INFO - Setting next_dagrun for example_setup_teardown to 2025-08-13 00:00:00+00:00, run_after=2025-08-14 00:00:00+00:00
[2025-08-14T17:53:31.712+0000] {processor.py:183} INFO - Processing /home/airflow/.local/lib/python3.8/site-packages/airflow/example_dags/example_setup_teardown.py took 0.044 seconds
[2025-08-14T17:54:01.936+0000] {processor.py:161} INFO - Started process (PID=1970) to work on /home/airflow/.local/lib/python3.8/site-packages/airflow/example_dags/example_setup_teardown.py
[2025-08-14T17:54:01.940+0000] {processor.py:830} INFO - Processing file /home/airflow/.local/lib/python3.8/site-packages/airflow/example_dags/example_setup_teardown.py for tasks to queue
[2025-08-14T17:54:01.944+0000] {logging_mixin.py:188} INFO - [2025-08-14T17:54:01.944+0000] {dagbag.py:540} INFO - Filling up the DagBag from /home/airflow/.local/lib/python3.8/site-packages/airflow/example_dags/example_setup_teardown.py
[2025-08-14T17:54:01.947+0000] {processor.py:840} INFO - DAG(s) 'example_setup_teardown' retrieved from /home/airflow/.local/lib/python3.8/site-packages/airflow/example_dags/example_setup_teardown.py
[2025-08-14T17:54:01.962+0000] {logging_mixin.py:188} INFO - [2025-08-14T17:54:01.961+0000] {dag.py:3047} INFO - Sync 1 DAGs
[2025-08-14T17:54:01.974+0000] {logging_mixin.py:188} INFO - [2025-08-14T17:54:01.973+0000] {dag.py:3834} INFO - Setting next_dagrun for example_setup_teardown to 2025-08-13 00:00:00+00:00, run_after=2025-08-14 00:00:00+00:00
[2025-08-14T17:54:01.981+0000] {processor.py:183} INFO - Processing /home/airflow/.local/lib/python3.8/site-packages/airflow/example_dags/example_setup_teardown.py took 0.048 seconds
[2025-08-14T17:54:32.460+0000] {processor.py:161} INFO - Started process (PID=2026) to work on /home/airflow/.local/lib/python3.8/site-packages/airflow/example_dags/example_setup_teardown.py
[2025-08-14T17:54:32.464+0000] {processor.py:830} INFO - Processing file /home/airflow/.local/lib/python3.8/site-packages/airflow/example_dags/example_setup_teardown.py for tasks to queue
[2025-08-14T17:54:32.467+0000] {logging_mixin.py:188} INFO - [2025-08-14T17:54:32.467+0000] {dagbag.py:540} INFO - Filling up the DagBag from /home/airflow/.local/lib/python3.8/site-packages/airflow/example_dags/example_setup_teardown.py
[2025-08-14T17:54:32.481+0000] {processor.py:840} INFO - DAG(s) 'example_setup_teardown' retrieved from /home/airflow/.local/lib/python3.8/site-packages/airflow/example_dags/example_setup_teardown.py
[2025-08-14T17:54:32.508+0000] {logging_mixin.py:188} INFO - [2025-08-14T17:54:32.508+0000] {dag.py:3047} INFO - Sync 1 DAGs
[2025-08-14T17:54:32.520+0000] {logging_mixin.py:188} INFO - [2025-08-14T17:54:32.520+0000] {dag.py:3834} INFO - Setting next_dagrun for example_setup_teardown to 2025-08-13 00:00:00+00:00, run_after=2025-08-14 00:00:00+00:00
[2025-08-14T17:54:32.528+0000] {processor.py:183} INFO - Processing /home/airflow/.local/lib/python3.8/site-packages/airflow/example_dags/example_setup_teardown.py took 0.070 seconds
[2025-08-14T17:55:02.837+0000] {processor.py:161} INFO - Started process (PID=2082) to work on /home/airflow/.local/lib/python3.8/site-packages/airflow/example_dags/example_setup_teardown.py
[2025-08-14T17:55:02.837+0000] {processor.py:830} INFO - Processing file /home/airflow/.local/lib/python3.8/site-packages/airflow/example_dags/example_setup_teardown.py for tasks to queue
[2025-08-14T17:55:02.838+0000] {logging_mixin.py:188} INFO - [2025-08-14T17:55:02.838+0000] {dagbag.py:540} INFO - Filling up the DagBag from /home/airflow/.local/lib/python3.8/site-packages/airflow/example_dags/example_setup_teardown.py
[2025-08-14T17:55:02.842+0000] {processor.py:840} INFO - DAG(s) 'example_setup_teardown' retrieved from /home/airflow/.local/lib/python3.8/site-packages/airflow/example_dags/example_setup_teardown.py
[2025-08-14T17:55:02.853+0000] {logging_mixin.py:188} INFO - [2025-08-14T17:55:02.853+0000] {dag.py:3047} INFO - Sync 1 DAGs
[2025-08-14T17:55:02.863+0000] {logging_mixin.py:188} INFO - [2025-08-14T17:55:02.863+0000] {dag.py:3834} INFO - Setting next_dagrun for example_setup_teardown to 2025-08-13 00:00:00+00:00, run_after=2025-08-14 00:00:00+00:00
[2025-08-14T17:55:02.871+0000] {processor.py:183} INFO - Processing /home/airflow/.local/lib/python3.8/site-packages/airflow/example_dags/example_setup_teardown.py took 0.036 seconds
[2025-08-14T17:55:33.725+0000] {processor.py:161} INFO - Started process (PID=2138) to work on /home/airflow/.local/lib/python3.8/site-packages/airflow/example_dags/example_setup_teardown.py
[2025-08-14T17:55:33.731+0000] {processor.py:830} INFO - Processing file /home/airflow/.local/lib/python3.8/site-packages/airflow/example_dags/example_setup_teardown.py for tasks to queue
[2025-08-14T17:55:33.735+0000] {logging_mixin.py:188} INFO - [2025-08-14T17:55:33.734+0000] {dagbag.py:540} INFO - Filling up the DagBag from /home/airflow/.local/lib/python3.8/site-packages/airflow/example_dags/example_setup_teardown.py
[2025-08-14T17:55:33.741+0000] {processor.py:840} INFO - DAG(s) 'example_setup_teardown' retrieved from /home/airflow/.local/lib/python3.8/site-packages/airflow/example_dags/example_setup_teardown.py
[2025-08-14T17:55:33.760+0000] {logging_mixin.py:188} INFO - [2025-08-14T17:55:33.760+0000] {dag.py:3047} INFO - Sync 1 DAGs
[2025-08-14T17:55:33.776+0000] {logging_mixin.py:188} INFO - [2025-08-14T17:55:33.776+0000] {dag.py:3834} INFO - Setting next_dagrun for example_setup_teardown to 2025-08-13 00:00:00+00:00, run_after=2025-08-14 00:00:00+00:00
[2025-08-14T17:55:33.789+0000] {processor.py:183} INFO - Processing /home/airflow/.local/lib/python3.8/site-packages/airflow/example_dags/example_setup_teardown.py took 0.068 seconds
[2025-08-14T17:56:04.168+0000] {processor.py:161} INFO - Started process (PID=2194) to work on /home/airflow/.local/lib/python3.8/site-packages/airflow/example_dags/example_setup_teardown.py
[2025-08-14T17:56:04.169+0000] {processor.py:830} INFO - Processing file /home/airflow/.local/lib/python3.8/site-packages/airflow/example_dags/example_setup_teardown.py for tasks to queue
[2025-08-14T17:56:04.172+0000] {logging_mixin.py:188} INFO - [2025-08-14T17:56:04.172+0000] {dagbag.py:540} INFO - Filling up the DagBag from /home/airflow/.local/lib/python3.8/site-packages/airflow/example_dags/example_setup_teardown.py
[2025-08-14T17:56:04.180+0000] {processor.py:840} INFO - DAG(s) 'example_setup_teardown' retrieved from /home/airflow/.local/lib/python3.8/site-packages/airflow/example_dags/example_setup_teardown.py
[2025-08-14T17:56:04.198+0000] {logging_mixin.py:188} INFO - [2025-08-14T17:56:04.198+0000] {dag.py:3047} INFO - Sync 1 DAGs
[2025-08-14T17:56:04.214+0000] {logging_mixin.py:188} INFO - [2025-08-14T17:56:04.214+0000] {dag.py:3834} INFO - Setting next_dagrun for example_setup_teardown to 2025-08-13 00:00:00+00:00, run_after=2025-08-14 00:00:00+00:00
[2025-08-14T17:56:04.229+0000] {processor.py:183} INFO - Processing /home/airflow/.local/lib/python3.8/site-packages/airflow/example_dags/example_setup_teardown.py took 0.064 seconds
[2025-08-14T17:56:34.708+0000] {processor.py:161} INFO - Started process (PID=2250) to work on /home/airflow/.local/lib/python3.8/site-packages/airflow/example_dags/example_setup_teardown.py
[2025-08-14T17:56:34.714+0000] {processor.py:830} INFO - Processing file /home/airflow/.local/lib/python3.8/site-packages/airflow/example_dags/example_setup_teardown.py for tasks to queue
[2025-08-14T17:56:34.717+0000] {logging_mixin.py:188} INFO - [2025-08-14T17:56:34.717+0000] {dagbag.py:540} INFO - Filling up the DagBag from /home/airflow/.local/lib/python3.8/site-packages/airflow/example_dags/example_setup_teardown.py
[2025-08-14T17:56:34.724+0000] {processor.py:840} INFO - DAG(s) 'example_setup_teardown' retrieved from /home/airflow/.local/lib/python3.8/site-packages/airflow/example_dags/example_setup_teardown.py
[2025-08-14T17:56:34.741+0000] {logging_mixin.py:188} INFO - [2025-08-14T17:56:34.740+0000] {dag.py:3047} INFO - Sync 1 DAGs
[2025-08-14T17:56:34.753+0000] {logging_mixin.py:188} INFO - [2025-08-14T17:56:34.753+0000] {dag.py:3834} INFO - Setting next_dagrun for example_setup_teardown to 2025-08-13 00:00:00+00:00, run_after=2025-08-14 00:00:00+00:00
[2025-08-14T17:56:34.763+0000] {processor.py:183} INFO - Processing /home/airflow/.local/lib/python3.8/site-packages/airflow/example_dags/example_setup_teardown.py took 0.061 seconds
[2025-08-14T17:57:04.982+0000] {processor.py:161} INFO - Started process (PID=2306) to work on /home/airflow/.local/lib/python3.8/site-packages/airflow/example_dags/example_setup_teardown.py
[2025-08-14T17:57:04.983+0000] {processor.py:830} INFO - Processing file /home/airflow/.local/lib/python3.8/site-packages/airflow/example_dags/example_setup_teardown.py for tasks to queue
[2025-08-14T17:57:04.986+0000] {logging_mixin.py:188} INFO - [2025-08-14T17:57:04.985+0000] {dagbag.py:540} INFO - Filling up the DagBag from /home/airflow/.local/lib/python3.8/site-packages/airflow/example_dags/example_setup_teardown.py
[2025-08-14T17:57:04.994+0000] {processor.py:840} INFO - DAG(s) 'example_setup_teardown' retrieved from /home/airflow/.local/lib/python3.8/site-packages/airflow/example_dags/example_setup_teardown.py
[2025-08-14T17:57:05.018+0000] {logging_mixin.py:188} INFO - [2025-08-14T17:57:05.018+0000] {dag.py:3047} INFO - Sync 1 DAGs
[2025-08-14T17:57:05.043+0000] {logging_mixin.py:188} INFO - [2025-08-14T17:57:05.043+0000] {dag.py:3834} INFO - Setting next_dagrun for example_setup_teardown to 2025-08-13 00:00:00+00:00, run_after=2025-08-14 00:00:00+00:00
[2025-08-14T17:57:05.056+0000] {processor.py:183} INFO - Processing /home/airflow/.local/lib/python3.8/site-packages/airflow/example_dags/example_setup_teardown.py took 0.080 seconds
[2025-08-14T17:57:35.380+0000] {processor.py:161} INFO - Started process (PID=2362) to work on /home/airflow/.local/lib/python3.8/site-packages/airflow/example_dags/example_setup_teardown.py
[2025-08-14T17:57:35.385+0000] {processor.py:830} INFO - Processing file /home/airflow/.local/lib/python3.8/site-packages/airflow/example_dags/example_setup_teardown.py for tasks to queue
[2025-08-14T17:57:35.389+0000] {logging_mixin.py:188} INFO - [2025-08-14T17:57:35.389+0000] {dagbag.py:540} INFO - Filling up the DagBag from /home/airflow/.local/lib/python3.8/site-packages/airflow/example_dags/example_setup_teardown.py
[2025-08-14T17:57:35.394+0000] {processor.py:840} INFO - DAG(s) 'example_setup_teardown' retrieved from /home/airflow/.local/lib/python3.8/site-packages/airflow/example_dags/example_setup_teardown.py
[2025-08-14T17:57:35.407+0000] {logging_mixin.py:188} INFO - [2025-08-14T17:57:35.407+0000] {dag.py:3047} INFO - Sync 1 DAGs
[2025-08-14T17:57:35.434+0000] {logging_mixin.py:188} INFO - [2025-08-14T17:57:35.434+0000] {dag.py:3834} INFO - Setting next_dagrun for example_setup_teardown to 2025-08-13 00:00:00+00:00, run_after=2025-08-14 00:00:00+00:00
[2025-08-14T17:57:35.453+0000] {processor.py:183} INFO - Processing /home/airflow/.local/lib/python3.8/site-packages/airflow/example_dags/example_setup_teardown.py took 0.075 seconds
[2025-08-14T17:58:06.005+0000] {processor.py:161} INFO - Started process (PID=2418) to work on /home/airflow/.local/lib/python3.8/site-packages/airflow/example_dags/example_setup_teardown.py
[2025-08-14T17:58:06.007+0000] {processor.py:830} INFO - Processing file /home/airflow/.local/lib/python3.8/site-packages/airflow/example_dags/example_setup_teardown.py for tasks to queue
[2025-08-14T17:58:06.012+0000] {logging_mixin.py:188} INFO - [2025-08-14T17:58:06.012+0000] {dagbag.py:540} INFO - Filling up the DagBag from /home/airflow/.local/lib/python3.8/site-packages/airflow/example_dags/example_setup_teardown.py
[2025-08-14T17:58:06.029+0000] {processor.py:840} INFO - DAG(s) 'example_setup_teardown' retrieved from /home/airflow/.local/lib/python3.8/site-packages/airflow/example_dags/example_setup_teardown.py
[2025-08-14T17:58:06.057+0000] {logging_mixin.py:188} INFO - [2025-08-14T17:58:06.057+0000] {dag.py:3047} INFO - Sync 1 DAGs
[2025-08-14T17:58:06.078+0000] {logging_mixin.py:188} INFO - [2025-08-14T17:58:06.078+0000] {dag.py:3834} INFO - Setting next_dagrun for example_setup_teardown to 2025-08-13 00:00:00+00:00, run_after=2025-08-14 00:00:00+00:00
[2025-08-14T17:58:06.098+0000] {processor.py:183} INFO - Processing /home/airflow/.local/lib/python3.8/site-packages/airflow/example_dags/example_setup_teardown.py took 0.099 seconds
[2025-08-14T17:58:36.732+0000] {processor.py:161} INFO - Started process (PID=2475) to work on /home/airflow/.local/lib/python3.8/site-packages/airflow/example_dags/example_setup_teardown.py
[2025-08-14T17:58:36.735+0000] {processor.py:830} INFO - Processing file /home/airflow/.local/lib/python3.8/site-packages/airflow/example_dags/example_setup_teardown.py for tasks to queue
[2025-08-14T17:58:36.739+0000] {logging_mixin.py:188} INFO - [2025-08-14T17:58:36.738+0000] {dagbag.py:540} INFO - Filling up the DagBag from /home/airflow/.local/lib/python3.8/site-packages/airflow/example_dags/example_setup_teardown.py
[2025-08-14T17:58:36.761+0000] {processor.py:840} INFO - DAG(s) 'example_setup_teardown' retrieved from /home/airflow/.local/lib/python3.8/site-packages/airflow/example_dags/example_setup_teardown.py
[2025-08-14T17:58:36.788+0000] {logging_mixin.py:188} INFO - [2025-08-14T17:58:36.788+0000] {dag.py:3047} INFO - Sync 1 DAGs
[2025-08-14T17:58:36.805+0000] {logging_mixin.py:188} INFO - [2025-08-14T17:58:36.804+0000] {dag.py:3834} INFO - Setting next_dagrun for example_setup_teardown to 2025-08-13 00:00:00+00:00, run_after=2025-08-14 00:00:00+00:00
[2025-08-14T17:58:36.815+0000] {processor.py:183} INFO - Processing /home/airflow/.local/lib/python3.8/site-packages/airflow/example_dags/example_setup_teardown.py took 0.087 seconds
[2025-08-14T17:59:07.295+0000] {processor.py:161} INFO - Started process (PID=2531) to work on /home/airflow/.local/lib/python3.8/site-packages/airflow/example_dags/example_setup_teardown.py
[2025-08-14T17:59:07.300+0000] {processor.py:830} INFO - Processing file /home/airflow/.local/lib/python3.8/site-packages/airflow/example_dags/example_setup_teardown.py for tasks to queue
[2025-08-14T17:59:07.303+0000] {logging_mixin.py:188} INFO - [2025-08-14T17:59:07.303+0000] {dagbag.py:540} INFO - Filling up the DagBag from /home/airflow/.local/lib/python3.8/site-packages/airflow/example_dags/example_setup_teardown.py
[2025-08-14T17:59:07.312+0000] {processor.py:840} INFO - DAG(s) 'example_setup_teardown' retrieved from /home/airflow/.local/lib/python3.8/site-packages/airflow/example_dags/example_setup_teardown.py
[2025-08-14T17:59:07.337+0000] {logging_mixin.py:188} INFO - [2025-08-14T17:59:07.336+0000] {dag.py:3047} INFO - Sync 1 DAGs
[2025-08-14T17:59:07.363+0000] {logging_mixin.py:188} INFO - [2025-08-14T17:59:07.363+0000] {dag.py:3834} INFO - Setting next_dagrun for example_setup_teardown to 2025-08-13 00:00:00+00:00, run_after=2025-08-14 00:00:00+00:00
[2025-08-14T17:59:07.379+0000] {processor.py:183} INFO - Processing /home/airflow/.local/lib/python3.8/site-packages/airflow/example_dags/example_setup_teardown.py took 0.087 seconds
[2025-08-14T17:59:37.486+0000] {processor.py:161} INFO - Started process (PID=2586) to work on /home/airflow/.local/lib/python3.8/site-packages/airflow/example_dags/example_setup_teardown.py
[2025-08-14T17:59:37.488+0000] {processor.py:830} INFO - Processing file /home/airflow/.local/lib/python3.8/site-packages/airflow/example_dags/example_setup_teardown.py for tasks to queue
[2025-08-14T17:59:37.490+0000] {logging_mixin.py:188} INFO - [2025-08-14T17:59:37.489+0000] {dagbag.py:540} INFO - Filling up the DagBag from /home/airflow/.local/lib/python3.8/site-packages/airflow/example_dags/example_setup_teardown.py
[2025-08-14T17:59:37.498+0000] {processor.py:840} INFO - DAG(s) 'example_setup_teardown' retrieved from /home/airflow/.local/lib/python3.8/site-packages/airflow/example_dags/example_setup_teardown.py
[2025-08-14T17:59:37.529+0000] {logging_mixin.py:188} INFO - [2025-08-14T17:59:37.529+0000] {dag.py:3047} INFO - Sync 1 DAGs
[2025-08-14T17:59:37.550+0000] {logging_mixin.py:188} INFO - [2025-08-14T17:59:37.550+0000] {dag.py:3834} INFO - Setting next_dagrun for example_setup_teardown to 2025-08-13 00:00:00+00:00, run_after=2025-08-14 00:00:00+00:00
[2025-08-14T17:59:37.567+0000] {processor.py:183} INFO - Processing /home/airflow/.local/lib/python3.8/site-packages/airflow/example_dags/example_setup_teardown.py took 0.086 seconds
[2025-08-14T18:00:08.127+0000] {processor.py:161} INFO - Started process (PID=2641) to work on /home/airflow/.local/lib/python3.8/site-packages/airflow/example_dags/example_setup_teardown.py
[2025-08-14T18:00:08.129+0000] {processor.py:830} INFO - Processing file /home/airflow/.local/lib/python3.8/site-packages/airflow/example_dags/example_setup_teardown.py for tasks to queue
[2025-08-14T18:00:08.130+0000] {logging_mixin.py:188} INFO - [2025-08-14T18:00:08.130+0000] {dagbag.py:540} INFO - Filling up the DagBag from /home/airflow/.local/lib/python3.8/site-packages/airflow/example_dags/example_setup_teardown.py
[2025-08-14T18:00:08.136+0000] {processor.py:840} INFO - DAG(s) 'example_setup_teardown' retrieved from /home/airflow/.local/lib/python3.8/site-packages/airflow/example_dags/example_setup_teardown.py
[2025-08-14T18:00:08.155+0000] {logging_mixin.py:188} INFO - [2025-08-14T18:00:08.155+0000] {dag.py:3047} INFO - Sync 1 DAGs
[2025-08-14T18:00:08.168+0000] {logging_mixin.py:188} INFO - [2025-08-14T18:00:08.168+0000] {dag.py:3834} INFO - Setting next_dagrun for example_setup_teardown to 2025-08-13 00:00:00+00:00, run_after=2025-08-14 00:00:00+00:00
[2025-08-14T18:00:08.177+0000] {processor.py:183} INFO - Processing /home/airflow/.local/lib/python3.8/site-packages/airflow/example_dags/example_setup_teardown.py took 0.054 seconds
[2025-08-14T18:00:38.206+0000] {processor.py:161} INFO - Started process (PID=2697) to work on /home/airflow/.local/lib/python3.8/site-packages/airflow/example_dags/example_setup_teardown.py
[2025-08-14T18:00:38.207+0000] {processor.py:830} INFO - Processing file /home/airflow/.local/lib/python3.8/site-packages/airflow/example_dags/example_setup_teardown.py for tasks to queue
[2025-08-14T18:00:38.208+0000] {logging_mixin.py:188} INFO - [2025-08-14T18:00:38.208+0000] {dagbag.py:540} INFO - Filling up the DagBag from /home/airflow/.local/lib/python3.8/site-packages/airflow/example_dags/example_setup_teardown.py
[2025-08-14T18:00:38.213+0000] {processor.py:840} INFO - DAG(s) 'example_setup_teardown' retrieved from /home/airflow/.local/lib/python3.8/site-packages/airflow/example_dags/example_setup_teardown.py
[2025-08-14T18:00:38.228+0000] {logging_mixin.py:188} INFO - [2025-08-14T18:00:38.228+0000] {dag.py:3047} INFO - Sync 1 DAGs
[2025-08-14T18:00:38.246+0000] {logging_mixin.py:188} INFO - [2025-08-14T18:00:38.246+0000] {dag.py:3834} INFO - Setting next_dagrun for example_setup_teardown to 2025-08-13 00:00:00+00:00, run_after=2025-08-14 00:00:00+00:00
[2025-08-14T18:00:38.260+0000] {processor.py:183} INFO - Processing /home/airflow/.local/lib/python3.8/site-packages/airflow/example_dags/example_setup_teardown.py took 0.057 seconds
[2025-08-14T18:01:08.609+0000] {processor.py:161} INFO - Started process (PID=2752) to work on /home/airflow/.local/lib/python3.8/site-packages/airflow/example_dags/example_setup_teardown.py
[2025-08-14T18:01:08.610+0000] {processor.py:830} INFO - Processing file /home/airflow/.local/lib/python3.8/site-packages/airflow/example_dags/example_setup_teardown.py for tasks to queue
[2025-08-14T18:01:08.612+0000] {logging_mixin.py:188} INFO - [2025-08-14T18:01:08.612+0000] {dagbag.py:540} INFO - Filling up the DagBag from /home/airflow/.local/lib/python3.8/site-packages/airflow/example_dags/example_setup_teardown.py
[2025-08-14T18:01:08.617+0000] {processor.py:840} INFO - DAG(s) 'example_setup_teardown' retrieved from /home/airflow/.local/lib/python3.8/site-packages/airflow/example_dags/example_setup_teardown.py
[2025-08-14T18:01:08.636+0000] {logging_mixin.py:188} INFO - [2025-08-14T18:01:08.636+0000] {dag.py:3047} INFO - Sync 1 DAGs
[2025-08-14T18:01:08.660+0000] {logging_mixin.py:188} INFO - [2025-08-14T18:01:08.660+0000] {dag.py:3834} INFO - Setting next_dagrun for example_setup_teardown to 2025-08-13 00:00:00+00:00, run_after=2025-08-14 00:00:00+00:00
[2025-08-14T18:01:08.679+0000] {processor.py:183} INFO - Processing /home/airflow/.local/lib/python3.8/site-packages/airflow/example_dags/example_setup_teardown.py took 0.072 seconds
[2025-08-14T18:01:38.897+0000] {processor.py:161} INFO - Started process (PID=2807) to work on /home/airflow/.local/lib/python3.8/site-packages/airflow/example_dags/example_setup_teardown.py
[2025-08-14T18:01:38.898+0000] {processor.py:830} INFO - Processing file /home/airflow/.local/lib/python3.8/site-packages/airflow/example_dags/example_setup_teardown.py for tasks to queue
[2025-08-14T18:01:38.899+0000] {logging_mixin.py:188} INFO - [2025-08-14T18:01:38.899+0000] {dagbag.py:540} INFO - Filling up the DagBag from /home/airflow/.local/lib/python3.8/site-packages/airflow/example_dags/example_setup_teardown.py
[2025-08-14T18:01:38.903+0000] {processor.py:840} INFO - DAG(s) 'example_setup_teardown' retrieved from /home/airflow/.local/lib/python3.8/site-packages/airflow/example_dags/example_setup_teardown.py
[2025-08-14T18:01:38.914+0000] {logging_mixin.py:188} INFO - [2025-08-14T18:01:38.913+0000] {dag.py:3047} INFO - Sync 1 DAGs
[2025-08-14T18:01:38.923+0000] {logging_mixin.py:188} INFO - [2025-08-14T18:01:38.923+0000] {dag.py:3834} INFO - Setting next_dagrun for example_setup_teardown to 2025-08-13 00:00:00+00:00, run_after=2025-08-14 00:00:00+00:00
[2025-08-14T18:01:38.931+0000] {processor.py:183} INFO - Processing /home/airflow/.local/lib/python3.8/site-packages/airflow/example_dags/example_setup_teardown.py took 0.036 seconds
[2025-08-14T18:02:09.590+0000] {processor.py:161} INFO - Started process (PID=2863) to work on /home/airflow/.local/lib/python3.8/site-packages/airflow/example_dags/example_setup_teardown.py
[2025-08-14T18:02:09.590+0000] {processor.py:830} INFO - Processing file /home/airflow/.local/lib/python3.8/site-packages/airflow/example_dags/example_setup_teardown.py for tasks to queue
[2025-08-14T18:02:09.591+0000] {logging_mixin.py:188} INFO - [2025-08-14T18:02:09.591+0000] {dagbag.py:540} INFO - Filling up the DagBag from /home/airflow/.local/lib/python3.8/site-packages/airflow/example_dags/example_setup_teardown.py
[2025-08-14T18:02:09.595+0000] {processor.py:840} INFO - DAG(s) 'example_setup_teardown' retrieved from /home/airflow/.local/lib/python3.8/site-packages/airflow/example_dags/example_setup_teardown.py
[2025-08-14T18:02:09.605+0000] {logging_mixin.py:188} INFO - [2025-08-14T18:02:09.605+0000] {dag.py:3047} INFO - Sync 1 DAGs
[2025-08-14T18:02:09.614+0000] {logging_mixin.py:188} INFO - [2025-08-14T18:02:09.614+0000] {dag.py:3834} INFO - Setting next_dagrun for example_setup_teardown to 2025-08-13 00:00:00+00:00, run_after=2025-08-14 00:00:00+00:00
[2025-08-14T18:02:09.622+0000] {processor.py:183} INFO - Processing /home/airflow/.local/lib/python3.8/site-packages/airflow/example_dags/example_setup_teardown.py took 0.034 seconds
[2025-08-14T18:02:40.424+0000] {processor.py:161} INFO - Started process (PID=2919) to work on /home/airflow/.local/lib/python3.8/site-packages/airflow/example_dags/example_setup_teardown.py
[2025-08-14T18:02:40.425+0000] {processor.py:830} INFO - Processing file /home/airflow/.local/lib/python3.8/site-packages/airflow/example_dags/example_setup_teardown.py for tasks to queue
[2025-08-14T18:02:40.426+0000] {logging_mixin.py:188} INFO - [2025-08-14T18:02:40.426+0000] {dagbag.py:540} INFO - Filling up the DagBag from /home/airflow/.local/lib/python3.8/site-packages/airflow/example_dags/example_setup_teardown.py
[2025-08-14T18:02:40.429+0000] {processor.py:840} INFO - DAG(s) 'example_setup_teardown' retrieved from /home/airflow/.local/lib/python3.8/site-packages/airflow/example_dags/example_setup_teardown.py
[2025-08-14T18:02:40.439+0000] {logging_mixin.py:188} INFO - [2025-08-14T18:02:40.439+0000] {dag.py:3047} INFO - Sync 1 DAGs
[2025-08-14T18:02:40.449+0000] {logging_mixin.py:188} INFO - [2025-08-14T18:02:40.448+0000] {dag.py:3834} INFO - Setting next_dagrun for example_setup_teardown to 2025-08-13 00:00:00+00:00, run_after=2025-08-14 00:00:00+00:00
[2025-08-14T18:02:40.456+0000] {processor.py:183} INFO - Processing /home/airflow/.local/lib/python3.8/site-packages/airflow/example_dags/example_setup_teardown.py took 0.034 seconds
[2025-08-14T18:03:11.161+0000] {processor.py:161} INFO - Started process (PID=2975) to work on /home/airflow/.local/lib/python3.8/site-packages/airflow/example_dags/example_setup_teardown.py
[2025-08-14T18:03:11.163+0000] {processor.py:830} INFO - Processing file /home/airflow/.local/lib/python3.8/site-packages/airflow/example_dags/example_setup_teardown.py for tasks to queue
[2025-08-14T18:03:11.165+0000] {logging_mixin.py:188} INFO - [2025-08-14T18:03:11.164+0000] {dagbag.py:540} INFO - Filling up the DagBag from /home/airflow/.local/lib/python3.8/site-packages/airflow/example_dags/example_setup_teardown.py
[2025-08-14T18:03:11.172+0000] {processor.py:840} INFO - DAG(s) 'example_setup_teardown' retrieved from /home/airflow/.local/lib/python3.8/site-packages/airflow/example_dags/example_setup_teardown.py
[2025-08-14T18:03:11.192+0000] {logging_mixin.py:188} INFO - [2025-08-14T18:03:11.191+0000] {dag.py:3047} INFO - Sync 1 DAGs
[2025-08-14T18:03:11.209+0000] {logging_mixin.py:188} INFO - [2025-08-14T18:03:11.209+0000] {dag.py:3834} INFO - Setting next_dagrun for example_setup_teardown to 2025-08-13 00:00:00+00:00, run_after=2025-08-14 00:00:00+00:00
[2025-08-14T18:03:11.228+0000] {processor.py:183} INFO - Processing /home/airflow/.local/lib/python3.8/site-packages/airflow/example_dags/example_setup_teardown.py took 0.071 seconds
[2025-08-14T18:03:42.203+0000] {processor.py:161} INFO - Started process (PID=3031) to work on /home/airflow/.local/lib/python3.8/site-packages/airflow/example_dags/example_setup_teardown.py
[2025-08-14T18:03:42.204+0000] {processor.py:830} INFO - Processing file /home/airflow/.local/lib/python3.8/site-packages/airflow/example_dags/example_setup_teardown.py for tasks to queue
[2025-08-14T18:03:42.205+0000] {logging_mixin.py:188} INFO - [2025-08-14T18:03:42.205+0000] {dagbag.py:540} INFO - Filling up the DagBag from /home/airflow/.local/lib/python3.8/site-packages/airflow/example_dags/example_setup_teardown.py
[2025-08-14T18:03:42.210+0000] {processor.py:840} INFO - DAG(s) 'example_setup_teardown' retrieved from /home/airflow/.local/lib/python3.8/site-packages/airflow/example_dags/example_setup_teardown.py
[2025-08-14T18:03:42.237+0000] {logging_mixin.py:188} INFO - [2025-08-14T18:03:42.237+0000] {dag.py:3047} INFO - Sync 1 DAGs
[2025-08-14T18:03:42.253+0000] {logging_mixin.py:188} INFO - [2025-08-14T18:03:42.252+0000] {dag.py:3834} INFO - Setting next_dagrun for example_setup_teardown to 2025-08-13 00:00:00+00:00, run_after=2025-08-14 00:00:00+00:00
[2025-08-14T18:03:42.262+0000] {processor.py:183} INFO - Processing /home/airflow/.local/lib/python3.8/site-packages/airflow/example_dags/example_setup_teardown.py took 0.062 seconds
[2025-08-14T18:04:12.316+0000] {processor.py:161} INFO - Started process (PID=3087) to work on /home/airflow/.local/lib/python3.8/site-packages/airflow/example_dags/example_setup_teardown.py
[2025-08-14T18:04:12.317+0000] {processor.py:830} INFO - Processing file /home/airflow/.local/lib/python3.8/site-packages/airflow/example_dags/example_setup_teardown.py for tasks to queue
[2025-08-14T18:04:12.318+0000] {logging_mixin.py:188} INFO - [2025-08-14T18:04:12.318+0000] {dagbag.py:540} INFO - Filling up the DagBag from /home/airflow/.local/lib/python3.8/site-packages/airflow/example_dags/example_setup_teardown.py
[2025-08-14T18:04:12.322+0000] {processor.py:840} INFO - DAG(s) 'example_setup_teardown' retrieved from /home/airflow/.local/lib/python3.8/site-packages/airflow/example_dags/example_setup_teardown.py
[2025-08-14T18:04:12.332+0000] {logging_mixin.py:188} INFO - [2025-08-14T18:04:12.332+0000] {dag.py:3047} INFO - Sync 1 DAGs
[2025-08-14T18:04:12.344+0000] {logging_mixin.py:188} INFO - [2025-08-14T18:04:12.344+0000] {dag.py:3834} INFO - Setting next_dagrun for example_setup_teardown to 2025-08-13 00:00:00+00:00, run_after=2025-08-14 00:00:00+00:00
[2025-08-14T18:04:12.353+0000] {processor.py:183} INFO - Processing /home/airflow/.local/lib/python3.8/site-packages/airflow/example_dags/example_setup_teardown.py took 0.039 seconds
[2025-08-14T18:04:43.239+0000] {processor.py:161} INFO - Started process (PID=3143) to work on /home/airflow/.local/lib/python3.8/site-packages/airflow/example_dags/example_setup_teardown.py
[2025-08-14T18:04:43.242+0000] {processor.py:830} INFO - Processing file /home/airflow/.local/lib/python3.8/site-packages/airflow/example_dags/example_setup_teardown.py for tasks to queue
[2025-08-14T18:04:43.244+0000] {logging_mixin.py:188} INFO - [2025-08-14T18:04:43.244+0000] {dagbag.py:540} INFO - Filling up the DagBag from /home/airflow/.local/lib/python3.8/site-packages/airflow/example_dags/example_setup_teardown.py
[2025-08-14T18:04:43.254+0000] {processor.py:840} INFO - DAG(s) 'example_setup_teardown' retrieved from /home/airflow/.local/lib/python3.8/site-packages/airflow/example_dags/example_setup_teardown.py
[2025-08-14T18:04:43.286+0000] {logging_mixin.py:188} INFO - [2025-08-14T18:04:43.286+0000] {dag.py:3047} INFO - Sync 1 DAGs
[2025-08-14T18:04:43.309+0000] {logging_mixin.py:188} INFO - [2025-08-14T18:04:43.309+0000] {dag.py:3834} INFO - Setting next_dagrun for example_setup_teardown to 2025-08-13 00:00:00+00:00, run_after=2025-08-14 00:00:00+00:00
[2025-08-14T18:04:43.326+0000] {processor.py:183} INFO - Processing /home/airflow/.local/lib/python3.8/site-packages/airflow/example_dags/example_setup_teardown.py took 0.093 seconds
[2025-08-14T18:05:13.667+0000] {processor.py:161} INFO - Started process (PID=3199) to work on /home/airflow/.local/lib/python3.8/site-packages/airflow/example_dags/example_setup_teardown.py
[2025-08-14T18:05:13.668+0000] {processor.py:830} INFO - Processing file /home/airflow/.local/lib/python3.8/site-packages/airflow/example_dags/example_setup_teardown.py for tasks to queue
[2025-08-14T18:05:13.670+0000] {logging_mixin.py:188} INFO - [2025-08-14T18:05:13.670+0000] {dagbag.py:540} INFO - Filling up the DagBag from /home/airflow/.local/lib/python3.8/site-packages/airflow/example_dags/example_setup_teardown.py
[2025-08-14T18:05:13.675+0000] {processor.py:840} INFO - DAG(s) 'example_setup_teardown' retrieved from /home/airflow/.local/lib/python3.8/site-packages/airflow/example_dags/example_setup_teardown.py
[2025-08-14T18:05:13.692+0000] {logging_mixin.py:188} INFO - [2025-08-14T18:05:13.692+0000] {dag.py:3047} INFO - Sync 1 DAGs
[2025-08-14T18:05:13.705+0000] {logging_mixin.py:188} INFO - [2025-08-14T18:05:13.705+0000] {dag.py:3834} INFO - Setting next_dagrun for example_setup_teardown to 2025-08-13 00:00:00+00:00, run_after=2025-08-14 00:00:00+00:00
[2025-08-14T18:05:13.714+0000] {processor.py:183} INFO - Processing /home/airflow/.local/lib/python3.8/site-packages/airflow/example_dags/example_setup_teardown.py took 0.051 seconds
[2025-08-14T18:05:43.906+0000] {processor.py:161} INFO - Started process (PID=3255) to work on /home/airflow/.local/lib/python3.8/site-packages/airflow/example_dags/example_setup_teardown.py
[2025-08-14T18:05:43.907+0000] {processor.py:830} INFO - Processing file /home/airflow/.local/lib/python3.8/site-packages/airflow/example_dags/example_setup_teardown.py for tasks to queue
[2025-08-14T18:05:43.908+0000] {logging_mixin.py:188} INFO - [2025-08-14T18:05:43.908+0000] {dagbag.py:540} INFO - Filling up the DagBag from /home/airflow/.local/lib/python3.8/site-packages/airflow/example_dags/example_setup_teardown.py
[2025-08-14T18:05:43.912+0000] {processor.py:840} INFO - DAG(s) 'example_setup_teardown' retrieved from /home/airflow/.local/lib/python3.8/site-packages/airflow/example_dags/example_setup_teardown.py
[2025-08-14T18:05:43.925+0000] {logging_mixin.py:188} INFO - [2025-08-14T18:05:43.925+0000] {dag.py:3047} INFO - Sync 1 DAGs
[2025-08-14T18:05:43.934+0000] {logging_mixin.py:188} INFO - [2025-08-14T18:05:43.934+0000] {dag.py:3834} INFO - Setting next_dagrun for example_setup_teardown to 2025-08-13 00:00:00+00:00, run_after=2025-08-14 00:00:00+00:00
[2025-08-14T18:05:43.942+0000] {processor.py:183} INFO - Processing /home/airflow/.local/lib/python3.8/site-packages/airflow/example_dags/example_setup_teardown.py took 0.038 seconds
