[2025-08-14T17:36:46.820+0000] {processor.py:161} INFO - Started process (PID=79) to work on /home/airflow/.local/lib/python3.8/site-packages/airflow/example_dags/example_xcomargs.py
[2025-08-14T17:36:46.827+0000] {processor.py:830} INFO - Processing file /home/airflow/.local/lib/python3.8/site-packages/airflow/example_dags/example_xcomargs.py for tasks to queue
[2025-08-14T17:36:46.831+0000] {logging_mixin.py:188} INFO - [2025-08-14T17:36:46.830+0000] {dagbag.py:540} INFO - Filling up the DagBag from /home/airflow/.local/lib/python3.8/site-packages/airflow/example_dags/example_xcomargs.py
[2025-08-14T17:36:46.875+0000] {processor.py:840} INFO - DAG(s) 'example_xcom_args', 'example_xcom_args_with_operators' retrieved from /home/airflow/.local/lib/python3.8/site-packages/airflow/example_dags/example_xcomargs.py
[2025-08-14T17:36:46.932+0000] {logging_mixin.py:188} INFO - [2025-08-14T17:36:46.932+0000] {dag.py:3047} INFO - Sync 2 DAGs
[2025-08-14T17:36:47.032+0000] {logging_mixin.py:188} INFO - [2025-08-14T17:36:47.030+0000] {dag.py:3834} INFO - Setting next_dagrun for example_xcom_args to None, run_after=None
[2025-08-14T17:36:47.062+0000] {logging_mixin.py:188} INFO - [2025-08-14T17:36:47.061+0000] {dag.py:3834} INFO - Setting next_dagrun for example_xcom_args_with_operators to None, run_after=None
[2025-08-14T17:36:47.157+0000] {processor.py:183} INFO - Processing /home/airflow/.local/lib/python3.8/site-packages/airflow/example_dags/example_xcomargs.py took 0.342 seconds
[2025-08-14T17:37:17.691+0000] {processor.py:161} INFO - Started process (PID=135) to work on /home/airflow/.local/lib/python3.8/site-packages/airflow/example_dags/example_xcomargs.py
[2025-08-14T17:37:17.695+0000] {processor.py:830} INFO - Processing file /home/airflow/.local/lib/python3.8/site-packages/airflow/example_dags/example_xcomargs.py for tasks to queue
[2025-08-14T17:37:17.696+0000] {logging_mixin.py:188} INFO - [2025-08-14T17:37:17.696+0000] {dagbag.py:540} INFO - Filling up the DagBag from /home/airflow/.local/lib/python3.8/site-packages/airflow/example_dags/example_xcomargs.py
[2025-08-14T17:37:17.704+0000] {processor.py:840} INFO - DAG(s) 'example_xcom_args_with_operators', 'example_xcom_args' retrieved from /home/airflow/.local/lib/python3.8/site-packages/airflow/example_dags/example_xcomargs.py
[2025-08-14T17:37:17.773+0000] {logging_mixin.py:188} INFO - [2025-08-14T17:37:17.773+0000] {dag.py:3047} INFO - Sync 2 DAGs
[2025-08-14T17:37:17.780+0000] {logging_mixin.py:188} INFO - [2025-08-14T17:37:17.780+0000] {dag.py:3834} INFO - Setting next_dagrun for example_xcom_args to None, run_after=None
[2025-08-14T17:37:17.783+0000] {logging_mixin.py:188} INFO - [2025-08-14T17:37:17.783+0000] {dag.py:3834} INFO - Setting next_dagrun for example_xcom_args_with_operators to None, run_after=None
[2025-08-14T17:37:17.796+0000] {processor.py:183} INFO - Processing /home/airflow/.local/lib/python3.8/site-packages/airflow/example_dags/example_xcomargs.py took 0.108 seconds
[2025-08-14T17:37:48.267+0000] {processor.py:161} INFO - Started process (PID=191) to work on /home/airflow/.local/lib/python3.8/site-packages/airflow/example_dags/example_xcomargs.py
[2025-08-14T17:37:48.268+0000] {processor.py:830} INFO - Processing file /home/airflow/.local/lib/python3.8/site-packages/airflow/example_dags/example_xcomargs.py for tasks to queue
[2025-08-14T17:37:48.270+0000] {logging_mixin.py:188} INFO - [2025-08-14T17:37:48.270+0000] {dagbag.py:540} INFO - Filling up the DagBag from /home/airflow/.local/lib/python3.8/site-packages/airflow/example_dags/example_xcomargs.py
[2025-08-14T17:37:48.278+0000] {processor.py:840} INFO - DAG(s) 'example_xcom_args_with_operators', 'example_xcom_args' retrieved from /home/airflow/.local/lib/python3.8/site-packages/airflow/example_dags/example_xcomargs.py
[2025-08-14T17:37:48.316+0000] {logging_mixin.py:188} INFO - [2025-08-14T17:37:48.316+0000] {dag.py:3047} INFO - Sync 2 DAGs
[2025-08-14T17:37:48.333+0000] {logging_mixin.py:188} INFO - [2025-08-14T17:37:48.333+0000] {dag.py:3834} INFO - Setting next_dagrun for example_xcom_args to None, run_after=None
[2025-08-14T17:37:48.336+0000] {logging_mixin.py:188} INFO - [2025-08-14T17:37:48.336+0000] {dag.py:3834} INFO - Setting next_dagrun for example_xcom_args_with_operators to None, run_after=None
[2025-08-14T17:37:48.353+0000] {processor.py:183} INFO - Processing /home/airflow/.local/lib/python3.8/site-packages/airflow/example_dags/example_xcomargs.py took 0.090 seconds
[2025-08-14T17:38:19.234+0000] {processor.py:161} INFO - Started process (PID=247) to work on /home/airflow/.local/lib/python3.8/site-packages/airflow/example_dags/example_xcomargs.py
[2025-08-14T17:38:19.239+0000] {processor.py:830} INFO - Processing file /home/airflow/.local/lib/python3.8/site-packages/airflow/example_dags/example_xcomargs.py for tasks to queue
[2025-08-14T17:38:19.242+0000] {logging_mixin.py:188} INFO - [2025-08-14T17:38:19.242+0000] {dagbag.py:540} INFO - Filling up the DagBag from /home/airflow/.local/lib/python3.8/site-packages/airflow/example_dags/example_xcomargs.py
[2025-08-14T17:38:19.249+0000] {processor.py:840} INFO - DAG(s) 'example_xcom_args_with_operators', 'example_xcom_args' retrieved from /home/airflow/.local/lib/python3.8/site-packages/airflow/example_dags/example_xcomargs.py
[2025-08-14T17:38:19.274+0000] {logging_mixin.py:188} INFO - [2025-08-14T17:38:19.274+0000] {dag.py:3047} INFO - Sync 2 DAGs
[2025-08-14T17:38:19.299+0000] {logging_mixin.py:188} INFO - [2025-08-14T17:38:19.299+0000] {dag.py:3834} INFO - Setting next_dagrun for example_xcom_args to None, run_after=None
[2025-08-14T17:38:19.304+0000] {logging_mixin.py:188} INFO - [2025-08-14T17:38:19.304+0000] {dag.py:3834} INFO - Setting next_dagrun for example_xcom_args_with_operators to None, run_after=None
[2025-08-14T17:38:19.315+0000] {processor.py:183} INFO - Processing /home/airflow/.local/lib/python3.8/site-packages/airflow/example_dags/example_xcomargs.py took 0.084 seconds
[2025-08-14T17:38:49.762+0000] {processor.py:161} INFO - Started process (PID=304) to work on /home/airflow/.local/lib/python3.8/site-packages/airflow/example_dags/example_xcomargs.py
[2025-08-14T17:38:49.762+0000] {processor.py:830} INFO - Processing file /home/airflow/.local/lib/python3.8/site-packages/airflow/example_dags/example_xcomargs.py for tasks to queue
[2025-08-14T17:38:49.764+0000] {logging_mixin.py:188} INFO - [2025-08-14T17:38:49.763+0000] {dagbag.py:540} INFO - Filling up the DagBag from /home/airflow/.local/lib/python3.8/site-packages/airflow/example_dags/example_xcomargs.py
[2025-08-14T17:38:49.771+0000] {processor.py:840} INFO - DAG(s) 'example_xcom_args', 'example_xcom_args_with_operators' retrieved from /home/airflow/.local/lib/python3.8/site-packages/airflow/example_dags/example_xcomargs.py
[2025-08-14T17:38:49.797+0000] {logging_mixin.py:188} INFO - [2025-08-14T17:38:49.797+0000] {dag.py:3047} INFO - Sync 2 DAGs
[2025-08-14T17:38:49.805+0000] {logging_mixin.py:188} INFO - [2025-08-14T17:38:49.805+0000] {dag.py:3834} INFO - Setting next_dagrun for example_xcom_args to None, run_after=None
[2025-08-14T17:38:49.809+0000] {logging_mixin.py:188} INFO - [2025-08-14T17:38:49.809+0000] {dag.py:3834} INFO - Setting next_dagrun for example_xcom_args_with_operators to None, run_after=None
[2025-08-14T17:38:49.822+0000] {processor.py:183} INFO - Processing /home/airflow/.local/lib/python3.8/site-packages/airflow/example_dags/example_xcomargs.py took 0.063 seconds
[2025-08-14T17:39:20.028+0000] {processor.py:161} INFO - Started process (PID=360) to work on /home/airflow/.local/lib/python3.8/site-packages/airflow/example_dags/example_xcomargs.py
[2025-08-14T17:39:20.029+0000] {processor.py:830} INFO - Processing file /home/airflow/.local/lib/python3.8/site-packages/airflow/example_dags/example_xcomargs.py for tasks to queue
[2025-08-14T17:39:20.031+0000] {logging_mixin.py:188} INFO - [2025-08-14T17:39:20.031+0000] {dagbag.py:540} INFO - Filling up the DagBag from /home/airflow/.local/lib/python3.8/site-packages/airflow/example_dags/example_xcomargs.py
[2025-08-14T17:39:20.039+0000] {processor.py:840} INFO - DAG(s) 'example_xcom_args_with_operators', 'example_xcom_args' retrieved from /home/airflow/.local/lib/python3.8/site-packages/airflow/example_dags/example_xcomargs.py
[2025-08-14T17:39:20.061+0000] {logging_mixin.py:188} INFO - [2025-08-14T17:39:20.061+0000] {dag.py:3047} INFO - Sync 2 DAGs
[2025-08-14T17:39:20.070+0000] {logging_mixin.py:188} INFO - [2025-08-14T17:39:20.070+0000] {dag.py:3834} INFO - Setting next_dagrun for example_xcom_args to None, run_after=None
[2025-08-14T17:39:20.075+0000] {logging_mixin.py:188} INFO - [2025-08-14T17:39:20.074+0000] {dag.py:3834} INFO - Setting next_dagrun for example_xcom_args_with_operators to None, run_after=None
[2025-08-14T17:39:20.087+0000] {processor.py:183} INFO - Processing /home/airflow/.local/lib/python3.8/site-packages/airflow/example_dags/example_xcomargs.py took 0.061 seconds
[2025-08-14T17:39:50.953+0000] {processor.py:161} INFO - Started process (PID=416) to work on /home/airflow/.local/lib/python3.8/site-packages/airflow/example_dags/example_xcomargs.py
[2025-08-14T17:39:50.954+0000] {processor.py:830} INFO - Processing file /home/airflow/.local/lib/python3.8/site-packages/airflow/example_dags/example_xcomargs.py for tasks to queue
[2025-08-14T17:39:50.956+0000] {logging_mixin.py:188} INFO - [2025-08-14T17:39:50.955+0000] {dagbag.py:540} INFO - Filling up the DagBag from /home/airflow/.local/lib/python3.8/site-packages/airflow/example_dags/example_xcomargs.py
[2025-08-14T17:39:50.961+0000] {processor.py:840} INFO - DAG(s) 'example_xcom_args_with_operators', 'example_xcom_args' retrieved from /home/airflow/.local/lib/python3.8/site-packages/airflow/example_dags/example_xcomargs.py
[2025-08-14T17:39:50.987+0000] {logging_mixin.py:188} INFO - [2025-08-14T17:39:50.987+0000] {dag.py:3047} INFO - Sync 2 DAGs
[2025-08-14T17:39:50.995+0000] {logging_mixin.py:188} INFO - [2025-08-14T17:39:50.995+0000] {dag.py:3834} INFO - Setting next_dagrun for example_xcom_args to None, run_after=None
[2025-08-14T17:39:50.999+0000] {logging_mixin.py:188} INFO - [2025-08-14T17:39:50.999+0000] {dag.py:3834} INFO - Setting next_dagrun for example_xcom_args_with_operators to None, run_after=None
[2025-08-14T17:39:51.040+0000] {processor.py:183} INFO - Processing /home/airflow/.local/lib/python3.8/site-packages/airflow/example_dags/example_xcomargs.py took 0.089 seconds
[2025-08-14T17:40:21.494+0000] {processor.py:161} INFO - Started process (PID=472) to work on /home/airflow/.local/lib/python3.8/site-packages/airflow/example_dags/example_xcomargs.py
[2025-08-14T17:40:21.495+0000] {processor.py:830} INFO - Processing file /home/airflow/.local/lib/python3.8/site-packages/airflow/example_dags/example_xcomargs.py for tasks to queue
[2025-08-14T17:40:21.498+0000] {logging_mixin.py:188} INFO - [2025-08-14T17:40:21.498+0000] {dagbag.py:540} INFO - Filling up the DagBag from /home/airflow/.local/lib/python3.8/site-packages/airflow/example_dags/example_xcomargs.py
[2025-08-14T17:40:21.523+0000] {processor.py:840} INFO - DAG(s) 'example_xcom_args', 'example_xcom_args_with_operators' retrieved from /home/airflow/.local/lib/python3.8/site-packages/airflow/example_dags/example_xcomargs.py
[2025-08-14T17:40:21.574+0000] {logging_mixin.py:188} INFO - [2025-08-14T17:40:21.574+0000] {dag.py:3047} INFO - Sync 2 DAGs
[2025-08-14T17:40:21.587+0000] {logging_mixin.py:188} INFO - [2025-08-14T17:40:21.587+0000] {dag.py:3834} INFO - Setting next_dagrun for example_xcom_args to None, run_after=None
[2025-08-14T17:40:21.590+0000] {logging_mixin.py:188} INFO - [2025-08-14T17:40:21.590+0000] {dag.py:3834} INFO - Setting next_dagrun for example_xcom_args_with_operators to None, run_after=None
[2025-08-14T17:40:21.646+0000] {processor.py:183} INFO - Processing /home/airflow/.local/lib/python3.8/site-packages/airflow/example_dags/example_xcomargs.py took 0.154 seconds
[2025-08-14T17:40:52.350+0000] {processor.py:161} INFO - Started process (PID=528) to work on /home/airflow/.local/lib/python3.8/site-packages/airflow/example_dags/example_xcomargs.py
[2025-08-14T17:40:52.351+0000] {processor.py:830} INFO - Processing file /home/airflow/.local/lib/python3.8/site-packages/airflow/example_dags/example_xcomargs.py for tasks to queue
[2025-08-14T17:40:52.352+0000] {logging_mixin.py:188} INFO - [2025-08-14T17:40:52.352+0000] {dagbag.py:540} INFO - Filling up the DagBag from /home/airflow/.local/lib/python3.8/site-packages/airflow/example_dags/example_xcomargs.py
[2025-08-14T17:40:52.357+0000] {processor.py:840} INFO - DAG(s) 'example_xcom_args', 'example_xcom_args_with_operators' retrieved from /home/airflow/.local/lib/python3.8/site-packages/airflow/example_dags/example_xcomargs.py
[2025-08-14T17:40:52.372+0000] {logging_mixin.py:188} INFO - [2025-08-14T17:40:52.371+0000] {dag.py:3047} INFO - Sync 2 DAGs
[2025-08-14T17:40:52.379+0000] {logging_mixin.py:188} INFO - [2025-08-14T17:40:52.379+0000] {dag.py:3834} INFO - Setting next_dagrun for example_xcom_args to None, run_after=None
[2025-08-14T17:40:52.385+0000] {logging_mixin.py:188} INFO - [2025-08-14T17:40:52.384+0000] {dag.py:3834} INFO - Setting next_dagrun for example_xcom_args_with_operators to None, run_after=None
[2025-08-14T17:40:52.395+0000] {processor.py:183} INFO - Processing /home/airflow/.local/lib/python3.8/site-packages/airflow/example_dags/example_xcomargs.py took 0.047 seconds
[2025-08-14T17:41:22.636+0000] {processor.py:161} INFO - Started process (PID=584) to work on /home/airflow/.local/lib/python3.8/site-packages/airflow/example_dags/example_xcomargs.py
[2025-08-14T17:41:22.638+0000] {processor.py:830} INFO - Processing file /home/airflow/.local/lib/python3.8/site-packages/airflow/example_dags/example_xcomargs.py for tasks to queue
[2025-08-14T17:41:22.640+0000] {logging_mixin.py:188} INFO - [2025-08-14T17:41:22.640+0000] {dagbag.py:540} INFO - Filling up the DagBag from /home/airflow/.local/lib/python3.8/site-packages/airflow/example_dags/example_xcomargs.py
[2025-08-14T17:41:22.646+0000] {processor.py:840} INFO - DAG(s) 'example_xcom_args', 'example_xcom_args_with_operators' retrieved from /home/airflow/.local/lib/python3.8/site-packages/airflow/example_dags/example_xcomargs.py
[2025-08-14T17:41:22.668+0000] {logging_mixin.py:188} INFO - [2025-08-14T17:41:22.668+0000] {dag.py:3047} INFO - Sync 2 DAGs
[2025-08-14T17:41:22.677+0000] {logging_mixin.py:188} INFO - [2025-08-14T17:41:22.677+0000] {dag.py:3834} INFO - Setting next_dagrun for example_xcom_args to None, run_after=None
[2025-08-14T17:41:22.680+0000] {logging_mixin.py:188} INFO - [2025-08-14T17:41:22.680+0000] {dag.py:3834} INFO - Setting next_dagrun for example_xcom_args_with_operators to None, run_after=None
[2025-08-14T17:41:22.692+0000] {processor.py:183} INFO - Processing /home/airflow/.local/lib/python3.8/site-packages/airflow/example_dags/example_xcomargs.py took 0.059 seconds
[2025-08-14T17:41:53.348+0000] {processor.py:161} INFO - Started process (PID=640) to work on /home/airflow/.local/lib/python3.8/site-packages/airflow/example_dags/example_xcomargs.py
[2025-08-14T17:41:53.352+0000] {processor.py:830} INFO - Processing file /home/airflow/.local/lib/python3.8/site-packages/airflow/example_dags/example_xcomargs.py for tasks to queue
[2025-08-14T17:41:53.354+0000] {logging_mixin.py:188} INFO - [2025-08-14T17:41:53.353+0000] {dagbag.py:540} INFO - Filling up the DagBag from /home/airflow/.local/lib/python3.8/site-packages/airflow/example_dags/example_xcomargs.py
[2025-08-14T17:41:53.361+0000] {processor.py:840} INFO - DAG(s) 'example_xcom_args', 'example_xcom_args_with_operators' retrieved from /home/airflow/.local/lib/python3.8/site-packages/airflow/example_dags/example_xcomargs.py
[2025-08-14T17:41:53.376+0000] {logging_mixin.py:188} INFO - [2025-08-14T17:41:53.376+0000] {dag.py:3047} INFO - Sync 2 DAGs
[2025-08-14T17:41:53.388+0000] {logging_mixin.py:188} INFO - [2025-08-14T17:41:53.388+0000] {dag.py:3834} INFO - Setting next_dagrun for example_xcom_args to None, run_after=None
[2025-08-14T17:41:53.390+0000] {logging_mixin.py:188} INFO - [2025-08-14T17:41:53.390+0000] {dag.py:3834} INFO - Setting next_dagrun for example_xcom_args_with_operators to None, run_after=None
[2025-08-14T17:41:53.403+0000] {processor.py:183} INFO - Processing /home/airflow/.local/lib/python3.8/site-packages/airflow/example_dags/example_xcomargs.py took 0.057 seconds
[2025-08-14T17:42:23.981+0000] {processor.py:161} INFO - Started process (PID=696) to work on /home/airflow/.local/lib/python3.8/site-packages/airflow/example_dags/example_xcomargs.py
[2025-08-14T17:42:23.984+0000] {processor.py:830} INFO - Processing file /home/airflow/.local/lib/python3.8/site-packages/airflow/example_dags/example_xcomargs.py for tasks to queue
[2025-08-14T17:42:23.987+0000] {logging_mixin.py:188} INFO - [2025-08-14T17:42:23.987+0000] {dagbag.py:540} INFO - Filling up the DagBag from /home/airflow/.local/lib/python3.8/site-packages/airflow/example_dags/example_xcomargs.py
[2025-08-14T17:42:23.997+0000] {processor.py:840} INFO - DAG(s) 'example_xcom_args_with_operators', 'example_xcom_args' retrieved from /home/airflow/.local/lib/python3.8/site-packages/airflow/example_dags/example_xcomargs.py
[2025-08-14T17:42:24.019+0000] {logging_mixin.py:188} INFO - [2025-08-14T17:42:24.019+0000] {dag.py:3047} INFO - Sync 2 DAGs
[2025-08-14T17:42:24.028+0000] {logging_mixin.py:188} INFO - [2025-08-14T17:42:24.028+0000] {dag.py:3834} INFO - Setting next_dagrun for example_xcom_args to None, run_after=None
[2025-08-14T17:42:24.032+0000] {logging_mixin.py:188} INFO - [2025-08-14T17:42:24.031+0000] {dag.py:3834} INFO - Setting next_dagrun for example_xcom_args_with_operators to None, run_after=None
[2025-08-14T17:42:24.047+0000] {processor.py:183} INFO - Processing /home/airflow/.local/lib/python3.8/site-packages/airflow/example_dags/example_xcomargs.py took 0.069 seconds
[2025-08-14T17:42:54.345+0000] {processor.py:161} INFO - Started process (PID=752) to work on /home/airflow/.local/lib/python3.8/site-packages/airflow/example_dags/example_xcomargs.py
[2025-08-14T17:42:54.346+0000] {processor.py:830} INFO - Processing file /home/airflow/.local/lib/python3.8/site-packages/airflow/example_dags/example_xcomargs.py for tasks to queue
[2025-08-14T17:42:54.347+0000] {logging_mixin.py:188} INFO - [2025-08-14T17:42:54.347+0000] {dagbag.py:540} INFO - Filling up the DagBag from /home/airflow/.local/lib/python3.8/site-packages/airflow/example_dags/example_xcomargs.py
[2025-08-14T17:42:54.353+0000] {processor.py:840} INFO - DAG(s) 'example_xcom_args', 'example_xcom_args_with_operators' retrieved from /home/airflow/.local/lib/python3.8/site-packages/airflow/example_dags/example_xcomargs.py
[2025-08-14T17:42:54.371+0000] {logging_mixin.py:188} INFO - [2025-08-14T17:42:54.371+0000] {dag.py:3047} INFO - Sync 2 DAGs
[2025-08-14T17:42:54.377+0000] {logging_mixin.py:188} INFO - [2025-08-14T17:42:54.377+0000] {dag.py:3834} INFO - Setting next_dagrun for example_xcom_args to None, run_after=None
[2025-08-14T17:42:54.379+0000] {logging_mixin.py:188} INFO - [2025-08-14T17:42:54.379+0000] {dag.py:3834} INFO - Setting next_dagrun for example_xcom_args_with_operators to None, run_after=None
[2025-08-14T17:42:54.390+0000] {processor.py:183} INFO - Processing /home/airflow/.local/lib/python3.8/site-packages/airflow/example_dags/example_xcomargs.py took 0.047 seconds
[2025-08-14T17:43:24.754+0000] {processor.py:161} INFO - Started process (PID=808) to work on /home/airflow/.local/lib/python3.8/site-packages/airflow/example_dags/example_xcomargs.py
[2025-08-14T17:43:24.756+0000] {processor.py:830} INFO - Processing file /home/airflow/.local/lib/python3.8/site-packages/airflow/example_dags/example_xcomargs.py for tasks to queue
[2025-08-14T17:43:24.757+0000] {logging_mixin.py:188} INFO - [2025-08-14T17:43:24.757+0000] {dagbag.py:540} INFO - Filling up the DagBag from /home/airflow/.local/lib/python3.8/site-packages/airflow/example_dags/example_xcomargs.py
[2025-08-14T17:43:24.763+0000] {processor.py:840} INFO - DAG(s) 'example_xcom_args', 'example_xcom_args_with_operators' retrieved from /home/airflow/.local/lib/python3.8/site-packages/airflow/example_dags/example_xcomargs.py
[2025-08-14T17:43:24.783+0000] {logging_mixin.py:188} INFO - [2025-08-14T17:43:24.783+0000] {dag.py:3047} INFO - Sync 2 DAGs
[2025-08-14T17:43:24.789+0000] {logging_mixin.py:188} INFO - [2025-08-14T17:43:24.789+0000] {dag.py:3834} INFO - Setting next_dagrun for example_xcom_args to None, run_after=None
[2025-08-14T17:43:24.793+0000] {logging_mixin.py:188} INFO - [2025-08-14T17:43:24.792+0000] {dag.py:3834} INFO - Setting next_dagrun for example_xcom_args_with_operators to None, run_after=None
[2025-08-14T17:43:24.805+0000] {processor.py:183} INFO - Processing /home/airflow/.local/lib/python3.8/site-packages/airflow/example_dags/example_xcomargs.py took 0.053 seconds
[2025-08-14T17:43:55.294+0000] {processor.py:161} INFO - Started process (PID=864) to work on /home/airflow/.local/lib/python3.8/site-packages/airflow/example_dags/example_xcomargs.py
[2025-08-14T17:43:55.297+0000] {processor.py:830} INFO - Processing file /home/airflow/.local/lib/python3.8/site-packages/airflow/example_dags/example_xcomargs.py for tasks to queue
[2025-08-14T17:43:55.299+0000] {logging_mixin.py:188} INFO - [2025-08-14T17:43:55.299+0000] {dagbag.py:540} INFO - Filling up the DagBag from /home/airflow/.local/lib/python3.8/site-packages/airflow/example_dags/example_xcomargs.py
[2025-08-14T17:43:55.305+0000] {processor.py:840} INFO - DAG(s) 'example_xcom_args_with_operators', 'example_xcom_args' retrieved from /home/airflow/.local/lib/python3.8/site-packages/airflow/example_dags/example_xcomargs.py
[2025-08-14T17:43:55.321+0000] {logging_mixin.py:188} INFO - [2025-08-14T17:43:55.321+0000] {dag.py:3047} INFO - Sync 2 DAGs
[2025-08-14T17:43:55.331+0000] {logging_mixin.py:188} INFO - [2025-08-14T17:43:55.331+0000] {dag.py:3834} INFO - Setting next_dagrun for example_xcom_args to None, run_after=None
[2025-08-14T17:43:55.333+0000] {logging_mixin.py:188} INFO - [2025-08-14T17:43:55.333+0000] {dag.py:3834} INFO - Setting next_dagrun for example_xcom_args_with_operators to None, run_after=None
[2025-08-14T17:43:55.346+0000] {processor.py:183} INFO - Processing /home/airflow/.local/lib/python3.8/site-packages/airflow/example_dags/example_xcomargs.py took 0.055 seconds
[2025-08-14T17:44:25.527+0000] {processor.py:161} INFO - Started process (PID=920) to work on /home/airflow/.local/lib/python3.8/site-packages/airflow/example_dags/example_xcomargs.py
[2025-08-14T17:44:25.528+0000] {processor.py:830} INFO - Processing file /home/airflow/.local/lib/python3.8/site-packages/airflow/example_dags/example_xcomargs.py for tasks to queue
[2025-08-14T17:44:25.530+0000] {logging_mixin.py:188} INFO - [2025-08-14T17:44:25.530+0000] {dagbag.py:540} INFO - Filling up the DagBag from /home/airflow/.local/lib/python3.8/site-packages/airflow/example_dags/example_xcomargs.py
[2025-08-14T17:44:25.539+0000] {processor.py:840} INFO - DAG(s) 'example_xcom_args', 'example_xcom_args_with_operators' retrieved from /home/airflow/.local/lib/python3.8/site-packages/airflow/example_dags/example_xcomargs.py
[2025-08-14T17:44:25.567+0000] {logging_mixin.py:188} INFO - [2025-08-14T17:44:25.567+0000] {dag.py:3047} INFO - Sync 2 DAGs
[2025-08-14T17:44:25.576+0000] {logging_mixin.py:188} INFO - [2025-08-14T17:44:25.576+0000] {dag.py:3834} INFO - Setting next_dagrun for example_xcom_args to None, run_after=None
[2025-08-14T17:44:25.580+0000] {logging_mixin.py:188} INFO - [2025-08-14T17:44:25.580+0000] {dag.py:3834} INFO - Setting next_dagrun for example_xcom_args_with_operators to None, run_after=None
[2025-08-14T17:44:25.590+0000] {processor.py:183} INFO - Processing /home/airflow/.local/lib/python3.8/site-packages/airflow/example_dags/example_xcomargs.py took 0.065 seconds
[2025-08-14T17:44:55.840+0000] {processor.py:161} INFO - Started process (PID=976) to work on /home/airflow/.local/lib/python3.8/site-packages/airflow/example_dags/example_xcomargs.py
[2025-08-14T17:44:55.841+0000] {processor.py:830} INFO - Processing file /home/airflow/.local/lib/python3.8/site-packages/airflow/example_dags/example_xcomargs.py for tasks to queue
[2025-08-14T17:44:55.842+0000] {logging_mixin.py:188} INFO - [2025-08-14T17:44:55.842+0000] {dagbag.py:540} INFO - Filling up the DagBag from /home/airflow/.local/lib/python3.8/site-packages/airflow/example_dags/example_xcomargs.py
[2025-08-14T17:44:55.847+0000] {processor.py:840} INFO - DAG(s) 'example_xcom_args', 'example_xcom_args_with_operators' retrieved from /home/airflow/.local/lib/python3.8/site-packages/airflow/example_dags/example_xcomargs.py
[2025-08-14T17:44:55.863+0000] {logging_mixin.py:188} INFO - [2025-08-14T17:44:55.863+0000] {dag.py:3047} INFO - Sync 2 DAGs
[2025-08-14T17:44:55.872+0000] {logging_mixin.py:188} INFO - [2025-08-14T17:44:55.872+0000] {dag.py:3834} INFO - Setting next_dagrun for example_xcom_args to None, run_after=None
[2025-08-14T17:44:55.877+0000] {logging_mixin.py:188} INFO - [2025-08-14T17:44:55.877+0000] {dag.py:3834} INFO - Setting next_dagrun for example_xcom_args_with_operators to None, run_after=None
[2025-08-14T17:44:55.890+0000] {processor.py:183} INFO - Processing /home/airflow/.local/lib/python3.8/site-packages/airflow/example_dags/example_xcomargs.py took 0.052 seconds
[2025-08-14T17:45:26.159+0000] {processor.py:161} INFO - Started process (PID=1032) to work on /home/airflow/.local/lib/python3.8/site-packages/airflow/example_dags/example_xcomargs.py
[2025-08-14T17:45:26.161+0000] {processor.py:830} INFO - Processing file /home/airflow/.local/lib/python3.8/site-packages/airflow/example_dags/example_xcomargs.py for tasks to queue
[2025-08-14T17:45:26.162+0000] {logging_mixin.py:188} INFO - [2025-08-14T17:45:26.162+0000] {dagbag.py:540} INFO - Filling up the DagBag from /home/airflow/.local/lib/python3.8/site-packages/airflow/example_dags/example_xcomargs.py
[2025-08-14T17:45:26.167+0000] {processor.py:840} INFO - DAG(s) 'example_xcom_args_with_operators', 'example_xcom_args' retrieved from /home/airflow/.local/lib/python3.8/site-packages/airflow/example_dags/example_xcomargs.py
[2025-08-14T17:45:26.183+0000] {logging_mixin.py:188} INFO - [2025-08-14T17:45:26.183+0000] {dag.py:3047} INFO - Sync 2 DAGs
[2025-08-14T17:45:26.190+0000] {logging_mixin.py:188} INFO - [2025-08-14T17:45:26.190+0000] {dag.py:3834} INFO - Setting next_dagrun for example_xcom_args to None, run_after=None
[2025-08-14T17:45:26.193+0000] {logging_mixin.py:188} INFO - [2025-08-14T17:45:26.192+0000] {dag.py:3834} INFO - Setting next_dagrun for example_xcom_args_with_operators to None, run_after=None
[2025-08-14T17:45:26.205+0000] {processor.py:183} INFO - Processing /home/airflow/.local/lib/python3.8/site-packages/airflow/example_dags/example_xcomargs.py took 0.048 seconds
[2025-08-14T17:45:56.773+0000] {processor.py:161} INFO - Started process (PID=1088) to work on /home/airflow/.local/lib/python3.8/site-packages/airflow/example_dags/example_xcomargs.py
[2025-08-14T17:45:56.775+0000] {processor.py:830} INFO - Processing file /home/airflow/.local/lib/python3.8/site-packages/airflow/example_dags/example_xcomargs.py for tasks to queue
[2025-08-14T17:45:56.776+0000] {logging_mixin.py:188} INFO - [2025-08-14T17:45:56.776+0000] {dagbag.py:540} INFO - Filling up the DagBag from /home/airflow/.local/lib/python3.8/site-packages/airflow/example_dags/example_xcomargs.py
[2025-08-14T17:45:56.782+0000] {processor.py:840} INFO - DAG(s) 'example_xcom_args', 'example_xcom_args_with_operators' retrieved from /home/airflow/.local/lib/python3.8/site-packages/airflow/example_dags/example_xcomargs.py
[2025-08-14T17:45:56.807+0000] {logging_mixin.py:188} INFO - [2025-08-14T17:45:56.807+0000] {dag.py:3047} INFO - Sync 2 DAGs
[2025-08-14T17:45:56.816+0000] {logging_mixin.py:188} INFO - [2025-08-14T17:45:56.816+0000] {dag.py:3834} INFO - Setting next_dagrun for example_xcom_args to None, run_after=None
[2025-08-14T17:45:56.820+0000] {logging_mixin.py:188} INFO - [2025-08-14T17:45:56.820+0000] {dag.py:3834} INFO - Setting next_dagrun for example_xcom_args_with_operators to None, run_after=None
[2025-08-14T17:45:56.832+0000] {processor.py:183} INFO - Processing /home/airflow/.local/lib/python3.8/site-packages/airflow/example_dags/example_xcomargs.py took 0.061 seconds
[2025-08-14T17:46:27.068+0000] {processor.py:161} INFO - Started process (PID=1144) to work on /home/airflow/.local/lib/python3.8/site-packages/airflow/example_dags/example_xcomargs.py
[2025-08-14T17:46:27.069+0000] {processor.py:830} INFO - Processing file /home/airflow/.local/lib/python3.8/site-packages/airflow/example_dags/example_xcomargs.py for tasks to queue
[2025-08-14T17:46:27.070+0000] {logging_mixin.py:188} INFO - [2025-08-14T17:46:27.070+0000] {dagbag.py:540} INFO - Filling up the DagBag from /home/airflow/.local/lib/python3.8/site-packages/airflow/example_dags/example_xcomargs.py
[2025-08-14T17:46:27.074+0000] {processor.py:840} INFO - DAG(s) 'example_xcom_args', 'example_xcom_args_with_operators' retrieved from /home/airflow/.local/lib/python3.8/site-packages/airflow/example_dags/example_xcomargs.py
[2025-08-14T17:46:27.086+0000] {logging_mixin.py:188} INFO - [2025-08-14T17:46:27.086+0000] {dag.py:3047} INFO - Sync 2 DAGs
[2025-08-14T17:46:27.093+0000] {logging_mixin.py:188} INFO - [2025-08-14T17:46:27.093+0000] {dag.py:3834} INFO - Setting next_dagrun for example_xcom_args to None, run_after=None
[2025-08-14T17:46:27.097+0000] {logging_mixin.py:188} INFO - [2025-08-14T17:46:27.096+0000] {dag.py:3834} INFO - Setting next_dagrun for example_xcom_args_with_operators to None, run_after=None
[2025-08-14T17:46:27.114+0000] {processor.py:183} INFO - Processing /home/airflow/.local/lib/python3.8/site-packages/airflow/example_dags/example_xcomargs.py took 0.048 seconds
[2025-08-14T17:46:58.017+0000] {processor.py:161} INFO - Started process (PID=1200) to work on /home/airflow/.local/lib/python3.8/site-packages/airflow/example_dags/example_xcomargs.py
[2025-08-14T17:46:58.018+0000] {processor.py:830} INFO - Processing file /home/airflow/.local/lib/python3.8/site-packages/airflow/example_dags/example_xcomargs.py for tasks to queue
[2025-08-14T17:46:58.021+0000] {logging_mixin.py:188} INFO - [2025-08-14T17:46:58.021+0000] {dagbag.py:540} INFO - Filling up the DagBag from /home/airflow/.local/lib/python3.8/site-packages/airflow/example_dags/example_xcomargs.py
[2025-08-14T17:46:58.030+0000] {processor.py:840} INFO - DAG(s) 'example_xcom_args_with_operators', 'example_xcom_args' retrieved from /home/airflow/.local/lib/python3.8/site-packages/airflow/example_dags/example_xcomargs.py
[2025-08-14T17:46:58.073+0000] {logging_mixin.py:188} INFO - [2025-08-14T17:46:58.073+0000] {dag.py:3047} INFO - Sync 2 DAGs
[2025-08-14T17:46:58.088+0000] {logging_mixin.py:188} INFO - [2025-08-14T17:46:58.087+0000] {dag.py:3834} INFO - Setting next_dagrun for example_xcom_args to None, run_after=None
[2025-08-14T17:46:58.092+0000] {logging_mixin.py:188} INFO - [2025-08-14T17:46:58.092+0000] {dag.py:3834} INFO - Setting next_dagrun for example_xcom_args_with_operators to None, run_after=None
[2025-08-14T17:46:58.114+0000] {processor.py:183} INFO - Processing /home/airflow/.local/lib/python3.8/site-packages/airflow/example_dags/example_xcomargs.py took 0.100 seconds
[2025-08-14T17:47:28.972+0000] {processor.py:161} INFO - Started process (PID=1256) to work on /home/airflow/.local/lib/python3.8/site-packages/airflow/example_dags/example_xcomargs.py
[2025-08-14T17:47:28.973+0000] {processor.py:830} INFO - Processing file /home/airflow/.local/lib/python3.8/site-packages/airflow/example_dags/example_xcomargs.py for tasks to queue
[2025-08-14T17:47:28.974+0000] {logging_mixin.py:188} INFO - [2025-08-14T17:47:28.974+0000] {dagbag.py:540} INFO - Filling up the DagBag from /home/airflow/.local/lib/python3.8/site-packages/airflow/example_dags/example_xcomargs.py
[2025-08-14T17:47:28.978+0000] {processor.py:840} INFO - DAG(s) 'example_xcom_args_with_operators', 'example_xcom_args' retrieved from /home/airflow/.local/lib/python3.8/site-packages/airflow/example_dags/example_xcomargs.py
[2025-08-14T17:47:28.991+0000] {logging_mixin.py:188} INFO - [2025-08-14T17:47:28.991+0000] {dag.py:3047} INFO - Sync 2 DAGs
[2025-08-14T17:47:28.998+0000] {logging_mixin.py:188} INFO - [2025-08-14T17:47:28.997+0000] {dag.py:3834} INFO - Setting next_dagrun for example_xcom_args to None, run_after=None
[2025-08-14T17:47:29.000+0000] {logging_mixin.py:188} INFO - [2025-08-14T17:47:28.999+0000] {dag.py:3834} INFO - Setting next_dagrun for example_xcom_args_with_operators to None, run_after=None
[2025-08-14T17:47:29.013+0000] {processor.py:183} INFO - Processing /home/airflow/.local/lib/python3.8/site-packages/airflow/example_dags/example_xcomargs.py took 0.044 seconds
[2025-08-14T17:47:59.313+0000] {processor.py:161} INFO - Started process (PID=1312) to work on /home/airflow/.local/lib/python3.8/site-packages/airflow/example_dags/example_xcomargs.py
[2025-08-14T17:47:59.314+0000] {processor.py:830} INFO - Processing file /home/airflow/.local/lib/python3.8/site-packages/airflow/example_dags/example_xcomargs.py for tasks to queue
[2025-08-14T17:47:59.315+0000] {logging_mixin.py:188} INFO - [2025-08-14T17:47:59.315+0000] {dagbag.py:540} INFO - Filling up the DagBag from /home/airflow/.local/lib/python3.8/site-packages/airflow/example_dags/example_xcomargs.py
[2025-08-14T17:47:59.319+0000] {processor.py:840} INFO - DAG(s) 'example_xcom_args', 'example_xcom_args_with_operators' retrieved from /home/airflow/.local/lib/python3.8/site-packages/airflow/example_dags/example_xcomargs.py
[2025-08-14T17:47:59.334+0000] {logging_mixin.py:188} INFO - [2025-08-14T17:47:59.334+0000] {dag.py:3047} INFO - Sync 2 DAGs
[2025-08-14T17:47:59.341+0000] {logging_mixin.py:188} INFO - [2025-08-14T17:47:59.341+0000] {dag.py:3834} INFO - Setting next_dagrun for example_xcom_args to None, run_after=None
[2025-08-14T17:47:59.343+0000] {logging_mixin.py:188} INFO - [2025-08-14T17:47:59.343+0000] {dag.py:3834} INFO - Setting next_dagrun for example_xcom_args_with_operators to None, run_after=None
[2025-08-14T17:47:59.356+0000] {processor.py:183} INFO - Processing /home/airflow/.local/lib/python3.8/site-packages/airflow/example_dags/example_xcomargs.py took 0.045 seconds
[2025-08-14T17:48:29.667+0000] {processor.py:161} INFO - Started process (PID=1368) to work on /home/airflow/.local/lib/python3.8/site-packages/airflow/example_dags/example_xcomargs.py
[2025-08-14T17:48:29.668+0000] {processor.py:830} INFO - Processing file /home/airflow/.local/lib/python3.8/site-packages/airflow/example_dags/example_xcomargs.py for tasks to queue
[2025-08-14T17:48:29.669+0000] {logging_mixin.py:188} INFO - [2025-08-14T17:48:29.668+0000] {dagbag.py:540} INFO - Filling up the DagBag from /home/airflow/.local/lib/python3.8/site-packages/airflow/example_dags/example_xcomargs.py
[2025-08-14T17:48:29.673+0000] {processor.py:840} INFO - DAG(s) 'example_xcom_args_with_operators', 'example_xcom_args' retrieved from /home/airflow/.local/lib/python3.8/site-packages/airflow/example_dags/example_xcomargs.py
[2025-08-14T17:48:29.689+0000] {logging_mixin.py:188} INFO - [2025-08-14T17:48:29.689+0000] {dag.py:3047} INFO - Sync 2 DAGs
[2025-08-14T17:48:29.696+0000] {logging_mixin.py:188} INFO - [2025-08-14T17:48:29.696+0000] {dag.py:3834} INFO - Setting next_dagrun for example_xcom_args to None, run_after=None
[2025-08-14T17:48:29.698+0000] {logging_mixin.py:188} INFO - [2025-08-14T17:48:29.698+0000] {dag.py:3834} INFO - Setting next_dagrun for example_xcom_args_with_operators to None, run_after=None
[2025-08-14T17:48:29.710+0000] {processor.py:183} INFO - Processing /home/airflow/.local/lib/python3.8/site-packages/airflow/example_dags/example_xcomargs.py took 0.045 seconds
[2025-08-14T17:49:00.312+0000] {processor.py:161} INFO - Started process (PID=1424) to work on /home/airflow/.local/lib/python3.8/site-packages/airflow/example_dags/example_xcomargs.py
[2025-08-14T17:49:00.314+0000] {processor.py:830} INFO - Processing file /home/airflow/.local/lib/python3.8/site-packages/airflow/example_dags/example_xcomargs.py for tasks to queue
[2025-08-14T17:49:00.315+0000] {logging_mixin.py:188} INFO - [2025-08-14T17:49:00.315+0000] {dagbag.py:540} INFO - Filling up the DagBag from /home/airflow/.local/lib/python3.8/site-packages/airflow/example_dags/example_xcomargs.py
[2025-08-14T17:49:00.322+0000] {processor.py:840} INFO - DAG(s) 'example_xcom_args_with_operators', 'example_xcom_args' retrieved from /home/airflow/.local/lib/python3.8/site-packages/airflow/example_dags/example_xcomargs.py
[2025-08-14T17:49:00.338+0000] {logging_mixin.py:188} INFO - [2025-08-14T17:49:00.338+0000] {dag.py:3047} INFO - Sync 2 DAGs
[2025-08-14T17:49:00.345+0000] {logging_mixin.py:188} INFO - [2025-08-14T17:49:00.345+0000] {dag.py:3834} INFO - Setting next_dagrun for example_xcom_args to None, run_after=None
[2025-08-14T17:49:00.349+0000] {logging_mixin.py:188} INFO - [2025-08-14T17:49:00.348+0000] {dag.py:3834} INFO - Setting next_dagrun for example_xcom_args_with_operators to None, run_after=None
[2025-08-14T17:49:00.364+0000] {processor.py:183} INFO - Processing /home/airflow/.local/lib/python3.8/site-packages/airflow/example_dags/example_xcomargs.py took 0.054 seconds
[2025-08-14T17:49:30.466+0000] {processor.py:161} INFO - Started process (PID=1480) to work on /home/airflow/.local/lib/python3.8/site-packages/airflow/example_dags/example_xcomargs.py
[2025-08-14T17:49:30.467+0000] {processor.py:830} INFO - Processing file /home/airflow/.local/lib/python3.8/site-packages/airflow/example_dags/example_xcomargs.py for tasks to queue
[2025-08-14T17:49:30.469+0000] {logging_mixin.py:188} INFO - [2025-08-14T17:49:30.468+0000] {dagbag.py:540} INFO - Filling up the DagBag from /home/airflow/.local/lib/python3.8/site-packages/airflow/example_dags/example_xcomargs.py
[2025-08-14T17:49:30.475+0000] {processor.py:840} INFO - DAG(s) 'example_xcom_args_with_operators', 'example_xcom_args' retrieved from /home/airflow/.local/lib/python3.8/site-packages/airflow/example_dags/example_xcomargs.py
[2025-08-14T17:49:30.491+0000] {logging_mixin.py:188} INFO - [2025-08-14T17:49:30.491+0000] {dag.py:3047} INFO - Sync 2 DAGs
[2025-08-14T17:49:30.498+0000] {logging_mixin.py:188} INFO - [2025-08-14T17:49:30.498+0000] {dag.py:3834} INFO - Setting next_dagrun for example_xcom_args to None, run_after=None
[2025-08-14T17:49:30.500+0000] {logging_mixin.py:188} INFO - [2025-08-14T17:49:30.500+0000] {dag.py:3834} INFO - Setting next_dagrun for example_xcom_args_with_operators to None, run_after=None
[2025-08-14T17:49:30.509+0000] {processor.py:183} INFO - Processing /home/airflow/.local/lib/python3.8/site-packages/airflow/example_dags/example_xcomargs.py took 0.045 seconds
[2025-08-14T17:50:01.875+0000] {processor.py:161} INFO - Started process (PID=1536) to work on /home/airflow/.local/lib/python3.8/site-packages/airflow/example_dags/example_xcomargs.py
[2025-08-14T17:50:01.880+0000] {processor.py:830} INFO - Processing file /home/airflow/.local/lib/python3.8/site-packages/airflow/example_dags/example_xcomargs.py for tasks to queue
[2025-08-14T17:50:01.889+0000] {logging_mixin.py:188} INFO - [2025-08-14T17:50:01.888+0000] {dagbag.py:540} INFO - Filling up the DagBag from /home/airflow/.local/lib/python3.8/site-packages/airflow/example_dags/example_xcomargs.py
[2025-08-14T17:50:01.911+0000] {processor.py:840} INFO - DAG(s) 'example_xcom_args_with_operators', 'example_xcom_args' retrieved from /home/airflow/.local/lib/python3.8/site-packages/airflow/example_dags/example_xcomargs.py
[2025-08-14T17:50:01.976+0000] {logging_mixin.py:188} INFO - [2025-08-14T17:50:01.975+0000] {dag.py:3047} INFO - Sync 2 DAGs
[2025-08-14T17:50:01.992+0000] {logging_mixin.py:188} INFO - [2025-08-14T17:50:01.991+0000] {dag.py:3834} INFO - Setting next_dagrun for example_xcom_args to None, run_after=None
[2025-08-14T17:50:02.000+0000] {logging_mixin.py:188} INFO - [2025-08-14T17:50:02.000+0000] {dag.py:3834} INFO - Setting next_dagrun for example_xcom_args_with_operators to None, run_after=None
[2025-08-14T17:50:02.040+0000] {processor.py:183} INFO - Processing /home/airflow/.local/lib/python3.8/site-packages/airflow/example_dags/example_xcomargs.py took 0.176 seconds
[2025-08-14T17:50:32.102+0000] {processor.py:161} INFO - Started process (PID=1592) to work on /home/airflow/.local/lib/python3.8/site-packages/airflow/example_dags/example_xcomargs.py
[2025-08-14T17:50:32.106+0000] {processor.py:830} INFO - Processing file /home/airflow/.local/lib/python3.8/site-packages/airflow/example_dags/example_xcomargs.py for tasks to queue
[2025-08-14T17:50:32.111+0000] {logging_mixin.py:188} INFO - [2025-08-14T17:50:32.110+0000] {dagbag.py:540} INFO - Filling up the DagBag from /home/airflow/.local/lib/python3.8/site-packages/airflow/example_dags/example_xcomargs.py
[2025-08-14T17:50:32.117+0000] {processor.py:840} INFO - DAG(s) 'example_xcom_args', 'example_xcom_args_with_operators' retrieved from /home/airflow/.local/lib/python3.8/site-packages/airflow/example_dags/example_xcomargs.py
[2025-08-14T17:50:32.153+0000] {logging_mixin.py:188} INFO - [2025-08-14T17:50:32.152+0000] {dag.py:3047} INFO - Sync 2 DAGs
[2025-08-14T17:50:32.161+0000] {logging_mixin.py:188} INFO - [2025-08-14T17:50:32.161+0000] {dag.py:3834} INFO - Setting next_dagrun for example_xcom_args to None, run_after=None
[2025-08-14T17:50:32.164+0000] {logging_mixin.py:188} INFO - [2025-08-14T17:50:32.164+0000] {dag.py:3834} INFO - Setting next_dagrun for example_xcom_args_with_operators to None, run_after=None
[2025-08-14T17:50:32.181+0000] {processor.py:183} INFO - Processing /home/airflow/.local/lib/python3.8/site-packages/airflow/example_dags/example_xcomargs.py took 0.083 seconds
[2025-08-14T17:51:02.958+0000] {processor.py:161} INFO - Started process (PID=1648) to work on /home/airflow/.local/lib/python3.8/site-packages/airflow/example_dags/example_xcomargs.py
[2025-08-14T17:51:02.960+0000] {processor.py:830} INFO - Processing file /home/airflow/.local/lib/python3.8/site-packages/airflow/example_dags/example_xcomargs.py for tasks to queue
[2025-08-14T17:51:02.961+0000] {logging_mixin.py:188} INFO - [2025-08-14T17:51:02.961+0000] {dagbag.py:540} INFO - Filling up the DagBag from /home/airflow/.local/lib/python3.8/site-packages/airflow/example_dags/example_xcomargs.py
[2025-08-14T17:51:02.966+0000] {processor.py:840} INFO - DAG(s) 'example_xcom_args', 'example_xcom_args_with_operators' retrieved from /home/airflow/.local/lib/python3.8/site-packages/airflow/example_dags/example_xcomargs.py
[2025-08-14T17:51:02.982+0000] {logging_mixin.py:188} INFO - [2025-08-14T17:51:02.982+0000] {dag.py:3047} INFO - Sync 2 DAGs
[2025-08-14T17:51:02.989+0000] {logging_mixin.py:188} INFO - [2025-08-14T17:51:02.988+0000] {dag.py:3834} INFO - Setting next_dagrun for example_xcom_args to None, run_after=None
[2025-08-14T17:51:02.992+0000] {logging_mixin.py:188} INFO - [2025-08-14T17:51:02.992+0000] {dag.py:3834} INFO - Setting next_dagrun for example_xcom_args_with_operators to None, run_after=None
[2025-08-14T17:51:03.001+0000] {processor.py:183} INFO - Processing /home/airflow/.local/lib/python3.8/site-packages/airflow/example_dags/example_xcomargs.py took 0.045 seconds
[2025-08-14T17:51:33.419+0000] {processor.py:161} INFO - Started process (PID=1704) to work on /home/airflow/.local/lib/python3.8/site-packages/airflow/example_dags/example_xcomargs.py
[2025-08-14T17:51:33.423+0000] {processor.py:830} INFO - Processing file /home/airflow/.local/lib/python3.8/site-packages/airflow/example_dags/example_xcomargs.py for tasks to queue
[2025-08-14T17:51:33.445+0000] {logging_mixin.py:188} INFO - [2025-08-14T17:51:33.445+0000] {dagbag.py:540} INFO - Filling up the DagBag from /home/airflow/.local/lib/python3.8/site-packages/airflow/example_dags/example_xcomargs.py
[2025-08-14T17:51:33.466+0000] {processor.py:840} INFO - DAG(s) 'example_xcom_args', 'example_xcom_args_with_operators' retrieved from /home/airflow/.local/lib/python3.8/site-packages/airflow/example_dags/example_xcomargs.py
[2025-08-14T17:51:33.494+0000] {logging_mixin.py:188} INFO - [2025-08-14T17:51:33.494+0000] {dag.py:3047} INFO - Sync 2 DAGs
[2025-08-14T17:51:33.503+0000] {logging_mixin.py:188} INFO - [2025-08-14T17:51:33.503+0000] {dag.py:3834} INFO - Setting next_dagrun for example_xcom_args to None, run_after=None
[2025-08-14T17:51:33.506+0000] {logging_mixin.py:188} INFO - [2025-08-14T17:51:33.506+0000] {dag.py:3834} INFO - Setting next_dagrun for example_xcom_args_with_operators to None, run_after=None
[2025-08-14T17:51:33.524+0000] {processor.py:183} INFO - Processing /home/airflow/.local/lib/python3.8/site-packages/airflow/example_dags/example_xcomargs.py took 0.114 seconds
[2025-08-14T17:52:04.154+0000] {processor.py:161} INFO - Started process (PID=1760) to work on /home/airflow/.local/lib/python3.8/site-packages/airflow/example_dags/example_xcomargs.py
[2025-08-14T17:52:04.158+0000] {processor.py:830} INFO - Processing file /home/airflow/.local/lib/python3.8/site-packages/airflow/example_dags/example_xcomargs.py for tasks to queue
[2025-08-14T17:52:04.160+0000] {logging_mixin.py:188} INFO - [2025-08-14T17:52:04.160+0000] {dagbag.py:540} INFO - Filling up the DagBag from /home/airflow/.local/lib/python3.8/site-packages/airflow/example_dags/example_xcomargs.py
[2025-08-14T17:52:04.168+0000] {processor.py:840} INFO - DAG(s) 'example_xcom_args', 'example_xcom_args_with_operators' retrieved from /home/airflow/.local/lib/python3.8/site-packages/airflow/example_dags/example_xcomargs.py
[2025-08-14T17:52:04.191+0000] {logging_mixin.py:188} INFO - [2025-08-14T17:52:04.191+0000] {dag.py:3047} INFO - Sync 2 DAGs
[2025-08-14T17:52:04.199+0000] {logging_mixin.py:188} INFO - [2025-08-14T17:52:04.199+0000] {dag.py:3834} INFO - Setting next_dagrun for example_xcom_args to None, run_after=None
[2025-08-14T17:52:04.202+0000] {logging_mixin.py:188} INFO - [2025-08-14T17:52:04.202+0000] {dag.py:3834} INFO - Setting next_dagrun for example_xcom_args_with_operators to None, run_after=None
[2025-08-14T17:52:04.218+0000] {processor.py:183} INFO - Processing /home/airflow/.local/lib/python3.8/site-packages/airflow/example_dags/example_xcomargs.py took 0.068 seconds
[2025-08-14T17:52:34.460+0000] {processor.py:161} INFO - Started process (PID=1816) to work on /home/airflow/.local/lib/python3.8/site-packages/airflow/example_dags/example_xcomargs.py
[2025-08-14T17:52:34.461+0000] {processor.py:830} INFO - Processing file /home/airflow/.local/lib/python3.8/site-packages/airflow/example_dags/example_xcomargs.py for tasks to queue
[2025-08-14T17:52:34.462+0000] {logging_mixin.py:188} INFO - [2025-08-14T17:52:34.462+0000] {dagbag.py:540} INFO - Filling up the DagBag from /home/airflow/.local/lib/python3.8/site-packages/airflow/example_dags/example_xcomargs.py
[2025-08-14T17:52:34.467+0000] {processor.py:840} INFO - DAG(s) 'example_xcom_args', 'example_xcom_args_with_operators' retrieved from /home/airflow/.local/lib/python3.8/site-packages/airflow/example_dags/example_xcomargs.py
[2025-08-14T17:52:34.479+0000] {logging_mixin.py:188} INFO - [2025-08-14T17:52:34.479+0000] {dag.py:3047} INFO - Sync 2 DAGs
[2025-08-14T17:52:34.486+0000] {logging_mixin.py:188} INFO - [2025-08-14T17:52:34.486+0000] {dag.py:3834} INFO - Setting next_dagrun for example_xcom_args to None, run_after=None
[2025-08-14T17:52:34.488+0000] {logging_mixin.py:188} INFO - [2025-08-14T17:52:34.488+0000] {dag.py:3834} INFO - Setting next_dagrun for example_xcom_args_with_operators to None, run_after=None
[2025-08-14T17:52:34.502+0000] {processor.py:183} INFO - Processing /home/airflow/.local/lib/python3.8/site-packages/airflow/example_dags/example_xcomargs.py took 0.044 seconds
[2025-08-14T17:53:05.313+0000] {processor.py:161} INFO - Started process (PID=1872) to work on /home/airflow/.local/lib/python3.8/site-packages/airflow/example_dags/example_xcomargs.py
[2025-08-14T17:53:05.316+0000] {processor.py:830} INFO - Processing file /home/airflow/.local/lib/python3.8/site-packages/airflow/example_dags/example_xcomargs.py for tasks to queue
[2025-08-14T17:53:05.319+0000] {logging_mixin.py:188} INFO - [2025-08-14T17:53:05.319+0000] {dagbag.py:540} INFO - Filling up the DagBag from /home/airflow/.local/lib/python3.8/site-packages/airflow/example_dags/example_xcomargs.py
[2025-08-14T17:53:05.341+0000] {processor.py:840} INFO - DAG(s) 'example_xcom_args', 'example_xcom_args_with_operators' retrieved from /home/airflow/.local/lib/python3.8/site-packages/airflow/example_dags/example_xcomargs.py
[2025-08-14T17:53:05.367+0000] {logging_mixin.py:188} INFO - [2025-08-14T17:53:05.367+0000] {dag.py:3047} INFO - Sync 2 DAGs
[2025-08-14T17:53:05.381+0000] {logging_mixin.py:188} INFO - [2025-08-14T17:53:05.380+0000] {dag.py:3834} INFO - Setting next_dagrun for example_xcom_args to None, run_after=None
[2025-08-14T17:53:05.388+0000] {logging_mixin.py:188} INFO - [2025-08-14T17:53:05.387+0000] {dag.py:3834} INFO - Setting next_dagrun for example_xcom_args_with_operators to None, run_after=None
[2025-08-14T17:53:05.411+0000] {processor.py:183} INFO - Processing /home/airflow/.local/lib/python3.8/site-packages/airflow/example_dags/example_xcomargs.py took 0.101 seconds
[2025-08-14T17:53:35.511+0000] {processor.py:161} INFO - Started process (PID=1928) to work on /home/airflow/.local/lib/python3.8/site-packages/airflow/example_dags/example_xcomargs.py
[2025-08-14T17:53:35.514+0000] {processor.py:830} INFO - Processing file /home/airflow/.local/lib/python3.8/site-packages/airflow/example_dags/example_xcomargs.py for tasks to queue
[2025-08-14T17:53:35.517+0000] {logging_mixin.py:188} INFO - [2025-08-14T17:53:35.517+0000] {dagbag.py:540} INFO - Filling up the DagBag from /home/airflow/.local/lib/python3.8/site-packages/airflow/example_dags/example_xcomargs.py
[2025-08-14T17:53:35.522+0000] {processor.py:840} INFO - DAG(s) 'example_xcom_args', 'example_xcom_args_with_operators' retrieved from /home/airflow/.local/lib/python3.8/site-packages/airflow/example_dags/example_xcomargs.py
[2025-08-14T17:53:35.540+0000] {logging_mixin.py:188} INFO - [2025-08-14T17:53:35.540+0000] {dag.py:3047} INFO - Sync 2 DAGs
[2025-08-14T17:53:35.548+0000] {logging_mixin.py:188} INFO - [2025-08-14T17:53:35.548+0000] {dag.py:3834} INFO - Setting next_dagrun for example_xcom_args to None, run_after=None
[2025-08-14T17:53:35.550+0000] {logging_mixin.py:188} INFO - [2025-08-14T17:53:35.550+0000] {dag.py:3834} INFO - Setting next_dagrun for example_xcom_args_with_operators to None, run_after=None
[2025-08-14T17:53:35.595+0000] {processor.py:183} INFO - Processing /home/airflow/.local/lib/python3.8/site-packages/airflow/example_dags/example_xcomargs.py took 0.088 seconds
[2025-08-14T17:54:05.771+0000] {processor.py:161} INFO - Started process (PID=1984) to work on /home/airflow/.local/lib/python3.8/site-packages/airflow/example_dags/example_xcomargs.py
[2025-08-14T17:54:05.772+0000] {processor.py:830} INFO - Processing file /home/airflow/.local/lib/python3.8/site-packages/airflow/example_dags/example_xcomargs.py for tasks to queue
[2025-08-14T17:54:05.773+0000] {logging_mixin.py:188} INFO - [2025-08-14T17:54:05.773+0000] {dagbag.py:540} INFO - Filling up the DagBag from /home/airflow/.local/lib/python3.8/site-packages/airflow/example_dags/example_xcomargs.py
[2025-08-14T17:54:05.779+0000] {processor.py:840} INFO - DAG(s) 'example_xcom_args_with_operators', 'example_xcom_args' retrieved from /home/airflow/.local/lib/python3.8/site-packages/airflow/example_dags/example_xcomargs.py
[2025-08-14T17:54:05.793+0000] {logging_mixin.py:188} INFO - [2025-08-14T17:54:05.792+0000] {dag.py:3047} INFO - Sync 2 DAGs
[2025-08-14T17:54:05.800+0000] {logging_mixin.py:188} INFO - [2025-08-14T17:54:05.800+0000] {dag.py:3834} INFO - Setting next_dagrun for example_xcom_args to None, run_after=None
[2025-08-14T17:54:05.802+0000] {logging_mixin.py:188} INFO - [2025-08-14T17:54:05.802+0000] {dag.py:3834} INFO - Setting next_dagrun for example_xcom_args_with_operators to None, run_after=None
[2025-08-14T17:54:05.815+0000] {processor.py:183} INFO - Processing /home/airflow/.local/lib/python3.8/site-packages/airflow/example_dags/example_xcomargs.py took 0.046 seconds
[2025-08-14T17:54:36.221+0000] {processor.py:161} INFO - Started process (PID=2040) to work on /home/airflow/.local/lib/python3.8/site-packages/airflow/example_dags/example_xcomargs.py
[2025-08-14T17:54:36.222+0000] {processor.py:830} INFO - Processing file /home/airflow/.local/lib/python3.8/site-packages/airflow/example_dags/example_xcomargs.py for tasks to queue
[2025-08-14T17:54:36.222+0000] {logging_mixin.py:188} INFO - [2025-08-14T17:54:36.222+0000] {dagbag.py:540} INFO - Filling up the DagBag from /home/airflow/.local/lib/python3.8/site-packages/airflow/example_dags/example_xcomargs.py
[2025-08-14T17:54:36.227+0000] {processor.py:840} INFO - DAG(s) 'example_xcom_args_with_operators', 'example_xcom_args' retrieved from /home/airflow/.local/lib/python3.8/site-packages/airflow/example_dags/example_xcomargs.py
[2025-08-14T17:54:36.243+0000] {logging_mixin.py:188} INFO - [2025-08-14T17:54:36.243+0000] {dag.py:3047} INFO - Sync 2 DAGs
[2025-08-14T17:54:36.249+0000] {logging_mixin.py:188} INFO - [2025-08-14T17:54:36.249+0000] {dag.py:3834} INFO - Setting next_dagrun for example_xcom_args to None, run_after=None
[2025-08-14T17:54:36.251+0000] {logging_mixin.py:188} INFO - [2025-08-14T17:54:36.251+0000] {dag.py:3834} INFO - Setting next_dagrun for example_xcom_args_with_operators to None, run_after=None
[2025-08-14T17:54:36.261+0000] {processor.py:183} INFO - Processing /home/airflow/.local/lib/python3.8/site-packages/airflow/example_dags/example_xcomargs.py took 0.042 seconds
[2025-08-14T17:55:06.759+0000] {processor.py:161} INFO - Started process (PID=2096) to work on /home/airflow/.local/lib/python3.8/site-packages/airflow/example_dags/example_xcomargs.py
[2025-08-14T17:55:06.760+0000] {processor.py:830} INFO - Processing file /home/airflow/.local/lib/python3.8/site-packages/airflow/example_dags/example_xcomargs.py for tasks to queue
[2025-08-14T17:55:06.761+0000] {logging_mixin.py:188} INFO - [2025-08-14T17:55:06.760+0000] {dagbag.py:540} INFO - Filling up the DagBag from /home/airflow/.local/lib/python3.8/site-packages/airflow/example_dags/example_xcomargs.py
[2025-08-14T17:55:06.766+0000] {processor.py:840} INFO - DAG(s) 'example_xcom_args', 'example_xcom_args_with_operators' retrieved from /home/airflow/.local/lib/python3.8/site-packages/airflow/example_dags/example_xcomargs.py
[2025-08-14T17:55:06.784+0000] {logging_mixin.py:188} INFO - [2025-08-14T17:55:06.784+0000] {dag.py:3047} INFO - Sync 2 DAGs
[2025-08-14T17:55:06.794+0000] {logging_mixin.py:188} INFO - [2025-08-14T17:55:06.794+0000] {dag.py:3834} INFO - Setting next_dagrun for example_xcom_args to None, run_after=None
[2025-08-14T17:55:06.796+0000] {logging_mixin.py:188} INFO - [2025-08-14T17:55:06.796+0000] {dag.py:3834} INFO - Setting next_dagrun for example_xcom_args_with_operators to None, run_after=None
[2025-08-14T17:55:06.808+0000] {processor.py:183} INFO - Processing /home/airflow/.local/lib/python3.8/site-packages/airflow/example_dags/example_xcomargs.py took 0.051 seconds
[2025-08-14T17:55:37.402+0000] {processor.py:161} INFO - Started process (PID=2152) to work on /home/airflow/.local/lib/python3.8/site-packages/airflow/example_dags/example_xcomargs.py
[2025-08-14T17:55:37.403+0000] {processor.py:830} INFO - Processing file /home/airflow/.local/lib/python3.8/site-packages/airflow/example_dags/example_xcomargs.py for tasks to queue
[2025-08-14T17:55:37.404+0000] {logging_mixin.py:188} INFO - [2025-08-14T17:55:37.404+0000] {dagbag.py:540} INFO - Filling up the DagBag from /home/airflow/.local/lib/python3.8/site-packages/airflow/example_dags/example_xcomargs.py
[2025-08-14T17:55:37.408+0000] {processor.py:840} INFO - DAG(s) 'example_xcom_args', 'example_xcom_args_with_operators' retrieved from /home/airflow/.local/lib/python3.8/site-packages/airflow/example_dags/example_xcomargs.py
[2025-08-14T17:55:37.423+0000] {logging_mixin.py:188} INFO - [2025-08-14T17:55:37.422+0000] {dag.py:3047} INFO - Sync 2 DAGs
[2025-08-14T17:55:37.430+0000] {logging_mixin.py:188} INFO - [2025-08-14T17:55:37.430+0000] {dag.py:3834} INFO - Setting next_dagrun for example_xcom_args to None, run_after=None
[2025-08-14T17:55:37.433+0000] {logging_mixin.py:188} INFO - [2025-08-14T17:55:37.433+0000] {dag.py:3834} INFO - Setting next_dagrun for example_xcom_args_with_operators to None, run_after=None
[2025-08-14T17:55:37.442+0000] {processor.py:183} INFO - Processing /home/airflow/.local/lib/python3.8/site-packages/airflow/example_dags/example_xcomargs.py took 0.042 seconds
[2025-08-14T17:56:07.851+0000] {processor.py:161} INFO - Started process (PID=2208) to work on /home/airflow/.local/lib/python3.8/site-packages/airflow/example_dags/example_xcomargs.py
[2025-08-14T17:56:07.854+0000] {processor.py:830} INFO - Processing file /home/airflow/.local/lib/python3.8/site-packages/airflow/example_dags/example_xcomargs.py for tasks to queue
[2025-08-14T17:56:07.855+0000] {logging_mixin.py:188} INFO - [2025-08-14T17:56:07.855+0000] {dagbag.py:540} INFO - Filling up the DagBag from /home/airflow/.local/lib/python3.8/site-packages/airflow/example_dags/example_xcomargs.py
[2025-08-14T17:56:07.860+0000] {processor.py:840} INFO - DAG(s) 'example_xcom_args', 'example_xcom_args_with_operators' retrieved from /home/airflow/.local/lib/python3.8/site-packages/airflow/example_dags/example_xcomargs.py
[2025-08-14T17:56:07.872+0000] {logging_mixin.py:188} INFO - [2025-08-14T17:56:07.872+0000] {dag.py:3047} INFO - Sync 2 DAGs
[2025-08-14T17:56:07.880+0000] {logging_mixin.py:188} INFO - [2025-08-14T17:56:07.880+0000] {dag.py:3834} INFO - Setting next_dagrun for example_xcom_args to None, run_after=None
[2025-08-14T17:56:07.883+0000] {logging_mixin.py:188} INFO - [2025-08-14T17:56:07.883+0000] {dag.py:3834} INFO - Setting next_dagrun for example_xcom_args_with_operators to None, run_after=None
[2025-08-14T17:56:07.896+0000] {processor.py:183} INFO - Processing /home/airflow/.local/lib/python3.8/site-packages/airflow/example_dags/example_xcomargs.py took 0.047 seconds
[2025-08-14T17:56:38.267+0000] {processor.py:161} INFO - Started process (PID=2264) to work on /home/airflow/.local/lib/python3.8/site-packages/airflow/example_dags/example_xcomargs.py
[2025-08-14T17:56:38.268+0000] {processor.py:830} INFO - Processing file /home/airflow/.local/lib/python3.8/site-packages/airflow/example_dags/example_xcomargs.py for tasks to queue
[2025-08-14T17:56:38.270+0000] {logging_mixin.py:188} INFO - [2025-08-14T17:56:38.269+0000] {dagbag.py:540} INFO - Filling up the DagBag from /home/airflow/.local/lib/python3.8/site-packages/airflow/example_dags/example_xcomargs.py
[2025-08-14T17:56:38.276+0000] {processor.py:840} INFO - DAG(s) 'example_xcom_args_with_operators', 'example_xcom_args' retrieved from /home/airflow/.local/lib/python3.8/site-packages/airflow/example_dags/example_xcomargs.py
[2025-08-14T17:56:38.300+0000] {logging_mixin.py:188} INFO - [2025-08-14T17:56:38.300+0000] {dag.py:3047} INFO - Sync 2 DAGs
[2025-08-14T17:56:38.308+0000] {logging_mixin.py:188} INFO - [2025-08-14T17:56:38.308+0000] {dag.py:3834} INFO - Setting next_dagrun for example_xcom_args to None, run_after=None
[2025-08-14T17:56:38.310+0000] {logging_mixin.py:188} INFO - [2025-08-14T17:56:38.310+0000] {dag.py:3834} INFO - Setting next_dagrun for example_xcom_args_with_operators to None, run_after=None
[2025-08-14T17:56:38.319+0000] {processor.py:183} INFO - Processing /home/airflow/.local/lib/python3.8/site-packages/airflow/example_dags/example_xcomargs.py took 0.055 seconds
[2025-08-14T17:57:08.698+0000] {processor.py:161} INFO - Started process (PID=2320) to work on /home/airflow/.local/lib/python3.8/site-packages/airflow/example_dags/example_xcomargs.py
[2025-08-14T17:57:08.699+0000] {processor.py:830} INFO - Processing file /home/airflow/.local/lib/python3.8/site-packages/airflow/example_dags/example_xcomargs.py for tasks to queue
[2025-08-14T17:57:08.700+0000] {logging_mixin.py:188} INFO - [2025-08-14T17:57:08.700+0000] {dagbag.py:540} INFO - Filling up the DagBag from /home/airflow/.local/lib/python3.8/site-packages/airflow/example_dags/example_xcomargs.py
[2025-08-14T17:57:08.704+0000] {processor.py:840} INFO - DAG(s) 'example_xcom_args_with_operators', 'example_xcom_args' retrieved from /home/airflow/.local/lib/python3.8/site-packages/airflow/example_dags/example_xcomargs.py
[2025-08-14T17:57:08.716+0000] {logging_mixin.py:188} INFO - [2025-08-14T17:57:08.716+0000] {dag.py:3047} INFO - Sync 2 DAGs
[2025-08-14T17:57:08.721+0000] {logging_mixin.py:188} INFO - [2025-08-14T17:57:08.721+0000] {dag.py:3834} INFO - Setting next_dagrun for example_xcom_args to None, run_after=None
[2025-08-14T17:57:08.723+0000] {logging_mixin.py:188} INFO - [2025-08-14T17:57:08.723+0000] {dag.py:3834} INFO - Setting next_dagrun for example_xcom_args_with_operators to None, run_after=None
[2025-08-14T17:57:08.730+0000] {processor.py:183} INFO - Processing /home/airflow/.local/lib/python3.8/site-packages/airflow/example_dags/example_xcomargs.py took 0.034 seconds
[2025-08-14T17:57:39.068+0000] {processor.py:161} INFO - Started process (PID=2376) to work on /home/airflow/.local/lib/python3.8/site-packages/airflow/example_dags/example_xcomargs.py
[2025-08-14T17:57:39.068+0000] {processor.py:830} INFO - Processing file /home/airflow/.local/lib/python3.8/site-packages/airflow/example_dags/example_xcomargs.py for tasks to queue
[2025-08-14T17:57:39.070+0000] {logging_mixin.py:188} INFO - [2025-08-14T17:57:39.069+0000] {dagbag.py:540} INFO - Filling up the DagBag from /home/airflow/.local/lib/python3.8/site-packages/airflow/example_dags/example_xcomargs.py
[2025-08-14T17:57:39.074+0000] {processor.py:840} INFO - DAG(s) 'example_xcom_args_with_operators', 'example_xcom_args' retrieved from /home/airflow/.local/lib/python3.8/site-packages/airflow/example_dags/example_xcomargs.py
[2025-08-14T17:57:39.088+0000] {logging_mixin.py:188} INFO - [2025-08-14T17:57:39.088+0000] {dag.py:3047} INFO - Sync 2 DAGs
[2025-08-14T17:57:39.096+0000] {logging_mixin.py:188} INFO - [2025-08-14T17:57:39.095+0000] {dag.py:3834} INFO - Setting next_dagrun for example_xcom_args to None, run_after=None
[2025-08-14T17:57:39.098+0000] {logging_mixin.py:188} INFO - [2025-08-14T17:57:39.098+0000] {dag.py:3834} INFO - Setting next_dagrun for example_xcom_args_with_operators to None, run_after=None
[2025-08-14T17:57:39.110+0000] {processor.py:183} INFO - Processing /home/airflow/.local/lib/python3.8/site-packages/airflow/example_dags/example_xcomargs.py took 0.044 seconds
[2025-08-14T17:58:09.794+0000] {processor.py:161} INFO - Started process (PID=2432) to work on /home/airflow/.local/lib/python3.8/site-packages/airflow/example_dags/example_xcomargs.py
[2025-08-14T17:58:09.795+0000] {processor.py:830} INFO - Processing file /home/airflow/.local/lib/python3.8/site-packages/airflow/example_dags/example_xcomargs.py for tasks to queue
[2025-08-14T17:58:09.796+0000] {logging_mixin.py:188} INFO - [2025-08-14T17:58:09.796+0000] {dagbag.py:540} INFO - Filling up the DagBag from /home/airflow/.local/lib/python3.8/site-packages/airflow/example_dags/example_xcomargs.py
[2025-08-14T17:58:09.803+0000] {processor.py:840} INFO - DAG(s) 'example_xcom_args', 'example_xcom_args_with_operators' retrieved from /home/airflow/.local/lib/python3.8/site-packages/airflow/example_dags/example_xcomargs.py
[2025-08-14T17:58:09.820+0000] {logging_mixin.py:188} INFO - [2025-08-14T17:58:09.820+0000] {dag.py:3047} INFO - Sync 2 DAGs
[2025-08-14T17:58:09.827+0000] {logging_mixin.py:188} INFO - [2025-08-14T17:58:09.827+0000] {dag.py:3834} INFO - Setting next_dagrun for example_xcom_args to None, run_after=None
[2025-08-14T17:58:09.831+0000] {logging_mixin.py:188} INFO - [2025-08-14T17:58:09.831+0000] {dag.py:3834} INFO - Setting next_dagrun for example_xcom_args_with_operators to None, run_after=None
[2025-08-14T17:58:09.842+0000] {processor.py:183} INFO - Processing /home/airflow/.local/lib/python3.8/site-packages/airflow/example_dags/example_xcomargs.py took 0.049 seconds
[2025-08-14T17:58:40.589+0000] {processor.py:161} INFO - Started process (PID=2488) to work on /home/airflow/.local/lib/python3.8/site-packages/airflow/example_dags/example_xcomargs.py
[2025-08-14T17:58:40.592+0000] {processor.py:830} INFO - Processing file /home/airflow/.local/lib/python3.8/site-packages/airflow/example_dags/example_xcomargs.py for tasks to queue
[2025-08-14T17:58:40.593+0000] {logging_mixin.py:188} INFO - [2025-08-14T17:58:40.593+0000] {dagbag.py:540} INFO - Filling up the DagBag from /home/airflow/.local/lib/python3.8/site-packages/airflow/example_dags/example_xcomargs.py
[2025-08-14T17:58:40.600+0000] {processor.py:840} INFO - DAG(s) 'example_xcom_args', 'example_xcom_args_with_operators' retrieved from /home/airflow/.local/lib/python3.8/site-packages/airflow/example_dags/example_xcomargs.py
[2025-08-14T17:58:40.616+0000] {logging_mixin.py:188} INFO - [2025-08-14T17:58:40.616+0000] {dag.py:3047} INFO - Sync 2 DAGs
[2025-08-14T17:58:40.629+0000] {logging_mixin.py:188} INFO - [2025-08-14T17:58:40.629+0000] {dag.py:3834} INFO - Setting next_dagrun for example_xcom_args to None, run_after=None
[2025-08-14T17:58:40.634+0000] {logging_mixin.py:188} INFO - [2025-08-14T17:58:40.634+0000] {dag.py:3834} INFO - Setting next_dagrun for example_xcom_args_with_operators to None, run_after=None
[2025-08-14T17:58:40.646+0000] {processor.py:183} INFO - Processing /home/airflow/.local/lib/python3.8/site-packages/airflow/example_dags/example_xcomargs.py took 0.058 seconds
[2025-08-14T17:59:11.017+0000] {processor.py:161} INFO - Started process (PID=2544) to work on /home/airflow/.local/lib/python3.8/site-packages/airflow/example_dags/example_xcomargs.py
[2025-08-14T17:59:11.017+0000] {processor.py:830} INFO - Processing file /home/airflow/.local/lib/python3.8/site-packages/airflow/example_dags/example_xcomargs.py for tasks to queue
[2025-08-14T17:59:11.018+0000] {logging_mixin.py:188} INFO - [2025-08-14T17:59:11.018+0000] {dagbag.py:540} INFO - Filling up the DagBag from /home/airflow/.local/lib/python3.8/site-packages/airflow/example_dags/example_xcomargs.py
[2025-08-14T17:59:11.024+0000] {processor.py:840} INFO - DAG(s) 'example_xcom_args_with_operators', 'example_xcom_args' retrieved from /home/airflow/.local/lib/python3.8/site-packages/airflow/example_dags/example_xcomargs.py
[2025-08-14T17:59:11.042+0000] {logging_mixin.py:188} INFO - [2025-08-14T17:59:11.041+0000] {dag.py:3047} INFO - Sync 2 DAGs
[2025-08-14T17:59:11.048+0000] {logging_mixin.py:188} INFO - [2025-08-14T17:59:11.048+0000] {dag.py:3834} INFO - Setting next_dagrun for example_xcom_args to None, run_after=None
[2025-08-14T17:59:11.051+0000] {logging_mixin.py:188} INFO - [2025-08-14T17:59:11.051+0000] {dag.py:3834} INFO - Setting next_dagrun for example_xcom_args_with_operators to None, run_after=None
[2025-08-14T17:59:11.065+0000] {processor.py:183} INFO - Processing /home/airflow/.local/lib/python3.8/site-packages/airflow/example_dags/example_xcomargs.py took 0.050 seconds
[2025-08-14T17:59:41.273+0000] {processor.py:161} INFO - Started process (PID=2600) to work on /home/airflow/.local/lib/python3.8/site-packages/airflow/example_dags/example_xcomargs.py
[2025-08-14T17:59:41.274+0000] {processor.py:830} INFO - Processing file /home/airflow/.local/lib/python3.8/site-packages/airflow/example_dags/example_xcomargs.py for tasks to queue
[2025-08-14T17:59:41.275+0000] {logging_mixin.py:188} INFO - [2025-08-14T17:59:41.274+0000] {dagbag.py:540} INFO - Filling up the DagBag from /home/airflow/.local/lib/python3.8/site-packages/airflow/example_dags/example_xcomargs.py
[2025-08-14T17:59:41.279+0000] {processor.py:840} INFO - DAG(s) 'example_xcom_args_with_operators', 'example_xcom_args' retrieved from /home/airflow/.local/lib/python3.8/site-packages/airflow/example_dags/example_xcomargs.py
[2025-08-14T17:59:41.298+0000] {logging_mixin.py:188} INFO - [2025-08-14T17:59:41.295+0000] {dag.py:3047} INFO - Sync 2 DAGs
[2025-08-14T17:59:41.305+0000] {logging_mixin.py:188} INFO - [2025-08-14T17:59:41.305+0000] {dag.py:3834} INFO - Setting next_dagrun for example_xcom_args to None, run_after=None
[2025-08-14T17:59:41.307+0000] {logging_mixin.py:188} INFO - [2025-08-14T17:59:41.307+0000] {dag.py:3834} INFO - Setting next_dagrun for example_xcom_args_with_operators to None, run_after=None
[2025-08-14T17:59:41.316+0000] {processor.py:183} INFO - Processing /home/airflow/.local/lib/python3.8/site-packages/airflow/example_dags/example_xcomargs.py took 0.045 seconds
[2025-08-14T18:00:11.774+0000] {processor.py:161} INFO - Started process (PID=2655) to work on /home/airflow/.local/lib/python3.8/site-packages/airflow/example_dags/example_xcomargs.py
[2025-08-14T18:00:11.776+0000] {processor.py:830} INFO - Processing file /home/airflow/.local/lib/python3.8/site-packages/airflow/example_dags/example_xcomargs.py for tasks to queue
[2025-08-14T18:00:11.779+0000] {logging_mixin.py:188} INFO - [2025-08-14T18:00:11.779+0000] {dagbag.py:540} INFO - Filling up the DagBag from /home/airflow/.local/lib/python3.8/site-packages/airflow/example_dags/example_xcomargs.py
[2025-08-14T18:00:11.784+0000] {processor.py:840} INFO - DAG(s) 'example_xcom_args', 'example_xcom_args_with_operators' retrieved from /home/airflow/.local/lib/python3.8/site-packages/airflow/example_dags/example_xcomargs.py
[2025-08-14T18:00:11.801+0000] {logging_mixin.py:188} INFO - [2025-08-14T18:00:11.801+0000] {dag.py:3047} INFO - Sync 2 DAGs
[2025-08-14T18:00:11.808+0000] {logging_mixin.py:188} INFO - [2025-08-14T18:00:11.808+0000] {dag.py:3834} INFO - Setting next_dagrun for example_xcom_args to None, run_after=None
[2025-08-14T18:00:11.810+0000] {logging_mixin.py:188} INFO - [2025-08-14T18:00:11.810+0000] {dag.py:3834} INFO - Setting next_dagrun for example_xcom_args_with_operators to None, run_after=None
[2025-08-14T18:00:11.823+0000] {processor.py:183} INFO - Processing /home/airflow/.local/lib/python3.8/site-packages/airflow/example_dags/example_xcomargs.py took 0.051 seconds
[2025-08-14T18:00:41.933+0000] {processor.py:161} INFO - Started process (PID=2711) to work on /home/airflow/.local/lib/python3.8/site-packages/airflow/example_dags/example_xcomargs.py
[2025-08-14T18:00:41.935+0000] {processor.py:830} INFO - Processing file /home/airflow/.local/lib/python3.8/site-packages/airflow/example_dags/example_xcomargs.py for tasks to queue
[2025-08-14T18:00:41.936+0000] {logging_mixin.py:188} INFO - [2025-08-14T18:00:41.936+0000] {dagbag.py:540} INFO - Filling up the DagBag from /home/airflow/.local/lib/python3.8/site-packages/airflow/example_dags/example_xcomargs.py
[2025-08-14T18:00:41.944+0000] {processor.py:840} INFO - DAG(s) 'example_xcom_args', 'example_xcom_args_with_operators' retrieved from /home/airflow/.local/lib/python3.8/site-packages/airflow/example_dags/example_xcomargs.py
[2025-08-14T18:00:41.958+0000] {logging_mixin.py:188} INFO - [2025-08-14T18:00:41.958+0000] {dag.py:3047} INFO - Sync 2 DAGs
[2025-08-14T18:00:41.965+0000] {logging_mixin.py:188} INFO - [2025-08-14T18:00:41.964+0000] {dag.py:3834} INFO - Setting next_dagrun for example_xcom_args to None, run_after=None
[2025-08-14T18:00:41.969+0000] {logging_mixin.py:188} INFO - [2025-08-14T18:00:41.969+0000] {dag.py:3834} INFO - Setting next_dagrun for example_xcom_args_with_operators to None, run_after=None
[2025-08-14T18:00:41.984+0000] {processor.py:183} INFO - Processing /home/airflow/.local/lib/python3.8/site-packages/airflow/example_dags/example_xcomargs.py took 0.053 seconds
[2025-08-14T18:01:12.266+0000] {processor.py:161} INFO - Started process (PID=2767) to work on /home/airflow/.local/lib/python3.8/site-packages/airflow/example_dags/example_xcomargs.py
[2025-08-14T18:01:12.267+0000] {processor.py:830} INFO - Processing file /home/airflow/.local/lib/python3.8/site-packages/airflow/example_dags/example_xcomargs.py for tasks to queue
[2025-08-14T18:01:12.269+0000] {logging_mixin.py:188} INFO - [2025-08-14T18:01:12.269+0000] {dagbag.py:540} INFO - Filling up the DagBag from /home/airflow/.local/lib/python3.8/site-packages/airflow/example_dags/example_xcomargs.py
[2025-08-14T18:01:12.274+0000] {processor.py:840} INFO - DAG(s) 'example_xcom_args', 'example_xcom_args_with_operators' retrieved from /home/airflow/.local/lib/python3.8/site-packages/airflow/example_dags/example_xcomargs.py
[2025-08-14T18:01:12.316+0000] {logging_mixin.py:188} INFO - [2025-08-14T18:01:12.316+0000] {dag.py:3047} INFO - Sync 2 DAGs
[2025-08-14T18:01:12.325+0000] {logging_mixin.py:188} INFO - [2025-08-14T18:01:12.325+0000] {dag.py:3834} INFO - Setting next_dagrun for example_xcom_args to None, run_after=None
[2025-08-14T18:01:12.328+0000] {logging_mixin.py:188} INFO - [2025-08-14T18:01:12.328+0000] {dag.py:3834} INFO - Setting next_dagrun for example_xcom_args_with_operators to None, run_after=None
[2025-08-14T18:01:12.339+0000] {processor.py:183} INFO - Processing /home/airflow/.local/lib/python3.8/site-packages/airflow/example_dags/example_xcomargs.py took 0.076 seconds
[2025-08-14T18:01:42.890+0000] {processor.py:161} INFO - Started process (PID=2823) to work on /home/airflow/.local/lib/python3.8/site-packages/airflow/example_dags/example_xcomargs.py
[2025-08-14T18:01:42.890+0000] {processor.py:830} INFO - Processing file /home/airflow/.local/lib/python3.8/site-packages/airflow/example_dags/example_xcomargs.py for tasks to queue
[2025-08-14T18:01:42.891+0000] {logging_mixin.py:188} INFO - [2025-08-14T18:01:42.891+0000] {dagbag.py:540} INFO - Filling up the DagBag from /home/airflow/.local/lib/python3.8/site-packages/airflow/example_dags/example_xcomargs.py
[2025-08-14T18:01:42.896+0000] {processor.py:840} INFO - DAG(s) 'example_xcom_args_with_operators', 'example_xcom_args' retrieved from /home/airflow/.local/lib/python3.8/site-packages/airflow/example_dags/example_xcomargs.py
[2025-08-14T18:01:42.913+0000] {logging_mixin.py:188} INFO - [2025-08-14T18:01:42.913+0000] {dag.py:3047} INFO - Sync 2 DAGs
[2025-08-14T18:01:42.920+0000] {logging_mixin.py:188} INFO - [2025-08-14T18:01:42.920+0000] {dag.py:3834} INFO - Setting next_dagrun for example_xcom_args to None, run_after=None
[2025-08-14T18:01:42.923+0000] {logging_mixin.py:188} INFO - [2025-08-14T18:01:42.923+0000] {dag.py:3834} INFO - Setting next_dagrun for example_xcom_args_with_operators to None, run_after=None
[2025-08-14T18:01:42.938+0000] {processor.py:183} INFO - Processing /home/airflow/.local/lib/python3.8/site-packages/airflow/example_dags/example_xcomargs.py took 0.050 seconds
[2025-08-14T18:02:13.542+0000] {processor.py:161} INFO - Started process (PID=2879) to work on /home/airflow/.local/lib/python3.8/site-packages/airflow/example_dags/example_xcomargs.py
[2025-08-14T18:02:13.543+0000] {processor.py:830} INFO - Processing file /home/airflow/.local/lib/python3.8/site-packages/airflow/example_dags/example_xcomargs.py for tasks to queue
[2025-08-14T18:02:13.545+0000] {logging_mixin.py:188} INFO - [2025-08-14T18:02:13.545+0000] {dagbag.py:540} INFO - Filling up the DagBag from /home/airflow/.local/lib/python3.8/site-packages/airflow/example_dags/example_xcomargs.py
[2025-08-14T18:02:13.554+0000] {processor.py:840} INFO - DAG(s) 'example_xcom_args', 'example_xcom_args_with_operators' retrieved from /home/airflow/.local/lib/python3.8/site-packages/airflow/example_dags/example_xcomargs.py
[2025-08-14T18:02:13.575+0000] {logging_mixin.py:188} INFO - [2025-08-14T18:02:13.575+0000] {dag.py:3047} INFO - Sync 2 DAGs
[2025-08-14T18:02:13.583+0000] {logging_mixin.py:188} INFO - [2025-08-14T18:02:13.582+0000] {dag.py:3834} INFO - Setting next_dagrun for example_xcom_args to None, run_after=None
[2025-08-14T18:02:13.585+0000] {logging_mixin.py:188} INFO - [2025-08-14T18:02:13.585+0000] {dag.py:3834} INFO - Setting next_dagrun for example_xcom_args_with_operators to None, run_after=None
[2025-08-14T18:02:13.601+0000] {processor.py:183} INFO - Processing /home/airflow/.local/lib/python3.8/site-packages/airflow/example_dags/example_xcomargs.py took 0.061 seconds
[2025-08-14T18:02:44.150+0000] {processor.py:161} INFO - Started process (PID=2935) to work on /home/airflow/.local/lib/python3.8/site-packages/airflow/example_dags/example_xcomargs.py
[2025-08-14T18:02:44.152+0000] {processor.py:830} INFO - Processing file /home/airflow/.local/lib/python3.8/site-packages/airflow/example_dags/example_xcomargs.py for tasks to queue
[2025-08-14T18:02:44.153+0000] {logging_mixin.py:188} INFO - [2025-08-14T18:02:44.152+0000] {dagbag.py:540} INFO - Filling up the DagBag from /home/airflow/.local/lib/python3.8/site-packages/airflow/example_dags/example_xcomargs.py
[2025-08-14T18:02:44.158+0000] {processor.py:840} INFO - DAG(s) 'example_xcom_args_with_operators', 'example_xcom_args' retrieved from /home/airflow/.local/lib/python3.8/site-packages/airflow/example_dags/example_xcomargs.py
[2025-08-14T18:02:44.172+0000] {logging_mixin.py:188} INFO - [2025-08-14T18:02:44.172+0000] {dag.py:3047} INFO - Sync 2 DAGs
[2025-08-14T18:02:44.179+0000] {logging_mixin.py:188} INFO - [2025-08-14T18:02:44.179+0000] {dag.py:3834} INFO - Setting next_dagrun for example_xcom_args to None, run_after=None
[2025-08-14T18:02:44.182+0000] {logging_mixin.py:188} INFO - [2025-08-14T18:02:44.182+0000] {dag.py:3834} INFO - Setting next_dagrun for example_xcom_args_with_operators to None, run_after=None
[2025-08-14T18:02:44.197+0000] {processor.py:183} INFO - Processing /home/airflow/.local/lib/python3.8/site-packages/airflow/example_dags/example_xcomargs.py took 0.050 seconds
[2025-08-14T18:03:14.279+0000] {processor.py:161} INFO - Started process (PID=2991) to work on /home/airflow/.local/lib/python3.8/site-packages/airflow/example_dags/example_xcomargs.py
[2025-08-14T18:03:14.280+0000] {processor.py:830} INFO - Processing file /home/airflow/.local/lib/python3.8/site-packages/airflow/example_dags/example_xcomargs.py for tasks to queue
[2025-08-14T18:03:14.281+0000] {logging_mixin.py:188} INFO - [2025-08-14T18:03:14.281+0000] {dagbag.py:540} INFO - Filling up the DagBag from /home/airflow/.local/lib/python3.8/site-packages/airflow/example_dags/example_xcomargs.py
[2025-08-14T18:03:14.286+0000] {processor.py:840} INFO - DAG(s) 'example_xcom_args_with_operators', 'example_xcom_args' retrieved from /home/airflow/.local/lib/python3.8/site-packages/airflow/example_dags/example_xcomargs.py
[2025-08-14T18:03:14.304+0000] {logging_mixin.py:188} INFO - [2025-08-14T18:03:14.304+0000] {dag.py:3047} INFO - Sync 2 DAGs
[2025-08-14T18:03:14.311+0000] {logging_mixin.py:188} INFO - [2025-08-14T18:03:14.311+0000] {dag.py:3834} INFO - Setting next_dagrun for example_xcom_args to None, run_after=None
[2025-08-14T18:03:14.313+0000] {logging_mixin.py:188} INFO - [2025-08-14T18:03:14.313+0000] {dag.py:3834} INFO - Setting next_dagrun for example_xcom_args_with_operators to None, run_after=None
[2025-08-14T18:03:14.329+0000] {processor.py:183} INFO - Processing /home/airflow/.local/lib/python3.8/site-packages/airflow/example_dags/example_xcomargs.py took 0.053 seconds
[2025-08-14T18:03:44.496+0000] {processor.py:161} INFO - Started process (PID=3047) to work on /home/airflow/.local/lib/python3.8/site-packages/airflow/example_dags/example_xcomargs.py
[2025-08-14T18:03:44.497+0000] {processor.py:830} INFO - Processing file /home/airflow/.local/lib/python3.8/site-packages/airflow/example_dags/example_xcomargs.py for tasks to queue
[2025-08-14T18:03:44.500+0000] {logging_mixin.py:188} INFO - [2025-08-14T18:03:44.499+0000] {dagbag.py:540} INFO - Filling up the DagBag from /home/airflow/.local/lib/python3.8/site-packages/airflow/example_dags/example_xcomargs.py
[2025-08-14T18:03:44.508+0000] {processor.py:840} INFO - DAG(s) 'example_xcom_args', 'example_xcom_args_with_operators' retrieved from /home/airflow/.local/lib/python3.8/site-packages/airflow/example_dags/example_xcomargs.py
[2025-08-14T18:03:44.525+0000] {logging_mixin.py:188} INFO - [2025-08-14T18:03:44.524+0000] {dag.py:3047} INFO - Sync 2 DAGs
[2025-08-14T18:03:44.533+0000] {logging_mixin.py:188} INFO - [2025-08-14T18:03:44.533+0000] {dag.py:3834} INFO - Setting next_dagrun for example_xcom_args to None, run_after=None
[2025-08-14T18:03:44.536+0000] {logging_mixin.py:188} INFO - [2025-08-14T18:03:44.536+0000] {dag.py:3834} INFO - Setting next_dagrun for example_xcom_args_with_operators to None, run_after=None
[2025-08-14T18:03:44.550+0000] {processor.py:183} INFO - Processing /home/airflow/.local/lib/python3.8/site-packages/airflow/example_dags/example_xcomargs.py took 0.058 seconds
[2025-08-14T18:04:15.167+0000] {processor.py:161} INFO - Started process (PID=3103) to work on /home/airflow/.local/lib/python3.8/site-packages/airflow/example_dags/example_xcomargs.py
[2025-08-14T18:04:15.168+0000] {processor.py:830} INFO - Processing file /home/airflow/.local/lib/python3.8/site-packages/airflow/example_dags/example_xcomargs.py for tasks to queue
[2025-08-14T18:04:15.169+0000] {logging_mixin.py:188} INFO - [2025-08-14T18:04:15.169+0000] {dagbag.py:540} INFO - Filling up the DagBag from /home/airflow/.local/lib/python3.8/site-packages/airflow/example_dags/example_xcomargs.py
[2025-08-14T18:04:15.174+0000] {processor.py:840} INFO - DAG(s) 'example_xcom_args', 'example_xcom_args_with_operators' retrieved from /home/airflow/.local/lib/python3.8/site-packages/airflow/example_dags/example_xcomargs.py
[2025-08-14T18:04:15.193+0000] {logging_mixin.py:188} INFO - [2025-08-14T18:04:15.193+0000] {dag.py:3047} INFO - Sync 2 DAGs
[2025-08-14T18:04:15.201+0000] {logging_mixin.py:188} INFO - [2025-08-14T18:04:15.201+0000] {dag.py:3834} INFO - Setting next_dagrun for example_xcom_args to None, run_after=None
[2025-08-14T18:04:15.208+0000] {logging_mixin.py:188} INFO - [2025-08-14T18:04:15.207+0000] {dag.py:3834} INFO - Setting next_dagrun for example_xcom_args_with_operators to None, run_after=None
[2025-08-14T18:04:15.232+0000] {processor.py:183} INFO - Processing /home/airflow/.local/lib/python3.8/site-packages/airflow/example_dags/example_xcomargs.py took 0.067 seconds
[2025-08-14T18:04:46.612+0000] {processor.py:161} INFO - Started process (PID=3157) to work on /home/airflow/.local/lib/python3.8/site-packages/airflow/example_dags/example_xcomargs.py
[2025-08-14T18:04:46.614+0000] {processor.py:830} INFO - Processing file /home/airflow/.local/lib/python3.8/site-packages/airflow/example_dags/example_xcomargs.py for tasks to queue
[2025-08-14T18:04:46.615+0000] {logging_mixin.py:188} INFO - [2025-08-14T18:04:46.615+0000] {dagbag.py:540} INFO - Filling up the DagBag from /home/airflow/.local/lib/python3.8/site-packages/airflow/example_dags/example_xcomargs.py
[2025-08-14T18:04:46.621+0000] {processor.py:840} INFO - DAG(s) 'example_xcom_args_with_operators', 'example_xcom_args' retrieved from /home/airflow/.local/lib/python3.8/site-packages/airflow/example_dags/example_xcomargs.py
[2025-08-14T18:04:46.641+0000] {logging_mixin.py:188} INFO - [2025-08-14T18:04:46.641+0000] {dag.py:3047} INFO - Sync 2 DAGs
[2025-08-14T18:04:46.647+0000] {logging_mixin.py:188} INFO - [2025-08-14T18:04:46.647+0000] {dag.py:3834} INFO - Setting next_dagrun for example_xcom_args to None, run_after=None
[2025-08-14T18:04:46.649+0000] {logging_mixin.py:188} INFO - [2025-08-14T18:04:46.649+0000] {dag.py:3834} INFO - Setting next_dagrun for example_xcom_args_with_operators to None, run_after=None
[2025-08-14T18:04:46.662+0000] {processor.py:183} INFO - Processing /home/airflow/.local/lib/python3.8/site-packages/airflow/example_dags/example_xcomargs.py took 0.052 seconds
[2025-08-14T18:05:17.443+0000] {processor.py:161} INFO - Started process (PID=3213) to work on /home/airflow/.local/lib/python3.8/site-packages/airflow/example_dags/example_xcomargs.py
[2025-08-14T18:05:17.444+0000] {processor.py:830} INFO - Processing file /home/airflow/.local/lib/python3.8/site-packages/airflow/example_dags/example_xcomargs.py for tasks to queue
[2025-08-14T18:05:17.446+0000] {logging_mixin.py:188} INFO - [2025-08-14T18:05:17.445+0000] {dagbag.py:540} INFO - Filling up the DagBag from /home/airflow/.local/lib/python3.8/site-packages/airflow/example_dags/example_xcomargs.py
[2025-08-14T18:05:17.450+0000] {processor.py:840} INFO - DAG(s) 'example_xcom_args_with_operators', 'example_xcom_args' retrieved from /home/airflow/.local/lib/python3.8/site-packages/airflow/example_dags/example_xcomargs.py
[2025-08-14T18:05:17.470+0000] {logging_mixin.py:188} INFO - [2025-08-14T18:05:17.469+0000] {dag.py:3047} INFO - Sync 2 DAGs
[2025-08-14T18:05:17.476+0000] {logging_mixin.py:188} INFO - [2025-08-14T18:05:17.476+0000] {dag.py:3834} INFO - Setting next_dagrun for example_xcom_args to None, run_after=None
[2025-08-14T18:05:17.481+0000] {logging_mixin.py:188} INFO - [2025-08-14T18:05:17.481+0000] {dag.py:3834} INFO - Setting next_dagrun for example_xcom_args_with_operators to None, run_after=None
[2025-08-14T18:05:17.492+0000] {processor.py:183} INFO - Processing /home/airflow/.local/lib/python3.8/site-packages/airflow/example_dags/example_xcomargs.py took 0.051 seconds
[2025-08-14T18:05:48.649+0000] {processor.py:161} INFO - Started process (PID=3269) to work on /home/airflow/.local/lib/python3.8/site-packages/airflow/example_dags/example_xcomargs.py
[2025-08-14T18:05:48.651+0000] {processor.py:830} INFO - Processing file /home/airflow/.local/lib/python3.8/site-packages/airflow/example_dags/example_xcomargs.py for tasks to queue
[2025-08-14T18:05:48.653+0000] {logging_mixin.py:188} INFO - [2025-08-14T18:05:48.653+0000] {dagbag.py:540} INFO - Filling up the DagBag from /home/airflow/.local/lib/python3.8/site-packages/airflow/example_dags/example_xcomargs.py
[2025-08-14T18:05:48.660+0000] {processor.py:840} INFO - DAG(s) 'example_xcom_args', 'example_xcom_args_with_operators' retrieved from /home/airflow/.local/lib/python3.8/site-packages/airflow/example_dags/example_xcomargs.py
[2025-08-14T18:05:48.676+0000] {logging_mixin.py:188} INFO - [2025-08-14T18:05:48.676+0000] {dag.py:3047} INFO - Sync 2 DAGs
[2025-08-14T18:05:48.683+0000] {logging_mixin.py:188} INFO - [2025-08-14T18:05:48.683+0000] {dag.py:3834} INFO - Setting next_dagrun for example_xcom_args to None, run_after=None
[2025-08-14T18:05:48.686+0000] {logging_mixin.py:188} INFO - [2025-08-14T18:05:48.685+0000] {dag.py:3834} INFO - Setting next_dagrun for example_xcom_args_with_operators to None, run_after=None
[2025-08-14T18:05:48.703+0000] {processor.py:183} INFO - Processing /home/airflow/.local/lib/python3.8/site-packages/airflow/example_dags/example_xcomargs.py took 0.057 seconds
