[2025-08-14T17:36:45.682+0000] {processor.py:161} INFO - Started process (PID=72) to work on /home/airflow/.local/lib/python3.8/site-packages/airflow/example_dags/example_nested_branch_dag.py
[2025-08-14T17:36:45.684+0000] {processor.py:830} INFO - Processing file /home/airflow/.local/lib/python3.8/site-packages/airflow/example_dags/example_nested_branch_dag.py for tasks to queue
[2025-08-14T17:36:45.687+0000] {logging_mixin.py:188} INFO - [2025-08-14T17:36:45.687+0000] {dagbag.py:540} INFO - Filling up the DagBag from /home/airflow/.local/lib/python3.8/site-packages/airflow/example_dags/example_nested_branch_dag.py
[2025-08-14T17:36:45.721+0000] {processor.py:840} INFO - DAG(s) 'example_nested_branch_dag' retrieved from /home/airflow/.local/lib/python3.8/site-packages/airflow/example_dags/example_nested_branch_dag.py
[2025-08-14T17:36:45.760+0000] {logging_mixin.py:188} INFO - [2025-08-14T17:36:45.760+0000] {dag.py:3047} INFO - Sync 1 DAGs
[2025-08-14T17:36:45.807+0000] {logging_mixin.py:188} INFO - [2025-08-14T17:36:45.806+0000] {dag.py:3834} INFO - Setting next_dagrun for example_nested_branch_dag to 2025-08-13 00:00:00+00:00, run_after=2025-08-14 00:00:00+00:00
[2025-08-14T17:36:45.865+0000] {processor.py:183} INFO - Processing /home/airflow/.local/lib/python3.8/site-packages/airflow/example_dags/example_nested_branch_dag.py took 0.203 seconds
[2025-08-14T17:37:16.167+0000] {processor.py:161} INFO - Started process (PID=128) to work on /home/airflow/.local/lib/python3.8/site-packages/airflow/example_dags/example_nested_branch_dag.py
[2025-08-14T17:37:16.170+0000] {processor.py:830} INFO - Processing file /home/airflow/.local/lib/python3.8/site-packages/airflow/example_dags/example_nested_branch_dag.py for tasks to queue
[2025-08-14T17:37:16.171+0000] {logging_mixin.py:188} INFO - [2025-08-14T17:37:16.171+0000] {dagbag.py:540} INFO - Filling up the DagBag from /home/airflow/.local/lib/python3.8/site-packages/airflow/example_dags/example_nested_branch_dag.py
[2025-08-14T17:37:16.179+0000] {processor.py:840} INFO - DAG(s) 'example_nested_branch_dag' retrieved from /home/airflow/.local/lib/python3.8/site-packages/airflow/example_dags/example_nested_branch_dag.py
[2025-08-14T17:37:16.230+0000] {logging_mixin.py:188} INFO - [2025-08-14T17:37:16.230+0000] {dag.py:3047} INFO - Sync 1 DAGs
[2025-08-14T17:37:16.242+0000] {logging_mixin.py:188} INFO - [2025-08-14T17:37:16.242+0000] {dag.py:3834} INFO - Setting next_dagrun for example_nested_branch_dag to 2025-08-13 00:00:00+00:00, run_after=2025-08-14 00:00:00+00:00
[2025-08-14T17:37:16.257+0000] {processor.py:183} INFO - Processing /home/airflow/.local/lib/python3.8/site-packages/airflow/example_dags/example_nested_branch_dag.py took 0.092 seconds
[2025-08-14T17:37:46.929+0000] {processor.py:161} INFO - Started process (PID=184) to work on /home/airflow/.local/lib/python3.8/site-packages/airflow/example_dags/example_nested_branch_dag.py
[2025-08-14T17:37:46.931+0000] {processor.py:830} INFO - Processing file /home/airflow/.local/lib/python3.8/site-packages/airflow/example_dags/example_nested_branch_dag.py for tasks to queue
[2025-08-14T17:37:46.933+0000] {logging_mixin.py:188} INFO - [2025-08-14T17:37:46.933+0000] {dagbag.py:540} INFO - Filling up the DagBag from /home/airflow/.local/lib/python3.8/site-packages/airflow/example_dags/example_nested_branch_dag.py
[2025-08-14T17:37:46.940+0000] {processor.py:840} INFO - DAG(s) 'example_nested_branch_dag' retrieved from /home/airflow/.local/lib/python3.8/site-packages/airflow/example_dags/example_nested_branch_dag.py
[2025-08-14T17:37:46.961+0000] {logging_mixin.py:188} INFO - [2025-08-14T17:37:46.961+0000] {dag.py:3047} INFO - Sync 1 DAGs
[2025-08-14T17:37:46.979+0000] {logging_mixin.py:188} INFO - [2025-08-14T17:37:46.978+0000] {dag.py:3834} INFO - Setting next_dagrun for example_nested_branch_dag to 2025-08-13 00:00:00+00:00, run_after=2025-08-14 00:00:00+00:00
[2025-08-14T17:37:47.006+0000] {processor.py:183} INFO - Processing /home/airflow/.local/lib/python3.8/site-packages/airflow/example_dags/example_nested_branch_dag.py took 0.080 seconds
[2025-08-14T17:38:17.879+0000] {processor.py:161} INFO - Started process (PID=240) to work on /home/airflow/.local/lib/python3.8/site-packages/airflow/example_dags/example_nested_branch_dag.py
[2025-08-14T17:38:17.879+0000] {processor.py:830} INFO - Processing file /home/airflow/.local/lib/python3.8/site-packages/airflow/example_dags/example_nested_branch_dag.py for tasks to queue
[2025-08-14T17:38:17.880+0000] {logging_mixin.py:188} INFO - [2025-08-14T17:38:17.880+0000] {dagbag.py:540} INFO - Filling up the DagBag from /home/airflow/.local/lib/python3.8/site-packages/airflow/example_dags/example_nested_branch_dag.py
[2025-08-14T17:38:17.886+0000] {processor.py:840} INFO - DAG(s) 'example_nested_branch_dag' retrieved from /home/airflow/.local/lib/python3.8/site-packages/airflow/example_dags/example_nested_branch_dag.py
[2025-08-14T17:38:17.897+0000] {logging_mixin.py:188} INFO - [2025-08-14T17:38:17.897+0000] {dag.py:3047} INFO - Sync 1 DAGs
[2025-08-14T17:38:17.912+0000] {logging_mixin.py:188} INFO - [2025-08-14T17:38:17.912+0000] {dag.py:3834} INFO - Setting next_dagrun for example_nested_branch_dag to 2025-08-13 00:00:00+00:00, run_after=2025-08-14 00:00:00+00:00
[2025-08-14T17:38:17.924+0000] {processor.py:183} INFO - Processing /home/airflow/.local/lib/python3.8/site-packages/airflow/example_dags/example_nested_branch_dag.py took 0.048 seconds
[2025-08-14T17:38:48.522+0000] {processor.py:161} INFO - Started process (PID=297) to work on /home/airflow/.local/lib/python3.8/site-packages/airflow/example_dags/example_nested_branch_dag.py
[2025-08-14T17:38:48.526+0000] {processor.py:830} INFO - Processing file /home/airflow/.local/lib/python3.8/site-packages/airflow/example_dags/example_nested_branch_dag.py for tasks to queue
[2025-08-14T17:38:48.527+0000] {logging_mixin.py:188} INFO - [2025-08-14T17:38:48.526+0000] {dagbag.py:540} INFO - Filling up the DagBag from /home/airflow/.local/lib/python3.8/site-packages/airflow/example_dags/example_nested_branch_dag.py
[2025-08-14T17:38:48.533+0000] {processor.py:840} INFO - DAG(s) 'example_nested_branch_dag' retrieved from /home/airflow/.local/lib/python3.8/site-packages/airflow/example_dags/example_nested_branch_dag.py
[2025-08-14T17:38:48.550+0000] {logging_mixin.py:188} INFO - [2025-08-14T17:38:48.550+0000] {dag.py:3047} INFO - Sync 1 DAGs
[2025-08-14T17:38:48.562+0000] {logging_mixin.py:188} INFO - [2025-08-14T17:38:48.562+0000] {dag.py:3834} INFO - Setting next_dagrun for example_nested_branch_dag to 2025-08-13 00:00:00+00:00, run_after=2025-08-14 00:00:00+00:00
[2025-08-14T17:38:48.574+0000] {processor.py:183} INFO - Processing /home/airflow/.local/lib/python3.8/site-packages/airflow/example_dags/example_nested_branch_dag.py took 0.054 seconds
[2025-08-14T17:39:18.750+0000] {processor.py:161} INFO - Started process (PID=353) to work on /home/airflow/.local/lib/python3.8/site-packages/airflow/example_dags/example_nested_branch_dag.py
[2025-08-14T17:39:18.753+0000] {processor.py:830} INFO - Processing file /home/airflow/.local/lib/python3.8/site-packages/airflow/example_dags/example_nested_branch_dag.py for tasks to queue
[2025-08-14T17:39:18.754+0000] {logging_mixin.py:188} INFO - [2025-08-14T17:39:18.753+0000] {dagbag.py:540} INFO - Filling up the DagBag from /home/airflow/.local/lib/python3.8/site-packages/airflow/example_dags/example_nested_branch_dag.py
[2025-08-14T17:39:18.762+0000] {processor.py:840} INFO - DAG(s) 'example_nested_branch_dag' retrieved from /home/airflow/.local/lib/python3.8/site-packages/airflow/example_dags/example_nested_branch_dag.py
[2025-08-14T17:39:18.785+0000] {logging_mixin.py:188} INFO - [2025-08-14T17:39:18.784+0000] {dag.py:3047} INFO - Sync 1 DAGs
[2025-08-14T17:39:18.801+0000] {logging_mixin.py:188} INFO - [2025-08-14T17:39:18.801+0000] {dag.py:3834} INFO - Setting next_dagrun for example_nested_branch_dag to 2025-08-13 00:00:00+00:00, run_after=2025-08-14 00:00:00+00:00
[2025-08-14T17:39:18.812+0000] {processor.py:183} INFO - Processing /home/airflow/.local/lib/python3.8/site-packages/airflow/example_dags/example_nested_branch_dag.py took 0.063 seconds
[2025-08-14T17:39:49.605+0000] {processor.py:161} INFO - Started process (PID=409) to work on /home/airflow/.local/lib/python3.8/site-packages/airflow/example_dags/example_nested_branch_dag.py
[2025-08-14T17:39:49.607+0000] {processor.py:830} INFO - Processing file /home/airflow/.local/lib/python3.8/site-packages/airflow/example_dags/example_nested_branch_dag.py for tasks to queue
[2025-08-14T17:39:49.608+0000] {logging_mixin.py:188} INFO - [2025-08-14T17:39:49.607+0000] {dagbag.py:540} INFO - Filling up the DagBag from /home/airflow/.local/lib/python3.8/site-packages/airflow/example_dags/example_nested_branch_dag.py
[2025-08-14T17:39:49.613+0000] {processor.py:840} INFO - DAG(s) 'example_nested_branch_dag' retrieved from /home/airflow/.local/lib/python3.8/site-packages/airflow/example_dags/example_nested_branch_dag.py
[2025-08-14T17:39:49.639+0000] {logging_mixin.py:188} INFO - [2025-08-14T17:39:49.639+0000] {dag.py:3047} INFO - Sync 1 DAGs
[2025-08-14T17:39:49.681+0000] {logging_mixin.py:188} INFO - [2025-08-14T17:39:49.680+0000] {dag.py:3834} INFO - Setting next_dagrun for example_nested_branch_dag to 2025-08-13 00:00:00+00:00, run_after=2025-08-14 00:00:00+00:00
[2025-08-14T17:39:49.721+0000] {processor.py:183} INFO - Processing /home/airflow/.local/lib/python3.8/site-packages/airflow/example_dags/example_nested_branch_dag.py took 0.118 seconds
[2025-08-14T17:40:20.247+0000] {processor.py:161} INFO - Started process (PID=465) to work on /home/airflow/.local/lib/python3.8/site-packages/airflow/example_dags/example_nested_branch_dag.py
[2025-08-14T17:40:20.248+0000] {processor.py:830} INFO - Processing file /home/airflow/.local/lib/python3.8/site-packages/airflow/example_dags/example_nested_branch_dag.py for tasks to queue
[2025-08-14T17:40:20.250+0000] {logging_mixin.py:188} INFO - [2025-08-14T17:40:20.250+0000] {dagbag.py:540} INFO - Filling up the DagBag from /home/airflow/.local/lib/python3.8/site-packages/airflow/example_dags/example_nested_branch_dag.py
[2025-08-14T17:40:20.256+0000] {processor.py:840} INFO - DAG(s) 'example_nested_branch_dag' retrieved from /home/airflow/.local/lib/python3.8/site-packages/airflow/example_dags/example_nested_branch_dag.py
[2025-08-14T17:40:20.268+0000] {logging_mixin.py:188} INFO - [2025-08-14T17:40:20.268+0000] {dag.py:3047} INFO - Sync 1 DAGs
[2025-08-14T17:40:20.289+0000] {logging_mixin.py:188} INFO - [2025-08-14T17:40:20.288+0000] {dag.py:3834} INFO - Setting next_dagrun for example_nested_branch_dag to 2025-08-13 00:00:00+00:00, run_after=2025-08-14 00:00:00+00:00
[2025-08-14T17:40:20.298+0000] {processor.py:183} INFO - Processing /home/airflow/.local/lib/python3.8/site-packages/airflow/example_dags/example_nested_branch_dag.py took 0.052 seconds
[2025-08-14T17:40:50.951+0000] {processor.py:161} INFO - Started process (PID=521) to work on /home/airflow/.local/lib/python3.8/site-packages/airflow/example_dags/example_nested_branch_dag.py
[2025-08-14T17:40:50.952+0000] {processor.py:830} INFO - Processing file /home/airflow/.local/lib/python3.8/site-packages/airflow/example_dags/example_nested_branch_dag.py for tasks to queue
[2025-08-14T17:40:50.953+0000] {logging_mixin.py:188} INFO - [2025-08-14T17:40:50.953+0000] {dagbag.py:540} INFO - Filling up the DagBag from /home/airflow/.local/lib/python3.8/site-packages/airflow/example_dags/example_nested_branch_dag.py
[2025-08-14T17:40:50.959+0000] {processor.py:840} INFO - DAG(s) 'example_nested_branch_dag' retrieved from /home/airflow/.local/lib/python3.8/site-packages/airflow/example_dags/example_nested_branch_dag.py
[2025-08-14T17:40:50.975+0000] {logging_mixin.py:188} INFO - [2025-08-14T17:40:50.975+0000] {dag.py:3047} INFO - Sync 1 DAGs
[2025-08-14T17:40:50.995+0000] {logging_mixin.py:188} INFO - [2025-08-14T17:40:50.995+0000] {dag.py:3834} INFO - Setting next_dagrun for example_nested_branch_dag to 2025-08-13 00:00:00+00:00, run_after=2025-08-14 00:00:00+00:00
[2025-08-14T17:40:51.009+0000] {processor.py:183} INFO - Processing /home/airflow/.local/lib/python3.8/site-packages/airflow/example_dags/example_nested_branch_dag.py took 0.060 seconds
[2025-08-14T17:41:21.341+0000] {processor.py:161} INFO - Started process (PID=577) to work on /home/airflow/.local/lib/python3.8/site-packages/airflow/example_dags/example_nested_branch_dag.py
[2025-08-14T17:41:21.342+0000] {processor.py:830} INFO - Processing file /home/airflow/.local/lib/python3.8/site-packages/airflow/example_dags/example_nested_branch_dag.py for tasks to queue
[2025-08-14T17:41:21.343+0000] {logging_mixin.py:188} INFO - [2025-08-14T17:41:21.343+0000] {dagbag.py:540} INFO - Filling up the DagBag from /home/airflow/.local/lib/python3.8/site-packages/airflow/example_dags/example_nested_branch_dag.py
[2025-08-14T17:41:21.349+0000] {processor.py:840} INFO - DAG(s) 'example_nested_branch_dag' retrieved from /home/airflow/.local/lib/python3.8/site-packages/airflow/example_dags/example_nested_branch_dag.py
[2025-08-14T17:41:21.367+0000] {logging_mixin.py:188} INFO - [2025-08-14T17:41:21.367+0000] {dag.py:3047} INFO - Sync 1 DAGs
[2025-08-14T17:41:21.379+0000] {logging_mixin.py:188} INFO - [2025-08-14T17:41:21.379+0000] {dag.py:3834} INFO - Setting next_dagrun for example_nested_branch_dag to 2025-08-13 00:00:00+00:00, run_after=2025-08-14 00:00:00+00:00
[2025-08-14T17:41:21.393+0000] {processor.py:183} INFO - Processing /home/airflow/.local/lib/python3.8/site-packages/airflow/example_dags/example_nested_branch_dag.py took 0.054 seconds
[2025-08-14T17:41:51.860+0000] {processor.py:161} INFO - Started process (PID=633) to work on /home/airflow/.local/lib/python3.8/site-packages/airflow/example_dags/example_nested_branch_dag.py
[2025-08-14T17:41:51.861+0000] {processor.py:830} INFO - Processing file /home/airflow/.local/lib/python3.8/site-packages/airflow/example_dags/example_nested_branch_dag.py for tasks to queue
[2025-08-14T17:41:51.862+0000] {logging_mixin.py:188} INFO - [2025-08-14T17:41:51.862+0000] {dagbag.py:540} INFO - Filling up the DagBag from /home/airflow/.local/lib/python3.8/site-packages/airflow/example_dags/example_nested_branch_dag.py
[2025-08-14T17:41:51.868+0000] {processor.py:840} INFO - DAG(s) 'example_nested_branch_dag' retrieved from /home/airflow/.local/lib/python3.8/site-packages/airflow/example_dags/example_nested_branch_dag.py
[2025-08-14T17:41:51.882+0000] {logging_mixin.py:188} INFO - [2025-08-14T17:41:51.882+0000] {dag.py:3047} INFO - Sync 1 DAGs
[2025-08-14T17:41:51.896+0000] {logging_mixin.py:188} INFO - [2025-08-14T17:41:51.896+0000] {dag.py:3834} INFO - Setting next_dagrun for example_nested_branch_dag to 2025-08-13 00:00:00+00:00, run_after=2025-08-14 00:00:00+00:00
[2025-08-14T17:41:51.908+0000] {processor.py:183} INFO - Processing /home/airflow/.local/lib/python3.8/site-packages/airflow/example_dags/example_nested_branch_dag.py took 0.051 seconds
[2025-08-14T17:42:22.607+0000] {processor.py:161} INFO - Started process (PID=689) to work on /home/airflow/.local/lib/python3.8/site-packages/airflow/example_dags/example_nested_branch_dag.py
[2025-08-14T17:42:22.609+0000] {processor.py:830} INFO - Processing file /home/airflow/.local/lib/python3.8/site-packages/airflow/example_dags/example_nested_branch_dag.py for tasks to queue
[2025-08-14T17:42:22.611+0000] {logging_mixin.py:188} INFO - [2025-08-14T17:42:22.610+0000] {dagbag.py:540} INFO - Filling up the DagBag from /home/airflow/.local/lib/python3.8/site-packages/airflow/example_dags/example_nested_branch_dag.py
[2025-08-14T17:42:22.619+0000] {processor.py:840} INFO - DAG(s) 'example_nested_branch_dag' retrieved from /home/airflow/.local/lib/python3.8/site-packages/airflow/example_dags/example_nested_branch_dag.py
[2025-08-14T17:42:22.638+0000] {logging_mixin.py:188} INFO - [2025-08-14T17:42:22.638+0000] {dag.py:3047} INFO - Sync 1 DAGs
[2025-08-14T17:42:22.659+0000] {logging_mixin.py:188} INFO - [2025-08-14T17:42:22.659+0000] {dag.py:3834} INFO - Setting next_dagrun for example_nested_branch_dag to 2025-08-13 00:00:00+00:00, run_after=2025-08-14 00:00:00+00:00
[2025-08-14T17:42:22.677+0000] {processor.py:183} INFO - Processing /home/airflow/.local/lib/python3.8/site-packages/airflow/example_dags/example_nested_branch_dag.py took 0.074 seconds
[2025-08-14T17:42:53.086+0000] {processor.py:161} INFO - Started process (PID=745) to work on /home/airflow/.local/lib/python3.8/site-packages/airflow/example_dags/example_nested_branch_dag.py
[2025-08-14T17:42:53.087+0000] {processor.py:830} INFO - Processing file /home/airflow/.local/lib/python3.8/site-packages/airflow/example_dags/example_nested_branch_dag.py for tasks to queue
[2025-08-14T17:42:53.089+0000] {logging_mixin.py:188} INFO - [2025-08-14T17:42:53.089+0000] {dagbag.py:540} INFO - Filling up the DagBag from /home/airflow/.local/lib/python3.8/site-packages/airflow/example_dags/example_nested_branch_dag.py
[2025-08-14T17:42:53.096+0000] {processor.py:840} INFO - DAG(s) 'example_nested_branch_dag' retrieved from /home/airflow/.local/lib/python3.8/site-packages/airflow/example_dags/example_nested_branch_dag.py
[2025-08-14T17:42:53.109+0000] {logging_mixin.py:188} INFO - [2025-08-14T17:42:53.109+0000] {dag.py:3047} INFO - Sync 1 DAGs
[2025-08-14T17:42:53.128+0000] {logging_mixin.py:188} INFO - [2025-08-14T17:42:53.128+0000] {dag.py:3834} INFO - Setting next_dagrun for example_nested_branch_dag to 2025-08-13 00:00:00+00:00, run_after=2025-08-14 00:00:00+00:00
[2025-08-14T17:42:53.141+0000] {processor.py:183} INFO - Processing /home/airflow/.local/lib/python3.8/site-packages/airflow/example_dags/example_nested_branch_dag.py took 0.059 seconds
[2025-08-14T17:43:23.497+0000] {processor.py:161} INFO - Started process (PID=801) to work on /home/airflow/.local/lib/python3.8/site-packages/airflow/example_dags/example_nested_branch_dag.py
[2025-08-14T17:43:23.499+0000] {processor.py:830} INFO - Processing file /home/airflow/.local/lib/python3.8/site-packages/airflow/example_dags/example_nested_branch_dag.py for tasks to queue
[2025-08-14T17:43:23.501+0000] {logging_mixin.py:188} INFO - [2025-08-14T17:43:23.501+0000] {dagbag.py:540} INFO - Filling up the DagBag from /home/airflow/.local/lib/python3.8/site-packages/airflow/example_dags/example_nested_branch_dag.py
[2025-08-14T17:43:23.507+0000] {processor.py:840} INFO - DAG(s) 'example_nested_branch_dag' retrieved from /home/airflow/.local/lib/python3.8/site-packages/airflow/example_dags/example_nested_branch_dag.py
[2025-08-14T17:43:23.519+0000] {logging_mixin.py:188} INFO - [2025-08-14T17:43:23.519+0000] {dag.py:3047} INFO - Sync 1 DAGs
[2025-08-14T17:43:23.530+0000] {logging_mixin.py:188} INFO - [2025-08-14T17:43:23.530+0000] {dag.py:3834} INFO - Setting next_dagrun for example_nested_branch_dag to 2025-08-13 00:00:00+00:00, run_after=2025-08-14 00:00:00+00:00
[2025-08-14T17:43:23.541+0000] {processor.py:183} INFO - Processing /home/airflow/.local/lib/python3.8/site-packages/airflow/example_dags/example_nested_branch_dag.py took 0.045 seconds
[2025-08-14T17:43:54.029+0000] {processor.py:161} INFO - Started process (PID=857) to work on /home/airflow/.local/lib/python3.8/site-packages/airflow/example_dags/example_nested_branch_dag.py
[2025-08-14T17:43:54.032+0000] {processor.py:830} INFO - Processing file /home/airflow/.local/lib/python3.8/site-packages/airflow/example_dags/example_nested_branch_dag.py for tasks to queue
[2025-08-14T17:43:54.033+0000] {logging_mixin.py:188} INFO - [2025-08-14T17:43:54.033+0000] {dagbag.py:540} INFO - Filling up the DagBag from /home/airflow/.local/lib/python3.8/site-packages/airflow/example_dags/example_nested_branch_dag.py
[2025-08-14T17:43:54.038+0000] {processor.py:840} INFO - DAG(s) 'example_nested_branch_dag' retrieved from /home/airflow/.local/lib/python3.8/site-packages/airflow/example_dags/example_nested_branch_dag.py
[2025-08-14T17:43:54.054+0000] {logging_mixin.py:188} INFO - [2025-08-14T17:43:54.053+0000] {dag.py:3047} INFO - Sync 1 DAGs
[2025-08-14T17:43:54.082+0000] {logging_mixin.py:188} INFO - [2025-08-14T17:43:54.082+0000] {dag.py:3834} INFO - Setting next_dagrun for example_nested_branch_dag to 2025-08-13 00:00:00+00:00, run_after=2025-08-14 00:00:00+00:00
[2025-08-14T17:43:54.092+0000] {processor.py:183} INFO - Processing /home/airflow/.local/lib/python3.8/site-packages/airflow/example_dags/example_nested_branch_dag.py took 0.065 seconds
[2025-08-14T17:44:25.230+0000] {processor.py:161} INFO - Started process (PID=913) to work on /home/airflow/.local/lib/python3.8/site-packages/airflow/example_dags/example_nested_branch_dag.py
[2025-08-14T17:44:25.231+0000] {processor.py:830} INFO - Processing file /home/airflow/.local/lib/python3.8/site-packages/airflow/example_dags/example_nested_branch_dag.py for tasks to queue
[2025-08-14T17:44:25.233+0000] {logging_mixin.py:188} INFO - [2025-08-14T17:44:25.232+0000] {dagbag.py:540} INFO - Filling up the DagBag from /home/airflow/.local/lib/python3.8/site-packages/airflow/example_dags/example_nested_branch_dag.py
[2025-08-14T17:44:25.241+0000] {processor.py:840} INFO - DAG(s) 'example_nested_branch_dag' retrieved from /home/airflow/.local/lib/python3.8/site-packages/airflow/example_dags/example_nested_branch_dag.py
[2025-08-14T17:44:25.255+0000] {logging_mixin.py:188} INFO - [2025-08-14T17:44:25.254+0000] {dag.py:3047} INFO - Sync 1 DAGs
[2025-08-14T17:44:25.271+0000] {logging_mixin.py:188} INFO - [2025-08-14T17:44:25.270+0000] {dag.py:3834} INFO - Setting next_dagrun for example_nested_branch_dag to 2025-08-13 00:00:00+00:00, run_after=2025-08-14 00:00:00+00:00
[2025-08-14T17:44:25.292+0000] {processor.py:183} INFO - Processing /home/airflow/.local/lib/python3.8/site-packages/airflow/example_dags/example_nested_branch_dag.py took 0.064 seconds
[2025-08-14T17:44:55.601+0000] {processor.py:161} INFO - Started process (PID=969) to work on /home/airflow/.local/lib/python3.8/site-packages/airflow/example_dags/example_nested_branch_dag.py
[2025-08-14T17:44:55.602+0000] {processor.py:830} INFO - Processing file /home/airflow/.local/lib/python3.8/site-packages/airflow/example_dags/example_nested_branch_dag.py for tasks to queue
[2025-08-14T17:44:55.603+0000] {logging_mixin.py:188} INFO - [2025-08-14T17:44:55.603+0000] {dagbag.py:540} INFO - Filling up the DagBag from /home/airflow/.local/lib/python3.8/site-packages/airflow/example_dags/example_nested_branch_dag.py
[2025-08-14T17:44:55.609+0000] {processor.py:840} INFO - DAG(s) 'example_nested_branch_dag' retrieved from /home/airflow/.local/lib/python3.8/site-packages/airflow/example_dags/example_nested_branch_dag.py
[2025-08-14T17:44:55.623+0000] {logging_mixin.py:188} INFO - [2025-08-14T17:44:55.623+0000] {dag.py:3047} INFO - Sync 1 DAGs
[2025-08-14T17:44:55.637+0000] {logging_mixin.py:188} INFO - [2025-08-14T17:44:55.636+0000] {dag.py:3834} INFO - Setting next_dagrun for example_nested_branch_dag to 2025-08-13 00:00:00+00:00, run_after=2025-08-14 00:00:00+00:00
[2025-08-14T17:44:55.650+0000] {processor.py:183} INFO - Processing /home/airflow/.local/lib/python3.8/site-packages/airflow/example_dags/example_nested_branch_dag.py took 0.051 seconds
[2025-08-14T17:45:25.940+0000] {processor.py:161} INFO - Started process (PID=1025) to work on /home/airflow/.local/lib/python3.8/site-packages/airflow/example_dags/example_nested_branch_dag.py
[2025-08-14T17:45:25.941+0000] {processor.py:830} INFO - Processing file /home/airflow/.local/lib/python3.8/site-packages/airflow/example_dags/example_nested_branch_dag.py for tasks to queue
[2025-08-14T17:45:25.941+0000] {logging_mixin.py:188} INFO - [2025-08-14T17:45:25.941+0000] {dagbag.py:540} INFO - Filling up the DagBag from /home/airflow/.local/lib/python3.8/site-packages/airflow/example_dags/example_nested_branch_dag.py
[2025-08-14T17:45:25.948+0000] {processor.py:840} INFO - DAG(s) 'example_nested_branch_dag' retrieved from /home/airflow/.local/lib/python3.8/site-packages/airflow/example_dags/example_nested_branch_dag.py
[2025-08-14T17:45:25.970+0000] {logging_mixin.py:188} INFO - [2025-08-14T17:45:25.970+0000] {dag.py:3047} INFO - Sync 1 DAGs
[2025-08-14T17:45:25.982+0000] {logging_mixin.py:188} INFO - [2025-08-14T17:45:25.982+0000] {dag.py:3834} INFO - Setting next_dagrun for example_nested_branch_dag to 2025-08-13 00:00:00+00:00, run_after=2025-08-14 00:00:00+00:00
[2025-08-14T17:45:25.995+0000] {processor.py:183} INFO - Processing /home/airflow/.local/lib/python3.8/site-packages/airflow/example_dags/example_nested_branch_dag.py took 0.057 seconds
[2025-08-14T17:45:56.404+0000] {processor.py:161} INFO - Started process (PID=1081) to work on /home/airflow/.local/lib/python3.8/site-packages/airflow/example_dags/example_nested_branch_dag.py
[2025-08-14T17:45:56.406+0000] {processor.py:830} INFO - Processing file /home/airflow/.local/lib/python3.8/site-packages/airflow/example_dags/example_nested_branch_dag.py for tasks to queue
[2025-08-14T17:45:56.408+0000] {logging_mixin.py:188} INFO - [2025-08-14T17:45:56.408+0000] {dagbag.py:540} INFO - Filling up the DagBag from /home/airflow/.local/lib/python3.8/site-packages/airflow/example_dags/example_nested_branch_dag.py
[2025-08-14T17:45:56.418+0000] {processor.py:840} INFO - DAG(s) 'example_nested_branch_dag' retrieved from /home/airflow/.local/lib/python3.8/site-packages/airflow/example_dags/example_nested_branch_dag.py
[2025-08-14T17:45:56.439+0000] {logging_mixin.py:188} INFO - [2025-08-14T17:45:56.439+0000] {dag.py:3047} INFO - Sync 1 DAGs
[2025-08-14T17:45:56.452+0000] {logging_mixin.py:188} INFO - [2025-08-14T17:45:56.452+0000] {dag.py:3834} INFO - Setting next_dagrun for example_nested_branch_dag to 2025-08-13 00:00:00+00:00, run_after=2025-08-14 00:00:00+00:00
[2025-08-14T17:45:56.466+0000] {processor.py:183} INFO - Processing /home/airflow/.local/lib/python3.8/site-packages/airflow/example_dags/example_nested_branch_dag.py took 0.066 seconds
[2025-08-14T17:46:26.850+0000] {processor.py:161} INFO - Started process (PID=1137) to work on /home/airflow/.local/lib/python3.8/site-packages/airflow/example_dags/example_nested_branch_dag.py
[2025-08-14T17:46:26.851+0000] {processor.py:830} INFO - Processing file /home/airflow/.local/lib/python3.8/site-packages/airflow/example_dags/example_nested_branch_dag.py for tasks to queue
[2025-08-14T17:46:26.852+0000] {logging_mixin.py:188} INFO - [2025-08-14T17:46:26.852+0000] {dagbag.py:540} INFO - Filling up the DagBag from /home/airflow/.local/lib/python3.8/site-packages/airflow/example_dags/example_nested_branch_dag.py
[2025-08-14T17:46:26.857+0000] {processor.py:840} INFO - DAG(s) 'example_nested_branch_dag' retrieved from /home/airflow/.local/lib/python3.8/site-packages/airflow/example_dags/example_nested_branch_dag.py
[2025-08-14T17:46:26.869+0000] {logging_mixin.py:188} INFO - [2025-08-14T17:46:26.869+0000] {dag.py:3047} INFO - Sync 1 DAGs
[2025-08-14T17:46:26.883+0000] {logging_mixin.py:188} INFO - [2025-08-14T17:46:26.883+0000] {dag.py:3834} INFO - Setting next_dagrun for example_nested_branch_dag to 2025-08-13 00:00:00+00:00, run_after=2025-08-14 00:00:00+00:00
[2025-08-14T17:46:26.894+0000] {processor.py:183} INFO - Processing /home/airflow/.local/lib/python3.8/site-packages/airflow/example_dags/example_nested_branch_dag.py took 0.046 seconds
[2025-08-14T17:46:57.539+0000] {processor.py:161} INFO - Started process (PID=1193) to work on /home/airflow/.local/lib/python3.8/site-packages/airflow/example_dags/example_nested_branch_dag.py
[2025-08-14T17:46:57.540+0000] {processor.py:830} INFO - Processing file /home/airflow/.local/lib/python3.8/site-packages/airflow/example_dags/example_nested_branch_dag.py for tasks to queue
[2025-08-14T17:46:57.541+0000] {logging_mixin.py:188} INFO - [2025-08-14T17:46:57.541+0000] {dagbag.py:540} INFO - Filling up the DagBag from /home/airflow/.local/lib/python3.8/site-packages/airflow/example_dags/example_nested_branch_dag.py
[2025-08-14T17:46:57.546+0000] {processor.py:840} INFO - DAG(s) 'example_nested_branch_dag' retrieved from /home/airflow/.local/lib/python3.8/site-packages/airflow/example_dags/example_nested_branch_dag.py
[2025-08-14T17:46:57.562+0000] {logging_mixin.py:188} INFO - [2025-08-14T17:46:57.562+0000] {dag.py:3047} INFO - Sync 1 DAGs
[2025-08-14T17:46:57.575+0000] {logging_mixin.py:188} INFO - [2025-08-14T17:46:57.574+0000] {dag.py:3834} INFO - Setting next_dagrun for example_nested_branch_dag to 2025-08-13 00:00:00+00:00, run_after=2025-08-14 00:00:00+00:00
[2025-08-14T17:46:57.590+0000] {processor.py:183} INFO - Processing /home/airflow/.local/lib/python3.8/site-packages/airflow/example_dags/example_nested_branch_dag.py took 0.053 seconds
[2025-08-14T17:47:27.704+0000] {processor.py:161} INFO - Started process (PID=1249) to work on /home/airflow/.local/lib/python3.8/site-packages/airflow/example_dags/example_nested_branch_dag.py
[2025-08-14T17:47:27.705+0000] {processor.py:830} INFO - Processing file /home/airflow/.local/lib/python3.8/site-packages/airflow/example_dags/example_nested_branch_dag.py for tasks to queue
[2025-08-14T17:47:27.707+0000] {logging_mixin.py:188} INFO - [2025-08-14T17:47:27.707+0000] {dagbag.py:540} INFO - Filling up the DagBag from /home/airflow/.local/lib/python3.8/site-packages/airflow/example_dags/example_nested_branch_dag.py
[2025-08-14T17:47:27.719+0000] {processor.py:840} INFO - DAG(s) 'example_nested_branch_dag' retrieved from /home/airflow/.local/lib/python3.8/site-packages/airflow/example_dags/example_nested_branch_dag.py
[2025-08-14T17:47:27.736+0000] {logging_mixin.py:188} INFO - [2025-08-14T17:47:27.736+0000] {dag.py:3047} INFO - Sync 1 DAGs
[2025-08-14T17:47:27.757+0000] {logging_mixin.py:188} INFO - [2025-08-14T17:47:27.757+0000] {dag.py:3834} INFO - Setting next_dagrun for example_nested_branch_dag to 2025-08-13 00:00:00+00:00, run_after=2025-08-14 00:00:00+00:00
[2025-08-14T17:47:27.771+0000] {processor.py:183} INFO - Processing /home/airflow/.local/lib/python3.8/site-packages/airflow/example_dags/example_nested_branch_dag.py took 0.071 seconds
[2025-08-14T17:47:57.955+0000] {processor.py:161} INFO - Started process (PID=1305) to work on /home/airflow/.local/lib/python3.8/site-packages/airflow/example_dags/example_nested_branch_dag.py
[2025-08-14T17:47:57.958+0000] {processor.py:830} INFO - Processing file /home/airflow/.local/lib/python3.8/site-packages/airflow/example_dags/example_nested_branch_dag.py for tasks to queue
[2025-08-14T17:47:57.959+0000] {logging_mixin.py:188} INFO - [2025-08-14T17:47:57.959+0000] {dagbag.py:540} INFO - Filling up the DagBag from /home/airflow/.local/lib/python3.8/site-packages/airflow/example_dags/example_nested_branch_dag.py
[2025-08-14T17:47:57.964+0000] {processor.py:840} INFO - DAG(s) 'example_nested_branch_dag' retrieved from /home/airflow/.local/lib/python3.8/site-packages/airflow/example_dags/example_nested_branch_dag.py
[2025-08-14T17:47:57.983+0000] {logging_mixin.py:188} INFO - [2025-08-14T17:47:57.983+0000] {dag.py:3047} INFO - Sync 1 DAGs
[2025-08-14T17:47:57.997+0000] {logging_mixin.py:188} INFO - [2025-08-14T17:47:57.997+0000] {dag.py:3834} INFO - Setting next_dagrun for example_nested_branch_dag to 2025-08-13 00:00:00+00:00, run_after=2025-08-14 00:00:00+00:00
[2025-08-14T17:47:58.011+0000] {processor.py:183} INFO - Processing /home/airflow/.local/lib/python3.8/site-packages/airflow/example_dags/example_nested_branch_dag.py took 0.058 seconds
[2025-08-14T17:48:28.376+0000] {processor.py:161} INFO - Started process (PID=1361) to work on /home/airflow/.local/lib/python3.8/site-packages/airflow/example_dags/example_nested_branch_dag.py
[2025-08-14T17:48:28.377+0000] {processor.py:830} INFO - Processing file /home/airflow/.local/lib/python3.8/site-packages/airflow/example_dags/example_nested_branch_dag.py for tasks to queue
[2025-08-14T17:48:28.379+0000] {logging_mixin.py:188} INFO - [2025-08-14T17:48:28.378+0000] {dagbag.py:540} INFO - Filling up the DagBag from /home/airflow/.local/lib/python3.8/site-packages/airflow/example_dags/example_nested_branch_dag.py
[2025-08-14T17:48:28.385+0000] {processor.py:840} INFO - DAG(s) 'example_nested_branch_dag' retrieved from /home/airflow/.local/lib/python3.8/site-packages/airflow/example_dags/example_nested_branch_dag.py
[2025-08-14T17:48:28.399+0000] {logging_mixin.py:188} INFO - [2025-08-14T17:48:28.399+0000] {dag.py:3047} INFO - Sync 1 DAGs
[2025-08-14T17:48:28.412+0000] {logging_mixin.py:188} INFO - [2025-08-14T17:48:28.412+0000] {dag.py:3834} INFO - Setting next_dagrun for example_nested_branch_dag to 2025-08-13 00:00:00+00:00, run_after=2025-08-14 00:00:00+00:00
[2025-08-14T17:48:28.423+0000] {processor.py:183} INFO - Processing /home/airflow/.local/lib/python3.8/site-packages/airflow/example_dags/example_nested_branch_dag.py took 0.050 seconds
[2025-08-14T17:48:58.835+0000] {processor.py:161} INFO - Started process (PID=1417) to work on /home/airflow/.local/lib/python3.8/site-packages/airflow/example_dags/example_nested_branch_dag.py
[2025-08-14T17:48:58.836+0000] {processor.py:830} INFO - Processing file /home/airflow/.local/lib/python3.8/site-packages/airflow/example_dags/example_nested_branch_dag.py for tasks to queue
[2025-08-14T17:48:58.838+0000] {logging_mixin.py:188} INFO - [2025-08-14T17:48:58.838+0000] {dagbag.py:540} INFO - Filling up the DagBag from /home/airflow/.local/lib/python3.8/site-packages/airflow/example_dags/example_nested_branch_dag.py
[2025-08-14T17:48:58.847+0000] {processor.py:840} INFO - DAG(s) 'example_nested_branch_dag' retrieved from /home/airflow/.local/lib/python3.8/site-packages/airflow/example_dags/example_nested_branch_dag.py
[2025-08-14T17:48:58.869+0000] {logging_mixin.py:188} INFO - [2025-08-14T17:48:58.869+0000] {dag.py:3047} INFO - Sync 1 DAGs
[2025-08-14T17:48:58.894+0000] {logging_mixin.py:188} INFO - [2025-08-14T17:48:58.894+0000] {dag.py:3834} INFO - Setting next_dagrun for example_nested_branch_dag to 2025-08-13 00:00:00+00:00, run_after=2025-08-14 00:00:00+00:00
[2025-08-14T17:48:58.915+0000] {processor.py:183} INFO - Processing /home/airflow/.local/lib/python3.8/site-packages/airflow/example_dags/example_nested_branch_dag.py took 0.082 seconds
[2025-08-14T17:49:28.986+0000] {processor.py:161} INFO - Started process (PID=1473) to work on /home/airflow/.local/lib/python3.8/site-packages/airflow/example_dags/example_nested_branch_dag.py
[2025-08-14T17:49:28.989+0000] {processor.py:830} INFO - Processing file /home/airflow/.local/lib/python3.8/site-packages/airflow/example_dags/example_nested_branch_dag.py for tasks to queue
[2025-08-14T17:49:28.990+0000] {logging_mixin.py:188} INFO - [2025-08-14T17:49:28.990+0000] {dagbag.py:540} INFO - Filling up the DagBag from /home/airflow/.local/lib/python3.8/site-packages/airflow/example_dags/example_nested_branch_dag.py
[2025-08-14T17:49:28.997+0000] {processor.py:840} INFO - DAG(s) 'example_nested_branch_dag' retrieved from /home/airflow/.local/lib/python3.8/site-packages/airflow/example_dags/example_nested_branch_dag.py
[2025-08-14T17:49:29.022+0000] {logging_mixin.py:188} INFO - [2025-08-14T17:49:29.022+0000] {dag.py:3047} INFO - Sync 1 DAGs
[2025-08-14T17:49:29.044+0000] {logging_mixin.py:188} INFO - [2025-08-14T17:49:29.044+0000] {dag.py:3834} INFO - Setting next_dagrun for example_nested_branch_dag to 2025-08-13 00:00:00+00:00, run_after=2025-08-14 00:00:00+00:00
[2025-08-14T17:49:29.057+0000] {processor.py:183} INFO - Processing /home/airflow/.local/lib/python3.8/site-packages/airflow/example_dags/example_nested_branch_dag.py took 0.073 seconds
[2025-08-14T17:50:00.005+0000] {processor.py:161} INFO - Started process (PID=1529) to work on /home/airflow/.local/lib/python3.8/site-packages/airflow/example_dags/example_nested_branch_dag.py
[2025-08-14T17:50:00.006+0000] {processor.py:830} INFO - Processing file /home/airflow/.local/lib/python3.8/site-packages/airflow/example_dags/example_nested_branch_dag.py for tasks to queue
[2025-08-14T17:50:00.009+0000] {logging_mixin.py:188} INFO - [2025-08-14T17:50:00.009+0000] {dagbag.py:540} INFO - Filling up the DagBag from /home/airflow/.local/lib/python3.8/site-packages/airflow/example_dags/example_nested_branch_dag.py
[2025-08-14T17:50:00.033+0000] {processor.py:840} INFO - DAG(s) 'example_nested_branch_dag' retrieved from /home/airflow/.local/lib/python3.8/site-packages/airflow/example_dags/example_nested_branch_dag.py
[2025-08-14T17:50:00.057+0000] {logging_mixin.py:188} INFO - [2025-08-14T17:50:00.056+0000] {dag.py:3047} INFO - Sync 1 DAGs
[2025-08-14T17:50:00.085+0000] {logging_mixin.py:188} INFO - [2025-08-14T17:50:00.084+0000] {dag.py:3834} INFO - Setting next_dagrun for example_nested_branch_dag to 2025-08-13 00:00:00+00:00, run_after=2025-08-14 00:00:00+00:00
[2025-08-14T17:50:00.099+0000] {processor.py:183} INFO - Processing /home/airflow/.local/lib/python3.8/site-packages/airflow/example_dags/example_nested_branch_dag.py took 0.098 seconds
[2025-08-14T17:50:30.661+0000] {processor.py:161} INFO - Started process (PID=1585) to work on /home/airflow/.local/lib/python3.8/site-packages/airflow/example_dags/example_nested_branch_dag.py
[2025-08-14T17:50:30.662+0000] {processor.py:830} INFO - Processing file /home/airflow/.local/lib/python3.8/site-packages/airflow/example_dags/example_nested_branch_dag.py for tasks to queue
[2025-08-14T17:50:30.664+0000] {logging_mixin.py:188} INFO - [2025-08-14T17:50:30.664+0000] {dagbag.py:540} INFO - Filling up the DagBag from /home/airflow/.local/lib/python3.8/site-packages/airflow/example_dags/example_nested_branch_dag.py
[2025-08-14T17:50:30.671+0000] {processor.py:840} INFO - DAG(s) 'example_nested_branch_dag' retrieved from /home/airflow/.local/lib/python3.8/site-packages/airflow/example_dags/example_nested_branch_dag.py
[2025-08-14T17:50:30.688+0000] {logging_mixin.py:188} INFO - [2025-08-14T17:50:30.688+0000] {dag.py:3047} INFO - Sync 1 DAGs
[2025-08-14T17:50:30.721+0000] {logging_mixin.py:188} INFO - [2025-08-14T17:50:30.720+0000] {dag.py:3834} INFO - Setting next_dagrun for example_nested_branch_dag to 2025-08-13 00:00:00+00:00, run_after=2025-08-14 00:00:00+00:00
[2025-08-14T17:50:30.741+0000] {processor.py:183} INFO - Processing /home/airflow/.local/lib/python3.8/site-packages/airflow/example_dags/example_nested_branch_dag.py took 0.082 seconds
[2025-08-14T17:51:01.702+0000] {processor.py:161} INFO - Started process (PID=1641) to work on /home/airflow/.local/lib/python3.8/site-packages/airflow/example_dags/example_nested_branch_dag.py
[2025-08-14T17:51:01.703+0000] {processor.py:830} INFO - Processing file /home/airflow/.local/lib/python3.8/site-packages/airflow/example_dags/example_nested_branch_dag.py for tasks to queue
[2025-08-14T17:51:01.704+0000] {logging_mixin.py:188} INFO - [2025-08-14T17:51:01.704+0000] {dagbag.py:540} INFO - Filling up the DagBag from /home/airflow/.local/lib/python3.8/site-packages/airflow/example_dags/example_nested_branch_dag.py
[2025-08-14T17:51:01.710+0000] {processor.py:840} INFO - DAG(s) 'example_nested_branch_dag' retrieved from /home/airflow/.local/lib/python3.8/site-packages/airflow/example_dags/example_nested_branch_dag.py
[2025-08-14T17:51:01.732+0000] {logging_mixin.py:188} INFO - [2025-08-14T17:51:01.732+0000] {dag.py:3047} INFO - Sync 1 DAGs
[2025-08-14T17:51:01.760+0000] {logging_mixin.py:188} INFO - [2025-08-14T17:51:01.760+0000] {dag.py:3834} INFO - Setting next_dagrun for example_nested_branch_dag to 2025-08-13 00:00:00+00:00, run_after=2025-08-14 00:00:00+00:00
[2025-08-14T17:51:01.777+0000] {processor.py:183} INFO - Processing /home/airflow/.local/lib/python3.8/site-packages/airflow/example_dags/example_nested_branch_dag.py took 0.077 seconds
[2025-08-14T17:51:32.114+0000] {processor.py:161} INFO - Started process (PID=1697) to work on /home/airflow/.local/lib/python3.8/site-packages/airflow/example_dags/example_nested_branch_dag.py
[2025-08-14T17:51:32.117+0000] {processor.py:830} INFO - Processing file /home/airflow/.local/lib/python3.8/site-packages/airflow/example_dags/example_nested_branch_dag.py for tasks to queue
[2025-08-14T17:51:32.118+0000] {logging_mixin.py:188} INFO - [2025-08-14T17:51:32.118+0000] {dagbag.py:540} INFO - Filling up the DagBag from /home/airflow/.local/lib/python3.8/site-packages/airflow/example_dags/example_nested_branch_dag.py
[2025-08-14T17:51:32.124+0000] {processor.py:840} INFO - DAG(s) 'example_nested_branch_dag' retrieved from /home/airflow/.local/lib/python3.8/site-packages/airflow/example_dags/example_nested_branch_dag.py
[2025-08-14T17:51:32.136+0000] {logging_mixin.py:188} INFO - [2025-08-14T17:51:32.136+0000] {dag.py:3047} INFO - Sync 1 DAGs
[2025-08-14T17:51:32.149+0000] {logging_mixin.py:188} INFO - [2025-08-14T17:51:32.149+0000] {dag.py:3834} INFO - Setting next_dagrun for example_nested_branch_dag to 2025-08-13 00:00:00+00:00, run_after=2025-08-14 00:00:00+00:00
[2025-08-14T17:51:32.162+0000] {processor.py:183} INFO - Processing /home/airflow/.local/lib/python3.8/site-packages/airflow/example_dags/example_nested_branch_dag.py took 0.050 seconds
[2025-08-14T17:52:02.814+0000] {processor.py:161} INFO - Started process (PID=1753) to work on /home/airflow/.local/lib/python3.8/site-packages/airflow/example_dags/example_nested_branch_dag.py
[2025-08-14T17:52:02.818+0000] {processor.py:830} INFO - Processing file /home/airflow/.local/lib/python3.8/site-packages/airflow/example_dags/example_nested_branch_dag.py for tasks to queue
[2025-08-14T17:52:02.824+0000] {logging_mixin.py:188} INFO - [2025-08-14T17:52:02.823+0000] {dagbag.py:540} INFO - Filling up the DagBag from /home/airflow/.local/lib/python3.8/site-packages/airflow/example_dags/example_nested_branch_dag.py
[2025-08-14T17:52:02.840+0000] {processor.py:840} INFO - DAG(s) 'example_nested_branch_dag' retrieved from /home/airflow/.local/lib/python3.8/site-packages/airflow/example_dags/example_nested_branch_dag.py
[2025-08-14T17:52:02.860+0000] {logging_mixin.py:188} INFO - [2025-08-14T17:52:02.860+0000] {dag.py:3047} INFO - Sync 1 DAGs
[2025-08-14T17:52:02.902+0000] {logging_mixin.py:188} INFO - [2025-08-14T17:52:02.902+0000] {dag.py:3834} INFO - Setting next_dagrun for example_nested_branch_dag to 2025-08-13 00:00:00+00:00, run_after=2025-08-14 00:00:00+00:00
[2025-08-14T17:52:02.930+0000] {processor.py:183} INFO - Processing /home/airflow/.local/lib/python3.8/site-packages/airflow/example_dags/example_nested_branch_dag.py took 0.124 seconds
[2025-08-14T17:52:33.170+0000] {processor.py:161} INFO - Started process (PID=1809) to work on /home/airflow/.local/lib/python3.8/site-packages/airflow/example_dags/example_nested_branch_dag.py
[2025-08-14T17:52:33.171+0000] {processor.py:830} INFO - Processing file /home/airflow/.local/lib/python3.8/site-packages/airflow/example_dags/example_nested_branch_dag.py for tasks to queue
[2025-08-14T17:52:33.172+0000] {logging_mixin.py:188} INFO - [2025-08-14T17:52:33.172+0000] {dagbag.py:540} INFO - Filling up the DagBag from /home/airflow/.local/lib/python3.8/site-packages/airflow/example_dags/example_nested_branch_dag.py
[2025-08-14T17:52:33.178+0000] {processor.py:840} INFO - DAG(s) 'example_nested_branch_dag' retrieved from /home/airflow/.local/lib/python3.8/site-packages/airflow/example_dags/example_nested_branch_dag.py
[2025-08-14T17:52:33.195+0000] {logging_mixin.py:188} INFO - [2025-08-14T17:52:33.195+0000] {dag.py:3047} INFO - Sync 1 DAGs
[2025-08-14T17:52:33.213+0000] {logging_mixin.py:188} INFO - [2025-08-14T17:52:33.213+0000] {dag.py:3834} INFO - Setting next_dagrun for example_nested_branch_dag to 2025-08-13 00:00:00+00:00, run_after=2025-08-14 00:00:00+00:00
[2025-08-14T17:52:33.230+0000] {processor.py:183} INFO - Processing /home/airflow/.local/lib/python3.8/site-packages/airflow/example_dags/example_nested_branch_dag.py took 0.064 seconds
[2025-08-14T17:53:03.541+0000] {processor.py:161} INFO - Started process (PID=1865) to work on /home/airflow/.local/lib/python3.8/site-packages/airflow/example_dags/example_nested_branch_dag.py
[2025-08-14T17:53:03.543+0000] {processor.py:830} INFO - Processing file /home/airflow/.local/lib/python3.8/site-packages/airflow/example_dags/example_nested_branch_dag.py for tasks to queue
[2025-08-14T17:53:03.545+0000] {logging_mixin.py:188} INFO - [2025-08-14T17:53:03.545+0000] {dagbag.py:540} INFO - Filling up the DagBag from /home/airflow/.local/lib/python3.8/site-packages/airflow/example_dags/example_nested_branch_dag.py
[2025-08-14T17:53:03.556+0000] {processor.py:840} INFO - DAG(s) 'example_nested_branch_dag' retrieved from /home/airflow/.local/lib/python3.8/site-packages/airflow/example_dags/example_nested_branch_dag.py
[2025-08-14T17:53:03.572+0000] {logging_mixin.py:188} INFO - [2025-08-14T17:53:03.572+0000] {dag.py:3047} INFO - Sync 1 DAGs
[2025-08-14T17:53:03.587+0000] {logging_mixin.py:188} INFO - [2025-08-14T17:53:03.587+0000] {dag.py:3834} INFO - Setting next_dagrun for example_nested_branch_dag to 2025-08-13 00:00:00+00:00, run_after=2025-08-14 00:00:00+00:00
[2025-08-14T17:53:03.602+0000] {processor.py:183} INFO - Processing /home/airflow/.local/lib/python3.8/site-packages/airflow/example_dags/example_nested_branch_dag.py took 0.064 seconds
[2025-08-14T17:53:33.987+0000] {processor.py:161} INFO - Started process (PID=1921) to work on /home/airflow/.local/lib/python3.8/site-packages/airflow/example_dags/example_nested_branch_dag.py
[2025-08-14T17:53:33.989+0000] {processor.py:830} INFO - Processing file /home/airflow/.local/lib/python3.8/site-packages/airflow/example_dags/example_nested_branch_dag.py for tasks to queue
[2025-08-14T17:53:33.991+0000] {logging_mixin.py:188} INFO - [2025-08-14T17:53:33.991+0000] {dagbag.py:540} INFO - Filling up the DagBag from /home/airflow/.local/lib/python3.8/site-packages/airflow/example_dags/example_nested_branch_dag.py
[2025-08-14T17:53:33.996+0000] {processor.py:840} INFO - DAG(s) 'example_nested_branch_dag' retrieved from /home/airflow/.local/lib/python3.8/site-packages/airflow/example_dags/example_nested_branch_dag.py
[2025-08-14T17:53:34.035+0000] {logging_mixin.py:188} INFO - [2025-08-14T17:53:34.035+0000] {dag.py:3047} INFO - Sync 1 DAGs
[2025-08-14T17:53:34.055+0000] {logging_mixin.py:188} INFO - [2025-08-14T17:53:34.055+0000] {dag.py:3834} INFO - Setting next_dagrun for example_nested_branch_dag to 2025-08-13 00:00:00+00:00, run_after=2025-08-14 00:00:00+00:00
[2025-08-14T17:53:34.072+0000] {processor.py:183} INFO - Processing /home/airflow/.local/lib/python3.8/site-packages/airflow/example_dags/example_nested_branch_dag.py took 0.087 seconds
[2025-08-14T17:54:04.437+0000] {processor.py:161} INFO - Started process (PID=1976) to work on /home/airflow/.local/lib/python3.8/site-packages/airflow/example_dags/example_nested_branch_dag.py
[2025-08-14T17:54:04.438+0000] {processor.py:830} INFO - Processing file /home/airflow/.local/lib/python3.8/site-packages/airflow/example_dags/example_nested_branch_dag.py for tasks to queue
[2025-08-14T17:54:04.439+0000] {logging_mixin.py:188} INFO - [2025-08-14T17:54:04.439+0000] {dagbag.py:540} INFO - Filling up the DagBag from /home/airflow/.local/lib/python3.8/site-packages/airflow/example_dags/example_nested_branch_dag.py
[2025-08-14T17:54:04.445+0000] {processor.py:840} INFO - DAG(s) 'example_nested_branch_dag' retrieved from /home/airflow/.local/lib/python3.8/site-packages/airflow/example_dags/example_nested_branch_dag.py
[2025-08-14T17:54:04.460+0000] {logging_mixin.py:188} INFO - [2025-08-14T17:54:04.460+0000] {dag.py:3047} INFO - Sync 1 DAGs
[2025-08-14T17:54:04.475+0000] {logging_mixin.py:188} INFO - [2025-08-14T17:54:04.474+0000] {dag.py:3834} INFO - Setting next_dagrun for example_nested_branch_dag to 2025-08-13 00:00:00+00:00, run_after=2025-08-14 00:00:00+00:00
[2025-08-14T17:54:04.489+0000] {processor.py:183} INFO - Processing /home/airflow/.local/lib/python3.8/site-packages/airflow/example_dags/example_nested_branch_dag.py took 0.054 seconds
[2025-08-14T17:54:34.838+0000] {processor.py:161} INFO - Started process (PID=2032) to work on /home/airflow/.local/lib/python3.8/site-packages/airflow/example_dags/example_nested_branch_dag.py
[2025-08-14T17:54:34.839+0000] {processor.py:830} INFO - Processing file /home/airflow/.local/lib/python3.8/site-packages/airflow/example_dags/example_nested_branch_dag.py for tasks to queue
[2025-08-14T17:54:34.839+0000] {logging_mixin.py:188} INFO - [2025-08-14T17:54:34.839+0000] {dagbag.py:540} INFO - Filling up the DagBag from /home/airflow/.local/lib/python3.8/site-packages/airflow/example_dags/example_nested_branch_dag.py
[2025-08-14T17:54:34.845+0000] {processor.py:840} INFO - DAG(s) 'example_nested_branch_dag' retrieved from /home/airflow/.local/lib/python3.8/site-packages/airflow/example_dags/example_nested_branch_dag.py
[2025-08-14T17:54:34.860+0000] {logging_mixin.py:188} INFO - [2025-08-14T17:54:34.859+0000] {dag.py:3047} INFO - Sync 1 DAGs
[2025-08-14T17:54:34.874+0000] {logging_mixin.py:188} INFO - [2025-08-14T17:54:34.873+0000] {dag.py:3834} INFO - Setting next_dagrun for example_nested_branch_dag to 2025-08-13 00:00:00+00:00, run_after=2025-08-14 00:00:00+00:00
[2025-08-14T17:54:34.890+0000] {processor.py:183} INFO - Processing /home/airflow/.local/lib/python3.8/site-packages/airflow/example_dags/example_nested_branch_dag.py took 0.054 seconds
[2025-08-14T17:55:05.395+0000] {processor.py:161} INFO - Started process (PID=2088) to work on /home/airflow/.local/lib/python3.8/site-packages/airflow/example_dags/example_nested_branch_dag.py
[2025-08-14T17:55:05.400+0000] {processor.py:830} INFO - Processing file /home/airflow/.local/lib/python3.8/site-packages/airflow/example_dags/example_nested_branch_dag.py for tasks to queue
[2025-08-14T17:55:05.403+0000] {logging_mixin.py:188} INFO - [2025-08-14T17:55:05.402+0000] {dagbag.py:540} INFO - Filling up the DagBag from /home/airflow/.local/lib/python3.8/site-packages/airflow/example_dags/example_nested_branch_dag.py
[2025-08-14T17:55:05.422+0000] {processor.py:840} INFO - DAG(s) 'example_nested_branch_dag' retrieved from /home/airflow/.local/lib/python3.8/site-packages/airflow/example_dags/example_nested_branch_dag.py
[2025-08-14T17:55:05.439+0000] {logging_mixin.py:188} INFO - [2025-08-14T17:55:05.439+0000] {dag.py:3047} INFO - Sync 1 DAGs
[2025-08-14T17:55:05.455+0000] {logging_mixin.py:188} INFO - [2025-08-14T17:55:05.454+0000] {dag.py:3834} INFO - Setting next_dagrun for example_nested_branch_dag to 2025-08-13 00:00:00+00:00, run_after=2025-08-14 00:00:00+00:00
[2025-08-14T17:55:05.468+0000] {processor.py:183} INFO - Processing /home/airflow/.local/lib/python3.8/site-packages/airflow/example_dags/example_nested_branch_dag.py took 0.087 seconds
[2025-08-14T17:55:36.101+0000] {processor.py:161} INFO - Started process (PID=2144) to work on /home/airflow/.local/lib/python3.8/site-packages/airflow/example_dags/example_nested_branch_dag.py
[2025-08-14T17:55:36.102+0000] {processor.py:830} INFO - Processing file /home/airflow/.local/lib/python3.8/site-packages/airflow/example_dags/example_nested_branch_dag.py for tasks to queue
[2025-08-14T17:55:36.104+0000] {logging_mixin.py:188} INFO - [2025-08-14T17:55:36.104+0000] {dagbag.py:540} INFO - Filling up the DagBag from /home/airflow/.local/lib/python3.8/site-packages/airflow/example_dags/example_nested_branch_dag.py
[2025-08-14T17:55:36.110+0000] {processor.py:840} INFO - DAG(s) 'example_nested_branch_dag' retrieved from /home/airflow/.local/lib/python3.8/site-packages/airflow/example_dags/example_nested_branch_dag.py
[2025-08-14T17:55:36.125+0000] {logging_mixin.py:188} INFO - [2025-08-14T17:55:36.125+0000] {dag.py:3047} INFO - Sync 1 DAGs
[2025-08-14T17:55:36.138+0000] {logging_mixin.py:188} INFO - [2025-08-14T17:55:36.138+0000] {dag.py:3834} INFO - Setting next_dagrun for example_nested_branch_dag to 2025-08-13 00:00:00+00:00, run_after=2025-08-14 00:00:00+00:00
[2025-08-14T17:55:36.152+0000] {processor.py:183} INFO - Processing /home/airflow/.local/lib/python3.8/site-packages/airflow/example_dags/example_nested_branch_dag.py took 0.053 seconds
[2025-08-14T17:56:06.580+0000] {processor.py:161} INFO - Started process (PID=2200) to work on /home/airflow/.local/lib/python3.8/site-packages/airflow/example_dags/example_nested_branch_dag.py
[2025-08-14T17:56:06.581+0000] {processor.py:830} INFO - Processing file /home/airflow/.local/lib/python3.8/site-packages/airflow/example_dags/example_nested_branch_dag.py for tasks to queue
[2025-08-14T17:56:06.582+0000] {logging_mixin.py:188} INFO - [2025-08-14T17:56:06.582+0000] {dagbag.py:540} INFO - Filling up the DagBag from /home/airflow/.local/lib/python3.8/site-packages/airflow/example_dags/example_nested_branch_dag.py
[2025-08-14T17:56:06.587+0000] {processor.py:840} INFO - DAG(s) 'example_nested_branch_dag' retrieved from /home/airflow/.local/lib/python3.8/site-packages/airflow/example_dags/example_nested_branch_dag.py
[2025-08-14T17:56:06.601+0000] {logging_mixin.py:188} INFO - [2025-08-14T17:56:06.601+0000] {dag.py:3047} INFO - Sync 1 DAGs
[2025-08-14T17:56:06.615+0000] {logging_mixin.py:188} INFO - [2025-08-14T17:56:06.614+0000] {dag.py:3834} INFO - Setting next_dagrun for example_nested_branch_dag to 2025-08-13 00:00:00+00:00, run_after=2025-08-14 00:00:00+00:00
[2025-08-14T17:56:06.628+0000] {processor.py:183} INFO - Processing /home/airflow/.local/lib/python3.8/site-packages/airflow/example_dags/example_nested_branch_dag.py took 0.049 seconds
[2025-08-14T17:56:36.990+0000] {processor.py:161} INFO - Started process (PID=2256) to work on /home/airflow/.local/lib/python3.8/site-packages/airflow/example_dags/example_nested_branch_dag.py
[2025-08-14T17:56:36.991+0000] {processor.py:830} INFO - Processing file /home/airflow/.local/lib/python3.8/site-packages/airflow/example_dags/example_nested_branch_dag.py for tasks to queue
[2025-08-14T17:56:36.992+0000] {logging_mixin.py:188} INFO - [2025-08-14T17:56:36.992+0000] {dagbag.py:540} INFO - Filling up the DagBag from /home/airflow/.local/lib/python3.8/site-packages/airflow/example_dags/example_nested_branch_dag.py
[2025-08-14T17:56:36.998+0000] {processor.py:840} INFO - DAG(s) 'example_nested_branch_dag' retrieved from /home/airflow/.local/lib/python3.8/site-packages/airflow/example_dags/example_nested_branch_dag.py
[2025-08-14T17:56:37.009+0000] {logging_mixin.py:188} INFO - [2025-08-14T17:56:37.009+0000] {dag.py:3047} INFO - Sync 1 DAGs
[2025-08-14T17:56:37.023+0000] {logging_mixin.py:188} INFO - [2025-08-14T17:56:37.023+0000] {dag.py:3834} INFO - Setting next_dagrun for example_nested_branch_dag to 2025-08-13 00:00:00+00:00, run_after=2025-08-14 00:00:00+00:00
[2025-08-14T17:56:37.036+0000] {processor.py:183} INFO - Processing /home/airflow/.local/lib/python3.8/site-packages/airflow/example_dags/example_nested_branch_dag.py took 0.048 seconds
[2025-08-14T17:57:07.369+0000] {processor.py:161} INFO - Started process (PID=2312) to work on /home/airflow/.local/lib/python3.8/site-packages/airflow/example_dags/example_nested_branch_dag.py
[2025-08-14T17:57:07.371+0000] {processor.py:830} INFO - Processing file /home/airflow/.local/lib/python3.8/site-packages/airflow/example_dags/example_nested_branch_dag.py for tasks to queue
[2025-08-14T17:57:07.373+0000] {logging_mixin.py:188} INFO - [2025-08-14T17:57:07.373+0000] {dagbag.py:540} INFO - Filling up the DagBag from /home/airflow/.local/lib/python3.8/site-packages/airflow/example_dags/example_nested_branch_dag.py
[2025-08-14T17:57:07.382+0000] {processor.py:840} INFO - DAG(s) 'example_nested_branch_dag' retrieved from /home/airflow/.local/lib/python3.8/site-packages/airflow/example_dags/example_nested_branch_dag.py
[2025-08-14T17:57:07.401+0000] {logging_mixin.py:188} INFO - [2025-08-14T17:57:07.401+0000] {dag.py:3047} INFO - Sync 1 DAGs
[2025-08-14T17:57:07.416+0000] {logging_mixin.py:188} INFO - [2025-08-14T17:57:07.416+0000] {dag.py:3834} INFO - Setting next_dagrun for example_nested_branch_dag to 2025-08-13 00:00:00+00:00, run_after=2025-08-14 00:00:00+00:00
[2025-08-14T17:57:07.440+0000] {processor.py:183} INFO - Processing /home/airflow/.local/lib/python3.8/site-packages/airflow/example_dags/example_nested_branch_dag.py took 0.074 seconds
[2025-08-14T17:57:37.742+0000] {processor.py:161} INFO - Started process (PID=2368) to work on /home/airflow/.local/lib/python3.8/site-packages/airflow/example_dags/example_nested_branch_dag.py
[2025-08-14T17:57:37.744+0000] {processor.py:830} INFO - Processing file /home/airflow/.local/lib/python3.8/site-packages/airflow/example_dags/example_nested_branch_dag.py for tasks to queue
[2025-08-14T17:57:37.745+0000] {logging_mixin.py:188} INFO - [2025-08-14T17:57:37.744+0000] {dagbag.py:540} INFO - Filling up the DagBag from /home/airflow/.local/lib/python3.8/site-packages/airflow/example_dags/example_nested_branch_dag.py
[2025-08-14T17:57:37.750+0000] {processor.py:840} INFO - DAG(s) 'example_nested_branch_dag' retrieved from /home/airflow/.local/lib/python3.8/site-packages/airflow/example_dags/example_nested_branch_dag.py
[2025-08-14T17:57:37.764+0000] {logging_mixin.py:188} INFO - [2025-08-14T17:57:37.764+0000] {dag.py:3047} INFO - Sync 1 DAGs
[2025-08-14T17:57:37.777+0000] {logging_mixin.py:188} INFO - [2025-08-14T17:57:37.777+0000] {dag.py:3834} INFO - Setting next_dagrun for example_nested_branch_dag to 2025-08-13 00:00:00+00:00, run_after=2025-08-14 00:00:00+00:00
[2025-08-14T17:57:37.790+0000] {processor.py:183} INFO - Processing /home/airflow/.local/lib/python3.8/site-packages/airflow/example_dags/example_nested_branch_dag.py took 0.050 seconds
[2025-08-14T17:58:08.363+0000] {processor.py:161} INFO - Started process (PID=2424) to work on /home/airflow/.local/lib/python3.8/site-packages/airflow/example_dags/example_nested_branch_dag.py
[2025-08-14T17:58:08.366+0000] {processor.py:830} INFO - Processing file /home/airflow/.local/lib/python3.8/site-packages/airflow/example_dags/example_nested_branch_dag.py for tasks to queue
[2025-08-14T17:58:08.368+0000] {logging_mixin.py:188} INFO - [2025-08-14T17:58:08.368+0000] {dagbag.py:540} INFO - Filling up the DagBag from /home/airflow/.local/lib/python3.8/site-packages/airflow/example_dags/example_nested_branch_dag.py
[2025-08-14T17:58:08.375+0000] {processor.py:840} INFO - DAG(s) 'example_nested_branch_dag' retrieved from /home/airflow/.local/lib/python3.8/site-packages/airflow/example_dags/example_nested_branch_dag.py
[2025-08-14T17:58:08.390+0000] {logging_mixin.py:188} INFO - [2025-08-14T17:58:08.390+0000] {dag.py:3047} INFO - Sync 1 DAGs
[2025-08-14T17:58:08.402+0000] {logging_mixin.py:188} INFO - [2025-08-14T17:58:08.402+0000] {dag.py:3834} INFO - Setting next_dagrun for example_nested_branch_dag to 2025-08-13 00:00:00+00:00, run_after=2025-08-14 00:00:00+00:00
[2025-08-14T17:58:08.416+0000] {processor.py:183} INFO - Processing /home/airflow/.local/lib/python3.8/site-packages/airflow/example_dags/example_nested_branch_dag.py took 0.062 seconds
[2025-08-14T17:58:39.251+0000] {processor.py:161} INFO - Started process (PID=2481) to work on /home/airflow/.local/lib/python3.8/site-packages/airflow/example_dags/example_nested_branch_dag.py
[2025-08-14T17:58:39.252+0000] {processor.py:830} INFO - Processing file /home/airflow/.local/lib/python3.8/site-packages/airflow/example_dags/example_nested_branch_dag.py for tasks to queue
[2025-08-14T17:58:39.254+0000] {logging_mixin.py:188} INFO - [2025-08-14T17:58:39.254+0000] {dagbag.py:540} INFO - Filling up the DagBag from /home/airflow/.local/lib/python3.8/site-packages/airflow/example_dags/example_nested_branch_dag.py
[2025-08-14T17:58:39.262+0000] {processor.py:840} INFO - DAG(s) 'example_nested_branch_dag' retrieved from /home/airflow/.local/lib/python3.8/site-packages/airflow/example_dags/example_nested_branch_dag.py
[2025-08-14T17:58:39.279+0000] {logging_mixin.py:188} INFO - [2025-08-14T17:58:39.279+0000] {dag.py:3047} INFO - Sync 1 DAGs
[2025-08-14T17:58:39.295+0000] {logging_mixin.py:188} INFO - [2025-08-14T17:58:39.294+0000] {dag.py:3834} INFO - Setting next_dagrun for example_nested_branch_dag to 2025-08-13 00:00:00+00:00, run_after=2025-08-14 00:00:00+00:00
[2025-08-14T17:58:39.317+0000] {processor.py:183} INFO - Processing /home/airflow/.local/lib/python3.8/site-packages/airflow/example_dags/example_nested_branch_dag.py took 0.069 seconds
[2025-08-14T17:59:09.729+0000] {processor.py:161} INFO - Started process (PID=2537) to work on /home/airflow/.local/lib/python3.8/site-packages/airflow/example_dags/example_nested_branch_dag.py
[2025-08-14T17:59:09.731+0000] {processor.py:830} INFO - Processing file /home/airflow/.local/lib/python3.8/site-packages/airflow/example_dags/example_nested_branch_dag.py for tasks to queue
[2025-08-14T17:59:09.735+0000] {logging_mixin.py:188} INFO - [2025-08-14T17:59:09.735+0000] {dagbag.py:540} INFO - Filling up the DagBag from /home/airflow/.local/lib/python3.8/site-packages/airflow/example_dags/example_nested_branch_dag.py
[2025-08-14T17:59:09.741+0000] {processor.py:840} INFO - DAG(s) 'example_nested_branch_dag' retrieved from /home/airflow/.local/lib/python3.8/site-packages/airflow/example_dags/example_nested_branch_dag.py
[2025-08-14T17:59:09.756+0000] {logging_mixin.py:188} INFO - [2025-08-14T17:59:09.756+0000] {dag.py:3047} INFO - Sync 1 DAGs
[2025-08-14T17:59:09.770+0000] {logging_mixin.py:188} INFO - [2025-08-14T17:59:09.770+0000] {dag.py:3834} INFO - Setting next_dagrun for example_nested_branch_dag to 2025-08-13 00:00:00+00:00, run_after=2025-08-14 00:00:00+00:00
[2025-08-14T17:59:09.785+0000] {processor.py:183} INFO - Processing /home/airflow/.local/lib/python3.8/site-packages/airflow/example_dags/example_nested_branch_dag.py took 0.059 seconds
[2025-08-14T17:59:40.006+0000] {processor.py:161} INFO - Started process (PID=2593) to work on /home/airflow/.local/lib/python3.8/site-packages/airflow/example_dags/example_nested_branch_dag.py
[2025-08-14T17:59:40.006+0000] {processor.py:830} INFO - Processing file /home/airflow/.local/lib/python3.8/site-packages/airflow/example_dags/example_nested_branch_dag.py for tasks to queue
[2025-08-14T17:59:40.007+0000] {logging_mixin.py:188} INFO - [2025-08-14T17:59:40.007+0000] {dagbag.py:540} INFO - Filling up the DagBag from /home/airflow/.local/lib/python3.8/site-packages/airflow/example_dags/example_nested_branch_dag.py
[2025-08-14T17:59:40.012+0000] {processor.py:840} INFO - DAG(s) 'example_nested_branch_dag' retrieved from /home/airflow/.local/lib/python3.8/site-packages/airflow/example_dags/example_nested_branch_dag.py
[2025-08-14T17:59:40.023+0000] {logging_mixin.py:188} INFO - [2025-08-14T17:59:40.023+0000] {dag.py:3047} INFO - Sync 1 DAGs
[2025-08-14T17:59:40.033+0000] {logging_mixin.py:188} INFO - [2025-08-14T17:59:40.033+0000] {dag.py:3834} INFO - Setting next_dagrun for example_nested_branch_dag to 2025-08-13 00:00:00+00:00, run_after=2025-08-14 00:00:00+00:00
[2025-08-14T17:59:40.042+0000] {processor.py:183} INFO - Processing /home/airflow/.local/lib/python3.8/site-packages/airflow/example_dags/example_nested_branch_dag.py took 0.038 seconds
[2025-08-14T18:00:10.459+0000] {processor.py:161} INFO - Started process (PID=2648) to work on /home/airflow/.local/lib/python3.8/site-packages/airflow/example_dags/example_nested_branch_dag.py
[2025-08-14T18:00:10.461+0000] {processor.py:830} INFO - Processing file /home/airflow/.local/lib/python3.8/site-packages/airflow/example_dags/example_nested_branch_dag.py for tasks to queue
[2025-08-14T18:00:10.462+0000] {logging_mixin.py:188} INFO - [2025-08-14T18:00:10.462+0000] {dagbag.py:540} INFO - Filling up the DagBag from /home/airflow/.local/lib/python3.8/site-packages/airflow/example_dags/example_nested_branch_dag.py
[2025-08-14T18:00:10.470+0000] {processor.py:840} INFO - DAG(s) 'example_nested_branch_dag' retrieved from /home/airflow/.local/lib/python3.8/site-packages/airflow/example_dags/example_nested_branch_dag.py
[2025-08-14T18:00:10.488+0000] {logging_mixin.py:188} INFO - [2025-08-14T18:00:10.488+0000] {dag.py:3047} INFO - Sync 1 DAGs
[2025-08-14T18:00:10.503+0000] {logging_mixin.py:188} INFO - [2025-08-14T18:00:10.503+0000] {dag.py:3834} INFO - Setting next_dagrun for example_nested_branch_dag to 2025-08-13 00:00:00+00:00, run_after=2025-08-14 00:00:00+00:00
[2025-08-14T18:00:10.518+0000] {processor.py:183} INFO - Processing /home/airflow/.local/lib/python3.8/site-packages/airflow/example_dags/example_nested_branch_dag.py took 0.061 seconds
[2025-08-14T18:00:40.678+0000] {processor.py:161} INFO - Started process (PID=2704) to work on /home/airflow/.local/lib/python3.8/site-packages/airflow/example_dags/example_nested_branch_dag.py
[2025-08-14T18:00:40.679+0000] {processor.py:830} INFO - Processing file /home/airflow/.local/lib/python3.8/site-packages/airflow/example_dags/example_nested_branch_dag.py for tasks to queue
[2025-08-14T18:00:40.681+0000] {logging_mixin.py:188} INFO - [2025-08-14T18:00:40.681+0000] {dagbag.py:540} INFO - Filling up the DagBag from /home/airflow/.local/lib/python3.8/site-packages/airflow/example_dags/example_nested_branch_dag.py
[2025-08-14T18:00:40.687+0000] {processor.py:840} INFO - DAG(s) 'example_nested_branch_dag' retrieved from /home/airflow/.local/lib/python3.8/site-packages/airflow/example_dags/example_nested_branch_dag.py
[2025-08-14T18:00:40.708+0000] {logging_mixin.py:188} INFO - [2025-08-14T18:00:40.708+0000] {dag.py:3047} INFO - Sync 1 DAGs
[2025-08-14T18:00:40.720+0000] {logging_mixin.py:188} INFO - [2025-08-14T18:00:40.720+0000] {dag.py:3834} INFO - Setting next_dagrun for example_nested_branch_dag to 2025-08-13 00:00:00+00:00, run_after=2025-08-14 00:00:00+00:00
[2025-08-14T18:00:40.734+0000] {processor.py:183} INFO - Processing /home/airflow/.local/lib/python3.8/site-packages/airflow/example_dags/example_nested_branch_dag.py took 0.060 seconds
[2025-08-14T18:01:11.010+0000] {processor.py:161} INFO - Started process (PID=2760) to work on /home/airflow/.local/lib/python3.8/site-packages/airflow/example_dags/example_nested_branch_dag.py
[2025-08-14T18:01:11.011+0000] {processor.py:830} INFO - Processing file /home/airflow/.local/lib/python3.8/site-packages/airflow/example_dags/example_nested_branch_dag.py for tasks to queue
[2025-08-14T18:01:11.012+0000] {logging_mixin.py:188} INFO - [2025-08-14T18:01:11.012+0000] {dagbag.py:540} INFO - Filling up the DagBag from /home/airflow/.local/lib/python3.8/site-packages/airflow/example_dags/example_nested_branch_dag.py
[2025-08-14T18:01:11.019+0000] {processor.py:840} INFO - DAG(s) 'example_nested_branch_dag' retrieved from /home/airflow/.local/lib/python3.8/site-packages/airflow/example_dags/example_nested_branch_dag.py
[2025-08-14T18:01:11.034+0000] {logging_mixin.py:188} INFO - [2025-08-14T18:01:11.034+0000] {dag.py:3047} INFO - Sync 1 DAGs
[2025-08-14T18:01:11.052+0000] {logging_mixin.py:188} INFO - [2025-08-14T18:01:11.052+0000] {dag.py:3834} INFO - Setting next_dagrun for example_nested_branch_dag to 2025-08-13 00:00:00+00:00, run_after=2025-08-14 00:00:00+00:00
[2025-08-14T18:01:11.067+0000] {processor.py:183} INFO - Processing /home/airflow/.local/lib/python3.8/site-packages/airflow/example_dags/example_nested_branch_dag.py took 0.059 seconds
[2025-08-14T18:01:41.598+0000] {processor.py:161} INFO - Started process (PID=2816) to work on /home/airflow/.local/lib/python3.8/site-packages/airflow/example_dags/example_nested_branch_dag.py
[2025-08-14T18:01:41.599+0000] {processor.py:830} INFO - Processing file /home/airflow/.local/lib/python3.8/site-packages/airflow/example_dags/example_nested_branch_dag.py for tasks to queue
[2025-08-14T18:01:41.601+0000] {logging_mixin.py:188} INFO - [2025-08-14T18:01:41.601+0000] {dagbag.py:540} INFO - Filling up the DagBag from /home/airflow/.local/lib/python3.8/site-packages/airflow/example_dags/example_nested_branch_dag.py
[2025-08-14T18:01:41.608+0000] {processor.py:840} INFO - DAG(s) 'example_nested_branch_dag' retrieved from /home/airflow/.local/lib/python3.8/site-packages/airflow/example_dags/example_nested_branch_dag.py
[2025-08-14T18:01:41.643+0000] {logging_mixin.py:188} INFO - [2025-08-14T18:01:41.643+0000] {dag.py:3047} INFO - Sync 1 DAGs
[2025-08-14T18:01:41.657+0000] {logging_mixin.py:188} INFO - [2025-08-14T18:01:41.656+0000] {dag.py:3834} INFO - Setting next_dagrun for example_nested_branch_dag to 2025-08-13 00:00:00+00:00, run_after=2025-08-14 00:00:00+00:00
[2025-08-14T18:01:41.672+0000] {processor.py:183} INFO - Processing /home/airflow/.local/lib/python3.8/site-packages/airflow/example_dags/example_nested_branch_dag.py took 0.076 seconds
[2025-08-14T18:02:12.195+0000] {processor.py:161} INFO - Started process (PID=2872) to work on /home/airflow/.local/lib/python3.8/site-packages/airflow/example_dags/example_nested_branch_dag.py
[2025-08-14T18:02:12.196+0000] {processor.py:830} INFO - Processing file /home/airflow/.local/lib/python3.8/site-packages/airflow/example_dags/example_nested_branch_dag.py for tasks to queue
[2025-08-14T18:02:12.196+0000] {logging_mixin.py:188} INFO - [2025-08-14T18:02:12.196+0000] {dagbag.py:540} INFO - Filling up the DagBag from /home/airflow/.local/lib/python3.8/site-packages/airflow/example_dags/example_nested_branch_dag.py
[2025-08-14T18:02:12.203+0000] {processor.py:840} INFO - DAG(s) 'example_nested_branch_dag' retrieved from /home/airflow/.local/lib/python3.8/site-packages/airflow/example_dags/example_nested_branch_dag.py
[2025-08-14T18:02:12.220+0000] {logging_mixin.py:188} INFO - [2025-08-14T18:02:12.220+0000] {dag.py:3047} INFO - Sync 1 DAGs
[2025-08-14T18:02:12.238+0000] {logging_mixin.py:188} INFO - [2025-08-14T18:02:12.238+0000] {dag.py:3834} INFO - Setting next_dagrun for example_nested_branch_dag to 2025-08-13 00:00:00+00:00, run_after=2025-08-14 00:00:00+00:00
[2025-08-14T18:02:12.251+0000] {processor.py:183} INFO - Processing /home/airflow/.local/lib/python3.8/site-packages/airflow/example_dags/example_nested_branch_dag.py took 0.058 seconds
[2025-08-14T18:02:42.611+0000] {processor.py:161} INFO - Started process (PID=2928) to work on /home/airflow/.local/lib/python3.8/site-packages/airflow/example_dags/example_nested_branch_dag.py
[2025-08-14T18:02:42.612+0000] {processor.py:830} INFO - Processing file /home/airflow/.local/lib/python3.8/site-packages/airflow/example_dags/example_nested_branch_dag.py for tasks to queue
[2025-08-14T18:02:42.615+0000] {logging_mixin.py:188} INFO - [2025-08-14T18:02:42.615+0000] {dagbag.py:540} INFO - Filling up the DagBag from /home/airflow/.local/lib/python3.8/site-packages/airflow/example_dags/example_nested_branch_dag.py
[2025-08-14T18:02:42.632+0000] {processor.py:840} INFO - DAG(s) 'example_nested_branch_dag' retrieved from /home/airflow/.local/lib/python3.8/site-packages/airflow/example_dags/example_nested_branch_dag.py
[2025-08-14T18:02:42.657+0000] {logging_mixin.py:188} INFO - [2025-08-14T18:02:42.657+0000] {dag.py:3047} INFO - Sync 1 DAGs
[2025-08-14T18:02:42.684+0000] {logging_mixin.py:188} INFO - [2025-08-14T18:02:42.683+0000] {dag.py:3834} INFO - Setting next_dagrun for example_nested_branch_dag to 2025-08-13 00:00:00+00:00, run_after=2025-08-14 00:00:00+00:00
[2025-08-14T18:02:42.782+0000] {processor.py:183} INFO - Processing /home/airflow/.local/lib/python3.8/site-packages/airflow/example_dags/example_nested_branch_dag.py took 0.175 seconds
[2025-08-14T18:03:12.928+0000] {processor.py:161} INFO - Started process (PID=2982) to work on /home/airflow/.local/lib/python3.8/site-packages/airflow/example_dags/example_nested_branch_dag.py
[2025-08-14T18:03:12.929+0000] {processor.py:830} INFO - Processing file /home/airflow/.local/lib/python3.8/site-packages/airflow/example_dags/example_nested_branch_dag.py for tasks to queue
[2025-08-14T18:03:12.931+0000] {logging_mixin.py:188} INFO - [2025-08-14T18:03:12.931+0000] {dagbag.py:540} INFO - Filling up the DagBag from /home/airflow/.local/lib/python3.8/site-packages/airflow/example_dags/example_nested_branch_dag.py
[2025-08-14T18:03:12.936+0000] {processor.py:840} INFO - DAG(s) 'example_nested_branch_dag' retrieved from /home/airflow/.local/lib/python3.8/site-packages/airflow/example_dags/example_nested_branch_dag.py
[2025-08-14T18:03:12.954+0000] {logging_mixin.py:188} INFO - [2025-08-14T18:03:12.954+0000] {dag.py:3047} INFO - Sync 1 DAGs
[2025-08-14T18:03:12.978+0000] {logging_mixin.py:188} INFO - [2025-08-14T18:03:12.977+0000] {dag.py:3834} INFO - Setting next_dagrun for example_nested_branch_dag to 2025-08-13 00:00:00+00:00, run_after=2025-08-14 00:00:00+00:00
[2025-08-14T18:03:12.993+0000] {processor.py:183} INFO - Processing /home/airflow/.local/lib/python3.8/site-packages/airflow/example_dags/example_nested_branch_dag.py took 0.067 seconds
[2025-08-14T18:03:43.774+0000] {processor.py:161} INFO - Started process (PID=3038) to work on /home/airflow/.local/lib/python3.8/site-packages/airflow/example_dags/example_nested_branch_dag.py
[2025-08-14T18:03:43.776+0000] {processor.py:830} INFO - Processing file /home/airflow/.local/lib/python3.8/site-packages/airflow/example_dags/example_nested_branch_dag.py for tasks to queue
[2025-08-14T18:03:43.777+0000] {logging_mixin.py:188} INFO - [2025-08-14T18:03:43.777+0000] {dagbag.py:540} INFO - Filling up the DagBag from /home/airflow/.local/lib/python3.8/site-packages/airflow/example_dags/example_nested_branch_dag.py
[2025-08-14T18:03:43.783+0000] {processor.py:840} INFO - DAG(s) 'example_nested_branch_dag' retrieved from /home/airflow/.local/lib/python3.8/site-packages/airflow/example_dags/example_nested_branch_dag.py
[2025-08-14T18:03:43.797+0000] {logging_mixin.py:188} INFO - [2025-08-14T18:03:43.797+0000] {dag.py:3047} INFO - Sync 1 DAGs
[2025-08-14T18:03:43.808+0000] {logging_mixin.py:188} INFO - [2025-08-14T18:03:43.808+0000] {dag.py:3834} INFO - Setting next_dagrun for example_nested_branch_dag to 2025-08-13 00:00:00+00:00, run_after=2025-08-14 00:00:00+00:00
[2025-08-14T18:03:43.833+0000] {processor.py:183} INFO - Processing /home/airflow/.local/lib/python3.8/site-packages/airflow/example_dags/example_nested_branch_dag.py took 0.061 seconds
[2025-08-14T18:04:14.784+0000] {processor.py:161} INFO - Started process (PID=3094) to work on /home/airflow/.local/lib/python3.8/site-packages/airflow/example_dags/example_nested_branch_dag.py
[2025-08-14T18:04:14.784+0000] {processor.py:830} INFO - Processing file /home/airflow/.local/lib/python3.8/site-packages/airflow/example_dags/example_nested_branch_dag.py for tasks to queue
[2025-08-14T18:04:14.786+0000] {logging_mixin.py:188} INFO - [2025-08-14T18:04:14.786+0000] {dagbag.py:540} INFO - Filling up the DagBag from /home/airflow/.local/lib/python3.8/site-packages/airflow/example_dags/example_nested_branch_dag.py
[2025-08-14T18:04:14.793+0000] {processor.py:840} INFO - DAG(s) 'example_nested_branch_dag' retrieved from /home/airflow/.local/lib/python3.8/site-packages/airflow/example_dags/example_nested_branch_dag.py
[2025-08-14T18:04:14.807+0000] {logging_mixin.py:188} INFO - [2025-08-14T18:04:14.807+0000] {dag.py:3047} INFO - Sync 1 DAGs
[2025-08-14T18:04:14.822+0000] {logging_mixin.py:188} INFO - [2025-08-14T18:04:14.822+0000] {dag.py:3834} INFO - Setting next_dagrun for example_nested_branch_dag to 2025-08-13 00:00:00+00:00, run_after=2025-08-14 00:00:00+00:00
[2025-08-14T18:04:14.833+0000] {processor.py:183} INFO - Processing /home/airflow/.local/lib/python3.8/site-packages/airflow/example_dags/example_nested_branch_dag.py took 0.051 seconds
[2025-08-14T18:04:46.243+0000] {processor.py:161} INFO - Started process (PID=3150) to work on /home/airflow/.local/lib/python3.8/site-packages/airflow/example_dags/example_nested_branch_dag.py
[2025-08-14T18:04:46.245+0000] {processor.py:830} INFO - Processing file /home/airflow/.local/lib/python3.8/site-packages/airflow/example_dags/example_nested_branch_dag.py for tasks to queue
[2025-08-14T18:04:46.247+0000] {logging_mixin.py:188} INFO - [2025-08-14T18:04:46.247+0000] {dagbag.py:540} INFO - Filling up the DagBag from /home/airflow/.local/lib/python3.8/site-packages/airflow/example_dags/example_nested_branch_dag.py
[2025-08-14T18:04:46.253+0000] {processor.py:840} INFO - DAG(s) 'example_nested_branch_dag' retrieved from /home/airflow/.local/lib/python3.8/site-packages/airflow/example_dags/example_nested_branch_dag.py
[2025-08-14T18:04:46.285+0000] {logging_mixin.py:188} INFO - [2025-08-14T18:04:46.285+0000] {dag.py:3047} INFO - Sync 1 DAGs
[2025-08-14T18:04:46.306+0000] {logging_mixin.py:188} INFO - [2025-08-14T18:04:46.306+0000] {dag.py:3834} INFO - Setting next_dagrun for example_nested_branch_dag to 2025-08-13 00:00:00+00:00, run_after=2025-08-14 00:00:00+00:00
[2025-08-14T18:04:46.326+0000] {processor.py:183} INFO - Processing /home/airflow/.local/lib/python3.8/site-packages/airflow/example_dags/example_nested_branch_dag.py took 0.085 seconds
[2025-08-14T18:05:17.192+0000] {processor.py:161} INFO - Started process (PID=3206) to work on /home/airflow/.local/lib/python3.8/site-packages/airflow/example_dags/example_nested_branch_dag.py
[2025-08-14T18:05:17.193+0000] {processor.py:830} INFO - Processing file /home/airflow/.local/lib/python3.8/site-packages/airflow/example_dags/example_nested_branch_dag.py for tasks to queue
[2025-08-14T18:05:17.195+0000] {logging_mixin.py:188} INFO - [2025-08-14T18:05:17.195+0000] {dagbag.py:540} INFO - Filling up the DagBag from /home/airflow/.local/lib/python3.8/site-packages/airflow/example_dags/example_nested_branch_dag.py
[2025-08-14T18:05:17.201+0000] {processor.py:840} INFO - DAG(s) 'example_nested_branch_dag' retrieved from /home/airflow/.local/lib/python3.8/site-packages/airflow/example_dags/example_nested_branch_dag.py
[2025-08-14T18:05:17.216+0000] {logging_mixin.py:188} INFO - [2025-08-14T18:05:17.216+0000] {dag.py:3047} INFO - Sync 1 DAGs
[2025-08-14T18:05:17.232+0000] {logging_mixin.py:188} INFO - [2025-08-14T18:05:17.232+0000] {dag.py:3834} INFO - Setting next_dagrun for example_nested_branch_dag to 2025-08-13 00:00:00+00:00, run_after=2025-08-14 00:00:00+00:00
[2025-08-14T18:05:17.248+0000] {processor.py:183} INFO - Processing /home/airflow/.local/lib/python3.8/site-packages/airflow/example_dags/example_nested_branch_dag.py took 0.059 seconds
[2025-08-14T18:05:48.217+0000] {processor.py:161} INFO - Started process (PID=3262) to work on /home/airflow/.local/lib/python3.8/site-packages/airflow/example_dags/example_nested_branch_dag.py
[2025-08-14T18:05:48.219+0000] {processor.py:830} INFO - Processing file /home/airflow/.local/lib/python3.8/site-packages/airflow/example_dags/example_nested_branch_dag.py for tasks to queue
[2025-08-14T18:05:48.220+0000] {logging_mixin.py:188} INFO - [2025-08-14T18:05:48.220+0000] {dagbag.py:540} INFO - Filling up the DagBag from /home/airflow/.local/lib/python3.8/site-packages/airflow/example_dags/example_nested_branch_dag.py
[2025-08-14T18:05:48.228+0000] {processor.py:840} INFO - DAG(s) 'example_nested_branch_dag' retrieved from /home/airflow/.local/lib/python3.8/site-packages/airflow/example_dags/example_nested_branch_dag.py
[2025-08-14T18:05:48.255+0000] {logging_mixin.py:188} INFO - [2025-08-14T18:05:48.255+0000] {dag.py:3047} INFO - Sync 1 DAGs
[2025-08-14T18:05:48.270+0000] {logging_mixin.py:188} INFO - [2025-08-14T18:05:48.270+0000] {dag.py:3834} INFO - Setting next_dagrun for example_nested_branch_dag to 2025-08-13 00:00:00+00:00, run_after=2025-08-14 00:00:00+00:00
[2025-08-14T18:05:48.286+0000] {processor.py:183} INFO - Processing /home/airflow/.local/lib/python3.8/site-packages/airflow/example_dags/example_nested_branch_dag.py took 0.072 seconds
