[2025-08-14T17:36:45.020+0000] {processor.py:161} INFO - Started process (PID=69) to work on /home/airflow/.local/lib/python3.8/site-packages/airflow/example_dags/example_sla_dag.py
[2025-08-14T17:36:45.027+0000] {processor.py:830} INFO - Processing file /home/airflow/.local/lib/python3.8/site-packages/airflow/example_dags/example_sla_dag.py for tasks to queue
[2025-08-14T17:36:45.056+0000] {logging_mixin.py:188} INFO - [2025-08-14T17:36:45.054+0000] {dagbag.py:540} INFO - Filling up the DagBag from /home/airflow/.local/lib/python3.8/site-packages/airflow/example_dags/example_sla_dag.py
[2025-08-14T17:36:45.099+0000] {processor.py:840} INFO - DAG(s) 'example_sla_dag' retrieved from /home/airflow/.local/lib/python3.8/site-packages/airflow/example_dags/example_sla_dag.py
[2025-08-14T17:36:45.266+0000] {logging_mixin.py:188} INFO - [2025-08-14T17:36:45.264+0000] {dag.py:3047} INFO - Sync 1 DAGs
[2025-08-14T17:36:45.444+0000] {logging_mixin.py:188} INFO - [2025-08-14T17:36:45.443+0000] {dag.py:3834} INFO - Setting next_dagrun for example_sla_dag to 2025-08-14 17:34:00+00:00, run_after=2025-08-14 17:36:00+00:00
[2025-08-14T17:36:45.495+0000] {processor.py:183} INFO - Processing /home/airflow/.local/lib/python3.8/site-packages/airflow/example_dags/example_sla_dag.py took 0.493 seconds
[2025-08-14T17:37:16.050+0000] {processor.py:161} INFO - Started process (PID=125) to work on /home/airflow/.local/lib/python3.8/site-packages/airflow/example_dags/example_sla_dag.py
[2025-08-14T17:37:16.050+0000] {processor.py:830} INFO - Processing file /home/airflow/.local/lib/python3.8/site-packages/airflow/example_dags/example_sla_dag.py for tasks to queue
[2025-08-14T17:37:16.051+0000] {logging_mixin.py:188} INFO - [2025-08-14T17:37:16.051+0000] {dagbag.py:540} INFO - Filling up the DagBag from /home/airflow/.local/lib/python3.8/site-packages/airflow/example_dags/example_sla_dag.py
[2025-08-14T17:37:16.056+0000] {processor.py:840} INFO - DAG(s) 'example_sla_dag' retrieved from /home/airflow/.local/lib/python3.8/site-packages/airflow/example_dags/example_sla_dag.py
[2025-08-14T17:37:16.107+0000] {logging_mixin.py:188} INFO - [2025-08-14T17:37:16.107+0000] {dag.py:3047} INFO - Sync 1 DAGs
[2025-08-14T17:37:16.121+0000] {logging_mixin.py:188} INFO - [2025-08-14T17:37:16.121+0000] {dag.py:3834} INFO - Setting next_dagrun for example_sla_dag to 2025-08-14 17:34:00+00:00, run_after=2025-08-14 17:36:00+00:00
[2025-08-14T17:37:16.139+0000] {processor.py:183} INFO - Processing /home/airflow/.local/lib/python3.8/site-packages/airflow/example_dags/example_sla_dag.py took 0.092 seconds
[2025-08-14T17:37:46.849+0000] {processor.py:161} INFO - Started process (PID=181) to work on /home/airflow/.local/lib/python3.8/site-packages/airflow/example_dags/example_sla_dag.py
[2025-08-14T17:37:46.850+0000] {processor.py:830} INFO - Processing file /home/airflow/.local/lib/python3.8/site-packages/airflow/example_dags/example_sla_dag.py for tasks to queue
[2025-08-14T17:37:46.851+0000] {logging_mixin.py:188} INFO - [2025-08-14T17:37:46.851+0000] {dagbag.py:540} INFO - Filling up the DagBag from /home/airflow/.local/lib/python3.8/site-packages/airflow/example_dags/example_sla_dag.py
[2025-08-14T17:37:46.856+0000] {processor.py:840} INFO - DAG(s) 'example_sla_dag' retrieved from /home/airflow/.local/lib/python3.8/site-packages/airflow/example_dags/example_sla_dag.py
[2025-08-14T17:37:46.872+0000] {logging_mixin.py:188} INFO - [2025-08-14T17:37:46.872+0000] {dag.py:3047} INFO - Sync 1 DAGs
[2025-08-14T17:37:46.894+0000] {logging_mixin.py:188} INFO - [2025-08-14T17:37:46.894+0000] {dag.py:3834} INFO - Setting next_dagrun for example_sla_dag to 2025-08-14 17:34:00+00:00, run_after=2025-08-14 17:36:00+00:00
[2025-08-14T17:37:46.908+0000] {processor.py:183} INFO - Processing /home/airflow/.local/lib/python3.8/site-packages/airflow/example_dags/example_sla_dag.py took 0.061 seconds
[2025-08-14T17:38:17.800+0000] {processor.py:161} INFO - Started process (PID=237) to work on /home/airflow/.local/lib/python3.8/site-packages/airflow/example_dags/example_sla_dag.py
[2025-08-14T17:38:17.801+0000] {processor.py:830} INFO - Processing file /home/airflow/.local/lib/python3.8/site-packages/airflow/example_dags/example_sla_dag.py for tasks to queue
[2025-08-14T17:38:17.802+0000] {logging_mixin.py:188} INFO - [2025-08-14T17:38:17.802+0000] {dagbag.py:540} INFO - Filling up the DagBag from /home/airflow/.local/lib/python3.8/site-packages/airflow/example_dags/example_sla_dag.py
[2025-08-14T17:38:17.808+0000] {processor.py:840} INFO - DAG(s) 'example_sla_dag' retrieved from /home/airflow/.local/lib/python3.8/site-packages/airflow/example_dags/example_sla_dag.py
[2025-08-14T17:38:17.819+0000] {logging_mixin.py:188} INFO - [2025-08-14T17:38:17.819+0000] {dag.py:3047} INFO - Sync 1 DAGs
[2025-08-14T17:38:17.836+0000] {logging_mixin.py:188} INFO - [2025-08-14T17:38:17.835+0000] {dag.py:3834} INFO - Setting next_dagrun for example_sla_dag to 2025-08-14 17:36:00+00:00, run_after=2025-08-14 17:38:00+00:00
[2025-08-14T17:38:17.851+0000] {processor.py:183} INFO - Processing /home/airflow/.local/lib/python3.8/site-packages/airflow/example_dags/example_sla_dag.py took 0.053 seconds
[2025-08-14T17:38:48.427+0000] {processor.py:161} INFO - Started process (PID=294) to work on /home/airflow/.local/lib/python3.8/site-packages/airflow/example_dags/example_sla_dag.py
[2025-08-14T17:38:48.428+0000] {processor.py:830} INFO - Processing file /home/airflow/.local/lib/python3.8/site-packages/airflow/example_dags/example_sla_dag.py for tasks to queue
[2025-08-14T17:38:48.429+0000] {logging_mixin.py:188} INFO - [2025-08-14T17:38:48.428+0000] {dagbag.py:540} INFO - Filling up the DagBag from /home/airflow/.local/lib/python3.8/site-packages/airflow/example_dags/example_sla_dag.py
[2025-08-14T17:38:48.434+0000] {processor.py:840} INFO - DAG(s) 'example_sla_dag' retrieved from /home/airflow/.local/lib/python3.8/site-packages/airflow/example_dags/example_sla_dag.py
[2025-08-14T17:38:48.445+0000] {logging_mixin.py:188} INFO - [2025-08-14T17:38:48.445+0000] {dag.py:3047} INFO - Sync 1 DAGs
[2025-08-14T17:38:48.463+0000] {logging_mixin.py:188} INFO - [2025-08-14T17:38:48.462+0000] {dag.py:3834} INFO - Setting next_dagrun for example_sla_dag to 2025-08-14 17:36:00+00:00, run_after=2025-08-14 17:38:00+00:00
[2025-08-14T17:38:48.482+0000] {processor.py:183} INFO - Processing /home/airflow/.local/lib/python3.8/site-packages/airflow/example_dags/example_sla_dag.py took 0.057 seconds
[2025-08-14T17:39:18.665+0000] {processor.py:161} INFO - Started process (PID=350) to work on /home/airflow/.local/lib/python3.8/site-packages/airflow/example_dags/example_sla_dag.py
[2025-08-14T17:39:18.666+0000] {processor.py:830} INFO - Processing file /home/airflow/.local/lib/python3.8/site-packages/airflow/example_dags/example_sla_dag.py for tasks to queue
[2025-08-14T17:39:18.667+0000] {logging_mixin.py:188} INFO - [2025-08-14T17:39:18.667+0000] {dagbag.py:540} INFO - Filling up the DagBag from /home/airflow/.local/lib/python3.8/site-packages/airflow/example_dags/example_sla_dag.py
[2025-08-14T17:39:18.672+0000] {processor.py:840} INFO - DAG(s) 'example_sla_dag' retrieved from /home/airflow/.local/lib/python3.8/site-packages/airflow/example_dags/example_sla_dag.py
[2025-08-14T17:39:18.688+0000] {logging_mixin.py:188} INFO - [2025-08-14T17:39:18.688+0000] {dag.py:3047} INFO - Sync 1 DAGs
[2025-08-14T17:39:18.701+0000] {logging_mixin.py:188} INFO - [2025-08-14T17:39:18.700+0000] {dag.py:3834} INFO - Setting next_dagrun for example_sla_dag to 2025-08-14 17:36:00+00:00, run_after=2025-08-14 17:38:00+00:00
[2025-08-14T17:39:18.717+0000] {processor.py:183} INFO - Processing /home/airflow/.local/lib/python3.8/site-packages/airflow/example_dags/example_sla_dag.py took 0.055 seconds
[2025-08-14T17:39:49.434+0000] {processor.py:161} INFO - Started process (PID=406) to work on /home/airflow/.local/lib/python3.8/site-packages/airflow/example_dags/example_sla_dag.py
[2025-08-14T17:39:49.436+0000] {processor.py:830} INFO - Processing file /home/airflow/.local/lib/python3.8/site-packages/airflow/example_dags/example_sla_dag.py for tasks to queue
[2025-08-14T17:39:49.437+0000] {logging_mixin.py:188} INFO - [2025-08-14T17:39:49.437+0000] {dagbag.py:540} INFO - Filling up the DagBag from /home/airflow/.local/lib/python3.8/site-packages/airflow/example_dags/example_sla_dag.py
[2025-08-14T17:39:49.444+0000] {processor.py:840} INFO - DAG(s) 'example_sla_dag' retrieved from /home/airflow/.local/lib/python3.8/site-packages/airflow/example_dags/example_sla_dag.py
[2025-08-14T17:39:49.461+0000] {logging_mixin.py:188} INFO - [2025-08-14T17:39:49.460+0000] {dag.py:3047} INFO - Sync 1 DAGs
[2025-08-14T17:39:49.486+0000] {logging_mixin.py:188} INFO - [2025-08-14T17:39:49.485+0000] {dag.py:3834} INFO - Setting next_dagrun for example_sla_dag to 2025-08-14 17:36:00+00:00, run_after=2025-08-14 17:38:00+00:00
[2025-08-14T17:39:49.513+0000] {processor.py:183} INFO - Processing /home/airflow/.local/lib/python3.8/site-packages/airflow/example_dags/example_sla_dag.py took 0.082 seconds
[2025-08-14T17:40:20.126+0000] {processor.py:161} INFO - Started process (PID=462) to work on /home/airflow/.local/lib/python3.8/site-packages/airflow/example_dags/example_sla_dag.py
[2025-08-14T17:40:20.126+0000] {processor.py:830} INFO - Processing file /home/airflow/.local/lib/python3.8/site-packages/airflow/example_dags/example_sla_dag.py for tasks to queue
[2025-08-14T17:40:20.128+0000] {logging_mixin.py:188} INFO - [2025-08-14T17:40:20.127+0000] {dagbag.py:540} INFO - Filling up the DagBag from /home/airflow/.local/lib/python3.8/site-packages/airflow/example_dags/example_sla_dag.py
[2025-08-14T17:40:20.135+0000] {processor.py:840} INFO - DAG(s) 'example_sla_dag' retrieved from /home/airflow/.local/lib/python3.8/site-packages/airflow/example_dags/example_sla_dag.py
[2025-08-14T17:40:20.152+0000] {logging_mixin.py:188} INFO - [2025-08-14T17:40:20.151+0000] {dag.py:3047} INFO - Sync 1 DAGs
[2025-08-14T17:40:20.165+0000] {logging_mixin.py:188} INFO - [2025-08-14T17:40:20.165+0000] {dag.py:3834} INFO - Setting next_dagrun for example_sla_dag to 2025-08-14 17:38:00+00:00, run_after=2025-08-14 17:40:00+00:00
[2025-08-14T17:40:20.173+0000] {processor.py:183} INFO - Processing /home/airflow/.local/lib/python3.8/site-packages/airflow/example_dags/example_sla_dag.py took 0.050 seconds
[2025-08-14T17:40:50.809+0000] {processor.py:161} INFO - Started process (PID=518) to work on /home/airflow/.local/lib/python3.8/site-packages/airflow/example_dags/example_sla_dag.py
[2025-08-14T17:40:50.811+0000] {processor.py:830} INFO - Processing file /home/airflow/.local/lib/python3.8/site-packages/airflow/example_dags/example_sla_dag.py for tasks to queue
[2025-08-14T17:40:50.813+0000] {logging_mixin.py:188} INFO - [2025-08-14T17:40:50.813+0000] {dagbag.py:540} INFO - Filling up the DagBag from /home/airflow/.local/lib/python3.8/site-packages/airflow/example_dags/example_sla_dag.py
[2025-08-14T17:40:50.825+0000] {processor.py:840} INFO - DAG(s) 'example_sla_dag' retrieved from /home/airflow/.local/lib/python3.8/site-packages/airflow/example_dags/example_sla_dag.py
[2025-08-14T17:40:50.847+0000] {logging_mixin.py:188} INFO - [2025-08-14T17:40:50.847+0000] {dag.py:3047} INFO - Sync 1 DAGs
[2025-08-14T17:40:50.869+0000] {logging_mixin.py:188} INFO - [2025-08-14T17:40:50.869+0000] {dag.py:3834} INFO - Setting next_dagrun for example_sla_dag to 2025-08-14 17:38:00+00:00, run_after=2025-08-14 17:40:00+00:00
[2025-08-14T17:40:50.884+0000] {processor.py:183} INFO - Processing /home/airflow/.local/lib/python3.8/site-packages/airflow/example_dags/example_sla_dag.py took 0.078 seconds
[2025-08-14T17:41:21.219+0000] {processor.py:161} INFO - Started process (PID=574) to work on /home/airflow/.local/lib/python3.8/site-packages/airflow/example_dags/example_sla_dag.py
[2025-08-14T17:41:21.220+0000] {processor.py:830} INFO - Processing file /home/airflow/.local/lib/python3.8/site-packages/airflow/example_dags/example_sla_dag.py for tasks to queue
[2025-08-14T17:41:21.223+0000] {logging_mixin.py:188} INFO - [2025-08-14T17:41:21.223+0000] {dagbag.py:540} INFO - Filling up the DagBag from /home/airflow/.local/lib/python3.8/site-packages/airflow/example_dags/example_sla_dag.py
[2025-08-14T17:41:21.231+0000] {processor.py:840} INFO - DAG(s) 'example_sla_dag' retrieved from /home/airflow/.local/lib/python3.8/site-packages/airflow/example_dags/example_sla_dag.py
[2025-08-14T17:41:21.254+0000] {logging_mixin.py:188} INFO - [2025-08-14T17:41:21.254+0000] {dag.py:3047} INFO - Sync 1 DAGs
[2025-08-14T17:41:21.267+0000] {logging_mixin.py:188} INFO - [2025-08-14T17:41:21.267+0000] {dag.py:3834} INFO - Setting next_dagrun for example_sla_dag to 2025-08-14 17:38:00+00:00, run_after=2025-08-14 17:40:00+00:00
[2025-08-14T17:41:21.279+0000] {processor.py:183} INFO - Processing /home/airflow/.local/lib/python3.8/site-packages/airflow/example_dags/example_sla_dag.py took 0.062 seconds
[2025-08-14T17:41:51.769+0000] {processor.py:161} INFO - Started process (PID=630) to work on /home/airflow/.local/lib/python3.8/site-packages/airflow/example_dags/example_sla_dag.py
[2025-08-14T17:41:51.770+0000] {processor.py:830} INFO - Processing file /home/airflow/.local/lib/python3.8/site-packages/airflow/example_dags/example_sla_dag.py for tasks to queue
[2025-08-14T17:41:51.772+0000] {logging_mixin.py:188} INFO - [2025-08-14T17:41:51.771+0000] {dagbag.py:540} INFO - Filling up the DagBag from /home/airflow/.local/lib/python3.8/site-packages/airflow/example_dags/example_sla_dag.py
[2025-08-14T17:41:51.779+0000] {processor.py:840} INFO - DAG(s) 'example_sla_dag' retrieved from /home/airflow/.local/lib/python3.8/site-packages/airflow/example_dags/example_sla_dag.py
[2025-08-14T17:41:51.793+0000] {logging_mixin.py:188} INFO - [2025-08-14T17:41:51.793+0000] {dag.py:3047} INFO - Sync 1 DAGs
[2025-08-14T17:41:51.815+0000] {logging_mixin.py:188} INFO - [2025-08-14T17:41:51.815+0000] {dag.py:3834} INFO - Setting next_dagrun for example_sla_dag to 2025-08-14 17:38:00+00:00, run_after=2025-08-14 17:40:00+00:00
[2025-08-14T17:41:51.829+0000] {processor.py:183} INFO - Processing /home/airflow/.local/lib/python3.8/site-packages/airflow/example_dags/example_sla_dag.py took 0.063 seconds
[2025-08-14T17:42:22.448+0000] {processor.py:161} INFO - Started process (PID=686) to work on /home/airflow/.local/lib/python3.8/site-packages/airflow/example_dags/example_sla_dag.py
[2025-08-14T17:42:22.450+0000] {processor.py:830} INFO - Processing file /home/airflow/.local/lib/python3.8/site-packages/airflow/example_dags/example_sla_dag.py for tasks to queue
[2025-08-14T17:42:22.452+0000] {logging_mixin.py:188} INFO - [2025-08-14T17:42:22.452+0000] {dagbag.py:540} INFO - Filling up the DagBag from /home/airflow/.local/lib/python3.8/site-packages/airflow/example_dags/example_sla_dag.py
[2025-08-14T17:42:22.459+0000] {processor.py:840} INFO - DAG(s) 'example_sla_dag' retrieved from /home/airflow/.local/lib/python3.8/site-packages/airflow/example_dags/example_sla_dag.py
[2025-08-14T17:42:22.475+0000] {logging_mixin.py:188} INFO - [2025-08-14T17:42:22.474+0000] {dag.py:3047} INFO - Sync 1 DAGs
[2025-08-14T17:42:22.491+0000] {logging_mixin.py:188} INFO - [2025-08-14T17:42:22.490+0000] {dag.py:3834} INFO - Setting next_dagrun for example_sla_dag to 2025-08-14 17:40:00+00:00, run_after=2025-08-14 17:42:00+00:00
[2025-08-14T17:42:22.501+0000] {processor.py:183} INFO - Processing /home/airflow/.local/lib/python3.8/site-packages/airflow/example_dags/example_sla_dag.py took 0.061 seconds
[2025-08-14T17:42:52.916+0000] {processor.py:161} INFO - Started process (PID=742) to work on /home/airflow/.local/lib/python3.8/site-packages/airflow/example_dags/example_sla_dag.py
[2025-08-14T17:42:52.917+0000] {processor.py:830} INFO - Processing file /home/airflow/.local/lib/python3.8/site-packages/airflow/example_dags/example_sla_dag.py for tasks to queue
[2025-08-14T17:42:52.918+0000] {logging_mixin.py:188} INFO - [2025-08-14T17:42:52.918+0000] {dagbag.py:540} INFO - Filling up the DagBag from /home/airflow/.local/lib/python3.8/site-packages/airflow/example_dags/example_sla_dag.py
[2025-08-14T17:42:52.924+0000] {processor.py:840} INFO - DAG(s) 'example_sla_dag' retrieved from /home/airflow/.local/lib/python3.8/site-packages/airflow/example_dags/example_sla_dag.py
[2025-08-14T17:42:52.941+0000] {logging_mixin.py:188} INFO - [2025-08-14T17:42:52.941+0000] {dag.py:3047} INFO - Sync 1 DAGs
[2025-08-14T17:42:52.963+0000] {logging_mixin.py:188} INFO - [2025-08-14T17:42:52.963+0000] {dag.py:3834} INFO - Setting next_dagrun for example_sla_dag to 2025-08-14 17:40:00+00:00, run_after=2025-08-14 17:42:00+00:00
[2025-08-14T17:42:52.978+0000] {processor.py:183} INFO - Processing /home/airflow/.local/lib/python3.8/site-packages/airflow/example_dags/example_sla_dag.py took 0.064 seconds
[2025-08-14T17:43:23.422+0000] {processor.py:161} INFO - Started process (PID=798) to work on /home/airflow/.local/lib/python3.8/site-packages/airflow/example_dags/example_sla_dag.py
[2025-08-14T17:43:23.425+0000] {processor.py:830} INFO - Processing file /home/airflow/.local/lib/python3.8/site-packages/airflow/example_dags/example_sla_dag.py for tasks to queue
[2025-08-14T17:43:23.427+0000] {logging_mixin.py:188} INFO - [2025-08-14T17:43:23.426+0000] {dagbag.py:540} INFO - Filling up the DagBag from /home/airflow/.local/lib/python3.8/site-packages/airflow/example_dags/example_sla_dag.py
[2025-08-14T17:43:23.433+0000] {processor.py:840} INFO - DAG(s) 'example_sla_dag' retrieved from /home/airflow/.local/lib/python3.8/site-packages/airflow/example_dags/example_sla_dag.py
[2025-08-14T17:43:23.454+0000] {logging_mixin.py:188} INFO - [2025-08-14T17:43:23.454+0000] {dag.py:3047} INFO - Sync 1 DAGs
[2025-08-14T17:43:23.468+0000] {logging_mixin.py:188} INFO - [2025-08-14T17:43:23.468+0000] {dag.py:3834} INFO - Setting next_dagrun for example_sla_dag to 2025-08-14 17:40:00+00:00, run_after=2025-08-14 17:42:00+00:00
[2025-08-14T17:43:23.480+0000] {processor.py:183} INFO - Processing /home/airflow/.local/lib/python3.8/site-packages/airflow/example_dags/example_sla_dag.py took 0.060 seconds
[2025-08-14T17:43:53.936+0000] {processor.py:161} INFO - Started process (PID=854) to work on /home/airflow/.local/lib/python3.8/site-packages/airflow/example_dags/example_sla_dag.py
[2025-08-14T17:43:53.936+0000] {processor.py:830} INFO - Processing file /home/airflow/.local/lib/python3.8/site-packages/airflow/example_dags/example_sla_dag.py for tasks to queue
[2025-08-14T17:43:53.937+0000] {logging_mixin.py:188} INFO - [2025-08-14T17:43:53.937+0000] {dagbag.py:540} INFO - Filling up the DagBag from /home/airflow/.local/lib/python3.8/site-packages/airflow/example_dags/example_sla_dag.py
[2025-08-14T17:43:53.943+0000] {processor.py:840} INFO - DAG(s) 'example_sla_dag' retrieved from /home/airflow/.local/lib/python3.8/site-packages/airflow/example_dags/example_sla_dag.py
[2025-08-14T17:43:53.960+0000] {logging_mixin.py:188} INFO - [2025-08-14T17:43:53.960+0000] {dag.py:3047} INFO - Sync 1 DAGs
[2025-08-14T17:43:53.975+0000] {logging_mixin.py:188} INFO - [2025-08-14T17:43:53.975+0000] {dag.py:3834} INFO - Setting next_dagrun for example_sla_dag to 2025-08-14 17:40:00+00:00, run_after=2025-08-14 17:42:00+00:00
[2025-08-14T17:43:53.994+0000] {processor.py:183} INFO - Processing /home/airflow/.local/lib/python3.8/site-packages/airflow/example_dags/example_sla_dag.py took 0.060 seconds
[2025-08-14T17:44:25.055+0000] {processor.py:161} INFO - Started process (PID=910) to work on /home/airflow/.local/lib/python3.8/site-packages/airflow/example_dags/example_sla_dag.py
[2025-08-14T17:44:25.057+0000] {processor.py:830} INFO - Processing file /home/airflow/.local/lib/python3.8/site-packages/airflow/example_dags/example_sla_dag.py for tasks to queue
[2025-08-14T17:44:25.062+0000] {logging_mixin.py:188} INFO - [2025-08-14T17:44:25.060+0000] {dagbag.py:540} INFO - Filling up the DagBag from /home/airflow/.local/lib/python3.8/site-packages/airflow/example_dags/example_sla_dag.py
[2025-08-14T17:44:25.075+0000] {processor.py:840} INFO - DAG(s) 'example_sla_dag' retrieved from /home/airflow/.local/lib/python3.8/site-packages/airflow/example_dags/example_sla_dag.py
[2025-08-14T17:44:25.094+0000] {logging_mixin.py:188} INFO - [2025-08-14T17:44:25.094+0000] {dag.py:3047} INFO - Sync 1 DAGs
[2025-08-14T17:44:25.137+0000] {logging_mixin.py:188} INFO - [2025-08-14T17:44:25.137+0000] {dag.py:3834} INFO - Setting next_dagrun for example_sla_dag to 2025-08-14 17:42:00+00:00, run_after=2025-08-14 17:44:00+00:00
[2025-08-14T17:44:25.150+0000] {processor.py:183} INFO - Processing /home/airflow/.local/lib/python3.8/site-packages/airflow/example_dags/example_sla_dag.py took 0.098 seconds
[2025-08-14T17:44:55.468+0000] {processor.py:161} INFO - Started process (PID=966) to work on /home/airflow/.local/lib/python3.8/site-packages/airflow/example_dags/example_sla_dag.py
[2025-08-14T17:44:55.470+0000] {processor.py:830} INFO - Processing file /home/airflow/.local/lib/python3.8/site-packages/airflow/example_dags/example_sla_dag.py for tasks to queue
[2025-08-14T17:44:55.472+0000] {logging_mixin.py:188} INFO - [2025-08-14T17:44:55.472+0000] {dagbag.py:540} INFO - Filling up the DagBag from /home/airflow/.local/lib/python3.8/site-packages/airflow/example_dags/example_sla_dag.py
[2025-08-14T17:44:55.484+0000] {processor.py:840} INFO - DAG(s) 'example_sla_dag' retrieved from /home/airflow/.local/lib/python3.8/site-packages/airflow/example_dags/example_sla_dag.py
[2025-08-14T17:44:55.500+0000] {logging_mixin.py:188} INFO - [2025-08-14T17:44:55.500+0000] {dag.py:3047} INFO - Sync 1 DAGs
[2025-08-14T17:44:55.514+0000] {logging_mixin.py:188} INFO - [2025-08-14T17:44:55.514+0000] {dag.py:3834} INFO - Setting next_dagrun for example_sla_dag to 2025-08-14 17:42:00+00:00, run_after=2025-08-14 17:44:00+00:00
[2025-08-14T17:44:55.526+0000] {processor.py:183} INFO - Processing /home/airflow/.local/lib/python3.8/site-packages/airflow/example_dags/example_sla_dag.py took 0.063 seconds
[2025-08-14T17:45:25.822+0000] {processor.py:161} INFO - Started process (PID=1022) to work on /home/airflow/.local/lib/python3.8/site-packages/airflow/example_dags/example_sla_dag.py
[2025-08-14T17:45:25.824+0000] {processor.py:830} INFO - Processing file /home/airflow/.local/lib/python3.8/site-packages/airflow/example_dags/example_sla_dag.py for tasks to queue
[2025-08-14T17:45:25.825+0000] {logging_mixin.py:188} INFO - [2025-08-14T17:45:25.825+0000] {dagbag.py:540} INFO - Filling up the DagBag from /home/airflow/.local/lib/python3.8/site-packages/airflow/example_dags/example_sla_dag.py
[2025-08-14T17:45:25.830+0000] {processor.py:840} INFO - DAG(s) 'example_sla_dag' retrieved from /home/airflow/.local/lib/python3.8/site-packages/airflow/example_dags/example_sla_dag.py
[2025-08-14T17:45:25.842+0000] {logging_mixin.py:188} INFO - [2025-08-14T17:45:25.841+0000] {dag.py:3047} INFO - Sync 1 DAGs
[2025-08-14T17:45:25.855+0000] {logging_mixin.py:188} INFO - [2025-08-14T17:45:25.855+0000] {dag.py:3834} INFO - Setting next_dagrun for example_sla_dag to 2025-08-14 17:42:00+00:00, run_after=2025-08-14 17:44:00+00:00
[2025-08-14T17:45:25.866+0000] {processor.py:183} INFO - Processing /home/airflow/.local/lib/python3.8/site-packages/airflow/example_dags/example_sla_dag.py took 0.046 seconds
[2025-08-14T17:45:56.303+0000] {processor.py:161} INFO - Started process (PID=1078) to work on /home/airflow/.local/lib/python3.8/site-packages/airflow/example_dags/example_sla_dag.py
[2025-08-14T17:45:56.304+0000] {processor.py:830} INFO - Processing file /home/airflow/.local/lib/python3.8/site-packages/airflow/example_dags/example_sla_dag.py for tasks to queue
[2025-08-14T17:45:56.305+0000] {logging_mixin.py:188} INFO - [2025-08-14T17:45:56.305+0000] {dagbag.py:540} INFO - Filling up the DagBag from /home/airflow/.local/lib/python3.8/site-packages/airflow/example_dags/example_sla_dag.py
[2025-08-14T17:45:56.312+0000] {processor.py:840} INFO - DAG(s) 'example_sla_dag' retrieved from /home/airflow/.local/lib/python3.8/site-packages/airflow/example_dags/example_sla_dag.py
[2025-08-14T17:45:56.331+0000] {logging_mixin.py:188} INFO - [2025-08-14T17:45:56.331+0000] {dag.py:3047} INFO - Sync 1 DAGs
[2025-08-14T17:45:56.346+0000] {logging_mixin.py:188} INFO - [2025-08-14T17:45:56.346+0000] {dag.py:3834} INFO - Setting next_dagrun for example_sla_dag to 2025-08-14 17:42:00+00:00, run_after=2025-08-14 17:44:00+00:00
[2025-08-14T17:45:56.361+0000] {processor.py:183} INFO - Processing /home/airflow/.local/lib/python3.8/site-packages/airflow/example_dags/example_sla_dag.py took 0.060 seconds
[2025-08-14T17:46:26.743+0000] {processor.py:161} INFO - Started process (PID=1134) to work on /home/airflow/.local/lib/python3.8/site-packages/airflow/example_dags/example_sla_dag.py
[2025-08-14T17:46:26.747+0000] {processor.py:830} INFO - Processing file /home/airflow/.local/lib/python3.8/site-packages/airflow/example_dags/example_sla_dag.py for tasks to queue
[2025-08-14T17:46:26.749+0000] {logging_mixin.py:188} INFO - [2025-08-14T17:46:26.749+0000] {dagbag.py:540} INFO - Filling up the DagBag from /home/airflow/.local/lib/python3.8/site-packages/airflow/example_dags/example_sla_dag.py
[2025-08-14T17:46:26.757+0000] {processor.py:840} INFO - DAG(s) 'example_sla_dag' retrieved from /home/airflow/.local/lib/python3.8/site-packages/airflow/example_dags/example_sla_dag.py
[2025-08-14T17:46:26.778+0000] {logging_mixin.py:188} INFO - [2025-08-14T17:46:26.777+0000] {dag.py:3047} INFO - Sync 1 DAGs
[2025-08-14T17:46:26.807+0000] {logging_mixin.py:188} INFO - [2025-08-14T17:46:26.807+0000] {dag.py:3834} INFO - Setting next_dagrun for example_sla_dag to 2025-08-14 17:44:00+00:00, run_after=2025-08-14 17:46:00+00:00
[2025-08-14T17:46:26.823+0000] {processor.py:183} INFO - Processing /home/airflow/.local/lib/python3.8/site-packages/airflow/example_dags/example_sla_dag.py took 0.082 seconds
[2025-08-14T17:46:57.431+0000] {processor.py:161} INFO - Started process (PID=1190) to work on /home/airflow/.local/lib/python3.8/site-packages/airflow/example_dags/example_sla_dag.py
[2025-08-14T17:46:57.432+0000] {processor.py:830} INFO - Processing file /home/airflow/.local/lib/python3.8/site-packages/airflow/example_dags/example_sla_dag.py for tasks to queue
[2025-08-14T17:46:57.434+0000] {logging_mixin.py:188} INFO - [2025-08-14T17:46:57.433+0000] {dagbag.py:540} INFO - Filling up the DagBag from /home/airflow/.local/lib/python3.8/site-packages/airflow/example_dags/example_sla_dag.py
[2025-08-14T17:46:57.439+0000] {processor.py:840} INFO - DAG(s) 'example_sla_dag' retrieved from /home/airflow/.local/lib/python3.8/site-packages/airflow/example_dags/example_sla_dag.py
[2025-08-14T17:46:57.451+0000] {logging_mixin.py:188} INFO - [2025-08-14T17:46:57.451+0000] {dag.py:3047} INFO - Sync 1 DAGs
[2025-08-14T17:46:57.465+0000] {logging_mixin.py:188} INFO - [2025-08-14T17:46:57.465+0000] {dag.py:3834} INFO - Setting next_dagrun for example_sla_dag to 2025-08-14 17:44:00+00:00, run_after=2025-08-14 17:46:00+00:00
[2025-08-14T17:46:57.478+0000] {processor.py:183} INFO - Processing /home/airflow/.local/lib/python3.8/site-packages/airflow/example_dags/example_sla_dag.py took 0.049 seconds
[2025-08-14T17:47:27.580+0000] {processor.py:161} INFO - Started process (PID=1246) to work on /home/airflow/.local/lib/python3.8/site-packages/airflow/example_dags/example_sla_dag.py
[2025-08-14T17:47:27.583+0000] {processor.py:830} INFO - Processing file /home/airflow/.local/lib/python3.8/site-packages/airflow/example_dags/example_sla_dag.py for tasks to queue
[2025-08-14T17:47:27.584+0000] {logging_mixin.py:188} INFO - [2025-08-14T17:47:27.584+0000] {dagbag.py:540} INFO - Filling up the DagBag from /home/airflow/.local/lib/python3.8/site-packages/airflow/example_dags/example_sla_dag.py
[2025-08-14T17:47:27.589+0000] {processor.py:840} INFO - DAG(s) 'example_sla_dag' retrieved from /home/airflow/.local/lib/python3.8/site-packages/airflow/example_dags/example_sla_dag.py
[2025-08-14T17:47:27.605+0000] {logging_mixin.py:188} INFO - [2025-08-14T17:47:27.604+0000] {dag.py:3047} INFO - Sync 1 DAGs
[2025-08-14T17:47:27.619+0000] {logging_mixin.py:188} INFO - [2025-08-14T17:47:27.619+0000] {dag.py:3834} INFO - Setting next_dagrun for example_sla_dag to 2025-08-14 17:44:00+00:00, run_after=2025-08-14 17:46:00+00:00
[2025-08-14T17:47:27.633+0000] {processor.py:183} INFO - Processing /home/airflow/.local/lib/python3.8/site-packages/airflow/example_dags/example_sla_dag.py took 0.055 seconds
[2025-08-14T17:47:57.878+0000] {processor.py:161} INFO - Started process (PID=1302) to work on /home/airflow/.local/lib/python3.8/site-packages/airflow/example_dags/example_sla_dag.py
[2025-08-14T17:47:57.879+0000] {processor.py:830} INFO - Processing file /home/airflow/.local/lib/python3.8/site-packages/airflow/example_dags/example_sla_dag.py for tasks to queue
[2025-08-14T17:47:57.880+0000] {logging_mixin.py:188} INFO - [2025-08-14T17:47:57.880+0000] {dagbag.py:540} INFO - Filling up the DagBag from /home/airflow/.local/lib/python3.8/site-packages/airflow/example_dags/example_sla_dag.py
[2025-08-14T17:47:57.889+0000] {processor.py:840} INFO - DAG(s) 'example_sla_dag' retrieved from /home/airflow/.local/lib/python3.8/site-packages/airflow/example_dags/example_sla_dag.py
[2025-08-14T17:47:57.902+0000] {logging_mixin.py:188} INFO - [2025-08-14T17:47:57.901+0000] {dag.py:3047} INFO - Sync 1 DAGs
[2025-08-14T17:47:57.920+0000] {logging_mixin.py:188} INFO - [2025-08-14T17:47:57.920+0000] {dag.py:3834} INFO - Setting next_dagrun for example_sla_dag to 2025-08-14 17:44:00+00:00, run_after=2025-08-14 17:46:00+00:00
[2025-08-14T17:47:57.935+0000] {processor.py:183} INFO - Processing /home/airflow/.local/lib/python3.8/site-packages/airflow/example_dags/example_sla_dag.py took 0.060 seconds
[2025-08-14T17:48:28.206+0000] {processor.py:161} INFO - Started process (PID=1358) to work on /home/airflow/.local/lib/python3.8/site-packages/airflow/example_dags/example_sla_dag.py
[2025-08-14T17:48:28.208+0000] {processor.py:830} INFO - Processing file /home/airflow/.local/lib/python3.8/site-packages/airflow/example_dags/example_sla_dag.py for tasks to queue
[2025-08-14T17:48:28.210+0000] {logging_mixin.py:188} INFO - [2025-08-14T17:48:28.210+0000] {dagbag.py:540} INFO - Filling up the DagBag from /home/airflow/.local/lib/python3.8/site-packages/airflow/example_dags/example_sla_dag.py
[2025-08-14T17:48:28.226+0000] {processor.py:840} INFO - DAG(s) 'example_sla_dag' retrieved from /home/airflow/.local/lib/python3.8/site-packages/airflow/example_dags/example_sla_dag.py
[2025-08-14T17:48:28.245+0000] {logging_mixin.py:188} INFO - [2025-08-14T17:48:28.245+0000] {dag.py:3047} INFO - Sync 1 DAGs
[2025-08-14T17:48:28.271+0000] {logging_mixin.py:188} INFO - [2025-08-14T17:48:28.271+0000] {dag.py:3834} INFO - Setting next_dagrun for example_sla_dag to 2025-08-14 17:46:00+00:00, run_after=2025-08-14 17:48:00+00:00
[2025-08-14T17:48:28.285+0000] {processor.py:183} INFO - Processing /home/airflow/.local/lib/python3.8/site-packages/airflow/example_dags/example_sla_dag.py took 0.083 seconds
[2025-08-14T17:48:58.726+0000] {processor.py:161} INFO - Started process (PID=1414) to work on /home/airflow/.local/lib/python3.8/site-packages/airflow/example_dags/example_sla_dag.py
[2025-08-14T17:48:58.728+0000] {processor.py:830} INFO - Processing file /home/airflow/.local/lib/python3.8/site-packages/airflow/example_dags/example_sla_dag.py for tasks to queue
[2025-08-14T17:48:58.732+0000] {logging_mixin.py:188} INFO - [2025-08-14T17:48:58.730+0000] {dagbag.py:540} INFO - Filling up the DagBag from /home/airflow/.local/lib/python3.8/site-packages/airflow/example_dags/example_sla_dag.py
[2025-08-14T17:48:58.747+0000] {processor.py:840} INFO - DAG(s) 'example_sla_dag' retrieved from /home/airflow/.local/lib/python3.8/site-packages/airflow/example_dags/example_sla_dag.py
[2025-08-14T17:48:58.772+0000] {logging_mixin.py:188} INFO - [2025-08-14T17:48:58.772+0000] {dag.py:3047} INFO - Sync 1 DAGs
[2025-08-14T17:48:58.790+0000] {logging_mixin.py:188} INFO - [2025-08-14T17:48:58.790+0000] {dag.py:3834} INFO - Setting next_dagrun for example_sla_dag to 2025-08-14 17:46:00+00:00, run_after=2025-08-14 17:48:00+00:00
[2025-08-14T17:48:58.808+0000] {processor.py:183} INFO - Processing /home/airflow/.local/lib/python3.8/site-packages/airflow/example_dags/example_sla_dag.py took 0.085 seconds
[2025-08-14T17:49:28.887+0000] {processor.py:161} INFO - Started process (PID=1470) to work on /home/airflow/.local/lib/python3.8/site-packages/airflow/example_dags/example_sla_dag.py
[2025-08-14T17:49:28.887+0000] {processor.py:830} INFO - Processing file /home/airflow/.local/lib/python3.8/site-packages/airflow/example_dags/example_sla_dag.py for tasks to queue
[2025-08-14T17:49:28.889+0000] {logging_mixin.py:188} INFO - [2025-08-14T17:49:28.889+0000] {dagbag.py:540} INFO - Filling up the DagBag from /home/airflow/.local/lib/python3.8/site-packages/airflow/example_dags/example_sla_dag.py
[2025-08-14T17:49:28.895+0000] {processor.py:840} INFO - DAG(s) 'example_sla_dag' retrieved from /home/airflow/.local/lib/python3.8/site-packages/airflow/example_dags/example_sla_dag.py
[2025-08-14T17:49:28.917+0000] {logging_mixin.py:188} INFO - [2025-08-14T17:49:28.917+0000] {dag.py:3047} INFO - Sync 1 DAGs
[2025-08-14T17:49:28.936+0000] {logging_mixin.py:188} INFO - [2025-08-14T17:49:28.936+0000] {dag.py:3834} INFO - Setting next_dagrun for example_sla_dag to 2025-08-14 17:46:00+00:00, run_after=2025-08-14 17:48:00+00:00
[2025-08-14T17:49:28.951+0000] {processor.py:183} INFO - Processing /home/airflow/.local/lib/python3.8/site-packages/airflow/example_dags/example_sla_dag.py took 0.067 seconds
[2025-08-14T17:49:59.930+0000] {processor.py:161} INFO - Started process (PID=1526) to work on /home/airflow/.local/lib/python3.8/site-packages/airflow/example_dags/example_sla_dag.py
[2025-08-14T17:49:59.932+0000] {processor.py:830} INFO - Processing file /home/airflow/.local/lib/python3.8/site-packages/airflow/example_dags/example_sla_dag.py for tasks to queue
[2025-08-14T17:49:59.933+0000] {logging_mixin.py:188} INFO - [2025-08-14T17:49:59.933+0000] {dagbag.py:540} INFO - Filling up the DagBag from /home/airflow/.local/lib/python3.8/site-packages/airflow/example_dags/example_sla_dag.py
[2025-08-14T17:49:59.938+0000] {processor.py:840} INFO - DAG(s) 'example_sla_dag' retrieved from /home/airflow/.local/lib/python3.8/site-packages/airflow/example_dags/example_sla_dag.py
[2025-08-14T17:49:59.949+0000] {logging_mixin.py:188} INFO - [2025-08-14T17:49:59.949+0000] {dag.py:3047} INFO - Sync 1 DAGs
[2025-08-14T17:49:59.963+0000] {logging_mixin.py:188} INFO - [2025-08-14T17:49:59.962+0000] {dag.py:3834} INFO - Setting next_dagrun for example_sla_dag to 2025-08-14 17:46:00+00:00, run_after=2025-08-14 17:48:00+00:00
[2025-08-14T17:49:59.980+0000] {processor.py:183} INFO - Processing /home/airflow/.local/lib/python3.8/site-packages/airflow/example_dags/example_sla_dag.py took 0.053 seconds
[2025-08-14T17:50:30.400+0000] {processor.py:161} INFO - Started process (PID=1582) to work on /home/airflow/.local/lib/python3.8/site-packages/airflow/example_dags/example_sla_dag.py
[2025-08-14T17:50:30.402+0000] {processor.py:830} INFO - Processing file /home/airflow/.local/lib/python3.8/site-packages/airflow/example_dags/example_sla_dag.py for tasks to queue
[2025-08-14T17:50:30.412+0000] {logging_mixin.py:188} INFO - [2025-08-14T17:50:30.410+0000] {dagbag.py:540} INFO - Filling up the DagBag from /home/airflow/.local/lib/python3.8/site-packages/airflow/example_dags/example_sla_dag.py
[2025-08-14T17:50:30.439+0000] {processor.py:840} INFO - DAG(s) 'example_sla_dag' retrieved from /home/airflow/.local/lib/python3.8/site-packages/airflow/example_dags/example_sla_dag.py
[2025-08-14T17:50:30.471+0000] {logging_mixin.py:188} INFO - [2025-08-14T17:50:30.471+0000] {dag.py:3047} INFO - Sync 1 DAGs
[2025-08-14T17:50:30.511+0000] {logging_mixin.py:188} INFO - [2025-08-14T17:50:30.510+0000] {dag.py:3834} INFO - Setting next_dagrun for example_sla_dag to 2025-08-14 17:48:00+00:00, run_after=2025-08-14 17:50:00+00:00
[2025-08-14T17:50:30.559+0000] {processor.py:183} INFO - Processing /home/airflow/.local/lib/python3.8/site-packages/airflow/example_dags/example_sla_dag.py took 0.165 seconds
[2025-08-14T17:51:01.556+0000] {processor.py:161} INFO - Started process (PID=1638) to work on /home/airflow/.local/lib/python3.8/site-packages/airflow/example_dags/example_sla_dag.py
[2025-08-14T17:51:01.557+0000] {processor.py:830} INFO - Processing file /home/airflow/.local/lib/python3.8/site-packages/airflow/example_dags/example_sla_dag.py for tasks to queue
[2025-08-14T17:51:01.559+0000] {logging_mixin.py:188} INFO - [2025-08-14T17:51:01.558+0000] {dagbag.py:540} INFO - Filling up the DagBag from /home/airflow/.local/lib/python3.8/site-packages/airflow/example_dags/example_sla_dag.py
[2025-08-14T17:51:01.570+0000] {processor.py:840} INFO - DAG(s) 'example_sla_dag' retrieved from /home/airflow/.local/lib/python3.8/site-packages/airflow/example_dags/example_sla_dag.py
[2025-08-14T17:51:01.587+0000] {logging_mixin.py:188} INFO - [2025-08-14T17:51:01.587+0000] {dag.py:3047} INFO - Sync 1 DAGs
[2025-08-14T17:51:01.605+0000] {logging_mixin.py:188} INFO - [2025-08-14T17:51:01.605+0000] {dag.py:3834} INFO - Setting next_dagrun for example_sla_dag to 2025-08-14 17:48:00+00:00, run_after=2025-08-14 17:50:00+00:00
[2025-08-14T17:51:01.620+0000] {processor.py:183} INFO - Processing /home/airflow/.local/lib/python3.8/site-packages/airflow/example_dags/example_sla_dag.py took 0.068 seconds
[2025-08-14T17:51:31.976+0000] {processor.py:161} INFO - Started process (PID=1694) to work on /home/airflow/.local/lib/python3.8/site-packages/airflow/example_dags/example_sla_dag.py
[2025-08-14T17:51:31.978+0000] {processor.py:830} INFO - Processing file /home/airflow/.local/lib/python3.8/site-packages/airflow/example_dags/example_sla_dag.py for tasks to queue
[2025-08-14T17:51:31.981+0000] {logging_mixin.py:188} INFO - [2025-08-14T17:51:31.981+0000] {dagbag.py:540} INFO - Filling up the DagBag from /home/airflow/.local/lib/python3.8/site-packages/airflow/example_dags/example_sla_dag.py
[2025-08-14T17:51:31.993+0000] {processor.py:840} INFO - DAG(s) 'example_sla_dag' retrieved from /home/airflow/.local/lib/python3.8/site-packages/airflow/example_dags/example_sla_dag.py
[2025-08-14T17:51:32.017+0000] {logging_mixin.py:188} INFO - [2025-08-14T17:51:32.017+0000] {dag.py:3047} INFO - Sync 1 DAGs
[2025-08-14T17:51:32.036+0000] {logging_mixin.py:188} INFO - [2025-08-14T17:51:32.036+0000] {dag.py:3834} INFO - Setting next_dagrun for example_sla_dag to 2025-08-14 17:48:00+00:00, run_after=2025-08-14 17:50:00+00:00
[2025-08-14T17:51:32.049+0000] {processor.py:183} INFO - Processing /home/airflow/.local/lib/python3.8/site-packages/airflow/example_dags/example_sla_dag.py took 0.080 seconds
[2025-08-14T17:52:02.657+0000] {processor.py:161} INFO - Started process (PID=1750) to work on /home/airflow/.local/lib/python3.8/site-packages/airflow/example_dags/example_sla_dag.py
[2025-08-14T17:52:02.659+0000] {processor.py:830} INFO - Processing file /home/airflow/.local/lib/python3.8/site-packages/airflow/example_dags/example_sla_dag.py for tasks to queue
[2025-08-14T17:52:02.662+0000] {logging_mixin.py:188} INFO - [2025-08-14T17:52:02.662+0000] {dagbag.py:540} INFO - Filling up the DagBag from /home/airflow/.local/lib/python3.8/site-packages/airflow/example_dags/example_sla_dag.py
[2025-08-14T17:52:02.677+0000] {processor.py:840} INFO - DAG(s) 'example_sla_dag' retrieved from /home/airflow/.local/lib/python3.8/site-packages/airflow/example_dags/example_sla_dag.py
[2025-08-14T17:52:02.700+0000] {logging_mixin.py:188} INFO - [2025-08-14T17:52:02.700+0000] {dag.py:3047} INFO - Sync 1 DAGs
[2025-08-14T17:52:02.719+0000] {logging_mixin.py:188} INFO - [2025-08-14T17:52:02.719+0000] {dag.py:3834} INFO - Setting next_dagrun for example_sla_dag to 2025-08-14 17:50:00+00:00, run_after=2025-08-14 17:52:00+00:00
[2025-08-14T17:52:02.732+0000] {processor.py:183} INFO - Processing /home/airflow/.local/lib/python3.8/site-packages/airflow/example_dags/example_sla_dag.py took 0.083 seconds
[2025-08-14T17:52:33.089+0000] {processor.py:161} INFO - Started process (PID=1806) to work on /home/airflow/.local/lib/python3.8/site-packages/airflow/example_dags/example_sla_dag.py
[2025-08-14T17:52:33.091+0000] {processor.py:830} INFO - Processing file /home/airflow/.local/lib/python3.8/site-packages/airflow/example_dags/example_sla_dag.py for tasks to queue
[2025-08-14T17:52:33.093+0000] {logging_mixin.py:188} INFO - [2025-08-14T17:52:33.092+0000] {dagbag.py:540} INFO - Filling up the DagBag from /home/airflow/.local/lib/python3.8/site-packages/airflow/example_dags/example_sla_dag.py
[2025-08-14T17:52:33.103+0000] {processor.py:840} INFO - DAG(s) 'example_sla_dag' retrieved from /home/airflow/.local/lib/python3.8/site-packages/airflow/example_dags/example_sla_dag.py
[2025-08-14T17:52:33.118+0000] {logging_mixin.py:188} INFO - [2025-08-14T17:52:33.118+0000] {dag.py:3047} INFO - Sync 1 DAGs
[2025-08-14T17:52:33.137+0000] {logging_mixin.py:188} INFO - [2025-08-14T17:52:33.137+0000] {dag.py:3834} INFO - Setting next_dagrun for example_sla_dag to 2025-08-14 17:50:00+00:00, run_after=2025-08-14 17:52:00+00:00
[2025-08-14T17:52:33.153+0000] {processor.py:183} INFO - Processing /home/airflow/.local/lib/python3.8/site-packages/airflow/example_dags/example_sla_dag.py took 0.067 seconds
[2025-08-14T17:53:03.410+0000] {processor.py:161} INFO - Started process (PID=1862) to work on /home/airflow/.local/lib/python3.8/site-packages/airflow/example_dags/example_sla_dag.py
[2025-08-14T17:53:03.417+0000] {processor.py:830} INFO - Processing file /home/airflow/.local/lib/python3.8/site-packages/airflow/example_dags/example_sla_dag.py for tasks to queue
[2025-08-14T17:53:03.426+0000] {logging_mixin.py:188} INFO - [2025-08-14T17:53:03.426+0000] {dagbag.py:540} INFO - Filling up the DagBag from /home/airflow/.local/lib/python3.8/site-packages/airflow/example_dags/example_sla_dag.py
[2025-08-14T17:53:03.439+0000] {processor.py:840} INFO - DAG(s) 'example_sla_dag' retrieved from /home/airflow/.local/lib/python3.8/site-packages/airflow/example_dags/example_sla_dag.py
[2025-08-14T17:53:03.469+0000] {logging_mixin.py:188} INFO - [2025-08-14T17:53:03.469+0000] {dag.py:3047} INFO - Sync 1 DAGs
[2025-08-14T17:53:03.503+0000] {logging_mixin.py:188} INFO - [2025-08-14T17:53:03.503+0000] {dag.py:3834} INFO - Setting next_dagrun for example_sla_dag to 2025-08-14 17:50:00+00:00, run_after=2025-08-14 17:52:00+00:00
[2025-08-14T17:53:03.522+0000] {processor.py:183} INFO - Processing /home/airflow/.local/lib/python3.8/site-packages/airflow/example_dags/example_sla_dag.py took 0.119 seconds
[2025-08-14T17:53:33.908+0000] {processor.py:161} INFO - Started process (PID=1918) to work on /home/airflow/.local/lib/python3.8/site-packages/airflow/example_dags/example_sla_dag.py
[2025-08-14T17:53:33.910+0000] {processor.py:830} INFO - Processing file /home/airflow/.local/lib/python3.8/site-packages/airflow/example_dags/example_sla_dag.py for tasks to queue
[2025-08-14T17:53:33.913+0000] {logging_mixin.py:188} INFO - [2025-08-14T17:53:33.913+0000] {dagbag.py:540} INFO - Filling up the DagBag from /home/airflow/.local/lib/python3.8/site-packages/airflow/example_dags/example_sla_dag.py
[2025-08-14T17:53:33.923+0000] {processor.py:840} INFO - DAG(s) 'example_sla_dag' retrieved from /home/airflow/.local/lib/python3.8/site-packages/airflow/example_dags/example_sla_dag.py
[2025-08-14T17:53:33.942+0000] {logging_mixin.py:188} INFO - [2025-08-14T17:53:33.942+0000] {dag.py:3047} INFO - Sync 1 DAGs
[2025-08-14T17:53:33.959+0000] {logging_mixin.py:188} INFO - [2025-08-14T17:53:33.959+0000] {dag.py:3834} INFO - Setting next_dagrun for example_sla_dag to 2025-08-14 17:50:00+00:00, run_after=2025-08-14 17:52:00+00:00
[2025-08-14T17:53:33.972+0000] {processor.py:183} INFO - Processing /home/airflow/.local/lib/python3.8/site-packages/airflow/example_dags/example_sla_dag.py took 0.069 seconds
[2025-08-14T17:54:04.242+0000] {processor.py:161} INFO - Started process (PID=1973) to work on /home/airflow/.local/lib/python3.8/site-packages/airflow/example_dags/example_sla_dag.py
[2025-08-14T17:54:04.244+0000] {processor.py:830} INFO - Processing file /home/airflow/.local/lib/python3.8/site-packages/airflow/example_dags/example_sla_dag.py for tasks to queue
[2025-08-14T17:54:04.246+0000] {logging_mixin.py:188} INFO - [2025-08-14T17:54:04.245+0000] {dagbag.py:540} INFO - Filling up the DagBag from /home/airflow/.local/lib/python3.8/site-packages/airflow/example_dags/example_sla_dag.py
[2025-08-14T17:54:04.254+0000] {processor.py:840} INFO - DAG(s) 'example_sla_dag' retrieved from /home/airflow/.local/lib/python3.8/site-packages/airflow/example_dags/example_sla_dag.py
[2025-08-14T17:54:04.274+0000] {logging_mixin.py:188} INFO - [2025-08-14T17:54:04.273+0000] {dag.py:3047} INFO - Sync 1 DAGs
[2025-08-14T17:54:04.332+0000] {logging_mixin.py:188} INFO - [2025-08-14T17:54:04.332+0000] {dag.py:3834} INFO - Setting next_dagrun for example_sla_dag to 2025-08-14 17:52:00+00:00, run_after=2025-08-14 17:54:00+00:00
[2025-08-14T17:54:04.349+0000] {processor.py:183} INFO - Processing /home/airflow/.local/lib/python3.8/site-packages/airflow/example_dags/example_sla_dag.py took 0.112 seconds
[2025-08-14T17:54:34.715+0000] {processor.py:161} INFO - Started process (PID=2029) to work on /home/airflow/.local/lib/python3.8/site-packages/airflow/example_dags/example_sla_dag.py
[2025-08-14T17:54:34.717+0000] {processor.py:830} INFO - Processing file /home/airflow/.local/lib/python3.8/site-packages/airflow/example_dags/example_sla_dag.py for tasks to queue
[2025-08-14T17:54:34.719+0000] {logging_mixin.py:188} INFO - [2025-08-14T17:54:34.719+0000] {dagbag.py:540} INFO - Filling up the DagBag from /home/airflow/.local/lib/python3.8/site-packages/airflow/example_dags/example_sla_dag.py
[2025-08-14T17:54:34.729+0000] {processor.py:840} INFO - DAG(s) 'example_sla_dag' retrieved from /home/airflow/.local/lib/python3.8/site-packages/airflow/example_dags/example_sla_dag.py
[2025-08-14T17:54:34.751+0000] {logging_mixin.py:188} INFO - [2025-08-14T17:54:34.751+0000] {dag.py:3047} INFO - Sync 1 DAGs
[2025-08-14T17:54:34.768+0000] {logging_mixin.py:188} INFO - [2025-08-14T17:54:34.768+0000] {dag.py:3834} INFO - Setting next_dagrun for example_sla_dag to 2025-08-14 17:52:00+00:00, run_after=2025-08-14 17:54:00+00:00
[2025-08-14T17:54:34.780+0000] {processor.py:183} INFO - Processing /home/airflow/.local/lib/python3.8/site-packages/airflow/example_dags/example_sla_dag.py took 0.070 seconds
[2025-08-14T17:55:05.122+0000] {processor.py:161} INFO - Started process (PID=2085) to work on /home/airflow/.local/lib/python3.8/site-packages/airflow/example_dags/example_sla_dag.py
[2025-08-14T17:55:05.125+0000] {processor.py:830} INFO - Processing file /home/airflow/.local/lib/python3.8/site-packages/airflow/example_dags/example_sla_dag.py for tasks to queue
[2025-08-14T17:55:05.140+0000] {logging_mixin.py:188} INFO - [2025-08-14T17:55:05.139+0000] {dagbag.py:540} INFO - Filling up the DagBag from /home/airflow/.local/lib/python3.8/site-packages/airflow/example_dags/example_sla_dag.py
[2025-08-14T17:55:05.161+0000] {processor.py:840} INFO - DAG(s) 'example_sla_dag' retrieved from /home/airflow/.local/lib/python3.8/site-packages/airflow/example_dags/example_sla_dag.py
[2025-08-14T17:55:05.251+0000] {logging_mixin.py:188} INFO - [2025-08-14T17:55:05.251+0000] {dag.py:3047} INFO - Sync 1 DAGs
[2025-08-14T17:55:05.278+0000] {logging_mixin.py:188} INFO - [2025-08-14T17:55:05.278+0000] {dag.py:3834} INFO - Setting next_dagrun for example_sla_dag to 2025-08-14 17:52:00+00:00, run_after=2025-08-14 17:54:00+00:00
[2025-08-14T17:55:05.298+0000] {processor.py:183} INFO - Processing /home/airflow/.local/lib/python3.8/site-packages/airflow/example_dags/example_sla_dag.py took 0.185 seconds
[2025-08-14T17:55:36.011+0000] {processor.py:161} INFO - Started process (PID=2141) to work on /home/airflow/.local/lib/python3.8/site-packages/airflow/example_dags/example_sla_dag.py
[2025-08-14T17:55:36.013+0000] {processor.py:830} INFO - Processing file /home/airflow/.local/lib/python3.8/site-packages/airflow/example_dags/example_sla_dag.py for tasks to queue
[2025-08-14T17:55:36.016+0000] {logging_mixin.py:188} INFO - [2025-08-14T17:55:36.015+0000] {dagbag.py:540} INFO - Filling up the DagBag from /home/airflow/.local/lib/python3.8/site-packages/airflow/example_dags/example_sla_dag.py
[2025-08-14T17:55:36.027+0000] {processor.py:840} INFO - DAG(s) 'example_sla_dag' retrieved from /home/airflow/.local/lib/python3.8/site-packages/airflow/example_dags/example_sla_dag.py
[2025-08-14T17:55:36.046+0000] {logging_mixin.py:188} INFO - [2025-08-14T17:55:36.046+0000] {dag.py:3047} INFO - Sync 1 DAGs
[2025-08-14T17:55:36.068+0000] {logging_mixin.py:188} INFO - [2025-08-14T17:55:36.068+0000] {dag.py:3834} INFO - Setting next_dagrun for example_sla_dag to 2025-08-14 17:52:00+00:00, run_after=2025-08-14 17:54:00+00:00
[2025-08-14T17:55:36.087+0000] {processor.py:183} INFO - Processing /home/airflow/.local/lib/python3.8/site-packages/airflow/example_dags/example_sla_dag.py took 0.082 seconds
[2025-08-14T17:56:06.454+0000] {processor.py:161} INFO - Started process (PID=2197) to work on /home/airflow/.local/lib/python3.8/site-packages/airflow/example_dags/example_sla_dag.py
[2025-08-14T17:56:06.456+0000] {processor.py:830} INFO - Processing file /home/airflow/.local/lib/python3.8/site-packages/airflow/example_dags/example_sla_dag.py for tasks to queue
[2025-08-14T17:56:06.458+0000] {logging_mixin.py:188} INFO - [2025-08-14T17:56:06.458+0000] {dagbag.py:540} INFO - Filling up the DagBag from /home/airflow/.local/lib/python3.8/site-packages/airflow/example_dags/example_sla_dag.py
[2025-08-14T17:56:06.468+0000] {processor.py:840} INFO - DAG(s) 'example_sla_dag' retrieved from /home/airflow/.local/lib/python3.8/site-packages/airflow/example_dags/example_sla_dag.py
[2025-08-14T17:56:06.487+0000] {logging_mixin.py:188} INFO - [2025-08-14T17:56:06.487+0000] {dag.py:3047} INFO - Sync 1 DAGs
[2025-08-14T17:56:06.503+0000] {logging_mixin.py:188} INFO - [2025-08-14T17:56:06.503+0000] {dag.py:3834} INFO - Setting next_dagrun for example_sla_dag to 2025-08-14 17:54:00+00:00, run_after=2025-08-14 17:56:00+00:00
[2025-08-14T17:56:06.520+0000] {processor.py:183} INFO - Processing /home/airflow/.local/lib/python3.8/site-packages/airflow/example_dags/example_sla_dag.py took 0.072 seconds
[2025-08-14T17:56:36.909+0000] {processor.py:161} INFO - Started process (PID=2253) to work on /home/airflow/.local/lib/python3.8/site-packages/airflow/example_dags/example_sla_dag.py
[2025-08-14T17:56:36.913+0000] {processor.py:830} INFO - Processing file /home/airflow/.local/lib/python3.8/site-packages/airflow/example_dags/example_sla_dag.py for tasks to queue
[2025-08-14T17:56:36.918+0000] {logging_mixin.py:188} INFO - [2025-08-14T17:56:36.917+0000] {dagbag.py:540} INFO - Filling up the DagBag from /home/airflow/.local/lib/python3.8/site-packages/airflow/example_dags/example_sla_dag.py
[2025-08-14T17:56:36.930+0000] {processor.py:840} INFO - DAG(s) 'example_sla_dag' retrieved from /home/airflow/.local/lib/python3.8/site-packages/airflow/example_dags/example_sla_dag.py
[2025-08-14T17:56:36.946+0000] {logging_mixin.py:188} INFO - [2025-08-14T17:56:36.946+0000] {dag.py:3047} INFO - Sync 1 DAGs
[2025-08-14T17:56:36.964+0000] {logging_mixin.py:188} INFO - [2025-08-14T17:56:36.964+0000] {dag.py:3834} INFO - Setting next_dagrun for example_sla_dag to 2025-08-14 17:54:00+00:00, run_after=2025-08-14 17:56:00+00:00
[2025-08-14T17:56:36.976+0000] {processor.py:183} INFO - Processing /home/airflow/.local/lib/python3.8/site-packages/airflow/example_dags/example_sla_dag.py took 0.074 seconds
[2025-08-14T17:57:07.230+0000] {processor.py:161} INFO - Started process (PID=2309) to work on /home/airflow/.local/lib/python3.8/site-packages/airflow/example_dags/example_sla_dag.py
[2025-08-14T17:57:07.233+0000] {processor.py:830} INFO - Processing file /home/airflow/.local/lib/python3.8/site-packages/airflow/example_dags/example_sla_dag.py for tasks to queue
[2025-08-14T17:57:07.235+0000] {logging_mixin.py:188} INFO - [2025-08-14T17:57:07.235+0000] {dagbag.py:540} INFO - Filling up the DagBag from /home/airflow/.local/lib/python3.8/site-packages/airflow/example_dags/example_sla_dag.py
[2025-08-14T17:57:07.245+0000] {processor.py:840} INFO - DAG(s) 'example_sla_dag' retrieved from /home/airflow/.local/lib/python3.8/site-packages/airflow/example_dags/example_sla_dag.py
[2025-08-14T17:57:07.262+0000] {logging_mixin.py:188} INFO - [2025-08-14T17:57:07.261+0000] {dag.py:3047} INFO - Sync 1 DAGs
[2025-08-14T17:57:07.279+0000] {logging_mixin.py:188} INFO - [2025-08-14T17:57:07.279+0000] {dag.py:3834} INFO - Setting next_dagrun for example_sla_dag to 2025-08-14 17:54:00+00:00, run_after=2025-08-14 17:56:00+00:00
[2025-08-14T17:57:07.289+0000] {processor.py:183} INFO - Processing /home/airflow/.local/lib/python3.8/site-packages/airflow/example_dags/example_sla_dag.py took 0.072 seconds
[2025-08-14T17:57:37.635+0000] {processor.py:161} INFO - Started process (PID=2365) to work on /home/airflow/.local/lib/python3.8/site-packages/airflow/example_dags/example_sla_dag.py
[2025-08-14T17:57:37.642+0000] {processor.py:830} INFO - Processing file /home/airflow/.local/lib/python3.8/site-packages/airflow/example_dags/example_sla_dag.py for tasks to queue
[2025-08-14T17:57:37.647+0000] {logging_mixin.py:188} INFO - [2025-08-14T17:57:37.647+0000] {dagbag.py:540} INFO - Filling up the DagBag from /home/airflow/.local/lib/python3.8/site-packages/airflow/example_dags/example_sla_dag.py
[2025-08-14T17:57:37.661+0000] {processor.py:840} INFO - DAG(s) 'example_sla_dag' retrieved from /home/airflow/.local/lib/python3.8/site-packages/airflow/example_dags/example_sla_dag.py
[2025-08-14T17:57:37.679+0000] {logging_mixin.py:188} INFO - [2025-08-14T17:57:37.678+0000] {dag.py:3047} INFO - Sync 1 DAGs
[2025-08-14T17:57:37.714+0000] {logging_mixin.py:188} INFO - [2025-08-14T17:57:37.714+0000] {dag.py:3834} INFO - Setting next_dagrun for example_sla_dag to 2025-08-14 17:54:00+00:00, run_after=2025-08-14 17:56:00+00:00
[2025-08-14T17:57:37.729+0000] {processor.py:183} INFO - Processing /home/airflow/.local/lib/python3.8/site-packages/airflow/example_dags/example_sla_dag.py took 0.106 seconds
[2025-08-14T17:58:08.266+0000] {processor.py:161} INFO - Started process (PID=2421) to work on /home/airflow/.local/lib/python3.8/site-packages/airflow/example_dags/example_sla_dag.py
[2025-08-14T17:58:08.269+0000] {processor.py:830} INFO - Processing file /home/airflow/.local/lib/python3.8/site-packages/airflow/example_dags/example_sla_dag.py for tasks to queue
[2025-08-14T17:58:08.271+0000] {logging_mixin.py:188} INFO - [2025-08-14T17:58:08.271+0000] {dagbag.py:540} INFO - Filling up the DagBag from /home/airflow/.local/lib/python3.8/site-packages/airflow/example_dags/example_sla_dag.py
[2025-08-14T17:58:08.281+0000] {processor.py:840} INFO - DAG(s) 'example_sla_dag' retrieved from /home/airflow/.local/lib/python3.8/site-packages/airflow/example_dags/example_sla_dag.py
[2025-08-14T17:58:08.307+0000] {logging_mixin.py:188} INFO - [2025-08-14T17:58:08.307+0000] {dag.py:3047} INFO - Sync 1 DAGs
[2025-08-14T17:58:08.325+0000] {logging_mixin.py:188} INFO - [2025-08-14T17:58:08.325+0000] {dag.py:3834} INFO - Setting next_dagrun for example_sla_dag to 2025-08-14 17:56:00+00:00, run_after=2025-08-14 17:58:00+00:00
[2025-08-14T17:58:08.338+0000] {processor.py:183} INFO - Processing /home/airflow/.local/lib/python3.8/site-packages/airflow/example_dags/example_sla_dag.py took 0.077 seconds
[2025-08-14T17:58:39.039+0000] {processor.py:161} INFO - Started process (PID=2478) to work on /home/airflow/.local/lib/python3.8/site-packages/airflow/example_dags/example_sla_dag.py
[2025-08-14T17:58:39.042+0000] {processor.py:830} INFO - Processing file /home/airflow/.local/lib/python3.8/site-packages/airflow/example_dags/example_sla_dag.py for tasks to queue
[2025-08-14T17:58:39.048+0000] {logging_mixin.py:188} INFO - [2025-08-14T17:58:39.046+0000] {dagbag.py:540} INFO - Filling up the DagBag from /home/airflow/.local/lib/python3.8/site-packages/airflow/example_dags/example_sla_dag.py
[2025-08-14T17:58:39.078+0000] {processor.py:840} INFO - DAG(s) 'example_sla_dag' retrieved from /home/airflow/.local/lib/python3.8/site-packages/airflow/example_dags/example_sla_dag.py
[2025-08-14T17:58:39.112+0000] {logging_mixin.py:188} INFO - [2025-08-14T17:58:39.112+0000] {dag.py:3047} INFO - Sync 1 DAGs
[2025-08-14T17:58:39.193+0000] {logging_mixin.py:188} INFO - [2025-08-14T17:58:39.193+0000] {dag.py:3834} INFO - Setting next_dagrun for example_sla_dag to 2025-08-14 17:56:00+00:00, run_after=2025-08-14 17:58:00+00:00
[2025-08-14T17:58:39.212+0000] {processor.py:183} INFO - Processing /home/airflow/.local/lib/python3.8/site-packages/airflow/example_dags/example_sla_dag.py took 0.183 seconds
[2025-08-14T17:59:09.596+0000] {processor.py:161} INFO - Started process (PID=2534) to work on /home/airflow/.local/lib/python3.8/site-packages/airflow/example_dags/example_sla_dag.py
[2025-08-14T17:59:09.601+0000] {processor.py:830} INFO - Processing file /home/airflow/.local/lib/python3.8/site-packages/airflow/example_dags/example_sla_dag.py for tasks to queue
[2025-08-14T17:59:09.604+0000] {logging_mixin.py:188} INFO - [2025-08-14T17:59:09.604+0000] {dagbag.py:540} INFO - Filling up the DagBag from /home/airflow/.local/lib/python3.8/site-packages/airflow/example_dags/example_sla_dag.py
[2025-08-14T17:59:09.616+0000] {processor.py:840} INFO - DAG(s) 'example_sla_dag' retrieved from /home/airflow/.local/lib/python3.8/site-packages/airflow/example_dags/example_sla_dag.py
[2025-08-14T17:59:09.643+0000] {logging_mixin.py:188} INFO - [2025-08-14T17:59:09.643+0000] {dag.py:3047} INFO - Sync 1 DAGs
[2025-08-14T17:59:09.690+0000] {logging_mixin.py:188} INFO - [2025-08-14T17:59:09.690+0000] {dag.py:3834} INFO - Setting next_dagrun for example_sla_dag to 2025-08-14 17:56:00+00:00, run_after=2025-08-14 17:58:00+00:00
[2025-08-14T17:59:09.707+0000] {processor.py:183} INFO - Processing /home/airflow/.local/lib/python3.8/site-packages/airflow/example_dags/example_sla_dag.py took 0.117 seconds
[2025-08-14T17:59:39.867+0000] {processor.py:161} INFO - Started process (PID=2590) to work on /home/airflow/.local/lib/python3.8/site-packages/airflow/example_dags/example_sla_dag.py
[2025-08-14T17:59:39.870+0000] {processor.py:830} INFO - Processing file /home/airflow/.local/lib/python3.8/site-packages/airflow/example_dags/example_sla_dag.py for tasks to queue
[2025-08-14T17:59:39.875+0000] {logging_mixin.py:188} INFO - [2025-08-14T17:59:39.874+0000] {dagbag.py:540} INFO - Filling up the DagBag from /home/airflow/.local/lib/python3.8/site-packages/airflow/example_dags/example_sla_dag.py
[2025-08-14T17:59:39.885+0000] {processor.py:840} INFO - DAG(s) 'example_sla_dag' retrieved from /home/airflow/.local/lib/python3.8/site-packages/airflow/example_dags/example_sla_dag.py
[2025-08-14T17:59:39.907+0000] {logging_mixin.py:188} INFO - [2025-08-14T17:59:39.907+0000] {dag.py:3047} INFO - Sync 1 DAGs
[2025-08-14T17:59:39.925+0000] {logging_mixin.py:188} INFO - [2025-08-14T17:59:39.924+0000] {dag.py:3834} INFO - Setting next_dagrun for example_sla_dag to 2025-08-14 17:56:00+00:00, run_after=2025-08-14 17:58:00+00:00
[2025-08-14T17:59:39.940+0000] {processor.py:183} INFO - Processing /home/airflow/.local/lib/python3.8/site-packages/airflow/example_dags/example_sla_dag.py took 0.082 seconds
[2025-08-14T18:00:10.364+0000] {processor.py:161} INFO - Started process (PID=2645) to work on /home/airflow/.local/lib/python3.8/site-packages/airflow/example_dags/example_sla_dag.py
[2025-08-14T18:00:10.368+0000] {processor.py:830} INFO - Processing file /home/airflow/.local/lib/python3.8/site-packages/airflow/example_dags/example_sla_dag.py for tasks to queue
[2025-08-14T18:00:10.372+0000] {logging_mixin.py:188} INFO - [2025-08-14T18:00:10.371+0000] {dagbag.py:540} INFO - Filling up the DagBag from /home/airflow/.local/lib/python3.8/site-packages/airflow/example_dags/example_sla_dag.py
[2025-08-14T18:00:10.383+0000] {processor.py:840} INFO - DAG(s) 'example_sla_dag' retrieved from /home/airflow/.local/lib/python3.8/site-packages/airflow/example_dags/example_sla_dag.py
[2025-08-14T18:00:10.410+0000] {logging_mixin.py:188} INFO - [2025-08-14T18:00:10.410+0000] {dag.py:3047} INFO - Sync 1 DAGs
[2025-08-14T18:00:10.430+0000] {logging_mixin.py:188} INFO - [2025-08-14T18:00:10.430+0000] {dag.py:3834} INFO - Setting next_dagrun for example_sla_dag to 2025-08-14 17:58:00+00:00, run_after=2025-08-14 18:00:00+00:00
[2025-08-14T18:00:10.445+0000] {processor.py:183} INFO - Processing /home/airflow/.local/lib/python3.8/site-packages/airflow/example_dags/example_sla_dag.py took 0.087 seconds
[2025-08-14T18:00:40.589+0000] {processor.py:161} INFO - Started process (PID=2701) to work on /home/airflow/.local/lib/python3.8/site-packages/airflow/example_dags/example_sla_dag.py
[2025-08-14T18:00:40.590+0000] {processor.py:830} INFO - Processing file /home/airflow/.local/lib/python3.8/site-packages/airflow/example_dags/example_sla_dag.py for tasks to queue
[2025-08-14T18:00:40.592+0000] {logging_mixin.py:188} INFO - [2025-08-14T18:00:40.592+0000] {dagbag.py:540} INFO - Filling up the DagBag from /home/airflow/.local/lib/python3.8/site-packages/airflow/example_dags/example_sla_dag.py
[2025-08-14T18:00:40.603+0000] {processor.py:840} INFO - DAG(s) 'example_sla_dag' retrieved from /home/airflow/.local/lib/python3.8/site-packages/airflow/example_dags/example_sla_dag.py
[2025-08-14T18:00:40.628+0000] {logging_mixin.py:188} INFO - [2025-08-14T18:00:40.628+0000] {dag.py:3047} INFO - Sync 1 DAGs
[2025-08-14T18:00:40.648+0000] {logging_mixin.py:188} INFO - [2025-08-14T18:00:40.648+0000] {dag.py:3834} INFO - Setting next_dagrun for example_sla_dag to 2025-08-14 17:58:00+00:00, run_after=2025-08-14 18:00:00+00:00
[2025-08-14T18:00:40.661+0000] {processor.py:183} INFO - Processing /home/airflow/.local/lib/python3.8/site-packages/airflow/example_dags/example_sla_dag.py took 0.076 seconds
[2025-08-14T18:01:10.860+0000] {processor.py:161} INFO - Started process (PID=2757) to work on /home/airflow/.local/lib/python3.8/site-packages/airflow/example_dags/example_sla_dag.py
[2025-08-14T18:01:10.862+0000] {processor.py:830} INFO - Processing file /home/airflow/.local/lib/python3.8/site-packages/airflow/example_dags/example_sla_dag.py for tasks to queue
[2025-08-14T18:01:10.864+0000] {logging_mixin.py:188} INFO - [2025-08-14T18:01:10.864+0000] {dagbag.py:540} INFO - Filling up the DagBag from /home/airflow/.local/lib/python3.8/site-packages/airflow/example_dags/example_sla_dag.py
[2025-08-14T18:01:10.875+0000] {processor.py:840} INFO - DAG(s) 'example_sla_dag' retrieved from /home/airflow/.local/lib/python3.8/site-packages/airflow/example_dags/example_sla_dag.py
[2025-08-14T18:01:10.907+0000] {logging_mixin.py:188} INFO - [2025-08-14T18:01:10.906+0000] {dag.py:3047} INFO - Sync 1 DAGs
[2025-08-14T18:01:10.929+0000] {logging_mixin.py:188} INFO - [2025-08-14T18:01:10.929+0000] {dag.py:3834} INFO - Setting next_dagrun for example_sla_dag to 2025-08-14 17:58:00+00:00, run_after=2025-08-14 18:00:00+00:00
[2025-08-14T18:01:10.945+0000] {processor.py:183} INFO - Processing /home/airflow/.local/lib/python3.8/site-packages/airflow/example_dags/example_sla_dag.py took 0.091 seconds
[2025-08-14T18:01:41.478+0000] {processor.py:161} INFO - Started process (PID=2813) to work on /home/airflow/.local/lib/python3.8/site-packages/airflow/example_dags/example_sla_dag.py
[2025-08-14T18:01:41.480+0000] {processor.py:830} INFO - Processing file /home/airflow/.local/lib/python3.8/site-packages/airflow/example_dags/example_sla_dag.py for tasks to queue
[2025-08-14T18:01:41.483+0000] {logging_mixin.py:188} INFO - [2025-08-14T18:01:41.482+0000] {dagbag.py:540} INFO - Filling up the DagBag from /home/airflow/.local/lib/python3.8/site-packages/airflow/example_dags/example_sla_dag.py
[2025-08-14T18:01:41.499+0000] {processor.py:840} INFO - DAG(s) 'example_sla_dag' retrieved from /home/airflow/.local/lib/python3.8/site-packages/airflow/example_dags/example_sla_dag.py
[2025-08-14T18:01:41.537+0000] {logging_mixin.py:188} INFO - [2025-08-14T18:01:41.537+0000] {dag.py:3047} INFO - Sync 1 DAGs
[2025-08-14T18:01:41.562+0000] {logging_mixin.py:188} INFO - [2025-08-14T18:01:41.562+0000] {dag.py:3834} INFO - Setting next_dagrun for example_sla_dag to 2025-08-14 17:58:00+00:00, run_after=2025-08-14 18:00:00+00:00
[2025-08-14T18:01:41.581+0000] {processor.py:183} INFO - Processing /home/airflow/.local/lib/python3.8/site-packages/airflow/example_dags/example_sla_dag.py took 0.108 seconds
[2025-08-14T18:02:12.055+0000] {processor.py:161} INFO - Started process (PID=2869) to work on /home/airflow/.local/lib/python3.8/site-packages/airflow/example_dags/example_sla_dag.py
[2025-08-14T18:02:12.056+0000] {processor.py:830} INFO - Processing file /home/airflow/.local/lib/python3.8/site-packages/airflow/example_dags/example_sla_dag.py for tasks to queue
[2025-08-14T18:02:12.058+0000] {logging_mixin.py:188} INFO - [2025-08-14T18:02:12.057+0000] {dagbag.py:540} INFO - Filling up the DagBag from /home/airflow/.local/lib/python3.8/site-packages/airflow/example_dags/example_sla_dag.py
[2025-08-14T18:02:12.064+0000] {processor.py:840} INFO - DAG(s) 'example_sla_dag' retrieved from /home/airflow/.local/lib/python3.8/site-packages/airflow/example_dags/example_sla_dag.py
[2025-08-14T18:02:12.082+0000] {logging_mixin.py:188} INFO - [2025-08-14T18:02:12.082+0000] {dag.py:3047} INFO - Sync 1 DAGs
[2025-08-14T18:02:12.101+0000] {logging_mixin.py:188} INFO - [2025-08-14T18:02:12.101+0000] {dag.py:3834} INFO - Setting next_dagrun for example_sla_dag to 2025-08-14 18:00:00+00:00, run_after=2025-08-14 18:02:00+00:00
[2025-08-14T18:02:12.118+0000] {processor.py:183} INFO - Processing /home/airflow/.local/lib/python3.8/site-packages/airflow/example_dags/example_sla_dag.py took 0.066 seconds
[2025-08-14T18:02:42.337+0000] {processor.py:161} INFO - Started process (PID=2925) to work on /home/airflow/.local/lib/python3.8/site-packages/airflow/example_dags/example_sla_dag.py
[2025-08-14T18:02:42.339+0000] {processor.py:830} INFO - Processing file /home/airflow/.local/lib/python3.8/site-packages/airflow/example_dags/example_sla_dag.py for tasks to queue
[2025-08-14T18:02:42.341+0000] {logging_mixin.py:188} INFO - [2025-08-14T18:02:42.341+0000] {dagbag.py:540} INFO - Filling up the DagBag from /home/airflow/.local/lib/python3.8/site-packages/airflow/example_dags/example_sla_dag.py
[2025-08-14T18:02:42.351+0000] {processor.py:840} INFO - DAG(s) 'example_sla_dag' retrieved from /home/airflow/.local/lib/python3.8/site-packages/airflow/example_dags/example_sla_dag.py
[2025-08-14T18:02:42.398+0000] {logging_mixin.py:188} INFO - [2025-08-14T18:02:42.398+0000] {dag.py:3047} INFO - Sync 1 DAGs
[2025-08-14T18:02:42.434+0000] {logging_mixin.py:188} INFO - [2025-08-14T18:02:42.434+0000] {dag.py:3834} INFO - Setting next_dagrun for example_sla_dag to 2025-08-14 18:00:00+00:00, run_after=2025-08-14 18:02:00+00:00
[2025-08-14T18:02:42.458+0000] {processor.py:183} INFO - Processing /home/airflow/.local/lib/python3.8/site-packages/airflow/example_dags/example_sla_dag.py took 0.127 seconds
[2025-08-14T18:03:12.847+0000] {processor.py:161} INFO - Started process (PID=2979) to work on /home/airflow/.local/lib/python3.8/site-packages/airflow/example_dags/example_sla_dag.py
[2025-08-14T18:03:12.851+0000] {processor.py:830} INFO - Processing file /home/airflow/.local/lib/python3.8/site-packages/airflow/example_dags/example_sla_dag.py for tasks to queue
[2025-08-14T18:03:12.858+0000] {logging_mixin.py:188} INFO - [2025-08-14T18:03:12.857+0000] {dagbag.py:540} INFO - Filling up the DagBag from /home/airflow/.local/lib/python3.8/site-packages/airflow/example_dags/example_sla_dag.py
[2025-08-14T18:03:12.868+0000] {processor.py:840} INFO - DAG(s) 'example_sla_dag' retrieved from /home/airflow/.local/lib/python3.8/site-packages/airflow/example_dags/example_sla_dag.py
[2025-08-14T18:03:12.882+0000] {logging_mixin.py:188} INFO - [2025-08-14T18:03:12.882+0000] {dag.py:3047} INFO - Sync 1 DAGs
[2025-08-14T18:03:12.897+0000] {logging_mixin.py:188} INFO - [2025-08-14T18:03:12.896+0000] {dag.py:3834} INFO - Setting next_dagrun for example_sla_dag to 2025-08-14 18:00:00+00:00, run_after=2025-08-14 18:02:00+00:00
[2025-08-14T18:03:12.910+0000] {processor.py:183} INFO - Processing /home/airflow/.local/lib/python3.8/site-packages/airflow/example_dags/example_sla_dag.py took 0.066 seconds
[2025-08-14T18:03:43.575+0000] {processor.py:161} INFO - Started process (PID=3035) to work on /home/airflow/.local/lib/python3.8/site-packages/airflow/example_dags/example_sla_dag.py
[2025-08-14T18:03:43.579+0000] {processor.py:830} INFO - Processing file /home/airflow/.local/lib/python3.8/site-packages/airflow/example_dags/example_sla_dag.py for tasks to queue
[2025-08-14T18:03:43.581+0000] {logging_mixin.py:188} INFO - [2025-08-14T18:03:43.581+0000] {dagbag.py:540} INFO - Filling up the DagBag from /home/airflow/.local/lib/python3.8/site-packages/airflow/example_dags/example_sla_dag.py
[2025-08-14T18:03:43.591+0000] {processor.py:840} INFO - DAG(s) 'example_sla_dag' retrieved from /home/airflow/.local/lib/python3.8/site-packages/airflow/example_dags/example_sla_dag.py
[2025-08-14T18:03:43.628+0000] {logging_mixin.py:188} INFO - [2025-08-14T18:03:43.628+0000] {dag.py:3047} INFO - Sync 1 DAGs
[2025-08-14T18:03:43.649+0000] {logging_mixin.py:188} INFO - [2025-08-14T18:03:43.648+0000] {dag.py:3834} INFO - Setting next_dagrun for example_sla_dag to 2025-08-14 18:00:00+00:00, run_after=2025-08-14 18:02:00+00:00
[2025-08-14T18:03:43.662+0000] {processor.py:183} INFO - Processing /home/airflow/.local/lib/python3.8/site-packages/airflow/example_dags/example_sla_dag.py took 0.092 seconds
[2025-08-14T18:04:14.623+0000] {processor.py:161} INFO - Started process (PID=3091) to work on /home/airflow/.local/lib/python3.8/site-packages/airflow/example_dags/example_sla_dag.py
[2025-08-14T18:04:14.624+0000] {processor.py:830} INFO - Processing file /home/airflow/.local/lib/python3.8/site-packages/airflow/example_dags/example_sla_dag.py for tasks to queue
[2025-08-14T18:04:14.628+0000] {logging_mixin.py:188} INFO - [2025-08-14T18:04:14.627+0000] {dagbag.py:540} INFO - Filling up the DagBag from /home/airflow/.local/lib/python3.8/site-packages/airflow/example_dags/example_sla_dag.py
[2025-08-14T18:04:14.637+0000] {processor.py:840} INFO - DAG(s) 'example_sla_dag' retrieved from /home/airflow/.local/lib/python3.8/site-packages/airflow/example_dags/example_sla_dag.py
[2025-08-14T18:04:14.675+0000] {logging_mixin.py:188} INFO - [2025-08-14T18:04:14.675+0000] {dag.py:3047} INFO - Sync 1 DAGs
[2025-08-14T18:04:14.703+0000] {logging_mixin.py:188} INFO - [2025-08-14T18:04:14.703+0000] {dag.py:3834} INFO - Setting next_dagrun for example_sla_dag to 2025-08-14 18:02:00+00:00, run_after=2025-08-14 18:04:00+00:00
[2025-08-14T18:04:14.713+0000] {processor.py:183} INFO - Processing /home/airflow/.local/lib/python3.8/site-packages/airflow/example_dags/example_sla_dag.py took 0.094 seconds
[2025-08-14T18:04:46.039+0000] {processor.py:161} INFO - Started process (PID=3147) to work on /home/airflow/.local/lib/python3.8/site-packages/airflow/example_dags/example_sla_dag.py
[2025-08-14T18:04:46.042+0000] {processor.py:830} INFO - Processing file /home/airflow/.local/lib/python3.8/site-packages/airflow/example_dags/example_sla_dag.py for tasks to queue
[2025-08-14T18:04:46.046+0000] {logging_mixin.py:188} INFO - [2025-08-14T18:04:46.045+0000] {dagbag.py:540} INFO - Filling up the DagBag from /home/airflow/.local/lib/python3.8/site-packages/airflow/example_dags/example_sla_dag.py
[2025-08-14T18:04:46.070+0000] {processor.py:840} INFO - DAG(s) 'example_sla_dag' retrieved from /home/airflow/.local/lib/python3.8/site-packages/airflow/example_dags/example_sla_dag.py
[2025-08-14T18:04:46.105+0000] {logging_mixin.py:188} INFO - [2025-08-14T18:04:46.105+0000] {dag.py:3047} INFO - Sync 1 DAGs
[2025-08-14T18:04:46.127+0000] {logging_mixin.py:188} INFO - [2025-08-14T18:04:46.127+0000] {dag.py:3834} INFO - Setting next_dagrun for example_sla_dag to 2025-08-14 18:02:00+00:00, run_after=2025-08-14 18:04:00+00:00
[2025-08-14T18:04:46.174+0000] {processor.py:183} INFO - Processing /home/airflow/.local/lib/python3.8/site-packages/airflow/example_dags/example_sla_dag.py took 0.139 seconds
[2025-08-14T18:05:16.880+0000] {processor.py:161} INFO - Started process (PID=3203) to work on /home/airflow/.local/lib/python3.8/site-packages/airflow/example_dags/example_sla_dag.py
[2025-08-14T18:05:16.881+0000] {processor.py:830} INFO - Processing file /home/airflow/.local/lib/python3.8/site-packages/airflow/example_dags/example_sla_dag.py for tasks to queue
[2025-08-14T18:05:16.883+0000] {logging_mixin.py:188} INFO - [2025-08-14T18:05:16.883+0000] {dagbag.py:540} INFO - Filling up the DagBag from /home/airflow/.local/lib/python3.8/site-packages/airflow/example_dags/example_sla_dag.py
[2025-08-14T18:05:16.897+0000] {processor.py:840} INFO - DAG(s) 'example_sla_dag' retrieved from /home/airflow/.local/lib/python3.8/site-packages/airflow/example_dags/example_sla_dag.py
[2025-08-14T18:05:16.933+0000] {logging_mixin.py:188} INFO - [2025-08-14T18:05:16.932+0000] {dag.py:3047} INFO - Sync 1 DAGs
[2025-08-14T18:05:16.956+0000] {logging_mixin.py:188} INFO - [2025-08-14T18:05:16.956+0000] {dag.py:3834} INFO - Setting next_dagrun for example_sla_dag to 2025-08-14 18:02:00+00:00, run_after=2025-08-14 18:04:00+00:00
[2025-08-14T18:05:16.988+0000] {processor.py:183} INFO - Processing /home/airflow/.local/lib/python3.8/site-packages/airflow/example_dags/example_sla_dag.py took 0.112 seconds
[2025-08-14T18:05:47.058+0000] {processor.py:161} INFO - Started process (PID=3258) to work on /home/airflow/.local/lib/python3.8/site-packages/airflow/example_dags/example_sla_dag.py
[2025-08-14T18:05:47.058+0000] {processor.py:830} INFO - Processing file /home/airflow/.local/lib/python3.8/site-packages/airflow/example_dags/example_sla_dag.py for tasks to queue
[2025-08-14T18:05:47.060+0000] {logging_mixin.py:188} INFO - [2025-08-14T18:05:47.059+0000] {dagbag.py:540} INFO - Filling up the DagBag from /home/airflow/.local/lib/python3.8/site-packages/airflow/example_dags/example_sla_dag.py
[2025-08-14T18:05:47.066+0000] {processor.py:840} INFO - DAG(s) 'example_sla_dag' retrieved from /home/airflow/.local/lib/python3.8/site-packages/airflow/example_dags/example_sla_dag.py
[2025-08-14T18:05:47.081+0000] {logging_mixin.py:188} INFO - [2025-08-14T18:05:47.081+0000] {dag.py:3047} INFO - Sync 1 DAGs
[2025-08-14T18:05:47.096+0000] {logging_mixin.py:188} INFO - [2025-08-14T18:05:47.096+0000] {dag.py:3834} INFO - Setting next_dagrun for example_sla_dag to 2025-08-14 18:02:00+00:00, run_after=2025-08-14 18:04:00+00:00
[2025-08-14T18:05:47.106+0000] {processor.py:183} INFO - Processing /home/airflow/.local/lib/python3.8/site-packages/airflow/example_dags/example_sla_dag.py took 0.051 seconds
