[2025-08-14T17:36:50.123+0000] {processor.py:161} INFO - Started process (PID=97) to work on /home/airflow/.local/lib/python3.8/site-packages/airflow/example_dags/example_complex.py
[2025-08-14T17:36:50.126+0000] {processor.py:830} INFO - Processing file /home/airflow/.local/lib/python3.8/site-packages/airflow/example_dags/example_complex.py for tasks to queue
[2025-08-14T17:36:50.133+0000] {logging_mixin.py:188} INFO - [2025-08-14T17:36:50.132+0000] {dagbag.py:540} INFO - Filling up the DagBag from /home/airflow/.local/lib/python3.8/site-packages/airflow/example_dags/example_complex.py
[2025-08-14T17:36:50.146+0000] {processor.py:840} INFO - DAG(s) 'example_complex' retrieved from /home/airflow/.local/lib/python3.8/site-packages/airflow/example_dags/example_complex.py
[2025-08-14T17:36:50.178+0000] {logging_mixin.py:188} INFO - [2025-08-14T17:36:50.177+0000] {dag.py:3047} INFO - Sync 1 DAGs
[2025-08-14T17:36:50.207+0000] {logging_mixin.py:188} INFO - [2025-08-14T17:36:50.207+0000] {dag.py:3834} INFO - Setting next_dagrun for example_complex to None, run_after=None
[2025-08-14T17:36:50.227+0000] {processor.py:183} INFO - Processing /home/airflow/.local/lib/python3.8/site-packages/airflow/example_dags/example_complex.py took 0.109 seconds
[2025-08-14T17:37:20.832+0000] {processor.py:161} INFO - Started process (PID=153) to work on /home/airflow/.local/lib/python3.8/site-packages/airflow/example_dags/example_complex.py
[2025-08-14T17:37:20.835+0000] {processor.py:830} INFO - Processing file /home/airflow/.local/lib/python3.8/site-packages/airflow/example_dags/example_complex.py for tasks to queue
[2025-08-14T17:37:20.837+0000] {logging_mixin.py:188} INFO - [2025-08-14T17:37:20.836+0000] {dagbag.py:540} INFO - Filling up the DagBag from /home/airflow/.local/lib/python3.8/site-packages/airflow/example_dags/example_complex.py
[2025-08-14T17:37:20.842+0000] {processor.py:840} INFO - DAG(s) 'example_complex' retrieved from /home/airflow/.local/lib/python3.8/site-packages/airflow/example_dags/example_complex.py
[2025-08-14T17:37:20.894+0000] {logging_mixin.py:188} INFO - [2025-08-14T17:37:20.894+0000] {dag.py:3047} INFO - Sync 1 DAGs
[2025-08-14T17:37:20.905+0000] {logging_mixin.py:188} INFO - [2025-08-14T17:37:20.905+0000] {dag.py:3834} INFO - Setting next_dagrun for example_complex to None, run_after=None
[2025-08-14T17:37:20.915+0000] {processor.py:183} INFO - Processing /home/airflow/.local/lib/python3.8/site-packages/airflow/example_dags/example_complex.py took 0.085 seconds
[2025-08-14T17:37:51.415+0000] {processor.py:161} INFO - Started process (PID=209) to work on /home/airflow/.local/lib/python3.8/site-packages/airflow/example_dags/example_complex.py
[2025-08-14T17:37:51.417+0000] {processor.py:830} INFO - Processing file /home/airflow/.local/lib/python3.8/site-packages/airflow/example_dags/example_complex.py for tasks to queue
[2025-08-14T17:37:51.418+0000] {logging_mixin.py:188} INFO - [2025-08-14T17:37:51.418+0000] {dagbag.py:540} INFO - Filling up the DagBag from /home/airflow/.local/lib/python3.8/site-packages/airflow/example_dags/example_complex.py
[2025-08-14T17:37:51.427+0000] {processor.py:840} INFO - DAG(s) 'example_complex' retrieved from /home/airflow/.local/lib/python3.8/site-packages/airflow/example_dags/example_complex.py
[2025-08-14T17:37:51.451+0000] {logging_mixin.py:188} INFO - [2025-08-14T17:37:51.451+0000] {dag.py:3047} INFO - Sync 1 DAGs
[2025-08-14T17:37:51.464+0000] {logging_mixin.py:188} INFO - [2025-08-14T17:37:51.464+0000] {dag.py:3834} INFO - Setting next_dagrun for example_complex to None, run_after=None
[2025-08-14T17:37:51.495+0000] {processor.py:183} INFO - Processing /home/airflow/.local/lib/python3.8/site-packages/airflow/example_dags/example_complex.py took 0.084 seconds
[2025-08-14T17:38:22.036+0000] {processor.py:161} INFO - Started process (PID=265) to work on /home/airflow/.local/lib/python3.8/site-packages/airflow/example_dags/example_complex.py
[2025-08-14T17:38:22.039+0000] {processor.py:830} INFO - Processing file /home/airflow/.local/lib/python3.8/site-packages/airflow/example_dags/example_complex.py for tasks to queue
[2025-08-14T17:38:22.042+0000] {logging_mixin.py:188} INFO - [2025-08-14T17:38:22.041+0000] {dagbag.py:540} INFO - Filling up the DagBag from /home/airflow/.local/lib/python3.8/site-packages/airflow/example_dags/example_complex.py
[2025-08-14T17:38:22.059+0000] {processor.py:840} INFO - DAG(s) 'example_complex' retrieved from /home/airflow/.local/lib/python3.8/site-packages/airflow/example_dags/example_complex.py
[2025-08-14T17:38:22.107+0000] {logging_mixin.py:188} INFO - [2025-08-14T17:38:22.107+0000] {dag.py:3047} INFO - Sync 1 DAGs
[2025-08-14T17:38:22.140+0000] {logging_mixin.py:188} INFO - [2025-08-14T17:38:22.140+0000] {dag.py:3834} INFO - Setting next_dagrun for example_complex to None, run_after=None
[2025-08-14T17:38:22.160+0000] {processor.py:183} INFO - Processing /home/airflow/.local/lib/python3.8/site-packages/airflow/example_dags/example_complex.py took 0.129 seconds
[2025-08-14T17:38:52.472+0000] {processor.py:161} INFO - Started process (PID=322) to work on /home/airflow/.local/lib/python3.8/site-packages/airflow/example_dags/example_complex.py
[2025-08-14T17:38:52.473+0000] {processor.py:830} INFO - Processing file /home/airflow/.local/lib/python3.8/site-packages/airflow/example_dags/example_complex.py for tasks to queue
[2025-08-14T17:38:52.475+0000] {logging_mixin.py:188} INFO - [2025-08-14T17:38:52.475+0000] {dagbag.py:540} INFO - Filling up the DagBag from /home/airflow/.local/lib/python3.8/site-packages/airflow/example_dags/example_complex.py
[2025-08-14T17:38:52.483+0000] {processor.py:840} INFO - DAG(s) 'example_complex' retrieved from /home/airflow/.local/lib/python3.8/site-packages/airflow/example_dags/example_complex.py
[2025-08-14T17:38:52.505+0000] {logging_mixin.py:188} INFO - [2025-08-14T17:38:52.505+0000] {dag.py:3047} INFO - Sync 1 DAGs
[2025-08-14T17:38:52.520+0000] {logging_mixin.py:188} INFO - [2025-08-14T17:38:52.520+0000] {dag.py:3834} INFO - Setting next_dagrun for example_complex to None, run_after=None
[2025-08-14T17:38:52.541+0000] {processor.py:183} INFO - Processing /home/airflow/.local/lib/python3.8/site-packages/airflow/example_dags/example_complex.py took 0.073 seconds
[2025-08-14T17:39:22.875+0000] {processor.py:161} INFO - Started process (PID=378) to work on /home/airflow/.local/lib/python3.8/site-packages/airflow/example_dags/example_complex.py
[2025-08-14T17:39:22.876+0000] {processor.py:830} INFO - Processing file /home/airflow/.local/lib/python3.8/site-packages/airflow/example_dags/example_complex.py for tasks to queue
[2025-08-14T17:39:22.877+0000] {logging_mixin.py:188} INFO - [2025-08-14T17:39:22.876+0000] {dagbag.py:540} INFO - Filling up the DagBag from /home/airflow/.local/lib/python3.8/site-packages/airflow/example_dags/example_complex.py
[2025-08-14T17:39:22.883+0000] {processor.py:840} INFO - DAG(s) 'example_complex' retrieved from /home/airflow/.local/lib/python3.8/site-packages/airflow/example_dags/example_complex.py
[2025-08-14T17:39:22.907+0000] {logging_mixin.py:188} INFO - [2025-08-14T17:39:22.907+0000] {dag.py:3047} INFO - Sync 1 DAGs
[2025-08-14T17:39:22.914+0000] {logging_mixin.py:188} INFO - [2025-08-14T17:39:22.914+0000] {dag.py:3834} INFO - Setting next_dagrun for example_complex to None, run_after=None
[2025-08-14T17:39:22.934+0000] {processor.py:183} INFO - Processing /home/airflow/.local/lib/python3.8/site-packages/airflow/example_dags/example_complex.py took 0.061 seconds
[2025-08-14T17:39:53.790+0000] {processor.py:161} INFO - Started process (PID=434) to work on /home/airflow/.local/lib/python3.8/site-packages/airflow/example_dags/example_complex.py
[2025-08-14T17:39:53.792+0000] {processor.py:830} INFO - Processing file /home/airflow/.local/lib/python3.8/site-packages/airflow/example_dags/example_complex.py for tasks to queue
[2025-08-14T17:39:53.794+0000] {logging_mixin.py:188} INFO - [2025-08-14T17:39:53.794+0000] {dagbag.py:540} INFO - Filling up the DagBag from /home/airflow/.local/lib/python3.8/site-packages/airflow/example_dags/example_complex.py
[2025-08-14T17:39:53.800+0000] {processor.py:840} INFO - DAG(s) 'example_complex' retrieved from /home/airflow/.local/lib/python3.8/site-packages/airflow/example_dags/example_complex.py
[2025-08-14T17:39:53.819+0000] {logging_mixin.py:188} INFO - [2025-08-14T17:39:53.818+0000] {dag.py:3047} INFO - Sync 1 DAGs
[2025-08-14T17:39:53.831+0000] {logging_mixin.py:188} INFO - [2025-08-14T17:39:53.831+0000] {dag.py:3834} INFO - Setting next_dagrun for example_complex to None, run_after=None
[2025-08-14T17:39:53.849+0000] {processor.py:183} INFO - Processing /home/airflow/.local/lib/python3.8/site-packages/airflow/example_dags/example_complex.py took 0.061 seconds
[2025-08-14T17:40:24.435+0000] {processor.py:161} INFO - Started process (PID=490) to work on /home/airflow/.local/lib/python3.8/site-packages/airflow/example_dags/example_complex.py
[2025-08-14T17:40:24.436+0000] {processor.py:830} INFO - Processing file /home/airflow/.local/lib/python3.8/site-packages/airflow/example_dags/example_complex.py for tasks to queue
[2025-08-14T17:40:24.437+0000] {logging_mixin.py:188} INFO - [2025-08-14T17:40:24.437+0000] {dagbag.py:540} INFO - Filling up the DagBag from /home/airflow/.local/lib/python3.8/site-packages/airflow/example_dags/example_complex.py
[2025-08-14T17:40:24.445+0000] {processor.py:840} INFO - DAG(s) 'example_complex' retrieved from /home/airflow/.local/lib/python3.8/site-packages/airflow/example_dags/example_complex.py
[2025-08-14T17:40:24.466+0000] {logging_mixin.py:188} INFO - [2025-08-14T17:40:24.466+0000] {dag.py:3047} INFO - Sync 1 DAGs
[2025-08-14T17:40:24.473+0000] {logging_mixin.py:188} INFO - [2025-08-14T17:40:24.473+0000] {dag.py:3834} INFO - Setting next_dagrun for example_complex to None, run_after=None
[2025-08-14T17:40:24.500+0000] {processor.py:183} INFO - Processing /home/airflow/.local/lib/python3.8/site-packages/airflow/example_dags/example_complex.py took 0.066 seconds
[2025-08-14T17:40:55.056+0000] {processor.py:161} INFO - Started process (PID=546) to work on /home/airflow/.local/lib/python3.8/site-packages/airflow/example_dags/example_complex.py
[2025-08-14T17:40:55.057+0000] {processor.py:830} INFO - Processing file /home/airflow/.local/lib/python3.8/site-packages/airflow/example_dags/example_complex.py for tasks to queue
[2025-08-14T17:40:55.058+0000] {logging_mixin.py:188} INFO - [2025-08-14T17:40:55.058+0000] {dagbag.py:540} INFO - Filling up the DagBag from /home/airflow/.local/lib/python3.8/site-packages/airflow/example_dags/example_complex.py
[2025-08-14T17:40:55.065+0000] {processor.py:840} INFO - DAG(s) 'example_complex' retrieved from /home/airflow/.local/lib/python3.8/site-packages/airflow/example_dags/example_complex.py
[2025-08-14T17:40:55.088+0000] {logging_mixin.py:188} INFO - [2025-08-14T17:40:55.088+0000] {dag.py:3047} INFO - Sync 1 DAGs
[2025-08-14T17:40:55.103+0000] {logging_mixin.py:188} INFO - [2025-08-14T17:40:55.102+0000] {dag.py:3834} INFO - Setting next_dagrun for example_complex to None, run_after=None
[2025-08-14T17:40:55.123+0000] {processor.py:183} INFO - Processing /home/airflow/.local/lib/python3.8/site-packages/airflow/example_dags/example_complex.py took 0.069 seconds
[2025-08-14T17:41:25.367+0000] {processor.py:161} INFO - Started process (PID=602) to work on /home/airflow/.local/lib/python3.8/site-packages/airflow/example_dags/example_complex.py
[2025-08-14T17:41:25.368+0000] {processor.py:830} INFO - Processing file /home/airflow/.local/lib/python3.8/site-packages/airflow/example_dags/example_complex.py for tasks to queue
[2025-08-14T17:41:25.369+0000] {logging_mixin.py:188} INFO - [2025-08-14T17:41:25.369+0000] {dagbag.py:540} INFO - Filling up the DagBag from /home/airflow/.local/lib/python3.8/site-packages/airflow/example_dags/example_complex.py
[2025-08-14T17:41:25.375+0000] {processor.py:840} INFO - DAG(s) 'example_complex' retrieved from /home/airflow/.local/lib/python3.8/site-packages/airflow/example_dags/example_complex.py
[2025-08-14T17:41:25.393+0000] {logging_mixin.py:188} INFO - [2025-08-14T17:41:25.393+0000] {dag.py:3047} INFO - Sync 1 DAGs
[2025-08-14T17:41:25.399+0000] {logging_mixin.py:188} INFO - [2025-08-14T17:41:25.399+0000] {dag.py:3834} INFO - Setting next_dagrun for example_complex to None, run_after=None
[2025-08-14T17:41:25.411+0000] {processor.py:183} INFO - Processing /home/airflow/.local/lib/python3.8/site-packages/airflow/example_dags/example_complex.py took 0.046 seconds
[2025-08-14T17:41:56.232+0000] {processor.py:161} INFO - Started process (PID=658) to work on /home/airflow/.local/lib/python3.8/site-packages/airflow/example_dags/example_complex.py
[2025-08-14T17:41:56.256+0000] {processor.py:830} INFO - Processing file /home/airflow/.local/lib/python3.8/site-packages/airflow/example_dags/example_complex.py for tasks to queue
[2025-08-14T17:41:56.267+0000] {logging_mixin.py:188} INFO - [2025-08-14T17:41:56.264+0000] {dagbag.py:540} INFO - Filling up the DagBag from /home/airflow/.local/lib/python3.8/site-packages/airflow/example_dags/example_complex.py
[2025-08-14T17:41:56.315+0000] {processor.py:840} INFO - DAG(s) 'example_complex' retrieved from /home/airflow/.local/lib/python3.8/site-packages/airflow/example_dags/example_complex.py
[2025-08-14T17:41:56.472+0000] {logging_mixin.py:188} INFO - [2025-08-14T17:41:56.471+0000] {dag.py:3047} INFO - Sync 1 DAGs
[2025-08-14T17:41:56.510+0000] {logging_mixin.py:188} INFO - [2025-08-14T17:41:56.510+0000] {dag.py:3834} INFO - Setting next_dagrun for example_complex to None, run_after=None
[2025-08-14T17:41:56.573+0000] {processor.py:183} INFO - Processing /home/airflow/.local/lib/python3.8/site-packages/airflow/example_dags/example_complex.py took 0.351 seconds
[2025-08-14T17:42:26.873+0000] {processor.py:161} INFO - Started process (PID=714) to work on /home/airflow/.local/lib/python3.8/site-packages/airflow/example_dags/example_complex.py
[2025-08-14T17:42:26.874+0000] {processor.py:830} INFO - Processing file /home/airflow/.local/lib/python3.8/site-packages/airflow/example_dags/example_complex.py for tasks to queue
[2025-08-14T17:42:26.875+0000] {logging_mixin.py:188} INFO - [2025-08-14T17:42:26.875+0000] {dagbag.py:540} INFO - Filling up the DagBag from /home/airflow/.local/lib/python3.8/site-packages/airflow/example_dags/example_complex.py
[2025-08-14T17:42:26.881+0000] {processor.py:840} INFO - DAG(s) 'example_complex' retrieved from /home/airflow/.local/lib/python3.8/site-packages/airflow/example_dags/example_complex.py
[2025-08-14T17:42:26.900+0000] {logging_mixin.py:188} INFO - [2025-08-14T17:42:26.900+0000] {dag.py:3047} INFO - Sync 1 DAGs
[2025-08-14T17:42:26.908+0000] {logging_mixin.py:188} INFO - [2025-08-14T17:42:26.908+0000] {dag.py:3834} INFO - Setting next_dagrun for example_complex to None, run_after=None
[2025-08-14T17:42:26.917+0000] {processor.py:183} INFO - Processing /home/airflow/.local/lib/python3.8/site-packages/airflow/example_dags/example_complex.py took 0.046 seconds
[2025-08-14T17:42:57.095+0000] {processor.py:161} INFO - Started process (PID=770) to work on /home/airflow/.local/lib/python3.8/site-packages/airflow/example_dags/example_complex.py
[2025-08-14T17:42:57.097+0000] {processor.py:830} INFO - Processing file /home/airflow/.local/lib/python3.8/site-packages/airflow/example_dags/example_complex.py for tasks to queue
[2025-08-14T17:42:57.098+0000] {logging_mixin.py:188} INFO - [2025-08-14T17:42:57.098+0000] {dagbag.py:540} INFO - Filling up the DagBag from /home/airflow/.local/lib/python3.8/site-packages/airflow/example_dags/example_complex.py
[2025-08-14T17:42:57.107+0000] {processor.py:840} INFO - DAG(s) 'example_complex' retrieved from /home/airflow/.local/lib/python3.8/site-packages/airflow/example_dags/example_complex.py
[2025-08-14T17:42:57.127+0000] {logging_mixin.py:188} INFO - [2025-08-14T17:42:57.127+0000] {dag.py:3047} INFO - Sync 1 DAGs
[2025-08-14T17:42:57.135+0000] {logging_mixin.py:188} INFO - [2025-08-14T17:42:57.134+0000] {dag.py:3834} INFO - Setting next_dagrun for example_complex to None, run_after=None
[2025-08-14T17:42:57.150+0000] {processor.py:183} INFO - Processing /home/airflow/.local/lib/python3.8/site-packages/airflow/example_dags/example_complex.py took 0.059 seconds
[2025-08-14T17:43:27.844+0000] {processor.py:161} INFO - Started process (PID=826) to work on /home/airflow/.local/lib/python3.8/site-packages/airflow/example_dags/example_complex.py
[2025-08-14T17:43:27.847+0000] {processor.py:830} INFO - Processing file /home/airflow/.local/lib/python3.8/site-packages/airflow/example_dags/example_complex.py for tasks to queue
[2025-08-14T17:43:27.853+0000] {logging_mixin.py:188} INFO - [2025-08-14T17:43:27.852+0000] {dagbag.py:540} INFO - Filling up the DagBag from /home/airflow/.local/lib/python3.8/site-packages/airflow/example_dags/example_complex.py
[2025-08-14T17:43:27.863+0000] {processor.py:840} INFO - DAG(s) 'example_complex' retrieved from /home/airflow/.local/lib/python3.8/site-packages/airflow/example_dags/example_complex.py
[2025-08-14T17:43:27.891+0000] {logging_mixin.py:188} INFO - [2025-08-14T17:43:27.890+0000] {dag.py:3047} INFO - Sync 1 DAGs
[2025-08-14T17:43:27.899+0000] {logging_mixin.py:188} INFO - [2025-08-14T17:43:27.899+0000] {dag.py:3834} INFO - Setting next_dagrun for example_complex to None, run_after=None
[2025-08-14T17:43:27.911+0000] {processor.py:183} INFO - Processing /home/airflow/.local/lib/python3.8/site-packages/airflow/example_dags/example_complex.py took 0.070 seconds
[2025-08-14T17:43:58.228+0000] {processor.py:161} INFO - Started process (PID=882) to work on /home/airflow/.local/lib/python3.8/site-packages/airflow/example_dags/example_complex.py
[2025-08-14T17:43:58.229+0000] {processor.py:830} INFO - Processing file /home/airflow/.local/lib/python3.8/site-packages/airflow/example_dags/example_complex.py for tasks to queue
[2025-08-14T17:43:58.230+0000] {logging_mixin.py:188} INFO - [2025-08-14T17:43:58.229+0000] {dagbag.py:540} INFO - Filling up the DagBag from /home/airflow/.local/lib/python3.8/site-packages/airflow/example_dags/example_complex.py
[2025-08-14T17:43:58.237+0000] {processor.py:840} INFO - DAG(s) 'example_complex' retrieved from /home/airflow/.local/lib/python3.8/site-packages/airflow/example_dags/example_complex.py
[2025-08-14T17:43:58.255+0000] {logging_mixin.py:188} INFO - [2025-08-14T17:43:58.255+0000] {dag.py:3047} INFO - Sync 1 DAGs
[2025-08-14T17:43:58.261+0000] {logging_mixin.py:188} INFO - [2025-08-14T17:43:58.261+0000] {dag.py:3834} INFO - Setting next_dagrun for example_complex to None, run_after=None
[2025-08-14T17:43:58.270+0000] {processor.py:183} INFO - Processing /home/airflow/.local/lib/python3.8/site-packages/airflow/example_dags/example_complex.py took 0.044 seconds
[2025-08-14T17:44:28.334+0000] {processor.py:161} INFO - Started process (PID=938) to work on /home/airflow/.local/lib/python3.8/site-packages/airflow/example_dags/example_complex.py
[2025-08-14T17:44:28.335+0000] {processor.py:830} INFO - Processing file /home/airflow/.local/lib/python3.8/site-packages/airflow/example_dags/example_complex.py for tasks to queue
[2025-08-14T17:44:28.338+0000] {logging_mixin.py:188} INFO - [2025-08-14T17:44:28.337+0000] {dagbag.py:540} INFO - Filling up the DagBag from /home/airflow/.local/lib/python3.8/site-packages/airflow/example_dags/example_complex.py
[2025-08-14T17:44:28.344+0000] {processor.py:840} INFO - DAG(s) 'example_complex' retrieved from /home/airflow/.local/lib/python3.8/site-packages/airflow/example_dags/example_complex.py
[2025-08-14T17:44:28.359+0000] {logging_mixin.py:188} INFO - [2025-08-14T17:44:28.359+0000] {dag.py:3047} INFO - Sync 1 DAGs
[2025-08-14T17:44:28.365+0000] {logging_mixin.py:188} INFO - [2025-08-14T17:44:28.364+0000] {dag.py:3834} INFO - Setting next_dagrun for example_complex to None, run_after=None
[2025-08-14T17:44:28.373+0000] {processor.py:183} INFO - Processing /home/airflow/.local/lib/python3.8/site-packages/airflow/example_dags/example_complex.py took 0.042 seconds
[2025-08-14T17:44:58.540+0000] {processor.py:161} INFO - Started process (PID=994) to work on /home/airflow/.local/lib/python3.8/site-packages/airflow/example_dags/example_complex.py
[2025-08-14T17:44:58.542+0000] {processor.py:830} INFO - Processing file /home/airflow/.local/lib/python3.8/site-packages/airflow/example_dags/example_complex.py for tasks to queue
[2025-08-14T17:44:58.544+0000] {logging_mixin.py:188} INFO - [2025-08-14T17:44:58.544+0000] {dagbag.py:540} INFO - Filling up the DagBag from /home/airflow/.local/lib/python3.8/site-packages/airflow/example_dags/example_complex.py
[2025-08-14T17:44:58.550+0000] {processor.py:840} INFO - DAG(s) 'example_complex' retrieved from /home/airflow/.local/lib/python3.8/site-packages/airflow/example_dags/example_complex.py
[2025-08-14T17:44:58.568+0000] {logging_mixin.py:188} INFO - [2025-08-14T17:44:58.567+0000] {dag.py:3047} INFO - Sync 1 DAGs
[2025-08-14T17:44:58.575+0000] {logging_mixin.py:188} INFO - [2025-08-14T17:44:58.575+0000] {dag.py:3834} INFO - Setting next_dagrun for example_complex to None, run_after=None
[2025-08-14T17:44:58.586+0000] {processor.py:183} INFO - Processing /home/airflow/.local/lib/python3.8/site-packages/airflow/example_dags/example_complex.py took 0.048 seconds
[2025-08-14T17:45:28.874+0000] {processor.py:161} INFO - Started process (PID=1050) to work on /home/airflow/.local/lib/python3.8/site-packages/airflow/example_dags/example_complex.py
[2025-08-14T17:45:28.875+0000] {processor.py:830} INFO - Processing file /home/airflow/.local/lib/python3.8/site-packages/airflow/example_dags/example_complex.py for tasks to queue
[2025-08-14T17:45:28.876+0000] {logging_mixin.py:188} INFO - [2025-08-14T17:45:28.876+0000] {dagbag.py:540} INFO - Filling up the DagBag from /home/airflow/.local/lib/python3.8/site-packages/airflow/example_dags/example_complex.py
[2025-08-14T17:45:28.882+0000] {processor.py:840} INFO - DAG(s) 'example_complex' retrieved from /home/airflow/.local/lib/python3.8/site-packages/airflow/example_dags/example_complex.py
[2025-08-14T17:45:28.898+0000] {logging_mixin.py:188} INFO - [2025-08-14T17:45:28.898+0000] {dag.py:3047} INFO - Sync 1 DAGs
[2025-08-14T17:45:28.904+0000] {logging_mixin.py:188} INFO - [2025-08-14T17:45:28.904+0000] {dag.py:3834} INFO - Setting next_dagrun for example_complex to None, run_after=None
[2025-08-14T17:45:28.912+0000] {processor.py:183} INFO - Processing /home/airflow/.local/lib/python3.8/site-packages/airflow/example_dags/example_complex.py took 0.040 seconds
[2025-08-14T17:45:59.562+0000] {processor.py:161} INFO - Started process (PID=1106) to work on /home/airflow/.local/lib/python3.8/site-packages/airflow/example_dags/example_complex.py
[2025-08-14T17:45:59.563+0000] {processor.py:830} INFO - Processing file /home/airflow/.local/lib/python3.8/site-packages/airflow/example_dags/example_complex.py for tasks to queue
[2025-08-14T17:45:59.565+0000] {logging_mixin.py:188} INFO - [2025-08-14T17:45:59.564+0000] {dagbag.py:540} INFO - Filling up the DagBag from /home/airflow/.local/lib/python3.8/site-packages/airflow/example_dags/example_complex.py
[2025-08-14T17:45:59.575+0000] {processor.py:840} INFO - DAG(s) 'example_complex' retrieved from /home/airflow/.local/lib/python3.8/site-packages/airflow/example_dags/example_complex.py
[2025-08-14T17:45:59.609+0000] {logging_mixin.py:188} INFO - [2025-08-14T17:45:59.609+0000] {dag.py:3047} INFO - Sync 1 DAGs
[2025-08-14T17:45:59.620+0000] {logging_mixin.py:188} INFO - [2025-08-14T17:45:59.620+0000] {dag.py:3834} INFO - Setting next_dagrun for example_complex to None, run_after=None
[2025-08-14T17:45:59.638+0000] {processor.py:183} INFO - Processing /home/airflow/.local/lib/python3.8/site-packages/airflow/example_dags/example_complex.py took 0.078 seconds
[2025-08-14T17:46:29.775+0000] {processor.py:161} INFO - Started process (PID=1162) to work on /home/airflow/.local/lib/python3.8/site-packages/airflow/example_dags/example_complex.py
[2025-08-14T17:46:29.776+0000] {processor.py:830} INFO - Processing file /home/airflow/.local/lib/python3.8/site-packages/airflow/example_dags/example_complex.py for tasks to queue
[2025-08-14T17:46:29.779+0000] {logging_mixin.py:188} INFO - [2025-08-14T17:46:29.779+0000] {dagbag.py:540} INFO - Filling up the DagBag from /home/airflow/.local/lib/python3.8/site-packages/airflow/example_dags/example_complex.py
[2025-08-14T17:46:29.786+0000] {processor.py:840} INFO - DAG(s) 'example_complex' retrieved from /home/airflow/.local/lib/python3.8/site-packages/airflow/example_dags/example_complex.py
[2025-08-14T17:46:29.811+0000] {logging_mixin.py:188} INFO - [2025-08-14T17:46:29.810+0000] {dag.py:3047} INFO - Sync 1 DAGs
[2025-08-14T17:46:29.821+0000] {logging_mixin.py:188} INFO - [2025-08-14T17:46:29.821+0000] {dag.py:3834} INFO - Setting next_dagrun for example_complex to None, run_after=None
[2025-08-14T17:46:29.831+0000] {processor.py:183} INFO - Processing /home/airflow/.local/lib/python3.8/site-packages/airflow/example_dags/example_complex.py took 0.058 seconds
[2025-08-14T17:46:59.901+0000] {processor.py:161} INFO - Started process (PID=1218) to work on /home/airflow/.local/lib/python3.8/site-packages/airflow/example_dags/example_complex.py
[2025-08-14T17:46:59.905+0000] {processor.py:830} INFO - Processing file /home/airflow/.local/lib/python3.8/site-packages/airflow/example_dags/example_complex.py for tasks to queue
[2025-08-14T17:46:59.907+0000] {logging_mixin.py:188} INFO - [2025-08-14T17:46:59.906+0000] {dagbag.py:540} INFO - Filling up the DagBag from /home/airflow/.local/lib/python3.8/site-packages/airflow/example_dags/example_complex.py
[2025-08-14T17:46:59.912+0000] {processor.py:840} INFO - DAG(s) 'example_complex' retrieved from /home/airflow/.local/lib/python3.8/site-packages/airflow/example_dags/example_complex.py
[2025-08-14T17:46:59.933+0000] {logging_mixin.py:188} INFO - [2025-08-14T17:46:59.933+0000] {dag.py:3047} INFO - Sync 1 DAGs
[2025-08-14T17:46:59.940+0000] {logging_mixin.py:188} INFO - [2025-08-14T17:46:59.940+0000] {dag.py:3834} INFO - Setting next_dagrun for example_complex to None, run_after=None
[2025-08-14T17:46:59.950+0000] {processor.py:183} INFO - Processing /home/airflow/.local/lib/python3.8/site-packages/airflow/example_dags/example_complex.py took 0.051 seconds
[2025-08-14T17:47:30.639+0000] {processor.py:161} INFO - Started process (PID=1274) to work on /home/airflow/.local/lib/python3.8/site-packages/airflow/example_dags/example_complex.py
[2025-08-14T17:47:30.640+0000] {processor.py:830} INFO - Processing file /home/airflow/.local/lib/python3.8/site-packages/airflow/example_dags/example_complex.py for tasks to queue
[2025-08-14T17:47:30.641+0000] {logging_mixin.py:188} INFO - [2025-08-14T17:47:30.641+0000] {dagbag.py:540} INFO - Filling up the DagBag from /home/airflow/.local/lib/python3.8/site-packages/airflow/example_dags/example_complex.py
[2025-08-14T17:47:30.648+0000] {processor.py:840} INFO - DAG(s) 'example_complex' retrieved from /home/airflow/.local/lib/python3.8/site-packages/airflow/example_dags/example_complex.py
[2025-08-14T17:47:30.671+0000] {logging_mixin.py:188} INFO - [2025-08-14T17:47:30.671+0000] {dag.py:3047} INFO - Sync 1 DAGs
[2025-08-14T17:47:30.679+0000] {logging_mixin.py:188} INFO - [2025-08-14T17:47:30.679+0000] {dag.py:3834} INFO - Setting next_dagrun for example_complex to None, run_after=None
[2025-08-14T17:47:30.690+0000] {processor.py:183} INFO - Processing /home/airflow/.local/lib/python3.8/site-packages/airflow/example_dags/example_complex.py took 0.053 seconds
[2025-08-14T17:48:00.959+0000] {processor.py:161} INFO - Started process (PID=1330) to work on /home/airflow/.local/lib/python3.8/site-packages/airflow/example_dags/example_complex.py
[2025-08-14T17:48:00.960+0000] {processor.py:830} INFO - Processing file /home/airflow/.local/lib/python3.8/site-packages/airflow/example_dags/example_complex.py for tasks to queue
[2025-08-14T17:48:00.961+0000] {logging_mixin.py:188} INFO - [2025-08-14T17:48:00.961+0000] {dagbag.py:540} INFO - Filling up the DagBag from /home/airflow/.local/lib/python3.8/site-packages/airflow/example_dags/example_complex.py
[2025-08-14T17:48:00.967+0000] {processor.py:840} INFO - DAG(s) 'example_complex' retrieved from /home/airflow/.local/lib/python3.8/site-packages/airflow/example_dags/example_complex.py
[2025-08-14T17:48:00.986+0000] {logging_mixin.py:188} INFO - [2025-08-14T17:48:00.986+0000] {dag.py:3047} INFO - Sync 1 DAGs
[2025-08-14T17:48:00.992+0000] {logging_mixin.py:188} INFO - [2025-08-14T17:48:00.992+0000] {dag.py:3834} INFO - Setting next_dagrun for example_complex to None, run_after=None
[2025-08-14T17:48:01.002+0000] {processor.py:183} INFO - Processing /home/airflow/.local/lib/python3.8/site-packages/airflow/example_dags/example_complex.py took 0.045 seconds
[2025-08-14T17:48:31.288+0000] {processor.py:161} INFO - Started process (PID=1386) to work on /home/airflow/.local/lib/python3.8/site-packages/airflow/example_dags/example_complex.py
[2025-08-14T17:48:31.290+0000] {processor.py:830} INFO - Processing file /home/airflow/.local/lib/python3.8/site-packages/airflow/example_dags/example_complex.py for tasks to queue
[2025-08-14T17:48:31.293+0000] {logging_mixin.py:188} INFO - [2025-08-14T17:48:31.292+0000] {dagbag.py:540} INFO - Filling up the DagBag from /home/airflow/.local/lib/python3.8/site-packages/airflow/example_dags/example_complex.py
[2025-08-14T17:48:31.300+0000] {processor.py:840} INFO - DAG(s) 'example_complex' retrieved from /home/airflow/.local/lib/python3.8/site-packages/airflow/example_dags/example_complex.py
[2025-08-14T17:48:31.317+0000] {logging_mixin.py:188} INFO - [2025-08-14T17:48:31.317+0000] {dag.py:3047} INFO - Sync 1 DAGs
[2025-08-14T17:48:31.323+0000] {logging_mixin.py:188} INFO - [2025-08-14T17:48:31.323+0000] {dag.py:3834} INFO - Setting next_dagrun for example_complex to None, run_after=None
[2025-08-14T17:48:31.339+0000] {processor.py:183} INFO - Processing /home/airflow/.local/lib/python3.8/site-packages/airflow/example_dags/example_complex.py took 0.053 seconds
[2025-08-14T17:49:01.994+0000] {processor.py:161} INFO - Started process (PID=1442) to work on /home/airflow/.local/lib/python3.8/site-packages/airflow/example_dags/example_complex.py
[2025-08-14T17:49:01.995+0000] {processor.py:830} INFO - Processing file /home/airflow/.local/lib/python3.8/site-packages/airflow/example_dags/example_complex.py for tasks to queue
[2025-08-14T17:49:01.996+0000] {logging_mixin.py:188} INFO - [2025-08-14T17:49:01.996+0000] {dagbag.py:540} INFO - Filling up the DagBag from /home/airflow/.local/lib/python3.8/site-packages/airflow/example_dags/example_complex.py
[2025-08-14T17:49:02.003+0000] {processor.py:840} INFO - DAG(s) 'example_complex' retrieved from /home/airflow/.local/lib/python3.8/site-packages/airflow/example_dags/example_complex.py
[2025-08-14T17:49:02.024+0000] {logging_mixin.py:188} INFO - [2025-08-14T17:49:02.023+0000] {dag.py:3047} INFO - Sync 1 DAGs
[2025-08-14T17:49:02.030+0000] {logging_mixin.py:188} INFO - [2025-08-14T17:49:02.030+0000] {dag.py:3834} INFO - Setting next_dagrun for example_complex to None, run_after=None
[2025-08-14T17:49:02.040+0000] {processor.py:183} INFO - Processing /home/airflow/.local/lib/python3.8/site-packages/airflow/example_dags/example_complex.py took 0.048 seconds
[2025-08-14T17:49:32.311+0000] {processor.py:161} INFO - Started process (PID=1498) to work on /home/airflow/.local/lib/python3.8/site-packages/airflow/example_dags/example_complex.py
[2025-08-14T17:49:32.313+0000] {processor.py:830} INFO - Processing file /home/airflow/.local/lib/python3.8/site-packages/airflow/example_dags/example_complex.py for tasks to queue
[2025-08-14T17:49:32.318+0000] {logging_mixin.py:188} INFO - [2025-08-14T17:49:32.318+0000] {dagbag.py:540} INFO - Filling up the DagBag from /home/airflow/.local/lib/python3.8/site-packages/airflow/example_dags/example_complex.py
[2025-08-14T17:49:32.345+0000] {processor.py:840} INFO - DAG(s) 'example_complex' retrieved from /home/airflow/.local/lib/python3.8/site-packages/airflow/example_dags/example_complex.py
[2025-08-14T17:49:32.434+0000] {logging_mixin.py:188} INFO - [2025-08-14T17:49:32.434+0000] {dag.py:3047} INFO - Sync 1 DAGs
[2025-08-14T17:49:32.445+0000] {logging_mixin.py:188} INFO - [2025-08-14T17:49:32.444+0000] {dag.py:3834} INFO - Setting next_dagrun for example_complex to None, run_after=None
[2025-08-14T17:49:32.465+0000] {processor.py:183} INFO - Processing /home/airflow/.local/lib/python3.8/site-packages/airflow/example_dags/example_complex.py took 0.161 seconds
[2025-08-14T17:50:03.563+0000] {processor.py:161} INFO - Started process (PID=1554) to work on /home/airflow/.local/lib/python3.8/site-packages/airflow/example_dags/example_complex.py
[2025-08-14T17:50:03.565+0000] {processor.py:830} INFO - Processing file /home/airflow/.local/lib/python3.8/site-packages/airflow/example_dags/example_complex.py for tasks to queue
[2025-08-14T17:50:03.568+0000] {logging_mixin.py:188} INFO - [2025-08-14T17:50:03.567+0000] {dagbag.py:540} INFO - Filling up the DagBag from /home/airflow/.local/lib/python3.8/site-packages/airflow/example_dags/example_complex.py
[2025-08-14T17:50:03.580+0000] {processor.py:840} INFO - DAG(s) 'example_complex' retrieved from /home/airflow/.local/lib/python3.8/site-packages/airflow/example_dags/example_complex.py
[2025-08-14T17:50:03.611+0000] {logging_mixin.py:188} INFO - [2025-08-14T17:50:03.610+0000] {dag.py:3047} INFO - Sync 1 DAGs
[2025-08-14T17:50:03.619+0000] {logging_mixin.py:188} INFO - [2025-08-14T17:50:03.618+0000] {dag.py:3834} INFO - Setting next_dagrun for example_complex to None, run_after=None
[2025-08-14T17:50:03.667+0000] {processor.py:183} INFO - Processing /home/airflow/.local/lib/python3.8/site-packages/airflow/example_dags/example_complex.py took 0.108 seconds
[2025-08-14T17:50:33.769+0000] {processor.py:161} INFO - Started process (PID=1610) to work on /home/airflow/.local/lib/python3.8/site-packages/airflow/example_dags/example_complex.py
[2025-08-14T17:50:33.770+0000] {processor.py:830} INFO - Processing file /home/airflow/.local/lib/python3.8/site-packages/airflow/example_dags/example_complex.py for tasks to queue
[2025-08-14T17:50:33.771+0000] {logging_mixin.py:188} INFO - [2025-08-14T17:50:33.771+0000] {dagbag.py:540} INFO - Filling up the DagBag from /home/airflow/.local/lib/python3.8/site-packages/airflow/example_dags/example_complex.py
[2025-08-14T17:50:33.777+0000] {processor.py:840} INFO - DAG(s) 'example_complex' retrieved from /home/airflow/.local/lib/python3.8/site-packages/airflow/example_dags/example_complex.py
[2025-08-14T17:50:33.794+0000] {logging_mixin.py:188} INFO - [2025-08-14T17:50:33.794+0000] {dag.py:3047} INFO - Sync 1 DAGs
[2025-08-14T17:50:33.799+0000] {logging_mixin.py:188} INFO - [2025-08-14T17:50:33.799+0000] {dag.py:3834} INFO - Setting next_dagrun for example_complex to None, run_after=None
[2025-08-14T17:50:33.809+0000] {processor.py:183} INFO - Processing /home/airflow/.local/lib/python3.8/site-packages/airflow/example_dags/example_complex.py took 0.042 seconds
[2025-08-14T17:51:04.600+0000] {processor.py:161} INFO - Started process (PID=1666) to work on /home/airflow/.local/lib/python3.8/site-packages/airflow/example_dags/example_complex.py
[2025-08-14T17:51:04.601+0000] {processor.py:830} INFO - Processing file /home/airflow/.local/lib/python3.8/site-packages/airflow/example_dags/example_complex.py for tasks to queue
[2025-08-14T17:51:04.602+0000] {logging_mixin.py:188} INFO - [2025-08-14T17:51:04.602+0000] {dagbag.py:540} INFO - Filling up the DagBag from /home/airflow/.local/lib/python3.8/site-packages/airflow/example_dags/example_complex.py
[2025-08-14T17:51:04.608+0000] {processor.py:840} INFO - DAG(s) 'example_complex' retrieved from /home/airflow/.local/lib/python3.8/site-packages/airflow/example_dags/example_complex.py
[2025-08-14T17:51:04.629+0000] {logging_mixin.py:188} INFO - [2025-08-14T17:51:04.629+0000] {dag.py:3047} INFO - Sync 1 DAGs
[2025-08-14T17:51:04.636+0000] {logging_mixin.py:188} INFO - [2025-08-14T17:51:04.636+0000] {dag.py:3834} INFO - Setting next_dagrun for example_complex to None, run_after=None
[2025-08-14T17:51:04.643+0000] {processor.py:183} INFO - Processing /home/airflow/.local/lib/python3.8/site-packages/airflow/example_dags/example_complex.py took 0.045 seconds
[2025-08-14T17:51:35.127+0000] {processor.py:161} INFO - Started process (PID=1722) to work on /home/airflow/.local/lib/python3.8/site-packages/airflow/example_dags/example_complex.py
[2025-08-14T17:51:35.128+0000] {processor.py:830} INFO - Processing file /home/airflow/.local/lib/python3.8/site-packages/airflow/example_dags/example_complex.py for tasks to queue
[2025-08-14T17:51:35.130+0000] {logging_mixin.py:188} INFO - [2025-08-14T17:51:35.130+0000] {dagbag.py:540} INFO - Filling up the DagBag from /home/airflow/.local/lib/python3.8/site-packages/airflow/example_dags/example_complex.py
[2025-08-14T17:51:35.139+0000] {processor.py:840} INFO - DAG(s) 'example_complex' retrieved from /home/airflow/.local/lib/python3.8/site-packages/airflow/example_dags/example_complex.py
[2025-08-14T17:51:35.161+0000] {logging_mixin.py:188} INFO - [2025-08-14T17:51:35.161+0000] {dag.py:3047} INFO - Sync 1 DAGs
[2025-08-14T17:51:35.167+0000] {logging_mixin.py:188} INFO - [2025-08-14T17:51:35.166+0000] {dag.py:3834} INFO - Setting next_dagrun for example_complex to None, run_after=None
[2025-08-14T17:51:35.177+0000] {processor.py:183} INFO - Processing /home/airflow/.local/lib/python3.8/site-packages/airflow/example_dags/example_complex.py took 0.052 seconds
[2025-08-14T17:52:05.895+0000] {processor.py:161} INFO - Started process (PID=1778) to work on /home/airflow/.local/lib/python3.8/site-packages/airflow/example_dags/example_complex.py
[2025-08-14T17:52:05.897+0000] {processor.py:830} INFO - Processing file /home/airflow/.local/lib/python3.8/site-packages/airflow/example_dags/example_complex.py for tasks to queue
[2025-08-14T17:52:05.899+0000] {logging_mixin.py:188} INFO - [2025-08-14T17:52:05.899+0000] {dagbag.py:540} INFO - Filling up the DagBag from /home/airflow/.local/lib/python3.8/site-packages/airflow/example_dags/example_complex.py
[2025-08-14T17:52:05.911+0000] {processor.py:840} INFO - DAG(s) 'example_complex' retrieved from /home/airflow/.local/lib/python3.8/site-packages/airflow/example_dags/example_complex.py
[2025-08-14T17:52:05.957+0000] {logging_mixin.py:188} INFO - [2025-08-14T17:52:05.956+0000] {dag.py:3047} INFO - Sync 1 DAGs
[2025-08-14T17:52:05.972+0000] {logging_mixin.py:188} INFO - [2025-08-14T17:52:05.972+0000] {dag.py:3834} INFO - Setting next_dagrun for example_complex to None, run_after=None
[2025-08-14T17:52:06.016+0000] {processor.py:183} INFO - Processing /home/airflow/.local/lib/python3.8/site-packages/airflow/example_dags/example_complex.py took 0.127 seconds
[2025-08-14T17:52:36.050+0000] {processor.py:161} INFO - Started process (PID=1834) to work on /home/airflow/.local/lib/python3.8/site-packages/airflow/example_dags/example_complex.py
[2025-08-14T17:52:36.052+0000] {processor.py:830} INFO - Processing file /home/airflow/.local/lib/python3.8/site-packages/airflow/example_dags/example_complex.py for tasks to queue
[2025-08-14T17:52:36.053+0000] {logging_mixin.py:188} INFO - [2025-08-14T17:52:36.053+0000] {dagbag.py:540} INFO - Filling up the DagBag from /home/airflow/.local/lib/python3.8/site-packages/airflow/example_dags/example_complex.py
[2025-08-14T17:52:36.058+0000] {processor.py:840} INFO - DAG(s) 'example_complex' retrieved from /home/airflow/.local/lib/python3.8/site-packages/airflow/example_dags/example_complex.py
[2025-08-14T17:52:36.077+0000] {logging_mixin.py:188} INFO - [2025-08-14T17:52:36.077+0000] {dag.py:3047} INFO - Sync 1 DAGs
[2025-08-14T17:52:36.083+0000] {logging_mixin.py:188} INFO - [2025-08-14T17:52:36.083+0000] {dag.py:3834} INFO - Setting next_dagrun for example_complex to None, run_after=None
[2025-08-14T17:52:36.091+0000] {processor.py:183} INFO - Processing /home/airflow/.local/lib/python3.8/site-packages/airflow/example_dags/example_complex.py took 0.043 seconds
[2025-08-14T17:53:07.016+0000] {processor.py:161} INFO - Started process (PID=1890) to work on /home/airflow/.local/lib/python3.8/site-packages/airflow/example_dags/example_complex.py
[2025-08-14T17:53:07.017+0000] {processor.py:830} INFO - Processing file /home/airflow/.local/lib/python3.8/site-packages/airflow/example_dags/example_complex.py for tasks to queue
[2025-08-14T17:53:07.018+0000] {logging_mixin.py:188} INFO - [2025-08-14T17:53:07.018+0000] {dagbag.py:540} INFO - Filling up the DagBag from /home/airflow/.local/lib/python3.8/site-packages/airflow/example_dags/example_complex.py
[2025-08-14T17:53:07.023+0000] {processor.py:840} INFO - DAG(s) 'example_complex' retrieved from /home/airflow/.local/lib/python3.8/site-packages/airflow/example_dags/example_complex.py
[2025-08-14T17:53:07.042+0000] {logging_mixin.py:188} INFO - [2025-08-14T17:53:07.042+0000] {dag.py:3047} INFO - Sync 1 DAGs
[2025-08-14T17:53:07.049+0000] {logging_mixin.py:188} INFO - [2025-08-14T17:53:07.049+0000] {dag.py:3834} INFO - Setting next_dagrun for example_complex to None, run_after=None
[2025-08-14T17:53:07.059+0000] {processor.py:183} INFO - Processing /home/airflow/.local/lib/python3.8/site-packages/airflow/example_dags/example_complex.py took 0.045 seconds
[2025-08-14T17:53:37.229+0000] {processor.py:161} INFO - Started process (PID=1946) to work on /home/airflow/.local/lib/python3.8/site-packages/airflow/example_dags/example_complex.py
[2025-08-14T17:53:37.233+0000] {processor.py:830} INFO - Processing file /home/airflow/.local/lib/python3.8/site-packages/airflow/example_dags/example_complex.py for tasks to queue
[2025-08-14T17:53:37.235+0000] {logging_mixin.py:188} INFO - [2025-08-14T17:53:37.235+0000] {dagbag.py:540} INFO - Filling up the DagBag from /home/airflow/.local/lib/python3.8/site-packages/airflow/example_dags/example_complex.py
[2025-08-14T17:53:37.240+0000] {processor.py:840} INFO - DAG(s) 'example_complex' retrieved from /home/airflow/.local/lib/python3.8/site-packages/airflow/example_dags/example_complex.py
[2025-08-14T17:53:37.260+0000] {logging_mixin.py:188} INFO - [2025-08-14T17:53:37.259+0000] {dag.py:3047} INFO - Sync 1 DAGs
[2025-08-14T17:53:37.266+0000] {logging_mixin.py:188} INFO - [2025-08-14T17:53:37.266+0000] {dag.py:3834} INFO - Setting next_dagrun for example_complex to None, run_after=None
[2025-08-14T17:53:37.274+0000] {processor.py:183} INFO - Processing /home/airflow/.local/lib/python3.8/site-packages/airflow/example_dags/example_complex.py took 0.047 seconds
[2025-08-14T17:54:07.475+0000] {processor.py:161} INFO - Started process (PID=2002) to work on /home/airflow/.local/lib/python3.8/site-packages/airflow/example_dags/example_complex.py
[2025-08-14T17:54:07.476+0000] {processor.py:830} INFO - Processing file /home/airflow/.local/lib/python3.8/site-packages/airflow/example_dags/example_complex.py for tasks to queue
[2025-08-14T17:54:07.477+0000] {logging_mixin.py:188} INFO - [2025-08-14T17:54:07.477+0000] {dagbag.py:540} INFO - Filling up the DagBag from /home/airflow/.local/lib/python3.8/site-packages/airflow/example_dags/example_complex.py
[2025-08-14T17:54:07.484+0000] {processor.py:840} INFO - DAG(s) 'example_complex' retrieved from /home/airflow/.local/lib/python3.8/site-packages/airflow/example_dags/example_complex.py
[2025-08-14T17:54:07.499+0000] {logging_mixin.py:188} INFO - [2025-08-14T17:54:07.499+0000] {dag.py:3047} INFO - Sync 1 DAGs
[2025-08-14T17:54:07.505+0000] {logging_mixin.py:188} INFO - [2025-08-14T17:54:07.505+0000] {dag.py:3834} INFO - Setting next_dagrun for example_complex to None, run_after=None
[2025-08-14T17:54:07.513+0000] {processor.py:183} INFO - Processing /home/airflow/.local/lib/python3.8/site-packages/airflow/example_dags/example_complex.py took 0.040 seconds
[2025-08-14T17:54:37.844+0000] {processor.py:161} INFO - Started process (PID=2058) to work on /home/airflow/.local/lib/python3.8/site-packages/airflow/example_dags/example_complex.py
[2025-08-14T17:54:37.845+0000] {processor.py:830} INFO - Processing file /home/airflow/.local/lib/python3.8/site-packages/airflow/example_dags/example_complex.py for tasks to queue
[2025-08-14T17:54:37.847+0000] {logging_mixin.py:188} INFO - [2025-08-14T17:54:37.847+0000] {dagbag.py:540} INFO - Filling up the DagBag from /home/airflow/.local/lib/python3.8/site-packages/airflow/example_dags/example_complex.py
[2025-08-14T17:54:37.853+0000] {processor.py:840} INFO - DAG(s) 'example_complex' retrieved from /home/airflow/.local/lib/python3.8/site-packages/airflow/example_dags/example_complex.py
[2025-08-14T17:54:37.869+0000] {logging_mixin.py:188} INFO - [2025-08-14T17:54:37.869+0000] {dag.py:3047} INFO - Sync 1 DAGs
[2025-08-14T17:54:37.874+0000] {logging_mixin.py:188} INFO - [2025-08-14T17:54:37.874+0000] {dag.py:3834} INFO - Setting next_dagrun for example_complex to None, run_after=None
[2025-08-14T17:54:37.882+0000] {processor.py:183} INFO - Processing /home/airflow/.local/lib/python3.8/site-packages/airflow/example_dags/example_complex.py took 0.040 seconds
[2025-08-14T17:55:08.366+0000] {processor.py:161} INFO - Started process (PID=2114) to work on /home/airflow/.local/lib/python3.8/site-packages/airflow/example_dags/example_complex.py
[2025-08-14T17:55:08.367+0000] {processor.py:830} INFO - Processing file /home/airflow/.local/lib/python3.8/site-packages/airflow/example_dags/example_complex.py for tasks to queue
[2025-08-14T17:55:08.368+0000] {logging_mixin.py:188} INFO - [2025-08-14T17:55:08.368+0000] {dagbag.py:540} INFO - Filling up the DagBag from /home/airflow/.local/lib/python3.8/site-packages/airflow/example_dags/example_complex.py
[2025-08-14T17:55:08.375+0000] {processor.py:840} INFO - DAG(s) 'example_complex' retrieved from /home/airflow/.local/lib/python3.8/site-packages/airflow/example_dags/example_complex.py
[2025-08-14T17:55:08.397+0000] {logging_mixin.py:188} INFO - [2025-08-14T17:55:08.397+0000] {dag.py:3047} INFO - Sync 1 DAGs
[2025-08-14T17:55:08.404+0000] {logging_mixin.py:188} INFO - [2025-08-14T17:55:08.403+0000] {dag.py:3834} INFO - Setting next_dagrun for example_complex to None, run_after=None
[2025-08-14T17:55:08.414+0000] {processor.py:183} INFO - Processing /home/airflow/.local/lib/python3.8/site-packages/airflow/example_dags/example_complex.py took 0.050 seconds
[2025-08-14T17:55:39.002+0000] {processor.py:161} INFO - Started process (PID=2170) to work on /home/airflow/.local/lib/python3.8/site-packages/airflow/example_dags/example_complex.py
[2025-08-14T17:55:39.003+0000] {processor.py:830} INFO - Processing file /home/airflow/.local/lib/python3.8/site-packages/airflow/example_dags/example_complex.py for tasks to queue
[2025-08-14T17:55:39.005+0000] {logging_mixin.py:188} INFO - [2025-08-14T17:55:39.004+0000] {dagbag.py:540} INFO - Filling up the DagBag from /home/airflow/.local/lib/python3.8/site-packages/airflow/example_dags/example_complex.py
[2025-08-14T17:55:39.013+0000] {processor.py:840} INFO - DAG(s) 'example_complex' retrieved from /home/airflow/.local/lib/python3.8/site-packages/airflow/example_dags/example_complex.py
[2025-08-14T17:55:39.036+0000] {logging_mixin.py:188} INFO - [2025-08-14T17:55:39.036+0000] {dag.py:3047} INFO - Sync 1 DAGs
[2025-08-14T17:55:39.042+0000] {logging_mixin.py:188} INFO - [2025-08-14T17:55:39.041+0000] {dag.py:3834} INFO - Setting next_dagrun for example_complex to None, run_after=None
[2025-08-14T17:55:39.049+0000] {processor.py:183} INFO - Processing /home/airflow/.local/lib/python3.8/site-packages/airflow/example_dags/example_complex.py took 0.050 seconds
[2025-08-14T17:56:09.560+0000] {processor.py:161} INFO - Started process (PID=2226) to work on /home/airflow/.local/lib/python3.8/site-packages/airflow/example_dags/example_complex.py
[2025-08-14T17:56:09.561+0000] {processor.py:830} INFO - Processing file /home/airflow/.local/lib/python3.8/site-packages/airflow/example_dags/example_complex.py for tasks to queue
[2025-08-14T17:56:09.563+0000] {logging_mixin.py:188} INFO - [2025-08-14T17:56:09.563+0000] {dagbag.py:540} INFO - Filling up the DagBag from /home/airflow/.local/lib/python3.8/site-packages/airflow/example_dags/example_complex.py
[2025-08-14T17:56:09.568+0000] {processor.py:840} INFO - DAG(s) 'example_complex' retrieved from /home/airflow/.local/lib/python3.8/site-packages/airflow/example_dags/example_complex.py
[2025-08-14T17:56:09.587+0000] {logging_mixin.py:188} INFO - [2025-08-14T17:56:09.587+0000] {dag.py:3047} INFO - Sync 1 DAGs
[2025-08-14T17:56:09.592+0000] {logging_mixin.py:188} INFO - [2025-08-14T17:56:09.592+0000] {dag.py:3834} INFO - Setting next_dagrun for example_complex to None, run_after=None
[2025-08-14T17:56:09.600+0000] {processor.py:183} INFO - Processing /home/airflow/.local/lib/python3.8/site-packages/airflow/example_dags/example_complex.py took 0.042 seconds
[2025-08-14T17:56:39.864+0000] {processor.py:161} INFO - Started process (PID=2282) to work on /home/airflow/.local/lib/python3.8/site-packages/airflow/example_dags/example_complex.py
[2025-08-14T17:56:39.865+0000] {processor.py:830} INFO - Processing file /home/airflow/.local/lib/python3.8/site-packages/airflow/example_dags/example_complex.py for tasks to queue
[2025-08-14T17:56:39.868+0000] {logging_mixin.py:188} INFO - [2025-08-14T17:56:39.868+0000] {dagbag.py:540} INFO - Filling up the DagBag from /home/airflow/.local/lib/python3.8/site-packages/airflow/example_dags/example_complex.py
[2025-08-14T17:56:39.874+0000] {processor.py:840} INFO - DAG(s) 'example_complex' retrieved from /home/airflow/.local/lib/python3.8/site-packages/airflow/example_dags/example_complex.py
[2025-08-14T17:56:39.891+0000] {logging_mixin.py:188} INFO - [2025-08-14T17:56:39.891+0000] {dag.py:3047} INFO - Sync 1 DAGs
[2025-08-14T17:56:39.896+0000] {logging_mixin.py:188} INFO - [2025-08-14T17:56:39.896+0000] {dag.py:3834} INFO - Setting next_dagrun for example_complex to None, run_after=None
[2025-08-14T17:56:39.904+0000] {processor.py:183} INFO - Processing /home/airflow/.local/lib/python3.8/site-packages/airflow/example_dags/example_complex.py took 0.043 seconds
[2025-08-14T17:57:10.242+0000] {processor.py:161} INFO - Started process (PID=2338) to work on /home/airflow/.local/lib/python3.8/site-packages/airflow/example_dags/example_complex.py
[2025-08-14T17:57:10.243+0000] {processor.py:830} INFO - Processing file /home/airflow/.local/lib/python3.8/site-packages/airflow/example_dags/example_complex.py for tasks to queue
[2025-08-14T17:57:10.245+0000] {logging_mixin.py:188} INFO - [2025-08-14T17:57:10.245+0000] {dagbag.py:540} INFO - Filling up the DagBag from /home/airflow/.local/lib/python3.8/site-packages/airflow/example_dags/example_complex.py
[2025-08-14T17:57:10.251+0000] {processor.py:840} INFO - DAG(s) 'example_complex' retrieved from /home/airflow/.local/lib/python3.8/site-packages/airflow/example_dags/example_complex.py
[2025-08-14T17:57:10.277+0000] {logging_mixin.py:188} INFO - [2025-08-14T17:57:10.277+0000] {dag.py:3047} INFO - Sync 1 DAGs
[2025-08-14T17:57:10.284+0000] {logging_mixin.py:188} INFO - [2025-08-14T17:57:10.283+0000] {dag.py:3834} INFO - Setting next_dagrun for example_complex to None, run_after=None
[2025-08-14T17:57:10.292+0000] {processor.py:183} INFO - Processing /home/airflow/.local/lib/python3.8/site-packages/airflow/example_dags/example_complex.py took 0.052 seconds
[2025-08-14T17:57:40.696+0000] {processor.py:161} INFO - Started process (PID=2394) to work on /home/airflow/.local/lib/python3.8/site-packages/airflow/example_dags/example_complex.py
[2025-08-14T17:57:40.697+0000] {processor.py:830} INFO - Processing file /home/airflow/.local/lib/python3.8/site-packages/airflow/example_dags/example_complex.py for tasks to queue
[2025-08-14T17:57:40.699+0000] {logging_mixin.py:188} INFO - [2025-08-14T17:57:40.699+0000] {dagbag.py:540} INFO - Filling up the DagBag from /home/airflow/.local/lib/python3.8/site-packages/airflow/example_dags/example_complex.py
[2025-08-14T17:57:40.705+0000] {processor.py:840} INFO - DAG(s) 'example_complex' retrieved from /home/airflow/.local/lib/python3.8/site-packages/airflow/example_dags/example_complex.py
[2025-08-14T17:57:40.724+0000] {logging_mixin.py:188} INFO - [2025-08-14T17:57:40.724+0000] {dag.py:3047} INFO - Sync 1 DAGs
[2025-08-14T17:57:40.731+0000] {logging_mixin.py:188} INFO - [2025-08-14T17:57:40.731+0000] {dag.py:3834} INFO - Setting next_dagrun for example_complex to None, run_after=None
[2025-08-14T17:57:40.739+0000] {processor.py:183} INFO - Processing /home/airflow/.local/lib/python3.8/site-packages/airflow/example_dags/example_complex.py took 0.045 seconds
[2025-08-14T17:58:11.588+0000] {processor.py:161} INFO - Started process (PID=2450) to work on /home/airflow/.local/lib/python3.8/site-packages/airflow/example_dags/example_complex.py
[2025-08-14T17:58:11.591+0000] {processor.py:830} INFO - Processing file /home/airflow/.local/lib/python3.8/site-packages/airflow/example_dags/example_complex.py for tasks to queue
[2025-08-14T17:58:11.596+0000] {logging_mixin.py:188} INFO - [2025-08-14T17:58:11.596+0000] {dagbag.py:540} INFO - Filling up the DagBag from /home/airflow/.local/lib/python3.8/site-packages/airflow/example_dags/example_complex.py
[2025-08-14T17:58:11.604+0000] {processor.py:840} INFO - DAG(s) 'example_complex' retrieved from /home/airflow/.local/lib/python3.8/site-packages/airflow/example_dags/example_complex.py
[2025-08-14T17:58:11.631+0000] {logging_mixin.py:188} INFO - [2025-08-14T17:58:11.631+0000] {dag.py:3047} INFO - Sync 1 DAGs
[2025-08-14T17:58:11.638+0000] {logging_mixin.py:188} INFO - [2025-08-14T17:58:11.637+0000] {dag.py:3834} INFO - Setting next_dagrun for example_complex to None, run_after=None
[2025-08-14T17:58:11.646+0000] {processor.py:183} INFO - Processing /home/airflow/.local/lib/python3.8/site-packages/airflow/example_dags/example_complex.py took 0.061 seconds
[2025-08-14T17:58:42.485+0000] {processor.py:161} INFO - Started process (PID=2506) to work on /home/airflow/.local/lib/python3.8/site-packages/airflow/example_dags/example_complex.py
[2025-08-14T17:58:42.488+0000] {processor.py:830} INFO - Processing file /home/airflow/.local/lib/python3.8/site-packages/airflow/example_dags/example_complex.py for tasks to queue
[2025-08-14T17:58:42.490+0000] {logging_mixin.py:188} INFO - [2025-08-14T17:58:42.490+0000] {dagbag.py:540} INFO - Filling up the DagBag from /home/airflow/.local/lib/python3.8/site-packages/airflow/example_dags/example_complex.py
[2025-08-14T17:58:42.497+0000] {processor.py:840} INFO - DAG(s) 'example_complex' retrieved from /home/airflow/.local/lib/python3.8/site-packages/airflow/example_dags/example_complex.py
[2025-08-14T17:58:42.518+0000] {logging_mixin.py:188} INFO - [2025-08-14T17:58:42.518+0000] {dag.py:3047} INFO - Sync 1 DAGs
[2025-08-14T17:58:42.528+0000] {logging_mixin.py:188} INFO - [2025-08-14T17:58:42.528+0000] {dag.py:3834} INFO - Setting next_dagrun for example_complex to None, run_after=None
[2025-08-14T17:58:42.582+0000] {processor.py:183} INFO - Processing /home/airflow/.local/lib/python3.8/site-packages/airflow/example_dags/example_complex.py took 0.100 seconds
[2025-08-14T17:59:12.764+0000] {processor.py:161} INFO - Started process (PID=2562) to work on /home/airflow/.local/lib/python3.8/site-packages/airflow/example_dags/example_complex.py
[2025-08-14T17:59:12.765+0000] {processor.py:830} INFO - Processing file /home/airflow/.local/lib/python3.8/site-packages/airflow/example_dags/example_complex.py for tasks to queue
[2025-08-14T17:59:12.766+0000] {logging_mixin.py:188} INFO - [2025-08-14T17:59:12.766+0000] {dagbag.py:540} INFO - Filling up the DagBag from /home/airflow/.local/lib/python3.8/site-packages/airflow/example_dags/example_complex.py
[2025-08-14T17:59:12.774+0000] {processor.py:840} INFO - DAG(s) 'example_complex' retrieved from /home/airflow/.local/lib/python3.8/site-packages/airflow/example_dags/example_complex.py
[2025-08-14T17:59:12.796+0000] {logging_mixin.py:188} INFO - [2025-08-14T17:59:12.796+0000] {dag.py:3047} INFO - Sync 1 DAGs
[2025-08-14T17:59:12.802+0000] {logging_mixin.py:188} INFO - [2025-08-14T17:59:12.802+0000] {dag.py:3834} INFO - Setting next_dagrun for example_complex to None, run_after=None
[2025-08-14T17:59:12.811+0000] {processor.py:183} INFO - Processing /home/airflow/.local/lib/python3.8/site-packages/airflow/example_dags/example_complex.py took 0.049 seconds
[2025-08-14T17:59:42.891+0000] {processor.py:161} INFO - Started process (PID=2618) to work on /home/airflow/.local/lib/python3.8/site-packages/airflow/example_dags/example_complex.py
[2025-08-14T17:59:42.896+0000] {processor.py:830} INFO - Processing file /home/airflow/.local/lib/python3.8/site-packages/airflow/example_dags/example_complex.py for tasks to queue
[2025-08-14T17:59:42.897+0000] {logging_mixin.py:188} INFO - [2025-08-14T17:59:42.896+0000] {dagbag.py:540} INFO - Filling up the DagBag from /home/airflow/.local/lib/python3.8/site-packages/airflow/example_dags/example_complex.py
[2025-08-14T17:59:42.903+0000] {processor.py:840} INFO - DAG(s) 'example_complex' retrieved from /home/airflow/.local/lib/python3.8/site-packages/airflow/example_dags/example_complex.py
[2025-08-14T17:59:42.921+0000] {logging_mixin.py:188} INFO - [2025-08-14T17:59:42.921+0000] {dag.py:3047} INFO - Sync 1 DAGs
[2025-08-14T17:59:42.928+0000] {logging_mixin.py:188} INFO - [2025-08-14T17:59:42.928+0000] {dag.py:3834} INFO - Setting next_dagrun for example_complex to None, run_after=None
[2025-08-14T17:59:42.940+0000] {processor.py:183} INFO - Processing /home/airflow/.local/lib/python3.8/site-packages/airflow/example_dags/example_complex.py took 0.051 seconds
[2025-08-14T18:00:13.398+0000] {processor.py:161} INFO - Started process (PID=2673) to work on /home/airflow/.local/lib/python3.8/site-packages/airflow/example_dags/example_complex.py
[2025-08-14T18:00:13.402+0000] {processor.py:830} INFO - Processing file /home/airflow/.local/lib/python3.8/site-packages/airflow/example_dags/example_complex.py for tasks to queue
[2025-08-14T18:00:13.403+0000] {logging_mixin.py:188} INFO - [2025-08-14T18:00:13.403+0000] {dagbag.py:540} INFO - Filling up the DagBag from /home/airflow/.local/lib/python3.8/site-packages/airflow/example_dags/example_complex.py
[2025-08-14T18:00:13.409+0000] {processor.py:840} INFO - DAG(s) 'example_complex' retrieved from /home/airflow/.local/lib/python3.8/site-packages/airflow/example_dags/example_complex.py
[2025-08-14T18:00:13.431+0000] {logging_mixin.py:188} INFO - [2025-08-14T18:00:13.431+0000] {dag.py:3047} INFO - Sync 1 DAGs
[2025-08-14T18:00:13.438+0000] {logging_mixin.py:188} INFO - [2025-08-14T18:00:13.437+0000] {dag.py:3834} INFO - Setting next_dagrun for example_complex to None, run_after=None
[2025-08-14T18:00:13.446+0000] {processor.py:183} INFO - Processing /home/airflow/.local/lib/python3.8/site-packages/airflow/example_dags/example_complex.py took 0.050 seconds
[2025-08-14T18:00:43.693+0000] {processor.py:161} INFO - Started process (PID=2729) to work on /home/airflow/.local/lib/python3.8/site-packages/airflow/example_dags/example_complex.py
[2025-08-14T18:00:43.695+0000] {processor.py:830} INFO - Processing file /home/airflow/.local/lib/python3.8/site-packages/airflow/example_dags/example_complex.py for tasks to queue
[2025-08-14T18:00:43.698+0000] {logging_mixin.py:188} INFO - [2025-08-14T18:00:43.697+0000] {dagbag.py:540} INFO - Filling up the DagBag from /home/airflow/.local/lib/python3.8/site-packages/airflow/example_dags/example_complex.py
[2025-08-14T18:00:43.705+0000] {processor.py:840} INFO - DAG(s) 'example_complex' retrieved from /home/airflow/.local/lib/python3.8/site-packages/airflow/example_dags/example_complex.py
[2025-08-14T18:00:43.730+0000] {logging_mixin.py:188} INFO - [2025-08-14T18:00:43.729+0000] {dag.py:3047} INFO - Sync 1 DAGs
[2025-08-14T18:00:43.736+0000] {logging_mixin.py:188} INFO - [2025-08-14T18:00:43.736+0000] {dag.py:3834} INFO - Setting next_dagrun for example_complex to None, run_after=None
[2025-08-14T18:00:43.745+0000] {processor.py:183} INFO - Processing /home/airflow/.local/lib/python3.8/site-packages/airflow/example_dags/example_complex.py took 0.055 seconds
[2025-08-14T18:01:14.046+0000] {processor.py:161} INFO - Started process (PID=2785) to work on /home/airflow/.local/lib/python3.8/site-packages/airflow/example_dags/example_complex.py
[2025-08-14T18:01:14.047+0000] {processor.py:830} INFO - Processing file /home/airflow/.local/lib/python3.8/site-packages/airflow/example_dags/example_complex.py for tasks to queue
[2025-08-14T18:01:14.048+0000] {logging_mixin.py:188} INFO - [2025-08-14T18:01:14.048+0000] {dagbag.py:540} INFO - Filling up the DagBag from /home/airflow/.local/lib/python3.8/site-packages/airflow/example_dags/example_complex.py
[2025-08-14T18:01:14.054+0000] {processor.py:840} INFO - DAG(s) 'example_complex' retrieved from /home/airflow/.local/lib/python3.8/site-packages/airflow/example_dags/example_complex.py
[2025-08-14T18:01:14.068+0000] {logging_mixin.py:188} INFO - [2025-08-14T18:01:14.068+0000] {dag.py:3047} INFO - Sync 1 DAGs
[2025-08-14T18:01:14.074+0000] {logging_mixin.py:188} INFO - [2025-08-14T18:01:14.073+0000] {dag.py:3834} INFO - Setting next_dagrun for example_complex to None, run_after=None
[2025-08-14T18:01:14.083+0000] {processor.py:183} INFO - Processing /home/airflow/.local/lib/python3.8/site-packages/airflow/example_dags/example_complex.py took 0.039 seconds
[2025-08-14T18:01:44.564+0000] {processor.py:161} INFO - Started process (PID=2841) to work on /home/airflow/.local/lib/python3.8/site-packages/airflow/example_dags/example_complex.py
[2025-08-14T18:01:44.565+0000] {processor.py:830} INFO - Processing file /home/airflow/.local/lib/python3.8/site-packages/airflow/example_dags/example_complex.py for tasks to queue
[2025-08-14T18:01:44.567+0000] {logging_mixin.py:188} INFO - [2025-08-14T18:01:44.566+0000] {dagbag.py:540} INFO - Filling up the DagBag from /home/airflow/.local/lib/python3.8/site-packages/airflow/example_dags/example_complex.py
[2025-08-14T18:01:44.572+0000] {processor.py:840} INFO - DAG(s) 'example_complex' retrieved from /home/airflow/.local/lib/python3.8/site-packages/airflow/example_dags/example_complex.py
[2025-08-14T18:01:44.594+0000] {logging_mixin.py:188} INFO - [2025-08-14T18:01:44.594+0000] {dag.py:3047} INFO - Sync 1 DAGs
[2025-08-14T18:01:44.602+0000] {logging_mixin.py:188} INFO - [2025-08-14T18:01:44.602+0000] {dag.py:3834} INFO - Setting next_dagrun for example_complex to None, run_after=None
[2025-08-14T18:01:44.610+0000] {processor.py:183} INFO - Processing /home/airflow/.local/lib/python3.8/site-packages/airflow/example_dags/example_complex.py took 0.048 seconds
[2025-08-14T18:02:15.211+0000] {processor.py:161} INFO - Started process (PID=2897) to work on /home/airflow/.local/lib/python3.8/site-packages/airflow/example_dags/example_complex.py
[2025-08-14T18:02:15.213+0000] {processor.py:830} INFO - Processing file /home/airflow/.local/lib/python3.8/site-packages/airflow/example_dags/example_complex.py for tasks to queue
[2025-08-14T18:02:15.215+0000] {logging_mixin.py:188} INFO - [2025-08-14T18:02:15.214+0000] {dagbag.py:540} INFO - Filling up the DagBag from /home/airflow/.local/lib/python3.8/site-packages/airflow/example_dags/example_complex.py
[2025-08-14T18:02:15.224+0000] {processor.py:840} INFO - DAG(s) 'example_complex' retrieved from /home/airflow/.local/lib/python3.8/site-packages/airflow/example_dags/example_complex.py
[2025-08-14T18:02:15.244+0000] {logging_mixin.py:188} INFO - [2025-08-14T18:02:15.243+0000] {dag.py:3047} INFO - Sync 1 DAGs
[2025-08-14T18:02:15.250+0000] {logging_mixin.py:188} INFO - [2025-08-14T18:02:15.250+0000] {dag.py:3834} INFO - Setting next_dagrun for example_complex to None, run_after=None
[2025-08-14T18:02:15.268+0000] {processor.py:183} INFO - Processing /home/airflow/.local/lib/python3.8/site-packages/airflow/example_dags/example_complex.py took 0.059 seconds
[2025-08-14T18:02:45.927+0000] {processor.py:161} INFO - Started process (PID=2953) to work on /home/airflow/.local/lib/python3.8/site-packages/airflow/example_dags/example_complex.py
[2025-08-14T18:02:45.930+0000] {processor.py:830} INFO - Processing file /home/airflow/.local/lib/python3.8/site-packages/airflow/example_dags/example_complex.py for tasks to queue
[2025-08-14T18:02:45.931+0000] {logging_mixin.py:188} INFO - [2025-08-14T18:02:45.931+0000] {dagbag.py:540} INFO - Filling up the DagBag from /home/airflow/.local/lib/python3.8/site-packages/airflow/example_dags/example_complex.py
[2025-08-14T18:02:45.937+0000] {processor.py:840} INFO - DAG(s) 'example_complex' retrieved from /home/airflow/.local/lib/python3.8/site-packages/airflow/example_dags/example_complex.py
[2025-08-14T18:02:45.957+0000] {logging_mixin.py:188} INFO - [2025-08-14T18:02:45.957+0000] {dag.py:3047} INFO - Sync 1 DAGs
[2025-08-14T18:02:45.962+0000] {logging_mixin.py:188} INFO - [2025-08-14T18:02:45.962+0000] {dag.py:3834} INFO - Setting next_dagrun for example_complex to None, run_after=None
[2025-08-14T18:02:45.970+0000] {processor.py:183} INFO - Processing /home/airflow/.local/lib/python3.8/site-packages/airflow/example_dags/example_complex.py took 0.045 seconds
[2025-08-14T18:03:16.067+0000] {processor.py:161} INFO - Started process (PID=3009) to work on /home/airflow/.local/lib/python3.8/site-packages/airflow/example_dags/example_complex.py
[2025-08-14T18:03:16.068+0000] {processor.py:830} INFO - Processing file /home/airflow/.local/lib/python3.8/site-packages/airflow/example_dags/example_complex.py for tasks to queue
[2025-08-14T18:03:16.068+0000] {logging_mixin.py:188} INFO - [2025-08-14T18:03:16.068+0000] {dagbag.py:540} INFO - Filling up the DagBag from /home/airflow/.local/lib/python3.8/site-packages/airflow/example_dags/example_complex.py
[2025-08-14T18:03:16.074+0000] {processor.py:840} INFO - DAG(s) 'example_complex' retrieved from /home/airflow/.local/lib/python3.8/site-packages/airflow/example_dags/example_complex.py
[2025-08-14T18:03:16.088+0000] {logging_mixin.py:188} INFO - [2025-08-14T18:03:16.087+0000] {dag.py:3047} INFO - Sync 1 DAGs
[2025-08-14T18:03:16.093+0000] {logging_mixin.py:188} INFO - [2025-08-14T18:03:16.093+0000] {dag.py:3834} INFO - Setting next_dagrun for example_complex to None, run_after=None
[2025-08-14T18:03:16.100+0000] {processor.py:183} INFO - Processing /home/airflow/.local/lib/python3.8/site-packages/airflow/example_dags/example_complex.py took 0.035 seconds
[2025-08-14T18:03:46.273+0000] {processor.py:161} INFO - Started process (PID=3065) to work on /home/airflow/.local/lib/python3.8/site-packages/airflow/example_dags/example_complex.py
[2025-08-14T18:03:46.274+0000] {processor.py:830} INFO - Processing file /home/airflow/.local/lib/python3.8/site-packages/airflow/example_dags/example_complex.py for tasks to queue
[2025-08-14T18:03:46.276+0000] {logging_mixin.py:188} INFO - [2025-08-14T18:03:46.276+0000] {dagbag.py:540} INFO - Filling up the DagBag from /home/airflow/.local/lib/python3.8/site-packages/airflow/example_dags/example_complex.py
[2025-08-14T18:03:46.282+0000] {processor.py:840} INFO - DAG(s) 'example_complex' retrieved from /home/airflow/.local/lib/python3.8/site-packages/airflow/example_dags/example_complex.py
[2025-08-14T18:03:46.305+0000] {logging_mixin.py:188} INFO - [2025-08-14T18:03:46.305+0000] {dag.py:3047} INFO - Sync 1 DAGs
[2025-08-14T18:03:46.313+0000] {logging_mixin.py:188} INFO - [2025-08-14T18:03:46.313+0000] {dag.py:3834} INFO - Setting next_dagrun for example_complex to None, run_after=None
[2025-08-14T18:03:46.323+0000] {processor.py:183} INFO - Processing /home/airflow/.local/lib/python3.8/site-packages/airflow/example_dags/example_complex.py took 0.052 seconds
[2025-08-14T18:04:17.065+0000] {processor.py:161} INFO - Started process (PID=3121) to work on /home/airflow/.local/lib/python3.8/site-packages/airflow/example_dags/example_complex.py
[2025-08-14T18:04:17.066+0000] {processor.py:830} INFO - Processing file /home/airflow/.local/lib/python3.8/site-packages/airflow/example_dags/example_complex.py for tasks to queue
[2025-08-14T18:04:17.067+0000] {logging_mixin.py:188} INFO - [2025-08-14T18:04:17.067+0000] {dagbag.py:540} INFO - Filling up the DagBag from /home/airflow/.local/lib/python3.8/site-packages/airflow/example_dags/example_complex.py
[2025-08-14T18:04:17.072+0000] {processor.py:840} INFO - DAG(s) 'example_complex' retrieved from /home/airflow/.local/lib/python3.8/site-packages/airflow/example_dags/example_complex.py
[2025-08-14T18:04:17.088+0000] {logging_mixin.py:188} INFO - [2025-08-14T18:04:17.088+0000] {dag.py:3047} INFO - Sync 1 DAGs
[2025-08-14T18:04:17.094+0000] {logging_mixin.py:188} INFO - [2025-08-14T18:04:17.094+0000] {dag.py:3834} INFO - Setting next_dagrun for example_complex to None, run_after=None
[2025-08-14T18:04:17.104+0000] {processor.py:183} INFO - Processing /home/airflow/.local/lib/python3.8/site-packages/airflow/example_dags/example_complex.py took 0.041 seconds
[2025-08-14T18:04:47.498+0000] {processor.py:161} INFO - Started process (PID=3177) to work on /home/airflow/.local/lib/python3.8/site-packages/airflow/example_dags/example_complex.py
[2025-08-14T18:04:47.499+0000] {processor.py:830} INFO - Processing file /home/airflow/.local/lib/python3.8/site-packages/airflow/example_dags/example_complex.py for tasks to queue
[2025-08-14T18:04:47.500+0000] {logging_mixin.py:188} INFO - [2025-08-14T18:04:47.500+0000] {dagbag.py:540} INFO - Filling up the DagBag from /home/airflow/.local/lib/python3.8/site-packages/airflow/example_dags/example_complex.py
[2025-08-14T18:04:47.506+0000] {processor.py:840} INFO - DAG(s) 'example_complex' retrieved from /home/airflow/.local/lib/python3.8/site-packages/airflow/example_dags/example_complex.py
[2025-08-14T18:04:47.527+0000] {logging_mixin.py:188} INFO - [2025-08-14T18:04:47.527+0000] {dag.py:3047} INFO - Sync 1 DAGs
[2025-08-14T18:04:47.534+0000] {logging_mixin.py:188} INFO - [2025-08-14T18:04:47.534+0000] {dag.py:3834} INFO - Setting next_dagrun for example_complex to None, run_after=None
[2025-08-14T18:04:47.544+0000] {processor.py:183} INFO - Processing /home/airflow/.local/lib/python3.8/site-packages/airflow/example_dags/example_complex.py took 0.048 seconds
[2025-08-14T18:05:18.400+0000] {processor.py:161} INFO - Started process (PID=3232) to work on /home/airflow/.local/lib/python3.8/site-packages/airflow/example_dags/example_complex.py
[2025-08-14T18:05:18.401+0000] {processor.py:830} INFO - Processing file /home/airflow/.local/lib/python3.8/site-packages/airflow/example_dags/example_complex.py for tasks to queue
[2025-08-14T18:05:18.403+0000] {logging_mixin.py:188} INFO - [2025-08-14T18:05:18.403+0000] {dagbag.py:540} INFO - Filling up the DagBag from /home/airflow/.local/lib/python3.8/site-packages/airflow/example_dags/example_complex.py
[2025-08-14T18:05:18.412+0000] {processor.py:840} INFO - DAG(s) 'example_complex' retrieved from /home/airflow/.local/lib/python3.8/site-packages/airflow/example_dags/example_complex.py
[2025-08-14T18:05:18.438+0000] {logging_mixin.py:188} INFO - [2025-08-14T18:05:18.438+0000] {dag.py:3047} INFO - Sync 1 DAGs
[2025-08-14T18:05:18.445+0000] {logging_mixin.py:188} INFO - [2025-08-14T18:05:18.445+0000] {dag.py:3834} INFO - Setting next_dagrun for example_complex to None, run_after=None
[2025-08-14T18:05:18.457+0000] {processor.py:183} INFO - Processing /home/airflow/.local/lib/python3.8/site-packages/airflow/example_dags/example_complex.py took 0.060 seconds
[2025-08-14T18:05:49.318+0000] {processor.py:161} INFO - Started process (PID=3287) to work on /home/airflow/.local/lib/python3.8/site-packages/airflow/example_dags/example_complex.py
[2025-08-14T18:05:49.320+0000] {processor.py:830} INFO - Processing file /home/airflow/.local/lib/python3.8/site-packages/airflow/example_dags/example_complex.py for tasks to queue
[2025-08-14T18:05:49.321+0000] {logging_mixin.py:188} INFO - [2025-08-14T18:05:49.321+0000] {dagbag.py:540} INFO - Filling up the DagBag from /home/airflow/.local/lib/python3.8/site-packages/airflow/example_dags/example_complex.py
[2025-08-14T18:05:49.327+0000] {processor.py:840} INFO - DAG(s) 'example_complex' retrieved from /home/airflow/.local/lib/python3.8/site-packages/airflow/example_dags/example_complex.py
[2025-08-14T18:05:49.350+0000] {logging_mixin.py:188} INFO - [2025-08-14T18:05:49.350+0000] {dag.py:3047} INFO - Sync 1 DAGs
[2025-08-14T18:05:49.359+0000] {logging_mixin.py:188} INFO - [2025-08-14T18:05:49.359+0000] {dag.py:3834} INFO - Setting next_dagrun for example_complex to None, run_after=None
[2025-08-14T18:05:49.372+0000] {processor.py:183} INFO - Processing /home/airflow/.local/lib/python3.8/site-packages/airflow/example_dags/example_complex.py took 0.056 seconds
