[2025-08-14T17:36:46.646+0000] {processor.py:161} INFO - Started process (PID=78) to work on /home/airflow/.local/lib/python3.8/site-packages/airflow/example_dags/example_bash_operator.py
[2025-08-14T17:36:46.664+0000] {processor.py:830} INFO - Processing file /home/airflow/.local/lib/python3.8/site-packages/airflow/example_dags/example_bash_operator.py for tasks to queue
[2025-08-14T17:36:46.668+0000] {logging_mixin.py:188} INFO - [2025-08-14T17:36:46.667+0000] {dagbag.py:540} INFO - Filling up the DagBag from /home/airflow/.local/lib/python3.8/site-packages/airflow/example_dags/example_bash_operator.py
[2025-08-14T17:36:46.762+0000] {processor.py:840} INFO - DAG(s) 'example_bash_operator' retrieved from /home/airflow/.local/lib/python3.8/site-packages/airflow/example_dags/example_bash_operator.py
[2025-08-14T17:36:46.812+0000] {logging_mixin.py:188} INFO - [2025-08-14T17:36:46.809+0000] {dag.py:3047} INFO - Sync 1 DAGs
[2025-08-14T17:36:46.881+0000] {logging_mixin.py:188} INFO - [2025-08-14T17:36:46.880+0000] {dag.py:3834} INFO - Setting next_dagrun for example_bash_operator to 2025-08-13 00:00:00+00:00, run_after=2025-08-14 00:00:00+00:00
[2025-08-14T17:36:47.000+0000] {processor.py:183} INFO - Processing /home/airflow/.local/lib/python3.8/site-packages/airflow/example_dags/example_bash_operator.py took 0.370 seconds
[2025-08-14T17:37:17.585+0000] {processor.py:161} INFO - Started process (PID=134) to work on /home/airflow/.local/lib/python3.8/site-packages/airflow/example_dags/example_bash_operator.py
[2025-08-14T17:37:17.587+0000] {processor.py:830} INFO - Processing file /home/airflow/.local/lib/python3.8/site-packages/airflow/example_dags/example_bash_operator.py for tasks to queue
[2025-08-14T17:37:17.588+0000] {logging_mixin.py:188} INFO - [2025-08-14T17:37:17.588+0000] {dagbag.py:540} INFO - Filling up the DagBag from /home/airflow/.local/lib/python3.8/site-packages/airflow/example_dags/example_bash_operator.py
[2025-08-14T17:37:17.594+0000] {processor.py:840} INFO - DAG(s) 'example_bash_operator' retrieved from /home/airflow/.local/lib/python3.8/site-packages/airflow/example_dags/example_bash_operator.py
[2025-08-14T17:37:17.655+0000] {logging_mixin.py:188} INFO - [2025-08-14T17:37:17.655+0000] {dag.py:3047} INFO - Sync 1 DAGs
[2025-08-14T17:37:17.666+0000] {logging_mixin.py:188} INFO - [2025-08-14T17:37:17.666+0000] {dag.py:3834} INFO - Setting next_dagrun for example_bash_operator to 2025-08-13 00:00:00+00:00, run_after=2025-08-14 00:00:00+00:00
[2025-08-14T17:37:17.676+0000] {processor.py:183} INFO - Processing /home/airflow/.local/lib/python3.8/site-packages/airflow/example_dags/example_bash_operator.py took 0.093 seconds
[2025-08-14T17:37:48.256+0000] {processor.py:161} INFO - Started process (PID=190) to work on /home/airflow/.local/lib/python3.8/site-packages/airflow/example_dags/example_bash_operator.py
[2025-08-14T17:37:48.257+0000] {processor.py:830} INFO - Processing file /home/airflow/.local/lib/python3.8/site-packages/airflow/example_dags/example_bash_operator.py for tasks to queue
[2025-08-14T17:37:48.258+0000] {logging_mixin.py:188} INFO - [2025-08-14T17:37:48.258+0000] {dagbag.py:540} INFO - Filling up the DagBag from /home/airflow/.local/lib/python3.8/site-packages/airflow/example_dags/example_bash_operator.py
[2025-08-14T17:37:48.273+0000] {processor.py:840} INFO - DAG(s) 'example_bash_operator' retrieved from /home/airflow/.local/lib/python3.8/site-packages/airflow/example_dags/example_bash_operator.py
[2025-08-14T17:37:48.317+0000] {logging_mixin.py:188} INFO - [2025-08-14T17:37:48.317+0000] {dag.py:3047} INFO - Sync 1 DAGs
[2025-08-14T17:37:48.345+0000] {logging_mixin.py:188} INFO - [2025-08-14T17:37:48.345+0000] {dag.py:3834} INFO - Setting next_dagrun for example_bash_operator to 2025-08-13 00:00:00+00:00, run_after=2025-08-14 00:00:00+00:00
[2025-08-14T17:37:48.365+0000] {processor.py:183} INFO - Processing /home/airflow/.local/lib/python3.8/site-packages/airflow/example_dags/example_bash_operator.py took 0.111 seconds
[2025-08-14T17:38:19.176+0000] {processor.py:161} INFO - Started process (PID=246) to work on /home/airflow/.local/lib/python3.8/site-packages/airflow/example_dags/example_bash_operator.py
[2025-08-14T17:38:19.179+0000] {processor.py:830} INFO - Processing file /home/airflow/.local/lib/python3.8/site-packages/airflow/example_dags/example_bash_operator.py for tasks to queue
[2025-08-14T17:38:19.182+0000] {logging_mixin.py:188} INFO - [2025-08-14T17:38:19.181+0000] {dagbag.py:540} INFO - Filling up the DagBag from /home/airflow/.local/lib/python3.8/site-packages/airflow/example_dags/example_bash_operator.py
[2025-08-14T17:38:19.209+0000] {processor.py:840} INFO - DAG(s) 'example_bash_operator' retrieved from /home/airflow/.local/lib/python3.8/site-packages/airflow/example_dags/example_bash_operator.py
[2025-08-14T17:38:19.245+0000] {logging_mixin.py:188} INFO - [2025-08-14T17:38:19.244+0000] {dag.py:3047} INFO - Sync 1 DAGs
[2025-08-14T17:38:19.274+0000] {logging_mixin.py:188} INFO - [2025-08-14T17:38:19.274+0000] {dag.py:3834} INFO - Setting next_dagrun for example_bash_operator to 2025-08-13 00:00:00+00:00, run_after=2025-08-14 00:00:00+00:00
[2025-08-14T17:38:19.302+0000] {processor.py:183} INFO - Processing /home/airflow/.local/lib/python3.8/site-packages/airflow/example_dags/example_bash_operator.py took 0.135 seconds
[2025-08-14T17:38:49.749+0000] {processor.py:161} INFO - Started process (PID=303) to work on /home/airflow/.local/lib/python3.8/site-packages/airflow/example_dags/example_bash_operator.py
[2025-08-14T17:38:49.750+0000] {processor.py:830} INFO - Processing file /home/airflow/.local/lib/python3.8/site-packages/airflow/example_dags/example_bash_operator.py for tasks to queue
[2025-08-14T17:38:49.751+0000] {logging_mixin.py:188} INFO - [2025-08-14T17:38:49.751+0000] {dagbag.py:540} INFO - Filling up the DagBag from /home/airflow/.local/lib/python3.8/site-packages/airflow/example_dags/example_bash_operator.py
[2025-08-14T17:38:49.758+0000] {processor.py:840} INFO - DAG(s) 'example_bash_operator' retrieved from /home/airflow/.local/lib/python3.8/site-packages/airflow/example_dags/example_bash_operator.py
[2025-08-14T17:38:49.782+0000] {logging_mixin.py:188} INFO - [2025-08-14T17:38:49.782+0000] {dag.py:3047} INFO - Sync 1 DAGs
[2025-08-14T17:38:49.804+0000] {logging_mixin.py:188} INFO - [2025-08-14T17:38:49.804+0000] {dag.py:3834} INFO - Setting next_dagrun for example_bash_operator to 2025-08-13 00:00:00+00:00, run_after=2025-08-14 00:00:00+00:00
[2025-08-14T17:38:49.818+0000] {processor.py:183} INFO - Processing /home/airflow/.local/lib/python3.8/site-packages/airflow/example_dags/example_bash_operator.py took 0.071 seconds
[2025-08-14T17:39:20.015+0000] {processor.py:161} INFO - Started process (PID=359) to work on /home/airflow/.local/lib/python3.8/site-packages/airflow/example_dags/example_bash_operator.py
[2025-08-14T17:39:20.016+0000] {processor.py:830} INFO - Processing file /home/airflow/.local/lib/python3.8/site-packages/airflow/example_dags/example_bash_operator.py for tasks to queue
[2025-08-14T17:39:20.017+0000] {logging_mixin.py:188} INFO - [2025-08-14T17:39:20.017+0000] {dagbag.py:540} INFO - Filling up the DagBag from /home/airflow/.local/lib/python3.8/site-packages/airflow/example_dags/example_bash_operator.py
[2025-08-14T17:39:20.024+0000] {processor.py:840} INFO - DAG(s) 'example_bash_operator' retrieved from /home/airflow/.local/lib/python3.8/site-packages/airflow/example_dags/example_bash_operator.py
[2025-08-14T17:39:20.050+0000] {logging_mixin.py:188} INFO - [2025-08-14T17:39:20.049+0000] {dag.py:3047} INFO - Sync 1 DAGs
[2025-08-14T17:39:20.066+0000] {logging_mixin.py:188} INFO - [2025-08-14T17:39:20.065+0000] {dag.py:3834} INFO - Setting next_dagrun for example_bash_operator to 2025-08-13 00:00:00+00:00, run_after=2025-08-14 00:00:00+00:00
[2025-08-14T17:39:20.081+0000] {processor.py:183} INFO - Processing /home/airflow/.local/lib/python3.8/site-packages/airflow/example_dags/example_bash_operator.py took 0.068 seconds
[2025-08-14T17:39:50.944+0000] {processor.py:161} INFO - Started process (PID=415) to work on /home/airflow/.local/lib/python3.8/site-packages/airflow/example_dags/example_bash_operator.py
[2025-08-14T17:39:50.945+0000] {processor.py:830} INFO - Processing file /home/airflow/.local/lib/python3.8/site-packages/airflow/example_dags/example_bash_operator.py for tasks to queue
[2025-08-14T17:39:50.946+0000] {logging_mixin.py:188} INFO - [2025-08-14T17:39:50.946+0000] {dagbag.py:540} INFO - Filling up the DagBag from /home/airflow/.local/lib/python3.8/site-packages/airflow/example_dags/example_bash_operator.py
[2025-08-14T17:39:50.953+0000] {processor.py:840} INFO - DAG(s) 'example_bash_operator' retrieved from /home/airflow/.local/lib/python3.8/site-packages/airflow/example_dags/example_bash_operator.py
[2025-08-14T17:39:50.980+0000] {logging_mixin.py:188} INFO - [2025-08-14T17:39:50.980+0000] {dag.py:3047} INFO - Sync 1 DAGs
[2025-08-14T17:39:50.999+0000] {logging_mixin.py:188} INFO - [2025-08-14T17:39:50.999+0000] {dag.py:3834} INFO - Setting next_dagrun for example_bash_operator to 2025-08-13 00:00:00+00:00, run_after=2025-08-14 00:00:00+00:00
[2025-08-14T17:39:51.045+0000] {processor.py:183} INFO - Processing /home/airflow/.local/lib/python3.8/site-packages/airflow/example_dags/example_bash_operator.py took 0.104 seconds
[2025-08-14T17:40:21.484+0000] {processor.py:161} INFO - Started process (PID=471) to work on /home/airflow/.local/lib/python3.8/site-packages/airflow/example_dags/example_bash_operator.py
[2025-08-14T17:40:21.486+0000] {processor.py:830} INFO - Processing file /home/airflow/.local/lib/python3.8/site-packages/airflow/example_dags/example_bash_operator.py for tasks to queue
[2025-08-14T17:40:21.487+0000] {logging_mixin.py:188} INFO - [2025-08-14T17:40:21.487+0000] {dagbag.py:540} INFO - Filling up the DagBag from /home/airflow/.local/lib/python3.8/site-packages/airflow/example_dags/example_bash_operator.py
[2025-08-14T17:40:21.495+0000] {processor.py:840} INFO - DAG(s) 'example_bash_operator' retrieved from /home/airflow/.local/lib/python3.8/site-packages/airflow/example_dags/example_bash_operator.py
[2025-08-14T17:40:21.552+0000] {logging_mixin.py:188} INFO - [2025-08-14T17:40:21.551+0000] {dag.py:3047} INFO - Sync 1 DAGs
[2025-08-14T17:40:21.585+0000] {logging_mixin.py:188} INFO - [2025-08-14T17:40:21.585+0000] {dag.py:3834} INFO - Setting next_dagrun for example_bash_operator to 2025-08-13 00:00:00+00:00, run_after=2025-08-14 00:00:00+00:00
[2025-08-14T17:40:21.651+0000] {processor.py:183} INFO - Processing /home/airflow/.local/lib/python3.8/site-packages/airflow/example_dags/example_bash_operator.py took 0.169 seconds
[2025-08-14T17:40:52.276+0000] {processor.py:161} INFO - Started process (PID=527) to work on /home/airflow/.local/lib/python3.8/site-packages/airflow/example_dags/example_bash_operator.py
[2025-08-14T17:40:52.281+0000] {processor.py:830} INFO - Processing file /home/airflow/.local/lib/python3.8/site-packages/airflow/example_dags/example_bash_operator.py for tasks to queue
[2025-08-14T17:40:52.285+0000] {logging_mixin.py:188} INFO - [2025-08-14T17:40:52.284+0000] {dagbag.py:540} INFO - Filling up the DagBag from /home/airflow/.local/lib/python3.8/site-packages/airflow/example_dags/example_bash_operator.py
[2025-08-14T17:40:52.295+0000] {processor.py:840} INFO - DAG(s) 'example_bash_operator' retrieved from /home/airflow/.local/lib/python3.8/site-packages/airflow/example_dags/example_bash_operator.py
[2025-08-14T17:40:52.316+0000] {logging_mixin.py:188} INFO - [2025-08-14T17:40:52.316+0000] {dag.py:3047} INFO - Sync 1 DAGs
[2025-08-14T17:40:52.330+0000] {logging_mixin.py:188} INFO - [2025-08-14T17:40:52.330+0000] {dag.py:3834} INFO - Setting next_dagrun for example_bash_operator to 2025-08-13 00:00:00+00:00, run_after=2025-08-14 00:00:00+00:00
[2025-08-14T17:40:52.339+0000] {processor.py:183} INFO - Processing /home/airflow/.local/lib/python3.8/site-packages/airflow/example_dags/example_bash_operator.py took 0.067 seconds
[2025-08-14T17:41:22.622+0000] {processor.py:161} INFO - Started process (PID=583) to work on /home/airflow/.local/lib/python3.8/site-packages/airflow/example_dags/example_bash_operator.py
[2025-08-14T17:41:22.624+0000] {processor.py:830} INFO - Processing file /home/airflow/.local/lib/python3.8/site-packages/airflow/example_dags/example_bash_operator.py for tasks to queue
[2025-08-14T17:41:22.630+0000] {logging_mixin.py:188} INFO - [2025-08-14T17:41:22.629+0000] {dagbag.py:540} INFO - Filling up the DagBag from /home/airflow/.local/lib/python3.8/site-packages/airflow/example_dags/example_bash_operator.py
[2025-08-14T17:41:22.637+0000] {processor.py:840} INFO - DAG(s) 'example_bash_operator' retrieved from /home/airflow/.local/lib/python3.8/site-packages/airflow/example_dags/example_bash_operator.py
[2025-08-14T17:41:22.663+0000] {logging_mixin.py:188} INFO - [2025-08-14T17:41:22.663+0000] {dag.py:3047} INFO - Sync 1 DAGs
[2025-08-14T17:41:22.680+0000] {logging_mixin.py:188} INFO - [2025-08-14T17:41:22.680+0000] {dag.py:3834} INFO - Setting next_dagrun for example_bash_operator to 2025-08-13 00:00:00+00:00, run_after=2025-08-14 00:00:00+00:00
[2025-08-14T17:41:22.698+0000] {processor.py:183} INFO - Processing /home/airflow/.local/lib/python3.8/site-packages/airflow/example_dags/example_bash_operator.py took 0.080 seconds
[2025-08-14T17:41:53.277+0000] {processor.py:161} INFO - Started process (PID=639) to work on /home/airflow/.local/lib/python3.8/site-packages/airflow/example_dags/example_bash_operator.py
[2025-08-14T17:41:53.278+0000] {processor.py:830} INFO - Processing file /home/airflow/.local/lib/python3.8/site-packages/airflow/example_dags/example_bash_operator.py for tasks to queue
[2025-08-14T17:41:53.279+0000] {logging_mixin.py:188} INFO - [2025-08-14T17:41:53.279+0000] {dagbag.py:540} INFO - Filling up the DagBag from /home/airflow/.local/lib/python3.8/site-packages/airflow/example_dags/example_bash_operator.py
[2025-08-14T17:41:53.288+0000] {processor.py:840} INFO - DAG(s) 'example_bash_operator' retrieved from /home/airflow/.local/lib/python3.8/site-packages/airflow/example_dags/example_bash_operator.py
[2025-08-14T17:41:53.309+0000] {logging_mixin.py:188} INFO - [2025-08-14T17:41:53.308+0000] {dag.py:3047} INFO - Sync 1 DAGs
[2025-08-14T17:41:53.319+0000] {logging_mixin.py:188} INFO - [2025-08-14T17:41:53.319+0000] {dag.py:3834} INFO - Setting next_dagrun for example_bash_operator to 2025-08-13 00:00:00+00:00, run_after=2025-08-14 00:00:00+00:00
[2025-08-14T17:41:53.327+0000] {processor.py:183} INFO - Processing /home/airflow/.local/lib/python3.8/site-packages/airflow/example_dags/example_bash_operator.py took 0.054 seconds
[2025-08-14T17:42:23.972+0000] {processor.py:161} INFO - Started process (PID=695) to work on /home/airflow/.local/lib/python3.8/site-packages/airflow/example_dags/example_bash_operator.py
[2025-08-14T17:42:23.973+0000] {processor.py:830} INFO - Processing file /home/airflow/.local/lib/python3.8/site-packages/airflow/example_dags/example_bash_operator.py for tasks to queue
[2025-08-14T17:42:23.975+0000] {logging_mixin.py:188} INFO - [2025-08-14T17:42:23.975+0000] {dagbag.py:540} INFO - Filling up the DagBag from /home/airflow/.local/lib/python3.8/site-packages/airflow/example_dags/example_bash_operator.py
[2025-08-14T17:42:23.983+0000] {processor.py:840} INFO - DAG(s) 'example_bash_operator' retrieved from /home/airflow/.local/lib/python3.8/site-packages/airflow/example_dags/example_bash_operator.py
[2025-08-14T17:42:24.015+0000] {logging_mixin.py:188} INFO - [2025-08-14T17:42:24.015+0000] {dag.py:3047} INFO - Sync 1 DAGs
[2025-08-14T17:42:24.030+0000] {logging_mixin.py:188} INFO - [2025-08-14T17:42:24.029+0000] {dag.py:3834} INFO - Setting next_dagrun for example_bash_operator to 2025-08-13 00:00:00+00:00, run_after=2025-08-14 00:00:00+00:00
[2025-08-14T17:42:24.044+0000] {processor.py:183} INFO - Processing /home/airflow/.local/lib/python3.8/site-packages/airflow/example_dags/example_bash_operator.py took 0.076 seconds
[2025-08-14T17:42:54.332+0000] {processor.py:161} INFO - Started process (PID=751) to work on /home/airflow/.local/lib/python3.8/site-packages/airflow/example_dags/example_bash_operator.py
[2025-08-14T17:42:54.333+0000] {processor.py:830} INFO - Processing file /home/airflow/.local/lib/python3.8/site-packages/airflow/example_dags/example_bash_operator.py for tasks to queue
[2025-08-14T17:42:54.335+0000] {logging_mixin.py:188} INFO - [2025-08-14T17:42:54.334+0000] {dagbag.py:540} INFO - Filling up the DagBag from /home/airflow/.local/lib/python3.8/site-packages/airflow/example_dags/example_bash_operator.py
[2025-08-14T17:42:54.342+0000] {processor.py:840} INFO - DAG(s) 'example_bash_operator' retrieved from /home/airflow/.local/lib/python3.8/site-packages/airflow/example_dags/example_bash_operator.py
[2025-08-14T17:42:54.366+0000] {logging_mixin.py:188} INFO - [2025-08-14T17:42:54.366+0000] {dag.py:3047} INFO - Sync 1 DAGs
[2025-08-14T17:42:54.380+0000] {logging_mixin.py:188} INFO - [2025-08-14T17:42:54.380+0000] {dag.py:3834} INFO - Setting next_dagrun for example_bash_operator to 2025-08-13 00:00:00+00:00, run_after=2025-08-14 00:00:00+00:00
[2025-08-14T17:42:54.390+0000] {processor.py:183} INFO - Processing /home/airflow/.local/lib/python3.8/site-packages/airflow/example_dags/example_bash_operator.py took 0.062 seconds
[2025-08-14T17:43:24.745+0000] {processor.py:161} INFO - Started process (PID=807) to work on /home/airflow/.local/lib/python3.8/site-packages/airflow/example_dags/example_bash_operator.py
[2025-08-14T17:43:24.746+0000] {processor.py:830} INFO - Processing file /home/airflow/.local/lib/python3.8/site-packages/airflow/example_dags/example_bash_operator.py for tasks to queue
[2025-08-14T17:43:24.747+0000] {logging_mixin.py:188} INFO - [2025-08-14T17:43:24.747+0000] {dagbag.py:540} INFO - Filling up the DagBag from /home/airflow/.local/lib/python3.8/site-packages/airflow/example_dags/example_bash_operator.py
[2025-08-14T17:43:24.754+0000] {processor.py:840} INFO - DAG(s) 'example_bash_operator' retrieved from /home/airflow/.local/lib/python3.8/site-packages/airflow/example_dags/example_bash_operator.py
[2025-08-14T17:43:24.775+0000] {logging_mixin.py:188} INFO - [2025-08-14T17:43:24.774+0000] {dag.py:3047} INFO - Sync 1 DAGs
[2025-08-14T17:43:24.790+0000] {logging_mixin.py:188} INFO - [2025-08-14T17:43:24.789+0000] {dag.py:3834} INFO - Setting next_dagrun for example_bash_operator to 2025-08-13 00:00:00+00:00, run_after=2025-08-14 00:00:00+00:00
[2025-08-14T17:43:24.800+0000] {processor.py:183} INFO - Processing /home/airflow/.local/lib/python3.8/site-packages/airflow/example_dags/example_bash_operator.py took 0.056 seconds
[2025-08-14T17:43:55.285+0000] {processor.py:161} INFO - Started process (PID=863) to work on /home/airflow/.local/lib/python3.8/site-packages/airflow/example_dags/example_bash_operator.py
[2025-08-14T17:43:55.288+0000] {processor.py:830} INFO - Processing file /home/airflow/.local/lib/python3.8/site-packages/airflow/example_dags/example_bash_operator.py for tasks to queue
[2025-08-14T17:43:55.290+0000] {logging_mixin.py:188} INFO - [2025-08-14T17:43:55.290+0000] {dagbag.py:540} INFO - Filling up the DagBag from /home/airflow/.local/lib/python3.8/site-packages/airflow/example_dags/example_bash_operator.py
[2025-08-14T17:43:55.301+0000] {processor.py:840} INFO - DAG(s) 'example_bash_operator' retrieved from /home/airflow/.local/lib/python3.8/site-packages/airflow/example_dags/example_bash_operator.py
[2025-08-14T17:43:55.319+0000] {logging_mixin.py:188} INFO - [2025-08-14T17:43:55.319+0000] {dag.py:3047} INFO - Sync 1 DAGs
[2025-08-14T17:43:55.332+0000] {logging_mixin.py:188} INFO - [2025-08-14T17:43:55.332+0000] {dag.py:3834} INFO - Setting next_dagrun for example_bash_operator to 2025-08-13 00:00:00+00:00, run_after=2025-08-14 00:00:00+00:00
[2025-08-14T17:43:55.343+0000] {processor.py:183} INFO - Processing /home/airflow/.local/lib/python3.8/site-packages/airflow/example_dags/example_bash_operator.py took 0.060 seconds
[2025-08-14T17:44:25.498+0000] {processor.py:161} INFO - Started process (PID=919) to work on /home/airflow/.local/lib/python3.8/site-packages/airflow/example_dags/example_bash_operator.py
[2025-08-14T17:44:25.499+0000] {processor.py:830} INFO - Processing file /home/airflow/.local/lib/python3.8/site-packages/airflow/example_dags/example_bash_operator.py for tasks to queue
[2025-08-14T17:44:25.501+0000] {logging_mixin.py:188} INFO - [2025-08-14T17:44:25.501+0000] {dagbag.py:540} INFO - Filling up the DagBag from /home/airflow/.local/lib/python3.8/site-packages/airflow/example_dags/example_bash_operator.py
[2025-08-14T17:44:25.516+0000] {processor.py:840} INFO - DAG(s) 'example_bash_operator' retrieved from /home/airflow/.local/lib/python3.8/site-packages/airflow/example_dags/example_bash_operator.py
[2025-08-14T17:44:25.539+0000] {logging_mixin.py:188} INFO - [2025-08-14T17:44:25.538+0000] {dag.py:3047} INFO - Sync 1 DAGs
[2025-08-14T17:44:25.560+0000] {logging_mixin.py:188} INFO - [2025-08-14T17:44:25.560+0000] {dag.py:3834} INFO - Setting next_dagrun for example_bash_operator to 2025-08-13 00:00:00+00:00, run_after=2025-08-14 00:00:00+00:00
[2025-08-14T17:44:25.578+0000] {processor.py:183} INFO - Processing /home/airflow/.local/lib/python3.8/site-packages/airflow/example_dags/example_bash_operator.py took 0.082 seconds
[2025-08-14T17:44:55.792+0000] {processor.py:161} INFO - Started process (PID=975) to work on /home/airflow/.local/lib/python3.8/site-packages/airflow/example_dags/example_bash_operator.py
[2025-08-14T17:44:55.796+0000] {processor.py:830} INFO - Processing file /home/airflow/.local/lib/python3.8/site-packages/airflow/example_dags/example_bash_operator.py for tasks to queue
[2025-08-14T17:44:55.797+0000] {logging_mixin.py:188} INFO - [2025-08-14T17:44:55.797+0000] {dagbag.py:540} INFO - Filling up the DagBag from /home/airflow/.local/lib/python3.8/site-packages/airflow/example_dags/example_bash_operator.py
[2025-08-14T17:44:55.806+0000] {processor.py:840} INFO - DAG(s) 'example_bash_operator' retrieved from /home/airflow/.local/lib/python3.8/site-packages/airflow/example_dags/example_bash_operator.py
[2025-08-14T17:44:55.828+0000] {logging_mixin.py:188} INFO - [2025-08-14T17:44:55.828+0000] {dag.py:3047} INFO - Sync 1 DAGs
[2025-08-14T17:44:55.840+0000] {logging_mixin.py:188} INFO - [2025-08-14T17:44:55.840+0000] {dag.py:3834} INFO - Setting next_dagrun for example_bash_operator to 2025-08-13 00:00:00+00:00, run_after=2025-08-14 00:00:00+00:00
[2025-08-14T17:44:55.852+0000] {processor.py:183} INFO - Processing /home/airflow/.local/lib/python3.8/site-packages/airflow/example_dags/example_bash_operator.py took 0.062 seconds
[2025-08-14T17:45:26.125+0000] {processor.py:161} INFO - Started process (PID=1031) to work on /home/airflow/.local/lib/python3.8/site-packages/airflow/example_dags/example_bash_operator.py
[2025-08-14T17:45:26.127+0000] {processor.py:830} INFO - Processing file /home/airflow/.local/lib/python3.8/site-packages/airflow/example_dags/example_bash_operator.py for tasks to queue
[2025-08-14T17:45:26.128+0000] {logging_mixin.py:188} INFO - [2025-08-14T17:45:26.128+0000] {dagbag.py:540} INFO - Filling up the DagBag from /home/airflow/.local/lib/python3.8/site-packages/airflow/example_dags/example_bash_operator.py
[2025-08-14T17:45:26.134+0000] {processor.py:840} INFO - DAG(s) 'example_bash_operator' retrieved from /home/airflow/.local/lib/python3.8/site-packages/airflow/example_dags/example_bash_operator.py
[2025-08-14T17:45:26.150+0000] {logging_mixin.py:188} INFO - [2025-08-14T17:45:26.150+0000] {dag.py:3047} INFO - Sync 1 DAGs
[2025-08-14T17:45:26.165+0000] {logging_mixin.py:188} INFO - [2025-08-14T17:45:26.165+0000] {dag.py:3834} INFO - Setting next_dagrun for example_bash_operator to 2025-08-13 00:00:00+00:00, run_after=2025-08-14 00:00:00+00:00
[2025-08-14T17:45:26.179+0000] {processor.py:183} INFO - Processing /home/airflow/.local/lib/python3.8/site-packages/airflow/example_dags/example_bash_operator.py took 0.055 seconds
[2025-08-14T17:45:56.763+0000] {processor.py:161} INFO - Started process (PID=1087) to work on /home/airflow/.local/lib/python3.8/site-packages/airflow/example_dags/example_bash_operator.py
[2025-08-14T17:45:56.765+0000] {processor.py:830} INFO - Processing file /home/airflow/.local/lib/python3.8/site-packages/airflow/example_dags/example_bash_operator.py for tasks to queue
[2025-08-14T17:45:56.767+0000] {logging_mixin.py:188} INFO - [2025-08-14T17:45:56.767+0000] {dagbag.py:540} INFO - Filling up the DagBag from /home/airflow/.local/lib/python3.8/site-packages/airflow/example_dags/example_bash_operator.py
[2025-08-14T17:45:56.773+0000] {processor.py:840} INFO - DAG(s) 'example_bash_operator' retrieved from /home/airflow/.local/lib/python3.8/site-packages/airflow/example_dags/example_bash_operator.py
[2025-08-14T17:45:56.792+0000] {logging_mixin.py:188} INFO - [2025-08-14T17:45:56.792+0000] {dag.py:3047} INFO - Sync 1 DAGs
[2025-08-14T17:45:56.807+0000] {logging_mixin.py:188} INFO - [2025-08-14T17:45:56.807+0000] {dag.py:3834} INFO - Setting next_dagrun for example_bash_operator to 2025-08-13 00:00:00+00:00, run_after=2025-08-14 00:00:00+00:00
[2025-08-14T17:45:56.822+0000] {processor.py:183} INFO - Processing /home/airflow/.local/lib/python3.8/site-packages/airflow/example_dags/example_bash_operator.py took 0.060 seconds
[2025-08-14T17:46:27.059+0000] {processor.py:161} INFO - Started process (PID=1143) to work on /home/airflow/.local/lib/python3.8/site-packages/airflow/example_dags/example_bash_operator.py
[2025-08-14T17:46:27.059+0000] {processor.py:830} INFO - Processing file /home/airflow/.local/lib/python3.8/site-packages/airflow/example_dags/example_bash_operator.py for tasks to queue
[2025-08-14T17:46:27.060+0000] {logging_mixin.py:188} INFO - [2025-08-14T17:46:27.060+0000] {dagbag.py:540} INFO - Filling up the DagBag from /home/airflow/.local/lib/python3.8/site-packages/airflow/example_dags/example_bash_operator.py
[2025-08-14T17:46:27.067+0000] {processor.py:840} INFO - DAG(s) 'example_bash_operator' retrieved from /home/airflow/.local/lib/python3.8/site-packages/airflow/example_dags/example_bash_operator.py
[2025-08-14T17:46:27.081+0000] {logging_mixin.py:188} INFO - [2025-08-14T17:46:27.081+0000] {dag.py:3047} INFO - Sync 1 DAGs
[2025-08-14T17:46:27.098+0000] {logging_mixin.py:188} INFO - [2025-08-14T17:46:27.098+0000] {dag.py:3834} INFO - Setting next_dagrun for example_bash_operator to 2025-08-13 00:00:00+00:00, run_after=2025-08-14 00:00:00+00:00
[2025-08-14T17:46:27.117+0000] {processor.py:183} INFO - Processing /home/airflow/.local/lib/python3.8/site-packages/airflow/example_dags/example_bash_operator.py took 0.061 seconds
[2025-08-14T17:46:57.886+0000] {processor.py:161} INFO - Started process (PID=1199) to work on /home/airflow/.local/lib/python3.8/site-packages/airflow/example_dags/example_bash_operator.py
[2025-08-14T17:46:57.888+0000] {processor.py:830} INFO - Processing file /home/airflow/.local/lib/python3.8/site-packages/airflow/example_dags/example_bash_operator.py for tasks to queue
[2025-08-14T17:46:57.890+0000] {logging_mixin.py:188} INFO - [2025-08-14T17:46:57.890+0000] {dagbag.py:540} INFO - Filling up the DagBag from /home/airflow/.local/lib/python3.8/site-packages/airflow/example_dags/example_bash_operator.py
[2025-08-14T17:46:57.915+0000] {processor.py:840} INFO - DAG(s) 'example_bash_operator' retrieved from /home/airflow/.local/lib/python3.8/site-packages/airflow/example_dags/example_bash_operator.py
[2025-08-14T17:46:57.985+0000] {logging_mixin.py:188} INFO - [2025-08-14T17:46:57.984+0000] {dag.py:3047} INFO - Sync 1 DAGs
[2025-08-14T17:46:58.025+0000] {logging_mixin.py:188} INFO - [2025-08-14T17:46:58.025+0000] {dag.py:3834} INFO - Setting next_dagrun for example_bash_operator to 2025-08-13 00:00:00+00:00, run_after=2025-08-14 00:00:00+00:00
[2025-08-14T17:46:58.068+0000] {processor.py:183} INFO - Processing /home/airflow/.local/lib/python3.8/site-packages/airflow/example_dags/example_bash_operator.py took 0.189 seconds
[2025-08-14T17:47:28.919+0000] {processor.py:161} INFO - Started process (PID=1255) to work on /home/airflow/.local/lib/python3.8/site-packages/airflow/example_dags/example_bash_operator.py
[2025-08-14T17:47:28.920+0000] {processor.py:830} INFO - Processing file /home/airflow/.local/lib/python3.8/site-packages/airflow/example_dags/example_bash_operator.py for tasks to queue
[2025-08-14T17:47:28.924+0000] {logging_mixin.py:188} INFO - [2025-08-14T17:47:28.924+0000] {dagbag.py:540} INFO - Filling up the DagBag from /home/airflow/.local/lib/python3.8/site-packages/airflow/example_dags/example_bash_operator.py
[2025-08-14T17:47:28.931+0000] {processor.py:840} INFO - DAG(s) 'example_bash_operator' retrieved from /home/airflow/.local/lib/python3.8/site-packages/airflow/example_dags/example_bash_operator.py
[2025-08-14T17:47:28.957+0000] {logging_mixin.py:188} INFO - [2025-08-14T17:47:28.957+0000] {dag.py:3047} INFO - Sync 1 DAGs
[2025-08-14T17:47:28.974+0000] {logging_mixin.py:188} INFO - [2025-08-14T17:47:28.974+0000] {dag.py:3834} INFO - Setting next_dagrun for example_bash_operator to 2025-08-13 00:00:00+00:00, run_after=2025-08-14 00:00:00+00:00
[2025-08-14T17:47:28.988+0000] {processor.py:183} INFO - Processing /home/airflow/.local/lib/python3.8/site-packages/airflow/example_dags/example_bash_operator.py took 0.071 seconds
[2025-08-14T17:47:59.247+0000] {processor.py:161} INFO - Started process (PID=1311) to work on /home/airflow/.local/lib/python3.8/site-packages/airflow/example_dags/example_bash_operator.py
[2025-08-14T17:47:59.248+0000] {processor.py:830} INFO - Processing file /home/airflow/.local/lib/python3.8/site-packages/airflow/example_dags/example_bash_operator.py for tasks to queue
[2025-08-14T17:47:59.250+0000] {logging_mixin.py:188} INFO - [2025-08-14T17:47:59.249+0000] {dagbag.py:540} INFO - Filling up the DagBag from /home/airflow/.local/lib/python3.8/site-packages/airflow/example_dags/example_bash_operator.py
[2025-08-14T17:47:59.263+0000] {processor.py:840} INFO - DAG(s) 'example_bash_operator' retrieved from /home/airflow/.local/lib/python3.8/site-packages/airflow/example_dags/example_bash_operator.py
[2025-08-14T17:47:59.286+0000] {logging_mixin.py:188} INFO - [2025-08-14T17:47:59.286+0000] {dag.py:3047} INFO - Sync 1 DAGs
[2025-08-14T17:47:59.306+0000] {logging_mixin.py:188} INFO - [2025-08-14T17:47:59.306+0000] {dag.py:3834} INFO - Setting next_dagrun for example_bash_operator to 2025-08-13 00:00:00+00:00, run_after=2025-08-14 00:00:00+00:00
[2025-08-14T17:47:59.317+0000] {processor.py:183} INFO - Processing /home/airflow/.local/lib/python3.8/site-packages/airflow/example_dags/example_bash_operator.py took 0.074 seconds
[2025-08-14T17:48:29.621+0000] {processor.py:161} INFO - Started process (PID=1367) to work on /home/airflow/.local/lib/python3.8/site-packages/airflow/example_dags/example_bash_operator.py
[2025-08-14T17:48:29.622+0000] {processor.py:830} INFO - Processing file /home/airflow/.local/lib/python3.8/site-packages/airflow/example_dags/example_bash_operator.py for tasks to queue
[2025-08-14T17:48:29.624+0000] {logging_mixin.py:188} INFO - [2025-08-14T17:48:29.623+0000] {dagbag.py:540} INFO - Filling up the DagBag from /home/airflow/.local/lib/python3.8/site-packages/airflow/example_dags/example_bash_operator.py
[2025-08-14T17:48:29.634+0000] {processor.py:840} INFO - DAG(s) 'example_bash_operator' retrieved from /home/airflow/.local/lib/python3.8/site-packages/airflow/example_dags/example_bash_operator.py
[2025-08-14T17:48:29.655+0000] {logging_mixin.py:188} INFO - [2025-08-14T17:48:29.654+0000] {dag.py:3047} INFO - Sync 1 DAGs
[2025-08-14T17:48:29.669+0000] {logging_mixin.py:188} INFO - [2025-08-14T17:48:29.669+0000] {dag.py:3834} INFO - Setting next_dagrun for example_bash_operator to 2025-08-13 00:00:00+00:00, run_after=2025-08-14 00:00:00+00:00
[2025-08-14T17:48:29.686+0000] {processor.py:183} INFO - Processing /home/airflow/.local/lib/python3.8/site-packages/airflow/example_dags/example_bash_operator.py took 0.067 seconds
[2025-08-14T17:49:00.243+0000] {processor.py:161} INFO - Started process (PID=1423) to work on /home/airflow/.local/lib/python3.8/site-packages/airflow/example_dags/example_bash_operator.py
[2025-08-14T17:49:00.250+0000] {processor.py:830} INFO - Processing file /home/airflow/.local/lib/python3.8/site-packages/airflow/example_dags/example_bash_operator.py for tasks to queue
[2025-08-14T17:49:00.252+0000] {logging_mixin.py:188} INFO - [2025-08-14T17:49:00.252+0000] {dagbag.py:540} INFO - Filling up the DagBag from /home/airflow/.local/lib/python3.8/site-packages/airflow/example_dags/example_bash_operator.py
[2025-08-14T17:49:00.263+0000] {processor.py:840} INFO - DAG(s) 'example_bash_operator' retrieved from /home/airflow/.local/lib/python3.8/site-packages/airflow/example_dags/example_bash_operator.py
[2025-08-14T17:49:00.302+0000] {logging_mixin.py:188} INFO - [2025-08-14T17:49:00.301+0000] {dag.py:3047} INFO - Sync 1 DAGs
[2025-08-14T17:49:00.323+0000] {logging_mixin.py:188} INFO - [2025-08-14T17:49:00.323+0000] {dag.py:3834} INFO - Setting next_dagrun for example_bash_operator to 2025-08-13 00:00:00+00:00, run_after=2025-08-14 00:00:00+00:00
[2025-08-14T17:49:00.335+0000] {processor.py:183} INFO - Processing /home/airflow/.local/lib/python3.8/site-packages/airflow/example_dags/example_bash_operator.py took 0.108 seconds
[2025-08-14T17:49:30.381+0000] {processor.py:161} INFO - Started process (PID=1479) to work on /home/airflow/.local/lib/python3.8/site-packages/airflow/example_dags/example_bash_operator.py
[2025-08-14T17:49:30.383+0000] {processor.py:830} INFO - Processing file /home/airflow/.local/lib/python3.8/site-packages/airflow/example_dags/example_bash_operator.py for tasks to queue
[2025-08-14T17:49:30.384+0000] {logging_mixin.py:188} INFO - [2025-08-14T17:49:30.384+0000] {dagbag.py:540} INFO - Filling up the DagBag from /home/airflow/.local/lib/python3.8/site-packages/airflow/example_dags/example_bash_operator.py
[2025-08-14T17:49:30.393+0000] {processor.py:840} INFO - DAG(s) 'example_bash_operator' retrieved from /home/airflow/.local/lib/python3.8/site-packages/airflow/example_dags/example_bash_operator.py
[2025-08-14T17:49:30.417+0000] {logging_mixin.py:188} INFO - [2025-08-14T17:49:30.417+0000] {dag.py:3047} INFO - Sync 1 DAGs
[2025-08-14T17:49:30.439+0000] {logging_mixin.py:188} INFO - [2025-08-14T17:49:30.439+0000] {dag.py:3834} INFO - Setting next_dagrun for example_bash_operator to 2025-08-13 00:00:00+00:00, run_after=2025-08-14 00:00:00+00:00
[2025-08-14T17:49:30.456+0000] {processor.py:183} INFO - Processing /home/airflow/.local/lib/python3.8/site-packages/airflow/example_dags/example_bash_operator.py took 0.078 seconds
[2025-08-14T17:50:01.856+0000] {processor.py:161} INFO - Started process (PID=1535) to work on /home/airflow/.local/lib/python3.8/site-packages/airflow/example_dags/example_bash_operator.py
[2025-08-14T17:50:01.858+0000] {processor.py:830} INFO - Processing file /home/airflow/.local/lib/python3.8/site-packages/airflow/example_dags/example_bash_operator.py for tasks to queue
[2025-08-14T17:50:01.859+0000] {logging_mixin.py:188} INFO - [2025-08-14T17:50:01.859+0000] {dagbag.py:540} INFO - Filling up the DagBag from /home/airflow/.local/lib/python3.8/site-packages/airflow/example_dags/example_bash_operator.py
[2025-08-14T17:50:01.881+0000] {processor.py:840} INFO - DAG(s) 'example_bash_operator' retrieved from /home/airflow/.local/lib/python3.8/site-packages/airflow/example_dags/example_bash_operator.py
[2025-08-14T17:50:01.947+0000] {logging_mixin.py:188} INFO - [2025-08-14T17:50:01.946+0000] {dag.py:3047} INFO - Sync 1 DAGs
[2025-08-14T17:50:02.004+0000] {logging_mixin.py:188} INFO - [2025-08-14T17:50:02.004+0000] {dag.py:3834} INFO - Setting next_dagrun for example_bash_operator to 2025-08-13 00:00:00+00:00, run_after=2025-08-14 00:00:00+00:00
[2025-08-14T17:50:02.040+0000] {processor.py:183} INFO - Processing /home/airflow/.local/lib/python3.8/site-packages/airflow/example_dags/example_bash_operator.py took 0.186 seconds
[2025-08-14T17:50:32.095+0000] {processor.py:161} INFO - Started process (PID=1591) to work on /home/airflow/.local/lib/python3.8/site-packages/airflow/example_dags/example_bash_operator.py
[2025-08-14T17:50:32.097+0000] {processor.py:830} INFO - Processing file /home/airflow/.local/lib/python3.8/site-packages/airflow/example_dags/example_bash_operator.py for tasks to queue
[2025-08-14T17:50:32.098+0000] {logging_mixin.py:188} INFO - [2025-08-14T17:50:32.097+0000] {dagbag.py:540} INFO - Filling up the DagBag from /home/airflow/.local/lib/python3.8/site-packages/airflow/example_dags/example_bash_operator.py
[2025-08-14T17:50:32.106+0000] {processor.py:840} INFO - DAG(s) 'example_bash_operator' retrieved from /home/airflow/.local/lib/python3.8/site-packages/airflow/example_dags/example_bash_operator.py
[2025-08-14T17:50:32.148+0000] {logging_mixin.py:188} INFO - [2025-08-14T17:50:32.148+0000] {dag.py:3047} INFO - Sync 1 DAGs
[2025-08-14T17:50:32.164+0000] {logging_mixin.py:188} INFO - [2025-08-14T17:50:32.164+0000] {dag.py:3834} INFO - Setting next_dagrun for example_bash_operator to 2025-08-13 00:00:00+00:00, run_after=2025-08-14 00:00:00+00:00
[2025-08-14T17:50:32.177+0000] {processor.py:183} INFO - Processing /home/airflow/.local/lib/python3.8/site-packages/airflow/example_dags/example_bash_operator.py took 0.086 seconds
[2025-08-14T17:51:02.917+0000] {processor.py:161} INFO - Started process (PID=1647) to work on /home/airflow/.local/lib/python3.8/site-packages/airflow/example_dags/example_bash_operator.py
[2025-08-14T17:51:02.919+0000] {processor.py:830} INFO - Processing file /home/airflow/.local/lib/python3.8/site-packages/airflow/example_dags/example_bash_operator.py for tasks to queue
[2025-08-14T17:51:02.920+0000] {logging_mixin.py:188} INFO - [2025-08-14T17:51:02.920+0000] {dagbag.py:540} INFO - Filling up the DagBag from /home/airflow/.local/lib/python3.8/site-packages/airflow/example_dags/example_bash_operator.py
[2025-08-14T17:51:02.928+0000] {processor.py:840} INFO - DAG(s) 'example_bash_operator' retrieved from /home/airflow/.local/lib/python3.8/site-packages/airflow/example_dags/example_bash_operator.py
[2025-08-14T17:51:02.946+0000] {logging_mixin.py:188} INFO - [2025-08-14T17:51:02.946+0000] {dag.py:3047} INFO - Sync 1 DAGs
[2025-08-14T17:51:02.958+0000] {logging_mixin.py:188} INFO - [2025-08-14T17:51:02.958+0000] {dag.py:3834} INFO - Setting next_dagrun for example_bash_operator to 2025-08-13 00:00:00+00:00, run_after=2025-08-14 00:00:00+00:00
[2025-08-14T17:51:02.974+0000] {processor.py:183} INFO - Processing /home/airflow/.local/lib/python3.8/site-packages/airflow/example_dags/example_bash_operator.py took 0.059 seconds
[2025-08-14T17:51:33.325+0000] {processor.py:161} INFO - Started process (PID=1703) to work on /home/airflow/.local/lib/python3.8/site-packages/airflow/example_dags/example_bash_operator.py
[2025-08-14T17:51:33.326+0000] {processor.py:830} INFO - Processing file /home/airflow/.local/lib/python3.8/site-packages/airflow/example_dags/example_bash_operator.py for tasks to queue
[2025-08-14T17:51:33.328+0000] {logging_mixin.py:188} INFO - [2025-08-14T17:51:33.327+0000] {dagbag.py:540} INFO - Filling up the DagBag from /home/airflow/.local/lib/python3.8/site-packages/airflow/example_dags/example_bash_operator.py
[2025-08-14T17:51:33.339+0000] {processor.py:840} INFO - DAG(s) 'example_bash_operator' retrieved from /home/airflow/.local/lib/python3.8/site-packages/airflow/example_dags/example_bash_operator.py
[2025-08-14T17:51:33.408+0000] {logging_mixin.py:188} INFO - [2025-08-14T17:51:33.407+0000] {dag.py:3047} INFO - Sync 1 DAGs
[2025-08-14T17:51:33.468+0000] {logging_mixin.py:188} INFO - [2025-08-14T17:51:33.468+0000] {dag.py:3834} INFO - Setting next_dagrun for example_bash_operator to 2025-08-13 00:00:00+00:00, run_after=2025-08-14 00:00:00+00:00
[2025-08-14T17:51:33.485+0000] {processor.py:183} INFO - Processing /home/airflow/.local/lib/python3.8/site-packages/airflow/example_dags/example_bash_operator.py took 0.163 seconds
[2025-08-14T17:52:04.094+0000] {processor.py:161} INFO - Started process (PID=1759) to work on /home/airflow/.local/lib/python3.8/site-packages/airflow/example_dags/example_bash_operator.py
[2025-08-14T17:52:04.095+0000] {processor.py:830} INFO - Processing file /home/airflow/.local/lib/python3.8/site-packages/airflow/example_dags/example_bash_operator.py for tasks to queue
[2025-08-14T17:52:04.097+0000] {logging_mixin.py:188} INFO - [2025-08-14T17:52:04.096+0000] {dagbag.py:540} INFO - Filling up the DagBag from /home/airflow/.local/lib/python3.8/site-packages/airflow/example_dags/example_bash_operator.py
[2025-08-14T17:52:04.104+0000] {processor.py:840} INFO - DAG(s) 'example_bash_operator' retrieved from /home/airflow/.local/lib/python3.8/site-packages/airflow/example_dags/example_bash_operator.py
[2025-08-14T17:52:04.145+0000] {logging_mixin.py:188} INFO - [2025-08-14T17:52:04.145+0000] {dag.py:3047} INFO - Sync 1 DAGs
[2025-08-14T17:52:04.168+0000] {logging_mixin.py:188} INFO - [2025-08-14T17:52:04.168+0000] {dag.py:3834} INFO - Setting next_dagrun for example_bash_operator to 2025-08-13 00:00:00+00:00, run_after=2025-08-14 00:00:00+00:00
[2025-08-14T17:52:04.186+0000] {processor.py:183} INFO - Processing /home/airflow/.local/lib/python3.8/site-packages/airflow/example_dags/example_bash_operator.py took 0.094 seconds
[2025-08-14T17:52:34.416+0000] {processor.py:161} INFO - Started process (PID=1815) to work on /home/airflow/.local/lib/python3.8/site-packages/airflow/example_dags/example_bash_operator.py
[2025-08-14T17:52:34.417+0000] {processor.py:830} INFO - Processing file /home/airflow/.local/lib/python3.8/site-packages/airflow/example_dags/example_bash_operator.py for tasks to queue
[2025-08-14T17:52:34.418+0000] {logging_mixin.py:188} INFO - [2025-08-14T17:52:34.418+0000] {dagbag.py:540} INFO - Filling up the DagBag from /home/airflow/.local/lib/python3.8/site-packages/airflow/example_dags/example_bash_operator.py
[2025-08-14T17:52:34.424+0000] {processor.py:840} INFO - DAG(s) 'example_bash_operator' retrieved from /home/airflow/.local/lib/python3.8/site-packages/airflow/example_dags/example_bash_operator.py
[2025-08-14T17:52:34.439+0000] {logging_mixin.py:188} INFO - [2025-08-14T17:52:34.439+0000] {dag.py:3047} INFO - Sync 1 DAGs
[2025-08-14T17:52:34.453+0000] {logging_mixin.py:188} INFO - [2025-08-14T17:52:34.453+0000] {dag.py:3834} INFO - Setting next_dagrun for example_bash_operator to 2025-08-13 00:00:00+00:00, run_after=2025-08-14 00:00:00+00:00
[2025-08-14T17:52:34.463+0000] {processor.py:183} INFO - Processing /home/airflow/.local/lib/python3.8/site-packages/airflow/example_dags/example_bash_operator.py took 0.049 seconds
[2025-08-14T17:53:05.310+0000] {processor.py:161} INFO - Started process (PID=1871) to work on /home/airflow/.local/lib/python3.8/site-packages/airflow/example_dags/example_bash_operator.py
[2025-08-14T17:53:05.311+0000] {processor.py:830} INFO - Processing file /home/airflow/.local/lib/python3.8/site-packages/airflow/example_dags/example_bash_operator.py for tasks to queue
[2025-08-14T17:53:05.312+0000] {logging_mixin.py:188} INFO - [2025-08-14T17:53:05.312+0000] {dagbag.py:540} INFO - Filling up the DagBag from /home/airflow/.local/lib/python3.8/site-packages/airflow/example_dags/example_bash_operator.py
[2025-08-14T17:53:05.320+0000] {processor.py:840} INFO - DAG(s) 'example_bash_operator' retrieved from /home/airflow/.local/lib/python3.8/site-packages/airflow/example_dags/example_bash_operator.py
[2025-08-14T17:53:05.366+0000] {logging_mixin.py:188} INFO - [2025-08-14T17:53:05.366+0000] {dag.py:3047} INFO - Sync 1 DAGs
[2025-08-14T17:53:05.393+0000] {logging_mixin.py:188} INFO - [2025-08-14T17:53:05.392+0000] {dag.py:3834} INFO - Setting next_dagrun for example_bash_operator to 2025-08-13 00:00:00+00:00, run_after=2025-08-14 00:00:00+00:00
[2025-08-14T17:53:05.412+0000] {processor.py:183} INFO - Processing /home/airflow/.local/lib/python3.8/site-packages/airflow/example_dags/example_bash_operator.py took 0.105 seconds
[2025-08-14T17:53:35.507+0000] {processor.py:161} INFO - Started process (PID=1927) to work on /home/airflow/.local/lib/python3.8/site-packages/airflow/example_dags/example_bash_operator.py
[2025-08-14T17:53:35.509+0000] {processor.py:830} INFO - Processing file /home/airflow/.local/lib/python3.8/site-packages/airflow/example_dags/example_bash_operator.py for tasks to queue
[2025-08-14T17:53:35.510+0000] {logging_mixin.py:188} INFO - [2025-08-14T17:53:35.510+0000] {dagbag.py:540} INFO - Filling up the DagBag from /home/airflow/.local/lib/python3.8/site-packages/airflow/example_dags/example_bash_operator.py
[2025-08-14T17:53:35.517+0000] {processor.py:840} INFO - DAG(s) 'example_bash_operator' retrieved from /home/airflow/.local/lib/python3.8/site-packages/airflow/example_dags/example_bash_operator.py
[2025-08-14T17:53:35.541+0000] {logging_mixin.py:188} INFO - [2025-08-14T17:53:35.541+0000] {dag.py:3047} INFO - Sync 1 DAGs
[2025-08-14T17:53:35.582+0000] {logging_mixin.py:188} INFO - [2025-08-14T17:53:35.582+0000] {dag.py:3834} INFO - Setting next_dagrun for example_bash_operator to 2025-08-13 00:00:00+00:00, run_after=2025-08-14 00:00:00+00:00
[2025-08-14T17:53:35.625+0000] {processor.py:183} INFO - Processing /home/airflow/.local/lib/python3.8/site-packages/airflow/example_dags/example_bash_operator.py took 0.135 seconds
[2025-08-14T17:54:05.703+0000] {processor.py:161} INFO - Started process (PID=1983) to work on /home/airflow/.local/lib/python3.8/site-packages/airflow/example_dags/example_bash_operator.py
[2025-08-14T17:54:05.704+0000] {processor.py:830} INFO - Processing file /home/airflow/.local/lib/python3.8/site-packages/airflow/example_dags/example_bash_operator.py for tasks to queue
[2025-08-14T17:54:05.706+0000] {logging_mixin.py:188} INFO - [2025-08-14T17:54:05.705+0000] {dagbag.py:540} INFO - Filling up the DagBag from /home/airflow/.local/lib/python3.8/site-packages/airflow/example_dags/example_bash_operator.py
[2025-08-14T17:54:05.717+0000] {processor.py:840} INFO - DAG(s) 'example_bash_operator' retrieved from /home/airflow/.local/lib/python3.8/site-packages/airflow/example_dags/example_bash_operator.py
[2025-08-14T17:54:05.747+0000] {logging_mixin.py:188} INFO - [2025-08-14T17:54:05.747+0000] {dag.py:3047} INFO - Sync 1 DAGs
[2025-08-14T17:54:05.762+0000] {logging_mixin.py:188} INFO - [2025-08-14T17:54:05.762+0000] {dag.py:3834} INFO - Setting next_dagrun for example_bash_operator to 2025-08-13 00:00:00+00:00, run_after=2025-08-14 00:00:00+00:00
[2025-08-14T17:54:05.777+0000] {processor.py:183} INFO - Processing /home/airflow/.local/lib/python3.8/site-packages/airflow/example_dags/example_bash_operator.py took 0.077 seconds
[2025-08-14T17:54:36.121+0000] {processor.py:161} INFO - Started process (PID=2039) to work on /home/airflow/.local/lib/python3.8/site-packages/airflow/example_dags/example_bash_operator.py
[2025-08-14T17:54:36.123+0000] {processor.py:830} INFO - Processing file /home/airflow/.local/lib/python3.8/site-packages/airflow/example_dags/example_bash_operator.py for tasks to queue
[2025-08-14T17:54:36.129+0000] {logging_mixin.py:188} INFO - [2025-08-14T17:54:36.128+0000] {dagbag.py:540} INFO - Filling up the DagBag from /home/airflow/.local/lib/python3.8/site-packages/airflow/example_dags/example_bash_operator.py
[2025-08-14T17:54:36.145+0000] {processor.py:840} INFO - DAG(s) 'example_bash_operator' retrieved from /home/airflow/.local/lib/python3.8/site-packages/airflow/example_dags/example_bash_operator.py
[2025-08-14T17:54:36.167+0000] {logging_mixin.py:188} INFO - [2025-08-14T17:54:36.167+0000] {dag.py:3047} INFO - Sync 1 DAGs
[2025-08-14T17:54:36.179+0000] {logging_mixin.py:188} INFO - [2025-08-14T17:54:36.179+0000] {dag.py:3834} INFO - Setting next_dagrun for example_bash_operator to 2025-08-13 00:00:00+00:00, run_after=2025-08-14 00:00:00+00:00
[2025-08-14T17:54:36.208+0000] {processor.py:183} INFO - Processing /home/airflow/.local/lib/python3.8/site-packages/airflow/example_dags/example_bash_operator.py took 0.090 seconds
[2025-08-14T17:55:06.708+0000] {processor.py:161} INFO - Started process (PID=2095) to work on /home/airflow/.local/lib/python3.8/site-packages/airflow/example_dags/example_bash_operator.py
[2025-08-14T17:55:06.709+0000] {processor.py:830} INFO - Processing file /home/airflow/.local/lib/python3.8/site-packages/airflow/example_dags/example_bash_operator.py for tasks to queue
[2025-08-14T17:55:06.710+0000] {logging_mixin.py:188} INFO - [2025-08-14T17:55:06.710+0000] {dagbag.py:540} INFO - Filling up the DagBag from /home/airflow/.local/lib/python3.8/site-packages/airflow/example_dags/example_bash_operator.py
[2025-08-14T17:55:06.717+0000] {processor.py:840} INFO - DAG(s) 'example_bash_operator' retrieved from /home/airflow/.local/lib/python3.8/site-packages/airflow/example_dags/example_bash_operator.py
[2025-08-14T17:55:06.731+0000] {logging_mixin.py:188} INFO - [2025-08-14T17:55:06.731+0000] {dag.py:3047} INFO - Sync 1 DAGs
[2025-08-14T17:55:06.741+0000] {logging_mixin.py:188} INFO - [2025-08-14T17:55:06.741+0000] {dag.py:3834} INFO - Setting next_dagrun for example_bash_operator to 2025-08-13 00:00:00+00:00, run_after=2025-08-14 00:00:00+00:00
[2025-08-14T17:55:06.749+0000] {processor.py:183} INFO - Processing /home/airflow/.local/lib/python3.8/site-packages/airflow/example_dags/example_bash_operator.py took 0.043 seconds
[2025-08-14T17:55:37.347+0000] {processor.py:161} INFO - Started process (PID=2151) to work on /home/airflow/.local/lib/python3.8/site-packages/airflow/example_dags/example_bash_operator.py
[2025-08-14T17:55:37.350+0000] {processor.py:830} INFO - Processing file /home/airflow/.local/lib/python3.8/site-packages/airflow/example_dags/example_bash_operator.py for tasks to queue
[2025-08-14T17:55:37.352+0000] {logging_mixin.py:188} INFO - [2025-08-14T17:55:37.352+0000] {dagbag.py:540} INFO - Filling up the DagBag from /home/airflow/.local/lib/python3.8/site-packages/airflow/example_dags/example_bash_operator.py
[2025-08-14T17:55:37.358+0000] {processor.py:840} INFO - DAG(s) 'example_bash_operator' retrieved from /home/airflow/.local/lib/python3.8/site-packages/airflow/example_dags/example_bash_operator.py
[2025-08-14T17:55:37.373+0000] {logging_mixin.py:188} INFO - [2025-08-14T17:55:37.373+0000] {dag.py:3047} INFO - Sync 1 DAGs
[2025-08-14T17:55:37.385+0000] {logging_mixin.py:188} INFO - [2025-08-14T17:55:37.384+0000] {dag.py:3834} INFO - Setting next_dagrun for example_bash_operator to 2025-08-13 00:00:00+00:00, run_after=2025-08-14 00:00:00+00:00
[2025-08-14T17:55:37.396+0000] {processor.py:183} INFO - Processing /home/airflow/.local/lib/python3.8/site-packages/airflow/example_dags/example_bash_operator.py took 0.050 seconds
[2025-08-14T17:56:07.799+0000] {processor.py:161} INFO - Started process (PID=2207) to work on /home/airflow/.local/lib/python3.8/site-packages/airflow/example_dags/example_bash_operator.py
[2025-08-14T17:56:07.801+0000] {processor.py:830} INFO - Processing file /home/airflow/.local/lib/python3.8/site-packages/airflow/example_dags/example_bash_operator.py for tasks to queue
[2025-08-14T17:56:07.804+0000] {logging_mixin.py:188} INFO - [2025-08-14T17:56:07.803+0000] {dagbag.py:540} INFO - Filling up the DagBag from /home/airflow/.local/lib/python3.8/site-packages/airflow/example_dags/example_bash_operator.py
[2025-08-14T17:56:07.810+0000] {processor.py:840} INFO - DAG(s) 'example_bash_operator' retrieved from /home/airflow/.local/lib/python3.8/site-packages/airflow/example_dags/example_bash_operator.py
[2025-08-14T17:56:07.829+0000] {logging_mixin.py:188} INFO - [2025-08-14T17:56:07.829+0000] {dag.py:3047} INFO - Sync 1 DAGs
[2025-08-14T17:56:07.841+0000] {logging_mixin.py:188} INFO - [2025-08-14T17:56:07.841+0000] {dag.py:3834} INFO - Setting next_dagrun for example_bash_operator to 2025-08-13 00:00:00+00:00, run_after=2025-08-14 00:00:00+00:00
[2025-08-14T17:56:07.851+0000] {processor.py:183} INFO - Processing /home/airflow/.local/lib/python3.8/site-packages/airflow/example_dags/example_bash_operator.py took 0.053 seconds
[2025-08-14T17:56:38.247+0000] {processor.py:161} INFO - Started process (PID=2263) to work on /home/airflow/.local/lib/python3.8/site-packages/airflow/example_dags/example_bash_operator.py
[2025-08-14T17:56:38.248+0000] {processor.py:830} INFO - Processing file /home/airflow/.local/lib/python3.8/site-packages/airflow/example_dags/example_bash_operator.py for tasks to queue
[2025-08-14T17:56:38.249+0000] {logging_mixin.py:188} INFO - [2025-08-14T17:56:38.249+0000] {dagbag.py:540} INFO - Filling up the DagBag from /home/airflow/.local/lib/python3.8/site-packages/airflow/example_dags/example_bash_operator.py
[2025-08-14T17:56:38.256+0000] {processor.py:840} INFO - DAG(s) 'example_bash_operator' retrieved from /home/airflow/.local/lib/python3.8/site-packages/airflow/example_dags/example_bash_operator.py
[2025-08-14T17:56:38.274+0000] {logging_mixin.py:188} INFO - [2025-08-14T17:56:38.274+0000] {dag.py:3047} INFO - Sync 1 DAGs
[2025-08-14T17:56:38.289+0000] {logging_mixin.py:188} INFO - [2025-08-14T17:56:38.288+0000] {dag.py:3834} INFO - Setting next_dagrun for example_bash_operator to 2025-08-13 00:00:00+00:00, run_after=2025-08-14 00:00:00+00:00
[2025-08-14T17:56:38.304+0000] {processor.py:183} INFO - Processing /home/airflow/.local/lib/python3.8/site-packages/airflow/example_dags/example_bash_operator.py took 0.059 seconds
[2025-08-14T17:57:08.635+0000] {processor.py:161} INFO - Started process (PID=2319) to work on /home/airflow/.local/lib/python3.8/site-packages/airflow/example_dags/example_bash_operator.py
[2025-08-14T17:57:08.638+0000] {processor.py:830} INFO - Processing file /home/airflow/.local/lib/python3.8/site-packages/airflow/example_dags/example_bash_operator.py for tasks to queue
[2025-08-14T17:57:08.640+0000] {logging_mixin.py:188} INFO - [2025-08-14T17:57:08.640+0000] {dagbag.py:540} INFO - Filling up the DagBag from /home/airflow/.local/lib/python3.8/site-packages/airflow/example_dags/example_bash_operator.py
[2025-08-14T17:57:08.646+0000] {processor.py:840} INFO - DAG(s) 'example_bash_operator' retrieved from /home/airflow/.local/lib/python3.8/site-packages/airflow/example_dags/example_bash_operator.py
[2025-08-14T17:57:08.662+0000] {logging_mixin.py:188} INFO - [2025-08-14T17:57:08.662+0000] {dag.py:3047} INFO - Sync 1 DAGs
[2025-08-14T17:57:08.675+0000] {logging_mixin.py:188} INFO - [2025-08-14T17:57:08.675+0000] {dag.py:3834} INFO - Setting next_dagrun for example_bash_operator to 2025-08-13 00:00:00+00:00, run_after=2025-08-14 00:00:00+00:00
[2025-08-14T17:57:08.690+0000] {processor.py:183} INFO - Processing /home/airflow/.local/lib/python3.8/site-packages/airflow/example_dags/example_bash_operator.py took 0.057 seconds
[2025-08-14T17:57:39.010+0000] {processor.py:161} INFO - Started process (PID=2375) to work on /home/airflow/.local/lib/python3.8/site-packages/airflow/example_dags/example_bash_operator.py
[2025-08-14T17:57:39.011+0000] {processor.py:830} INFO - Processing file /home/airflow/.local/lib/python3.8/site-packages/airflow/example_dags/example_bash_operator.py for tasks to queue
[2025-08-14T17:57:39.012+0000] {logging_mixin.py:188} INFO - [2025-08-14T17:57:39.012+0000] {dagbag.py:540} INFO - Filling up the DagBag from /home/airflow/.local/lib/python3.8/site-packages/airflow/example_dags/example_bash_operator.py
[2025-08-14T17:57:39.019+0000] {processor.py:840} INFO - DAG(s) 'example_bash_operator' retrieved from /home/airflow/.local/lib/python3.8/site-packages/airflow/example_dags/example_bash_operator.py
[2025-08-14T17:57:39.037+0000] {logging_mixin.py:188} INFO - [2025-08-14T17:57:39.037+0000] {dag.py:3047} INFO - Sync 1 DAGs
[2025-08-14T17:57:39.051+0000] {logging_mixin.py:188} INFO - [2025-08-14T17:57:39.051+0000] {dag.py:3834} INFO - Setting next_dagrun for example_bash_operator to 2025-08-13 00:00:00+00:00, run_after=2025-08-14 00:00:00+00:00
[2025-08-14T17:57:39.062+0000] {processor.py:183} INFO - Processing /home/airflow/.local/lib/python3.8/site-packages/airflow/example_dags/example_bash_operator.py took 0.057 seconds
[2025-08-14T17:58:09.737+0000] {processor.py:161} INFO - Started process (PID=2431) to work on /home/airflow/.local/lib/python3.8/site-packages/airflow/example_dags/example_bash_operator.py
[2025-08-14T17:58:09.739+0000] {processor.py:830} INFO - Processing file /home/airflow/.local/lib/python3.8/site-packages/airflow/example_dags/example_bash_operator.py for tasks to queue
[2025-08-14T17:58:09.742+0000] {logging_mixin.py:188} INFO - [2025-08-14T17:58:09.742+0000] {dagbag.py:540} INFO - Filling up the DagBag from /home/airflow/.local/lib/python3.8/site-packages/airflow/example_dags/example_bash_operator.py
[2025-08-14T17:58:09.748+0000] {processor.py:840} INFO - DAG(s) 'example_bash_operator' retrieved from /home/airflow/.local/lib/python3.8/site-packages/airflow/example_dags/example_bash_operator.py
[2025-08-14T17:58:09.767+0000] {logging_mixin.py:188} INFO - [2025-08-14T17:58:09.767+0000] {dag.py:3047} INFO - Sync 1 DAGs
[2025-08-14T17:58:09.778+0000] {logging_mixin.py:188} INFO - [2025-08-14T17:58:09.778+0000] {dag.py:3834} INFO - Setting next_dagrun for example_bash_operator to 2025-08-13 00:00:00+00:00, run_after=2025-08-14 00:00:00+00:00
[2025-08-14T17:58:09.788+0000] {processor.py:183} INFO - Processing /home/airflow/.local/lib/python3.8/site-packages/airflow/example_dags/example_bash_operator.py took 0.053 seconds
[2025-08-14T17:58:40.529+0000] {processor.py:161} INFO - Started process (PID=2487) to work on /home/airflow/.local/lib/python3.8/site-packages/airflow/example_dags/example_bash_operator.py
[2025-08-14T17:58:40.530+0000] {processor.py:830} INFO - Processing file /home/airflow/.local/lib/python3.8/site-packages/airflow/example_dags/example_bash_operator.py for tasks to queue
[2025-08-14T17:58:40.531+0000] {logging_mixin.py:188} INFO - [2025-08-14T17:58:40.530+0000] {dagbag.py:540} INFO - Filling up the DagBag from /home/airflow/.local/lib/python3.8/site-packages/airflow/example_dags/example_bash_operator.py
[2025-08-14T17:58:40.544+0000] {processor.py:840} INFO - DAG(s) 'example_bash_operator' retrieved from /home/airflow/.local/lib/python3.8/site-packages/airflow/example_dags/example_bash_operator.py
[2025-08-14T17:58:40.565+0000] {logging_mixin.py:188} INFO - [2025-08-14T17:58:40.565+0000] {dag.py:3047} INFO - Sync 1 DAGs
[2025-08-14T17:58:40.579+0000] {logging_mixin.py:188} INFO - [2025-08-14T17:58:40.579+0000] {dag.py:3834} INFO - Setting next_dagrun for example_bash_operator to 2025-08-13 00:00:00+00:00, run_after=2025-08-14 00:00:00+00:00
[2025-08-14T17:58:40.589+0000] {processor.py:183} INFO - Processing /home/airflow/.local/lib/python3.8/site-packages/airflow/example_dags/example_bash_operator.py took 0.063 seconds
[2025-08-14T17:59:10.973+0000] {processor.py:161} INFO - Started process (PID=2543) to work on /home/airflow/.local/lib/python3.8/site-packages/airflow/example_dags/example_bash_operator.py
[2025-08-14T17:59:10.975+0000] {processor.py:830} INFO - Processing file /home/airflow/.local/lib/python3.8/site-packages/airflow/example_dags/example_bash_operator.py for tasks to queue
[2025-08-14T17:59:10.976+0000] {logging_mixin.py:188} INFO - [2025-08-14T17:59:10.976+0000] {dagbag.py:540} INFO - Filling up the DagBag from /home/airflow/.local/lib/python3.8/site-packages/airflow/example_dags/example_bash_operator.py
[2025-08-14T17:59:10.985+0000] {processor.py:840} INFO - DAG(s) 'example_bash_operator' retrieved from /home/airflow/.local/lib/python3.8/site-packages/airflow/example_dags/example_bash_operator.py
[2025-08-14T17:59:11.007+0000] {logging_mixin.py:188} INFO - [2025-08-14T17:59:11.007+0000] {dag.py:3047} INFO - Sync 1 DAGs
[2025-08-14T17:59:11.021+0000] {logging_mixin.py:188} INFO - [2025-08-14T17:59:11.020+0000] {dag.py:3834} INFO - Setting next_dagrun for example_bash_operator to 2025-08-13 00:00:00+00:00, run_after=2025-08-14 00:00:00+00:00
[2025-08-14T17:59:11.036+0000] {processor.py:183} INFO - Processing /home/airflow/.local/lib/python3.8/site-packages/airflow/example_dags/example_bash_operator.py took 0.065 seconds
[2025-08-14T17:59:41.227+0000] {processor.py:161} INFO - Started process (PID=2599) to work on /home/airflow/.local/lib/python3.8/site-packages/airflow/example_dags/example_bash_operator.py
[2025-08-14T17:59:41.229+0000] {processor.py:830} INFO - Processing file /home/airflow/.local/lib/python3.8/site-packages/airflow/example_dags/example_bash_operator.py for tasks to queue
[2025-08-14T17:59:41.231+0000] {logging_mixin.py:188} INFO - [2025-08-14T17:59:41.231+0000] {dagbag.py:540} INFO - Filling up the DagBag from /home/airflow/.local/lib/python3.8/site-packages/airflow/example_dags/example_bash_operator.py
[2025-08-14T17:59:41.242+0000] {processor.py:840} INFO - DAG(s) 'example_bash_operator' retrieved from /home/airflow/.local/lib/python3.8/site-packages/airflow/example_dags/example_bash_operator.py
[2025-08-14T17:59:41.264+0000] {logging_mixin.py:188} INFO - [2025-08-14T17:59:41.264+0000] {dag.py:3047} INFO - Sync 1 DAGs
[2025-08-14T17:59:41.277+0000] {logging_mixin.py:188} INFO - [2025-08-14T17:59:41.276+0000] {dag.py:3834} INFO - Setting next_dagrun for example_bash_operator to 2025-08-13 00:00:00+00:00, run_after=2025-08-14 00:00:00+00:00
[2025-08-14T17:59:41.295+0000] {processor.py:183} INFO - Processing /home/airflow/.local/lib/python3.8/site-packages/airflow/example_dags/example_bash_operator.py took 0.070 seconds
[2025-08-14T18:00:11.770+0000] {processor.py:161} INFO - Started process (PID=2654) to work on /home/airflow/.local/lib/python3.8/site-packages/airflow/example_dags/example_bash_operator.py
[2025-08-14T18:00:11.771+0000] {processor.py:830} INFO - Processing file /home/airflow/.local/lib/python3.8/site-packages/airflow/example_dags/example_bash_operator.py for tasks to queue
[2025-08-14T18:00:11.772+0000] {logging_mixin.py:188} INFO - [2025-08-14T18:00:11.772+0000] {dagbag.py:540} INFO - Filling up the DagBag from /home/airflow/.local/lib/python3.8/site-packages/airflow/example_dags/example_bash_operator.py
[2025-08-14T18:00:11.779+0000] {processor.py:840} INFO - DAG(s) 'example_bash_operator' retrieved from /home/airflow/.local/lib/python3.8/site-packages/airflow/example_dags/example_bash_operator.py
[2025-08-14T18:00:11.804+0000] {logging_mixin.py:188} INFO - [2025-08-14T18:00:11.803+0000] {dag.py:3047} INFO - Sync 1 DAGs
[2025-08-14T18:00:11.821+0000] {logging_mixin.py:188} INFO - [2025-08-14T18:00:11.821+0000] {dag.py:3834} INFO - Setting next_dagrun for example_bash_operator to 2025-08-13 00:00:00+00:00, run_after=2025-08-14 00:00:00+00:00
[2025-08-14T18:00:11.834+0000] {processor.py:183} INFO - Processing /home/airflow/.local/lib/python3.8/site-packages/airflow/example_dags/example_bash_operator.py took 0.067 seconds
[2025-08-14T18:00:41.888+0000] {processor.py:161} INFO - Started process (PID=2710) to work on /home/airflow/.local/lib/python3.8/site-packages/airflow/example_dags/example_bash_operator.py
[2025-08-14T18:00:41.889+0000] {processor.py:830} INFO - Processing file /home/airflow/.local/lib/python3.8/site-packages/airflow/example_dags/example_bash_operator.py for tasks to queue
[2025-08-14T18:00:41.890+0000] {logging_mixin.py:188} INFO - [2025-08-14T18:00:41.890+0000] {dagbag.py:540} INFO - Filling up the DagBag from /home/airflow/.local/lib/python3.8/site-packages/airflow/example_dags/example_bash_operator.py
[2025-08-14T18:00:41.896+0000] {processor.py:840} INFO - DAG(s) 'example_bash_operator' retrieved from /home/airflow/.local/lib/python3.8/site-packages/airflow/example_dags/example_bash_operator.py
[2025-08-14T18:00:41.919+0000] {logging_mixin.py:188} INFO - [2025-08-14T18:00:41.919+0000] {dag.py:3047} INFO - Sync 1 DAGs
[2025-08-14T18:00:41.931+0000] {logging_mixin.py:188} INFO - [2025-08-14T18:00:41.931+0000] {dag.py:3834} INFO - Setting next_dagrun for example_bash_operator to 2025-08-13 00:00:00+00:00, run_after=2025-08-14 00:00:00+00:00
[2025-08-14T18:00:41.944+0000] {processor.py:183} INFO - Processing /home/airflow/.local/lib/python3.8/site-packages/airflow/example_dags/example_bash_operator.py took 0.059 seconds
[2025-08-14T18:01:12.225+0000] {processor.py:161} INFO - Started process (PID=2766) to work on /home/airflow/.local/lib/python3.8/site-packages/airflow/example_dags/example_bash_operator.py
[2025-08-14T18:01:12.226+0000] {processor.py:830} INFO - Processing file /home/airflow/.local/lib/python3.8/site-packages/airflow/example_dags/example_bash_operator.py for tasks to queue
[2025-08-14T18:01:12.228+0000] {logging_mixin.py:188} INFO - [2025-08-14T18:01:12.228+0000] {dagbag.py:540} INFO - Filling up the DagBag from /home/airflow/.local/lib/python3.8/site-packages/airflow/example_dags/example_bash_operator.py
[2025-08-14T18:01:12.236+0000] {processor.py:840} INFO - DAG(s) 'example_bash_operator' retrieved from /home/airflow/.local/lib/python3.8/site-packages/airflow/example_dags/example_bash_operator.py
[2025-08-14T18:01:12.258+0000] {logging_mixin.py:188} INFO - [2025-08-14T18:01:12.258+0000] {dag.py:3047} INFO - Sync 1 DAGs
[2025-08-14T18:01:12.272+0000] {logging_mixin.py:188} INFO - [2025-08-14T18:01:12.272+0000] {dag.py:3834} INFO - Setting next_dagrun for example_bash_operator to 2025-08-13 00:00:00+00:00, run_after=2025-08-14 00:00:00+00:00
[2025-08-14T18:01:12.292+0000] {processor.py:183} INFO - Processing /home/airflow/.local/lib/python3.8/site-packages/airflow/example_dags/example_bash_operator.py took 0.070 seconds
[2025-08-14T18:01:42.854+0000] {processor.py:161} INFO - Started process (PID=2822) to work on /home/airflow/.local/lib/python3.8/site-packages/airflow/example_dags/example_bash_operator.py
[2025-08-14T18:01:42.855+0000] {processor.py:830} INFO - Processing file /home/airflow/.local/lib/python3.8/site-packages/airflow/example_dags/example_bash_operator.py for tasks to queue
[2025-08-14T18:01:42.857+0000] {logging_mixin.py:188} INFO - [2025-08-14T18:01:42.857+0000] {dagbag.py:540} INFO - Filling up the DagBag from /home/airflow/.local/lib/python3.8/site-packages/airflow/example_dags/example_bash_operator.py
[2025-08-14T18:01:42.864+0000] {processor.py:840} INFO - DAG(s) 'example_bash_operator' retrieved from /home/airflow/.local/lib/python3.8/site-packages/airflow/example_dags/example_bash_operator.py
[2025-08-14T18:01:42.882+0000] {logging_mixin.py:188} INFO - [2025-08-14T18:01:42.881+0000] {dag.py:3047} INFO - Sync 1 DAGs
[2025-08-14T18:01:42.893+0000] {logging_mixin.py:188} INFO - [2025-08-14T18:01:42.893+0000] {dag.py:3834} INFO - Setting next_dagrun for example_bash_operator to 2025-08-13 00:00:00+00:00, run_after=2025-08-14 00:00:00+00:00
[2025-08-14T18:01:42.909+0000] {processor.py:183} INFO - Processing /home/airflow/.local/lib/python3.8/site-packages/airflow/example_dags/example_bash_operator.py took 0.058 seconds
[2025-08-14T18:02:13.440+0000] {processor.py:161} INFO - Started process (PID=2878) to work on /home/airflow/.local/lib/python3.8/site-packages/airflow/example_dags/example_bash_operator.py
[2025-08-14T18:02:13.442+0000] {processor.py:830} INFO - Processing file /home/airflow/.local/lib/python3.8/site-packages/airflow/example_dags/example_bash_operator.py for tasks to queue
[2025-08-14T18:02:13.448+0000] {logging_mixin.py:188} INFO - [2025-08-14T18:02:13.447+0000] {dagbag.py:540} INFO - Filling up the DagBag from /home/airflow/.local/lib/python3.8/site-packages/airflow/example_dags/example_bash_operator.py
[2025-08-14T18:02:13.493+0000] {processor.py:840} INFO - DAG(s) 'example_bash_operator' retrieved from /home/airflow/.local/lib/python3.8/site-packages/airflow/example_dags/example_bash_operator.py
[2025-08-14T18:02:13.535+0000] {logging_mixin.py:188} INFO - [2025-08-14T18:02:13.534+0000] {dag.py:3047} INFO - Sync 1 DAGs
[2025-08-14T18:02:13.550+0000] {logging_mixin.py:188} INFO - [2025-08-14T18:02:13.550+0000] {dag.py:3834} INFO - Setting next_dagrun for example_bash_operator to 2025-08-13 00:00:00+00:00, run_after=2025-08-14 00:00:00+00:00
[2025-08-14T18:02:13.569+0000] {processor.py:183} INFO - Processing /home/airflow/.local/lib/python3.8/site-packages/airflow/example_dags/example_bash_operator.py took 0.132 seconds
[2025-08-14T18:02:44.061+0000] {processor.py:161} INFO - Started process (PID=2934) to work on /home/airflow/.local/lib/python3.8/site-packages/airflow/example_dags/example_bash_operator.py
[2025-08-14T18:02:44.063+0000] {processor.py:830} INFO - Processing file /home/airflow/.local/lib/python3.8/site-packages/airflow/example_dags/example_bash_operator.py for tasks to queue
[2025-08-14T18:02:44.066+0000] {logging_mixin.py:188} INFO - [2025-08-14T18:02:44.066+0000] {dagbag.py:540} INFO - Filling up the DagBag from /home/airflow/.local/lib/python3.8/site-packages/airflow/example_dags/example_bash_operator.py
[2025-08-14T18:02:44.075+0000] {processor.py:840} INFO - DAG(s) 'example_bash_operator' retrieved from /home/airflow/.local/lib/python3.8/site-packages/airflow/example_dags/example_bash_operator.py
[2025-08-14T18:02:44.108+0000] {logging_mixin.py:188} INFO - [2025-08-14T18:02:44.108+0000] {dag.py:3047} INFO - Sync 1 DAGs
[2025-08-14T18:02:44.134+0000] {logging_mixin.py:188} INFO - [2025-08-14T18:02:44.133+0000] {dag.py:3834} INFO - Setting next_dagrun for example_bash_operator to 2025-08-13 00:00:00+00:00, run_after=2025-08-14 00:00:00+00:00
[2025-08-14T18:02:44.149+0000] {processor.py:183} INFO - Processing /home/airflow/.local/lib/python3.8/site-packages/airflow/example_dags/example_bash_operator.py took 0.091 seconds
[2025-08-14T18:03:14.228+0000] {processor.py:161} INFO - Started process (PID=2990) to work on /home/airflow/.local/lib/python3.8/site-packages/airflow/example_dags/example_bash_operator.py
[2025-08-14T18:03:14.229+0000] {processor.py:830} INFO - Processing file /home/airflow/.local/lib/python3.8/site-packages/airflow/example_dags/example_bash_operator.py for tasks to queue
[2025-08-14T18:03:14.230+0000] {logging_mixin.py:188} INFO - [2025-08-14T18:03:14.230+0000] {dagbag.py:540} INFO - Filling up the DagBag from /home/airflow/.local/lib/python3.8/site-packages/airflow/example_dags/example_bash_operator.py
[2025-08-14T18:03:14.248+0000] {processor.py:840} INFO - DAG(s) 'example_bash_operator' retrieved from /home/airflow/.local/lib/python3.8/site-packages/airflow/example_dags/example_bash_operator.py
[2025-08-14T18:03:14.269+0000] {logging_mixin.py:188} INFO - [2025-08-14T18:03:14.269+0000] {dag.py:3047} INFO - Sync 1 DAGs
[2025-08-14T18:03:14.285+0000] {logging_mixin.py:188} INFO - [2025-08-14T18:03:14.284+0000] {dag.py:3834} INFO - Setting next_dagrun for example_bash_operator to 2025-08-13 00:00:00+00:00, run_after=2025-08-14 00:00:00+00:00
[2025-08-14T18:03:14.300+0000] {processor.py:183} INFO - Processing /home/airflow/.local/lib/python3.8/site-packages/airflow/example_dags/example_bash_operator.py took 0.077 seconds
[2025-08-14T18:03:44.375+0000] {processor.py:161} INFO - Started process (PID=3046) to work on /home/airflow/.local/lib/python3.8/site-packages/airflow/example_dags/example_bash_operator.py
[2025-08-14T18:03:44.377+0000] {processor.py:830} INFO - Processing file /home/airflow/.local/lib/python3.8/site-packages/airflow/example_dags/example_bash_operator.py for tasks to queue
[2025-08-14T18:03:44.380+0000] {logging_mixin.py:188} INFO - [2025-08-14T18:03:44.380+0000] {dagbag.py:540} INFO - Filling up the DagBag from /home/airflow/.local/lib/python3.8/site-packages/airflow/example_dags/example_bash_operator.py
[2025-08-14T18:03:44.391+0000] {processor.py:840} INFO - DAG(s) 'example_bash_operator' retrieved from /home/airflow/.local/lib/python3.8/site-packages/airflow/example_dags/example_bash_operator.py
[2025-08-14T18:03:44.414+0000] {logging_mixin.py:188} INFO - [2025-08-14T18:03:44.414+0000] {dag.py:3047} INFO - Sync 1 DAGs
[2025-08-14T18:03:44.442+0000] {logging_mixin.py:188} INFO - [2025-08-14T18:03:44.442+0000] {dag.py:3834} INFO - Setting next_dagrun for example_bash_operator to 2025-08-13 00:00:00+00:00, run_after=2025-08-14 00:00:00+00:00
[2025-08-14T18:03:44.466+0000] {processor.py:183} INFO - Processing /home/airflow/.local/lib/python3.8/site-packages/airflow/example_dags/example_bash_operator.py took 0.094 seconds
[2025-08-14T18:04:15.096+0000] {processor.py:161} INFO - Started process (PID=3102) to work on /home/airflow/.local/lib/python3.8/site-packages/airflow/example_dags/example_bash_operator.py
[2025-08-14T18:04:15.097+0000] {processor.py:830} INFO - Processing file /home/airflow/.local/lib/python3.8/site-packages/airflow/example_dags/example_bash_operator.py for tasks to queue
[2025-08-14T18:04:15.098+0000] {logging_mixin.py:188} INFO - [2025-08-14T18:04:15.098+0000] {dagbag.py:540} INFO - Filling up the DagBag from /home/airflow/.local/lib/python3.8/site-packages/airflow/example_dags/example_bash_operator.py
[2025-08-14T18:04:15.105+0000] {processor.py:840} INFO - DAG(s) 'example_bash_operator' retrieved from /home/airflow/.local/lib/python3.8/site-packages/airflow/example_dags/example_bash_operator.py
[2025-08-14T18:04:15.129+0000] {logging_mixin.py:188} INFO - [2025-08-14T18:04:15.129+0000] {dag.py:3047} INFO - Sync 1 DAGs
[2025-08-14T18:04:15.145+0000] {logging_mixin.py:188} INFO - [2025-08-14T18:04:15.145+0000] {dag.py:3834} INFO - Setting next_dagrun for example_bash_operator to 2025-08-13 00:00:00+00:00, run_after=2025-08-14 00:00:00+00:00
[2025-08-14T18:04:15.155+0000] {processor.py:183} INFO - Processing /home/airflow/.local/lib/python3.8/site-packages/airflow/example_dags/example_bash_operator.py took 0.061 seconds
[2025-08-14T18:04:46.604+0000] {processor.py:161} INFO - Started process (PID=3156) to work on /home/airflow/.local/lib/python3.8/site-packages/airflow/example_dags/example_bash_operator.py
[2025-08-14T18:04:46.605+0000] {processor.py:830} INFO - Processing file /home/airflow/.local/lib/python3.8/site-packages/airflow/example_dags/example_bash_operator.py for tasks to queue
[2025-08-14T18:04:46.606+0000] {logging_mixin.py:188} INFO - [2025-08-14T18:04:46.606+0000] {dagbag.py:540} INFO - Filling up the DagBag from /home/airflow/.local/lib/python3.8/site-packages/airflow/example_dags/example_bash_operator.py
[2025-08-14T18:04:46.613+0000] {processor.py:840} INFO - DAG(s) 'example_bash_operator' retrieved from /home/airflow/.local/lib/python3.8/site-packages/airflow/example_dags/example_bash_operator.py
[2025-08-14T18:04:46.629+0000] {logging_mixin.py:188} INFO - [2025-08-14T18:04:46.629+0000] {dag.py:3047} INFO - Sync 1 DAGs
[2025-08-14T18:04:46.641+0000] {logging_mixin.py:188} INFO - [2025-08-14T18:04:46.641+0000] {dag.py:3834} INFO - Setting next_dagrun for example_bash_operator to 2025-08-13 00:00:00+00:00, run_after=2025-08-14 00:00:00+00:00
[2025-08-14T18:04:46.655+0000] {processor.py:183} INFO - Processing /home/airflow/.local/lib/python3.8/site-packages/airflow/example_dags/example_bash_operator.py took 0.053 seconds
[2025-08-14T18:05:17.433+0000] {processor.py:161} INFO - Started process (PID=3212) to work on /home/airflow/.local/lib/python3.8/site-packages/airflow/example_dags/example_bash_operator.py
[2025-08-14T18:05:17.435+0000] {processor.py:830} INFO - Processing file /home/airflow/.local/lib/python3.8/site-packages/airflow/example_dags/example_bash_operator.py for tasks to queue
[2025-08-14T18:05:17.436+0000] {logging_mixin.py:188} INFO - [2025-08-14T18:05:17.436+0000] {dagbag.py:540} INFO - Filling up the DagBag from /home/airflow/.local/lib/python3.8/site-packages/airflow/example_dags/example_bash_operator.py
[2025-08-14T18:05:17.443+0000] {processor.py:840} INFO - DAG(s) 'example_bash_operator' retrieved from /home/airflow/.local/lib/python3.8/site-packages/airflow/example_dags/example_bash_operator.py
[2025-08-14T18:05:17.464+0000] {logging_mixin.py:188} INFO - [2025-08-14T18:05:17.464+0000] {dag.py:3047} INFO - Sync 1 DAGs
[2025-08-14T18:05:17.477+0000] {logging_mixin.py:188} INFO - [2025-08-14T18:05:17.477+0000] {dag.py:3834} INFO - Setting next_dagrun for example_bash_operator to 2025-08-13 00:00:00+00:00, run_after=2025-08-14 00:00:00+00:00
[2025-08-14T18:05:17.489+0000] {processor.py:183} INFO - Processing /home/airflow/.local/lib/python3.8/site-packages/airflow/example_dags/example_bash_operator.py took 0.058 seconds
[2025-08-14T18:05:48.599+0000] {processor.py:161} INFO - Started process (PID=3268) to work on /home/airflow/.local/lib/python3.8/site-packages/airflow/example_dags/example_bash_operator.py
[2025-08-14T18:05:48.601+0000] {processor.py:830} INFO - Processing file /home/airflow/.local/lib/python3.8/site-packages/airflow/example_dags/example_bash_operator.py for tasks to queue
[2025-08-14T18:05:48.603+0000] {logging_mixin.py:188} INFO - [2025-08-14T18:05:48.603+0000] {dagbag.py:540} INFO - Filling up the DagBag from /home/airflow/.local/lib/python3.8/site-packages/airflow/example_dags/example_bash_operator.py
[2025-08-14T18:05:48.611+0000] {processor.py:840} INFO - DAG(s) 'example_bash_operator' retrieved from /home/airflow/.local/lib/python3.8/site-packages/airflow/example_dags/example_bash_operator.py
[2025-08-14T18:05:48.635+0000] {logging_mixin.py:188} INFO - [2025-08-14T18:05:48.635+0000] {dag.py:3047} INFO - Sync 1 DAGs
[2025-08-14T18:05:48.651+0000] {logging_mixin.py:188} INFO - [2025-08-14T18:05:48.650+0000] {dag.py:3834} INFO - Setting next_dagrun for example_bash_operator to 2025-08-13 00:00:00+00:00, run_after=2025-08-14 00:00:00+00:00
[2025-08-14T18:05:48.667+0000] {processor.py:183} INFO - Processing /home/airflow/.local/lib/python3.8/site-packages/airflow/example_dags/example_bash_operator.py took 0.070 seconds
