[2025-08-14T17:36:48.282+0000] {processor.py:161} INFO - Started process (PID=83) to work on /home/airflow/.local/lib/python3.8/site-packages/airflow/example_dags/example_branch_operator_decorator.py
[2025-08-14T17:36:48.284+0000] {processor.py:830} INFO - Processing file /home/airflow/.local/lib/python3.8/site-packages/airflow/example_dags/example_branch_operator_decorator.py for tasks to queue
[2025-08-14T17:36:48.288+0000] {logging_mixin.py:188} INFO - [2025-08-14T17:36:48.288+0000] {dagbag.py:540} INFO - Filling up the DagBag from /home/airflow/.local/lib/python3.8/site-packages/airflow/example_dags/example_branch_operator_decorator.py
[2025-08-14T17:36:48.384+0000] {processor.py:840} INFO - DAG(s) 'example_branch_python_operator_decorator' retrieved from /home/airflow/.local/lib/python3.8/site-packages/airflow/example_dags/example_branch_operator_decorator.py
[2025-08-14T17:36:48.447+0000] {logging_mixin.py:188} INFO - [2025-08-14T17:36:48.446+0000] {dag.py:3047} INFO - Sync 1 DAGs
[2025-08-14T17:36:48.510+0000] {logging_mixin.py:188} INFO - [2025-08-14T17:36:48.509+0000] {dag.py:3834} INFO - Setting next_dagrun for example_branch_python_operator_decorator to 2025-08-13 00:00:00+00:00, run_after=2025-08-14 00:00:00+00:00
[2025-08-14T17:36:48.561+0000] {processor.py:183} INFO - Processing /home/airflow/.local/lib/python3.8/site-packages/airflow/example_dags/example_branch_operator_decorator.py took 0.284 seconds
[2025-08-14T17:37:18.979+0000] {processor.py:161} INFO - Started process (PID=139) to work on /home/airflow/.local/lib/python3.8/site-packages/airflow/example_dags/example_branch_operator_decorator.py
[2025-08-14T17:37:18.980+0000] {processor.py:830} INFO - Processing file /home/airflow/.local/lib/python3.8/site-packages/airflow/example_dags/example_branch_operator_decorator.py for tasks to queue
[2025-08-14T17:37:18.983+0000] {logging_mixin.py:188} INFO - [2025-08-14T17:37:18.983+0000] {dagbag.py:540} INFO - Filling up the DagBag from /home/airflow/.local/lib/python3.8/site-packages/airflow/example_dags/example_branch_operator_decorator.py
[2025-08-14T17:37:19.001+0000] {processor.py:840} INFO - DAG(s) 'example_branch_python_operator_decorator' retrieved from /home/airflow/.local/lib/python3.8/site-packages/airflow/example_dags/example_branch_operator_decorator.py
[2025-08-14T17:37:19.068+0000] {logging_mixin.py:188} INFO - [2025-08-14T17:37:19.068+0000] {dag.py:3047} INFO - Sync 1 DAGs
[2025-08-14T17:37:19.083+0000] {logging_mixin.py:188} INFO - [2025-08-14T17:37:19.083+0000] {dag.py:3834} INFO - Setting next_dagrun for example_branch_python_operator_decorator to 2025-08-13 00:00:00+00:00, run_after=2025-08-14 00:00:00+00:00
[2025-08-14T17:37:19.107+0000] {processor.py:183} INFO - Processing /home/airflow/.local/lib/python3.8/site-packages/airflow/example_dags/example_branch_operator_decorator.py took 0.132 seconds
[2025-08-14T17:37:49.499+0000] {processor.py:161} INFO - Started process (PID=195) to work on /home/airflow/.local/lib/python3.8/site-packages/airflow/example_dags/example_branch_operator_decorator.py
[2025-08-14T17:37:49.500+0000] {processor.py:830} INFO - Processing file /home/airflow/.local/lib/python3.8/site-packages/airflow/example_dags/example_branch_operator_decorator.py for tasks to queue
[2025-08-14T17:37:49.501+0000] {logging_mixin.py:188} INFO - [2025-08-14T17:37:49.501+0000] {dagbag.py:540} INFO - Filling up the DagBag from /home/airflow/.local/lib/python3.8/site-packages/airflow/example_dags/example_branch_operator_decorator.py
[2025-08-14T17:37:49.519+0000] {processor.py:840} INFO - DAG(s) 'example_branch_python_operator_decorator' retrieved from /home/airflow/.local/lib/python3.8/site-packages/airflow/example_dags/example_branch_operator_decorator.py
[2025-08-14T17:37:49.547+0000] {logging_mixin.py:188} INFO - [2025-08-14T17:37:49.546+0000] {dag.py:3047} INFO - Sync 1 DAGs
[2025-08-14T17:37:49.565+0000] {logging_mixin.py:188} INFO - [2025-08-14T17:37:49.565+0000] {dag.py:3834} INFO - Setting next_dagrun for example_branch_python_operator_decorator to 2025-08-13 00:00:00+00:00, run_after=2025-08-14 00:00:00+00:00
[2025-08-14T17:37:49.579+0000] {processor.py:183} INFO - Processing /home/airflow/.local/lib/python3.8/site-packages/airflow/example_dags/example_branch_operator_decorator.py took 0.082 seconds
[2025-08-14T17:38:20.431+0000] {processor.py:161} INFO - Started process (PID=251) to work on /home/airflow/.local/lib/python3.8/site-packages/airflow/example_dags/example_branch_operator_decorator.py
[2025-08-14T17:38:20.433+0000] {processor.py:830} INFO - Processing file /home/airflow/.local/lib/python3.8/site-packages/airflow/example_dags/example_branch_operator_decorator.py for tasks to queue
[2025-08-14T17:38:20.434+0000] {logging_mixin.py:188} INFO - [2025-08-14T17:38:20.434+0000] {dagbag.py:540} INFO - Filling up the DagBag from /home/airflow/.local/lib/python3.8/site-packages/airflow/example_dags/example_branch_operator_decorator.py
[2025-08-14T17:38:20.448+0000] {processor.py:840} INFO - DAG(s) 'example_branch_python_operator_decorator' retrieved from /home/airflow/.local/lib/python3.8/site-packages/airflow/example_dags/example_branch_operator_decorator.py
[2025-08-14T17:38:20.468+0000] {logging_mixin.py:188} INFO - [2025-08-14T17:38:20.468+0000] {dag.py:3047} INFO - Sync 1 DAGs
[2025-08-14T17:38:20.482+0000] {logging_mixin.py:188} INFO - [2025-08-14T17:38:20.482+0000] {dag.py:3834} INFO - Setting next_dagrun for example_branch_python_operator_decorator to 2025-08-13 00:00:00+00:00, run_after=2025-08-14 00:00:00+00:00
[2025-08-14T17:38:20.496+0000] {processor.py:183} INFO - Processing /home/airflow/.local/lib/python3.8/site-packages/airflow/example_dags/example_branch_operator_decorator.py took 0.068 seconds
[2025-08-14T17:38:50.985+0000] {processor.py:161} INFO - Started process (PID=308) to work on /home/airflow/.local/lib/python3.8/site-packages/airflow/example_dags/example_branch_operator_decorator.py
[2025-08-14T17:38:50.986+0000] {processor.py:830} INFO - Processing file /home/airflow/.local/lib/python3.8/site-packages/airflow/example_dags/example_branch_operator_decorator.py for tasks to queue
[2025-08-14T17:38:50.988+0000] {logging_mixin.py:188} INFO - [2025-08-14T17:38:50.987+0000] {dagbag.py:540} INFO - Filling up the DagBag from /home/airflow/.local/lib/python3.8/site-packages/airflow/example_dags/example_branch_operator_decorator.py
[2025-08-14T17:38:51.002+0000] {processor.py:840} INFO - DAG(s) 'example_branch_python_operator_decorator' retrieved from /home/airflow/.local/lib/python3.8/site-packages/airflow/example_dags/example_branch_operator_decorator.py
[2025-08-14T17:38:51.025+0000] {logging_mixin.py:188} INFO - [2025-08-14T17:38:51.025+0000] {dag.py:3047} INFO - Sync 1 DAGs
[2025-08-14T17:38:51.038+0000] {logging_mixin.py:188} INFO - [2025-08-14T17:38:51.038+0000] {dag.py:3834} INFO - Setting next_dagrun for example_branch_python_operator_decorator to 2025-08-13 00:00:00+00:00, run_after=2025-08-14 00:00:00+00:00
[2025-08-14T17:38:51.052+0000] {processor.py:183} INFO - Processing /home/airflow/.local/lib/python3.8/site-packages/airflow/example_dags/example_branch_operator_decorator.py took 0.069 seconds
[2025-08-14T17:39:21.199+0000] {processor.py:161} INFO - Started process (PID=364) to work on /home/airflow/.local/lib/python3.8/site-packages/airflow/example_dags/example_branch_operator_decorator.py
[2025-08-14T17:39:21.200+0000] {processor.py:830} INFO - Processing file /home/airflow/.local/lib/python3.8/site-packages/airflow/example_dags/example_branch_operator_decorator.py for tasks to queue
[2025-08-14T17:39:21.202+0000] {logging_mixin.py:188} INFO - [2025-08-14T17:39:21.202+0000] {dagbag.py:540} INFO - Filling up the DagBag from /home/airflow/.local/lib/python3.8/site-packages/airflow/example_dags/example_branch_operator_decorator.py
[2025-08-14T17:39:21.221+0000] {processor.py:840} INFO - DAG(s) 'example_branch_python_operator_decorator' retrieved from /home/airflow/.local/lib/python3.8/site-packages/airflow/example_dags/example_branch_operator_decorator.py
[2025-08-14T17:39:21.254+0000] {logging_mixin.py:188} INFO - [2025-08-14T17:39:21.253+0000] {dag.py:3047} INFO - Sync 1 DAGs
[2025-08-14T17:39:21.296+0000] {logging_mixin.py:188} INFO - [2025-08-14T17:39:21.295+0000] {dag.py:3834} INFO - Setting next_dagrun for example_branch_python_operator_decorator to 2025-08-13 00:00:00+00:00, run_after=2025-08-14 00:00:00+00:00
[2025-08-14T17:39:21.317+0000] {processor.py:183} INFO - Processing /home/airflow/.local/lib/python3.8/site-packages/airflow/example_dags/example_branch_operator_decorator.py took 0.121 seconds
[2025-08-14T17:39:52.278+0000] {processor.py:161} INFO - Started process (PID=420) to work on /home/airflow/.local/lib/python3.8/site-packages/airflow/example_dags/example_branch_operator_decorator.py
[2025-08-14T17:39:52.282+0000] {processor.py:830} INFO - Processing file /home/airflow/.local/lib/python3.8/site-packages/airflow/example_dags/example_branch_operator_decorator.py for tasks to queue
[2025-08-14T17:39:52.284+0000] {logging_mixin.py:188} INFO - [2025-08-14T17:39:52.284+0000] {dagbag.py:540} INFO - Filling up the DagBag from /home/airflow/.local/lib/python3.8/site-packages/airflow/example_dags/example_branch_operator_decorator.py
[2025-08-14T17:39:52.303+0000] {processor.py:840} INFO - DAG(s) 'example_branch_python_operator_decorator' retrieved from /home/airflow/.local/lib/python3.8/site-packages/airflow/example_dags/example_branch_operator_decorator.py
[2025-08-14T17:39:52.319+0000] {logging_mixin.py:188} INFO - [2025-08-14T17:39:52.318+0000] {dag.py:3047} INFO - Sync 1 DAGs
[2025-08-14T17:39:52.332+0000] {logging_mixin.py:188} INFO - [2025-08-14T17:39:52.332+0000] {dag.py:3834} INFO - Setting next_dagrun for example_branch_python_operator_decorator to 2025-08-13 00:00:00+00:00, run_after=2025-08-14 00:00:00+00:00
[2025-08-14T17:39:52.354+0000] {processor.py:183} INFO - Processing /home/airflow/.local/lib/python3.8/site-packages/airflow/example_dags/example_branch_operator_decorator.py took 0.078 seconds
[2025-08-14T17:40:22.791+0000] {processor.py:161} INFO - Started process (PID=476) to work on /home/airflow/.local/lib/python3.8/site-packages/airflow/example_dags/example_branch_operator_decorator.py
[2025-08-14T17:40:22.792+0000] {processor.py:830} INFO - Processing file /home/airflow/.local/lib/python3.8/site-packages/airflow/example_dags/example_branch_operator_decorator.py for tasks to queue
[2025-08-14T17:40:22.794+0000] {logging_mixin.py:188} INFO - [2025-08-14T17:40:22.793+0000] {dagbag.py:540} INFO - Filling up the DagBag from /home/airflow/.local/lib/python3.8/site-packages/airflow/example_dags/example_branch_operator_decorator.py
[2025-08-14T17:40:22.809+0000] {processor.py:840} INFO - DAG(s) 'example_branch_python_operator_decorator' retrieved from /home/airflow/.local/lib/python3.8/site-packages/airflow/example_dags/example_branch_operator_decorator.py
[2025-08-14T17:40:22.833+0000] {logging_mixin.py:188} INFO - [2025-08-14T17:40:22.833+0000] {dag.py:3047} INFO - Sync 1 DAGs
[2025-08-14T17:40:22.852+0000] {logging_mixin.py:188} INFO - [2025-08-14T17:40:22.852+0000] {dag.py:3834} INFO - Setting next_dagrun for example_branch_python_operator_decorator to 2025-08-13 00:00:00+00:00, run_after=2025-08-14 00:00:00+00:00
[2025-08-14T17:40:22.867+0000] {processor.py:183} INFO - Processing /home/airflow/.local/lib/python3.8/site-packages/airflow/example_dags/example_branch_operator_decorator.py took 0.078 seconds
[2025-08-14T17:40:53.565+0000] {processor.py:161} INFO - Started process (PID=532) to work on /home/airflow/.local/lib/python3.8/site-packages/airflow/example_dags/example_branch_operator_decorator.py
[2025-08-14T17:40:53.566+0000] {processor.py:830} INFO - Processing file /home/airflow/.local/lib/python3.8/site-packages/airflow/example_dags/example_branch_operator_decorator.py for tasks to queue
[2025-08-14T17:40:53.567+0000] {logging_mixin.py:188} INFO - [2025-08-14T17:40:53.567+0000] {dagbag.py:540} INFO - Filling up the DagBag from /home/airflow/.local/lib/python3.8/site-packages/airflow/example_dags/example_branch_operator_decorator.py
[2025-08-14T17:40:53.583+0000] {processor.py:840} INFO - DAG(s) 'example_branch_python_operator_decorator' retrieved from /home/airflow/.local/lib/python3.8/site-packages/airflow/example_dags/example_branch_operator_decorator.py
[2025-08-14T17:40:53.604+0000] {logging_mixin.py:188} INFO - [2025-08-14T17:40:53.604+0000] {dag.py:3047} INFO - Sync 1 DAGs
[2025-08-14T17:40:53.620+0000] {logging_mixin.py:188} INFO - [2025-08-14T17:40:53.620+0000] {dag.py:3834} INFO - Setting next_dagrun for example_branch_python_operator_decorator to 2025-08-13 00:00:00+00:00, run_after=2025-08-14 00:00:00+00:00
[2025-08-14T17:40:53.637+0000] {processor.py:183} INFO - Processing /home/airflow/.local/lib/python3.8/site-packages/airflow/example_dags/example_branch_operator_decorator.py took 0.073 seconds
[2025-08-14T17:41:23.854+0000] {processor.py:161} INFO - Started process (PID=588) to work on /home/airflow/.local/lib/python3.8/site-packages/airflow/example_dags/example_branch_operator_decorator.py
[2025-08-14T17:41:23.855+0000] {processor.py:830} INFO - Processing file /home/airflow/.local/lib/python3.8/site-packages/airflow/example_dags/example_branch_operator_decorator.py for tasks to queue
[2025-08-14T17:41:23.856+0000] {logging_mixin.py:188} INFO - [2025-08-14T17:41:23.856+0000] {dagbag.py:540} INFO - Filling up the DagBag from /home/airflow/.local/lib/python3.8/site-packages/airflow/example_dags/example_branch_operator_decorator.py
[2025-08-14T17:41:23.870+0000] {processor.py:840} INFO - DAG(s) 'example_branch_python_operator_decorator' retrieved from /home/airflow/.local/lib/python3.8/site-packages/airflow/example_dags/example_branch_operator_decorator.py
[2025-08-14T17:41:23.894+0000] {logging_mixin.py:188} INFO - [2025-08-14T17:41:23.894+0000] {dag.py:3047} INFO - Sync 1 DAGs
[2025-08-14T17:41:23.910+0000] {logging_mixin.py:188} INFO - [2025-08-14T17:41:23.910+0000] {dag.py:3834} INFO - Setting next_dagrun for example_branch_python_operator_decorator to 2025-08-13 00:00:00+00:00, run_after=2025-08-14 00:00:00+00:00
[2025-08-14T17:41:23.925+0000] {processor.py:183} INFO - Processing /home/airflow/.local/lib/python3.8/site-packages/airflow/example_dags/example_branch_operator_decorator.py took 0.073 seconds
[2025-08-14T17:41:54.546+0000] {processor.py:161} INFO - Started process (PID=644) to work on /home/airflow/.local/lib/python3.8/site-packages/airflow/example_dags/example_branch_operator_decorator.py
[2025-08-14T17:41:54.547+0000] {processor.py:830} INFO - Processing file /home/airflow/.local/lib/python3.8/site-packages/airflow/example_dags/example_branch_operator_decorator.py for tasks to queue
[2025-08-14T17:41:54.548+0000] {logging_mixin.py:188} INFO - [2025-08-14T17:41:54.548+0000] {dagbag.py:540} INFO - Filling up the DagBag from /home/airflow/.local/lib/python3.8/site-packages/airflow/example_dags/example_branch_operator_decorator.py
[2025-08-14T17:41:54.566+0000] {processor.py:840} INFO - DAG(s) 'example_branch_python_operator_decorator' retrieved from /home/airflow/.local/lib/python3.8/site-packages/airflow/example_dags/example_branch_operator_decorator.py
[2025-08-14T17:41:54.593+0000] {logging_mixin.py:188} INFO - [2025-08-14T17:41:54.592+0000] {dag.py:3047} INFO - Sync 1 DAGs
[2025-08-14T17:41:54.606+0000] {logging_mixin.py:188} INFO - [2025-08-14T17:41:54.606+0000] {dag.py:3834} INFO - Setting next_dagrun for example_branch_python_operator_decorator to 2025-08-13 00:00:00+00:00, run_after=2025-08-14 00:00:00+00:00
[2025-08-14T17:41:54.619+0000] {processor.py:183} INFO - Processing /home/airflow/.local/lib/python3.8/site-packages/airflow/example_dags/example_branch_operator_decorator.py took 0.076 seconds
[2025-08-14T17:42:25.285+0000] {processor.py:161} INFO - Started process (PID=700) to work on /home/airflow/.local/lib/python3.8/site-packages/airflow/example_dags/example_branch_operator_decorator.py
[2025-08-14T17:42:25.286+0000] {processor.py:830} INFO - Processing file /home/airflow/.local/lib/python3.8/site-packages/airflow/example_dags/example_branch_operator_decorator.py for tasks to queue
[2025-08-14T17:42:25.288+0000] {logging_mixin.py:188} INFO - [2025-08-14T17:42:25.288+0000] {dagbag.py:540} INFO - Filling up the DagBag from /home/airflow/.local/lib/python3.8/site-packages/airflow/example_dags/example_branch_operator_decorator.py
[2025-08-14T17:42:25.317+0000] {processor.py:840} INFO - DAG(s) 'example_branch_python_operator_decorator' retrieved from /home/airflow/.local/lib/python3.8/site-packages/airflow/example_dags/example_branch_operator_decorator.py
[2025-08-14T17:42:25.349+0000] {logging_mixin.py:188} INFO - [2025-08-14T17:42:25.349+0000] {dag.py:3047} INFO - Sync 1 DAGs
[2025-08-14T17:42:25.371+0000] {logging_mixin.py:188} INFO - [2025-08-14T17:42:25.371+0000] {dag.py:3834} INFO - Setting next_dagrun for example_branch_python_operator_decorator to 2025-08-13 00:00:00+00:00, run_after=2025-08-14 00:00:00+00:00
[2025-08-14T17:42:25.385+0000] {processor.py:183} INFO - Processing /home/airflow/.local/lib/python3.8/site-packages/airflow/example_dags/example_branch_operator_decorator.py took 0.107 seconds
[2025-08-14T17:42:55.533+0000] {processor.py:161} INFO - Started process (PID=756) to work on /home/airflow/.local/lib/python3.8/site-packages/airflow/example_dags/example_branch_operator_decorator.py
[2025-08-14T17:42:55.535+0000] {processor.py:830} INFO - Processing file /home/airflow/.local/lib/python3.8/site-packages/airflow/example_dags/example_branch_operator_decorator.py for tasks to queue
[2025-08-14T17:42:55.537+0000] {logging_mixin.py:188} INFO - [2025-08-14T17:42:55.537+0000] {dagbag.py:540} INFO - Filling up the DagBag from /home/airflow/.local/lib/python3.8/site-packages/airflow/example_dags/example_branch_operator_decorator.py
[2025-08-14T17:42:55.554+0000] {processor.py:840} INFO - DAG(s) 'example_branch_python_operator_decorator' retrieved from /home/airflow/.local/lib/python3.8/site-packages/airflow/example_dags/example_branch_operator_decorator.py
[2025-08-14T17:42:55.574+0000] {logging_mixin.py:188} INFO - [2025-08-14T17:42:55.574+0000] {dag.py:3047} INFO - Sync 1 DAGs
[2025-08-14T17:42:55.589+0000] {logging_mixin.py:188} INFO - [2025-08-14T17:42:55.589+0000] {dag.py:3834} INFO - Setting next_dagrun for example_branch_python_operator_decorator to 2025-08-13 00:00:00+00:00, run_after=2025-08-14 00:00:00+00:00
[2025-08-14T17:42:55.601+0000] {processor.py:183} INFO - Processing /home/airflow/.local/lib/python3.8/site-packages/airflow/example_dags/example_branch_operator_decorator.py took 0.072 seconds
[2025-08-14T17:43:26.187+0000] {processor.py:161} INFO - Started process (PID=812) to work on /home/airflow/.local/lib/python3.8/site-packages/airflow/example_dags/example_branch_operator_decorator.py
[2025-08-14T17:43:26.198+0000] {processor.py:830} INFO - Processing file /home/airflow/.local/lib/python3.8/site-packages/airflow/example_dags/example_branch_operator_decorator.py for tasks to queue
[2025-08-14T17:43:26.201+0000] {logging_mixin.py:188} INFO - [2025-08-14T17:43:26.201+0000] {dagbag.py:540} INFO - Filling up the DagBag from /home/airflow/.local/lib/python3.8/site-packages/airflow/example_dags/example_branch_operator_decorator.py
[2025-08-14T17:43:26.217+0000] {processor.py:840} INFO - DAG(s) 'example_branch_python_operator_decorator' retrieved from /home/airflow/.local/lib/python3.8/site-packages/airflow/example_dags/example_branch_operator_decorator.py
[2025-08-14T17:43:26.245+0000] {logging_mixin.py:188} INFO - [2025-08-14T17:43:26.245+0000] {dag.py:3047} INFO - Sync 1 DAGs
[2025-08-14T17:43:26.261+0000] {logging_mixin.py:188} INFO - [2025-08-14T17:43:26.261+0000] {dag.py:3834} INFO - Setting next_dagrun for example_branch_python_operator_decorator to 2025-08-13 00:00:00+00:00, run_after=2025-08-14 00:00:00+00:00
[2025-08-14T17:43:26.274+0000] {processor.py:183} INFO - Processing /home/airflow/.local/lib/python3.8/site-packages/airflow/example_dags/example_branch_operator_decorator.py took 0.090 seconds
[2025-08-14T17:43:56.477+0000] {processor.py:161} INFO - Started process (PID=868) to work on /home/airflow/.local/lib/python3.8/site-packages/airflow/example_dags/example_branch_operator_decorator.py
[2025-08-14T17:43:56.481+0000] {processor.py:830} INFO - Processing file /home/airflow/.local/lib/python3.8/site-packages/airflow/example_dags/example_branch_operator_decorator.py for tasks to queue
[2025-08-14T17:43:56.483+0000] {logging_mixin.py:188} INFO - [2025-08-14T17:43:56.483+0000] {dagbag.py:540} INFO - Filling up the DagBag from /home/airflow/.local/lib/python3.8/site-packages/airflow/example_dags/example_branch_operator_decorator.py
[2025-08-14T17:43:56.500+0000] {processor.py:840} INFO - DAG(s) 'example_branch_python_operator_decorator' retrieved from /home/airflow/.local/lib/python3.8/site-packages/airflow/example_dags/example_branch_operator_decorator.py
[2025-08-14T17:43:56.520+0000] {logging_mixin.py:188} INFO - [2025-08-14T17:43:56.520+0000] {dag.py:3047} INFO - Sync 1 DAGs
[2025-08-14T17:43:56.534+0000] {logging_mixin.py:188} INFO - [2025-08-14T17:43:56.534+0000] {dag.py:3834} INFO - Setting next_dagrun for example_branch_python_operator_decorator to 2025-08-13 00:00:00+00:00, run_after=2025-08-14 00:00:00+00:00
[2025-08-14T17:43:56.547+0000] {processor.py:183} INFO - Processing /home/airflow/.local/lib/python3.8/site-packages/airflow/example_dags/example_branch_operator_decorator.py took 0.073 seconds
[2025-08-14T17:44:26.710+0000] {processor.py:161} INFO - Started process (PID=924) to work on /home/airflow/.local/lib/python3.8/site-packages/airflow/example_dags/example_branch_operator_decorator.py
[2025-08-14T17:44:26.713+0000] {processor.py:830} INFO - Processing file /home/airflow/.local/lib/python3.8/site-packages/airflow/example_dags/example_branch_operator_decorator.py for tasks to queue
[2025-08-14T17:44:26.719+0000] {logging_mixin.py:188} INFO - [2025-08-14T17:44:26.718+0000] {dagbag.py:540} INFO - Filling up the DagBag from /home/airflow/.local/lib/python3.8/site-packages/airflow/example_dags/example_branch_operator_decorator.py
[2025-08-14T17:44:26.748+0000] {processor.py:840} INFO - DAG(s) 'example_branch_python_operator_decorator' retrieved from /home/airflow/.local/lib/python3.8/site-packages/airflow/example_dags/example_branch_operator_decorator.py
[2025-08-14T17:44:26.767+0000] {logging_mixin.py:188} INFO - [2025-08-14T17:44:26.767+0000] {dag.py:3047} INFO - Sync 1 DAGs
[2025-08-14T17:44:26.817+0000] {logging_mixin.py:188} INFO - [2025-08-14T17:44:26.817+0000] {dag.py:3834} INFO - Setting next_dagrun for example_branch_python_operator_decorator to 2025-08-13 00:00:00+00:00, run_after=2025-08-14 00:00:00+00:00
[2025-08-14T17:44:26.834+0000] {processor.py:183} INFO - Processing /home/airflow/.local/lib/python3.8/site-packages/airflow/example_dags/example_branch_operator_decorator.py took 0.136 seconds
[2025-08-14T17:44:57.033+0000] {processor.py:161} INFO - Started process (PID=980) to work on /home/airflow/.local/lib/python3.8/site-packages/airflow/example_dags/example_branch_operator_decorator.py
[2025-08-14T17:44:57.033+0000] {processor.py:830} INFO - Processing file /home/airflow/.local/lib/python3.8/site-packages/airflow/example_dags/example_branch_operator_decorator.py for tasks to queue
[2025-08-14T17:44:57.035+0000] {logging_mixin.py:188} INFO - [2025-08-14T17:44:57.034+0000] {dagbag.py:540} INFO - Filling up the DagBag from /home/airflow/.local/lib/python3.8/site-packages/airflow/example_dags/example_branch_operator_decorator.py
[2025-08-14T17:44:57.051+0000] {processor.py:840} INFO - DAG(s) 'example_branch_python_operator_decorator' retrieved from /home/airflow/.local/lib/python3.8/site-packages/airflow/example_dags/example_branch_operator_decorator.py
[2025-08-14T17:44:57.066+0000] {logging_mixin.py:188} INFO - [2025-08-14T17:44:57.066+0000] {dag.py:3047} INFO - Sync 1 DAGs
[2025-08-14T17:44:57.077+0000] {logging_mixin.py:188} INFO - [2025-08-14T17:44:57.077+0000] {dag.py:3834} INFO - Setting next_dagrun for example_branch_python_operator_decorator to 2025-08-13 00:00:00+00:00, run_after=2025-08-14 00:00:00+00:00
[2025-08-14T17:44:57.086+0000] {processor.py:183} INFO - Processing /home/airflow/.local/lib/python3.8/site-packages/airflow/example_dags/example_branch_operator_decorator.py took 0.056 seconds
[2025-08-14T17:45:27.334+0000] {processor.py:161} INFO - Started process (PID=1036) to work on /home/airflow/.local/lib/python3.8/site-packages/airflow/example_dags/example_branch_operator_decorator.py
[2025-08-14T17:45:27.336+0000] {processor.py:830} INFO - Processing file /home/airflow/.local/lib/python3.8/site-packages/airflow/example_dags/example_branch_operator_decorator.py for tasks to queue
[2025-08-14T17:45:27.339+0000] {logging_mixin.py:188} INFO - [2025-08-14T17:45:27.339+0000] {dagbag.py:540} INFO - Filling up the DagBag from /home/airflow/.local/lib/python3.8/site-packages/airflow/example_dags/example_branch_operator_decorator.py
[2025-08-14T17:45:27.354+0000] {processor.py:840} INFO - DAG(s) 'example_branch_python_operator_decorator' retrieved from /home/airflow/.local/lib/python3.8/site-packages/airflow/example_dags/example_branch_operator_decorator.py
[2025-08-14T17:45:27.385+0000] {logging_mixin.py:188} INFO - [2025-08-14T17:45:27.385+0000] {dag.py:3047} INFO - Sync 1 DAGs
[2025-08-14T17:45:27.400+0000] {logging_mixin.py:188} INFO - [2025-08-14T17:45:27.400+0000] {dag.py:3834} INFO - Setting next_dagrun for example_branch_python_operator_decorator to 2025-08-13 00:00:00+00:00, run_after=2025-08-14 00:00:00+00:00
[2025-08-14T17:45:27.412+0000] {processor.py:183} INFO - Processing /home/airflow/.local/lib/python3.8/site-packages/airflow/example_dags/example_branch_operator_decorator.py took 0.080 seconds
[2025-08-14T17:45:57.967+0000] {processor.py:161} INFO - Started process (PID=1092) to work on /home/airflow/.local/lib/python3.8/site-packages/airflow/example_dags/example_branch_operator_decorator.py
[2025-08-14T17:45:57.968+0000] {processor.py:830} INFO - Processing file /home/airflow/.local/lib/python3.8/site-packages/airflow/example_dags/example_branch_operator_decorator.py for tasks to queue
[2025-08-14T17:45:57.969+0000] {logging_mixin.py:188} INFO - [2025-08-14T17:45:57.969+0000] {dagbag.py:540} INFO - Filling up the DagBag from /home/airflow/.local/lib/python3.8/site-packages/airflow/example_dags/example_branch_operator_decorator.py
[2025-08-14T17:45:57.982+0000] {processor.py:840} INFO - DAG(s) 'example_branch_python_operator_decorator' retrieved from /home/airflow/.local/lib/python3.8/site-packages/airflow/example_dags/example_branch_operator_decorator.py
[2025-08-14T17:45:58.014+0000] {logging_mixin.py:188} INFO - [2025-08-14T17:45:58.014+0000] {dag.py:3047} INFO - Sync 1 DAGs
[2025-08-14T17:45:58.032+0000] {logging_mixin.py:188} INFO - [2025-08-14T17:45:58.031+0000] {dag.py:3834} INFO - Setting next_dagrun for example_branch_python_operator_decorator to 2025-08-13 00:00:00+00:00, run_after=2025-08-14 00:00:00+00:00
[2025-08-14T17:45:58.046+0000] {processor.py:183} INFO - Processing /home/airflow/.local/lib/python3.8/site-packages/airflow/example_dags/example_branch_operator_decorator.py took 0.081 seconds
[2025-08-14T17:46:28.250+0000] {processor.py:161} INFO - Started process (PID=1148) to work on /home/airflow/.local/lib/python3.8/site-packages/airflow/example_dags/example_branch_operator_decorator.py
[2025-08-14T17:46:28.251+0000] {processor.py:830} INFO - Processing file /home/airflow/.local/lib/python3.8/site-packages/airflow/example_dags/example_branch_operator_decorator.py for tasks to queue
[2025-08-14T17:46:28.252+0000] {logging_mixin.py:188} INFO - [2025-08-14T17:46:28.251+0000] {dagbag.py:540} INFO - Filling up the DagBag from /home/airflow/.local/lib/python3.8/site-packages/airflow/example_dags/example_branch_operator_decorator.py
[2025-08-14T17:46:28.265+0000] {processor.py:840} INFO - DAG(s) 'example_branch_python_operator_decorator' retrieved from /home/airflow/.local/lib/python3.8/site-packages/airflow/example_dags/example_branch_operator_decorator.py
[2025-08-14T17:46:28.284+0000] {logging_mixin.py:188} INFO - [2025-08-14T17:46:28.283+0000] {dag.py:3047} INFO - Sync 1 DAGs
[2025-08-14T17:46:28.317+0000] {logging_mixin.py:188} INFO - [2025-08-14T17:46:28.316+0000] {dag.py:3834} INFO - Setting next_dagrun for example_branch_python_operator_decorator to 2025-08-13 00:00:00+00:00, run_after=2025-08-14 00:00:00+00:00
[2025-08-14T17:46:28.333+0000] {processor.py:183} INFO - Processing /home/airflow/.local/lib/python3.8/site-packages/airflow/example_dags/example_branch_operator_decorator.py took 0.085 seconds
[2025-08-14T17:46:59.354+0000] {processor.py:161} INFO - Started process (PID=1204) to work on /home/airflow/.local/lib/python3.8/site-packages/airflow/example_dags/example_branch_operator_decorator.py
[2025-08-14T17:46:59.358+0000] {processor.py:830} INFO - Processing file /home/airflow/.local/lib/python3.8/site-packages/airflow/example_dags/example_branch_operator_decorator.py for tasks to queue
[2025-08-14T17:46:59.360+0000] {logging_mixin.py:188} INFO - [2025-08-14T17:46:59.359+0000] {dagbag.py:540} INFO - Filling up the DagBag from /home/airflow/.local/lib/python3.8/site-packages/airflow/example_dags/example_branch_operator_decorator.py
[2025-08-14T17:46:59.381+0000] {processor.py:840} INFO - DAG(s) 'example_branch_python_operator_decorator' retrieved from /home/airflow/.local/lib/python3.8/site-packages/airflow/example_dags/example_branch_operator_decorator.py
[2025-08-14T17:46:59.419+0000] {logging_mixin.py:188} INFO - [2025-08-14T17:46:59.419+0000] {dag.py:3047} INFO - Sync 1 DAGs
[2025-08-14T17:46:59.446+0000] {logging_mixin.py:188} INFO - [2025-08-14T17:46:59.446+0000] {dag.py:3834} INFO - Setting next_dagrun for example_branch_python_operator_decorator to 2025-08-13 00:00:00+00:00, run_after=2025-08-14 00:00:00+00:00
[2025-08-14T17:46:59.467+0000] {processor.py:183} INFO - Processing /home/airflow/.local/lib/python3.8/site-packages/airflow/example_dags/example_branch_operator_decorator.py took 0.119 seconds
[2025-08-14T17:47:30.143+0000] {processor.py:161} INFO - Started process (PID=1260) to work on /home/airflow/.local/lib/python3.8/site-packages/airflow/example_dags/example_branch_operator_decorator.py
[2025-08-14T17:47:30.144+0000] {processor.py:830} INFO - Processing file /home/airflow/.local/lib/python3.8/site-packages/airflow/example_dags/example_branch_operator_decorator.py for tasks to queue
[2025-08-14T17:47:30.145+0000] {logging_mixin.py:188} INFO - [2025-08-14T17:47:30.145+0000] {dagbag.py:540} INFO - Filling up the DagBag from /home/airflow/.local/lib/python3.8/site-packages/airflow/example_dags/example_branch_operator_decorator.py
[2025-08-14T17:47:30.160+0000] {processor.py:840} INFO - DAG(s) 'example_branch_python_operator_decorator' retrieved from /home/airflow/.local/lib/python3.8/site-packages/airflow/example_dags/example_branch_operator_decorator.py
[2025-08-14T17:47:30.185+0000] {logging_mixin.py:188} INFO - [2025-08-14T17:47:30.185+0000] {dag.py:3047} INFO - Sync 1 DAGs
[2025-08-14T17:47:30.200+0000] {logging_mixin.py:188} INFO - [2025-08-14T17:47:30.200+0000] {dag.py:3834} INFO - Setting next_dagrun for example_branch_python_operator_decorator to 2025-08-13 00:00:00+00:00, run_after=2025-08-14 00:00:00+00:00
[2025-08-14T17:47:30.214+0000] {processor.py:183} INFO - Processing /home/airflow/.local/lib/python3.8/site-packages/airflow/example_dags/example_branch_operator_decorator.py took 0.073 seconds
[2025-08-14T17:48:00.470+0000] {processor.py:161} INFO - Started process (PID=1316) to work on /home/airflow/.local/lib/python3.8/site-packages/airflow/example_dags/example_branch_operator_decorator.py
[2025-08-14T17:48:00.472+0000] {processor.py:830} INFO - Processing file /home/airflow/.local/lib/python3.8/site-packages/airflow/example_dags/example_branch_operator_decorator.py for tasks to queue
[2025-08-14T17:48:00.474+0000] {logging_mixin.py:188} INFO - [2025-08-14T17:48:00.473+0000] {dagbag.py:540} INFO - Filling up the DagBag from /home/airflow/.local/lib/python3.8/site-packages/airflow/example_dags/example_branch_operator_decorator.py
[2025-08-14T17:48:00.485+0000] {processor.py:840} INFO - DAG(s) 'example_branch_python_operator_decorator' retrieved from /home/airflow/.local/lib/python3.8/site-packages/airflow/example_dags/example_branch_operator_decorator.py
[2025-08-14T17:48:00.504+0000] {logging_mixin.py:188} INFO - [2025-08-14T17:48:00.503+0000] {dag.py:3047} INFO - Sync 1 DAGs
[2025-08-14T17:48:00.521+0000] {logging_mixin.py:188} INFO - [2025-08-14T17:48:00.521+0000] {dag.py:3834} INFO - Setting next_dagrun for example_branch_python_operator_decorator to 2025-08-13 00:00:00+00:00, run_after=2025-08-14 00:00:00+00:00
[2025-08-14T17:48:00.538+0000] {processor.py:183} INFO - Processing /home/airflow/.local/lib/python3.8/site-packages/airflow/example_dags/example_branch_operator_decorator.py took 0.069 seconds
[2025-08-14T17:48:30.845+0000] {processor.py:161} INFO - Started process (PID=1372) to work on /home/airflow/.local/lib/python3.8/site-packages/airflow/example_dags/example_branch_operator_decorator.py
[2025-08-14T17:48:30.846+0000] {processor.py:830} INFO - Processing file /home/airflow/.local/lib/python3.8/site-packages/airflow/example_dags/example_branch_operator_decorator.py for tasks to queue
[2025-08-14T17:48:30.847+0000] {logging_mixin.py:188} INFO - [2025-08-14T17:48:30.847+0000] {dagbag.py:540} INFO - Filling up the DagBag from /home/airflow/.local/lib/python3.8/site-packages/airflow/example_dags/example_branch_operator_decorator.py
[2025-08-14T17:48:30.860+0000] {processor.py:840} INFO - DAG(s) 'example_branch_python_operator_decorator' retrieved from /home/airflow/.local/lib/python3.8/site-packages/airflow/example_dags/example_branch_operator_decorator.py
[2025-08-14T17:48:30.877+0000] {logging_mixin.py:188} INFO - [2025-08-14T17:48:30.877+0000] {dag.py:3047} INFO - Sync 1 DAGs
[2025-08-14T17:48:30.891+0000] {logging_mixin.py:188} INFO - [2025-08-14T17:48:30.891+0000] {dag.py:3834} INFO - Setting next_dagrun for example_branch_python_operator_decorator to 2025-08-13 00:00:00+00:00, run_after=2025-08-14 00:00:00+00:00
[2025-08-14T17:48:30.909+0000] {processor.py:183} INFO - Processing /home/airflow/.local/lib/python3.8/site-packages/airflow/example_dags/example_branch_operator_decorator.py took 0.065 seconds
[2025-08-14T17:49:01.536+0000] {processor.py:161} INFO - Started process (PID=1428) to work on /home/airflow/.local/lib/python3.8/site-packages/airflow/example_dags/example_branch_operator_decorator.py
[2025-08-14T17:49:01.537+0000] {processor.py:830} INFO - Processing file /home/airflow/.local/lib/python3.8/site-packages/airflow/example_dags/example_branch_operator_decorator.py for tasks to queue
[2025-08-14T17:49:01.540+0000] {logging_mixin.py:188} INFO - [2025-08-14T17:49:01.539+0000] {dagbag.py:540} INFO - Filling up the DagBag from /home/airflow/.local/lib/python3.8/site-packages/airflow/example_dags/example_branch_operator_decorator.py
[2025-08-14T17:49:01.574+0000] {processor.py:840} INFO - DAG(s) 'example_branch_python_operator_decorator' retrieved from /home/airflow/.local/lib/python3.8/site-packages/airflow/example_dags/example_branch_operator_decorator.py
[2025-08-14T17:49:01.597+0000] {logging_mixin.py:188} INFO - [2025-08-14T17:49:01.597+0000] {dag.py:3047} INFO - Sync 1 DAGs
[2025-08-14T17:49:01.612+0000] {logging_mixin.py:188} INFO - [2025-08-14T17:49:01.612+0000] {dag.py:3834} INFO - Setting next_dagrun for example_branch_python_operator_decorator to 2025-08-13 00:00:00+00:00, run_after=2025-08-14 00:00:00+00:00
[2025-08-14T17:49:01.625+0000] {processor.py:183} INFO - Processing /home/airflow/.local/lib/python3.8/site-packages/airflow/example_dags/example_branch_operator_decorator.py took 0.093 seconds
[2025-08-14T17:49:31.686+0000] {processor.py:161} INFO - Started process (PID=1484) to work on /home/airflow/.local/lib/python3.8/site-packages/airflow/example_dags/example_branch_operator_decorator.py
[2025-08-14T17:49:31.687+0000] {processor.py:830} INFO - Processing file /home/airflow/.local/lib/python3.8/site-packages/airflow/example_dags/example_branch_operator_decorator.py for tasks to queue
[2025-08-14T17:49:31.690+0000] {logging_mixin.py:188} INFO - [2025-08-14T17:49:31.689+0000] {dagbag.py:540} INFO - Filling up the DagBag from /home/airflow/.local/lib/python3.8/site-packages/airflow/example_dags/example_branch_operator_decorator.py
[2025-08-14T17:49:31.712+0000] {processor.py:840} INFO - DAG(s) 'example_branch_python_operator_decorator' retrieved from /home/airflow/.local/lib/python3.8/site-packages/airflow/example_dags/example_branch_operator_decorator.py
[2025-08-14T17:49:31.739+0000] {logging_mixin.py:188} INFO - [2025-08-14T17:49:31.738+0000] {dag.py:3047} INFO - Sync 1 DAGs
[2025-08-14T17:49:31.756+0000] {logging_mixin.py:188} INFO - [2025-08-14T17:49:31.756+0000] {dag.py:3834} INFO - Setting next_dagrun for example_branch_python_operator_decorator to 2025-08-13 00:00:00+00:00, run_after=2025-08-14 00:00:00+00:00
[2025-08-14T17:49:31.773+0000] {processor.py:183} INFO - Processing /home/airflow/.local/lib/python3.8/site-packages/airflow/example_dags/example_branch_operator_decorator.py took 0.090 seconds
[2025-08-14T17:50:02.295+0000] {processor.py:161} INFO - Started process (PID=1540) to work on /home/airflow/.local/lib/python3.8/site-packages/airflow/example_dags/example_branch_operator_decorator.py
[2025-08-14T17:50:02.298+0000] {processor.py:830} INFO - Processing file /home/airflow/.local/lib/python3.8/site-packages/airflow/example_dags/example_branch_operator_decorator.py for tasks to queue
[2025-08-14T17:50:02.300+0000] {logging_mixin.py:188} INFO - [2025-08-14T17:50:02.299+0000] {dagbag.py:540} INFO - Filling up the DagBag from /home/airflow/.local/lib/python3.8/site-packages/airflow/example_dags/example_branch_operator_decorator.py
[2025-08-14T17:50:02.343+0000] {processor.py:840} INFO - DAG(s) 'example_branch_python_operator_decorator' retrieved from /home/airflow/.local/lib/python3.8/site-packages/airflow/example_dags/example_branch_operator_decorator.py
[2025-08-14T17:50:02.471+0000] {logging_mixin.py:188} INFO - [2025-08-14T17:50:02.470+0000] {dag.py:3047} INFO - Sync 1 DAGs
[2025-08-14T17:50:02.497+0000] {logging_mixin.py:188} INFO - [2025-08-14T17:50:02.496+0000] {dag.py:3834} INFO - Setting next_dagrun for example_branch_python_operator_decorator to 2025-08-13 00:00:00+00:00, run_after=2025-08-14 00:00:00+00:00
[2025-08-14T17:50:02.515+0000] {processor.py:183} INFO - Processing /home/airflow/.local/lib/python3.8/site-packages/airflow/example_dags/example_branch_operator_decorator.py took 0.228 seconds
[2025-08-14T17:50:33.289+0000] {processor.py:161} INFO - Started process (PID=1596) to work on /home/airflow/.local/lib/python3.8/site-packages/airflow/example_dags/example_branch_operator_decorator.py
[2025-08-14T17:50:33.291+0000] {processor.py:830} INFO - Processing file /home/airflow/.local/lib/python3.8/site-packages/airflow/example_dags/example_branch_operator_decorator.py for tasks to queue
[2025-08-14T17:50:33.292+0000] {logging_mixin.py:188} INFO - [2025-08-14T17:50:33.292+0000] {dagbag.py:540} INFO - Filling up the DagBag from /home/airflow/.local/lib/python3.8/site-packages/airflow/example_dags/example_branch_operator_decorator.py
[2025-08-14T17:50:33.305+0000] {processor.py:840} INFO - DAG(s) 'example_branch_python_operator_decorator' retrieved from /home/airflow/.local/lib/python3.8/site-packages/airflow/example_dags/example_branch_operator_decorator.py
[2025-08-14T17:50:33.322+0000] {logging_mixin.py:188} INFO - [2025-08-14T17:50:33.321+0000] {dag.py:3047} INFO - Sync 1 DAGs
[2025-08-14T17:50:33.335+0000] {logging_mixin.py:188} INFO - [2025-08-14T17:50:33.334+0000] {dag.py:3834} INFO - Setting next_dagrun for example_branch_python_operator_decorator to 2025-08-13 00:00:00+00:00, run_after=2025-08-14 00:00:00+00:00
[2025-08-14T17:50:33.346+0000] {processor.py:183} INFO - Processing /home/airflow/.local/lib/python3.8/site-packages/airflow/example_dags/example_branch_operator_decorator.py took 0.061 seconds
[2025-08-14T17:51:04.127+0000] {processor.py:161} INFO - Started process (PID=1652) to work on /home/airflow/.local/lib/python3.8/site-packages/airflow/example_dags/example_branch_operator_decorator.py
[2025-08-14T17:51:04.128+0000] {processor.py:830} INFO - Processing file /home/airflow/.local/lib/python3.8/site-packages/airflow/example_dags/example_branch_operator_decorator.py for tasks to queue
[2025-08-14T17:51:04.129+0000] {logging_mixin.py:188} INFO - [2025-08-14T17:51:04.129+0000] {dagbag.py:540} INFO - Filling up the DagBag from /home/airflow/.local/lib/python3.8/site-packages/airflow/example_dags/example_branch_operator_decorator.py
[2025-08-14T17:51:04.139+0000] {processor.py:840} INFO - DAG(s) 'example_branch_python_operator_decorator' retrieved from /home/airflow/.local/lib/python3.8/site-packages/airflow/example_dags/example_branch_operator_decorator.py
[2025-08-14T17:51:04.152+0000] {logging_mixin.py:188} INFO - [2025-08-14T17:51:04.152+0000] {dag.py:3047} INFO - Sync 1 DAGs
[2025-08-14T17:51:04.161+0000] {logging_mixin.py:188} INFO - [2025-08-14T17:51:04.161+0000] {dag.py:3834} INFO - Setting next_dagrun for example_branch_python_operator_decorator to 2025-08-13 00:00:00+00:00, run_after=2025-08-14 00:00:00+00:00
[2025-08-14T17:51:04.169+0000] {processor.py:183} INFO - Processing /home/airflow/.local/lib/python3.8/site-packages/airflow/example_dags/example_branch_operator_decorator.py took 0.044 seconds
[2025-08-14T17:51:34.623+0000] {processor.py:161} INFO - Started process (PID=1708) to work on /home/airflow/.local/lib/python3.8/site-packages/airflow/example_dags/example_branch_operator_decorator.py
[2025-08-14T17:51:34.624+0000] {processor.py:830} INFO - Processing file /home/airflow/.local/lib/python3.8/site-packages/airflow/example_dags/example_branch_operator_decorator.py for tasks to queue
[2025-08-14T17:51:34.626+0000] {logging_mixin.py:188} INFO - [2025-08-14T17:51:34.625+0000] {dagbag.py:540} INFO - Filling up the DagBag from /home/airflow/.local/lib/python3.8/site-packages/airflow/example_dags/example_branch_operator_decorator.py
[2025-08-14T17:51:34.638+0000] {processor.py:840} INFO - DAG(s) 'example_branch_python_operator_decorator' retrieved from /home/airflow/.local/lib/python3.8/site-packages/airflow/example_dags/example_branch_operator_decorator.py
[2025-08-14T17:51:34.654+0000] {logging_mixin.py:188} INFO - [2025-08-14T17:51:34.654+0000] {dag.py:3047} INFO - Sync 1 DAGs
[2025-08-14T17:51:34.668+0000] {logging_mixin.py:188} INFO - [2025-08-14T17:51:34.668+0000] {dag.py:3834} INFO - Setting next_dagrun for example_branch_python_operator_decorator to 2025-08-13 00:00:00+00:00, run_after=2025-08-14 00:00:00+00:00
[2025-08-14T17:51:34.682+0000] {processor.py:183} INFO - Processing /home/airflow/.local/lib/python3.8/site-packages/airflow/example_dags/example_branch_operator_decorator.py took 0.060 seconds
[2025-08-14T17:52:05.352+0000] {processor.py:161} INFO - Started process (PID=1764) to work on /home/airflow/.local/lib/python3.8/site-packages/airflow/example_dags/example_branch_operator_decorator.py
[2025-08-14T17:52:05.353+0000] {processor.py:830} INFO - Processing file /home/airflow/.local/lib/python3.8/site-packages/airflow/example_dags/example_branch_operator_decorator.py for tasks to queue
[2025-08-14T17:52:05.355+0000] {logging_mixin.py:188} INFO - [2025-08-14T17:52:05.354+0000] {dagbag.py:540} INFO - Filling up the DagBag from /home/airflow/.local/lib/python3.8/site-packages/airflow/example_dags/example_branch_operator_decorator.py
[2025-08-14T17:52:05.382+0000] {processor.py:840} INFO - DAG(s) 'example_branch_python_operator_decorator' retrieved from /home/airflow/.local/lib/python3.8/site-packages/airflow/example_dags/example_branch_operator_decorator.py
[2025-08-14T17:52:05.405+0000] {logging_mixin.py:188} INFO - [2025-08-14T17:52:05.404+0000] {dag.py:3047} INFO - Sync 1 DAGs
[2025-08-14T17:52:05.419+0000] {logging_mixin.py:188} INFO - [2025-08-14T17:52:05.418+0000] {dag.py:3834} INFO - Setting next_dagrun for example_branch_python_operator_decorator to 2025-08-13 00:00:00+00:00, run_after=2025-08-14 00:00:00+00:00
[2025-08-14T17:52:05.433+0000] {processor.py:183} INFO - Processing /home/airflow/.local/lib/python3.8/site-packages/airflow/example_dags/example_branch_operator_decorator.py took 0.083 seconds
[2025-08-14T17:52:35.616+0000] {processor.py:161} INFO - Started process (PID=1820) to work on /home/airflow/.local/lib/python3.8/site-packages/airflow/example_dags/example_branch_operator_decorator.py
[2025-08-14T17:52:35.617+0000] {processor.py:830} INFO - Processing file /home/airflow/.local/lib/python3.8/site-packages/airflow/example_dags/example_branch_operator_decorator.py for tasks to queue
[2025-08-14T17:52:35.619+0000] {logging_mixin.py:188} INFO - [2025-08-14T17:52:35.618+0000] {dagbag.py:540} INFO - Filling up the DagBag from /home/airflow/.local/lib/python3.8/site-packages/airflow/example_dags/example_branch_operator_decorator.py
[2025-08-14T17:52:35.638+0000] {processor.py:840} INFO - DAG(s) 'example_branch_python_operator_decorator' retrieved from /home/airflow/.local/lib/python3.8/site-packages/airflow/example_dags/example_branch_operator_decorator.py
[2025-08-14T17:52:35.662+0000] {logging_mixin.py:188} INFO - [2025-08-14T17:52:35.661+0000] {dag.py:3047} INFO - Sync 1 DAGs
[2025-08-14T17:52:35.676+0000] {logging_mixin.py:188} INFO - [2025-08-14T17:52:35.676+0000] {dag.py:3834} INFO - Setting next_dagrun for example_branch_python_operator_decorator to 2025-08-13 00:00:00+00:00, run_after=2025-08-14 00:00:00+00:00
[2025-08-14T17:52:35.690+0000] {processor.py:183} INFO - Processing /home/airflow/.local/lib/python3.8/site-packages/airflow/example_dags/example_branch_operator_decorator.py took 0.075 seconds
[2025-08-14T17:53:06.563+0000] {processor.py:161} INFO - Started process (PID=1876) to work on /home/airflow/.local/lib/python3.8/site-packages/airflow/example_dags/example_branch_operator_decorator.py
[2025-08-14T17:53:06.565+0000] {processor.py:830} INFO - Processing file /home/airflow/.local/lib/python3.8/site-packages/airflow/example_dags/example_branch_operator_decorator.py for tasks to queue
[2025-08-14T17:53:06.567+0000] {logging_mixin.py:188} INFO - [2025-08-14T17:53:06.567+0000] {dagbag.py:540} INFO - Filling up the DagBag from /home/airflow/.local/lib/python3.8/site-packages/airflow/example_dags/example_branch_operator_decorator.py
[2025-08-14T17:53:06.589+0000] {processor.py:840} INFO - DAG(s) 'example_branch_python_operator_decorator' retrieved from /home/airflow/.local/lib/python3.8/site-packages/airflow/example_dags/example_branch_operator_decorator.py
[2025-08-14T17:53:06.613+0000] {logging_mixin.py:188} INFO - [2025-08-14T17:53:06.613+0000] {dag.py:3047} INFO - Sync 1 DAGs
[2025-08-14T17:53:06.634+0000] {logging_mixin.py:188} INFO - [2025-08-14T17:53:06.634+0000] {dag.py:3834} INFO - Setting next_dagrun for example_branch_python_operator_decorator to 2025-08-13 00:00:00+00:00, run_after=2025-08-14 00:00:00+00:00
[2025-08-14T17:53:06.653+0000] {processor.py:183} INFO - Processing /home/airflow/.local/lib/python3.8/site-packages/airflow/example_dags/example_branch_operator_decorator.py took 0.093 seconds
[2025-08-14T17:53:36.763+0000] {processor.py:161} INFO - Started process (PID=1932) to work on /home/airflow/.local/lib/python3.8/site-packages/airflow/example_dags/example_branch_operator_decorator.py
[2025-08-14T17:53:36.763+0000] {processor.py:830} INFO - Processing file /home/airflow/.local/lib/python3.8/site-packages/airflow/example_dags/example_branch_operator_decorator.py for tasks to queue
[2025-08-14T17:53:36.764+0000] {logging_mixin.py:188} INFO - [2025-08-14T17:53:36.764+0000] {dagbag.py:540} INFO - Filling up the DagBag from /home/airflow/.local/lib/python3.8/site-packages/airflow/example_dags/example_branch_operator_decorator.py
[2025-08-14T17:53:36.782+0000] {processor.py:840} INFO - DAG(s) 'example_branch_python_operator_decorator' retrieved from /home/airflow/.local/lib/python3.8/site-packages/airflow/example_dags/example_branch_operator_decorator.py
[2025-08-14T17:53:36.804+0000] {logging_mixin.py:188} INFO - [2025-08-14T17:53:36.804+0000] {dag.py:3047} INFO - Sync 1 DAGs
[2025-08-14T17:53:36.818+0000] {logging_mixin.py:188} INFO - [2025-08-14T17:53:36.818+0000] {dag.py:3834} INFO - Setting next_dagrun for example_branch_python_operator_decorator to 2025-08-13 00:00:00+00:00, run_after=2025-08-14 00:00:00+00:00
[2025-08-14T17:53:36.835+0000] {processor.py:183} INFO - Processing /home/airflow/.local/lib/python3.8/site-packages/airflow/example_dags/example_branch_operator_decorator.py took 0.076 seconds
[2025-08-14T17:54:06.977+0000] {processor.py:161} INFO - Started process (PID=1988) to work on /home/airflow/.local/lib/python3.8/site-packages/airflow/example_dags/example_branch_operator_decorator.py
[2025-08-14T17:54:06.978+0000] {processor.py:830} INFO - Processing file /home/airflow/.local/lib/python3.8/site-packages/airflow/example_dags/example_branch_operator_decorator.py for tasks to queue
[2025-08-14T17:54:06.980+0000] {logging_mixin.py:188} INFO - [2025-08-14T17:54:06.979+0000] {dagbag.py:540} INFO - Filling up the DagBag from /home/airflow/.local/lib/python3.8/site-packages/airflow/example_dags/example_branch_operator_decorator.py
[2025-08-14T17:54:06.997+0000] {processor.py:840} INFO - DAG(s) 'example_branch_python_operator_decorator' retrieved from /home/airflow/.local/lib/python3.8/site-packages/airflow/example_dags/example_branch_operator_decorator.py
[2025-08-14T17:54:07.017+0000] {logging_mixin.py:188} INFO - [2025-08-14T17:54:07.017+0000] {dag.py:3047} INFO - Sync 1 DAGs
[2025-08-14T17:54:07.034+0000] {logging_mixin.py:188} INFO - [2025-08-14T17:54:07.034+0000] {dag.py:3834} INFO - Setting next_dagrun for example_branch_python_operator_decorator to 2025-08-13 00:00:00+00:00, run_after=2025-08-14 00:00:00+00:00
[2025-08-14T17:54:07.053+0000] {processor.py:183} INFO - Processing /home/airflow/.local/lib/python3.8/site-packages/airflow/example_dags/example_branch_operator_decorator.py took 0.078 seconds
[2025-08-14T17:54:37.398+0000] {processor.py:161} INFO - Started process (PID=2044) to work on /home/airflow/.local/lib/python3.8/site-packages/airflow/example_dags/example_branch_operator_decorator.py
[2025-08-14T17:54:37.398+0000] {processor.py:830} INFO - Processing file /home/airflow/.local/lib/python3.8/site-packages/airflow/example_dags/example_branch_operator_decorator.py for tasks to queue
[2025-08-14T17:54:37.400+0000] {logging_mixin.py:188} INFO - [2025-08-14T17:54:37.399+0000] {dagbag.py:540} INFO - Filling up the DagBag from /home/airflow/.local/lib/python3.8/site-packages/airflow/example_dags/example_branch_operator_decorator.py
[2025-08-14T17:54:37.412+0000] {processor.py:840} INFO - DAG(s) 'example_branch_python_operator_decorator' retrieved from /home/airflow/.local/lib/python3.8/site-packages/airflow/example_dags/example_branch_operator_decorator.py
[2025-08-14T17:54:37.426+0000] {logging_mixin.py:188} INFO - [2025-08-14T17:54:37.426+0000] {dag.py:3047} INFO - Sync 1 DAGs
[2025-08-14T17:54:37.437+0000] {logging_mixin.py:188} INFO - [2025-08-14T17:54:37.437+0000] {dag.py:3834} INFO - Setting next_dagrun for example_branch_python_operator_decorator to 2025-08-13 00:00:00+00:00, run_after=2025-08-14 00:00:00+00:00
[2025-08-14T17:54:37.446+0000] {processor.py:183} INFO - Processing /home/airflow/.local/lib/python3.8/site-packages/airflow/example_dags/example_branch_operator_decorator.py took 0.050 seconds
[2025-08-14T17:55:07.922+0000] {processor.py:161} INFO - Started process (PID=2100) to work on /home/airflow/.local/lib/python3.8/site-packages/airflow/example_dags/example_branch_operator_decorator.py
[2025-08-14T17:55:07.923+0000] {processor.py:830} INFO - Processing file /home/airflow/.local/lib/python3.8/site-packages/airflow/example_dags/example_branch_operator_decorator.py for tasks to queue
[2025-08-14T17:55:07.924+0000] {logging_mixin.py:188} INFO - [2025-08-14T17:55:07.924+0000] {dagbag.py:540} INFO - Filling up the DagBag from /home/airflow/.local/lib/python3.8/site-packages/airflow/example_dags/example_branch_operator_decorator.py
[2025-08-14T17:55:07.936+0000] {processor.py:840} INFO - DAG(s) 'example_branch_python_operator_decorator' retrieved from /home/airflow/.local/lib/python3.8/site-packages/airflow/example_dags/example_branch_operator_decorator.py
[2025-08-14T17:55:07.960+0000] {logging_mixin.py:188} INFO - [2025-08-14T17:55:07.960+0000] {dag.py:3047} INFO - Sync 1 DAGs
[2025-08-14T17:55:07.981+0000] {logging_mixin.py:188} INFO - [2025-08-14T17:55:07.981+0000] {dag.py:3834} INFO - Setting next_dagrun for example_branch_python_operator_decorator to 2025-08-13 00:00:00+00:00, run_after=2025-08-14 00:00:00+00:00
[2025-08-14T17:55:08.001+0000] {processor.py:183} INFO - Processing /home/airflow/.local/lib/python3.8/site-packages/airflow/example_dags/example_branch_operator_decorator.py took 0.081 seconds
[2025-08-14T17:55:38.575+0000] {processor.py:161} INFO - Started process (PID=2156) to work on /home/airflow/.local/lib/python3.8/site-packages/airflow/example_dags/example_branch_operator_decorator.py
[2025-08-14T17:55:38.576+0000] {processor.py:830} INFO - Processing file /home/airflow/.local/lib/python3.8/site-packages/airflow/example_dags/example_branch_operator_decorator.py for tasks to queue
[2025-08-14T17:55:38.579+0000] {logging_mixin.py:188} INFO - [2025-08-14T17:55:38.578+0000] {dagbag.py:540} INFO - Filling up the DagBag from /home/airflow/.local/lib/python3.8/site-packages/airflow/example_dags/example_branch_operator_decorator.py
[2025-08-14T17:55:38.590+0000] {processor.py:840} INFO - DAG(s) 'example_branch_python_operator_decorator' retrieved from /home/airflow/.local/lib/python3.8/site-packages/airflow/example_dags/example_branch_operator_decorator.py
[2025-08-14T17:55:38.605+0000] {logging_mixin.py:188} INFO - [2025-08-14T17:55:38.605+0000] {dag.py:3047} INFO - Sync 1 DAGs
[2025-08-14T17:55:38.624+0000] {logging_mixin.py:188} INFO - [2025-08-14T17:55:38.624+0000] {dag.py:3834} INFO - Setting next_dagrun for example_branch_python_operator_decorator to 2025-08-13 00:00:00+00:00, run_after=2025-08-14 00:00:00+00:00
[2025-08-14T17:55:38.637+0000] {processor.py:183} INFO - Processing /home/airflow/.local/lib/python3.8/site-packages/airflow/example_dags/example_branch_operator_decorator.py took 0.064 seconds
[2025-08-14T17:56:09.130+0000] {processor.py:161} INFO - Started process (PID=2212) to work on /home/airflow/.local/lib/python3.8/site-packages/airflow/example_dags/example_branch_operator_decorator.py
[2025-08-14T17:56:09.131+0000] {processor.py:830} INFO - Processing file /home/airflow/.local/lib/python3.8/site-packages/airflow/example_dags/example_branch_operator_decorator.py for tasks to queue
[2025-08-14T17:56:09.133+0000] {logging_mixin.py:188} INFO - [2025-08-14T17:56:09.132+0000] {dagbag.py:540} INFO - Filling up the DagBag from /home/airflow/.local/lib/python3.8/site-packages/airflow/example_dags/example_branch_operator_decorator.py
[2025-08-14T17:56:09.157+0000] {processor.py:840} INFO - DAG(s) 'example_branch_python_operator_decorator' retrieved from /home/airflow/.local/lib/python3.8/site-packages/airflow/example_dags/example_branch_operator_decorator.py
[2025-08-14T17:56:09.173+0000] {logging_mixin.py:188} INFO - [2025-08-14T17:56:09.173+0000] {dag.py:3047} INFO - Sync 1 DAGs
[2025-08-14T17:56:09.185+0000] {logging_mixin.py:188} INFO - [2025-08-14T17:56:09.184+0000] {dag.py:3834} INFO - Setting next_dagrun for example_branch_python_operator_decorator to 2025-08-13 00:00:00+00:00, run_after=2025-08-14 00:00:00+00:00
[2025-08-14T17:56:09.194+0000] {processor.py:183} INFO - Processing /home/airflow/.local/lib/python3.8/site-packages/airflow/example_dags/example_branch_operator_decorator.py took 0.067 seconds
[2025-08-14T17:56:39.437+0000] {processor.py:161} INFO - Started process (PID=2268) to work on /home/airflow/.local/lib/python3.8/site-packages/airflow/example_dags/example_branch_operator_decorator.py
[2025-08-14T17:56:39.438+0000] {processor.py:830} INFO - Processing file /home/airflow/.local/lib/python3.8/site-packages/airflow/example_dags/example_branch_operator_decorator.py for tasks to queue
[2025-08-14T17:56:39.439+0000] {logging_mixin.py:188} INFO - [2025-08-14T17:56:39.439+0000] {dagbag.py:540} INFO - Filling up the DagBag from /home/airflow/.local/lib/python3.8/site-packages/airflow/example_dags/example_branch_operator_decorator.py
[2025-08-14T17:56:39.455+0000] {processor.py:840} INFO - DAG(s) 'example_branch_python_operator_decorator' retrieved from /home/airflow/.local/lib/python3.8/site-packages/airflow/example_dags/example_branch_operator_decorator.py
[2025-08-14T17:56:39.472+0000] {logging_mixin.py:188} INFO - [2025-08-14T17:56:39.472+0000] {dag.py:3047} INFO - Sync 1 DAGs
[2025-08-14T17:56:39.487+0000] {logging_mixin.py:188} INFO - [2025-08-14T17:56:39.487+0000] {dag.py:3834} INFO - Setting next_dagrun for example_branch_python_operator_decorator to 2025-08-13 00:00:00+00:00, run_after=2025-08-14 00:00:00+00:00
[2025-08-14T17:56:39.500+0000] {processor.py:183} INFO - Processing /home/airflow/.local/lib/python3.8/site-packages/airflow/example_dags/example_branch_operator_decorator.py took 0.065 seconds
[2025-08-14T17:57:09.841+0000] {processor.py:161} INFO - Started process (PID=2324) to work on /home/airflow/.local/lib/python3.8/site-packages/airflow/example_dags/example_branch_operator_decorator.py
[2025-08-14T17:57:09.842+0000] {processor.py:830} INFO - Processing file /home/airflow/.local/lib/python3.8/site-packages/airflow/example_dags/example_branch_operator_decorator.py for tasks to queue
[2025-08-14T17:57:09.843+0000] {logging_mixin.py:188} INFO - [2025-08-14T17:57:09.843+0000] {dagbag.py:540} INFO - Filling up the DagBag from /home/airflow/.local/lib/python3.8/site-packages/airflow/example_dags/example_branch_operator_decorator.py
[2025-08-14T17:57:09.854+0000] {processor.py:840} INFO - DAG(s) 'example_branch_python_operator_decorator' retrieved from /home/airflow/.local/lib/python3.8/site-packages/airflow/example_dags/example_branch_operator_decorator.py
[2025-08-14T17:57:09.869+0000] {logging_mixin.py:188} INFO - [2025-08-14T17:57:09.869+0000] {dag.py:3047} INFO - Sync 1 DAGs
[2025-08-14T17:57:09.881+0000] {logging_mixin.py:188} INFO - [2025-08-14T17:57:09.881+0000] {dag.py:3834} INFO - Setting next_dagrun for example_branch_python_operator_decorator to 2025-08-13 00:00:00+00:00, run_after=2025-08-14 00:00:00+00:00
[2025-08-14T17:57:09.895+0000] {processor.py:183} INFO - Processing /home/airflow/.local/lib/python3.8/site-packages/airflow/example_dags/example_branch_operator_decorator.py took 0.056 seconds
[2025-08-14T17:57:40.262+0000] {processor.py:161} INFO - Started process (PID=2380) to work on /home/airflow/.local/lib/python3.8/site-packages/airflow/example_dags/example_branch_operator_decorator.py
[2025-08-14T17:57:40.263+0000] {processor.py:830} INFO - Processing file /home/airflow/.local/lib/python3.8/site-packages/airflow/example_dags/example_branch_operator_decorator.py for tasks to queue
[2025-08-14T17:57:40.264+0000] {logging_mixin.py:188} INFO - [2025-08-14T17:57:40.264+0000] {dagbag.py:540} INFO - Filling up the DagBag from /home/airflow/.local/lib/python3.8/site-packages/airflow/example_dags/example_branch_operator_decorator.py
[2025-08-14T17:57:40.283+0000] {processor.py:840} INFO - DAG(s) 'example_branch_python_operator_decorator' retrieved from /home/airflow/.local/lib/python3.8/site-packages/airflow/example_dags/example_branch_operator_decorator.py
[2025-08-14T17:57:40.300+0000] {logging_mixin.py:188} INFO - [2025-08-14T17:57:40.300+0000] {dag.py:3047} INFO - Sync 1 DAGs
[2025-08-14T17:57:40.314+0000] {logging_mixin.py:188} INFO - [2025-08-14T17:57:40.314+0000] {dag.py:3834} INFO - Setting next_dagrun for example_branch_python_operator_decorator to 2025-08-13 00:00:00+00:00, run_after=2025-08-14 00:00:00+00:00
[2025-08-14T17:57:40.334+0000] {processor.py:183} INFO - Processing /home/airflow/.local/lib/python3.8/site-packages/airflow/example_dags/example_branch_operator_decorator.py took 0.074 seconds
[2025-08-14T17:58:11.020+0000] {processor.py:161} INFO - Started process (PID=2436) to work on /home/airflow/.local/lib/python3.8/site-packages/airflow/example_dags/example_branch_operator_decorator.py
[2025-08-14T17:58:11.022+0000] {processor.py:830} INFO - Processing file /home/airflow/.local/lib/python3.8/site-packages/airflow/example_dags/example_branch_operator_decorator.py for tasks to queue
[2025-08-14T17:58:11.027+0000] {logging_mixin.py:188} INFO - [2025-08-14T17:58:11.025+0000] {dagbag.py:540} INFO - Filling up the DagBag from /home/airflow/.local/lib/python3.8/site-packages/airflow/example_dags/example_branch_operator_decorator.py
[2025-08-14T17:58:11.057+0000] {processor.py:840} INFO - DAG(s) 'example_branch_python_operator_decorator' retrieved from /home/airflow/.local/lib/python3.8/site-packages/airflow/example_dags/example_branch_operator_decorator.py
[2025-08-14T17:58:11.083+0000] {logging_mixin.py:188} INFO - [2025-08-14T17:58:11.082+0000] {dag.py:3047} INFO - Sync 1 DAGs
[2025-08-14T17:58:11.096+0000] {logging_mixin.py:188} INFO - [2025-08-14T17:58:11.096+0000] {dag.py:3834} INFO - Setting next_dagrun for example_branch_python_operator_decorator to 2025-08-13 00:00:00+00:00, run_after=2025-08-14 00:00:00+00:00
[2025-08-14T17:58:11.109+0000] {processor.py:183} INFO - Processing /home/airflow/.local/lib/python3.8/site-packages/airflow/example_dags/example_branch_operator_decorator.py took 0.092 seconds
[2025-08-14T17:58:41.796+0000] {processor.py:161} INFO - Started process (PID=2492) to work on /home/airflow/.local/lib/python3.8/site-packages/airflow/example_dags/example_branch_operator_decorator.py
[2025-08-14T17:58:41.797+0000] {processor.py:830} INFO - Processing file /home/airflow/.local/lib/python3.8/site-packages/airflow/example_dags/example_branch_operator_decorator.py for tasks to queue
[2025-08-14T17:58:41.798+0000] {logging_mixin.py:188} INFO - [2025-08-14T17:58:41.798+0000] {dagbag.py:540} INFO - Filling up the DagBag from /home/airflow/.local/lib/python3.8/site-packages/airflow/example_dags/example_branch_operator_decorator.py
[2025-08-14T17:58:41.818+0000] {processor.py:840} INFO - DAG(s) 'example_branch_python_operator_decorator' retrieved from /home/airflow/.local/lib/python3.8/site-packages/airflow/example_dags/example_branch_operator_decorator.py
[2025-08-14T17:58:41.836+0000] {logging_mixin.py:188} INFO - [2025-08-14T17:58:41.836+0000] {dag.py:3047} INFO - Sync 1 DAGs
[2025-08-14T17:58:41.849+0000] {logging_mixin.py:188} INFO - [2025-08-14T17:58:41.849+0000] {dag.py:3834} INFO - Setting next_dagrun for example_branch_python_operator_decorator to 2025-08-13 00:00:00+00:00, run_after=2025-08-14 00:00:00+00:00
[2025-08-14T17:58:41.860+0000] {processor.py:183} INFO - Processing /home/airflow/.local/lib/python3.8/site-packages/airflow/example_dags/example_branch_operator_decorator.py took 0.068 seconds
[2025-08-14T17:59:12.187+0000] {processor.py:161} INFO - Started process (PID=2548) to work on /home/airflow/.local/lib/python3.8/site-packages/airflow/example_dags/example_branch_operator_decorator.py
[2025-08-14T17:59:12.189+0000] {processor.py:830} INFO - Processing file /home/airflow/.local/lib/python3.8/site-packages/airflow/example_dags/example_branch_operator_decorator.py for tasks to queue
[2025-08-14T17:59:12.190+0000] {logging_mixin.py:188} INFO - [2025-08-14T17:59:12.190+0000] {dagbag.py:540} INFO - Filling up the DagBag from /home/airflow/.local/lib/python3.8/site-packages/airflow/example_dags/example_branch_operator_decorator.py
[2025-08-14T17:59:12.203+0000] {processor.py:840} INFO - DAG(s) 'example_branch_python_operator_decorator' retrieved from /home/airflow/.local/lib/python3.8/site-packages/airflow/example_dags/example_branch_operator_decorator.py
[2025-08-14T17:59:12.221+0000] {logging_mixin.py:188} INFO - [2025-08-14T17:59:12.221+0000] {dag.py:3047} INFO - Sync 1 DAGs
[2025-08-14T17:59:12.239+0000] {logging_mixin.py:188} INFO - [2025-08-14T17:59:12.239+0000] {dag.py:3834} INFO - Setting next_dagrun for example_branch_python_operator_decorator to 2025-08-13 00:00:00+00:00, run_after=2025-08-14 00:00:00+00:00
[2025-08-14T17:59:12.253+0000] {processor.py:183} INFO - Processing /home/airflow/.local/lib/python3.8/site-packages/airflow/example_dags/example_branch_operator_decorator.py took 0.067 seconds
[2025-08-14T17:59:42.428+0000] {processor.py:161} INFO - Started process (PID=2604) to work on /home/airflow/.local/lib/python3.8/site-packages/airflow/example_dags/example_branch_operator_decorator.py
[2025-08-14T17:59:42.429+0000] {processor.py:830} INFO - Processing file /home/airflow/.local/lib/python3.8/site-packages/airflow/example_dags/example_branch_operator_decorator.py for tasks to queue
[2025-08-14T17:59:42.430+0000] {logging_mixin.py:188} INFO - [2025-08-14T17:59:42.430+0000] {dagbag.py:540} INFO - Filling up the DagBag from /home/airflow/.local/lib/python3.8/site-packages/airflow/example_dags/example_branch_operator_decorator.py
[2025-08-14T17:59:42.444+0000] {processor.py:840} INFO - DAG(s) 'example_branch_python_operator_decorator' retrieved from /home/airflow/.local/lib/python3.8/site-packages/airflow/example_dags/example_branch_operator_decorator.py
[2025-08-14T17:59:42.459+0000] {logging_mixin.py:188} INFO - [2025-08-14T17:59:42.458+0000] {dag.py:3047} INFO - Sync 1 DAGs
[2025-08-14T17:59:42.471+0000] {logging_mixin.py:188} INFO - [2025-08-14T17:59:42.471+0000] {dag.py:3834} INFO - Setting next_dagrun for example_branch_python_operator_decorator to 2025-08-13 00:00:00+00:00, run_after=2025-08-14 00:00:00+00:00
[2025-08-14T17:59:42.484+0000] {processor.py:183} INFO - Processing /home/airflow/.local/lib/python3.8/site-packages/airflow/example_dags/example_branch_operator_decorator.py took 0.059 seconds
[2025-08-14T18:00:12.933+0000] {processor.py:161} INFO - Started process (PID=2659) to work on /home/airflow/.local/lib/python3.8/site-packages/airflow/example_dags/example_branch_operator_decorator.py
[2025-08-14T18:00:12.934+0000] {processor.py:830} INFO - Processing file /home/airflow/.local/lib/python3.8/site-packages/airflow/example_dags/example_branch_operator_decorator.py for tasks to queue
[2025-08-14T18:00:12.935+0000] {logging_mixin.py:188} INFO - [2025-08-14T18:00:12.935+0000] {dagbag.py:540} INFO - Filling up the DagBag from /home/airflow/.local/lib/python3.8/site-packages/airflow/example_dags/example_branch_operator_decorator.py
[2025-08-14T18:00:12.951+0000] {processor.py:840} INFO - DAG(s) 'example_branch_python_operator_decorator' retrieved from /home/airflow/.local/lib/python3.8/site-packages/airflow/example_dags/example_branch_operator_decorator.py
[2025-08-14T18:00:12.984+0000] {logging_mixin.py:188} INFO - [2025-08-14T18:00:12.984+0000] {dag.py:3047} INFO - Sync 1 DAGs
[2025-08-14T18:00:13.010+0000] {logging_mixin.py:188} INFO - [2025-08-14T18:00:13.010+0000] {dag.py:3834} INFO - Setting next_dagrun for example_branch_python_operator_decorator to 2025-08-13 00:00:00+00:00, run_after=2025-08-14 00:00:00+00:00
[2025-08-14T18:00:13.027+0000] {processor.py:183} INFO - Processing /home/airflow/.local/lib/python3.8/site-packages/airflow/example_dags/example_branch_operator_decorator.py took 0.095 seconds
[2025-08-14T18:00:43.179+0000] {processor.py:161} INFO - Started process (PID=2715) to work on /home/airflow/.local/lib/python3.8/site-packages/airflow/example_dags/example_branch_operator_decorator.py
[2025-08-14T18:00:43.180+0000] {processor.py:830} INFO - Processing file /home/airflow/.local/lib/python3.8/site-packages/airflow/example_dags/example_branch_operator_decorator.py for tasks to queue
[2025-08-14T18:00:43.181+0000] {logging_mixin.py:188} INFO - [2025-08-14T18:00:43.181+0000] {dagbag.py:540} INFO - Filling up the DagBag from /home/airflow/.local/lib/python3.8/site-packages/airflow/example_dags/example_branch_operator_decorator.py
[2025-08-14T18:00:43.201+0000] {processor.py:840} INFO - DAG(s) 'example_branch_python_operator_decorator' retrieved from /home/airflow/.local/lib/python3.8/site-packages/airflow/example_dags/example_branch_operator_decorator.py
[2025-08-14T18:00:43.218+0000] {logging_mixin.py:188} INFO - [2025-08-14T18:00:43.218+0000] {dag.py:3047} INFO - Sync 1 DAGs
[2025-08-14T18:00:43.229+0000] {logging_mixin.py:188} INFO - [2025-08-14T18:00:43.229+0000] {dag.py:3834} INFO - Setting next_dagrun for example_branch_python_operator_decorator to 2025-08-13 00:00:00+00:00, run_after=2025-08-14 00:00:00+00:00
[2025-08-14T18:00:43.237+0000] {processor.py:183} INFO - Processing /home/airflow/.local/lib/python3.8/site-packages/airflow/example_dags/example_branch_operator_decorator.py took 0.060 seconds
[2025-08-14T18:01:13.515+0000] {processor.py:161} INFO - Started process (PID=2771) to work on /home/airflow/.local/lib/python3.8/site-packages/airflow/example_dags/example_branch_operator_decorator.py
[2025-08-14T18:01:13.516+0000] {processor.py:830} INFO - Processing file /home/airflow/.local/lib/python3.8/site-packages/airflow/example_dags/example_branch_operator_decorator.py for tasks to queue
[2025-08-14T18:01:13.518+0000] {logging_mixin.py:188} INFO - [2025-08-14T18:01:13.518+0000] {dagbag.py:540} INFO - Filling up the DagBag from /home/airflow/.local/lib/python3.8/site-packages/airflow/example_dags/example_branch_operator_decorator.py
[2025-08-14T18:01:13.538+0000] {processor.py:840} INFO - DAG(s) 'example_branch_python_operator_decorator' retrieved from /home/airflow/.local/lib/python3.8/site-packages/airflow/example_dags/example_branch_operator_decorator.py
[2025-08-14T18:01:13.559+0000] {logging_mixin.py:188} INFO - [2025-08-14T18:01:13.559+0000] {dag.py:3047} INFO - Sync 1 DAGs
[2025-08-14T18:01:13.578+0000] {logging_mixin.py:188} INFO - [2025-08-14T18:01:13.578+0000] {dag.py:3834} INFO - Setting next_dagrun for example_branch_python_operator_decorator to 2025-08-13 00:00:00+00:00, run_after=2025-08-14 00:00:00+00:00
[2025-08-14T18:01:13.592+0000] {processor.py:183} INFO - Processing /home/airflow/.local/lib/python3.8/site-packages/airflow/example_dags/example_branch_operator_decorator.py took 0.080 seconds
[2025-08-14T18:01:44.106+0000] {processor.py:161} INFO - Started process (PID=2827) to work on /home/airflow/.local/lib/python3.8/site-packages/airflow/example_dags/example_branch_operator_decorator.py
[2025-08-14T18:01:44.107+0000] {processor.py:830} INFO - Processing file /home/airflow/.local/lib/python3.8/site-packages/airflow/example_dags/example_branch_operator_decorator.py for tasks to queue
[2025-08-14T18:01:44.109+0000] {logging_mixin.py:188} INFO - [2025-08-14T18:01:44.108+0000] {dagbag.py:540} INFO - Filling up the DagBag from /home/airflow/.local/lib/python3.8/site-packages/airflow/example_dags/example_branch_operator_decorator.py
[2025-08-14T18:01:44.124+0000] {processor.py:840} INFO - DAG(s) 'example_branch_python_operator_decorator' retrieved from /home/airflow/.local/lib/python3.8/site-packages/airflow/example_dags/example_branch_operator_decorator.py
[2025-08-14T18:01:44.148+0000] {logging_mixin.py:188} INFO - [2025-08-14T18:01:44.148+0000] {dag.py:3047} INFO - Sync 1 DAGs
[2025-08-14T18:01:44.163+0000] {logging_mixin.py:188} INFO - [2025-08-14T18:01:44.163+0000] {dag.py:3834} INFO - Setting next_dagrun for example_branch_python_operator_decorator to 2025-08-13 00:00:00+00:00, run_after=2025-08-14 00:00:00+00:00
[2025-08-14T18:01:44.179+0000] {processor.py:183} INFO - Processing /home/airflow/.local/lib/python3.8/site-packages/airflow/example_dags/example_branch_operator_decorator.py took 0.075 seconds
[2025-08-14T18:02:14.721+0000] {processor.py:161} INFO - Started process (PID=2883) to work on /home/airflow/.local/lib/python3.8/site-packages/airflow/example_dags/example_branch_operator_decorator.py
[2025-08-14T18:02:14.722+0000] {processor.py:830} INFO - Processing file /home/airflow/.local/lib/python3.8/site-packages/airflow/example_dags/example_branch_operator_decorator.py for tasks to queue
[2025-08-14T18:02:14.723+0000] {logging_mixin.py:188} INFO - [2025-08-14T18:02:14.723+0000] {dagbag.py:540} INFO - Filling up the DagBag from /home/airflow/.local/lib/python3.8/site-packages/airflow/example_dags/example_branch_operator_decorator.py
[2025-08-14T18:02:14.735+0000] {processor.py:840} INFO - DAG(s) 'example_branch_python_operator_decorator' retrieved from /home/airflow/.local/lib/python3.8/site-packages/airflow/example_dags/example_branch_operator_decorator.py
[2025-08-14T18:02:14.751+0000] {logging_mixin.py:188} INFO - [2025-08-14T18:02:14.751+0000] {dag.py:3047} INFO - Sync 1 DAGs
[2025-08-14T18:02:14.761+0000] {logging_mixin.py:188} INFO - [2025-08-14T18:02:14.761+0000] {dag.py:3834} INFO - Setting next_dagrun for example_branch_python_operator_decorator to 2025-08-13 00:00:00+00:00, run_after=2025-08-14 00:00:00+00:00
[2025-08-14T18:02:14.770+0000] {processor.py:183} INFO - Processing /home/airflow/.local/lib/python3.8/site-packages/airflow/example_dags/example_branch_operator_decorator.py took 0.052 seconds
[2025-08-14T18:02:45.361+0000] {processor.py:161} INFO - Started process (PID=2939) to work on /home/airflow/.local/lib/python3.8/site-packages/airflow/example_dags/example_branch_operator_decorator.py
[2025-08-14T18:02:45.362+0000] {processor.py:830} INFO - Processing file /home/airflow/.local/lib/python3.8/site-packages/airflow/example_dags/example_branch_operator_decorator.py for tasks to queue
[2025-08-14T18:02:45.364+0000] {logging_mixin.py:188} INFO - [2025-08-14T18:02:45.364+0000] {dagbag.py:540} INFO - Filling up the DagBag from /home/airflow/.local/lib/python3.8/site-packages/airflow/example_dags/example_branch_operator_decorator.py
[2025-08-14T18:02:45.384+0000] {processor.py:840} INFO - DAG(s) 'example_branch_python_operator_decorator' retrieved from /home/airflow/.local/lib/python3.8/site-packages/airflow/example_dags/example_branch_operator_decorator.py
[2025-08-14T18:02:45.423+0000] {logging_mixin.py:188} INFO - [2025-08-14T18:02:45.423+0000] {dag.py:3047} INFO - Sync 1 DAGs
[2025-08-14T18:02:45.444+0000] {logging_mixin.py:188} INFO - [2025-08-14T18:02:45.444+0000] {dag.py:3834} INFO - Setting next_dagrun for example_branch_python_operator_decorator to 2025-08-13 00:00:00+00:00, run_after=2025-08-14 00:00:00+00:00
[2025-08-14T18:02:45.484+0000] {processor.py:183} INFO - Processing /home/airflow/.local/lib/python3.8/site-packages/airflow/example_dags/example_branch_operator_decorator.py took 0.126 seconds
[2025-08-14T18:03:15.582+0000] {processor.py:161} INFO - Started process (PID=2995) to work on /home/airflow/.local/lib/python3.8/site-packages/airflow/example_dags/example_branch_operator_decorator.py
[2025-08-14T18:03:15.588+0000] {processor.py:830} INFO - Processing file /home/airflow/.local/lib/python3.8/site-packages/airflow/example_dags/example_branch_operator_decorator.py for tasks to queue
[2025-08-14T18:03:15.590+0000] {logging_mixin.py:188} INFO - [2025-08-14T18:03:15.589+0000] {dagbag.py:540} INFO - Filling up the DagBag from /home/airflow/.local/lib/python3.8/site-packages/airflow/example_dags/example_branch_operator_decorator.py
[2025-08-14T18:03:15.607+0000] {processor.py:840} INFO - DAG(s) 'example_branch_python_operator_decorator' retrieved from /home/airflow/.local/lib/python3.8/site-packages/airflow/example_dags/example_branch_operator_decorator.py
[2025-08-14T18:03:15.628+0000] {logging_mixin.py:188} INFO - [2025-08-14T18:03:15.628+0000] {dag.py:3047} INFO - Sync 1 DAGs
[2025-08-14T18:03:15.641+0000] {logging_mixin.py:188} INFO - [2025-08-14T18:03:15.641+0000] {dag.py:3834} INFO - Setting next_dagrun for example_branch_python_operator_decorator to 2025-08-13 00:00:00+00:00, run_after=2025-08-14 00:00:00+00:00
[2025-08-14T18:03:15.655+0000] {processor.py:183} INFO - Processing /home/airflow/.local/lib/python3.8/site-packages/airflow/example_dags/example_branch_operator_decorator.py took 0.080 seconds
[2025-08-14T18:03:45.702+0000] {processor.py:161} INFO - Started process (PID=3051) to work on /home/airflow/.local/lib/python3.8/site-packages/airflow/example_dags/example_branch_operator_decorator.py
[2025-08-14T18:03:45.704+0000] {processor.py:830} INFO - Processing file /home/airflow/.local/lib/python3.8/site-packages/airflow/example_dags/example_branch_operator_decorator.py for tasks to queue
[2025-08-14T18:03:45.706+0000] {logging_mixin.py:188} INFO - [2025-08-14T18:03:45.706+0000] {dagbag.py:540} INFO - Filling up the DagBag from /home/airflow/.local/lib/python3.8/site-packages/airflow/example_dags/example_branch_operator_decorator.py
[2025-08-14T18:03:45.726+0000] {processor.py:840} INFO - DAG(s) 'example_branch_python_operator_decorator' retrieved from /home/airflow/.local/lib/python3.8/site-packages/airflow/example_dags/example_branch_operator_decorator.py
[2025-08-14T18:03:45.751+0000] {logging_mixin.py:188} INFO - [2025-08-14T18:03:45.751+0000] {dag.py:3047} INFO - Sync 1 DAGs
[2025-08-14T18:03:45.768+0000] {logging_mixin.py:188} INFO - [2025-08-14T18:03:45.768+0000] {dag.py:3834} INFO - Setting next_dagrun for example_branch_python_operator_decorator to 2025-08-13 00:00:00+00:00, run_after=2025-08-14 00:00:00+00:00
[2025-08-14T18:03:45.783+0000] {processor.py:183} INFO - Processing /home/airflow/.local/lib/python3.8/site-packages/airflow/example_dags/example_branch_operator_decorator.py took 0.084 seconds
[2025-08-14T18:04:16.345+0000] {processor.py:161} INFO - Started process (PID=3107) to work on /home/airflow/.local/lib/python3.8/site-packages/airflow/example_dags/example_branch_operator_decorator.py
[2025-08-14T18:04:16.348+0000] {processor.py:830} INFO - Processing file /home/airflow/.local/lib/python3.8/site-packages/airflow/example_dags/example_branch_operator_decorator.py for tasks to queue
[2025-08-14T18:04:16.349+0000] {logging_mixin.py:188} INFO - [2025-08-14T18:04:16.349+0000] {dagbag.py:540} INFO - Filling up the DagBag from /home/airflow/.local/lib/python3.8/site-packages/airflow/example_dags/example_branch_operator_decorator.py
[2025-08-14T18:04:16.372+0000] {processor.py:840} INFO - DAG(s) 'example_branch_python_operator_decorator' retrieved from /home/airflow/.local/lib/python3.8/site-packages/airflow/example_dags/example_branch_operator_decorator.py
[2025-08-14T18:04:16.389+0000] {logging_mixin.py:188} INFO - [2025-08-14T18:04:16.389+0000] {dag.py:3047} INFO - Sync 1 DAGs
[2025-08-14T18:04:16.603+0000] {logging_mixin.py:188} INFO - [2025-08-14T18:04:16.603+0000] {dag.py:3834} INFO - Setting next_dagrun for example_branch_python_operator_decorator to 2025-08-13 00:00:00+00:00, run_after=2025-08-14 00:00:00+00:00
[2025-08-14T18:04:16.617+0000] {processor.py:183} INFO - Processing /home/airflow/.local/lib/python3.8/site-packages/airflow/example_dags/example_branch_operator_decorator.py took 0.274 seconds
[2025-08-14T18:04:46.919+0000] {processor.py:161} INFO - Started process (PID=3163) to work on /home/airflow/.local/lib/python3.8/site-packages/airflow/example_dags/example_branch_operator_decorator.py
[2025-08-14T18:04:46.920+0000] {processor.py:830} INFO - Processing file /home/airflow/.local/lib/python3.8/site-packages/airflow/example_dags/example_branch_operator_decorator.py for tasks to queue
[2025-08-14T18:04:46.921+0000] {logging_mixin.py:188} INFO - [2025-08-14T18:04:46.921+0000] {dagbag.py:540} INFO - Filling up the DagBag from /home/airflow/.local/lib/python3.8/site-packages/airflow/example_dags/example_branch_operator_decorator.py
[2025-08-14T18:04:46.931+0000] {processor.py:840} INFO - DAG(s) 'example_branch_python_operator_decorator' retrieved from /home/airflow/.local/lib/python3.8/site-packages/airflow/example_dags/example_branch_operator_decorator.py
[2025-08-14T18:04:46.946+0000] {logging_mixin.py:188} INFO - [2025-08-14T18:04:46.946+0000] {dag.py:3047} INFO - Sync 1 DAGs
[2025-08-14T18:04:46.958+0000] {logging_mixin.py:188} INFO - [2025-08-14T18:04:46.958+0000] {dag.py:3834} INFO - Setting next_dagrun for example_branch_python_operator_decorator to 2025-08-13 00:00:00+00:00, run_after=2025-08-14 00:00:00+00:00
[2025-08-14T18:04:46.967+0000] {processor.py:183} INFO - Processing /home/airflow/.local/lib/python3.8/site-packages/airflow/example_dags/example_branch_operator_decorator.py took 0.050 seconds
[2025-08-14T18:05:17.624+0000] {processor.py:161} INFO - Started process (PID=3217) to work on /home/airflow/.local/lib/python3.8/site-packages/airflow/example_dags/example_branch_operator_decorator.py
[2025-08-14T18:05:17.625+0000] {processor.py:830} INFO - Processing file /home/airflow/.local/lib/python3.8/site-packages/airflow/example_dags/example_branch_operator_decorator.py for tasks to queue
[2025-08-14T18:05:17.626+0000] {logging_mixin.py:188} INFO - [2025-08-14T18:05:17.626+0000] {dagbag.py:540} INFO - Filling up the DagBag from /home/airflow/.local/lib/python3.8/site-packages/airflow/example_dags/example_branch_operator_decorator.py
[2025-08-14T18:05:17.639+0000] {processor.py:840} INFO - DAG(s) 'example_branch_python_operator_decorator' retrieved from /home/airflow/.local/lib/python3.8/site-packages/airflow/example_dags/example_branch_operator_decorator.py
[2025-08-14T18:05:17.656+0000] {logging_mixin.py:188} INFO - [2025-08-14T18:05:17.655+0000] {dag.py:3047} INFO - Sync 1 DAGs
[2025-08-14T18:05:17.670+0000] {logging_mixin.py:188} INFO - [2025-08-14T18:05:17.670+0000] {dag.py:3834} INFO - Setting next_dagrun for example_branch_python_operator_decorator to 2025-08-13 00:00:00+00:00, run_after=2025-08-14 00:00:00+00:00
[2025-08-14T18:05:17.686+0000] {processor.py:183} INFO - Processing /home/airflow/.local/lib/python3.8/site-packages/airflow/example_dags/example_branch_operator_decorator.py took 0.064 seconds
[2025-08-14T18:05:48.810+0000] {processor.py:161} INFO - Started process (PID=3273) to work on /home/airflow/.local/lib/python3.8/site-packages/airflow/example_dags/example_branch_operator_decorator.py
[2025-08-14T18:05:48.811+0000] {processor.py:830} INFO - Processing file /home/airflow/.local/lib/python3.8/site-packages/airflow/example_dags/example_branch_operator_decorator.py for tasks to queue
[2025-08-14T18:05:48.813+0000] {logging_mixin.py:188} INFO - [2025-08-14T18:05:48.813+0000] {dagbag.py:540} INFO - Filling up the DagBag from /home/airflow/.local/lib/python3.8/site-packages/airflow/example_dags/example_branch_operator_decorator.py
[2025-08-14T18:05:48.825+0000] {processor.py:840} INFO - DAG(s) 'example_branch_python_operator_decorator' retrieved from /home/airflow/.local/lib/python3.8/site-packages/airflow/example_dags/example_branch_operator_decorator.py
[2025-08-14T18:05:48.842+0000] {logging_mixin.py:188} INFO - [2025-08-14T18:05:48.841+0000] {dag.py:3047} INFO - Sync 1 DAGs
[2025-08-14T18:05:48.861+0000] {logging_mixin.py:188} INFO - [2025-08-14T18:05:48.861+0000] {dag.py:3834} INFO - Setting next_dagrun for example_branch_python_operator_decorator to 2025-08-13 00:00:00+00:00, run_after=2025-08-14 00:00:00+00:00
[2025-08-14T18:05:48.878+0000] {processor.py:183} INFO - Processing /home/airflow/.local/lib/python3.8/site-packages/airflow/example_dags/example_branch_operator_decorator.py took 0.071 seconds
