[2025-08-14T17:36:48.843+0000] {processor.py:161} INFO - Started process (PID=87) to work on /home/airflow/.local/lib/python3.8/site-packages/airflow/example_dags/example_short_circuit_decorator.py
[2025-08-14T17:36:48.844+0000] {processor.py:830} INFO - Processing file /home/airflow/.local/lib/python3.8/site-packages/airflow/example_dags/example_short_circuit_decorator.py for tasks to queue
[2025-08-14T17:36:48.846+0000] {logging_mixin.py:188} INFO - [2025-08-14T17:36:48.846+0000] {dagbag.py:540} INFO - Filling up the DagBag from /home/airflow/.local/lib/python3.8/site-packages/airflow/example_dags/example_short_circuit_decorator.py
[2025-08-14T17:36:48.868+0000] {processor.py:840} INFO - DAG(s) 'example_short_circuit_decorator' retrieved from /home/airflow/.local/lib/python3.8/site-packages/airflow/example_dags/example_short_circuit_decorator.py
[2025-08-14T17:36:48.902+0000] {logging_mixin.py:188} INFO - [2025-08-14T17:36:48.901+0000] {dag.py:3047} INFO - Sync 1 DAGs
[2025-08-14T17:36:48.934+0000] {logging_mixin.py:188} INFO - [2025-08-14T17:36:48.934+0000] {dag.py:3834} INFO - Setting next_dagrun for example_short_circuit_decorator to 2025-08-13 00:00:00+00:00, run_after=2025-08-14 00:00:00+00:00
[2025-08-14T17:36:48.964+0000] {processor.py:183} INFO - Processing /home/airflow/.local/lib/python3.8/site-packages/airflow/example_dags/example_short_circuit_decorator.py took 0.127 seconds
[2025-08-14T17:37:19.258+0000] {processor.py:161} INFO - Started process (PID=143) to work on /home/airflow/.local/lib/python3.8/site-packages/airflow/example_dags/example_short_circuit_decorator.py
[2025-08-14T17:37:19.258+0000] {processor.py:830} INFO - Processing file /home/airflow/.local/lib/python3.8/site-packages/airflow/example_dags/example_short_circuit_decorator.py for tasks to queue
[2025-08-14T17:37:19.259+0000] {logging_mixin.py:188} INFO - [2025-08-14T17:37:19.259+0000] {dagbag.py:540} INFO - Filling up the DagBag from /home/airflow/.local/lib/python3.8/site-packages/airflow/example_dags/example_short_circuit_decorator.py
[2025-08-14T17:37:19.265+0000] {processor.py:840} INFO - DAG(s) 'example_short_circuit_decorator' retrieved from /home/airflow/.local/lib/python3.8/site-packages/airflow/example_dags/example_short_circuit_decorator.py
[2025-08-14T17:37:19.335+0000] {logging_mixin.py:188} INFO - [2025-08-14T17:37:19.335+0000] {dag.py:3047} INFO - Sync 1 DAGs
[2025-08-14T17:37:19.351+0000] {logging_mixin.py:188} INFO - [2025-08-14T17:37:19.351+0000] {dag.py:3834} INFO - Setting next_dagrun for example_short_circuit_decorator to 2025-08-13 00:00:00+00:00, run_after=2025-08-14 00:00:00+00:00
[2025-08-14T17:37:19.370+0000] {processor.py:183} INFO - Processing /home/airflow/.local/lib/python3.8/site-packages/airflow/example_dags/example_short_circuit_decorator.py took 0.115 seconds
[2025-08-14T17:37:49.663+0000] {processor.py:161} INFO - Started process (PID=199) to work on /home/airflow/.local/lib/python3.8/site-packages/airflow/example_dags/example_short_circuit_decorator.py
[2025-08-14T17:37:49.665+0000] {processor.py:830} INFO - Processing file /home/airflow/.local/lib/python3.8/site-packages/airflow/example_dags/example_short_circuit_decorator.py for tasks to queue
[2025-08-14T17:37:49.666+0000] {logging_mixin.py:188} INFO - [2025-08-14T17:37:49.666+0000] {dagbag.py:540} INFO - Filling up the DagBag from /home/airflow/.local/lib/python3.8/site-packages/airflow/example_dags/example_short_circuit_decorator.py
[2025-08-14T17:37:49.671+0000] {processor.py:840} INFO - DAG(s) 'example_short_circuit_decorator' retrieved from /home/airflow/.local/lib/python3.8/site-packages/airflow/example_dags/example_short_circuit_decorator.py
[2025-08-14T17:37:49.688+0000] {logging_mixin.py:188} INFO - [2025-08-14T17:37:49.688+0000] {dag.py:3047} INFO - Sync 1 DAGs
[2025-08-14T17:37:49.703+0000] {logging_mixin.py:188} INFO - [2025-08-14T17:37:49.703+0000] {dag.py:3834} INFO - Setting next_dagrun for example_short_circuit_decorator to 2025-08-13 00:00:00+00:00, run_after=2025-08-14 00:00:00+00:00
[2025-08-14T17:37:49.717+0000] {processor.py:183} INFO - Processing /home/airflow/.local/lib/python3.8/site-packages/airflow/example_dags/example_short_circuit_decorator.py took 0.057 seconds
[2025-08-14T17:38:20.554+0000] {processor.py:161} INFO - Started process (PID=255) to work on /home/airflow/.local/lib/python3.8/site-packages/airflow/example_dags/example_short_circuit_decorator.py
[2025-08-14T17:38:20.559+0000] {processor.py:830} INFO - Processing file /home/airflow/.local/lib/python3.8/site-packages/airflow/example_dags/example_short_circuit_decorator.py for tasks to queue
[2025-08-14T17:38:20.560+0000] {logging_mixin.py:188} INFO - [2025-08-14T17:38:20.560+0000] {dagbag.py:540} INFO - Filling up the DagBag from /home/airflow/.local/lib/python3.8/site-packages/airflow/example_dags/example_short_circuit_decorator.py
[2025-08-14T17:38:20.566+0000] {processor.py:840} INFO - DAG(s) 'example_short_circuit_decorator' retrieved from /home/airflow/.local/lib/python3.8/site-packages/airflow/example_dags/example_short_circuit_decorator.py
[2025-08-14T17:38:20.582+0000] {logging_mixin.py:188} INFO - [2025-08-14T17:38:20.582+0000] {dag.py:3047} INFO - Sync 1 DAGs
[2025-08-14T17:38:20.598+0000] {logging_mixin.py:188} INFO - [2025-08-14T17:38:20.598+0000] {dag.py:3834} INFO - Setting next_dagrun for example_short_circuit_decorator to 2025-08-13 00:00:00+00:00, run_after=2025-08-14 00:00:00+00:00
[2025-08-14T17:38:20.610+0000] {processor.py:183} INFO - Processing /home/airflow/.local/lib/python3.8/site-packages/airflow/example_dags/example_short_circuit_decorator.py took 0.057 seconds
[2025-08-14T17:38:51.126+0000] {processor.py:161} INFO - Started process (PID=312) to work on /home/airflow/.local/lib/python3.8/site-packages/airflow/example_dags/example_short_circuit_decorator.py
[2025-08-14T17:38:51.127+0000] {processor.py:830} INFO - Processing file /home/airflow/.local/lib/python3.8/site-packages/airflow/example_dags/example_short_circuit_decorator.py for tasks to queue
[2025-08-14T17:38:51.129+0000] {logging_mixin.py:188} INFO - [2025-08-14T17:38:51.129+0000] {dagbag.py:540} INFO - Filling up the DagBag from /home/airflow/.local/lib/python3.8/site-packages/airflow/example_dags/example_short_circuit_decorator.py
[2025-08-14T17:38:51.136+0000] {processor.py:840} INFO - DAG(s) 'example_short_circuit_decorator' retrieved from /home/airflow/.local/lib/python3.8/site-packages/airflow/example_dags/example_short_circuit_decorator.py
[2025-08-14T17:38:51.151+0000] {logging_mixin.py:188} INFO - [2025-08-14T17:38:51.151+0000] {dag.py:3047} INFO - Sync 1 DAGs
[2025-08-14T17:38:51.164+0000] {logging_mixin.py:188} INFO - [2025-08-14T17:38:51.164+0000] {dag.py:3834} INFO - Setting next_dagrun for example_short_circuit_decorator to 2025-08-13 00:00:00+00:00, run_after=2025-08-14 00:00:00+00:00
[2025-08-14T17:38:51.180+0000] {processor.py:183} INFO - Processing /home/airflow/.local/lib/python3.8/site-packages/airflow/example_dags/example_short_circuit_decorator.py took 0.056 seconds
[2025-08-14T17:39:21.418+0000] {processor.py:161} INFO - Started process (PID=368) to work on /home/airflow/.local/lib/python3.8/site-packages/airflow/example_dags/example_short_circuit_decorator.py
[2025-08-14T17:39:21.419+0000] {processor.py:830} INFO - Processing file /home/airflow/.local/lib/python3.8/site-packages/airflow/example_dags/example_short_circuit_decorator.py for tasks to queue
[2025-08-14T17:39:21.420+0000] {logging_mixin.py:188} INFO - [2025-08-14T17:39:21.420+0000] {dagbag.py:540} INFO - Filling up the DagBag from /home/airflow/.local/lib/python3.8/site-packages/airflow/example_dags/example_short_circuit_decorator.py
[2025-08-14T17:39:21.426+0000] {processor.py:840} INFO - DAG(s) 'example_short_circuit_decorator' retrieved from /home/airflow/.local/lib/python3.8/site-packages/airflow/example_dags/example_short_circuit_decorator.py
[2025-08-14T17:39:21.442+0000] {logging_mixin.py:188} INFO - [2025-08-14T17:39:21.442+0000] {dag.py:3047} INFO - Sync 1 DAGs
[2025-08-14T17:39:21.456+0000] {logging_mixin.py:188} INFO - [2025-08-14T17:39:21.456+0000] {dag.py:3834} INFO - Setting next_dagrun for example_short_circuit_decorator to 2025-08-13 00:00:00+00:00, run_after=2025-08-14 00:00:00+00:00
[2025-08-14T17:39:21.473+0000] {processor.py:183} INFO - Processing /home/airflow/.local/lib/python3.8/site-packages/airflow/example_dags/example_short_circuit_decorator.py took 0.057 seconds
[2025-08-14T17:39:52.441+0000] {processor.py:161} INFO - Started process (PID=424) to work on /home/airflow/.local/lib/python3.8/site-packages/airflow/example_dags/example_short_circuit_decorator.py
[2025-08-14T17:39:52.442+0000] {processor.py:830} INFO - Processing file /home/airflow/.local/lib/python3.8/site-packages/airflow/example_dags/example_short_circuit_decorator.py for tasks to queue
[2025-08-14T17:39:52.444+0000] {logging_mixin.py:188} INFO - [2025-08-14T17:39:52.443+0000] {dagbag.py:540} INFO - Filling up the DagBag from /home/airflow/.local/lib/python3.8/site-packages/airflow/example_dags/example_short_circuit_decorator.py
[2025-08-14T17:39:52.449+0000] {processor.py:840} INFO - DAG(s) 'example_short_circuit_decorator' retrieved from /home/airflow/.local/lib/python3.8/site-packages/airflow/example_dags/example_short_circuit_decorator.py
[2025-08-14T17:39:52.472+0000] {logging_mixin.py:188} INFO - [2025-08-14T17:39:52.472+0000] {dag.py:3047} INFO - Sync 1 DAGs
[2025-08-14T17:39:52.483+0000] {logging_mixin.py:188} INFO - [2025-08-14T17:39:52.483+0000] {dag.py:3834} INFO - Setting next_dagrun for example_short_circuit_decorator to 2025-08-13 00:00:00+00:00, run_after=2025-08-14 00:00:00+00:00
[2025-08-14T17:39:52.493+0000] {processor.py:183} INFO - Processing /home/airflow/.local/lib/python3.8/site-packages/airflow/example_dags/example_short_circuit_decorator.py took 0.054 seconds
[2025-08-14T17:40:22.940+0000] {processor.py:161} INFO - Started process (PID=480) to work on /home/airflow/.local/lib/python3.8/site-packages/airflow/example_dags/example_short_circuit_decorator.py
[2025-08-14T17:40:22.941+0000] {processor.py:830} INFO - Processing file /home/airflow/.local/lib/python3.8/site-packages/airflow/example_dags/example_short_circuit_decorator.py for tasks to queue
[2025-08-14T17:40:22.942+0000] {logging_mixin.py:188} INFO - [2025-08-14T17:40:22.942+0000] {dagbag.py:540} INFO - Filling up the DagBag from /home/airflow/.local/lib/python3.8/site-packages/airflow/example_dags/example_short_circuit_decorator.py
[2025-08-14T17:40:22.947+0000] {processor.py:840} INFO - DAG(s) 'example_short_circuit_decorator' retrieved from /home/airflow/.local/lib/python3.8/site-packages/airflow/example_dags/example_short_circuit_decorator.py
[2025-08-14T17:40:22.965+0000] {logging_mixin.py:188} INFO - [2025-08-14T17:40:22.965+0000] {dag.py:3047} INFO - Sync 1 DAGs
[2025-08-14T17:40:22.979+0000] {logging_mixin.py:188} INFO - [2025-08-14T17:40:22.979+0000] {dag.py:3834} INFO - Setting next_dagrun for example_short_circuit_decorator to 2025-08-13 00:00:00+00:00, run_after=2025-08-14 00:00:00+00:00
[2025-08-14T17:40:22.997+0000] {processor.py:183} INFO - Processing /home/airflow/.local/lib/python3.8/site-packages/airflow/example_dags/example_short_circuit_decorator.py took 0.059 seconds
[2025-08-14T17:40:53.694+0000] {processor.py:161} INFO - Started process (PID=536) to work on /home/airflow/.local/lib/python3.8/site-packages/airflow/example_dags/example_short_circuit_decorator.py
[2025-08-14T17:40:53.694+0000] {processor.py:830} INFO - Processing file /home/airflow/.local/lib/python3.8/site-packages/airflow/example_dags/example_short_circuit_decorator.py for tasks to queue
[2025-08-14T17:40:53.695+0000] {logging_mixin.py:188} INFO - [2025-08-14T17:40:53.695+0000] {dagbag.py:540} INFO - Filling up the DagBag from /home/airflow/.local/lib/python3.8/site-packages/airflow/example_dags/example_short_circuit_decorator.py
[2025-08-14T17:40:53.700+0000] {processor.py:840} INFO - DAG(s) 'example_short_circuit_decorator' retrieved from /home/airflow/.local/lib/python3.8/site-packages/airflow/example_dags/example_short_circuit_decorator.py
[2025-08-14T17:40:53.713+0000] {logging_mixin.py:188} INFO - [2025-08-14T17:40:53.713+0000] {dag.py:3047} INFO - Sync 1 DAGs
[2025-08-14T17:40:53.724+0000] {logging_mixin.py:188} INFO - [2025-08-14T17:40:53.724+0000] {dag.py:3834} INFO - Setting next_dagrun for example_short_circuit_decorator to 2025-08-13 00:00:00+00:00, run_after=2025-08-14 00:00:00+00:00
[2025-08-14T17:40:53.738+0000] {processor.py:183} INFO - Processing /home/airflow/.local/lib/python3.8/site-packages/airflow/example_dags/example_short_circuit_decorator.py took 0.046 seconds
[2025-08-14T17:41:24.010+0000] {processor.py:161} INFO - Started process (PID=592) to work on /home/airflow/.local/lib/python3.8/site-packages/airflow/example_dags/example_short_circuit_decorator.py
[2025-08-14T17:41:24.012+0000] {processor.py:830} INFO - Processing file /home/airflow/.local/lib/python3.8/site-packages/airflow/example_dags/example_short_circuit_decorator.py for tasks to queue
[2025-08-14T17:41:24.013+0000] {logging_mixin.py:188} INFO - [2025-08-14T17:41:24.013+0000] {dagbag.py:540} INFO - Filling up the DagBag from /home/airflow/.local/lib/python3.8/site-packages/airflow/example_dags/example_short_circuit_decorator.py
[2025-08-14T17:41:24.019+0000] {processor.py:840} INFO - DAG(s) 'example_short_circuit_decorator' retrieved from /home/airflow/.local/lib/python3.8/site-packages/airflow/example_dags/example_short_circuit_decorator.py
[2025-08-14T17:41:24.031+0000] {logging_mixin.py:188} INFO - [2025-08-14T17:41:24.031+0000] {dag.py:3047} INFO - Sync 1 DAGs
[2025-08-14T17:41:24.044+0000] {logging_mixin.py:188} INFO - [2025-08-14T17:41:24.044+0000] {dag.py:3834} INFO - Setting next_dagrun for example_short_circuit_decorator to 2025-08-13 00:00:00+00:00, run_after=2025-08-14 00:00:00+00:00
[2025-08-14T17:41:24.060+0000] {processor.py:183} INFO - Processing /home/airflow/.local/lib/python3.8/site-packages/airflow/example_dags/example_short_circuit_decorator.py took 0.052 seconds
[2025-08-14T17:41:54.678+0000] {processor.py:161} INFO - Started process (PID=648) to work on /home/airflow/.local/lib/python3.8/site-packages/airflow/example_dags/example_short_circuit_decorator.py
[2025-08-14T17:41:54.679+0000] {processor.py:830} INFO - Processing file /home/airflow/.local/lib/python3.8/site-packages/airflow/example_dags/example_short_circuit_decorator.py for tasks to queue
[2025-08-14T17:41:54.680+0000] {logging_mixin.py:188} INFO - [2025-08-14T17:41:54.680+0000] {dagbag.py:540} INFO - Filling up the DagBag from /home/airflow/.local/lib/python3.8/site-packages/airflow/example_dags/example_short_circuit_decorator.py
[2025-08-14T17:41:54.685+0000] {processor.py:840} INFO - DAG(s) 'example_short_circuit_decorator' retrieved from /home/airflow/.local/lib/python3.8/site-packages/airflow/example_dags/example_short_circuit_decorator.py
[2025-08-14T17:41:54.700+0000] {logging_mixin.py:188} INFO - [2025-08-14T17:41:54.700+0000] {dag.py:3047} INFO - Sync 1 DAGs
[2025-08-14T17:41:54.715+0000] {logging_mixin.py:188} INFO - [2025-08-14T17:41:54.715+0000] {dag.py:3834} INFO - Setting next_dagrun for example_short_circuit_decorator to 2025-08-13 00:00:00+00:00, run_after=2025-08-14 00:00:00+00:00
[2025-08-14T17:41:54.727+0000] {processor.py:183} INFO - Processing /home/airflow/.local/lib/python3.8/site-packages/airflow/example_dags/example_short_circuit_decorator.py took 0.051 seconds
[2025-08-14T17:42:25.476+0000] {processor.py:161} INFO - Started process (PID=704) to work on /home/airflow/.local/lib/python3.8/site-packages/airflow/example_dags/example_short_circuit_decorator.py
[2025-08-14T17:42:25.477+0000] {processor.py:830} INFO - Processing file /home/airflow/.local/lib/python3.8/site-packages/airflow/example_dags/example_short_circuit_decorator.py for tasks to queue
[2025-08-14T17:42:25.479+0000] {logging_mixin.py:188} INFO - [2025-08-14T17:42:25.478+0000] {dagbag.py:540} INFO - Filling up the DagBag from /home/airflow/.local/lib/python3.8/site-packages/airflow/example_dags/example_short_circuit_decorator.py
[2025-08-14T17:42:25.485+0000] {processor.py:840} INFO - DAG(s) 'example_short_circuit_decorator' retrieved from /home/airflow/.local/lib/python3.8/site-packages/airflow/example_dags/example_short_circuit_decorator.py
[2025-08-14T17:42:25.507+0000] {logging_mixin.py:188} INFO - [2025-08-14T17:42:25.507+0000] {dag.py:3047} INFO - Sync 1 DAGs
[2025-08-14T17:42:25.524+0000] {logging_mixin.py:188} INFO - [2025-08-14T17:42:25.524+0000] {dag.py:3834} INFO - Setting next_dagrun for example_short_circuit_decorator to 2025-08-13 00:00:00+00:00, run_after=2025-08-14 00:00:00+00:00
[2025-08-14T17:42:25.544+0000] {processor.py:183} INFO - Processing /home/airflow/.local/lib/python3.8/site-packages/airflow/example_dags/example_short_circuit_decorator.py took 0.073 seconds
[2025-08-14T17:42:55.670+0000] {processor.py:161} INFO - Started process (PID=760) to work on /home/airflow/.local/lib/python3.8/site-packages/airflow/example_dags/example_short_circuit_decorator.py
[2025-08-14T17:42:55.673+0000] {processor.py:830} INFO - Processing file /home/airflow/.local/lib/python3.8/site-packages/airflow/example_dags/example_short_circuit_decorator.py for tasks to queue
[2025-08-14T17:42:55.675+0000] {logging_mixin.py:188} INFO - [2025-08-14T17:42:55.675+0000] {dagbag.py:540} INFO - Filling up the DagBag from /home/airflow/.local/lib/python3.8/site-packages/airflow/example_dags/example_short_circuit_decorator.py
[2025-08-14T17:42:55.681+0000] {processor.py:840} INFO - DAG(s) 'example_short_circuit_decorator' retrieved from /home/airflow/.local/lib/python3.8/site-packages/airflow/example_dags/example_short_circuit_decorator.py
[2025-08-14T17:42:55.696+0000] {logging_mixin.py:188} INFO - [2025-08-14T17:42:55.696+0000] {dag.py:3047} INFO - Sync 1 DAGs
[2025-08-14T17:42:55.708+0000] {logging_mixin.py:188} INFO - [2025-08-14T17:42:55.708+0000] {dag.py:3834} INFO - Setting next_dagrun for example_short_circuit_decorator to 2025-08-13 00:00:00+00:00, run_after=2025-08-14 00:00:00+00:00
[2025-08-14T17:42:55.718+0000] {processor.py:183} INFO - Processing /home/airflow/.local/lib/python3.8/site-packages/airflow/example_dags/example_short_circuit_decorator.py took 0.050 seconds
[2025-08-14T17:43:26.344+0000] {processor.py:161} INFO - Started process (PID=816) to work on /home/airflow/.local/lib/python3.8/site-packages/airflow/example_dags/example_short_circuit_decorator.py
[2025-08-14T17:43:26.346+0000] {processor.py:830} INFO - Processing file /home/airflow/.local/lib/python3.8/site-packages/airflow/example_dags/example_short_circuit_decorator.py for tasks to queue
[2025-08-14T17:43:26.347+0000] {logging_mixin.py:188} INFO - [2025-08-14T17:43:26.347+0000] {dagbag.py:540} INFO - Filling up the DagBag from /home/airflow/.local/lib/python3.8/site-packages/airflow/example_dags/example_short_circuit_decorator.py
[2025-08-14T17:43:26.352+0000] {processor.py:840} INFO - DAG(s) 'example_short_circuit_decorator' retrieved from /home/airflow/.local/lib/python3.8/site-packages/airflow/example_dags/example_short_circuit_decorator.py
[2025-08-14T17:43:26.366+0000] {logging_mixin.py:188} INFO - [2025-08-14T17:43:26.366+0000] {dag.py:3047} INFO - Sync 1 DAGs
[2025-08-14T17:43:26.391+0000] {logging_mixin.py:188} INFO - [2025-08-14T17:43:26.391+0000] {dag.py:3834} INFO - Setting next_dagrun for example_short_circuit_decorator to 2025-08-13 00:00:00+00:00, run_after=2025-08-14 00:00:00+00:00
[2025-08-14T17:43:26.402+0000] {processor.py:183} INFO - Processing /home/airflow/.local/lib/python3.8/site-packages/airflow/example_dags/example_short_circuit_decorator.py took 0.060 seconds
[2025-08-14T17:43:56.608+0000] {processor.py:161} INFO - Started process (PID=872) to work on /home/airflow/.local/lib/python3.8/site-packages/airflow/example_dags/example_short_circuit_decorator.py
[2025-08-14T17:43:56.611+0000] {processor.py:830} INFO - Processing file /home/airflow/.local/lib/python3.8/site-packages/airflow/example_dags/example_short_circuit_decorator.py for tasks to queue
[2025-08-14T17:43:56.612+0000] {logging_mixin.py:188} INFO - [2025-08-14T17:43:56.612+0000] {dagbag.py:540} INFO - Filling up the DagBag from /home/airflow/.local/lib/python3.8/site-packages/airflow/example_dags/example_short_circuit_decorator.py
[2025-08-14T17:43:56.617+0000] {processor.py:840} INFO - DAG(s) 'example_short_circuit_decorator' retrieved from /home/airflow/.local/lib/python3.8/site-packages/airflow/example_dags/example_short_circuit_decorator.py
[2025-08-14T17:43:56.633+0000] {logging_mixin.py:188} INFO - [2025-08-14T17:43:56.633+0000] {dag.py:3047} INFO - Sync 1 DAGs
[2025-08-14T17:43:56.644+0000] {logging_mixin.py:188} INFO - [2025-08-14T17:43:56.644+0000] {dag.py:3834} INFO - Setting next_dagrun for example_short_circuit_decorator to 2025-08-13 00:00:00+00:00, run_after=2025-08-14 00:00:00+00:00
[2025-08-14T17:43:56.654+0000] {processor.py:183} INFO - Processing /home/airflow/.local/lib/python3.8/site-packages/airflow/example_dags/example_short_circuit_decorator.py took 0.048 seconds
[2025-08-14T17:44:26.907+0000] {processor.py:161} INFO - Started process (PID=928) to work on /home/airflow/.local/lib/python3.8/site-packages/airflow/example_dags/example_short_circuit_decorator.py
[2025-08-14T17:44:26.908+0000] {processor.py:830} INFO - Processing file /home/airflow/.local/lib/python3.8/site-packages/airflow/example_dags/example_short_circuit_decorator.py for tasks to queue
[2025-08-14T17:44:26.909+0000] {logging_mixin.py:188} INFO - [2025-08-14T17:44:26.909+0000] {dagbag.py:540} INFO - Filling up the DagBag from /home/airflow/.local/lib/python3.8/site-packages/airflow/example_dags/example_short_circuit_decorator.py
[2025-08-14T17:44:26.918+0000] {processor.py:840} INFO - DAG(s) 'example_short_circuit_decorator' retrieved from /home/airflow/.local/lib/python3.8/site-packages/airflow/example_dags/example_short_circuit_decorator.py
[2025-08-14T17:44:26.938+0000] {logging_mixin.py:188} INFO - [2025-08-14T17:44:26.938+0000] {dag.py:3047} INFO - Sync 1 DAGs
[2025-08-14T17:44:26.952+0000] {logging_mixin.py:188} INFO - [2025-08-14T17:44:26.952+0000] {dag.py:3834} INFO - Setting next_dagrun for example_short_circuit_decorator to 2025-08-13 00:00:00+00:00, run_after=2025-08-14 00:00:00+00:00
[2025-08-14T17:44:26.963+0000] {processor.py:183} INFO - Processing /home/airflow/.local/lib/python3.8/site-packages/airflow/example_dags/example_short_circuit_decorator.py took 0.058 seconds
[2025-08-14T17:44:57.212+0000] {processor.py:161} INFO - Started process (PID=984) to work on /home/airflow/.local/lib/python3.8/site-packages/airflow/example_dags/example_short_circuit_decorator.py
[2025-08-14T17:44:57.213+0000] {processor.py:830} INFO - Processing file /home/airflow/.local/lib/python3.8/site-packages/airflow/example_dags/example_short_circuit_decorator.py for tasks to queue
[2025-08-14T17:44:57.214+0000] {logging_mixin.py:188} INFO - [2025-08-14T17:44:57.214+0000] {dagbag.py:540} INFO - Filling up the DagBag from /home/airflow/.local/lib/python3.8/site-packages/airflow/example_dags/example_short_circuit_decorator.py
[2025-08-14T17:44:57.222+0000] {processor.py:840} INFO - DAG(s) 'example_short_circuit_decorator' retrieved from /home/airflow/.local/lib/python3.8/site-packages/airflow/example_dags/example_short_circuit_decorator.py
[2025-08-14T17:44:57.237+0000] {logging_mixin.py:188} INFO - [2025-08-14T17:44:57.237+0000] {dag.py:3047} INFO - Sync 1 DAGs
[2025-08-14T17:44:57.248+0000] {logging_mixin.py:188} INFO - [2025-08-14T17:44:57.247+0000] {dag.py:3834} INFO - Setting next_dagrun for example_short_circuit_decorator to 2025-08-13 00:00:00+00:00, run_after=2025-08-14 00:00:00+00:00
[2025-08-14T17:44:57.257+0000] {processor.py:183} INFO - Processing /home/airflow/.local/lib/python3.8/site-packages/airflow/example_dags/example_short_circuit_decorator.py took 0.047 seconds
[2025-08-14T17:45:27.476+0000] {processor.py:161} INFO - Started process (PID=1040) to work on /home/airflow/.local/lib/python3.8/site-packages/airflow/example_dags/example_short_circuit_decorator.py
[2025-08-14T17:45:27.477+0000] {processor.py:830} INFO - Processing file /home/airflow/.local/lib/python3.8/site-packages/airflow/example_dags/example_short_circuit_decorator.py for tasks to queue
[2025-08-14T17:45:27.479+0000] {logging_mixin.py:188} INFO - [2025-08-14T17:45:27.479+0000] {dagbag.py:540} INFO - Filling up the DagBag from /home/airflow/.local/lib/python3.8/site-packages/airflow/example_dags/example_short_circuit_decorator.py
[2025-08-14T17:45:27.485+0000] {processor.py:840} INFO - DAG(s) 'example_short_circuit_decorator' retrieved from /home/airflow/.local/lib/python3.8/site-packages/airflow/example_dags/example_short_circuit_decorator.py
[2025-08-14T17:45:27.501+0000] {logging_mixin.py:188} INFO - [2025-08-14T17:45:27.501+0000] {dag.py:3047} INFO - Sync 1 DAGs
[2025-08-14T17:45:27.512+0000] {logging_mixin.py:188} INFO - [2025-08-14T17:45:27.512+0000] {dag.py:3834} INFO - Setting next_dagrun for example_short_circuit_decorator to 2025-08-13 00:00:00+00:00, run_after=2025-08-14 00:00:00+00:00
[2025-08-14T17:45:27.523+0000] {processor.py:183} INFO - Processing /home/airflow/.local/lib/python3.8/site-packages/airflow/example_dags/example_short_circuit_decorator.py took 0.049 seconds
[2025-08-14T17:45:58.112+0000] {processor.py:161} INFO - Started process (PID=1096) to work on /home/airflow/.local/lib/python3.8/site-packages/airflow/example_dags/example_short_circuit_decorator.py
[2025-08-14T17:45:58.114+0000] {processor.py:830} INFO - Processing file /home/airflow/.local/lib/python3.8/site-packages/airflow/example_dags/example_short_circuit_decorator.py for tasks to queue
[2025-08-14T17:45:58.115+0000] {logging_mixin.py:188} INFO - [2025-08-14T17:45:58.114+0000] {dagbag.py:540} INFO - Filling up the DagBag from /home/airflow/.local/lib/python3.8/site-packages/airflow/example_dags/example_short_circuit_decorator.py
[2025-08-14T17:45:58.122+0000] {processor.py:840} INFO - DAG(s) 'example_short_circuit_decorator' retrieved from /home/airflow/.local/lib/python3.8/site-packages/airflow/example_dags/example_short_circuit_decorator.py
[2025-08-14T17:45:58.137+0000] {logging_mixin.py:188} INFO - [2025-08-14T17:45:58.137+0000] {dag.py:3047} INFO - Sync 1 DAGs
[2025-08-14T17:45:58.153+0000] {logging_mixin.py:188} INFO - [2025-08-14T17:45:58.153+0000] {dag.py:3834} INFO - Setting next_dagrun for example_short_circuit_decorator to 2025-08-13 00:00:00+00:00, run_after=2025-08-14 00:00:00+00:00
[2025-08-14T17:45:58.170+0000] {processor.py:183} INFO - Processing /home/airflow/.local/lib/python3.8/site-packages/airflow/example_dags/example_short_circuit_decorator.py took 0.060 seconds
[2025-08-14T17:46:28.418+0000] {processor.py:161} INFO - Started process (PID=1152) to work on /home/airflow/.local/lib/python3.8/site-packages/airflow/example_dags/example_short_circuit_decorator.py
[2025-08-14T17:46:28.418+0000] {processor.py:830} INFO - Processing file /home/airflow/.local/lib/python3.8/site-packages/airflow/example_dags/example_short_circuit_decorator.py for tasks to queue
[2025-08-14T17:46:28.419+0000] {logging_mixin.py:188} INFO - [2025-08-14T17:46:28.419+0000] {dagbag.py:540} INFO - Filling up the DagBag from /home/airflow/.local/lib/python3.8/site-packages/airflow/example_dags/example_short_circuit_decorator.py
[2025-08-14T17:46:28.424+0000] {processor.py:840} INFO - DAG(s) 'example_short_circuit_decorator' retrieved from /home/airflow/.local/lib/python3.8/site-packages/airflow/example_dags/example_short_circuit_decorator.py
[2025-08-14T17:46:28.435+0000] {logging_mixin.py:188} INFO - [2025-08-14T17:46:28.434+0000] {dag.py:3047} INFO - Sync 1 DAGs
[2025-08-14T17:46:28.444+0000] {logging_mixin.py:188} INFO - [2025-08-14T17:46:28.444+0000] {dag.py:3834} INFO - Setting next_dagrun for example_short_circuit_decorator to 2025-08-13 00:00:00+00:00, run_after=2025-08-14 00:00:00+00:00
[2025-08-14T17:46:28.452+0000] {processor.py:183} INFO - Processing /home/airflow/.local/lib/python3.8/site-packages/airflow/example_dags/example_short_circuit_decorator.py took 0.036 seconds
[2025-08-14T17:46:59.532+0000] {processor.py:161} INFO - Started process (PID=1208) to work on /home/airflow/.local/lib/python3.8/site-packages/airflow/example_dags/example_short_circuit_decorator.py
[2025-08-14T17:46:59.534+0000] {processor.py:830} INFO - Processing file /home/airflow/.local/lib/python3.8/site-packages/airflow/example_dags/example_short_circuit_decorator.py for tasks to queue
[2025-08-14T17:46:59.536+0000] {logging_mixin.py:188} INFO - [2025-08-14T17:46:59.536+0000] {dagbag.py:540} INFO - Filling up the DagBag from /home/airflow/.local/lib/python3.8/site-packages/airflow/example_dags/example_short_circuit_decorator.py
[2025-08-14T17:46:59.546+0000] {processor.py:840} INFO - DAG(s) 'example_short_circuit_decorator' retrieved from /home/airflow/.local/lib/python3.8/site-packages/airflow/example_dags/example_short_circuit_decorator.py
[2025-08-14T17:46:59.568+0000] {logging_mixin.py:188} INFO - [2025-08-14T17:46:59.568+0000] {dag.py:3047} INFO - Sync 1 DAGs
[2025-08-14T17:46:59.595+0000] {logging_mixin.py:188} INFO - [2025-08-14T17:46:59.594+0000] {dag.py:3834} INFO - Setting next_dagrun for example_short_circuit_decorator to 2025-08-13 00:00:00+00:00, run_after=2025-08-14 00:00:00+00:00
[2025-08-14T17:46:59.608+0000] {processor.py:183} INFO - Processing /home/airflow/.local/lib/python3.8/site-packages/airflow/example_dags/example_short_circuit_decorator.py took 0.078 seconds
[2025-08-14T17:47:30.271+0000] {processor.py:161} INFO - Started process (PID=1264) to work on /home/airflow/.local/lib/python3.8/site-packages/airflow/example_dags/example_short_circuit_decorator.py
[2025-08-14T17:47:30.273+0000] {processor.py:830} INFO - Processing file /home/airflow/.local/lib/python3.8/site-packages/airflow/example_dags/example_short_circuit_decorator.py for tasks to queue
[2025-08-14T17:47:30.276+0000] {logging_mixin.py:188} INFO - [2025-08-14T17:47:30.275+0000] {dagbag.py:540} INFO - Filling up the DagBag from /home/airflow/.local/lib/python3.8/site-packages/airflow/example_dags/example_short_circuit_decorator.py
[2025-08-14T17:47:30.283+0000] {processor.py:840} INFO - DAG(s) 'example_short_circuit_decorator' retrieved from /home/airflow/.local/lib/python3.8/site-packages/airflow/example_dags/example_short_circuit_decorator.py
[2025-08-14T17:47:30.301+0000] {logging_mixin.py:188} INFO - [2025-08-14T17:47:30.301+0000] {dag.py:3047} INFO - Sync 1 DAGs
[2025-08-14T17:47:30.313+0000] {logging_mixin.py:188} INFO - [2025-08-14T17:47:30.313+0000] {dag.py:3834} INFO - Setting next_dagrun for example_short_circuit_decorator to 2025-08-13 00:00:00+00:00, run_after=2025-08-14 00:00:00+00:00
[2025-08-14T17:47:30.323+0000] {processor.py:183} INFO - Processing /home/airflow/.local/lib/python3.8/site-packages/airflow/example_dags/example_short_circuit_decorator.py took 0.054 seconds
[2025-08-14T17:48:00.621+0000] {processor.py:161} INFO - Started process (PID=1320) to work on /home/airflow/.local/lib/python3.8/site-packages/airflow/example_dags/example_short_circuit_decorator.py
[2025-08-14T17:48:00.622+0000] {processor.py:830} INFO - Processing file /home/airflow/.local/lib/python3.8/site-packages/airflow/example_dags/example_short_circuit_decorator.py for tasks to queue
[2025-08-14T17:48:00.623+0000] {logging_mixin.py:188} INFO - [2025-08-14T17:48:00.622+0000] {dagbag.py:540} INFO - Filling up the DagBag from /home/airflow/.local/lib/python3.8/site-packages/airflow/example_dags/example_short_circuit_decorator.py
[2025-08-14T17:48:00.628+0000] {processor.py:840} INFO - DAG(s) 'example_short_circuit_decorator' retrieved from /home/airflow/.local/lib/python3.8/site-packages/airflow/example_dags/example_short_circuit_decorator.py
[2025-08-14T17:48:00.645+0000] {logging_mixin.py:188} INFO - [2025-08-14T17:48:00.645+0000] {dag.py:3047} INFO - Sync 1 DAGs
[2025-08-14T17:48:00.663+0000] {logging_mixin.py:188} INFO - [2025-08-14T17:48:00.662+0000] {dag.py:3834} INFO - Setting next_dagrun for example_short_circuit_decorator to 2025-08-13 00:00:00+00:00, run_after=2025-08-14 00:00:00+00:00
[2025-08-14T17:48:00.683+0000] {processor.py:183} INFO - Processing /home/airflow/.local/lib/python3.8/site-packages/airflow/example_dags/example_short_circuit_decorator.py took 0.064 seconds
[2025-08-14T17:48:30.970+0000] {processor.py:161} INFO - Started process (PID=1376) to work on /home/airflow/.local/lib/python3.8/site-packages/airflow/example_dags/example_short_circuit_decorator.py
[2025-08-14T17:48:30.972+0000] {processor.py:830} INFO - Processing file /home/airflow/.local/lib/python3.8/site-packages/airflow/example_dags/example_short_circuit_decorator.py for tasks to queue
[2025-08-14T17:48:30.977+0000] {logging_mixin.py:188} INFO - [2025-08-14T17:48:30.977+0000] {dagbag.py:540} INFO - Filling up the DagBag from /home/airflow/.local/lib/python3.8/site-packages/airflow/example_dags/example_short_circuit_decorator.py
[2025-08-14T17:48:30.987+0000] {processor.py:840} INFO - DAG(s) 'example_short_circuit_decorator' retrieved from /home/airflow/.local/lib/python3.8/site-packages/airflow/example_dags/example_short_circuit_decorator.py
[2025-08-14T17:48:31.006+0000] {logging_mixin.py:188} INFO - [2025-08-14T17:48:31.005+0000] {dag.py:3047} INFO - Sync 1 DAGs
[2025-08-14T17:48:31.018+0000] {logging_mixin.py:188} INFO - [2025-08-14T17:48:31.017+0000] {dag.py:3834} INFO - Setting next_dagrun for example_short_circuit_decorator to 2025-08-13 00:00:00+00:00, run_after=2025-08-14 00:00:00+00:00
[2025-08-14T17:48:31.030+0000] {processor.py:183} INFO - Processing /home/airflow/.local/lib/python3.8/site-packages/airflow/example_dags/example_short_circuit_decorator.py took 0.062 seconds
[2025-08-14T17:49:01.684+0000] {processor.py:161} INFO - Started process (PID=1432) to work on /home/airflow/.local/lib/python3.8/site-packages/airflow/example_dags/example_short_circuit_decorator.py
[2025-08-14T17:49:01.687+0000] {processor.py:830} INFO - Processing file /home/airflow/.local/lib/python3.8/site-packages/airflow/example_dags/example_short_circuit_decorator.py for tasks to queue
[2025-08-14T17:49:01.689+0000] {logging_mixin.py:188} INFO - [2025-08-14T17:49:01.689+0000] {dagbag.py:540} INFO - Filling up the DagBag from /home/airflow/.local/lib/python3.8/site-packages/airflow/example_dags/example_short_circuit_decorator.py
[2025-08-14T17:49:01.695+0000] {processor.py:840} INFO - DAG(s) 'example_short_circuit_decorator' retrieved from /home/airflow/.local/lib/python3.8/site-packages/airflow/example_dags/example_short_circuit_decorator.py
[2025-08-14T17:49:01.712+0000] {logging_mixin.py:188} INFO - [2025-08-14T17:49:01.712+0000] {dag.py:3047} INFO - Sync 1 DAGs
[2025-08-14T17:49:01.726+0000] {logging_mixin.py:188} INFO - [2025-08-14T17:49:01.725+0000] {dag.py:3834} INFO - Setting next_dagrun for example_short_circuit_decorator to 2025-08-13 00:00:00+00:00, run_after=2025-08-14 00:00:00+00:00
[2025-08-14T17:49:01.735+0000] {processor.py:183} INFO - Processing /home/airflow/.local/lib/python3.8/site-packages/airflow/example_dags/example_short_circuit_decorator.py took 0.054 seconds
[2025-08-14T17:49:31.902+0000] {processor.py:161} INFO - Started process (PID=1488) to work on /home/airflow/.local/lib/python3.8/site-packages/airflow/example_dags/example_short_circuit_decorator.py
[2025-08-14T17:49:31.906+0000] {processor.py:830} INFO - Processing file /home/airflow/.local/lib/python3.8/site-packages/airflow/example_dags/example_short_circuit_decorator.py for tasks to queue
[2025-08-14T17:49:31.908+0000] {logging_mixin.py:188} INFO - [2025-08-14T17:49:31.907+0000] {dagbag.py:540} INFO - Filling up the DagBag from /home/airflow/.local/lib/python3.8/site-packages/airflow/example_dags/example_short_circuit_decorator.py
[2025-08-14T17:49:31.915+0000] {processor.py:840} INFO - DAG(s) 'example_short_circuit_decorator' retrieved from /home/airflow/.local/lib/python3.8/site-packages/airflow/example_dags/example_short_circuit_decorator.py
[2025-08-14T17:49:31.931+0000] {logging_mixin.py:188} INFO - [2025-08-14T17:49:31.931+0000] {dag.py:3047} INFO - Sync 1 DAGs
[2025-08-14T17:49:31.946+0000] {logging_mixin.py:188} INFO - [2025-08-14T17:49:31.945+0000] {dag.py:3834} INFO - Setting next_dagrun for example_short_circuit_decorator to 2025-08-13 00:00:00+00:00, run_after=2025-08-14 00:00:00+00:00
[2025-08-14T17:49:31.959+0000] {processor.py:183} INFO - Processing /home/airflow/.local/lib/python3.8/site-packages/airflow/example_dags/example_short_circuit_decorator.py took 0.060 seconds
[2025-08-14T17:50:02.637+0000] {processor.py:161} INFO - Started process (PID=1544) to work on /home/airflow/.local/lib/python3.8/site-packages/airflow/example_dags/example_short_circuit_decorator.py
[2025-08-14T17:50:02.638+0000] {processor.py:830} INFO - Processing file /home/airflow/.local/lib/python3.8/site-packages/airflow/example_dags/example_short_circuit_decorator.py for tasks to queue
[2025-08-14T17:50:02.641+0000] {logging_mixin.py:188} INFO - [2025-08-14T17:50:02.641+0000] {dagbag.py:540} INFO - Filling up the DagBag from /home/airflow/.local/lib/python3.8/site-packages/airflow/example_dags/example_short_circuit_decorator.py
[2025-08-14T17:50:02.647+0000] {processor.py:840} INFO - DAG(s) 'example_short_circuit_decorator' retrieved from /home/airflow/.local/lib/python3.8/site-packages/airflow/example_dags/example_short_circuit_decorator.py
[2025-08-14T17:50:02.681+0000] {logging_mixin.py:188} INFO - [2025-08-14T17:50:02.681+0000] {dag.py:3047} INFO - Sync 1 DAGs
[2025-08-14T17:50:02.704+0000] {logging_mixin.py:188} INFO - [2025-08-14T17:50:02.704+0000] {dag.py:3834} INFO - Setting next_dagrun for example_short_circuit_decorator to 2025-08-13 00:00:00+00:00, run_after=2025-08-14 00:00:00+00:00
[2025-08-14T17:50:02.724+0000] {processor.py:183} INFO - Processing /home/airflow/.local/lib/python3.8/site-packages/airflow/example_dags/example_short_circuit_decorator.py took 0.090 seconds
[2025-08-14T17:50:33.427+0000] {processor.py:161} INFO - Started process (PID=1600) to work on /home/airflow/.local/lib/python3.8/site-packages/airflow/example_dags/example_short_circuit_decorator.py
[2025-08-14T17:50:33.429+0000] {processor.py:830} INFO - Processing file /home/airflow/.local/lib/python3.8/site-packages/airflow/example_dags/example_short_circuit_decorator.py for tasks to queue
[2025-08-14T17:50:33.431+0000] {logging_mixin.py:188} INFO - [2025-08-14T17:50:33.431+0000] {dagbag.py:540} INFO - Filling up the DagBag from /home/airflow/.local/lib/python3.8/site-packages/airflow/example_dags/example_short_circuit_decorator.py
[2025-08-14T17:50:33.438+0000] {processor.py:840} INFO - DAG(s) 'example_short_circuit_decorator' retrieved from /home/airflow/.local/lib/python3.8/site-packages/airflow/example_dags/example_short_circuit_decorator.py
[2025-08-14T17:50:33.459+0000] {logging_mixin.py:188} INFO - [2025-08-14T17:50:33.459+0000] {dag.py:3047} INFO - Sync 1 DAGs
[2025-08-14T17:50:33.472+0000] {logging_mixin.py:188} INFO - [2025-08-14T17:50:33.472+0000] {dag.py:3834} INFO - Setting next_dagrun for example_short_circuit_decorator to 2025-08-13 00:00:00+00:00, run_after=2025-08-14 00:00:00+00:00
[2025-08-14T17:50:33.481+0000] {processor.py:183} INFO - Processing /home/airflow/.local/lib/python3.8/site-packages/airflow/example_dags/example_short_circuit_decorator.py took 0.057 seconds
[2025-08-14T17:51:04.257+0000] {processor.py:161} INFO - Started process (PID=1656) to work on /home/airflow/.local/lib/python3.8/site-packages/airflow/example_dags/example_short_circuit_decorator.py
[2025-08-14T17:51:04.258+0000] {processor.py:830} INFO - Processing file /home/airflow/.local/lib/python3.8/site-packages/airflow/example_dags/example_short_circuit_decorator.py for tasks to queue
[2025-08-14T17:51:04.260+0000] {logging_mixin.py:188} INFO - [2025-08-14T17:51:04.260+0000] {dagbag.py:540} INFO - Filling up the DagBag from /home/airflow/.local/lib/python3.8/site-packages/airflow/example_dags/example_short_circuit_decorator.py
[2025-08-14T17:51:04.265+0000] {processor.py:840} INFO - DAG(s) 'example_short_circuit_decorator' retrieved from /home/airflow/.local/lib/python3.8/site-packages/airflow/example_dags/example_short_circuit_decorator.py
[2025-08-14T17:51:04.292+0000] {logging_mixin.py:188} INFO - [2025-08-14T17:51:04.291+0000] {dag.py:3047} INFO - Sync 1 DAGs
[2025-08-14T17:51:04.331+0000] {logging_mixin.py:188} INFO - [2025-08-14T17:51:04.331+0000] {dag.py:3834} INFO - Setting next_dagrun for example_short_circuit_decorator to 2025-08-13 00:00:00+00:00, run_after=2025-08-14 00:00:00+00:00
[2025-08-14T17:51:04.352+0000] {processor.py:183} INFO - Processing /home/airflow/.local/lib/python3.8/site-packages/airflow/example_dags/example_short_circuit_decorator.py took 0.097 seconds
[2025-08-14T17:51:34.745+0000] {processor.py:161} INFO - Started process (PID=1712) to work on /home/airflow/.local/lib/python3.8/site-packages/airflow/example_dags/example_short_circuit_decorator.py
[2025-08-14T17:51:34.751+0000] {processor.py:830} INFO - Processing file /home/airflow/.local/lib/python3.8/site-packages/airflow/example_dags/example_short_circuit_decorator.py for tasks to queue
[2025-08-14T17:51:34.755+0000] {logging_mixin.py:188} INFO - [2025-08-14T17:51:34.755+0000] {dagbag.py:540} INFO - Filling up the DagBag from /home/airflow/.local/lib/python3.8/site-packages/airflow/example_dags/example_short_circuit_decorator.py
[2025-08-14T17:51:34.770+0000] {processor.py:840} INFO - DAG(s) 'example_short_circuit_decorator' retrieved from /home/airflow/.local/lib/python3.8/site-packages/airflow/example_dags/example_short_circuit_decorator.py
[2025-08-14T17:51:34.810+0000] {logging_mixin.py:188} INFO - [2025-08-14T17:51:34.810+0000] {dag.py:3047} INFO - Sync 1 DAGs
[2025-08-14T17:51:34.842+0000] {logging_mixin.py:188} INFO - [2025-08-14T17:51:34.842+0000] {dag.py:3834} INFO - Setting next_dagrun for example_short_circuit_decorator to 2025-08-13 00:00:00+00:00, run_after=2025-08-14 00:00:00+00:00
[2025-08-14T17:51:34.859+0000] {processor.py:183} INFO - Processing /home/airflow/.local/lib/python3.8/site-packages/airflow/example_dags/example_short_circuit_decorator.py took 0.116 seconds
[2025-08-14T17:52:05.499+0000] {processor.py:161} INFO - Started process (PID=1768) to work on /home/airflow/.local/lib/python3.8/site-packages/airflow/example_dags/example_short_circuit_decorator.py
[2025-08-14T17:52:05.501+0000] {processor.py:830} INFO - Processing file /home/airflow/.local/lib/python3.8/site-packages/airflow/example_dags/example_short_circuit_decorator.py for tasks to queue
[2025-08-14T17:52:05.502+0000] {logging_mixin.py:188} INFO - [2025-08-14T17:52:05.501+0000] {dagbag.py:540} INFO - Filling up the DagBag from /home/airflow/.local/lib/python3.8/site-packages/airflow/example_dags/example_short_circuit_decorator.py
[2025-08-14T17:52:05.507+0000] {processor.py:840} INFO - DAG(s) 'example_short_circuit_decorator' retrieved from /home/airflow/.local/lib/python3.8/site-packages/airflow/example_dags/example_short_circuit_decorator.py
[2025-08-14T17:52:05.527+0000] {logging_mixin.py:188} INFO - [2025-08-14T17:52:05.527+0000] {dag.py:3047} INFO - Sync 1 DAGs
[2025-08-14T17:52:05.540+0000] {logging_mixin.py:188} INFO - [2025-08-14T17:52:05.540+0000] {dag.py:3834} INFO - Setting next_dagrun for example_short_circuit_decorator to 2025-08-13 00:00:00+00:00, run_after=2025-08-14 00:00:00+00:00
[2025-08-14T17:52:05.555+0000] {processor.py:183} INFO - Processing /home/airflow/.local/lib/python3.8/site-packages/airflow/example_dags/example_short_circuit_decorator.py took 0.059 seconds
[2025-08-14T17:52:35.767+0000] {processor.py:161} INFO - Started process (PID=1824) to work on /home/airflow/.local/lib/python3.8/site-packages/airflow/example_dags/example_short_circuit_decorator.py
[2025-08-14T17:52:35.768+0000] {processor.py:830} INFO - Processing file /home/airflow/.local/lib/python3.8/site-packages/airflow/example_dags/example_short_circuit_decorator.py for tasks to queue
[2025-08-14T17:52:35.769+0000] {logging_mixin.py:188} INFO - [2025-08-14T17:52:35.769+0000] {dagbag.py:540} INFO - Filling up the DagBag from /home/airflow/.local/lib/python3.8/site-packages/airflow/example_dags/example_short_circuit_decorator.py
[2025-08-14T17:52:35.774+0000] {processor.py:840} INFO - DAG(s) 'example_short_circuit_decorator' retrieved from /home/airflow/.local/lib/python3.8/site-packages/airflow/example_dags/example_short_circuit_decorator.py
[2025-08-14T17:52:35.791+0000] {logging_mixin.py:188} INFO - [2025-08-14T17:52:35.790+0000] {dag.py:3047} INFO - Sync 1 DAGs
[2025-08-14T17:52:35.804+0000] {logging_mixin.py:188} INFO - [2025-08-14T17:52:35.804+0000] {dag.py:3834} INFO - Setting next_dagrun for example_short_circuit_decorator to 2025-08-13 00:00:00+00:00, run_after=2025-08-14 00:00:00+00:00
[2025-08-14T17:52:35.819+0000] {processor.py:183} INFO - Processing /home/airflow/.local/lib/python3.8/site-packages/airflow/example_dags/example_short_circuit_decorator.py took 0.054 seconds
[2025-08-14T17:53:06.724+0000] {processor.py:161} INFO - Started process (PID=1880) to work on /home/airflow/.local/lib/python3.8/site-packages/airflow/example_dags/example_short_circuit_decorator.py
[2025-08-14T17:53:06.726+0000] {processor.py:830} INFO - Processing file /home/airflow/.local/lib/python3.8/site-packages/airflow/example_dags/example_short_circuit_decorator.py for tasks to queue
[2025-08-14T17:53:06.727+0000] {logging_mixin.py:188} INFO - [2025-08-14T17:53:06.727+0000] {dagbag.py:540} INFO - Filling up the DagBag from /home/airflow/.local/lib/python3.8/site-packages/airflow/example_dags/example_short_circuit_decorator.py
[2025-08-14T17:53:06.732+0000] {processor.py:840} INFO - DAG(s) 'example_short_circuit_decorator' retrieved from /home/airflow/.local/lib/python3.8/site-packages/airflow/example_dags/example_short_circuit_decorator.py
[2025-08-14T17:53:06.750+0000] {logging_mixin.py:188} INFO - [2025-08-14T17:53:06.750+0000] {dag.py:3047} INFO - Sync 1 DAGs
[2025-08-14T17:53:06.764+0000] {logging_mixin.py:188} INFO - [2025-08-14T17:53:06.764+0000] {dag.py:3834} INFO - Setting next_dagrun for example_short_circuit_decorator to 2025-08-13 00:00:00+00:00, run_after=2025-08-14 00:00:00+00:00
[2025-08-14T17:53:06.775+0000] {processor.py:183} INFO - Processing /home/airflow/.local/lib/python3.8/site-packages/airflow/example_dags/example_short_circuit_decorator.py took 0.053 seconds
[2025-08-14T17:53:36.915+0000] {processor.py:161} INFO - Started process (PID=1936) to work on /home/airflow/.local/lib/python3.8/site-packages/airflow/example_dags/example_short_circuit_decorator.py
[2025-08-14T17:53:36.917+0000] {processor.py:830} INFO - Processing file /home/airflow/.local/lib/python3.8/site-packages/airflow/example_dags/example_short_circuit_decorator.py for tasks to queue
[2025-08-14T17:53:36.919+0000] {logging_mixin.py:188} INFO - [2025-08-14T17:53:36.919+0000] {dagbag.py:540} INFO - Filling up the DagBag from /home/airflow/.local/lib/python3.8/site-packages/airflow/example_dags/example_short_circuit_decorator.py
[2025-08-14T17:53:36.924+0000] {processor.py:840} INFO - DAG(s) 'example_short_circuit_decorator' retrieved from /home/airflow/.local/lib/python3.8/site-packages/airflow/example_dags/example_short_circuit_decorator.py
[2025-08-14T17:53:36.944+0000] {logging_mixin.py:188} INFO - [2025-08-14T17:53:36.944+0000] {dag.py:3047} INFO - Sync 1 DAGs
[2025-08-14T17:53:36.964+0000] {logging_mixin.py:188} INFO - [2025-08-14T17:53:36.964+0000] {dag.py:3834} INFO - Setting next_dagrun for example_short_circuit_decorator to 2025-08-13 00:00:00+00:00, run_after=2025-08-14 00:00:00+00:00
[2025-08-14T17:53:36.974+0000] {processor.py:183} INFO - Processing /home/airflow/.local/lib/python3.8/site-packages/airflow/example_dags/example_short_circuit_decorator.py took 0.060 seconds
[2025-08-14T17:54:07.127+0000] {processor.py:161} INFO - Started process (PID=1992) to work on /home/airflow/.local/lib/python3.8/site-packages/airflow/example_dags/example_short_circuit_decorator.py
[2025-08-14T17:54:07.128+0000] {processor.py:830} INFO - Processing file /home/airflow/.local/lib/python3.8/site-packages/airflow/example_dags/example_short_circuit_decorator.py for tasks to queue
[2025-08-14T17:54:07.129+0000] {logging_mixin.py:188} INFO - [2025-08-14T17:54:07.129+0000] {dagbag.py:540} INFO - Filling up the DagBag from /home/airflow/.local/lib/python3.8/site-packages/airflow/example_dags/example_short_circuit_decorator.py
[2025-08-14T17:54:07.134+0000] {processor.py:840} INFO - DAG(s) 'example_short_circuit_decorator' retrieved from /home/airflow/.local/lib/python3.8/site-packages/airflow/example_dags/example_short_circuit_decorator.py
[2025-08-14T17:54:07.144+0000] {logging_mixin.py:188} INFO - [2025-08-14T17:54:07.144+0000] {dag.py:3047} INFO - Sync 1 DAGs
[2025-08-14T17:54:07.154+0000] {logging_mixin.py:188} INFO - [2025-08-14T17:54:07.154+0000] {dag.py:3834} INFO - Setting next_dagrun for example_short_circuit_decorator to 2025-08-13 00:00:00+00:00, run_after=2025-08-14 00:00:00+00:00
[2025-08-14T17:54:07.161+0000] {processor.py:183} INFO - Processing /home/airflow/.local/lib/python3.8/site-packages/airflow/example_dags/example_short_circuit_decorator.py took 0.036 seconds
[2025-08-14T17:54:37.562+0000] {processor.py:161} INFO - Started process (PID=2048) to work on /home/airflow/.local/lib/python3.8/site-packages/airflow/example_dags/example_short_circuit_decorator.py
[2025-08-14T17:54:37.563+0000] {processor.py:830} INFO - Processing file /home/airflow/.local/lib/python3.8/site-packages/airflow/example_dags/example_short_circuit_decorator.py for tasks to queue
[2025-08-14T17:54:37.564+0000] {logging_mixin.py:188} INFO - [2025-08-14T17:54:37.564+0000] {dagbag.py:540} INFO - Filling up the DagBag from /home/airflow/.local/lib/python3.8/site-packages/airflow/example_dags/example_short_circuit_decorator.py
[2025-08-14T17:54:37.569+0000] {processor.py:840} INFO - DAG(s) 'example_short_circuit_decorator' retrieved from /home/airflow/.local/lib/python3.8/site-packages/airflow/example_dags/example_short_circuit_decorator.py
[2025-08-14T17:54:37.585+0000] {logging_mixin.py:188} INFO - [2025-08-14T17:54:37.584+0000] {dag.py:3047} INFO - Sync 1 DAGs
[2025-08-14T17:54:37.598+0000] {logging_mixin.py:188} INFO - [2025-08-14T17:54:37.598+0000] {dag.py:3834} INFO - Setting next_dagrun for example_short_circuit_decorator to 2025-08-13 00:00:00+00:00, run_after=2025-08-14 00:00:00+00:00
[2025-08-14T17:54:37.609+0000] {processor.py:183} INFO - Processing /home/airflow/.local/lib/python3.8/site-packages/airflow/example_dags/example_short_circuit_decorator.py took 0.048 seconds
[2025-08-14T17:55:08.058+0000] {processor.py:161} INFO - Started process (PID=2104) to work on /home/airflow/.local/lib/python3.8/site-packages/airflow/example_dags/example_short_circuit_decorator.py
[2025-08-14T17:55:08.060+0000] {processor.py:830} INFO - Processing file /home/airflow/.local/lib/python3.8/site-packages/airflow/example_dags/example_short_circuit_decorator.py for tasks to queue
[2025-08-14T17:55:08.062+0000] {logging_mixin.py:188} INFO - [2025-08-14T17:55:08.061+0000] {dagbag.py:540} INFO - Filling up the DagBag from /home/airflow/.local/lib/python3.8/site-packages/airflow/example_dags/example_short_circuit_decorator.py
[2025-08-14T17:55:08.067+0000] {processor.py:840} INFO - DAG(s) 'example_short_circuit_decorator' retrieved from /home/airflow/.local/lib/python3.8/site-packages/airflow/example_dags/example_short_circuit_decorator.py
[2025-08-14T17:55:08.098+0000] {logging_mixin.py:188} INFO - [2025-08-14T17:55:08.098+0000] {dag.py:3047} INFO - Sync 1 DAGs
[2025-08-14T17:55:08.119+0000] {logging_mixin.py:188} INFO - [2025-08-14T17:55:08.119+0000] {dag.py:3834} INFO - Setting next_dagrun for example_short_circuit_decorator to 2025-08-13 00:00:00+00:00, run_after=2025-08-14 00:00:00+00:00
[2025-08-14T17:55:08.132+0000] {processor.py:183} INFO - Processing /home/airflow/.local/lib/python3.8/site-packages/airflow/example_dags/example_short_circuit_decorator.py took 0.076 seconds
[2025-08-14T17:55:38.694+0000] {processor.py:161} INFO - Started process (PID=2160) to work on /home/airflow/.local/lib/python3.8/site-packages/airflow/example_dags/example_short_circuit_decorator.py
[2025-08-14T17:55:38.696+0000] {processor.py:830} INFO - Processing file /home/airflow/.local/lib/python3.8/site-packages/airflow/example_dags/example_short_circuit_decorator.py for tasks to queue
[2025-08-14T17:55:38.699+0000] {logging_mixin.py:188} INFO - [2025-08-14T17:55:38.698+0000] {dagbag.py:540} INFO - Filling up the DagBag from /home/airflow/.local/lib/python3.8/site-packages/airflow/example_dags/example_short_circuit_decorator.py
[2025-08-14T17:55:38.706+0000] {processor.py:840} INFO - DAG(s) 'example_short_circuit_decorator' retrieved from /home/airflow/.local/lib/python3.8/site-packages/airflow/example_dags/example_short_circuit_decorator.py
[2025-08-14T17:55:38.720+0000] {logging_mixin.py:188} INFO - [2025-08-14T17:55:38.720+0000] {dag.py:3047} INFO - Sync 1 DAGs
[2025-08-14T17:55:38.731+0000] {logging_mixin.py:188} INFO - [2025-08-14T17:55:38.731+0000] {dag.py:3834} INFO - Setting next_dagrun for example_short_circuit_decorator to 2025-08-13 00:00:00+00:00, run_after=2025-08-14 00:00:00+00:00
[2025-08-14T17:55:38.744+0000] {processor.py:183} INFO - Processing /home/airflow/.local/lib/python3.8/site-packages/airflow/example_dags/example_short_circuit_decorator.py took 0.052 seconds
[2025-08-14T17:56:09.266+0000] {processor.py:161} INFO - Started process (PID=2216) to work on /home/airflow/.local/lib/python3.8/site-packages/airflow/example_dags/example_short_circuit_decorator.py
[2025-08-14T17:56:09.268+0000] {processor.py:830} INFO - Processing file /home/airflow/.local/lib/python3.8/site-packages/airflow/example_dags/example_short_circuit_decorator.py for tasks to queue
[2025-08-14T17:56:09.269+0000] {logging_mixin.py:188} INFO - [2025-08-14T17:56:09.269+0000] {dagbag.py:540} INFO - Filling up the DagBag from /home/airflow/.local/lib/python3.8/site-packages/airflow/example_dags/example_short_circuit_decorator.py
[2025-08-14T17:56:09.277+0000] {processor.py:840} INFO - DAG(s) 'example_short_circuit_decorator' retrieved from /home/airflow/.local/lib/python3.8/site-packages/airflow/example_dags/example_short_circuit_decorator.py
[2025-08-14T17:56:09.294+0000] {logging_mixin.py:188} INFO - [2025-08-14T17:56:09.294+0000] {dag.py:3047} INFO - Sync 1 DAGs
[2025-08-14T17:56:09.310+0000] {logging_mixin.py:188} INFO - [2025-08-14T17:56:09.309+0000] {dag.py:3834} INFO - Setting next_dagrun for example_short_circuit_decorator to 2025-08-13 00:00:00+00:00, run_after=2025-08-14 00:00:00+00:00
[2025-08-14T17:56:09.328+0000] {processor.py:183} INFO - Processing /home/airflow/.local/lib/python3.8/site-packages/airflow/example_dags/example_short_circuit_decorator.py took 0.064 seconds
[2025-08-14T17:56:39.558+0000] {processor.py:161} INFO - Started process (PID=2272) to work on /home/airflow/.local/lib/python3.8/site-packages/airflow/example_dags/example_short_circuit_decorator.py
[2025-08-14T17:56:39.560+0000] {processor.py:830} INFO - Processing file /home/airflow/.local/lib/python3.8/site-packages/airflow/example_dags/example_short_circuit_decorator.py for tasks to queue
[2025-08-14T17:56:39.561+0000] {logging_mixin.py:188} INFO - [2025-08-14T17:56:39.561+0000] {dagbag.py:540} INFO - Filling up the DagBag from /home/airflow/.local/lib/python3.8/site-packages/airflow/example_dags/example_short_circuit_decorator.py
[2025-08-14T17:56:39.567+0000] {processor.py:840} INFO - DAG(s) 'example_short_circuit_decorator' retrieved from /home/airflow/.local/lib/python3.8/site-packages/airflow/example_dags/example_short_circuit_decorator.py
[2025-08-14T17:56:39.583+0000] {logging_mixin.py:188} INFO - [2025-08-14T17:56:39.582+0000] {dag.py:3047} INFO - Sync 1 DAGs
[2025-08-14T17:56:39.594+0000] {logging_mixin.py:188} INFO - [2025-08-14T17:56:39.594+0000] {dag.py:3834} INFO - Setting next_dagrun for example_short_circuit_decorator to 2025-08-13 00:00:00+00:00, run_after=2025-08-14 00:00:00+00:00
[2025-08-14T17:56:39.604+0000] {processor.py:183} INFO - Processing /home/airflow/.local/lib/python3.8/site-packages/airflow/example_dags/example_short_circuit_decorator.py took 0.048 seconds
[2025-08-14T17:57:09.966+0000] {processor.py:161} INFO - Started process (PID=2328) to work on /home/airflow/.local/lib/python3.8/site-packages/airflow/example_dags/example_short_circuit_decorator.py
[2025-08-14T17:57:09.967+0000] {processor.py:830} INFO - Processing file /home/airflow/.local/lib/python3.8/site-packages/airflow/example_dags/example_short_circuit_decorator.py for tasks to queue
[2025-08-14T17:57:09.969+0000] {logging_mixin.py:188} INFO - [2025-08-14T17:57:09.968+0000] {dagbag.py:540} INFO - Filling up the DagBag from /home/airflow/.local/lib/python3.8/site-packages/airflow/example_dags/example_short_circuit_decorator.py
[2025-08-14T17:57:09.973+0000] {processor.py:840} INFO - DAG(s) 'example_short_circuit_decorator' retrieved from /home/airflow/.local/lib/python3.8/site-packages/airflow/example_dags/example_short_circuit_decorator.py
[2025-08-14T17:57:09.987+0000] {logging_mixin.py:188} INFO - [2025-08-14T17:57:09.987+0000] {dag.py:3047} INFO - Sync 1 DAGs
[2025-08-14T17:57:10.001+0000] {logging_mixin.py:188} INFO - [2025-08-14T17:57:10.001+0000] {dag.py:3834} INFO - Setting next_dagrun for example_short_circuit_decorator to 2025-08-13 00:00:00+00:00, run_after=2025-08-14 00:00:00+00:00
[2025-08-14T17:57:10.014+0000] {processor.py:183} INFO - Processing /home/airflow/.local/lib/python3.8/site-packages/airflow/example_dags/example_short_circuit_decorator.py took 0.050 seconds
[2025-08-14T17:57:40.415+0000] {processor.py:161} INFO - Started process (PID=2384) to work on /home/airflow/.local/lib/python3.8/site-packages/airflow/example_dags/example_short_circuit_decorator.py
[2025-08-14T17:57:40.416+0000] {processor.py:830} INFO - Processing file /home/airflow/.local/lib/python3.8/site-packages/airflow/example_dags/example_short_circuit_decorator.py for tasks to queue
[2025-08-14T17:57:40.417+0000] {logging_mixin.py:188} INFO - [2025-08-14T17:57:40.416+0000] {dagbag.py:540} INFO - Filling up the DagBag from /home/airflow/.local/lib/python3.8/site-packages/airflow/example_dags/example_short_circuit_decorator.py
[2025-08-14T17:57:40.422+0000] {processor.py:840} INFO - DAG(s) 'example_short_circuit_decorator' retrieved from /home/airflow/.local/lib/python3.8/site-packages/airflow/example_dags/example_short_circuit_decorator.py
[2025-08-14T17:57:40.434+0000] {logging_mixin.py:188} INFO - [2025-08-14T17:57:40.434+0000] {dag.py:3047} INFO - Sync 1 DAGs
[2025-08-14T17:57:40.445+0000] {logging_mixin.py:188} INFO - [2025-08-14T17:57:40.445+0000] {dag.py:3834} INFO - Setting next_dagrun for example_short_circuit_decorator to 2025-08-13 00:00:00+00:00, run_after=2025-08-14 00:00:00+00:00
[2025-08-14T17:57:40.460+0000] {processor.py:183} INFO - Processing /home/airflow/.local/lib/python3.8/site-packages/airflow/example_dags/example_short_circuit_decorator.py took 0.046 seconds
[2025-08-14T17:58:11.165+0000] {processor.py:161} INFO - Started process (PID=2440) to work on /home/airflow/.local/lib/python3.8/site-packages/airflow/example_dags/example_short_circuit_decorator.py
[2025-08-14T17:58:11.168+0000] {processor.py:830} INFO - Processing file /home/airflow/.local/lib/python3.8/site-packages/airflow/example_dags/example_short_circuit_decorator.py for tasks to queue
[2025-08-14T17:58:11.169+0000] {logging_mixin.py:188} INFO - [2025-08-14T17:58:11.169+0000] {dagbag.py:540} INFO - Filling up the DagBag from /home/airflow/.local/lib/python3.8/site-packages/airflow/example_dags/example_short_circuit_decorator.py
[2025-08-14T17:58:11.177+0000] {processor.py:840} INFO - DAG(s) 'example_short_circuit_decorator' retrieved from /home/airflow/.local/lib/python3.8/site-packages/airflow/example_dags/example_short_circuit_decorator.py
[2025-08-14T17:58:11.204+0000] {logging_mixin.py:188} INFO - [2025-08-14T17:58:11.204+0000] {dag.py:3047} INFO - Sync 1 DAGs
[2025-08-14T17:58:11.219+0000] {logging_mixin.py:188} INFO - [2025-08-14T17:58:11.218+0000] {dag.py:3834} INFO - Setting next_dagrun for example_short_circuit_decorator to 2025-08-13 00:00:00+00:00, run_after=2025-08-14 00:00:00+00:00
[2025-08-14T17:58:11.236+0000] {processor.py:183} INFO - Processing /home/airflow/.local/lib/python3.8/site-packages/airflow/example_dags/example_short_circuit_decorator.py took 0.072 seconds
[2025-08-14T17:58:41.999+0000] {processor.py:161} INFO - Started process (PID=2496) to work on /home/airflow/.local/lib/python3.8/site-packages/airflow/example_dags/example_short_circuit_decorator.py
[2025-08-14T17:58:42.000+0000] {processor.py:830} INFO - Processing file /home/airflow/.local/lib/python3.8/site-packages/airflow/example_dags/example_short_circuit_decorator.py for tasks to queue
[2025-08-14T17:58:42.002+0000] {logging_mixin.py:188} INFO - [2025-08-14T17:58:42.002+0000] {dagbag.py:540} INFO - Filling up the DagBag from /home/airflow/.local/lib/python3.8/site-packages/airflow/example_dags/example_short_circuit_decorator.py
[2025-08-14T17:58:42.008+0000] {processor.py:840} INFO - DAG(s) 'example_short_circuit_decorator' retrieved from /home/airflow/.local/lib/python3.8/site-packages/airflow/example_dags/example_short_circuit_decorator.py
[2025-08-14T17:58:42.026+0000] {logging_mixin.py:188} INFO - [2025-08-14T17:58:42.026+0000] {dag.py:3047} INFO - Sync 1 DAGs
[2025-08-14T17:58:42.044+0000] {logging_mixin.py:188} INFO - [2025-08-14T17:58:42.044+0000] {dag.py:3834} INFO - Setting next_dagrun for example_short_circuit_decorator to 2025-08-13 00:00:00+00:00, run_after=2025-08-14 00:00:00+00:00
[2025-08-14T17:58:42.069+0000] {processor.py:183} INFO - Processing /home/airflow/.local/lib/python3.8/site-packages/airflow/example_dags/example_short_circuit_decorator.py took 0.072 seconds
[2025-08-14T17:59:12.334+0000] {processor.py:161} INFO - Started process (PID=2552) to work on /home/airflow/.local/lib/python3.8/site-packages/airflow/example_dags/example_short_circuit_decorator.py
[2025-08-14T17:59:12.339+0000] {processor.py:830} INFO - Processing file /home/airflow/.local/lib/python3.8/site-packages/airflow/example_dags/example_short_circuit_decorator.py for tasks to queue
[2025-08-14T17:59:12.340+0000] {logging_mixin.py:188} INFO - [2025-08-14T17:59:12.340+0000] {dagbag.py:540} INFO - Filling up the DagBag from /home/airflow/.local/lib/python3.8/site-packages/airflow/example_dags/example_short_circuit_decorator.py
[2025-08-14T17:59:12.349+0000] {processor.py:840} INFO - DAG(s) 'example_short_circuit_decorator' retrieved from /home/airflow/.local/lib/python3.8/site-packages/airflow/example_dags/example_short_circuit_decorator.py
[2025-08-14T17:59:12.387+0000] {logging_mixin.py:188} INFO - [2025-08-14T17:59:12.387+0000] {dag.py:3047} INFO - Sync 1 DAGs
[2025-08-14T17:59:12.402+0000] {logging_mixin.py:188} INFO - [2025-08-14T17:59:12.402+0000] {dag.py:3834} INFO - Setting next_dagrun for example_short_circuit_decorator to 2025-08-13 00:00:00+00:00, run_after=2025-08-14 00:00:00+00:00
[2025-08-14T17:59:12.414+0000] {processor.py:183} INFO - Processing /home/airflow/.local/lib/python3.8/site-packages/airflow/example_dags/example_short_circuit_decorator.py took 0.082 seconds
[2025-08-14T17:59:42.586+0000] {processor.py:161} INFO - Started process (PID=2608) to work on /home/airflow/.local/lib/python3.8/site-packages/airflow/example_dags/example_short_circuit_decorator.py
[2025-08-14T17:59:42.589+0000] {processor.py:830} INFO - Processing file /home/airflow/.local/lib/python3.8/site-packages/airflow/example_dags/example_short_circuit_decorator.py for tasks to queue
[2025-08-14T17:59:42.600+0000] {logging_mixin.py:188} INFO - [2025-08-14T17:59:42.600+0000] {dagbag.py:540} INFO - Filling up the DagBag from /home/airflow/.local/lib/python3.8/site-packages/airflow/example_dags/example_short_circuit_decorator.py
[2025-08-14T17:59:42.612+0000] {processor.py:840} INFO - DAG(s) 'example_short_circuit_decorator' retrieved from /home/airflow/.local/lib/python3.8/site-packages/airflow/example_dags/example_short_circuit_decorator.py
[2025-08-14T17:59:42.627+0000] {logging_mixin.py:188} INFO - [2025-08-14T17:59:42.627+0000] {dag.py:3047} INFO - Sync 1 DAGs
[2025-08-14T17:59:42.646+0000] {logging_mixin.py:188} INFO - [2025-08-14T17:59:42.646+0000] {dag.py:3834} INFO - Setting next_dagrun for example_short_circuit_decorator to 2025-08-13 00:00:00+00:00, run_after=2025-08-14 00:00:00+00:00
[2025-08-14T17:59:42.667+0000] {processor.py:183} INFO - Processing /home/airflow/.local/lib/python3.8/site-packages/airflow/example_dags/example_short_circuit_decorator.py took 0.085 seconds
[2025-08-14T18:00:13.095+0000] {processor.py:161} INFO - Started process (PID=2663) to work on /home/airflow/.local/lib/python3.8/site-packages/airflow/example_dags/example_short_circuit_decorator.py
[2025-08-14T18:00:13.096+0000] {processor.py:830} INFO - Processing file /home/airflow/.local/lib/python3.8/site-packages/airflow/example_dags/example_short_circuit_decorator.py for tasks to queue
[2025-08-14T18:00:13.099+0000] {logging_mixin.py:188} INFO - [2025-08-14T18:00:13.098+0000] {dagbag.py:540} INFO - Filling up the DagBag from /home/airflow/.local/lib/python3.8/site-packages/airflow/example_dags/example_short_circuit_decorator.py
[2025-08-14T18:00:13.104+0000] {processor.py:840} INFO - DAG(s) 'example_short_circuit_decorator' retrieved from /home/airflow/.local/lib/python3.8/site-packages/airflow/example_dags/example_short_circuit_decorator.py
[2025-08-14T18:00:13.116+0000] {logging_mixin.py:188} INFO - [2025-08-14T18:00:13.116+0000] {dag.py:3047} INFO - Sync 1 DAGs
[2025-08-14T18:00:13.129+0000] {logging_mixin.py:188} INFO - [2025-08-14T18:00:13.129+0000] {dag.py:3834} INFO - Setting next_dagrun for example_short_circuit_decorator to 2025-08-13 00:00:00+00:00, run_after=2025-08-14 00:00:00+00:00
[2025-08-14T18:00:13.146+0000] {processor.py:183} INFO - Processing /home/airflow/.local/lib/python3.8/site-packages/airflow/example_dags/example_short_circuit_decorator.py took 0.053 seconds
[2025-08-14T18:00:43.365+0000] {processor.py:161} INFO - Started process (PID=2719) to work on /home/airflow/.local/lib/python3.8/site-packages/airflow/example_dags/example_short_circuit_decorator.py
[2025-08-14T18:00:43.365+0000] {processor.py:830} INFO - Processing file /home/airflow/.local/lib/python3.8/site-packages/airflow/example_dags/example_short_circuit_decorator.py for tasks to queue
[2025-08-14T18:00:43.367+0000] {logging_mixin.py:188} INFO - [2025-08-14T18:00:43.367+0000] {dagbag.py:540} INFO - Filling up the DagBag from /home/airflow/.local/lib/python3.8/site-packages/airflow/example_dags/example_short_circuit_decorator.py
[2025-08-14T18:00:43.373+0000] {processor.py:840} INFO - DAG(s) 'example_short_circuit_decorator' retrieved from /home/airflow/.local/lib/python3.8/site-packages/airflow/example_dags/example_short_circuit_decorator.py
[2025-08-14T18:00:43.387+0000] {logging_mixin.py:188} INFO - [2025-08-14T18:00:43.387+0000] {dag.py:3047} INFO - Sync 1 DAGs
[2025-08-14T18:00:43.405+0000] {logging_mixin.py:188} INFO - [2025-08-14T18:00:43.405+0000] {dag.py:3834} INFO - Setting next_dagrun for example_short_circuit_decorator to 2025-08-13 00:00:00+00:00, run_after=2025-08-14 00:00:00+00:00
[2025-08-14T18:00:43.423+0000] {processor.py:183} INFO - Processing /home/airflow/.local/lib/python3.8/site-packages/airflow/example_dags/example_short_circuit_decorator.py took 0.060 seconds
[2025-08-14T18:01:13.658+0000] {processor.py:161} INFO - Started process (PID=2775) to work on /home/airflow/.local/lib/python3.8/site-packages/airflow/example_dags/example_short_circuit_decorator.py
[2025-08-14T18:01:13.660+0000] {processor.py:830} INFO - Processing file /home/airflow/.local/lib/python3.8/site-packages/airflow/example_dags/example_short_circuit_decorator.py for tasks to queue
[2025-08-14T18:01:13.662+0000] {logging_mixin.py:188} INFO - [2025-08-14T18:01:13.661+0000] {dagbag.py:540} INFO - Filling up the DagBag from /home/airflow/.local/lib/python3.8/site-packages/airflow/example_dags/example_short_circuit_decorator.py
[2025-08-14T18:01:13.667+0000] {processor.py:840} INFO - DAG(s) 'example_short_circuit_decorator' retrieved from /home/airflow/.local/lib/python3.8/site-packages/airflow/example_dags/example_short_circuit_decorator.py
[2025-08-14T18:01:13.683+0000] {logging_mixin.py:188} INFO - [2025-08-14T18:01:13.682+0000] {dag.py:3047} INFO - Sync 1 DAGs
[2025-08-14T18:01:13.694+0000] {logging_mixin.py:188} INFO - [2025-08-14T18:01:13.694+0000] {dag.py:3834} INFO - Setting next_dagrun for example_short_circuit_decorator to 2025-08-13 00:00:00+00:00, run_after=2025-08-14 00:00:00+00:00
[2025-08-14T18:01:13.707+0000] {processor.py:183} INFO - Processing /home/airflow/.local/lib/python3.8/site-packages/airflow/example_dags/example_short_circuit_decorator.py took 0.051 seconds
[2025-08-14T18:01:44.238+0000] {processor.py:161} INFO - Started process (PID=2831) to work on /home/airflow/.local/lib/python3.8/site-packages/airflow/example_dags/example_short_circuit_decorator.py
[2025-08-14T18:01:44.239+0000] {processor.py:830} INFO - Processing file /home/airflow/.local/lib/python3.8/site-packages/airflow/example_dags/example_short_circuit_decorator.py for tasks to queue
[2025-08-14T18:01:44.240+0000] {logging_mixin.py:188} INFO - [2025-08-14T18:01:44.240+0000] {dagbag.py:540} INFO - Filling up the DagBag from /home/airflow/.local/lib/python3.8/site-packages/airflow/example_dags/example_short_circuit_decorator.py
[2025-08-14T18:01:44.247+0000] {processor.py:840} INFO - DAG(s) 'example_short_circuit_decorator' retrieved from /home/airflow/.local/lib/python3.8/site-packages/airflow/example_dags/example_short_circuit_decorator.py
[2025-08-14T18:01:44.267+0000] {logging_mixin.py:188} INFO - [2025-08-14T18:01:44.267+0000] {dag.py:3047} INFO - Sync 1 DAGs
[2025-08-14T18:01:44.279+0000] {logging_mixin.py:188} INFO - [2025-08-14T18:01:44.279+0000] {dag.py:3834} INFO - Setting next_dagrun for example_short_circuit_decorator to 2025-08-13 00:00:00+00:00, run_after=2025-08-14 00:00:00+00:00
[2025-08-14T18:01:44.292+0000] {processor.py:183} INFO - Processing /home/airflow/.local/lib/python3.8/site-packages/airflow/example_dags/example_short_circuit_decorator.py took 0.056 seconds
[2025-08-14T18:02:14.895+0000] {processor.py:161} INFO - Started process (PID=2887) to work on /home/airflow/.local/lib/python3.8/site-packages/airflow/example_dags/example_short_circuit_decorator.py
[2025-08-14T18:02:14.896+0000] {processor.py:830} INFO - Processing file /home/airflow/.local/lib/python3.8/site-packages/airflow/example_dags/example_short_circuit_decorator.py for tasks to queue
[2025-08-14T18:02:14.897+0000] {logging_mixin.py:188} INFO - [2025-08-14T18:02:14.897+0000] {dagbag.py:540} INFO - Filling up the DagBag from /home/airflow/.local/lib/python3.8/site-packages/airflow/example_dags/example_short_circuit_decorator.py
[2025-08-14T18:02:14.902+0000] {processor.py:840} INFO - DAG(s) 'example_short_circuit_decorator' retrieved from /home/airflow/.local/lib/python3.8/site-packages/airflow/example_dags/example_short_circuit_decorator.py
[2025-08-14T18:02:14.918+0000] {logging_mixin.py:188} INFO - [2025-08-14T18:02:14.918+0000] {dag.py:3047} INFO - Sync 1 DAGs
[2025-08-14T18:02:14.934+0000] {logging_mixin.py:188} INFO - [2025-08-14T18:02:14.934+0000] {dag.py:3834} INFO - Setting next_dagrun for example_short_circuit_decorator to 2025-08-13 00:00:00+00:00, run_after=2025-08-14 00:00:00+00:00
[2025-08-14T18:02:14.954+0000] {processor.py:183} INFO - Processing /home/airflow/.local/lib/python3.8/site-packages/airflow/example_dags/example_short_circuit_decorator.py took 0.060 seconds
[2025-08-14T18:02:45.591+0000] {processor.py:161} INFO - Started process (PID=2943) to work on /home/airflow/.local/lib/python3.8/site-packages/airflow/example_dags/example_short_circuit_decorator.py
[2025-08-14T18:02:45.593+0000] {processor.py:830} INFO - Processing file /home/airflow/.local/lib/python3.8/site-packages/airflow/example_dags/example_short_circuit_decorator.py for tasks to queue
[2025-08-14T18:02:45.595+0000] {logging_mixin.py:188} INFO - [2025-08-14T18:02:45.595+0000] {dagbag.py:540} INFO - Filling up the DagBag from /home/airflow/.local/lib/python3.8/site-packages/airflow/example_dags/example_short_circuit_decorator.py
[2025-08-14T18:02:45.600+0000] {processor.py:840} INFO - DAG(s) 'example_short_circuit_decorator' retrieved from /home/airflow/.local/lib/python3.8/site-packages/airflow/example_dags/example_short_circuit_decorator.py
[2025-08-14T18:02:45.618+0000] {logging_mixin.py:188} INFO - [2025-08-14T18:02:45.617+0000] {dag.py:3047} INFO - Sync 1 DAGs
[2025-08-14T18:02:45.633+0000] {logging_mixin.py:188} INFO - [2025-08-14T18:02:45.633+0000] {dag.py:3834} INFO - Setting next_dagrun for example_short_circuit_decorator to 2025-08-13 00:00:00+00:00, run_after=2025-08-14 00:00:00+00:00
[2025-08-14T18:02:45.646+0000] {processor.py:183} INFO - Processing /home/airflow/.local/lib/python3.8/site-packages/airflow/example_dags/example_short_circuit_decorator.py took 0.059 seconds
[2025-08-14T18:03:15.724+0000] {processor.py:161} INFO - Started process (PID=2999) to work on /home/airflow/.local/lib/python3.8/site-packages/airflow/example_dags/example_short_circuit_decorator.py
[2025-08-14T18:03:15.726+0000] {processor.py:830} INFO - Processing file /home/airflow/.local/lib/python3.8/site-packages/airflow/example_dags/example_short_circuit_decorator.py for tasks to queue
[2025-08-14T18:03:15.730+0000] {logging_mixin.py:188} INFO - [2025-08-14T18:03:15.730+0000] {dagbag.py:540} INFO - Filling up the DagBag from /home/airflow/.local/lib/python3.8/site-packages/airflow/example_dags/example_short_circuit_decorator.py
[2025-08-14T18:03:15.735+0000] {processor.py:840} INFO - DAG(s) 'example_short_circuit_decorator' retrieved from /home/airflow/.local/lib/python3.8/site-packages/airflow/example_dags/example_short_circuit_decorator.py
[2025-08-14T18:03:15.753+0000] {logging_mixin.py:188} INFO - [2025-08-14T18:03:15.753+0000] {dag.py:3047} INFO - Sync 1 DAGs
[2025-08-14T18:03:15.765+0000] {logging_mixin.py:188} INFO - [2025-08-14T18:03:15.764+0000] {dag.py:3834} INFO - Setting next_dagrun for example_short_circuit_decorator to 2025-08-13 00:00:00+00:00, run_after=2025-08-14 00:00:00+00:00
[2025-08-14T18:03:15.778+0000] {processor.py:183} INFO - Processing /home/airflow/.local/lib/python3.8/site-packages/airflow/example_dags/example_short_circuit_decorator.py took 0.056 seconds
[2025-08-14T18:03:45.843+0000] {processor.py:161} INFO - Started process (PID=3055) to work on /home/airflow/.local/lib/python3.8/site-packages/airflow/example_dags/example_short_circuit_decorator.py
[2025-08-14T18:03:45.848+0000] {processor.py:830} INFO - Processing file /home/airflow/.local/lib/python3.8/site-packages/airflow/example_dags/example_short_circuit_decorator.py for tasks to queue
[2025-08-14T18:03:45.853+0000] {logging_mixin.py:188} INFO - [2025-08-14T18:03:45.852+0000] {dagbag.py:540} INFO - Filling up the DagBag from /home/airflow/.local/lib/python3.8/site-packages/airflow/example_dags/example_short_circuit_decorator.py
[2025-08-14T18:03:45.862+0000] {processor.py:840} INFO - DAG(s) 'example_short_circuit_decorator' retrieved from /home/airflow/.local/lib/python3.8/site-packages/airflow/example_dags/example_short_circuit_decorator.py
[2025-08-14T18:03:45.879+0000] {logging_mixin.py:188} INFO - [2025-08-14T18:03:45.879+0000] {dag.py:3047} INFO - Sync 1 DAGs
[2025-08-14T18:03:45.891+0000] {logging_mixin.py:188} INFO - [2025-08-14T18:03:45.890+0000] {dag.py:3834} INFO - Setting next_dagrun for example_short_circuit_decorator to 2025-08-13 00:00:00+00:00, run_after=2025-08-14 00:00:00+00:00
[2025-08-14T18:03:45.904+0000] {processor.py:183} INFO - Processing /home/airflow/.local/lib/python3.8/site-packages/airflow/example_dags/example_short_circuit_decorator.py took 0.065 seconds
[2025-08-14T18:04:16.617+0000] {processor.py:161} INFO - Started process (PID=3111) to work on /home/airflow/.local/lib/python3.8/site-packages/airflow/example_dags/example_short_circuit_decorator.py
[2025-08-14T18:04:16.621+0000] {processor.py:830} INFO - Processing file /home/airflow/.local/lib/python3.8/site-packages/airflow/example_dags/example_short_circuit_decorator.py for tasks to queue
[2025-08-14T18:04:16.622+0000] {logging_mixin.py:188} INFO - [2025-08-14T18:04:16.622+0000] {dagbag.py:540} INFO - Filling up the DagBag from /home/airflow/.local/lib/python3.8/site-packages/airflow/example_dags/example_short_circuit_decorator.py
[2025-08-14T18:04:16.628+0000] {processor.py:840} INFO - DAG(s) 'example_short_circuit_decorator' retrieved from /home/airflow/.local/lib/python3.8/site-packages/airflow/example_dags/example_short_circuit_decorator.py
[2025-08-14T18:04:16.641+0000] {logging_mixin.py:188} INFO - [2025-08-14T18:04:16.640+0000] {dag.py:3047} INFO - Sync 1 DAGs
[2025-08-14T18:04:16.652+0000] {logging_mixin.py:188} INFO - [2025-08-14T18:04:16.652+0000] {dag.py:3834} INFO - Setting next_dagrun for example_short_circuit_decorator to 2025-08-13 00:00:00+00:00, run_after=2025-08-14 00:00:00+00:00
[2025-08-14T18:04:16.794+0000] {processor.py:183} INFO - Processing /home/airflow/.local/lib/python3.8/site-packages/airflow/example_dags/example_short_circuit_decorator.py took 0.179 seconds
[2025-08-14T18:04:47.171+0000] {processor.py:161} INFO - Started process (PID=3167) to work on /home/airflow/.local/lib/python3.8/site-packages/airflow/example_dags/example_short_circuit_decorator.py
[2025-08-14T18:04:47.172+0000] {processor.py:830} INFO - Processing file /home/airflow/.local/lib/python3.8/site-packages/airflow/example_dags/example_short_circuit_decorator.py for tasks to queue
[2025-08-14T18:04:47.175+0000] {logging_mixin.py:188} INFO - [2025-08-14T18:04:47.174+0000] {dagbag.py:540} INFO - Filling up the DagBag from /home/airflow/.local/lib/python3.8/site-packages/airflow/example_dags/example_short_circuit_decorator.py
[2025-08-14T18:04:47.190+0000] {processor.py:840} INFO - DAG(s) 'example_short_circuit_decorator' retrieved from /home/airflow/.local/lib/python3.8/site-packages/airflow/example_dags/example_short_circuit_decorator.py
[2025-08-14T18:04:47.215+0000] {logging_mixin.py:188} INFO - [2025-08-14T18:04:47.214+0000] {dag.py:3047} INFO - Sync 1 DAGs
[2025-08-14T18:04:47.230+0000] {logging_mixin.py:188} INFO - [2025-08-14T18:04:47.230+0000] {dag.py:3834} INFO - Setting next_dagrun for example_short_circuit_decorator to 2025-08-13 00:00:00+00:00, run_after=2025-08-14 00:00:00+00:00
[2025-08-14T18:04:47.260+0000] {processor.py:183} INFO - Processing /home/airflow/.local/lib/python3.8/site-packages/airflow/example_dags/example_short_circuit_decorator.py took 0.091 seconds
[2025-08-14T18:05:17.754+0000] {processor.py:161} INFO - Started process (PID=3221) to work on /home/airflow/.local/lib/python3.8/site-packages/airflow/example_dags/example_short_circuit_decorator.py
[2025-08-14T18:05:17.757+0000] {processor.py:830} INFO - Processing file /home/airflow/.local/lib/python3.8/site-packages/airflow/example_dags/example_short_circuit_decorator.py for tasks to queue
[2025-08-14T18:05:17.758+0000] {logging_mixin.py:188} INFO - [2025-08-14T18:05:17.758+0000] {dagbag.py:540} INFO - Filling up the DagBag from /home/airflow/.local/lib/python3.8/site-packages/airflow/example_dags/example_short_circuit_decorator.py
[2025-08-14T18:05:17.764+0000] {processor.py:840} INFO - DAG(s) 'example_short_circuit_decorator' retrieved from /home/airflow/.local/lib/python3.8/site-packages/airflow/example_dags/example_short_circuit_decorator.py
[2025-08-14T18:05:17.780+0000] {logging_mixin.py:188} INFO - [2025-08-14T18:05:17.780+0000] {dag.py:3047} INFO - Sync 1 DAGs
[2025-08-14T18:05:17.801+0000] {logging_mixin.py:188} INFO - [2025-08-14T18:05:17.800+0000] {dag.py:3834} INFO - Setting next_dagrun for example_short_circuit_decorator to 2025-08-13 00:00:00+00:00, run_after=2025-08-14 00:00:00+00:00
[2025-08-14T18:05:17.819+0000] {processor.py:183} INFO - Processing /home/airflow/.local/lib/python3.8/site-packages/airflow/example_dags/example_short_circuit_decorator.py took 0.068 seconds
[2025-08-14T18:05:48.962+0000] {processor.py:161} INFO - Started process (PID=3277) to work on /home/airflow/.local/lib/python3.8/site-packages/airflow/example_dags/example_short_circuit_decorator.py
[2025-08-14T18:05:48.962+0000] {processor.py:830} INFO - Processing file /home/airflow/.local/lib/python3.8/site-packages/airflow/example_dags/example_short_circuit_decorator.py for tasks to queue
[2025-08-14T18:05:48.965+0000] {logging_mixin.py:188} INFO - [2025-08-14T18:05:48.965+0000] {dagbag.py:540} INFO - Filling up the DagBag from /home/airflow/.local/lib/python3.8/site-packages/airflow/example_dags/example_short_circuit_decorator.py
[2025-08-14T18:05:48.971+0000] {processor.py:840} INFO - DAG(s) 'example_short_circuit_decorator' retrieved from /home/airflow/.local/lib/python3.8/site-packages/airflow/example_dags/example_short_circuit_decorator.py
[2025-08-14T18:05:48.985+0000] {logging_mixin.py:188} INFO - [2025-08-14T18:05:48.984+0000] {dag.py:3047} INFO - Sync 1 DAGs
[2025-08-14T18:05:48.996+0000] {logging_mixin.py:188} INFO - [2025-08-14T18:05:48.996+0000] {dag.py:3834} INFO - Setting next_dagrun for example_short_circuit_decorator to 2025-08-13 00:00:00+00:00, run_after=2025-08-14 00:00:00+00:00
[2025-08-14T18:05:49.016+0000] {processor.py:183} INFO - Processing /home/airflow/.local/lib/python3.8/site-packages/airflow/example_dags/example_short_circuit_decorator.py took 0.056 seconds
