[2025-08-14T17:36:44.509+0000] {processor.py:161} INFO - Started process (PID=67) to work on /home/airflow/.local/lib/python3.8/site-packages/airflow/example_dags/example_branch_python_dop_operator_3.py
[2025-08-14T17:36:44.512+0000] {processor.py:830} INFO - Processing file /home/airflow/.local/lib/python3.8/site-packages/airflow/example_dags/example_branch_python_dop_operator_3.py for tasks to queue
[2025-08-14T17:36:44.514+0000] {logging_mixin.py:188} INFO - [2025-08-14T17:36:44.514+0000] {dagbag.py:540} INFO - Filling up the DagBag from /home/airflow/.local/lib/python3.8/site-packages/airflow/example_dags/example_branch_python_dop_operator_3.py
[2025-08-14T17:36:44.527+0000] {processor.py:840} INFO - DAG(s) 'example_branch_dop_operator_v3' retrieved from /home/airflow/.local/lib/python3.8/site-packages/airflow/example_dags/example_branch_python_dop_operator_3.py
[2025-08-14T17:36:44.547+0000] {logging_mixin.py:188} INFO - [2025-08-14T17:36:44.547+0000] {dag.py:3047} INFO - Sync 1 DAGs
[2025-08-14T17:36:44.898+0000] {logging_mixin.py:188} INFO - [2025-08-14T17:36:44.896+0000] {dag.py:3834} INFO - Setting next_dagrun for example_branch_dop_operator_v3 to 2025-08-14 17:35:00+00:00, run_after=2025-08-14 17:36:00+00:00
[2025-08-14T17:36:44.953+0000] {processor.py:183} INFO - Processing /home/airflow/.local/lib/python3.8/site-packages/airflow/example_dags/example_branch_python_dop_operator_3.py took 0.454 seconds
[2025-08-14T17:37:15.911+0000] {processor.py:161} INFO - Started process (PID=123) to work on /home/airflow/.local/lib/python3.8/site-packages/airflow/example_dags/example_branch_python_dop_operator_3.py
[2025-08-14T17:37:15.913+0000] {processor.py:830} INFO - Processing file /home/airflow/.local/lib/python3.8/site-packages/airflow/example_dags/example_branch_python_dop_operator_3.py for tasks to queue
[2025-08-14T17:37:15.919+0000] {logging_mixin.py:188} INFO - [2025-08-14T17:37:15.918+0000] {dagbag.py:540} INFO - Filling up the DagBag from /home/airflow/.local/lib/python3.8/site-packages/airflow/example_dags/example_branch_python_dop_operator_3.py
[2025-08-14T17:37:15.937+0000] {processor.py:840} INFO - DAG(s) 'example_branch_dop_operator_v3' retrieved from /home/airflow/.local/lib/python3.8/site-packages/airflow/example_dags/example_branch_python_dop_operator_3.py
[2025-08-14T17:37:16.009+0000] {logging_mixin.py:188} INFO - [2025-08-14T17:37:16.008+0000] {dag.py:3047} INFO - Sync 1 DAGs
[2025-08-14T17:37:16.022+0000] {logging_mixin.py:188} INFO - [2025-08-14T17:37:16.022+0000] {dag.py:3834} INFO - Setting next_dagrun for example_branch_dop_operator_v3 to 2025-08-14 17:36:00+00:00, run_after=2025-08-14 17:37:00+00:00
[2025-08-14T17:37:16.038+0000] {processor.py:183} INFO - Processing /home/airflow/.local/lib/python3.8/site-packages/airflow/example_dags/example_branch_python_dop_operator_3.py took 0.136 seconds
[2025-08-14T17:37:46.718+0000] {processor.py:161} INFO - Started process (PID=179) to work on /home/airflow/.local/lib/python3.8/site-packages/airflow/example_dags/example_branch_python_dop_operator_3.py
[2025-08-14T17:37:46.725+0000] {processor.py:830} INFO - Processing file /home/airflow/.local/lib/python3.8/site-packages/airflow/example_dags/example_branch_python_dop_operator_3.py for tasks to queue
[2025-08-14T17:37:46.731+0000] {logging_mixin.py:188} INFO - [2025-08-14T17:37:46.731+0000] {dagbag.py:540} INFO - Filling up the DagBag from /home/airflow/.local/lib/python3.8/site-packages/airflow/example_dags/example_branch_python_dop_operator_3.py
[2025-08-14T17:37:46.757+0000] {processor.py:840} INFO - DAG(s) 'example_branch_dop_operator_v3' retrieved from /home/airflow/.local/lib/python3.8/site-packages/airflow/example_dags/example_branch_python_dop_operator_3.py
[2025-08-14T17:37:46.784+0000] {logging_mixin.py:188} INFO - [2025-08-14T17:37:46.784+0000] {dag.py:3047} INFO - Sync 1 DAGs
[2025-08-14T17:37:46.811+0000] {logging_mixin.py:188} INFO - [2025-08-14T17:37:46.811+0000] {dag.py:3834} INFO - Setting next_dagrun for example_branch_dop_operator_v3 to 2025-08-14 17:36:00+00:00, run_after=2025-08-14 17:37:00+00:00
[2025-08-14T17:37:46.832+0000] {processor.py:183} INFO - Processing /home/airflow/.local/lib/python3.8/site-packages/airflow/example_dags/example_branch_python_dop_operator_3.py took 0.139 seconds
[2025-08-14T17:38:17.730+0000] {processor.py:161} INFO - Started process (PID=235) to work on /home/airflow/.local/lib/python3.8/site-packages/airflow/example_dags/example_branch_python_dop_operator_3.py
[2025-08-14T17:38:17.731+0000] {processor.py:830} INFO - Processing file /home/airflow/.local/lib/python3.8/site-packages/airflow/example_dags/example_branch_python_dop_operator_3.py for tasks to queue
[2025-08-14T17:38:17.733+0000] {logging_mixin.py:188} INFO - [2025-08-14T17:38:17.733+0000] {dagbag.py:540} INFO - Filling up the DagBag from /home/airflow/.local/lib/python3.8/site-packages/airflow/example_dags/example_branch_python_dop_operator_3.py
[2025-08-14T17:38:17.747+0000] {processor.py:840} INFO - DAG(s) 'example_branch_dop_operator_v3' retrieved from /home/airflow/.local/lib/python3.8/site-packages/airflow/example_dags/example_branch_python_dop_operator_3.py
[2025-08-14T17:38:17.760+0000] {logging_mixin.py:188} INFO - [2025-08-14T17:38:17.760+0000] {dag.py:3047} INFO - Sync 1 DAGs
[2025-08-14T17:38:17.778+0000] {logging_mixin.py:188} INFO - [2025-08-14T17:38:17.778+0000] {dag.py:3834} INFO - Setting next_dagrun for example_branch_dop_operator_v3 to 2025-08-14 17:37:00+00:00, run_after=2025-08-14 17:38:00+00:00
[2025-08-14T17:38:17.788+0000] {processor.py:183} INFO - Processing /home/airflow/.local/lib/python3.8/site-packages/airflow/example_dags/example_branch_python_dop_operator_3.py took 0.060 seconds
[2025-08-14T17:38:48.353+0000] {processor.py:161} INFO - Started process (PID=292) to work on /home/airflow/.local/lib/python3.8/site-packages/airflow/example_dags/example_branch_python_dop_operator_3.py
[2025-08-14T17:38:48.355+0000] {processor.py:830} INFO - Processing file /home/airflow/.local/lib/python3.8/site-packages/airflow/example_dags/example_branch_python_dop_operator_3.py for tasks to queue
[2025-08-14T17:38:48.357+0000] {logging_mixin.py:188} INFO - [2025-08-14T17:38:48.357+0000] {dagbag.py:540} INFO - Filling up the DagBag from /home/airflow/.local/lib/python3.8/site-packages/airflow/example_dags/example_branch_python_dop_operator_3.py
[2025-08-14T17:38:48.365+0000] {processor.py:840} INFO - DAG(s) 'example_branch_dop_operator_v3' retrieved from /home/airflow/.local/lib/python3.8/site-packages/airflow/example_dags/example_branch_python_dop_operator_3.py
[2025-08-14T17:38:48.385+0000] {logging_mixin.py:188} INFO - [2025-08-14T17:38:48.385+0000] {dag.py:3047} INFO - Sync 1 DAGs
[2025-08-14T17:38:48.406+0000] {logging_mixin.py:188} INFO - [2025-08-14T17:38:48.406+0000] {dag.py:3834} INFO - Setting next_dagrun for example_branch_dop_operator_v3 to 2025-08-14 17:37:00+00:00, run_after=2025-08-14 17:38:00+00:00
[2025-08-14T17:38:48.415+0000] {processor.py:183} INFO - Processing /home/airflow/.local/lib/python3.8/site-packages/airflow/example_dags/example_branch_python_dop_operator_3.py took 0.072 seconds
[2025-08-14T17:39:18.595+0000] {processor.py:161} INFO - Started process (PID=348) to work on /home/airflow/.local/lib/python3.8/site-packages/airflow/example_dags/example_branch_python_dop_operator_3.py
[2025-08-14T17:39:18.596+0000] {processor.py:830} INFO - Processing file /home/airflow/.local/lib/python3.8/site-packages/airflow/example_dags/example_branch_python_dop_operator_3.py for tasks to queue
[2025-08-14T17:39:18.598+0000] {logging_mixin.py:188} INFO - [2025-08-14T17:39:18.598+0000] {dagbag.py:540} INFO - Filling up the DagBag from /home/airflow/.local/lib/python3.8/site-packages/airflow/example_dags/example_branch_python_dop_operator_3.py
[2025-08-14T17:39:18.605+0000] {processor.py:840} INFO - DAG(s) 'example_branch_dop_operator_v3' retrieved from /home/airflow/.local/lib/python3.8/site-packages/airflow/example_dags/example_branch_python_dop_operator_3.py
[2025-08-14T17:39:18.623+0000] {logging_mixin.py:188} INFO - [2025-08-14T17:39:18.623+0000] {dag.py:3047} INFO - Sync 1 DAGs
[2025-08-14T17:39:18.641+0000] {logging_mixin.py:188} INFO - [2025-08-14T17:39:18.641+0000] {dag.py:3834} INFO - Setting next_dagrun for example_branch_dop_operator_v3 to 2025-08-14 17:38:00+00:00, run_after=2025-08-14 17:39:00+00:00
[2025-08-14T17:39:18.654+0000] {processor.py:183} INFO - Processing /home/airflow/.local/lib/python3.8/site-packages/airflow/example_dags/example_branch_python_dop_operator_3.py took 0.061 seconds
[2025-08-14T17:39:49.165+0000] {processor.py:161} INFO - Started process (PID=404) to work on /home/airflow/.local/lib/python3.8/site-packages/airflow/example_dags/example_branch_python_dop_operator_3.py
[2025-08-14T17:39:49.167+0000] {processor.py:830} INFO - Processing file /home/airflow/.local/lib/python3.8/site-packages/airflow/example_dags/example_branch_python_dop_operator_3.py for tasks to queue
[2025-08-14T17:39:49.176+0000] {logging_mixin.py:188} INFO - [2025-08-14T17:39:49.171+0000] {dagbag.py:540} INFO - Filling up the DagBag from /home/airflow/.local/lib/python3.8/site-packages/airflow/example_dags/example_branch_python_dop_operator_3.py
[2025-08-14T17:39:49.201+0000] {processor.py:840} INFO - DAG(s) 'example_branch_dop_operator_v3' retrieved from /home/airflow/.local/lib/python3.8/site-packages/airflow/example_dags/example_branch_python_dop_operator_3.py
[2025-08-14T17:39:49.271+0000] {logging_mixin.py:188} INFO - [2025-08-14T17:39:49.270+0000] {dag.py:3047} INFO - Sync 1 DAGs
[2025-08-14T17:39:49.364+0000] {logging_mixin.py:188} INFO - [2025-08-14T17:39:49.363+0000] {dag.py:3834} INFO - Setting next_dagrun for example_branch_dop_operator_v3 to 2025-08-14 17:38:00+00:00, run_after=2025-08-14 17:39:00+00:00
[2025-08-14T17:39:49.403+0000] {processor.py:183} INFO - Processing /home/airflow/.local/lib/python3.8/site-packages/airflow/example_dags/example_branch_python_dop_operator_3.py took 0.246 seconds
[2025-08-14T17:40:19.961+0000] {processor.py:161} INFO - Started process (PID=460) to work on /home/airflow/.local/lib/python3.8/site-packages/airflow/example_dags/example_branch_python_dop_operator_3.py
[2025-08-14T17:40:19.963+0000] {processor.py:830} INFO - Processing file /home/airflow/.local/lib/python3.8/site-packages/airflow/example_dags/example_branch_python_dop_operator_3.py for tasks to queue
[2025-08-14T17:40:19.966+0000] {logging_mixin.py:188} INFO - [2025-08-14T17:40:19.965+0000] {dagbag.py:540} INFO - Filling up the DagBag from /home/airflow/.local/lib/python3.8/site-packages/airflow/example_dags/example_branch_python_dop_operator_3.py
[2025-08-14T17:40:19.994+0000] {processor.py:840} INFO - DAG(s) 'example_branch_dop_operator_v3' retrieved from /home/airflow/.local/lib/python3.8/site-packages/airflow/example_dags/example_branch_python_dop_operator_3.py
[2025-08-14T17:40:20.057+0000] {logging_mixin.py:188} INFO - [2025-08-14T17:40:20.056+0000] {dag.py:3047} INFO - Sync 1 DAGs
[2025-08-14T17:40:20.093+0000] {logging_mixin.py:188} INFO - [2025-08-14T17:40:20.093+0000] {dag.py:3834} INFO - Setting next_dagrun for example_branch_dop_operator_v3 to 2025-08-14 17:39:00+00:00, run_after=2025-08-14 17:40:00+00:00
[2025-08-14T17:40:20.112+0000] {processor.py:183} INFO - Processing /home/airflow/.local/lib/python3.8/site-packages/airflow/example_dags/example_branch_python_dop_operator_3.py took 0.158 seconds
[2025-08-14T17:40:50.683+0000] {processor.py:161} INFO - Started process (PID=516) to work on /home/airflow/.local/lib/python3.8/site-packages/airflow/example_dags/example_branch_python_dop_operator_3.py
[2025-08-14T17:40:50.685+0000] {processor.py:830} INFO - Processing file /home/airflow/.local/lib/python3.8/site-packages/airflow/example_dags/example_branch_python_dop_operator_3.py for tasks to queue
[2025-08-14T17:40:50.689+0000] {logging_mixin.py:188} INFO - [2025-08-14T17:40:50.688+0000] {dagbag.py:540} INFO - Filling up the DagBag from /home/airflow/.local/lib/python3.8/site-packages/airflow/example_dags/example_branch_python_dop_operator_3.py
[2025-08-14T17:40:50.713+0000] {processor.py:840} INFO - DAG(s) 'example_branch_dop_operator_v3' retrieved from /home/airflow/.local/lib/python3.8/site-packages/airflow/example_dags/example_branch_python_dop_operator_3.py
[2025-08-14T17:40:50.750+0000] {logging_mixin.py:188} INFO - [2025-08-14T17:40:50.749+0000] {dag.py:3047} INFO - Sync 1 DAGs
[2025-08-14T17:40:50.773+0000] {logging_mixin.py:188} INFO - [2025-08-14T17:40:50.773+0000] {dag.py:3834} INFO - Setting next_dagrun for example_branch_dop_operator_v3 to 2025-08-14 17:39:00+00:00, run_after=2025-08-14 17:40:00+00:00
[2025-08-14T17:40:50.792+0000] {processor.py:183} INFO - Processing /home/airflow/.local/lib/python3.8/site-packages/airflow/example_dags/example_branch_python_dop_operator_3.py took 0.118 seconds
[2025-08-14T17:41:21.108+0000] {processor.py:161} INFO - Started process (PID=572) to work on /home/airflow/.local/lib/python3.8/site-packages/airflow/example_dags/example_branch_python_dop_operator_3.py
[2025-08-14T17:41:21.111+0000] {processor.py:830} INFO - Processing file /home/airflow/.local/lib/python3.8/site-packages/airflow/example_dags/example_branch_python_dop_operator_3.py for tasks to queue
[2025-08-14T17:41:21.114+0000] {logging_mixin.py:188} INFO - [2025-08-14T17:41:21.114+0000] {dagbag.py:540} INFO - Filling up the DagBag from /home/airflow/.local/lib/python3.8/site-packages/airflow/example_dags/example_branch_python_dop_operator_3.py
[2025-08-14T17:41:21.127+0000] {processor.py:840} INFO - DAG(s) 'example_branch_dop_operator_v3' retrieved from /home/airflow/.local/lib/python3.8/site-packages/airflow/example_dags/example_branch_python_dop_operator_3.py
[2025-08-14T17:41:21.152+0000] {logging_mixin.py:188} INFO - [2025-08-14T17:41:21.152+0000] {dag.py:3047} INFO - Sync 1 DAGs
[2025-08-14T17:41:21.180+0000] {logging_mixin.py:188} INFO - [2025-08-14T17:41:21.180+0000] {dag.py:3834} INFO - Setting next_dagrun for example_branch_dop_operator_v3 to 2025-08-14 17:40:00+00:00, run_after=2025-08-14 17:41:00+00:00
[2025-08-14T17:41:21.202+0000] {processor.py:183} INFO - Processing /home/airflow/.local/lib/python3.8/site-packages/airflow/example_dags/example_branch_python_dop_operator_3.py took 0.102 seconds
[2025-08-14T17:41:51.524+0000] {processor.py:161} INFO - Started process (PID=628) to work on /home/airflow/.local/lib/python3.8/site-packages/airflow/example_dags/example_branch_python_dop_operator_3.py
[2025-08-14T17:41:51.528+0000] {processor.py:830} INFO - Processing file /home/airflow/.local/lib/python3.8/site-packages/airflow/example_dags/example_branch_python_dop_operator_3.py for tasks to queue
[2025-08-14T17:41:51.533+0000] {logging_mixin.py:188} INFO - [2025-08-14T17:41:51.532+0000] {dagbag.py:540} INFO - Filling up the DagBag from /home/airflow/.local/lib/python3.8/site-packages/airflow/example_dags/example_branch_python_dop_operator_3.py
[2025-08-14T17:41:51.554+0000] {processor.py:840} INFO - DAG(s) 'example_branch_dop_operator_v3' retrieved from /home/airflow/.local/lib/python3.8/site-packages/airflow/example_dags/example_branch_python_dop_operator_3.py
[2025-08-14T17:41:51.638+0000] {logging_mixin.py:188} INFO - [2025-08-14T17:41:51.636+0000] {dag.py:3047} INFO - Sync 1 DAGs
[2025-08-14T17:41:51.681+0000] {logging_mixin.py:188} INFO - [2025-08-14T17:41:51.680+0000] {dag.py:3834} INFO - Setting next_dagrun for example_branch_dop_operator_v3 to 2025-08-14 17:40:00+00:00, run_after=2025-08-14 17:41:00+00:00
[2025-08-14T17:41:51.738+0000] {processor.py:183} INFO - Processing /home/airflow/.local/lib/python3.8/site-packages/airflow/example_dags/example_branch_python_dop_operator_3.py took 0.229 seconds
[2025-08-14T17:42:22.216+0000] {processor.py:161} INFO - Started process (PID=684) to work on /home/airflow/.local/lib/python3.8/site-packages/airflow/example_dags/example_branch_python_dop_operator_3.py
[2025-08-14T17:42:22.251+0000] {processor.py:830} INFO - Processing file /home/airflow/.local/lib/python3.8/site-packages/airflow/example_dags/example_branch_python_dop_operator_3.py for tasks to queue
[2025-08-14T17:42:22.279+0000] {logging_mixin.py:188} INFO - [2025-08-14T17:42:22.277+0000] {dagbag.py:540} INFO - Filling up the DagBag from /home/airflow/.local/lib/python3.8/site-packages/airflow/example_dags/example_branch_python_dop_operator_3.py
[2025-08-14T17:42:22.304+0000] {processor.py:840} INFO - DAG(s) 'example_branch_dop_operator_v3' retrieved from /home/airflow/.local/lib/python3.8/site-packages/airflow/example_dags/example_branch_python_dop_operator_3.py
[2025-08-14T17:42:22.366+0000] {logging_mixin.py:188} INFO - [2025-08-14T17:42:22.366+0000] {dag.py:3047} INFO - Sync 1 DAGs
[2025-08-14T17:42:22.408+0000] {logging_mixin.py:188} INFO - [2025-08-14T17:42:22.408+0000] {dag.py:3834} INFO - Setting next_dagrun for example_branch_dop_operator_v3 to 2025-08-14 17:41:00+00:00, run_after=2025-08-14 17:42:00+00:00
[2025-08-14T17:42:22.426+0000] {processor.py:183} INFO - Processing /home/airflow/.local/lib/python3.8/site-packages/airflow/example_dags/example_branch_python_dop_operator_3.py took 0.232 seconds
[2025-08-14T17:42:52.769+0000] {processor.py:161} INFO - Started process (PID=740) to work on /home/airflow/.local/lib/python3.8/site-packages/airflow/example_dags/example_branch_python_dop_operator_3.py
[2025-08-14T17:42:52.771+0000] {processor.py:830} INFO - Processing file /home/airflow/.local/lib/python3.8/site-packages/airflow/example_dags/example_branch_python_dop_operator_3.py for tasks to queue
[2025-08-14T17:42:52.785+0000] {logging_mixin.py:188} INFO - [2025-08-14T17:42:52.783+0000] {dagbag.py:540} INFO - Filling up the DagBag from /home/airflow/.local/lib/python3.8/site-packages/airflow/example_dags/example_branch_python_dop_operator_3.py
[2025-08-14T17:42:52.813+0000] {processor.py:840} INFO - DAG(s) 'example_branch_dop_operator_v3' retrieved from /home/airflow/.local/lib/python3.8/site-packages/airflow/example_dags/example_branch_python_dop_operator_3.py
[2025-08-14T17:42:52.846+0000] {logging_mixin.py:188} INFO - [2025-08-14T17:42:52.845+0000] {dag.py:3047} INFO - Sync 1 DAGs
[2025-08-14T17:42:52.868+0000] {logging_mixin.py:188} INFO - [2025-08-14T17:42:52.868+0000] {dag.py:3834} INFO - Setting next_dagrun for example_branch_dop_operator_v3 to 2025-08-14 17:41:00+00:00, run_after=2025-08-14 17:42:00+00:00
[2025-08-14T17:42:52.898+0000] {processor.py:183} INFO - Processing /home/airflow/.local/lib/python3.8/site-packages/airflow/example_dags/example_branch_python_dop_operator_3.py took 0.136 seconds
[2025-08-14T17:43:23.341+0000] {processor.py:161} INFO - Started process (PID=796) to work on /home/airflow/.local/lib/python3.8/site-packages/airflow/example_dags/example_branch_python_dop_operator_3.py
[2025-08-14T17:43:23.345+0000] {processor.py:830} INFO - Processing file /home/airflow/.local/lib/python3.8/site-packages/airflow/example_dags/example_branch_python_dop_operator_3.py for tasks to queue
[2025-08-14T17:43:23.348+0000] {logging_mixin.py:188} INFO - [2025-08-14T17:43:23.347+0000] {dagbag.py:540} INFO - Filling up the DagBag from /home/airflow/.local/lib/python3.8/site-packages/airflow/example_dags/example_branch_python_dop_operator_3.py
[2025-08-14T17:43:23.360+0000] {processor.py:840} INFO - DAG(s) 'example_branch_dop_operator_v3' retrieved from /home/airflow/.local/lib/python3.8/site-packages/airflow/example_dags/example_branch_python_dop_operator_3.py
[2025-08-14T17:43:23.380+0000] {logging_mixin.py:188} INFO - [2025-08-14T17:43:23.380+0000] {dag.py:3047} INFO - Sync 1 DAGs
[2025-08-14T17:43:23.396+0000] {logging_mixin.py:188} INFO - [2025-08-14T17:43:23.396+0000] {dag.py:3834} INFO - Setting next_dagrun for example_branch_dop_operator_v3 to 2025-08-14 17:42:00+00:00, run_after=2025-08-14 17:43:00+00:00
[2025-08-14T17:43:23.409+0000] {processor.py:183} INFO - Processing /home/airflow/.local/lib/python3.8/site-packages/airflow/example_dags/example_branch_python_dop_operator_3.py took 0.076 seconds
[2025-08-14T17:43:53.855+0000] {processor.py:161} INFO - Started process (PID=852) to work on /home/airflow/.local/lib/python3.8/site-packages/airflow/example_dags/example_branch_python_dop_operator_3.py
[2025-08-14T17:43:53.858+0000] {processor.py:830} INFO - Processing file /home/airflow/.local/lib/python3.8/site-packages/airflow/example_dags/example_branch_python_dop_operator_3.py for tasks to queue
[2025-08-14T17:43:53.861+0000] {logging_mixin.py:188} INFO - [2025-08-14T17:43:53.860+0000] {dagbag.py:540} INFO - Filling up the DagBag from /home/airflow/.local/lib/python3.8/site-packages/airflow/example_dags/example_branch_python_dop_operator_3.py
[2025-08-14T17:43:53.872+0000] {processor.py:840} INFO - DAG(s) 'example_branch_dop_operator_v3' retrieved from /home/airflow/.local/lib/python3.8/site-packages/airflow/example_dags/example_branch_python_dop_operator_3.py
[2025-08-14T17:43:53.894+0000] {logging_mixin.py:188} INFO - [2025-08-14T17:43:53.894+0000] {dag.py:3047} INFO - Sync 1 DAGs
[2025-08-14T17:43:53.910+0000] {logging_mixin.py:188} INFO - [2025-08-14T17:43:53.910+0000] {dag.py:3834} INFO - Setting next_dagrun for example_branch_dop_operator_v3 to 2025-08-14 17:42:00+00:00, run_after=2025-08-14 17:43:00+00:00
[2025-08-14T17:43:53.921+0000] {processor.py:183} INFO - Processing /home/airflow/.local/lib/python3.8/site-packages/airflow/example_dags/example_branch_python_dop_operator_3.py took 0.072 seconds
[2025-08-14T17:44:24.885+0000] {processor.py:161} INFO - Started process (PID=908) to work on /home/airflow/.local/lib/python3.8/site-packages/airflow/example_dags/example_branch_python_dop_operator_3.py
[2025-08-14T17:44:24.887+0000] {processor.py:830} INFO - Processing file /home/airflow/.local/lib/python3.8/site-packages/airflow/example_dags/example_branch_python_dop_operator_3.py for tasks to queue
[2025-08-14T17:44:24.892+0000] {logging_mixin.py:188} INFO - [2025-08-14T17:44:24.891+0000] {dagbag.py:540} INFO - Filling up the DagBag from /home/airflow/.local/lib/python3.8/site-packages/airflow/example_dags/example_branch_python_dop_operator_3.py
[2025-08-14T17:44:24.909+0000] {processor.py:840} INFO - DAG(s) 'example_branch_dop_operator_v3' retrieved from /home/airflow/.local/lib/python3.8/site-packages/airflow/example_dags/example_branch_python_dop_operator_3.py
[2025-08-14T17:44:24.971+0000] {logging_mixin.py:188} INFO - [2025-08-14T17:44:24.971+0000] {dag.py:3047} INFO - Sync 1 DAGs
[2025-08-14T17:44:25.009+0000] {logging_mixin.py:188} INFO - [2025-08-14T17:44:25.009+0000] {dag.py:3834} INFO - Setting next_dagrun for example_branch_dop_operator_v3 to 2025-08-14 17:43:00+00:00, run_after=2025-08-14 17:44:00+00:00
[2025-08-14T17:44:25.040+0000] {processor.py:183} INFO - Processing /home/airflow/.local/lib/python3.8/site-packages/airflow/example_dags/example_branch_python_dop_operator_3.py took 0.166 seconds
[2025-08-14T17:44:55.347+0000] {processor.py:161} INFO - Started process (PID=964) to work on /home/airflow/.local/lib/python3.8/site-packages/airflow/example_dags/example_branch_python_dop_operator_3.py
[2025-08-14T17:44:55.349+0000] {processor.py:830} INFO - Processing file /home/airflow/.local/lib/python3.8/site-packages/airflow/example_dags/example_branch_python_dop_operator_3.py for tasks to queue
[2025-08-14T17:44:55.354+0000] {logging_mixin.py:188} INFO - [2025-08-14T17:44:55.353+0000] {dagbag.py:540} INFO - Filling up the DagBag from /home/airflow/.local/lib/python3.8/site-packages/airflow/example_dags/example_branch_python_dop_operator_3.py
[2025-08-14T17:44:55.372+0000] {processor.py:840} INFO - DAG(s) 'example_branch_dop_operator_v3' retrieved from /home/airflow/.local/lib/python3.8/site-packages/airflow/example_dags/example_branch_python_dop_operator_3.py
[2025-08-14T17:44:55.408+0000] {logging_mixin.py:188} INFO - [2025-08-14T17:44:55.407+0000] {dag.py:3047} INFO - Sync 1 DAGs
[2025-08-14T17:44:55.432+0000] {logging_mixin.py:188} INFO - [2025-08-14T17:44:55.432+0000] {dag.py:3834} INFO - Setting next_dagrun for example_branch_dop_operator_v3 to 2025-08-14 17:43:00+00:00, run_after=2025-08-14 17:44:00+00:00
[2025-08-14T17:44:55.446+0000] {processor.py:183} INFO - Processing /home/airflow/.local/lib/python3.8/site-packages/airflow/example_dags/example_branch_python_dop_operator_3.py took 0.108 seconds
[2025-08-14T17:45:25.723+0000] {processor.py:161} INFO - Started process (PID=1020) to work on /home/airflow/.local/lib/python3.8/site-packages/airflow/example_dags/example_branch_python_dop_operator_3.py
[2025-08-14T17:45:25.726+0000] {processor.py:830} INFO - Processing file /home/airflow/.local/lib/python3.8/site-packages/airflow/example_dags/example_branch_python_dop_operator_3.py for tasks to queue
[2025-08-14T17:45:25.730+0000] {logging_mixin.py:188} INFO - [2025-08-14T17:45:25.729+0000] {dagbag.py:540} INFO - Filling up the DagBag from /home/airflow/.local/lib/python3.8/site-packages/airflow/example_dags/example_branch_python_dop_operator_3.py
[2025-08-14T17:45:25.744+0000] {processor.py:840} INFO - DAG(s) 'example_branch_dop_operator_v3' retrieved from /home/airflow/.local/lib/python3.8/site-packages/airflow/example_dags/example_branch_python_dop_operator_3.py
[2025-08-14T17:45:25.770+0000] {logging_mixin.py:188} INFO - [2025-08-14T17:45:25.769+0000] {dag.py:3047} INFO - Sync 1 DAGs
[2025-08-14T17:45:25.795+0000] {logging_mixin.py:188} INFO - [2025-08-14T17:45:25.795+0000] {dag.py:3834} INFO - Setting next_dagrun for example_branch_dop_operator_v3 to 2025-08-14 17:44:00+00:00, run_after=2025-08-14 17:45:00+00:00
[2025-08-14T17:45:25.807+0000] {processor.py:183} INFO - Processing /home/airflow/.local/lib/python3.8/site-packages/airflow/example_dags/example_branch_python_dop_operator_3.py took 0.093 seconds
[2025-08-14T17:45:56.151+0000] {processor.py:161} INFO - Started process (PID=1076) to work on /home/airflow/.local/lib/python3.8/site-packages/airflow/example_dags/example_branch_python_dop_operator_3.py
[2025-08-14T17:45:56.153+0000] {processor.py:830} INFO - Processing file /home/airflow/.local/lib/python3.8/site-packages/airflow/example_dags/example_branch_python_dop_operator_3.py for tasks to queue
[2025-08-14T17:45:56.156+0000] {logging_mixin.py:188} INFO - [2025-08-14T17:45:56.156+0000] {dagbag.py:540} INFO - Filling up the DagBag from /home/airflow/.local/lib/python3.8/site-packages/airflow/example_dags/example_branch_python_dop_operator_3.py
[2025-08-14T17:45:56.184+0000] {processor.py:840} INFO - DAG(s) 'example_branch_dop_operator_v3' retrieved from /home/airflow/.local/lib/python3.8/site-packages/airflow/example_dags/example_branch_python_dop_operator_3.py
[2025-08-14T17:45:56.219+0000] {logging_mixin.py:188} INFO - [2025-08-14T17:45:56.219+0000] {dag.py:3047} INFO - Sync 1 DAGs
[2025-08-14T17:45:56.259+0000] {logging_mixin.py:188} INFO - [2025-08-14T17:45:56.259+0000] {dag.py:3834} INFO - Setting next_dagrun for example_branch_dop_operator_v3 to 2025-08-14 17:44:00+00:00, run_after=2025-08-14 17:45:00+00:00
[2025-08-14T17:45:56.286+0000] {processor.py:183} INFO - Processing /home/airflow/.local/lib/python3.8/site-packages/airflow/example_dags/example_branch_python_dop_operator_3.py took 0.145 seconds
[2025-08-14T17:46:26.668+0000] {processor.py:161} INFO - Started process (PID=1132) to work on /home/airflow/.local/lib/python3.8/site-packages/airflow/example_dags/example_branch_python_dop_operator_3.py
[2025-08-14T17:46:26.670+0000] {processor.py:830} INFO - Processing file /home/airflow/.local/lib/python3.8/site-packages/airflow/example_dags/example_branch_python_dop_operator_3.py for tasks to queue
[2025-08-14T17:46:26.673+0000] {logging_mixin.py:188} INFO - [2025-08-14T17:46:26.673+0000] {dagbag.py:540} INFO - Filling up the DagBag from /home/airflow/.local/lib/python3.8/site-packages/airflow/example_dags/example_branch_python_dop_operator_3.py
[2025-08-14T17:46:26.683+0000] {processor.py:840} INFO - DAG(s) 'example_branch_dop_operator_v3' retrieved from /home/airflow/.local/lib/python3.8/site-packages/airflow/example_dags/example_branch_python_dop_operator_3.py
[2025-08-14T17:46:26.703+0000] {logging_mixin.py:188} INFO - [2025-08-14T17:46:26.703+0000] {dag.py:3047} INFO - Sync 1 DAGs
[2025-08-14T17:46:26.722+0000] {logging_mixin.py:188} INFO - [2025-08-14T17:46:26.722+0000] {dag.py:3834} INFO - Setting next_dagrun for example_branch_dop_operator_v3 to 2025-08-14 17:45:00+00:00, run_after=2025-08-14 17:46:00+00:00
[2025-08-14T17:46:26.733+0000] {processor.py:183} INFO - Processing /home/airflow/.local/lib/python3.8/site-packages/airflow/example_dags/example_branch_python_dop_operator_3.py took 0.069 seconds
[2025-08-14T17:46:57.338+0000] {processor.py:161} INFO - Started process (PID=1188) to work on /home/airflow/.local/lib/python3.8/site-packages/airflow/example_dags/example_branch_python_dop_operator_3.py
[2025-08-14T17:46:57.340+0000] {processor.py:830} INFO - Processing file /home/airflow/.local/lib/python3.8/site-packages/airflow/example_dags/example_branch_python_dop_operator_3.py for tasks to queue
[2025-08-14T17:46:57.343+0000] {logging_mixin.py:188} INFO - [2025-08-14T17:46:57.343+0000] {dagbag.py:540} INFO - Filling up the DagBag from /home/airflow/.local/lib/python3.8/site-packages/airflow/example_dags/example_branch_python_dop_operator_3.py
[2025-08-14T17:46:57.356+0000] {processor.py:840} INFO - DAG(s) 'example_branch_dop_operator_v3' retrieved from /home/airflow/.local/lib/python3.8/site-packages/airflow/example_dags/example_branch_python_dop_operator_3.py
[2025-08-14T17:46:57.381+0000] {logging_mixin.py:188} INFO - [2025-08-14T17:46:57.381+0000] {dag.py:3047} INFO - Sync 1 DAGs
[2025-08-14T17:46:57.396+0000] {logging_mixin.py:188} INFO - [2025-08-14T17:46:57.396+0000] {dag.py:3834} INFO - Setting next_dagrun for example_branch_dop_operator_v3 to 2025-08-14 17:45:00+00:00, run_after=2025-08-14 17:46:00+00:00
[2025-08-14T17:46:57.411+0000] {processor.py:183} INFO - Processing /home/airflow/.local/lib/python3.8/site-packages/airflow/example_dags/example_branch_python_dop_operator_3.py took 0.084 seconds
[2025-08-14T17:47:27.487+0000] {processor.py:161} INFO - Started process (PID=1244) to work on /home/airflow/.local/lib/python3.8/site-packages/airflow/example_dags/example_branch_python_dop_operator_3.py
[2025-08-14T17:47:27.490+0000] {processor.py:830} INFO - Processing file /home/airflow/.local/lib/python3.8/site-packages/airflow/example_dags/example_branch_python_dop_operator_3.py for tasks to queue
[2025-08-14T17:47:27.494+0000] {logging_mixin.py:188} INFO - [2025-08-14T17:47:27.493+0000] {dagbag.py:540} INFO - Filling up the DagBag from /home/airflow/.local/lib/python3.8/site-packages/airflow/example_dags/example_branch_python_dop_operator_3.py
[2025-08-14T17:47:27.507+0000] {processor.py:840} INFO - DAG(s) 'example_branch_dop_operator_v3' retrieved from /home/airflow/.local/lib/python3.8/site-packages/airflow/example_dags/example_branch_python_dop_operator_3.py
[2025-08-14T17:47:27.535+0000] {logging_mixin.py:188} INFO - [2025-08-14T17:47:27.534+0000] {dag.py:3047} INFO - Sync 1 DAGs
[2025-08-14T17:47:27.553+0000] {logging_mixin.py:188} INFO - [2025-08-14T17:47:27.553+0000] {dag.py:3834} INFO - Setting next_dagrun for example_branch_dop_operator_v3 to 2025-08-14 17:46:00+00:00, run_after=2025-08-14 17:47:00+00:00
[2025-08-14T17:47:27.566+0000] {processor.py:183} INFO - Processing /home/airflow/.local/lib/python3.8/site-packages/airflow/example_dags/example_branch_python_dop_operator_3.py took 0.084 seconds
[2025-08-14T17:47:57.808+0000] {processor.py:161} INFO - Started process (PID=1300) to work on /home/airflow/.local/lib/python3.8/site-packages/airflow/example_dags/example_branch_python_dop_operator_3.py
[2025-08-14T17:47:57.809+0000] {processor.py:830} INFO - Processing file /home/airflow/.local/lib/python3.8/site-packages/airflow/example_dags/example_branch_python_dop_operator_3.py for tasks to queue
[2025-08-14T17:47:57.811+0000] {logging_mixin.py:188} INFO - [2025-08-14T17:47:57.810+0000] {dagbag.py:540} INFO - Filling up the DagBag from /home/airflow/.local/lib/python3.8/site-packages/airflow/example_dags/example_branch_python_dop_operator_3.py
[2025-08-14T17:47:57.818+0000] {processor.py:840} INFO - DAG(s) 'example_branch_dop_operator_v3' retrieved from /home/airflow/.local/lib/python3.8/site-packages/airflow/example_dags/example_branch_python_dop_operator_3.py
[2025-08-14T17:47:57.838+0000] {logging_mixin.py:188} INFO - [2025-08-14T17:47:57.838+0000] {dag.py:3047} INFO - Sync 1 DAGs
[2025-08-14T17:47:57.852+0000] {logging_mixin.py:188} INFO - [2025-08-14T17:47:57.852+0000] {dag.py:3834} INFO - Setting next_dagrun for example_branch_dop_operator_v3 to 2025-08-14 17:46:00+00:00, run_after=2025-08-14 17:47:00+00:00
[2025-08-14T17:47:57.861+0000] {processor.py:183} INFO - Processing /home/airflow/.local/lib/python3.8/site-packages/airflow/example_dags/example_branch_python_dop_operator_3.py took 0.057 seconds
[2025-08-14T17:48:28.077+0000] {processor.py:161} INFO - Started process (PID=1356) to work on /home/airflow/.local/lib/python3.8/site-packages/airflow/example_dags/example_branch_python_dop_operator_3.py
[2025-08-14T17:48:28.082+0000] {processor.py:830} INFO - Processing file /home/airflow/.local/lib/python3.8/site-packages/airflow/example_dags/example_branch_python_dop_operator_3.py for tasks to queue
[2025-08-14T17:48:28.086+0000] {logging_mixin.py:188} INFO - [2025-08-14T17:48:28.085+0000] {dagbag.py:540} INFO - Filling up the DagBag from /home/airflow/.local/lib/python3.8/site-packages/airflow/example_dags/example_branch_python_dop_operator_3.py
[2025-08-14T17:48:28.098+0000] {processor.py:840} INFO - DAG(s) 'example_branch_dop_operator_v3' retrieved from /home/airflow/.local/lib/python3.8/site-packages/airflow/example_dags/example_branch_python_dop_operator_3.py
[2025-08-14T17:48:28.128+0000] {logging_mixin.py:188} INFO - [2025-08-14T17:48:28.128+0000] {dag.py:3047} INFO - Sync 1 DAGs
[2025-08-14T17:48:28.155+0000] {logging_mixin.py:188} INFO - [2025-08-14T17:48:28.154+0000] {dag.py:3834} INFO - Setting next_dagrun for example_branch_dop_operator_v3 to 2025-08-14 17:47:00+00:00, run_after=2025-08-14 17:48:00+00:00
[2025-08-14T17:48:28.186+0000] {processor.py:183} INFO - Processing /home/airflow/.local/lib/python3.8/site-packages/airflow/example_dags/example_branch_python_dop_operator_3.py took 0.114 seconds
[2025-08-14T17:48:58.544+0000] {processor.py:161} INFO - Started process (PID=1412) to work on /home/airflow/.local/lib/python3.8/site-packages/airflow/example_dags/example_branch_python_dop_operator_3.py
[2025-08-14T17:48:58.546+0000] {processor.py:830} INFO - Processing file /home/airflow/.local/lib/python3.8/site-packages/airflow/example_dags/example_branch_python_dop_operator_3.py for tasks to queue
[2025-08-14T17:48:58.555+0000] {logging_mixin.py:188} INFO - [2025-08-14T17:48:58.552+0000] {dagbag.py:540} INFO - Filling up the DagBag from /home/airflow/.local/lib/python3.8/site-packages/airflow/example_dags/example_branch_python_dop_operator_3.py
[2025-08-14T17:48:58.604+0000] {processor.py:840} INFO - DAG(s) 'example_branch_dop_operator_v3' retrieved from /home/airflow/.local/lib/python3.8/site-packages/airflow/example_dags/example_branch_python_dop_operator_3.py
[2025-08-14T17:48:58.646+0000] {logging_mixin.py:188} INFO - [2025-08-14T17:48:58.646+0000] {dag.py:3047} INFO - Sync 1 DAGs
[2025-08-14T17:48:58.673+0000] {logging_mixin.py:188} INFO - [2025-08-14T17:48:58.673+0000] {dag.py:3834} INFO - Setting next_dagrun for example_branch_dop_operator_v3 to 2025-08-14 17:47:00+00:00, run_after=2025-08-14 17:48:00+00:00
[2025-08-14T17:48:58.696+0000] {processor.py:183} INFO - Processing /home/airflow/.local/lib/python3.8/site-packages/airflow/example_dags/example_branch_python_dop_operator_3.py took 0.161 seconds
[2025-08-14T17:49:28.801+0000] {processor.py:161} INFO - Started process (PID=1468) to work on /home/airflow/.local/lib/python3.8/site-packages/airflow/example_dags/example_branch_python_dop_operator_3.py
[2025-08-14T17:49:28.803+0000] {processor.py:830} INFO - Processing file /home/airflow/.local/lib/python3.8/site-packages/airflow/example_dags/example_branch_python_dop_operator_3.py for tasks to queue
[2025-08-14T17:49:28.807+0000] {logging_mixin.py:188} INFO - [2025-08-14T17:49:28.807+0000] {dagbag.py:540} INFO - Filling up the DagBag from /home/airflow/.local/lib/python3.8/site-packages/airflow/example_dags/example_branch_python_dop_operator_3.py
[2025-08-14T17:49:28.824+0000] {processor.py:840} INFO - DAG(s) 'example_branch_dop_operator_v3' retrieved from /home/airflow/.local/lib/python3.8/site-packages/airflow/example_dags/example_branch_python_dop_operator_3.py
[2025-08-14T17:49:28.844+0000] {logging_mixin.py:188} INFO - [2025-08-14T17:49:28.844+0000] {dag.py:3047} INFO - Sync 1 DAGs
[2025-08-14T17:49:28.861+0000] {logging_mixin.py:188} INFO - [2025-08-14T17:49:28.861+0000] {dag.py:3834} INFO - Setting next_dagrun for example_branch_dop_operator_v3 to 2025-08-14 17:48:00+00:00, run_after=2025-08-14 17:49:00+00:00
[2025-08-14T17:49:28.872+0000] {processor.py:183} INFO - Processing /home/airflow/.local/lib/python3.8/site-packages/airflow/example_dags/example_branch_python_dop_operator_3.py took 0.075 seconds
[2025-08-14T17:49:59.831+0000] {processor.py:161} INFO - Started process (PID=1524) to work on /home/airflow/.local/lib/python3.8/site-packages/airflow/example_dags/example_branch_python_dop_operator_3.py
[2025-08-14T17:49:59.832+0000] {processor.py:830} INFO - Processing file /home/airflow/.local/lib/python3.8/site-packages/airflow/example_dags/example_branch_python_dop_operator_3.py for tasks to queue
[2025-08-14T17:49:59.835+0000] {logging_mixin.py:188} INFO - [2025-08-14T17:49:59.835+0000] {dagbag.py:540} INFO - Filling up the DagBag from /home/airflow/.local/lib/python3.8/site-packages/airflow/example_dags/example_branch_python_dop_operator_3.py
[2025-08-14T17:49:59.845+0000] {processor.py:840} INFO - DAG(s) 'example_branch_dop_operator_v3' retrieved from /home/airflow/.local/lib/python3.8/site-packages/airflow/example_dags/example_branch_python_dop_operator_3.py
[2025-08-14T17:49:59.872+0000] {logging_mixin.py:188} INFO - [2025-08-14T17:49:59.872+0000] {dag.py:3047} INFO - Sync 1 DAGs
[2025-08-14T17:49:59.893+0000] {logging_mixin.py:188} INFO - [2025-08-14T17:49:59.893+0000] {dag.py:3834} INFO - Setting next_dagrun for example_branch_dop_operator_v3 to 2025-08-14 17:48:00+00:00, run_after=2025-08-14 17:49:00+00:00
[2025-08-14T17:49:59.913+0000] {processor.py:183} INFO - Processing /home/airflow/.local/lib/python3.8/site-packages/airflow/example_dags/example_branch_python_dop_operator_3.py took 0.088 seconds
[2025-08-14T17:50:30.112+0000] {processor.py:161} INFO - Started process (PID=1580) to work on /home/airflow/.local/lib/python3.8/site-packages/airflow/example_dags/example_branch_python_dop_operator_3.py
[2025-08-14T17:50:30.114+0000] {processor.py:830} INFO - Processing file /home/airflow/.local/lib/python3.8/site-packages/airflow/example_dags/example_branch_python_dop_operator_3.py for tasks to queue
[2025-08-14T17:50:30.117+0000] {logging_mixin.py:188} INFO - [2025-08-14T17:50:30.117+0000] {dagbag.py:540} INFO - Filling up the DagBag from /home/airflow/.local/lib/python3.8/site-packages/airflow/example_dags/example_branch_python_dop_operator_3.py
[2025-08-14T17:50:30.128+0000] {processor.py:840} INFO - DAG(s) 'example_branch_dop_operator_v3' retrieved from /home/airflow/.local/lib/python3.8/site-packages/airflow/example_dags/example_branch_python_dop_operator_3.py
[2025-08-14T17:50:30.170+0000] {logging_mixin.py:188} INFO - [2025-08-14T17:50:30.170+0000] {dag.py:3047} INFO - Sync 1 DAGs
[2025-08-14T17:50:30.269+0000] {logging_mixin.py:188} INFO - [2025-08-14T17:50:30.268+0000] {dag.py:3834} INFO - Setting next_dagrun for example_branch_dop_operator_v3 to 2025-08-14 17:49:00+00:00, run_after=2025-08-14 17:50:00+00:00
[2025-08-14T17:50:30.335+0000] {processor.py:183} INFO - Processing /home/airflow/.local/lib/python3.8/site-packages/airflow/example_dags/example_branch_python_dop_operator_3.py took 0.230 seconds
[2025-08-14T17:51:00.456+0000] {processor.py:161} INFO - Started process (PID=1636) to work on /home/airflow/.local/lib/python3.8/site-packages/airflow/example_dags/example_branch_python_dop_operator_3.py
[2025-08-14T17:51:00.457+0000] {processor.py:830} INFO - Processing file /home/airflow/.local/lib/python3.8/site-packages/airflow/example_dags/example_branch_python_dop_operator_3.py for tasks to queue
[2025-08-14T17:51:00.459+0000] {logging_mixin.py:188} INFO - [2025-08-14T17:51:00.459+0000] {dagbag.py:540} INFO - Filling up the DagBag from /home/airflow/.local/lib/python3.8/site-packages/airflow/example_dags/example_branch_python_dop_operator_3.py
[2025-08-14T17:51:00.468+0000] {processor.py:840} INFO - DAG(s) 'example_branch_dop_operator_v3' retrieved from /home/airflow/.local/lib/python3.8/site-packages/airflow/example_dags/example_branch_python_dop_operator_3.py
[2025-08-14T17:51:00.492+0000] {logging_mixin.py:188} INFO - [2025-08-14T17:51:00.492+0000] {dag.py:3047} INFO - Sync 1 DAGs
[2025-08-14T17:51:00.513+0000] {logging_mixin.py:188} INFO - [2025-08-14T17:51:00.513+0000] {dag.py:3834} INFO - Setting next_dagrun for example_branch_dop_operator_v3 to 2025-08-14 17:50:00+00:00, run_after=2025-08-14 17:51:00+00:00
[2025-08-14T17:51:00.531+0000] {processor.py:183} INFO - Processing /home/airflow/.local/lib/python3.8/site-packages/airflow/example_dags/example_branch_python_dop_operator_3.py took 0.079 seconds
[2025-08-14T17:51:30.860+0000] {processor.py:161} INFO - Started process (PID=1692) to work on /home/airflow/.local/lib/python3.8/site-packages/airflow/example_dags/example_branch_python_dop_operator_3.py
[2025-08-14T17:51:30.862+0000] {processor.py:830} INFO - Processing file /home/airflow/.local/lib/python3.8/site-packages/airflow/example_dags/example_branch_python_dop_operator_3.py for tasks to queue
[2025-08-14T17:51:30.866+0000] {logging_mixin.py:188} INFO - [2025-08-14T17:51:30.866+0000] {dagbag.py:540} INFO - Filling up the DagBag from /home/airflow/.local/lib/python3.8/site-packages/airflow/example_dags/example_branch_python_dop_operator_3.py
[2025-08-14T17:51:30.880+0000] {processor.py:840} INFO - DAG(s) 'example_branch_dop_operator_v3' retrieved from /home/airflow/.local/lib/python3.8/site-packages/airflow/example_dags/example_branch_python_dop_operator_3.py
[2025-08-14T17:51:30.899+0000] {logging_mixin.py:188} INFO - [2025-08-14T17:51:30.899+0000] {dag.py:3047} INFO - Sync 1 DAGs
[2025-08-14T17:51:30.918+0000] {logging_mixin.py:188} INFO - [2025-08-14T17:51:30.918+0000] {dag.py:3834} INFO - Setting next_dagrun for example_branch_dop_operator_v3 to 2025-08-14 17:50:00+00:00, run_after=2025-08-14 17:51:00+00:00
[2025-08-14T17:51:30.932+0000] {processor.py:183} INFO - Processing /home/airflow/.local/lib/python3.8/site-packages/airflow/example_dags/example_branch_python_dop_operator_3.py took 0.080 seconds
[2025-08-14T17:52:01.555+0000] {processor.py:161} INFO - Started process (PID=1748) to work on /home/airflow/.local/lib/python3.8/site-packages/airflow/example_dags/example_branch_python_dop_operator_3.py
[2025-08-14T17:52:01.557+0000] {processor.py:830} INFO - Processing file /home/airflow/.local/lib/python3.8/site-packages/airflow/example_dags/example_branch_python_dop_operator_3.py for tasks to queue
[2025-08-14T17:52:01.558+0000] {logging_mixin.py:188} INFO - [2025-08-14T17:52:01.558+0000] {dagbag.py:540} INFO - Filling up the DagBag from /home/airflow/.local/lib/python3.8/site-packages/airflow/example_dags/example_branch_python_dop_operator_3.py
[2025-08-14T17:52:01.565+0000] {processor.py:840} INFO - DAG(s) 'example_branch_dop_operator_v3' retrieved from /home/airflow/.local/lib/python3.8/site-packages/airflow/example_dags/example_branch_python_dop_operator_3.py
[2025-08-14T17:52:01.584+0000] {logging_mixin.py:188} INFO - [2025-08-14T17:52:01.584+0000] {dag.py:3047} INFO - Sync 1 DAGs
[2025-08-14T17:52:01.607+0000] {logging_mixin.py:188} INFO - [2025-08-14T17:52:01.606+0000] {dag.py:3834} INFO - Setting next_dagrun for example_branch_dop_operator_v3 to 2025-08-14 17:51:00+00:00, run_after=2025-08-14 17:52:00+00:00
[2025-08-14T17:52:01.618+0000] {processor.py:183} INFO - Processing /home/airflow/.local/lib/python3.8/site-packages/airflow/example_dags/example_branch_python_dop_operator_3.py took 0.066 seconds
[2025-08-14T17:52:31.992+0000] {processor.py:161} INFO - Started process (PID=1804) to work on /home/airflow/.local/lib/python3.8/site-packages/airflow/example_dags/example_branch_python_dop_operator_3.py
[2025-08-14T17:52:31.994+0000] {processor.py:830} INFO - Processing file /home/airflow/.local/lib/python3.8/site-packages/airflow/example_dags/example_branch_python_dop_operator_3.py for tasks to queue
[2025-08-14T17:52:31.997+0000] {logging_mixin.py:188} INFO - [2025-08-14T17:52:31.996+0000] {dagbag.py:540} INFO - Filling up the DagBag from /home/airflow/.local/lib/python3.8/site-packages/airflow/example_dags/example_branch_python_dop_operator_3.py
[2025-08-14T17:52:32.010+0000] {processor.py:840} INFO - DAG(s) 'example_branch_dop_operator_v3' retrieved from /home/airflow/.local/lib/python3.8/site-packages/airflow/example_dags/example_branch_python_dop_operator_3.py
[2025-08-14T17:52:32.030+0000] {logging_mixin.py:188} INFO - [2025-08-14T17:52:32.030+0000] {dag.py:3047} INFO - Sync 1 DAGs
[2025-08-14T17:52:32.046+0000] {logging_mixin.py:188} INFO - [2025-08-14T17:52:32.045+0000] {dag.py:3834} INFO - Setting next_dagrun for example_branch_dop_operator_v3 to 2025-08-14 17:51:00+00:00, run_after=2025-08-14 17:52:00+00:00
[2025-08-14T17:52:32.059+0000] {processor.py:183} INFO - Processing /home/airflow/.local/lib/python3.8/site-packages/airflow/example_dags/example_branch_python_dop_operator_3.py took 0.075 seconds
[2025-08-14T17:53:02.281+0000] {processor.py:161} INFO - Started process (PID=1860) to work on /home/airflow/.local/lib/python3.8/site-packages/airflow/example_dags/example_branch_python_dop_operator_3.py
[2025-08-14T17:53:02.284+0000] {processor.py:830} INFO - Processing file /home/airflow/.local/lib/python3.8/site-packages/airflow/example_dags/example_branch_python_dop_operator_3.py for tasks to queue
[2025-08-14T17:53:02.292+0000] {logging_mixin.py:188} INFO - [2025-08-14T17:53:02.292+0000] {dagbag.py:540} INFO - Filling up the DagBag from /home/airflow/.local/lib/python3.8/site-packages/airflow/example_dags/example_branch_python_dop_operator_3.py
[2025-08-14T17:53:02.305+0000] {processor.py:840} INFO - DAG(s) 'example_branch_dop_operator_v3' retrieved from /home/airflow/.local/lib/python3.8/site-packages/airflow/example_dags/example_branch_python_dop_operator_3.py
[2025-08-14T17:53:02.334+0000] {logging_mixin.py:188} INFO - [2025-08-14T17:53:02.334+0000] {dag.py:3047} INFO - Sync 1 DAGs
[2025-08-14T17:53:02.351+0000] {logging_mixin.py:188} INFO - [2025-08-14T17:53:02.351+0000] {dag.py:3834} INFO - Setting next_dagrun for example_branch_dop_operator_v3 to 2025-08-14 17:52:00+00:00, run_after=2025-08-14 17:53:00+00:00
[2025-08-14T17:53:02.364+0000] {processor.py:183} INFO - Processing /home/airflow/.local/lib/python3.8/site-packages/airflow/example_dags/example_branch_python_dop_operator_3.py took 0.088 seconds
[2025-08-14T17:53:32.786+0000] {processor.py:161} INFO - Started process (PID=1916) to work on /home/airflow/.local/lib/python3.8/site-packages/airflow/example_dags/example_branch_python_dop_operator_3.py
[2025-08-14T17:53:32.789+0000] {processor.py:830} INFO - Processing file /home/airflow/.local/lib/python3.8/site-packages/airflow/example_dags/example_branch_python_dop_operator_3.py for tasks to queue
[2025-08-14T17:53:32.793+0000] {logging_mixin.py:188} INFO - [2025-08-14T17:53:32.792+0000] {dagbag.py:540} INFO - Filling up the DagBag from /home/airflow/.local/lib/python3.8/site-packages/airflow/example_dags/example_branch_python_dop_operator_3.py
[2025-08-14T17:53:32.807+0000] {processor.py:840} INFO - DAG(s) 'example_branch_dop_operator_v3' retrieved from /home/airflow/.local/lib/python3.8/site-packages/airflow/example_dags/example_branch_python_dop_operator_3.py
[2025-08-14T17:53:32.845+0000] {logging_mixin.py:188} INFO - [2025-08-14T17:53:32.845+0000] {dag.py:3047} INFO - Sync 1 DAGs
[2025-08-14T17:53:32.867+0000] {logging_mixin.py:188} INFO - [2025-08-14T17:53:32.867+0000] {dag.py:3834} INFO - Setting next_dagrun for example_branch_dop_operator_v3 to 2025-08-14 17:52:00+00:00, run_after=2025-08-14 17:53:00+00:00
[2025-08-14T17:53:32.882+0000] {processor.py:183} INFO - Processing /home/airflow/.local/lib/python3.8/site-packages/airflow/example_dags/example_branch_python_dop_operator_3.py took 0.105 seconds
[2025-08-14T17:54:03.093+0000] {processor.py:161} INFO - Started process (PID=1971) to work on /home/airflow/.local/lib/python3.8/site-packages/airflow/example_dags/example_branch_python_dop_operator_3.py
[2025-08-14T17:54:03.096+0000] {processor.py:830} INFO - Processing file /home/airflow/.local/lib/python3.8/site-packages/airflow/example_dags/example_branch_python_dop_operator_3.py for tasks to queue
[2025-08-14T17:54:03.100+0000] {logging_mixin.py:188} INFO - [2025-08-14T17:54:03.100+0000] {dagbag.py:540} INFO - Filling up the DagBag from /home/airflow/.local/lib/python3.8/site-packages/airflow/example_dags/example_branch_python_dop_operator_3.py
[2025-08-14T17:54:03.117+0000] {processor.py:840} INFO - DAG(s) 'example_branch_dop_operator_v3' retrieved from /home/airflow/.local/lib/python3.8/site-packages/airflow/example_dags/example_branch_python_dop_operator_3.py
[2025-08-14T17:54:03.154+0000] {logging_mixin.py:188} INFO - [2025-08-14T17:54:03.154+0000] {dag.py:3047} INFO - Sync 1 DAGs
[2025-08-14T17:54:03.186+0000] {logging_mixin.py:188} INFO - [2025-08-14T17:54:03.185+0000] {dag.py:3834} INFO - Setting next_dagrun for example_branch_dop_operator_v3 to 2025-08-14 17:53:00+00:00, run_after=2025-08-14 17:54:00+00:00
[2025-08-14T17:54:03.203+0000] {processor.py:183} INFO - Processing /home/airflow/.local/lib/python3.8/site-packages/airflow/example_dags/example_branch_python_dop_operator_3.py took 0.130 seconds
[2025-08-14T17:54:33.574+0000] {processor.py:161} INFO - Started process (PID=2027) to work on /home/airflow/.local/lib/python3.8/site-packages/airflow/example_dags/example_branch_python_dop_operator_3.py
[2025-08-14T17:54:33.578+0000] {processor.py:830} INFO - Processing file /home/airflow/.local/lib/python3.8/site-packages/airflow/example_dags/example_branch_python_dop_operator_3.py for tasks to queue
[2025-08-14T17:54:33.583+0000] {logging_mixin.py:188} INFO - [2025-08-14T17:54:33.582+0000] {dagbag.py:540} INFO - Filling up the DagBag from /home/airflow/.local/lib/python3.8/site-packages/airflow/example_dags/example_branch_python_dop_operator_3.py
[2025-08-14T17:54:33.614+0000] {processor.py:840} INFO - DAG(s) 'example_branch_dop_operator_v3' retrieved from /home/airflow/.local/lib/python3.8/site-packages/airflow/example_dags/example_branch_python_dop_operator_3.py
[2025-08-14T17:54:33.639+0000] {logging_mixin.py:188} INFO - [2025-08-14T17:54:33.639+0000] {dag.py:3047} INFO - Sync 1 DAGs
[2025-08-14T17:54:33.659+0000] {logging_mixin.py:188} INFO - [2025-08-14T17:54:33.659+0000] {dag.py:3834} INFO - Setting next_dagrun for example_branch_dop_operator_v3 to 2025-08-14 17:53:00+00:00, run_after=2025-08-14 17:54:00+00:00
[2025-08-14T17:54:33.676+0000] {processor.py:183} INFO - Processing /home/airflow/.local/lib/python3.8/site-packages/airflow/example_dags/example_branch_python_dop_operator_3.py took 0.111 seconds
[2025-08-14T17:55:03.921+0000] {processor.py:161} INFO - Started process (PID=2083) to work on /home/airflow/.local/lib/python3.8/site-packages/airflow/example_dags/example_branch_python_dop_operator_3.py
[2025-08-14T17:55:03.922+0000] {processor.py:830} INFO - Processing file /home/airflow/.local/lib/python3.8/site-packages/airflow/example_dags/example_branch_python_dop_operator_3.py for tasks to queue
[2025-08-14T17:55:03.931+0000] {logging_mixin.py:188} INFO - [2025-08-14T17:55:03.930+0000] {dagbag.py:540} INFO - Filling up the DagBag from /home/airflow/.local/lib/python3.8/site-packages/airflow/example_dags/example_branch_python_dop_operator_3.py
[2025-08-14T17:55:03.949+0000] {processor.py:840} INFO - DAG(s) 'example_branch_dop_operator_v3' retrieved from /home/airflow/.local/lib/python3.8/site-packages/airflow/example_dags/example_branch_python_dop_operator_3.py
[2025-08-14T17:55:03.982+0000] {logging_mixin.py:188} INFO - [2025-08-14T17:55:03.981+0000] {dag.py:3047} INFO - Sync 1 DAGs
[2025-08-14T17:55:04.025+0000] {logging_mixin.py:188} INFO - [2025-08-14T17:55:04.025+0000] {dag.py:3834} INFO - Setting next_dagrun for example_branch_dop_operator_v3 to 2025-08-14 17:54:00+00:00, run_after=2025-08-14 17:55:00+00:00
[2025-08-14T17:55:04.045+0000] {processor.py:183} INFO - Processing /home/airflow/.local/lib/python3.8/site-packages/airflow/example_dags/example_branch_python_dop_operator_3.py took 0.138 seconds
[2025-08-14T17:55:34.880+0000] {processor.py:161} INFO - Started process (PID=2139) to work on /home/airflow/.local/lib/python3.8/site-packages/airflow/example_dags/example_branch_python_dop_operator_3.py
[2025-08-14T17:55:34.882+0000] {processor.py:830} INFO - Processing file /home/airflow/.local/lib/python3.8/site-packages/airflow/example_dags/example_branch_python_dop_operator_3.py for tasks to queue
[2025-08-14T17:55:34.889+0000] {logging_mixin.py:188} INFO - [2025-08-14T17:55:34.889+0000] {dagbag.py:540} INFO - Filling up the DagBag from /home/airflow/.local/lib/python3.8/site-packages/airflow/example_dags/example_branch_python_dop_operator_3.py
[2025-08-14T17:55:34.902+0000] {processor.py:840} INFO - DAG(s) 'example_branch_dop_operator_v3' retrieved from /home/airflow/.local/lib/python3.8/site-packages/airflow/example_dags/example_branch_python_dop_operator_3.py
[2025-08-14T17:55:34.926+0000] {logging_mixin.py:188} INFO - [2025-08-14T17:55:34.925+0000] {dag.py:3047} INFO - Sync 1 DAGs
[2025-08-14T17:55:34.957+0000] {logging_mixin.py:188} INFO - [2025-08-14T17:55:34.957+0000] {dag.py:3834} INFO - Setting next_dagrun for example_branch_dop_operator_v3 to 2025-08-14 17:54:00+00:00, run_after=2025-08-14 17:55:00+00:00
[2025-08-14T17:55:34.975+0000] {processor.py:183} INFO - Processing /home/airflow/.local/lib/python3.8/site-packages/airflow/example_dags/example_branch_python_dop_operator_3.py took 0.102 seconds
[2025-08-14T17:56:05.310+0000] {processor.py:161} INFO - Started process (PID=2195) to work on /home/airflow/.local/lib/python3.8/site-packages/airflow/example_dags/example_branch_python_dop_operator_3.py
[2025-08-14T17:56:05.319+0000] {processor.py:830} INFO - Processing file /home/airflow/.local/lib/python3.8/site-packages/airflow/example_dags/example_branch_python_dop_operator_3.py for tasks to queue
[2025-08-14T17:56:05.330+0000] {logging_mixin.py:188} INFO - [2025-08-14T17:56:05.330+0000] {dagbag.py:540} INFO - Filling up the DagBag from /home/airflow/.local/lib/python3.8/site-packages/airflow/example_dags/example_branch_python_dop_operator_3.py
[2025-08-14T17:56:05.346+0000] {processor.py:840} INFO - DAG(s) 'example_branch_dop_operator_v3' retrieved from /home/airflow/.local/lib/python3.8/site-packages/airflow/example_dags/example_branch_python_dop_operator_3.py
[2025-08-14T17:56:05.375+0000] {logging_mixin.py:188} INFO - [2025-08-14T17:56:05.375+0000] {dag.py:3047} INFO - Sync 1 DAGs
[2025-08-14T17:56:05.411+0000] {logging_mixin.py:188} INFO - [2025-08-14T17:56:05.411+0000] {dag.py:3834} INFO - Setting next_dagrun for example_branch_dop_operator_v3 to 2025-08-14 17:55:00+00:00, run_after=2025-08-14 17:56:00+00:00
[2025-08-14T17:56:05.425+0000] {processor.py:183} INFO - Processing /home/airflow/.local/lib/python3.8/site-packages/airflow/example_dags/example_branch_python_dop_operator_3.py took 0.126 seconds
[2025-08-14T17:56:35.800+0000] {processor.py:161} INFO - Started process (PID=2251) to work on /home/airflow/.local/lib/python3.8/site-packages/airflow/example_dags/example_branch_python_dop_operator_3.py
[2025-08-14T17:56:35.801+0000] {processor.py:830} INFO - Processing file /home/airflow/.local/lib/python3.8/site-packages/airflow/example_dags/example_branch_python_dop_operator_3.py for tasks to queue
[2025-08-14T17:56:35.804+0000] {logging_mixin.py:188} INFO - [2025-08-14T17:56:35.804+0000] {dagbag.py:540} INFO - Filling up the DagBag from /home/airflow/.local/lib/python3.8/site-packages/airflow/example_dags/example_branch_python_dop_operator_3.py
[2025-08-14T17:56:35.813+0000] {processor.py:840} INFO - DAG(s) 'example_branch_dop_operator_v3' retrieved from /home/airflow/.local/lib/python3.8/site-packages/airflow/example_dags/example_branch_python_dop_operator_3.py
[2025-08-14T17:56:35.834+0000] {logging_mixin.py:188} INFO - [2025-08-14T17:56:35.834+0000] {dag.py:3047} INFO - Sync 1 DAGs
[2025-08-14T17:56:35.852+0000] {logging_mixin.py:188} INFO - [2025-08-14T17:56:35.852+0000] {dag.py:3834} INFO - Setting next_dagrun for example_branch_dop_operator_v3 to 2025-08-14 17:55:00+00:00, run_after=2025-08-14 17:56:00+00:00
[2025-08-14T17:56:35.862+0000] {processor.py:183} INFO - Processing /home/airflow/.local/lib/python3.8/site-packages/airflow/example_dags/example_branch_python_dop_operator_3.py took 0.067 seconds
[2025-08-14T17:57:06.105+0000] {processor.py:161} INFO - Started process (PID=2307) to work on /home/airflow/.local/lib/python3.8/site-packages/airflow/example_dags/example_branch_python_dop_operator_3.py
[2025-08-14T17:57:06.108+0000] {processor.py:830} INFO - Processing file /home/airflow/.local/lib/python3.8/site-packages/airflow/example_dags/example_branch_python_dop_operator_3.py for tasks to queue
[2025-08-14T17:57:06.114+0000] {logging_mixin.py:188} INFO - [2025-08-14T17:57:06.113+0000] {dagbag.py:540} INFO - Filling up the DagBag from /home/airflow/.local/lib/python3.8/site-packages/airflow/example_dags/example_branch_python_dop_operator_3.py
[2025-08-14T17:57:06.127+0000] {processor.py:840} INFO - DAG(s) 'example_branch_dop_operator_v3' retrieved from /home/airflow/.local/lib/python3.8/site-packages/airflow/example_dags/example_branch_python_dop_operator_3.py
[2025-08-14T17:57:06.150+0000] {logging_mixin.py:188} INFO - [2025-08-14T17:57:06.150+0000] {dag.py:3047} INFO - Sync 1 DAGs
[2025-08-14T17:57:06.167+0000] {logging_mixin.py:188} INFO - [2025-08-14T17:57:06.167+0000] {dag.py:3834} INFO - Setting next_dagrun for example_branch_dop_operator_v3 to 2025-08-14 17:56:00+00:00, run_after=2025-08-14 17:57:00+00:00
[2025-08-14T17:57:06.176+0000] {processor.py:183} INFO - Processing /home/airflow/.local/lib/python3.8/site-packages/airflow/example_dags/example_branch_python_dop_operator_3.py took 0.077 seconds
[2025-08-14T17:57:36.500+0000] {processor.py:161} INFO - Started process (PID=2363) to work on /home/airflow/.local/lib/python3.8/site-packages/airflow/example_dags/example_branch_python_dop_operator_3.py
[2025-08-14T17:57:36.503+0000] {processor.py:830} INFO - Processing file /home/airflow/.local/lib/python3.8/site-packages/airflow/example_dags/example_branch_python_dop_operator_3.py for tasks to queue
[2025-08-14T17:57:36.506+0000] {logging_mixin.py:188} INFO - [2025-08-14T17:57:36.505+0000] {dagbag.py:540} INFO - Filling up the DagBag from /home/airflow/.local/lib/python3.8/site-packages/airflow/example_dags/example_branch_python_dop_operator_3.py
[2025-08-14T17:57:36.516+0000] {processor.py:840} INFO - DAG(s) 'example_branch_dop_operator_v3' retrieved from /home/airflow/.local/lib/python3.8/site-packages/airflow/example_dags/example_branch_python_dop_operator_3.py
[2025-08-14T17:57:36.535+0000] {logging_mixin.py:188} INFO - [2025-08-14T17:57:36.535+0000] {dag.py:3047} INFO - Sync 1 DAGs
[2025-08-14T17:57:36.555+0000] {logging_mixin.py:188} INFO - [2025-08-14T17:57:36.555+0000] {dag.py:3834} INFO - Setting next_dagrun for example_branch_dop_operator_v3 to 2025-08-14 17:56:00+00:00, run_after=2025-08-14 17:57:00+00:00
[2025-08-14T17:57:36.570+0000] {processor.py:183} INFO - Processing /home/airflow/.local/lib/python3.8/site-packages/airflow/example_dags/example_branch_python_dop_operator_3.py took 0.075 seconds
[2025-08-14T17:58:07.147+0000] {processor.py:161} INFO - Started process (PID=2419) to work on /home/airflow/.local/lib/python3.8/site-packages/airflow/example_dags/example_branch_python_dop_operator_3.py
[2025-08-14T17:58:07.149+0000] {processor.py:830} INFO - Processing file /home/airflow/.local/lib/python3.8/site-packages/airflow/example_dags/example_branch_python_dop_operator_3.py for tasks to queue
[2025-08-14T17:58:07.153+0000] {logging_mixin.py:188} INFO - [2025-08-14T17:58:07.153+0000] {dagbag.py:540} INFO - Filling up the DagBag from /home/airflow/.local/lib/python3.8/site-packages/airflow/example_dags/example_branch_python_dop_operator_3.py
[2025-08-14T17:58:07.169+0000] {processor.py:840} INFO - DAG(s) 'example_branch_dop_operator_v3' retrieved from /home/airflow/.local/lib/python3.8/site-packages/airflow/example_dags/example_branch_python_dop_operator_3.py
[2025-08-14T17:58:07.192+0000] {logging_mixin.py:188} INFO - [2025-08-14T17:58:07.192+0000] {dag.py:3047} INFO - Sync 1 DAGs
[2025-08-14T17:58:07.210+0000] {logging_mixin.py:188} INFO - [2025-08-14T17:58:07.210+0000] {dag.py:3834} INFO - Setting next_dagrun for example_branch_dop_operator_v3 to 2025-08-14 17:57:00+00:00, run_after=2025-08-14 17:58:00+00:00
[2025-08-14T17:58:07.222+0000] {processor.py:183} INFO - Processing /home/airflow/.local/lib/python3.8/site-packages/airflow/example_dags/example_branch_python_dop_operator_3.py took 0.083 seconds
[2025-08-14T17:58:37.864+0000] {processor.py:161} INFO - Started process (PID=2476) to work on /home/airflow/.local/lib/python3.8/site-packages/airflow/example_dags/example_branch_python_dop_operator_3.py
[2025-08-14T17:58:37.866+0000] {processor.py:830} INFO - Processing file /home/airflow/.local/lib/python3.8/site-packages/airflow/example_dags/example_branch_python_dop_operator_3.py for tasks to queue
[2025-08-14T17:58:37.869+0000] {logging_mixin.py:188} INFO - [2025-08-14T17:58:37.868+0000] {dagbag.py:540} INFO - Filling up the DagBag from /home/airflow/.local/lib/python3.8/site-packages/airflow/example_dags/example_branch_python_dop_operator_3.py
[2025-08-14T17:58:37.880+0000] {processor.py:840} INFO - DAG(s) 'example_branch_dop_operator_v3' retrieved from /home/airflow/.local/lib/python3.8/site-packages/airflow/example_dags/example_branch_python_dop_operator_3.py
[2025-08-14T17:58:37.909+0000] {logging_mixin.py:188} INFO - [2025-08-14T17:58:37.909+0000] {dag.py:3047} INFO - Sync 1 DAGs
[2025-08-14T17:58:37.931+0000] {logging_mixin.py:188} INFO - [2025-08-14T17:58:37.931+0000] {dag.py:3834} INFO - Setting next_dagrun for example_branch_dop_operator_v3 to 2025-08-14 17:57:00+00:00, run_after=2025-08-14 17:58:00+00:00
[2025-08-14T17:58:37.944+0000] {processor.py:183} INFO - Processing /home/airflow/.local/lib/python3.8/site-packages/airflow/example_dags/example_branch_python_dop_operator_3.py took 0.087 seconds
[2025-08-14T17:59:08.418+0000] {processor.py:161} INFO - Started process (PID=2532) to work on /home/airflow/.local/lib/python3.8/site-packages/airflow/example_dags/example_branch_python_dop_operator_3.py
[2025-08-14T17:59:08.420+0000] {processor.py:830} INFO - Processing file /home/airflow/.local/lib/python3.8/site-packages/airflow/example_dags/example_branch_python_dop_operator_3.py for tasks to queue
[2025-08-14T17:59:08.423+0000] {logging_mixin.py:188} INFO - [2025-08-14T17:59:08.423+0000] {dagbag.py:540} INFO - Filling up the DagBag from /home/airflow/.local/lib/python3.8/site-packages/airflow/example_dags/example_branch_python_dop_operator_3.py
[2025-08-14T17:59:08.434+0000] {processor.py:840} INFO - DAG(s) 'example_branch_dop_operator_v3' retrieved from /home/airflow/.local/lib/python3.8/site-packages/airflow/example_dags/example_branch_python_dop_operator_3.py
[2025-08-14T17:59:08.489+0000] {logging_mixin.py:188} INFO - [2025-08-14T17:59:08.488+0000] {dag.py:3047} INFO - Sync 1 DAGs
[2025-08-14T17:59:08.528+0000] {logging_mixin.py:188} INFO - [2025-08-14T17:59:08.527+0000] {dag.py:3834} INFO - Setting next_dagrun for example_branch_dop_operator_v3 to 2025-08-14 17:58:00+00:00, run_after=2025-08-14 17:59:00+00:00
[2025-08-14T17:59:08.552+0000] {processor.py:183} INFO - Processing /home/airflow/.local/lib/python3.8/site-packages/airflow/example_dags/example_branch_python_dop_operator_3.py took 0.138 seconds
[2025-08-14T17:59:38.604+0000] {processor.py:161} INFO - Started process (PID=2588) to work on /home/airflow/.local/lib/python3.8/site-packages/airflow/example_dags/example_branch_python_dop_operator_3.py
[2025-08-14T17:59:38.606+0000] {processor.py:830} INFO - Processing file /home/airflow/.local/lib/python3.8/site-packages/airflow/example_dags/example_branch_python_dop_operator_3.py for tasks to queue
[2025-08-14T17:59:38.608+0000] {logging_mixin.py:188} INFO - [2025-08-14T17:59:38.608+0000] {dagbag.py:540} INFO - Filling up the DagBag from /home/airflow/.local/lib/python3.8/site-packages/airflow/example_dags/example_branch_python_dop_operator_3.py
[2025-08-14T17:59:38.617+0000] {processor.py:840} INFO - DAG(s) 'example_branch_dop_operator_v3' retrieved from /home/airflow/.local/lib/python3.8/site-packages/airflow/example_dags/example_branch_python_dop_operator_3.py
[2025-08-14T17:59:38.636+0000] {logging_mixin.py:188} INFO - [2025-08-14T17:59:38.636+0000] {dag.py:3047} INFO - Sync 1 DAGs
[2025-08-14T17:59:38.661+0000] {logging_mixin.py:188} INFO - [2025-08-14T17:59:38.660+0000] {dag.py:3834} INFO - Setting next_dagrun for example_branch_dop_operator_v3 to 2025-08-14 17:58:00+00:00, run_after=2025-08-14 17:59:00+00:00
[2025-08-14T17:59:38.696+0000] {processor.py:183} INFO - Processing /home/airflow/.local/lib/python3.8/site-packages/airflow/example_dags/example_branch_python_dop_operator_3.py took 0.096 seconds
[2025-08-14T18:00:09.178+0000] {processor.py:161} INFO - Started process (PID=2643) to work on /home/airflow/.local/lib/python3.8/site-packages/airflow/example_dags/example_branch_python_dop_operator_3.py
[2025-08-14T18:00:09.179+0000] {processor.py:830} INFO - Processing file /home/airflow/.local/lib/python3.8/site-packages/airflow/example_dags/example_branch_python_dop_operator_3.py for tasks to queue
[2025-08-14T18:00:09.183+0000] {logging_mixin.py:188} INFO - [2025-08-14T18:00:09.183+0000] {dagbag.py:540} INFO - Filling up the DagBag from /home/airflow/.local/lib/python3.8/site-packages/airflow/example_dags/example_branch_python_dop_operator_3.py
[2025-08-14T18:00:09.193+0000] {processor.py:840} INFO - DAG(s) 'example_branch_dop_operator_v3' retrieved from /home/airflow/.local/lib/python3.8/site-packages/airflow/example_dags/example_branch_python_dop_operator_3.py
[2025-08-14T18:00:09.219+0000] {logging_mixin.py:188} INFO - [2025-08-14T18:00:09.218+0000] {dag.py:3047} INFO - Sync 1 DAGs
[2025-08-14T18:00:09.237+0000] {logging_mixin.py:188} INFO - [2025-08-14T18:00:09.237+0000] {dag.py:3834} INFO - Setting next_dagrun for example_branch_dop_operator_v3 to 2025-08-14 17:59:00+00:00, run_after=2025-08-14 18:00:00+00:00
[2025-08-14T18:00:09.249+0000] {processor.py:183} INFO - Processing /home/airflow/.local/lib/python3.8/site-packages/airflow/example_dags/example_branch_python_dop_operator_3.py took 0.075 seconds
[2025-08-14T18:00:39.311+0000] {processor.py:161} INFO - Started process (PID=2698) to work on /home/airflow/.local/lib/python3.8/site-packages/airflow/example_dags/example_branch_python_dop_operator_3.py
[2025-08-14T18:00:39.317+0000] {processor.py:830} INFO - Processing file /home/airflow/.local/lib/python3.8/site-packages/airflow/example_dags/example_branch_python_dop_operator_3.py for tasks to queue
[2025-08-14T18:00:39.326+0000] {logging_mixin.py:188} INFO - [2025-08-14T18:00:39.326+0000] {dagbag.py:540} INFO - Filling up the DagBag from /home/airflow/.local/lib/python3.8/site-packages/airflow/example_dags/example_branch_python_dop_operator_3.py
[2025-08-14T18:00:39.342+0000] {processor.py:840} INFO - DAG(s) 'example_branch_dop_operator_v3' retrieved from /home/airflow/.local/lib/python3.8/site-packages/airflow/example_dags/example_branch_python_dop_operator_3.py
[2025-08-14T18:00:39.366+0000] {logging_mixin.py:188} INFO - [2025-08-14T18:00:39.366+0000] {dag.py:3047} INFO - Sync 1 DAGs
[2025-08-14T18:00:39.390+0000] {logging_mixin.py:188} INFO - [2025-08-14T18:00:39.390+0000] {dag.py:3834} INFO - Setting next_dagrun for example_branch_dop_operator_v3 to 2025-08-14 17:59:00+00:00, run_after=2025-08-14 18:00:00+00:00
[2025-08-14T18:00:39.404+0000] {processor.py:183} INFO - Processing /home/airflow/.local/lib/python3.8/site-packages/airflow/example_dags/example_branch_python_dop_operator_3.py took 0.104 seconds
[2025-08-14T18:01:09.733+0000] {processor.py:161} INFO - Started process (PID=2754) to work on /home/airflow/.local/lib/python3.8/site-packages/airflow/example_dags/example_branch_python_dop_operator_3.py
[2025-08-14T18:01:09.735+0000] {processor.py:830} INFO - Processing file /home/airflow/.local/lib/python3.8/site-packages/airflow/example_dags/example_branch_python_dop_operator_3.py for tasks to queue
[2025-08-14T18:01:09.740+0000] {logging_mixin.py:188} INFO - [2025-08-14T18:01:09.740+0000] {dagbag.py:540} INFO - Filling up the DagBag from /home/airflow/.local/lib/python3.8/site-packages/airflow/example_dags/example_branch_python_dop_operator_3.py
[2025-08-14T18:01:09.758+0000] {processor.py:840} INFO - DAG(s) 'example_branch_dop_operator_v3' retrieved from /home/airflow/.local/lib/python3.8/site-packages/airflow/example_dags/example_branch_python_dop_operator_3.py
[2025-08-14T18:01:09.783+0000] {logging_mixin.py:188} INFO - [2025-08-14T18:01:09.783+0000] {dag.py:3047} INFO - Sync 1 DAGs
[2025-08-14T18:01:09.800+0000] {logging_mixin.py:188} INFO - [2025-08-14T18:01:09.799+0000] {dag.py:3834} INFO - Setting next_dagrun for example_branch_dop_operator_v3 to 2025-08-14 18:00:00+00:00, run_after=2025-08-14 18:01:00+00:00
[2025-08-14T18:01:09.814+0000] {processor.py:183} INFO - Processing /home/airflow/.local/lib/python3.8/site-packages/airflow/example_dags/example_branch_python_dop_operator_3.py took 0.089 seconds
[2025-08-14T18:01:39.940+0000] {processor.py:161} INFO - Started process (PID=2808) to work on /home/airflow/.local/lib/python3.8/site-packages/airflow/example_dags/example_branch_python_dop_operator_3.py
[2025-08-14T18:01:39.943+0000] {processor.py:830} INFO - Processing file /home/airflow/.local/lib/python3.8/site-packages/airflow/example_dags/example_branch_python_dop_operator_3.py for tasks to queue
[2025-08-14T18:01:39.945+0000] {logging_mixin.py:188} INFO - [2025-08-14T18:01:39.944+0000] {dagbag.py:540} INFO - Filling up the DagBag from /home/airflow/.local/lib/python3.8/site-packages/airflow/example_dags/example_branch_python_dop_operator_3.py
[2025-08-14T18:01:39.954+0000] {processor.py:840} INFO - DAG(s) 'example_branch_dop_operator_v3' retrieved from /home/airflow/.local/lib/python3.8/site-packages/airflow/example_dags/example_branch_python_dop_operator_3.py
[2025-08-14T18:01:39.981+0000] {logging_mixin.py:188} INFO - [2025-08-14T18:01:39.980+0000] {dag.py:3047} INFO - Sync 1 DAGs
[2025-08-14T18:01:40.019+0000] {logging_mixin.py:188} INFO - [2025-08-14T18:01:40.019+0000] {dag.py:3834} INFO - Setting next_dagrun for example_branch_dop_operator_v3 to 2025-08-14 18:00:00+00:00, run_after=2025-08-14 18:01:00+00:00
[2025-08-14T18:01:40.038+0000] {processor.py:183} INFO - Processing /home/airflow/.local/lib/python3.8/site-packages/airflow/example_dags/example_branch_python_dop_operator_3.py took 0.103 seconds
[2025-08-14T18:02:10.628+0000] {processor.py:161} INFO - Started process (PID=2865) to work on /home/airflow/.local/lib/python3.8/site-packages/airflow/example_dags/example_branch_python_dop_operator_3.py
[2025-08-14T18:02:10.631+0000] {processor.py:830} INFO - Processing file /home/airflow/.local/lib/python3.8/site-packages/airflow/example_dags/example_branch_python_dop_operator_3.py for tasks to queue
[2025-08-14T18:02:10.634+0000] {logging_mixin.py:188} INFO - [2025-08-14T18:02:10.634+0000] {dagbag.py:540} INFO - Filling up the DagBag from /home/airflow/.local/lib/python3.8/site-packages/airflow/example_dags/example_branch_python_dop_operator_3.py
[2025-08-14T18:02:10.647+0000] {processor.py:840} INFO - DAG(s) 'example_branch_dop_operator_v3' retrieved from /home/airflow/.local/lib/python3.8/site-packages/airflow/example_dags/example_branch_python_dop_operator_3.py
[2025-08-14T18:02:10.675+0000] {logging_mixin.py:188} INFO - [2025-08-14T18:02:10.675+0000] {dag.py:3047} INFO - Sync 1 DAGs
[2025-08-14T18:02:10.693+0000] {logging_mixin.py:188} INFO - [2025-08-14T18:02:10.693+0000] {dag.py:3834} INFO - Setting next_dagrun for example_branch_dop_operator_v3 to 2025-08-14 18:01:00+00:00, run_after=2025-08-14 18:02:00+00:00
[2025-08-14T18:02:10.707+0000] {processor.py:183} INFO - Processing /home/airflow/.local/lib/python3.8/site-packages/airflow/example_dags/example_branch_python_dop_operator_3.py took 0.083 seconds
[2025-08-14T18:02:41.510+0000] {processor.py:161} INFO - Started process (PID=2921) to work on /home/airflow/.local/lib/python3.8/site-packages/airflow/example_dags/example_branch_python_dop_operator_3.py
[2025-08-14T18:02:41.512+0000] {processor.py:830} INFO - Processing file /home/airflow/.local/lib/python3.8/site-packages/airflow/example_dags/example_branch_python_dop_operator_3.py for tasks to queue
[2025-08-14T18:02:41.515+0000] {logging_mixin.py:188} INFO - [2025-08-14T18:02:41.515+0000] {dagbag.py:540} INFO - Filling up the DagBag from /home/airflow/.local/lib/python3.8/site-packages/airflow/example_dags/example_branch_python_dop_operator_3.py
[2025-08-14T18:02:41.561+0000] {processor.py:840} INFO - DAG(s) 'example_branch_dop_operator_v3' retrieved from /home/airflow/.local/lib/python3.8/site-packages/airflow/example_dags/example_branch_python_dop_operator_3.py
[2025-08-14T18:02:41.632+0000] {logging_mixin.py:188} INFO - [2025-08-14T18:02:41.632+0000] {dag.py:3047} INFO - Sync 1 DAGs
[2025-08-14T18:02:41.665+0000] {logging_mixin.py:188} INFO - [2025-08-14T18:02:41.665+0000] {dag.py:3834} INFO - Setting next_dagrun for example_branch_dop_operator_v3 to 2025-08-14 18:01:00+00:00, run_after=2025-08-14 18:02:00+00:00
[2025-08-14T18:02:41.695+0000] {processor.py:183} INFO - Processing /home/airflow/.local/lib/python3.8/site-packages/airflow/example_dags/example_branch_python_dop_operator_3.py took 0.191 seconds
[2025-08-14T18:03:12.228+0000] {processor.py:161} INFO - Started process (PID=2976) to work on /home/airflow/.local/lib/python3.8/site-packages/airflow/example_dags/example_branch_python_dop_operator_3.py
[2025-08-14T18:03:12.230+0000] {processor.py:830} INFO - Processing file /home/airflow/.local/lib/python3.8/site-packages/airflow/example_dags/example_branch_python_dop_operator_3.py for tasks to queue
[2025-08-14T18:03:12.233+0000] {logging_mixin.py:188} INFO - [2025-08-14T18:03:12.232+0000] {dagbag.py:540} INFO - Filling up the DagBag from /home/airflow/.local/lib/python3.8/site-packages/airflow/example_dags/example_branch_python_dop_operator_3.py
[2025-08-14T18:03:12.267+0000] {processor.py:840} INFO - DAG(s) 'example_branch_dop_operator_v3' retrieved from /home/airflow/.local/lib/python3.8/site-packages/airflow/example_dags/example_branch_python_dop_operator_3.py
[2025-08-14T18:03:12.309+0000] {logging_mixin.py:188} INFO - [2025-08-14T18:03:12.309+0000] {dag.py:3047} INFO - Sync 1 DAGs
[2025-08-14T18:03:12.357+0000] {logging_mixin.py:188} INFO - [2025-08-14T18:03:12.357+0000] {dag.py:3834} INFO - Setting next_dagrun for example_branch_dop_operator_v3 to 2025-08-14 18:02:00+00:00, run_after=2025-08-14 18:03:00+00:00
[2025-08-14T18:03:12.411+0000] {processor.py:183} INFO - Processing /home/airflow/.local/lib/python3.8/site-packages/airflow/example_dags/example_branch_python_dop_operator_3.py took 0.192 seconds
[2025-08-14T18:03:43.274+0000] {processor.py:161} INFO - Started process (PID=3033) to work on /home/airflow/.local/lib/python3.8/site-packages/airflow/example_dags/example_branch_python_dop_operator_3.py
[2025-08-14T18:03:43.279+0000] {processor.py:830} INFO - Processing file /home/airflow/.local/lib/python3.8/site-packages/airflow/example_dags/example_branch_python_dop_operator_3.py for tasks to queue
[2025-08-14T18:03:43.281+0000] {logging_mixin.py:188} INFO - [2025-08-14T18:03:43.281+0000] {dagbag.py:540} INFO - Filling up the DagBag from /home/airflow/.local/lib/python3.8/site-packages/airflow/example_dags/example_branch_python_dop_operator_3.py
[2025-08-14T18:03:43.295+0000] {processor.py:840} INFO - DAG(s) 'example_branch_dop_operator_v3' retrieved from /home/airflow/.local/lib/python3.8/site-packages/airflow/example_dags/example_branch_python_dop_operator_3.py
[2025-08-14T18:03:43.334+0000] {logging_mixin.py:188} INFO - [2025-08-14T18:03:43.333+0000] {dag.py:3047} INFO - Sync 1 DAGs
[2025-08-14T18:03:43.364+0000] {logging_mixin.py:188} INFO - [2025-08-14T18:03:43.363+0000] {dag.py:3834} INFO - Setting next_dagrun for example_branch_dop_operator_v3 to 2025-08-14 18:02:00+00:00, run_after=2025-08-14 18:03:00+00:00
[2025-08-14T18:03:43.385+0000] {processor.py:183} INFO - Processing /home/airflow/.local/lib/python3.8/site-packages/airflow/example_dags/example_branch_python_dop_operator_3.py took 0.118 seconds
[2025-08-14T18:04:14.377+0000] {processor.py:161} INFO - Started process (PID=3089) to work on /home/airflow/.local/lib/python3.8/site-packages/airflow/example_dags/example_branch_python_dop_operator_3.py
[2025-08-14T18:04:14.380+0000] {processor.py:830} INFO - Processing file /home/airflow/.local/lib/python3.8/site-packages/airflow/example_dags/example_branch_python_dop_operator_3.py for tasks to queue
[2025-08-14T18:04:14.384+0000] {logging_mixin.py:188} INFO - [2025-08-14T18:04:14.384+0000] {dagbag.py:540} INFO - Filling up the DagBag from /home/airflow/.local/lib/python3.8/site-packages/airflow/example_dags/example_branch_python_dop_operator_3.py
[2025-08-14T18:04:14.400+0000] {processor.py:840} INFO - DAG(s) 'example_branch_dop_operator_v3' retrieved from /home/airflow/.local/lib/python3.8/site-packages/airflow/example_dags/example_branch_python_dop_operator_3.py
[2025-08-14T18:04:14.451+0000] {logging_mixin.py:188} INFO - [2025-08-14T18:04:14.451+0000] {dag.py:3047} INFO - Sync 1 DAGs
[2025-08-14T18:04:14.470+0000] {logging_mixin.py:188} INFO - [2025-08-14T18:04:14.470+0000] {dag.py:3834} INFO - Setting next_dagrun for example_branch_dop_operator_v3 to 2025-08-14 18:03:00+00:00, run_after=2025-08-14 18:04:00+00:00
[2025-08-14T18:04:14.482+0000] {processor.py:183} INFO - Processing /home/airflow/.local/lib/python3.8/site-packages/airflow/example_dags/example_branch_python_dop_operator_3.py took 0.111 seconds
[2025-08-14T18:04:45.405+0000] {processor.py:161} INFO - Started process (PID=3145) to work on /home/airflow/.local/lib/python3.8/site-packages/airflow/example_dags/example_branch_python_dop_operator_3.py
[2025-08-14T18:04:45.409+0000] {processor.py:830} INFO - Processing file /home/airflow/.local/lib/python3.8/site-packages/airflow/example_dags/example_branch_python_dop_operator_3.py for tasks to queue
[2025-08-14T18:04:45.423+0000] {logging_mixin.py:188} INFO - [2025-08-14T18:04:45.422+0000] {dagbag.py:540} INFO - Filling up the DagBag from /home/airflow/.local/lib/python3.8/site-packages/airflow/example_dags/example_branch_python_dop_operator_3.py
[2025-08-14T18:04:45.448+0000] {processor.py:840} INFO - DAG(s) 'example_branch_dop_operator_v3' retrieved from /home/airflow/.local/lib/python3.8/site-packages/airflow/example_dags/example_branch_python_dop_operator_3.py
[2025-08-14T18:04:45.512+0000] {logging_mixin.py:188} INFO - [2025-08-14T18:04:45.511+0000] {dag.py:3047} INFO - Sync 1 DAGs
[2025-08-14T18:04:45.573+0000] {logging_mixin.py:188} INFO - [2025-08-14T18:04:45.573+0000] {dag.py:3834} INFO - Setting next_dagrun for example_branch_dop_operator_v3 to 2025-08-14 18:03:00+00:00, run_after=2025-08-14 18:04:00+00:00
[2025-08-14T18:04:45.610+0000] {processor.py:183} INFO - Processing /home/airflow/.local/lib/python3.8/site-packages/airflow/example_dags/example_branch_python_dop_operator_3.py took 0.209 seconds
[2025-08-14T18:05:15.717+0000] {processor.py:161} INFO - Started process (PID=3200) to work on /home/airflow/.local/lib/python3.8/site-packages/airflow/example_dags/example_branch_python_dop_operator_3.py
[2025-08-14T18:05:15.719+0000] {processor.py:830} INFO - Processing file /home/airflow/.local/lib/python3.8/site-packages/airflow/example_dags/example_branch_python_dop_operator_3.py for tasks to queue
[2025-08-14T18:05:15.722+0000] {logging_mixin.py:188} INFO - [2025-08-14T18:05:15.722+0000] {dagbag.py:540} INFO - Filling up the DagBag from /home/airflow/.local/lib/python3.8/site-packages/airflow/example_dags/example_branch_python_dop_operator_3.py
[2025-08-14T18:05:15.740+0000] {processor.py:840} INFO - DAG(s) 'example_branch_dop_operator_v3' retrieved from /home/airflow/.local/lib/python3.8/site-packages/airflow/example_dags/example_branch_python_dop_operator_3.py
[2025-08-14T18:05:15.777+0000] {logging_mixin.py:188} INFO - [2025-08-14T18:05:15.777+0000] {dag.py:3047} INFO - Sync 1 DAGs
[2025-08-14T18:05:15.796+0000] {logging_mixin.py:188} INFO - [2025-08-14T18:05:15.796+0000] {dag.py:3834} INFO - Setting next_dagrun for example_branch_dop_operator_v3 to 2025-08-14 18:04:00+00:00, run_after=2025-08-14 18:05:00+00:00
[2025-08-14T18:05:15.807+0000] {processor.py:183} INFO - Processing /home/airflow/.local/lib/python3.8/site-packages/airflow/example_dags/example_branch_python_dop_operator_3.py took 0.095 seconds
[2025-08-14T18:05:45.949+0000] {processor.py:161} INFO - Started process (PID=3256) to work on /home/airflow/.local/lib/python3.8/site-packages/airflow/example_dags/example_branch_python_dop_operator_3.py
[2025-08-14T18:05:45.951+0000] {processor.py:830} INFO - Processing file /home/airflow/.local/lib/python3.8/site-packages/airflow/example_dags/example_branch_python_dop_operator_3.py for tasks to queue
[2025-08-14T18:05:45.963+0000] {logging_mixin.py:188} INFO - [2025-08-14T18:05:45.960+0000] {dagbag.py:540} INFO - Filling up the DagBag from /home/airflow/.local/lib/python3.8/site-packages/airflow/example_dags/example_branch_python_dop_operator_3.py
[2025-08-14T18:05:45.985+0000] {processor.py:840} INFO - DAG(s) 'example_branch_dop_operator_v3' retrieved from /home/airflow/.local/lib/python3.8/site-packages/airflow/example_dags/example_branch_python_dop_operator_3.py
[2025-08-14T18:05:46.011+0000] {logging_mixin.py:188} INFO - [2025-08-14T18:05:46.011+0000] {dag.py:3047} INFO - Sync 1 DAGs
[2025-08-14T18:05:46.030+0000] {logging_mixin.py:188} INFO - [2025-08-14T18:05:46.030+0000] {dag.py:3834} INFO - Setting next_dagrun for example_branch_dop_operator_v3 to 2025-08-14 18:04:00+00:00, run_after=2025-08-14 18:05:00+00:00
[2025-08-14T18:05:46.044+0000] {processor.py:183} INFO - Processing /home/airflow/.local/lib/python3.8/site-packages/airflow/example_dags/example_branch_python_dop_operator_3.py took 0.099 seconds
