[2025-08-14T17:36:45.798+0000] {processor.py:161} INFO - Started process (PID=73) to work on /home/airflow/.local/lib/python3.8/site-packages/airflow/example_dags/example_short_circuit_operator.py
[2025-08-14T17:36:45.800+0000] {processor.py:830} INFO - Processing file /home/airflow/.local/lib/python3.8/site-packages/airflow/example_dags/example_short_circuit_operator.py for tasks to queue
[2025-08-14T17:36:45.805+0000] {logging_mixin.py:188} INFO - [2025-08-14T17:36:45.804+0000] {dagbag.py:540} INFO - Filling up the DagBag from /home/airflow/.local/lib/python3.8/site-packages/airflow/example_dags/example_short_circuit_operator.py
[2025-08-14T17:36:45.837+0000] {processor.py:840} INFO - DAG(s) 'example_short_circuit_operator' retrieved from /home/airflow/.local/lib/python3.8/site-packages/airflow/example_dags/example_short_circuit_operator.py
[2025-08-14T17:36:45.876+0000] {logging_mixin.py:188} INFO - [2025-08-14T17:36:45.875+0000] {dag.py:3047} INFO - Sync 1 DAGs
[2025-08-14T17:36:45.984+0000] {logging_mixin.py:188} INFO - [2025-08-14T17:36:45.983+0000] {dag.py:3834} INFO - Setting next_dagrun for example_short_circuit_operator to 2025-08-13 00:00:00+00:00, run_after=2025-08-14 00:00:00+00:00
[2025-08-14T17:36:46.067+0000] {processor.py:183} INFO - Processing /home/airflow/.local/lib/python3.8/site-packages/airflow/example_dags/example_short_circuit_operator.py took 0.273 seconds
[2025-08-14T17:37:16.264+0000] {processor.py:161} INFO - Started process (PID=129) to work on /home/airflow/.local/lib/python3.8/site-packages/airflow/example_dags/example_short_circuit_operator.py
[2025-08-14T17:37:16.265+0000] {processor.py:830} INFO - Processing file /home/airflow/.local/lib/python3.8/site-packages/airflow/example_dags/example_short_circuit_operator.py for tasks to queue
[2025-08-14T17:37:16.266+0000] {logging_mixin.py:188} INFO - [2025-08-14T17:37:16.266+0000] {dagbag.py:540} INFO - Filling up the DagBag from /home/airflow/.local/lib/python3.8/site-packages/airflow/example_dags/example_short_circuit_operator.py
[2025-08-14T17:37:16.269+0000] {processor.py:840} INFO - DAG(s) 'example_short_circuit_operator' retrieved from /home/airflow/.local/lib/python3.8/site-packages/airflow/example_dags/example_short_circuit_operator.py
[2025-08-14T17:37:16.315+0000] {logging_mixin.py:188} INFO - [2025-08-14T17:37:16.315+0000] {dag.py:3047} INFO - Sync 1 DAGs
[2025-08-14T17:37:16.323+0000] {logging_mixin.py:188} INFO - [2025-08-14T17:37:16.323+0000] {dag.py:3834} INFO - Setting next_dagrun for example_short_circuit_operator to 2025-08-13 00:00:00+00:00, run_after=2025-08-14 00:00:00+00:00
[2025-08-14T17:37:16.331+0000] {processor.py:183} INFO - Processing /home/airflow/.local/lib/python3.8/site-packages/airflow/example_dags/example_short_circuit_operator.py took 0.069 seconds
[2025-08-14T17:37:47.026+0000] {processor.py:161} INFO - Started process (PID=185) to work on /home/airflow/.local/lib/python3.8/site-packages/airflow/example_dags/example_short_circuit_operator.py
[2025-08-14T17:37:47.027+0000] {processor.py:830} INFO - Processing file /home/airflow/.local/lib/python3.8/site-packages/airflow/example_dags/example_short_circuit_operator.py for tasks to queue
[2025-08-14T17:37:47.029+0000] {logging_mixin.py:188} INFO - [2025-08-14T17:37:47.028+0000] {dagbag.py:540} INFO - Filling up the DagBag from /home/airflow/.local/lib/python3.8/site-packages/airflow/example_dags/example_short_circuit_operator.py
[2025-08-14T17:37:47.034+0000] {processor.py:840} INFO - DAG(s) 'example_short_circuit_operator' retrieved from /home/airflow/.local/lib/python3.8/site-packages/airflow/example_dags/example_short_circuit_operator.py
[2025-08-14T17:37:47.051+0000] {logging_mixin.py:188} INFO - [2025-08-14T17:37:47.051+0000] {dag.py:3047} INFO - Sync 1 DAGs
[2025-08-14T17:37:47.066+0000] {logging_mixin.py:188} INFO - [2025-08-14T17:37:47.066+0000] {dag.py:3834} INFO - Setting next_dagrun for example_short_circuit_operator to 2025-08-13 00:00:00+00:00, run_after=2025-08-14 00:00:00+00:00
[2025-08-14T17:37:47.076+0000] {processor.py:183} INFO - Processing /home/airflow/.local/lib/python3.8/site-packages/airflow/example_dags/example_short_circuit_operator.py took 0.054 seconds
[2025-08-14T17:38:17.930+0000] {processor.py:161} INFO - Started process (PID=241) to work on /home/airflow/.local/lib/python3.8/site-packages/airflow/example_dags/example_short_circuit_operator.py
[2025-08-14T17:38:17.931+0000] {processor.py:830} INFO - Processing file /home/airflow/.local/lib/python3.8/site-packages/airflow/example_dags/example_short_circuit_operator.py for tasks to queue
[2025-08-14T17:38:17.931+0000] {logging_mixin.py:188} INFO - [2025-08-14T17:38:17.931+0000] {dagbag.py:540} INFO - Filling up the DagBag from /home/airflow/.local/lib/python3.8/site-packages/airflow/example_dags/example_short_circuit_operator.py
[2025-08-14T17:38:17.936+0000] {processor.py:840} INFO - DAG(s) 'example_short_circuit_operator' retrieved from /home/airflow/.local/lib/python3.8/site-packages/airflow/example_dags/example_short_circuit_operator.py
[2025-08-14T17:38:17.952+0000] {logging_mixin.py:188} INFO - [2025-08-14T17:38:17.951+0000] {dag.py:3047} INFO - Sync 1 DAGs
[2025-08-14T17:38:17.965+0000] {logging_mixin.py:188} INFO - [2025-08-14T17:38:17.965+0000] {dag.py:3834} INFO - Setting next_dagrun for example_short_circuit_operator to 2025-08-13 00:00:00+00:00, run_after=2025-08-14 00:00:00+00:00
[2025-08-14T17:38:17.980+0000] {processor.py:183} INFO - Processing /home/airflow/.local/lib/python3.8/site-packages/airflow/example_dags/example_short_circuit_operator.py took 0.052 seconds
[2025-08-14T17:38:48.575+0000] {processor.py:161} INFO - Started process (PID=298) to work on /home/airflow/.local/lib/python3.8/site-packages/airflow/example_dags/example_short_circuit_operator.py
[2025-08-14T17:38:48.577+0000] {processor.py:830} INFO - Processing file /home/airflow/.local/lib/python3.8/site-packages/airflow/example_dags/example_short_circuit_operator.py for tasks to queue
[2025-08-14T17:38:48.579+0000] {logging_mixin.py:188} INFO - [2025-08-14T17:38:48.578+0000] {dagbag.py:540} INFO - Filling up the DagBag from /home/airflow/.local/lib/python3.8/site-packages/airflow/example_dags/example_short_circuit_operator.py
[2025-08-14T17:38:48.583+0000] {processor.py:840} INFO - DAG(s) 'example_short_circuit_operator' retrieved from /home/airflow/.local/lib/python3.8/site-packages/airflow/example_dags/example_short_circuit_operator.py
[2025-08-14T17:38:48.595+0000] {logging_mixin.py:188} INFO - [2025-08-14T17:38:48.595+0000] {dag.py:3047} INFO - Sync 1 DAGs
[2025-08-14T17:38:48.606+0000] {logging_mixin.py:188} INFO - [2025-08-14T17:38:48.605+0000] {dag.py:3834} INFO - Setting next_dagrun for example_short_circuit_operator to 2025-08-13 00:00:00+00:00, run_after=2025-08-14 00:00:00+00:00
[2025-08-14T17:38:48.620+0000] {processor.py:183} INFO - Processing /home/airflow/.local/lib/python3.8/site-packages/airflow/example_dags/example_short_circuit_operator.py took 0.047 seconds
[2025-08-14T17:39:18.810+0000] {processor.py:161} INFO - Started process (PID=354) to work on /home/airflow/.local/lib/python3.8/site-packages/airflow/example_dags/example_short_circuit_operator.py
[2025-08-14T17:39:18.811+0000] {processor.py:830} INFO - Processing file /home/airflow/.local/lib/python3.8/site-packages/airflow/example_dags/example_short_circuit_operator.py for tasks to queue
[2025-08-14T17:39:18.812+0000] {logging_mixin.py:188} INFO - [2025-08-14T17:39:18.812+0000] {dagbag.py:540} INFO - Filling up the DagBag from /home/airflow/.local/lib/python3.8/site-packages/airflow/example_dags/example_short_circuit_operator.py
[2025-08-14T17:39:18.816+0000] {processor.py:840} INFO - DAG(s) 'example_short_circuit_operator' retrieved from /home/airflow/.local/lib/python3.8/site-packages/airflow/example_dags/example_short_circuit_operator.py
[2025-08-14T17:39:18.828+0000] {logging_mixin.py:188} INFO - [2025-08-14T17:39:18.828+0000] {dag.py:3047} INFO - Sync 1 DAGs
[2025-08-14T17:39:18.840+0000] {logging_mixin.py:188} INFO - [2025-08-14T17:39:18.840+0000] {dag.py:3834} INFO - Setting next_dagrun for example_short_circuit_operator to 2025-08-13 00:00:00+00:00, run_after=2025-08-14 00:00:00+00:00
[2025-08-14T17:39:18.858+0000] {processor.py:183} INFO - Processing /home/airflow/.local/lib/python3.8/site-packages/airflow/example_dags/example_short_circuit_operator.py took 0.050 seconds
[2025-08-14T17:39:49.610+0000] {processor.py:161} INFO - Started process (PID=410) to work on /home/airflow/.local/lib/python3.8/site-packages/airflow/example_dags/example_short_circuit_operator.py
[2025-08-14T17:39:49.614+0000] {processor.py:830} INFO - Processing file /home/airflow/.local/lib/python3.8/site-packages/airflow/example_dags/example_short_circuit_operator.py for tasks to queue
[2025-08-14T17:39:49.615+0000] {logging_mixin.py:188} INFO - [2025-08-14T17:39:49.615+0000] {dagbag.py:540} INFO - Filling up the DagBag from /home/airflow/.local/lib/python3.8/site-packages/airflow/example_dags/example_short_circuit_operator.py
[2025-08-14T17:39:49.626+0000] {processor.py:840} INFO - DAG(s) 'example_short_circuit_operator' retrieved from /home/airflow/.local/lib/python3.8/site-packages/airflow/example_dags/example_short_circuit_operator.py
[2025-08-14T17:39:49.679+0000] {logging_mixin.py:188} INFO - [2025-08-14T17:39:49.679+0000] {dag.py:3047} INFO - Sync 1 DAGs
[2025-08-14T17:39:49.721+0000] {logging_mixin.py:188} INFO - [2025-08-14T17:39:49.721+0000] {dag.py:3834} INFO - Setting next_dagrun for example_short_circuit_operator to 2025-08-13 00:00:00+00:00, run_after=2025-08-14 00:00:00+00:00
[2025-08-14T17:39:49.751+0000] {processor.py:183} INFO - Processing /home/airflow/.local/lib/python3.8/site-packages/airflow/example_dags/example_short_circuit_operator.py took 0.143 seconds
[2025-08-14T17:40:20.270+0000] {processor.py:161} INFO - Started process (PID=466) to work on /home/airflow/.local/lib/python3.8/site-packages/airflow/example_dags/example_short_circuit_operator.py
[2025-08-14T17:40:20.275+0000] {processor.py:830} INFO - Processing file /home/airflow/.local/lib/python3.8/site-packages/airflow/example_dags/example_short_circuit_operator.py for tasks to queue
[2025-08-14T17:40:20.278+0000] {logging_mixin.py:188} INFO - [2025-08-14T17:40:20.277+0000] {dagbag.py:540} INFO - Filling up the DagBag from /home/airflow/.local/lib/python3.8/site-packages/airflow/example_dags/example_short_circuit_operator.py
[2025-08-14T17:40:20.284+0000] {processor.py:840} INFO - DAG(s) 'example_short_circuit_operator' retrieved from /home/airflow/.local/lib/python3.8/site-packages/airflow/example_dags/example_short_circuit_operator.py
[2025-08-14T17:40:20.297+0000] {logging_mixin.py:188} INFO - [2025-08-14T17:40:20.297+0000] {dag.py:3047} INFO - Sync 1 DAGs
[2025-08-14T17:40:20.309+0000] {logging_mixin.py:188} INFO - [2025-08-14T17:40:20.309+0000] {dag.py:3834} INFO - Setting next_dagrun for example_short_circuit_operator to 2025-08-13 00:00:00+00:00, run_after=2025-08-14 00:00:00+00:00
[2025-08-14T17:40:20.318+0000] {processor.py:183} INFO - Processing /home/airflow/.local/lib/python3.8/site-packages/airflow/example_dags/example_short_circuit_operator.py took 0.050 seconds
[2025-08-14T17:40:50.954+0000] {processor.py:161} INFO - Started process (PID=522) to work on /home/airflow/.local/lib/python3.8/site-packages/airflow/example_dags/example_short_circuit_operator.py
[2025-08-14T17:40:50.957+0000] {processor.py:830} INFO - Processing file /home/airflow/.local/lib/python3.8/site-packages/airflow/example_dags/example_short_circuit_operator.py for tasks to queue
[2025-08-14T17:40:50.959+0000] {logging_mixin.py:188} INFO - [2025-08-14T17:40:50.959+0000] {dagbag.py:540} INFO - Filling up the DagBag from /home/airflow/.local/lib/python3.8/site-packages/airflow/example_dags/example_short_circuit_operator.py
[2025-08-14T17:40:50.965+0000] {processor.py:840} INFO - DAG(s) 'example_short_circuit_operator' retrieved from /home/airflow/.local/lib/python3.8/site-packages/airflow/example_dags/example_short_circuit_operator.py
[2025-08-14T17:40:50.985+0000] {logging_mixin.py:188} INFO - [2025-08-14T17:40:50.985+0000] {dag.py:3047} INFO - Sync 1 DAGs
[2025-08-14T17:40:51.003+0000] {logging_mixin.py:188} INFO - [2025-08-14T17:40:51.003+0000] {dag.py:3834} INFO - Setting next_dagrun for example_short_circuit_operator to 2025-08-13 00:00:00+00:00, run_after=2025-08-14 00:00:00+00:00
[2025-08-14T17:40:51.016+0000] {processor.py:183} INFO - Processing /home/airflow/.local/lib/python3.8/site-packages/airflow/example_dags/example_short_circuit_operator.py took 0.063 seconds
[2025-08-14T17:41:21.351+0000] {processor.py:161} INFO - Started process (PID=578) to work on /home/airflow/.local/lib/python3.8/site-packages/airflow/example_dags/example_short_circuit_operator.py
[2025-08-14T17:41:21.352+0000] {processor.py:830} INFO - Processing file /home/airflow/.local/lib/python3.8/site-packages/airflow/example_dags/example_short_circuit_operator.py for tasks to queue
[2025-08-14T17:41:21.353+0000] {logging_mixin.py:188} INFO - [2025-08-14T17:41:21.353+0000] {dagbag.py:540} INFO - Filling up the DagBag from /home/airflow/.local/lib/python3.8/site-packages/airflow/example_dags/example_short_circuit_operator.py
[2025-08-14T17:41:21.356+0000] {processor.py:840} INFO - DAG(s) 'example_short_circuit_operator' retrieved from /home/airflow/.local/lib/python3.8/site-packages/airflow/example_dags/example_short_circuit_operator.py
[2025-08-14T17:41:21.373+0000] {logging_mixin.py:188} INFO - [2025-08-14T17:41:21.373+0000] {dag.py:3047} INFO - Sync 1 DAGs
[2025-08-14T17:41:21.386+0000] {logging_mixin.py:188} INFO - [2025-08-14T17:41:21.386+0000] {dag.py:3834} INFO - Setting next_dagrun for example_short_circuit_operator to 2025-08-13 00:00:00+00:00, run_after=2025-08-14 00:00:00+00:00
[2025-08-14T17:41:21.399+0000] {processor.py:183} INFO - Processing /home/airflow/.local/lib/python3.8/site-packages/airflow/example_dags/example_short_circuit_operator.py took 0.050 seconds
[2025-08-14T17:41:51.919+0000] {processor.py:161} INFO - Started process (PID=634) to work on /home/airflow/.local/lib/python3.8/site-packages/airflow/example_dags/example_short_circuit_operator.py
[2025-08-14T17:41:51.920+0000] {processor.py:830} INFO - Processing file /home/airflow/.local/lib/python3.8/site-packages/airflow/example_dags/example_short_circuit_operator.py for tasks to queue
[2025-08-14T17:41:51.921+0000] {logging_mixin.py:188} INFO - [2025-08-14T17:41:51.921+0000] {dagbag.py:540} INFO - Filling up the DagBag from /home/airflow/.local/lib/python3.8/site-packages/airflow/example_dags/example_short_circuit_operator.py
[2025-08-14T17:41:51.925+0000] {processor.py:840} INFO - DAG(s) 'example_short_circuit_operator' retrieved from /home/airflow/.local/lib/python3.8/site-packages/airflow/example_dags/example_short_circuit_operator.py
[2025-08-14T17:41:51.936+0000] {logging_mixin.py:188} INFO - [2025-08-14T17:41:51.936+0000] {dag.py:3047} INFO - Sync 1 DAGs
[2025-08-14T17:41:51.946+0000] {logging_mixin.py:188} INFO - [2025-08-14T17:41:51.946+0000] {dag.py:3834} INFO - Setting next_dagrun for example_short_circuit_operator to 2025-08-13 00:00:00+00:00, run_after=2025-08-14 00:00:00+00:00
[2025-08-14T17:41:51.957+0000] {processor.py:183} INFO - Processing /home/airflow/.local/lib/python3.8/site-packages/airflow/example_dags/example_short_circuit_operator.py took 0.040 seconds
[2025-08-14T17:42:22.657+0000] {processor.py:161} INFO - Started process (PID=690) to work on /home/airflow/.local/lib/python3.8/site-packages/airflow/example_dags/example_short_circuit_operator.py
[2025-08-14T17:42:22.659+0000] {processor.py:830} INFO - Processing file /home/airflow/.local/lib/python3.8/site-packages/airflow/example_dags/example_short_circuit_operator.py for tasks to queue
[2025-08-14T17:42:22.661+0000] {logging_mixin.py:188} INFO - [2025-08-14T17:42:22.661+0000] {dagbag.py:540} INFO - Filling up the DagBag from /home/airflow/.local/lib/python3.8/site-packages/airflow/example_dags/example_short_circuit_operator.py
[2025-08-14T17:42:22.668+0000] {processor.py:840} INFO - DAG(s) 'example_short_circuit_operator' retrieved from /home/airflow/.local/lib/python3.8/site-packages/airflow/example_dags/example_short_circuit_operator.py
[2025-08-14T17:42:22.686+0000] {logging_mixin.py:188} INFO - [2025-08-14T17:42:22.686+0000] {dag.py:3047} INFO - Sync 1 DAGs
[2025-08-14T17:42:22.700+0000] {logging_mixin.py:188} INFO - [2025-08-14T17:42:22.700+0000] {dag.py:3834} INFO - Setting next_dagrun for example_short_circuit_operator to 2025-08-13 00:00:00+00:00, run_after=2025-08-14 00:00:00+00:00
[2025-08-14T17:42:22.725+0000] {processor.py:183} INFO - Processing /home/airflow/.local/lib/python3.8/site-packages/airflow/example_dags/example_short_circuit_operator.py took 0.070 seconds
[2025-08-14T17:42:53.089+0000] {processor.py:161} INFO - Started process (PID=746) to work on /home/airflow/.local/lib/python3.8/site-packages/airflow/example_dags/example_short_circuit_operator.py
[2025-08-14T17:42:53.090+0000] {processor.py:830} INFO - Processing file /home/airflow/.local/lib/python3.8/site-packages/airflow/example_dags/example_short_circuit_operator.py for tasks to queue
[2025-08-14T17:42:53.092+0000] {logging_mixin.py:188} INFO - [2025-08-14T17:42:53.092+0000] {dagbag.py:540} INFO - Filling up the DagBag from /home/airflow/.local/lib/python3.8/site-packages/airflow/example_dags/example_short_circuit_operator.py
[2025-08-14T17:42:53.099+0000] {processor.py:840} INFO - DAG(s) 'example_short_circuit_operator' retrieved from /home/airflow/.local/lib/python3.8/site-packages/airflow/example_dags/example_short_circuit_operator.py
[2025-08-14T17:42:53.117+0000] {logging_mixin.py:188} INFO - [2025-08-14T17:42:53.117+0000] {dag.py:3047} INFO - Sync 1 DAGs
[2025-08-14T17:42:53.132+0000] {logging_mixin.py:188} INFO - [2025-08-14T17:42:53.132+0000] {dag.py:3834} INFO - Setting next_dagrun for example_short_circuit_operator to 2025-08-13 00:00:00+00:00, run_after=2025-08-14 00:00:00+00:00
[2025-08-14T17:42:53.146+0000] {processor.py:183} INFO - Processing /home/airflow/.local/lib/python3.8/site-packages/airflow/example_dags/example_short_circuit_operator.py took 0.059 seconds
[2025-08-14T17:43:23.552+0000] {processor.py:161} INFO - Started process (PID=802) to work on /home/airflow/.local/lib/python3.8/site-packages/airflow/example_dags/example_short_circuit_operator.py
[2025-08-14T17:43:23.553+0000] {processor.py:830} INFO - Processing file /home/airflow/.local/lib/python3.8/site-packages/airflow/example_dags/example_short_circuit_operator.py for tasks to queue
[2025-08-14T17:43:23.554+0000] {logging_mixin.py:188} INFO - [2025-08-14T17:43:23.554+0000] {dagbag.py:540} INFO - Filling up the DagBag from /home/airflow/.local/lib/python3.8/site-packages/airflow/example_dags/example_short_circuit_operator.py
[2025-08-14T17:43:23.558+0000] {processor.py:840} INFO - DAG(s) 'example_short_circuit_operator' retrieved from /home/airflow/.local/lib/python3.8/site-packages/airflow/example_dags/example_short_circuit_operator.py
[2025-08-14T17:43:23.572+0000] {logging_mixin.py:188} INFO - [2025-08-14T17:43:23.572+0000] {dag.py:3047} INFO - Sync 1 DAGs
[2025-08-14T17:43:23.585+0000] {logging_mixin.py:188} INFO - [2025-08-14T17:43:23.584+0000] {dag.py:3834} INFO - Setting next_dagrun for example_short_circuit_operator to 2025-08-13 00:00:00+00:00, run_after=2025-08-14 00:00:00+00:00
[2025-08-14T17:43:23.597+0000] {processor.py:183} INFO - Processing /home/airflow/.local/lib/python3.8/site-packages/airflow/example_dags/example_short_circuit_operator.py took 0.047 seconds
[2025-08-14T17:43:54.098+0000] {processor.py:161} INFO - Started process (PID=858) to work on /home/airflow/.local/lib/python3.8/site-packages/airflow/example_dags/example_short_circuit_operator.py
[2025-08-14T17:43:54.099+0000] {processor.py:830} INFO - Processing file /home/airflow/.local/lib/python3.8/site-packages/airflow/example_dags/example_short_circuit_operator.py for tasks to queue
[2025-08-14T17:43:54.100+0000] {logging_mixin.py:188} INFO - [2025-08-14T17:43:54.100+0000] {dagbag.py:540} INFO - Filling up the DagBag from /home/airflow/.local/lib/python3.8/site-packages/airflow/example_dags/example_short_circuit_operator.py
[2025-08-14T17:43:54.104+0000] {processor.py:840} INFO - DAG(s) 'example_short_circuit_operator' retrieved from /home/airflow/.local/lib/python3.8/site-packages/airflow/example_dags/example_short_circuit_operator.py
[2025-08-14T17:43:54.119+0000] {logging_mixin.py:188} INFO - [2025-08-14T17:43:54.119+0000] {dag.py:3047} INFO - Sync 1 DAGs
[2025-08-14T17:43:54.131+0000] {logging_mixin.py:188} INFO - [2025-08-14T17:43:54.131+0000] {dag.py:3834} INFO - Setting next_dagrun for example_short_circuit_operator to 2025-08-13 00:00:00+00:00, run_after=2025-08-14 00:00:00+00:00
[2025-08-14T17:43:54.142+0000] {processor.py:183} INFO - Processing /home/airflow/.local/lib/python3.8/site-packages/airflow/example_dags/example_short_circuit_operator.py took 0.046 seconds
[2025-08-14T17:44:25.255+0000] {processor.py:161} INFO - Started process (PID=914) to work on /home/airflow/.local/lib/python3.8/site-packages/airflow/example_dags/example_short_circuit_operator.py
[2025-08-14T17:44:25.259+0000] {processor.py:830} INFO - Processing file /home/airflow/.local/lib/python3.8/site-packages/airflow/example_dags/example_short_circuit_operator.py for tasks to queue
[2025-08-14T17:44:25.261+0000] {logging_mixin.py:188} INFO - [2025-08-14T17:44:25.260+0000] {dagbag.py:540} INFO - Filling up the DagBag from /home/airflow/.local/lib/python3.8/site-packages/airflow/example_dags/example_short_circuit_operator.py
[2025-08-14T17:44:25.265+0000] {processor.py:840} INFO - DAG(s) 'example_short_circuit_operator' retrieved from /home/airflow/.local/lib/python3.8/site-packages/airflow/example_dags/example_short_circuit_operator.py
[2025-08-14T17:44:25.292+0000] {logging_mixin.py:188} INFO - [2025-08-14T17:44:25.292+0000] {dag.py:3047} INFO - Sync 1 DAGs
[2025-08-14T17:44:25.310+0000] {logging_mixin.py:188} INFO - [2025-08-14T17:44:25.310+0000] {dag.py:3834} INFO - Setting next_dagrun for example_short_circuit_operator to 2025-08-13 00:00:00+00:00, run_after=2025-08-14 00:00:00+00:00
[2025-08-14T17:44:25.328+0000] {processor.py:183} INFO - Processing /home/airflow/.local/lib/python3.8/site-packages/airflow/example_dags/example_short_circuit_operator.py took 0.075 seconds
[2025-08-14T17:44:55.605+0000] {processor.py:161} INFO - Started process (PID=970) to work on /home/airflow/.local/lib/python3.8/site-packages/airflow/example_dags/example_short_circuit_operator.py
[2025-08-14T17:44:55.607+0000] {processor.py:830} INFO - Processing file /home/airflow/.local/lib/python3.8/site-packages/airflow/example_dags/example_short_circuit_operator.py for tasks to queue
[2025-08-14T17:44:55.608+0000] {logging_mixin.py:188} INFO - [2025-08-14T17:44:55.608+0000] {dagbag.py:540} INFO - Filling up the DagBag from /home/airflow/.local/lib/python3.8/site-packages/airflow/example_dags/example_short_circuit_operator.py
[2025-08-14T17:44:55.613+0000] {processor.py:840} INFO - DAG(s) 'example_short_circuit_operator' retrieved from /home/airflow/.local/lib/python3.8/site-packages/airflow/example_dags/example_short_circuit_operator.py
[2025-08-14T17:44:55.629+0000] {logging_mixin.py:188} INFO - [2025-08-14T17:44:55.629+0000] {dag.py:3047} INFO - Sync 1 DAGs
[2025-08-14T17:44:55.640+0000] {logging_mixin.py:188} INFO - [2025-08-14T17:44:55.640+0000] {dag.py:3834} INFO - Setting next_dagrun for example_short_circuit_operator to 2025-08-13 00:00:00+00:00, run_after=2025-08-14 00:00:00+00:00
[2025-08-14T17:44:55.653+0000] {processor.py:183} INFO - Processing /home/airflow/.local/lib/python3.8/site-packages/airflow/example_dags/example_short_circuit_operator.py took 0.050 seconds
[2025-08-14T17:45:25.944+0000] {processor.py:161} INFO - Started process (PID=1026) to work on /home/airflow/.local/lib/python3.8/site-packages/airflow/example_dags/example_short_circuit_operator.py
[2025-08-14T17:45:25.945+0000] {processor.py:830} INFO - Processing file /home/airflow/.local/lib/python3.8/site-packages/airflow/example_dags/example_short_circuit_operator.py for tasks to queue
[2025-08-14T17:45:25.947+0000] {logging_mixin.py:188} INFO - [2025-08-14T17:45:25.947+0000] {dagbag.py:540} INFO - Filling up the DagBag from /home/airflow/.local/lib/python3.8/site-packages/airflow/example_dags/example_short_circuit_operator.py
[2025-08-14T17:45:25.952+0000] {processor.py:840} INFO - DAG(s) 'example_short_circuit_operator' retrieved from /home/airflow/.local/lib/python3.8/site-packages/airflow/example_dags/example_short_circuit_operator.py
[2025-08-14T17:45:25.975+0000] {logging_mixin.py:188} INFO - [2025-08-14T17:45:25.975+0000] {dag.py:3047} INFO - Sync 1 DAGs
[2025-08-14T17:45:25.986+0000] {logging_mixin.py:188} INFO - [2025-08-14T17:45:25.986+0000] {dag.py:3834} INFO - Setting next_dagrun for example_short_circuit_operator to 2025-08-13 00:00:00+00:00, run_after=2025-08-14 00:00:00+00:00
[2025-08-14T17:45:25.998+0000] {processor.py:183} INFO - Processing /home/airflow/.local/lib/python3.8/site-packages/airflow/example_dags/example_short_circuit_operator.py took 0.056 seconds
[2025-08-14T17:45:56.478+0000] {processor.py:161} INFO - Started process (PID=1082) to work on /home/airflow/.local/lib/python3.8/site-packages/airflow/example_dags/example_short_circuit_operator.py
[2025-08-14T17:45:56.479+0000] {processor.py:830} INFO - Processing file /home/airflow/.local/lib/python3.8/site-packages/airflow/example_dags/example_short_circuit_operator.py for tasks to queue
[2025-08-14T17:45:56.480+0000] {logging_mixin.py:188} INFO - [2025-08-14T17:45:56.480+0000] {dagbag.py:540} INFO - Filling up the DagBag from /home/airflow/.local/lib/python3.8/site-packages/airflow/example_dags/example_short_circuit_operator.py
[2025-08-14T17:45:56.487+0000] {processor.py:840} INFO - DAG(s) 'example_short_circuit_operator' retrieved from /home/airflow/.local/lib/python3.8/site-packages/airflow/example_dags/example_short_circuit_operator.py
[2025-08-14T17:45:56.513+0000] {logging_mixin.py:188} INFO - [2025-08-14T17:45:56.513+0000] {dag.py:3047} INFO - Sync 1 DAGs
[2025-08-14T17:45:56.526+0000] {logging_mixin.py:188} INFO - [2025-08-14T17:45:56.526+0000] {dag.py:3834} INFO - Setting next_dagrun for example_short_circuit_operator to 2025-08-13 00:00:00+00:00, run_after=2025-08-14 00:00:00+00:00
[2025-08-14T17:45:56.549+0000] {processor.py:183} INFO - Processing /home/airflow/.local/lib/python3.8/site-packages/airflow/example_dags/example_short_circuit_operator.py took 0.072 seconds
[2025-08-14T17:46:26.900+0000] {processor.py:161} INFO - Started process (PID=1138) to work on /home/airflow/.local/lib/python3.8/site-packages/airflow/example_dags/example_short_circuit_operator.py
[2025-08-14T17:46:26.901+0000] {processor.py:830} INFO - Processing file /home/airflow/.local/lib/python3.8/site-packages/airflow/example_dags/example_short_circuit_operator.py for tasks to queue
[2025-08-14T17:46:26.902+0000] {logging_mixin.py:188} INFO - [2025-08-14T17:46:26.902+0000] {dagbag.py:540} INFO - Filling up the DagBag from /home/airflow/.local/lib/python3.8/site-packages/airflow/example_dags/example_short_circuit_operator.py
[2025-08-14T17:46:26.907+0000] {processor.py:840} INFO - DAG(s) 'example_short_circuit_operator' retrieved from /home/airflow/.local/lib/python3.8/site-packages/airflow/example_dags/example_short_circuit_operator.py
[2025-08-14T17:46:26.922+0000] {logging_mixin.py:188} INFO - [2025-08-14T17:46:26.921+0000] {dag.py:3047} INFO - Sync 1 DAGs
[2025-08-14T17:46:26.936+0000] {logging_mixin.py:188} INFO - [2025-08-14T17:46:26.935+0000] {dag.py:3834} INFO - Setting next_dagrun for example_short_circuit_operator to 2025-08-13 00:00:00+00:00, run_after=2025-08-14 00:00:00+00:00
[2025-08-14T17:46:26.950+0000] {processor.py:183} INFO - Processing /home/airflow/.local/lib/python3.8/site-packages/airflow/example_dags/example_short_circuit_operator.py took 0.051 seconds
[2025-08-14T17:46:57.542+0000] {processor.py:161} INFO - Started process (PID=1194) to work on /home/airflow/.local/lib/python3.8/site-packages/airflow/example_dags/example_short_circuit_operator.py
[2025-08-14T17:46:57.545+0000] {processor.py:830} INFO - Processing file /home/airflow/.local/lib/python3.8/site-packages/airflow/example_dags/example_short_circuit_operator.py for tasks to queue
[2025-08-14T17:46:57.547+0000] {logging_mixin.py:188} INFO - [2025-08-14T17:46:57.547+0000] {dagbag.py:540} INFO - Filling up the DagBag from /home/airflow/.local/lib/python3.8/site-packages/airflow/example_dags/example_short_circuit_operator.py
[2025-08-14T17:46:57.550+0000] {processor.py:840} INFO - DAG(s) 'example_short_circuit_operator' retrieved from /home/airflow/.local/lib/python3.8/site-packages/airflow/example_dags/example_short_circuit_operator.py
[2025-08-14T17:46:57.570+0000] {logging_mixin.py:188} INFO - [2025-08-14T17:46:57.570+0000] {dag.py:3047} INFO - Sync 1 DAGs
[2025-08-14T17:46:57.582+0000] {logging_mixin.py:188} INFO - [2025-08-14T17:46:57.582+0000] {dag.py:3834} INFO - Setting next_dagrun for example_short_circuit_operator to 2025-08-13 00:00:00+00:00, run_after=2025-08-14 00:00:00+00:00
[2025-08-14T17:46:57.594+0000] {processor.py:183} INFO - Processing /home/airflow/.local/lib/python3.8/site-packages/airflow/example_dags/example_short_circuit_operator.py took 0.054 seconds
[2025-08-14T17:47:27.710+0000] {processor.py:161} INFO - Started process (PID=1250) to work on /home/airflow/.local/lib/python3.8/site-packages/airflow/example_dags/example_short_circuit_operator.py
[2025-08-14T17:47:27.711+0000] {processor.py:830} INFO - Processing file /home/airflow/.local/lib/python3.8/site-packages/airflow/example_dags/example_short_circuit_operator.py for tasks to queue
[2025-08-14T17:47:27.716+0000] {logging_mixin.py:188} INFO - [2025-08-14T17:47:27.715+0000] {dagbag.py:540} INFO - Filling up the DagBag from /home/airflow/.local/lib/python3.8/site-packages/airflow/example_dags/example_short_circuit_operator.py
[2025-08-14T17:47:27.723+0000] {processor.py:840} INFO - DAG(s) 'example_short_circuit_operator' retrieved from /home/airflow/.local/lib/python3.8/site-packages/airflow/example_dags/example_short_circuit_operator.py
[2025-08-14T17:47:27.744+0000] {logging_mixin.py:188} INFO - [2025-08-14T17:47:27.743+0000] {dag.py:3047} INFO - Sync 1 DAGs
[2025-08-14T17:47:27.759+0000] {logging_mixin.py:188} INFO - [2025-08-14T17:47:27.759+0000] {dag.py:3834} INFO - Setting next_dagrun for example_short_circuit_operator to 2025-08-13 00:00:00+00:00, run_after=2025-08-14 00:00:00+00:00
[2025-08-14T17:47:27.776+0000] {processor.py:183} INFO - Processing /home/airflow/.local/lib/python3.8/site-packages/airflow/example_dags/example_short_circuit_operator.py took 0.069 seconds
[2025-08-14T17:47:58.019+0000] {processor.py:161} INFO - Started process (PID=1306) to work on /home/airflow/.local/lib/python3.8/site-packages/airflow/example_dags/example_short_circuit_operator.py
[2025-08-14T17:47:58.020+0000] {processor.py:830} INFO - Processing file /home/airflow/.local/lib/python3.8/site-packages/airflow/example_dags/example_short_circuit_operator.py for tasks to queue
[2025-08-14T17:47:58.020+0000] {logging_mixin.py:188} INFO - [2025-08-14T17:47:58.020+0000] {dagbag.py:540} INFO - Filling up the DagBag from /home/airflow/.local/lib/python3.8/site-packages/airflow/example_dags/example_short_circuit_operator.py
[2025-08-14T17:47:58.024+0000] {processor.py:840} INFO - DAG(s) 'example_short_circuit_operator' retrieved from /home/airflow/.local/lib/python3.8/site-packages/airflow/example_dags/example_short_circuit_operator.py
[2025-08-14T17:47:58.044+0000] {logging_mixin.py:188} INFO - [2025-08-14T17:47:58.044+0000] {dag.py:3047} INFO - Sync 1 DAGs
[2025-08-14T17:47:58.056+0000] {logging_mixin.py:188} INFO - [2025-08-14T17:47:58.056+0000] {dag.py:3834} INFO - Setting next_dagrun for example_short_circuit_operator to 2025-08-13 00:00:00+00:00, run_after=2025-08-14 00:00:00+00:00
[2025-08-14T17:47:58.065+0000] {processor.py:183} INFO - Processing /home/airflow/.local/lib/python3.8/site-packages/airflow/example_dags/example_short_circuit_operator.py took 0.048 seconds
[2025-08-14T17:48:28.436+0000] {processor.py:161} INFO - Started process (PID=1362) to work on /home/airflow/.local/lib/python3.8/site-packages/airflow/example_dags/example_short_circuit_operator.py
[2025-08-14T17:48:28.437+0000] {processor.py:830} INFO - Processing file /home/airflow/.local/lib/python3.8/site-packages/airflow/example_dags/example_short_circuit_operator.py for tasks to queue
[2025-08-14T17:48:28.438+0000] {logging_mixin.py:188} INFO - [2025-08-14T17:48:28.438+0000] {dagbag.py:540} INFO - Filling up the DagBag from /home/airflow/.local/lib/python3.8/site-packages/airflow/example_dags/example_short_circuit_operator.py
[2025-08-14T17:48:28.443+0000] {processor.py:840} INFO - DAG(s) 'example_short_circuit_operator' retrieved from /home/airflow/.local/lib/python3.8/site-packages/airflow/example_dags/example_short_circuit_operator.py
[2025-08-14T17:48:28.465+0000] {logging_mixin.py:188} INFO - [2025-08-14T17:48:28.465+0000] {dag.py:3047} INFO - Sync 1 DAGs
[2025-08-14T17:48:28.483+0000] {logging_mixin.py:188} INFO - [2025-08-14T17:48:28.483+0000] {dag.py:3834} INFO - Setting next_dagrun for example_short_circuit_operator to 2025-08-13 00:00:00+00:00, run_after=2025-08-14 00:00:00+00:00
[2025-08-14T17:48:28.498+0000] {processor.py:183} INFO - Processing /home/airflow/.local/lib/python3.8/site-packages/airflow/example_dags/example_short_circuit_operator.py took 0.064 seconds
[2025-08-14T17:48:58.928+0000] {processor.py:161} INFO - Started process (PID=1418) to work on /home/airflow/.local/lib/python3.8/site-packages/airflow/example_dags/example_short_circuit_operator.py
[2025-08-14T17:48:58.929+0000] {processor.py:830} INFO - Processing file /home/airflow/.local/lib/python3.8/site-packages/airflow/example_dags/example_short_circuit_operator.py for tasks to queue
[2025-08-14T17:48:58.930+0000] {logging_mixin.py:188} INFO - [2025-08-14T17:48:58.930+0000] {dagbag.py:540} INFO - Filling up the DagBag from /home/airflow/.local/lib/python3.8/site-packages/airflow/example_dags/example_short_circuit_operator.py
[2025-08-14T17:48:58.934+0000] {processor.py:840} INFO - DAG(s) 'example_short_circuit_operator' retrieved from /home/airflow/.local/lib/python3.8/site-packages/airflow/example_dags/example_short_circuit_operator.py
[2025-08-14T17:48:58.947+0000] {logging_mixin.py:188} INFO - [2025-08-14T17:48:58.946+0000] {dag.py:3047} INFO - Sync 1 DAGs
[2025-08-14T17:48:58.957+0000] {logging_mixin.py:188} INFO - [2025-08-14T17:48:58.957+0000] {dag.py:3834} INFO - Setting next_dagrun for example_short_circuit_operator to 2025-08-13 00:00:00+00:00, run_after=2025-08-14 00:00:00+00:00
[2025-08-14T17:48:58.967+0000] {processor.py:183} INFO - Processing /home/airflow/.local/lib/python3.8/site-packages/airflow/example_dags/example_short_circuit_operator.py took 0.041 seconds
[2025-08-14T17:49:29.053+0000] {processor.py:161} INFO - Started process (PID=1474) to work on /home/airflow/.local/lib/python3.8/site-packages/airflow/example_dags/example_short_circuit_operator.py
[2025-08-14T17:49:29.054+0000] {processor.py:830} INFO - Processing file /home/airflow/.local/lib/python3.8/site-packages/airflow/example_dags/example_short_circuit_operator.py for tasks to queue
[2025-08-14T17:49:29.055+0000] {logging_mixin.py:188} INFO - [2025-08-14T17:49:29.055+0000] {dagbag.py:540} INFO - Filling up the DagBag from /home/airflow/.local/lib/python3.8/site-packages/airflow/example_dags/example_short_circuit_operator.py
[2025-08-14T17:49:29.060+0000] {processor.py:840} INFO - DAG(s) 'example_short_circuit_operator' retrieved from /home/airflow/.local/lib/python3.8/site-packages/airflow/example_dags/example_short_circuit_operator.py
[2025-08-14T17:49:29.076+0000] {logging_mixin.py:188} INFO - [2025-08-14T17:49:29.076+0000] {dag.py:3047} INFO - Sync 1 DAGs
[2025-08-14T17:49:29.100+0000] {logging_mixin.py:188} INFO - [2025-08-14T17:49:29.100+0000] {dag.py:3834} INFO - Setting next_dagrun for example_short_circuit_operator to 2025-08-13 00:00:00+00:00, run_after=2025-08-14 00:00:00+00:00
[2025-08-14T17:49:29.136+0000] {processor.py:183} INFO - Processing /home/airflow/.local/lib/python3.8/site-packages/airflow/example_dags/example_short_circuit_operator.py took 0.086 seconds
[2025-08-14T17:50:00.101+0000] {processor.py:161} INFO - Started process (PID=1530) to work on /home/airflow/.local/lib/python3.8/site-packages/airflow/example_dags/example_short_circuit_operator.py
[2025-08-14T17:50:00.103+0000] {processor.py:830} INFO - Processing file /home/airflow/.local/lib/python3.8/site-packages/airflow/example_dags/example_short_circuit_operator.py for tasks to queue
[2025-08-14T17:50:00.105+0000] {logging_mixin.py:188} INFO - [2025-08-14T17:50:00.105+0000] {dagbag.py:540} INFO - Filling up the DagBag from /home/airflow/.local/lib/python3.8/site-packages/airflow/example_dags/example_short_circuit_operator.py
[2025-08-14T17:50:00.110+0000] {processor.py:840} INFO - DAG(s) 'example_short_circuit_operator' retrieved from /home/airflow/.local/lib/python3.8/site-packages/airflow/example_dags/example_short_circuit_operator.py
[2025-08-14T17:50:00.125+0000] {logging_mixin.py:188} INFO - [2025-08-14T17:50:00.125+0000] {dag.py:3047} INFO - Sync 1 DAGs
[2025-08-14T17:50:00.138+0000] {logging_mixin.py:188} INFO - [2025-08-14T17:50:00.138+0000] {dag.py:3834} INFO - Setting next_dagrun for example_short_circuit_operator to 2025-08-13 00:00:00+00:00, run_after=2025-08-14 00:00:00+00:00
[2025-08-14T17:50:00.161+0000] {processor.py:183} INFO - Processing /home/airflow/.local/lib/python3.8/site-packages/airflow/example_dags/example_short_circuit_operator.py took 0.063 seconds
[2025-08-14T17:50:30.756+0000] {processor.py:161} INFO - Started process (PID=1586) to work on /home/airflow/.local/lib/python3.8/site-packages/airflow/example_dags/example_short_circuit_operator.py
[2025-08-14T17:50:30.757+0000] {processor.py:830} INFO - Processing file /home/airflow/.local/lib/python3.8/site-packages/airflow/example_dags/example_short_circuit_operator.py for tasks to queue
[2025-08-14T17:50:30.758+0000] {logging_mixin.py:188} INFO - [2025-08-14T17:50:30.758+0000] {dagbag.py:540} INFO - Filling up the DagBag from /home/airflow/.local/lib/python3.8/site-packages/airflow/example_dags/example_short_circuit_operator.py
[2025-08-14T17:50:30.762+0000] {processor.py:840} INFO - DAG(s) 'example_short_circuit_operator' retrieved from /home/airflow/.local/lib/python3.8/site-packages/airflow/example_dags/example_short_circuit_operator.py
[2025-08-14T17:50:30.776+0000] {logging_mixin.py:188} INFO - [2025-08-14T17:50:30.776+0000] {dag.py:3047} INFO - Sync 1 DAGs
[2025-08-14T17:50:30.789+0000] {logging_mixin.py:188} INFO - [2025-08-14T17:50:30.789+0000] {dag.py:3834} INFO - Setting next_dagrun for example_short_circuit_operator to 2025-08-13 00:00:00+00:00, run_after=2025-08-14 00:00:00+00:00
[2025-08-14T17:50:30.804+0000] {processor.py:183} INFO - Processing /home/airflow/.local/lib/python3.8/site-packages/airflow/example_dags/example_short_circuit_operator.py took 0.051 seconds
[2025-08-14T17:51:01.706+0000] {processor.py:161} INFO - Started process (PID=1642) to work on /home/airflow/.local/lib/python3.8/site-packages/airflow/example_dags/example_short_circuit_operator.py
[2025-08-14T17:51:01.709+0000] {processor.py:830} INFO - Processing file /home/airflow/.local/lib/python3.8/site-packages/airflow/example_dags/example_short_circuit_operator.py for tasks to queue
[2025-08-14T17:51:01.712+0000] {logging_mixin.py:188} INFO - [2025-08-14T17:51:01.711+0000] {dagbag.py:540} INFO - Filling up the DagBag from /home/airflow/.local/lib/python3.8/site-packages/airflow/example_dags/example_short_circuit_operator.py
[2025-08-14T17:51:01.717+0000] {processor.py:840} INFO - DAG(s) 'example_short_circuit_operator' retrieved from /home/airflow/.local/lib/python3.8/site-packages/airflow/example_dags/example_short_circuit_operator.py
[2025-08-14T17:51:01.748+0000] {logging_mixin.py:188} INFO - [2025-08-14T17:51:01.747+0000] {dag.py:3047} INFO - Sync 1 DAGs
[2025-08-14T17:51:01.770+0000] {logging_mixin.py:188} INFO - [2025-08-14T17:51:01.770+0000] {dag.py:3834} INFO - Setting next_dagrun for example_short_circuit_operator to 2025-08-13 00:00:00+00:00, run_after=2025-08-14 00:00:00+00:00
[2025-08-14T17:51:01.784+0000] {processor.py:183} INFO - Processing /home/airflow/.local/lib/python3.8/site-packages/airflow/example_dags/example_short_circuit_operator.py took 0.080 seconds
[2025-08-14T17:51:32.116+0000] {processor.py:161} INFO - Started process (PID=1698) to work on /home/airflow/.local/lib/python3.8/site-packages/airflow/example_dags/example_short_circuit_operator.py
[2025-08-14T17:51:32.117+0000] {processor.py:830} INFO - Processing file /home/airflow/.local/lib/python3.8/site-packages/airflow/example_dags/example_short_circuit_operator.py for tasks to queue
[2025-08-14T17:51:32.119+0000] {logging_mixin.py:188} INFO - [2025-08-14T17:51:32.119+0000] {dagbag.py:540} INFO - Filling up the DagBag from /home/airflow/.local/lib/python3.8/site-packages/airflow/example_dags/example_short_circuit_operator.py
[2025-08-14T17:51:32.123+0000] {processor.py:840} INFO - DAG(s) 'example_short_circuit_operator' retrieved from /home/airflow/.local/lib/python3.8/site-packages/airflow/example_dags/example_short_circuit_operator.py
[2025-08-14T17:51:32.137+0000] {logging_mixin.py:188} INFO - [2025-08-14T17:51:32.137+0000] {dag.py:3047} INFO - Sync 1 DAGs
[2025-08-14T17:51:32.154+0000] {logging_mixin.py:188} INFO - [2025-08-14T17:51:32.154+0000] {dag.py:3834} INFO - Setting next_dagrun for example_short_circuit_operator to 2025-08-13 00:00:00+00:00, run_after=2025-08-14 00:00:00+00:00
[2025-08-14T17:51:32.166+0000] {processor.py:183} INFO - Processing /home/airflow/.local/lib/python3.8/site-packages/airflow/example_dags/example_short_circuit_operator.py took 0.051 seconds
[2025-08-14T17:52:02.820+0000] {processor.py:161} INFO - Started process (PID=1754) to work on /home/airflow/.local/lib/python3.8/site-packages/airflow/example_dags/example_short_circuit_operator.py
[2025-08-14T17:52:02.822+0000] {processor.py:830} INFO - Processing file /home/airflow/.local/lib/python3.8/site-packages/airflow/example_dags/example_short_circuit_operator.py for tasks to queue
[2025-08-14T17:52:02.828+0000] {logging_mixin.py:188} INFO - [2025-08-14T17:52:02.827+0000] {dagbag.py:540} INFO - Filling up the DagBag from /home/airflow/.local/lib/python3.8/site-packages/airflow/example_dags/example_short_circuit_operator.py
[2025-08-14T17:52:02.837+0000] {processor.py:840} INFO - DAG(s) 'example_short_circuit_operator' retrieved from /home/airflow/.local/lib/python3.8/site-packages/airflow/example_dags/example_short_circuit_operator.py
[2025-08-14T17:52:02.861+0000] {logging_mixin.py:188} INFO - [2025-08-14T17:52:02.861+0000] {dag.py:3047} INFO - Sync 1 DAGs
[2025-08-14T17:52:02.898+0000] {logging_mixin.py:188} INFO - [2025-08-14T17:52:02.898+0000] {dag.py:3834} INFO - Setting next_dagrun for example_short_circuit_operator to 2025-08-13 00:00:00+00:00, run_after=2025-08-14 00:00:00+00:00
[2025-08-14T17:52:02.928+0000] {processor.py:183} INFO - Processing /home/airflow/.local/lib/python3.8/site-packages/airflow/example_dags/example_short_circuit_operator.py took 0.117 seconds
[2025-08-14T17:52:33.244+0000] {processor.py:161} INFO - Started process (PID=1810) to work on /home/airflow/.local/lib/python3.8/site-packages/airflow/example_dags/example_short_circuit_operator.py
[2025-08-14T17:52:33.245+0000] {processor.py:830} INFO - Processing file /home/airflow/.local/lib/python3.8/site-packages/airflow/example_dags/example_short_circuit_operator.py for tasks to queue
[2025-08-14T17:52:33.246+0000] {logging_mixin.py:188} INFO - [2025-08-14T17:52:33.246+0000] {dagbag.py:540} INFO - Filling up the DagBag from /home/airflow/.local/lib/python3.8/site-packages/airflow/example_dags/example_short_circuit_operator.py
[2025-08-14T17:52:33.251+0000] {processor.py:840} INFO - DAG(s) 'example_short_circuit_operator' retrieved from /home/airflow/.local/lib/python3.8/site-packages/airflow/example_dags/example_short_circuit_operator.py
[2025-08-14T17:52:33.263+0000] {logging_mixin.py:188} INFO - [2025-08-14T17:52:33.263+0000] {dag.py:3047} INFO - Sync 1 DAGs
[2025-08-14T17:52:33.273+0000] {logging_mixin.py:188} INFO - [2025-08-14T17:52:33.273+0000] {dag.py:3834} INFO - Setting next_dagrun for example_short_circuit_operator to 2025-08-13 00:00:00+00:00, run_after=2025-08-14 00:00:00+00:00
[2025-08-14T17:52:33.281+0000] {processor.py:183} INFO - Processing /home/airflow/.local/lib/python3.8/site-packages/airflow/example_dags/example_short_circuit_operator.py took 0.039 seconds
[2025-08-14T17:53:03.611+0000] {processor.py:161} INFO - Started process (PID=1866) to work on /home/airflow/.local/lib/python3.8/site-packages/airflow/example_dags/example_short_circuit_operator.py
[2025-08-14T17:53:03.612+0000] {processor.py:830} INFO - Processing file /home/airflow/.local/lib/python3.8/site-packages/airflow/example_dags/example_short_circuit_operator.py for tasks to queue
[2025-08-14T17:53:03.613+0000] {logging_mixin.py:188} INFO - [2025-08-14T17:53:03.613+0000] {dagbag.py:540} INFO - Filling up the DagBag from /home/airflow/.local/lib/python3.8/site-packages/airflow/example_dags/example_short_circuit_operator.py
[2025-08-14T17:53:03.617+0000] {processor.py:840} INFO - DAG(s) 'example_short_circuit_operator' retrieved from /home/airflow/.local/lib/python3.8/site-packages/airflow/example_dags/example_short_circuit_operator.py
[2025-08-14T17:53:03.630+0000] {logging_mixin.py:188} INFO - [2025-08-14T17:53:03.629+0000] {dag.py:3047} INFO - Sync 1 DAGs
[2025-08-14T17:53:03.655+0000] {logging_mixin.py:188} INFO - [2025-08-14T17:53:03.654+0000] {dag.py:3834} INFO - Setting next_dagrun for example_short_circuit_operator to 2025-08-13 00:00:00+00:00, run_after=2025-08-14 00:00:00+00:00
[2025-08-14T17:53:03.675+0000] {processor.py:183} INFO - Processing /home/airflow/.local/lib/python3.8/site-packages/airflow/example_dags/example_short_circuit_operator.py took 0.067 seconds
[2025-08-14T17:53:34.087+0000] {processor.py:161} INFO - Started process (PID=1922) to work on /home/airflow/.local/lib/python3.8/site-packages/airflow/example_dags/example_short_circuit_operator.py
[2025-08-14T17:53:34.088+0000] {processor.py:830} INFO - Processing file /home/airflow/.local/lib/python3.8/site-packages/airflow/example_dags/example_short_circuit_operator.py for tasks to queue
[2025-08-14T17:53:34.089+0000] {logging_mixin.py:188} INFO - [2025-08-14T17:53:34.089+0000] {dagbag.py:540} INFO - Filling up the DagBag from /home/airflow/.local/lib/python3.8/site-packages/airflow/example_dags/example_short_circuit_operator.py
[2025-08-14T17:53:34.094+0000] {processor.py:840} INFO - DAG(s) 'example_short_circuit_operator' retrieved from /home/airflow/.local/lib/python3.8/site-packages/airflow/example_dags/example_short_circuit_operator.py
[2025-08-14T17:53:34.113+0000] {logging_mixin.py:188} INFO - [2025-08-14T17:53:34.113+0000] {dag.py:3047} INFO - Sync 1 DAGs
[2025-08-14T17:53:34.128+0000] {logging_mixin.py:188} INFO - [2025-08-14T17:53:34.128+0000] {dag.py:3834} INFO - Setting next_dagrun for example_short_circuit_operator to 2025-08-13 00:00:00+00:00, run_after=2025-08-14 00:00:00+00:00
[2025-08-14T17:53:34.140+0000] {processor.py:183} INFO - Processing /home/airflow/.local/lib/python3.8/site-packages/airflow/example_dags/example_short_circuit_operator.py took 0.056 seconds
[2025-08-14T17:54:04.441+0000] {processor.py:161} INFO - Started process (PID=1977) to work on /home/airflow/.local/lib/python3.8/site-packages/airflow/example_dags/example_short_circuit_operator.py
[2025-08-14T17:54:04.443+0000] {processor.py:830} INFO - Processing file /home/airflow/.local/lib/python3.8/site-packages/airflow/example_dags/example_short_circuit_operator.py for tasks to queue
[2025-08-14T17:54:04.445+0000] {logging_mixin.py:188} INFO - [2025-08-14T17:54:04.445+0000] {dagbag.py:540} INFO - Filling up the DagBag from /home/airflow/.local/lib/python3.8/site-packages/airflow/example_dags/example_short_circuit_operator.py
[2025-08-14T17:54:04.449+0000] {processor.py:840} INFO - DAG(s) 'example_short_circuit_operator' retrieved from /home/airflow/.local/lib/python3.8/site-packages/airflow/example_dags/example_short_circuit_operator.py
[2025-08-14T17:54:04.469+0000] {logging_mixin.py:188} INFO - [2025-08-14T17:54:04.468+0000] {dag.py:3047} INFO - Sync 1 DAGs
[2025-08-14T17:54:04.482+0000] {logging_mixin.py:188} INFO - [2025-08-14T17:54:04.481+0000] {dag.py:3834} INFO - Setting next_dagrun for example_short_circuit_operator to 2025-08-13 00:00:00+00:00, run_after=2025-08-14 00:00:00+00:00
[2025-08-14T17:54:04.494+0000] {processor.py:183} INFO - Processing /home/airflow/.local/lib/python3.8/site-packages/airflow/example_dags/example_short_circuit_operator.py took 0.054 seconds
[2025-08-14T17:54:34.840+0000] {processor.py:161} INFO - Started process (PID=2033) to work on /home/airflow/.local/lib/python3.8/site-packages/airflow/example_dags/example_short_circuit_operator.py
[2025-08-14T17:54:34.843+0000] {processor.py:830} INFO - Processing file /home/airflow/.local/lib/python3.8/site-packages/airflow/example_dags/example_short_circuit_operator.py for tasks to queue
[2025-08-14T17:54:34.844+0000] {logging_mixin.py:188} INFO - [2025-08-14T17:54:34.844+0000] {dagbag.py:540} INFO - Filling up the DagBag from /home/airflow/.local/lib/python3.8/site-packages/airflow/example_dags/example_short_circuit_operator.py
[2025-08-14T17:54:34.849+0000] {processor.py:840} INFO - DAG(s) 'example_short_circuit_operator' retrieved from /home/airflow/.local/lib/python3.8/site-packages/airflow/example_dags/example_short_circuit_operator.py
[2025-08-14T17:54:34.865+0000] {logging_mixin.py:188} INFO - [2025-08-14T17:54:34.865+0000] {dag.py:3047} INFO - Sync 1 DAGs
[2025-08-14T17:54:34.877+0000] {logging_mixin.py:188} INFO - [2025-08-14T17:54:34.876+0000] {dag.py:3834} INFO - Setting next_dagrun for example_short_circuit_operator to 2025-08-13 00:00:00+00:00, run_after=2025-08-14 00:00:00+00:00
[2025-08-14T17:54:34.893+0000] {processor.py:183} INFO - Processing /home/airflow/.local/lib/python3.8/site-packages/airflow/example_dags/example_short_circuit_operator.py took 0.055 seconds
[2025-08-14T17:55:05.393+0000] {processor.py:161} INFO - Started process (PID=2089) to work on /home/airflow/.local/lib/python3.8/site-packages/airflow/example_dags/example_short_circuit_operator.py
[2025-08-14T17:55:05.396+0000] {processor.py:830} INFO - Processing file /home/airflow/.local/lib/python3.8/site-packages/airflow/example_dags/example_short_circuit_operator.py for tasks to queue
[2025-08-14T17:55:05.402+0000] {logging_mixin.py:188} INFO - [2025-08-14T17:55:05.402+0000] {dagbag.py:540} INFO - Filling up the DagBag from /home/airflow/.local/lib/python3.8/site-packages/airflow/example_dags/example_short_circuit_operator.py
[2025-08-14T17:55:05.414+0000] {processor.py:840} INFO - DAG(s) 'example_short_circuit_operator' retrieved from /home/airflow/.local/lib/python3.8/site-packages/airflow/example_dags/example_short_circuit_operator.py
[2025-08-14T17:55:05.432+0000] {logging_mixin.py:188} INFO - [2025-08-14T17:55:05.432+0000] {dag.py:3047} INFO - Sync 1 DAGs
[2025-08-14T17:55:05.444+0000] {logging_mixin.py:188} INFO - [2025-08-14T17:55:05.444+0000] {dag.py:3834} INFO - Setting next_dagrun for example_short_circuit_operator to 2025-08-13 00:00:00+00:00, run_after=2025-08-14 00:00:00+00:00
[2025-08-14T17:55:05.456+0000] {processor.py:183} INFO - Processing /home/airflow/.local/lib/python3.8/site-packages/airflow/example_dags/example_short_circuit_operator.py took 0.070 seconds
[2025-08-14T17:55:36.161+0000] {processor.py:161} INFO - Started process (PID=2145) to work on /home/airflow/.local/lib/python3.8/site-packages/airflow/example_dags/example_short_circuit_operator.py
[2025-08-14T17:55:36.162+0000] {processor.py:830} INFO - Processing file /home/airflow/.local/lib/python3.8/site-packages/airflow/example_dags/example_short_circuit_operator.py for tasks to queue
[2025-08-14T17:55:36.163+0000] {logging_mixin.py:188} INFO - [2025-08-14T17:55:36.163+0000] {dagbag.py:540} INFO - Filling up the DagBag from /home/airflow/.local/lib/python3.8/site-packages/airflow/example_dags/example_short_circuit_operator.py
[2025-08-14T17:55:36.167+0000] {processor.py:840} INFO - DAG(s) 'example_short_circuit_operator' retrieved from /home/airflow/.local/lib/python3.8/site-packages/airflow/example_dags/example_short_circuit_operator.py
[2025-08-14T17:55:36.178+0000] {logging_mixin.py:188} INFO - [2025-08-14T17:55:36.178+0000] {dag.py:3047} INFO - Sync 1 DAGs
[2025-08-14T17:55:36.188+0000] {logging_mixin.py:188} INFO - [2025-08-14T17:55:36.188+0000] {dag.py:3834} INFO - Setting next_dagrun for example_short_circuit_operator to 2025-08-13 00:00:00+00:00, run_after=2025-08-14 00:00:00+00:00
[2025-08-14T17:55:36.196+0000] {processor.py:183} INFO - Processing /home/airflow/.local/lib/python3.8/site-packages/airflow/example_dags/example_short_circuit_operator.py took 0.036 seconds
[2025-08-14T17:56:06.583+0000] {processor.py:161} INFO - Started process (PID=2201) to work on /home/airflow/.local/lib/python3.8/site-packages/airflow/example_dags/example_short_circuit_operator.py
[2025-08-14T17:56:06.585+0000] {processor.py:830} INFO - Processing file /home/airflow/.local/lib/python3.8/site-packages/airflow/example_dags/example_short_circuit_operator.py for tasks to queue
[2025-08-14T17:56:06.587+0000] {logging_mixin.py:188} INFO - [2025-08-14T17:56:06.586+0000] {dagbag.py:540} INFO - Filling up the DagBag from /home/airflow/.local/lib/python3.8/site-packages/airflow/example_dags/example_short_circuit_operator.py
[2025-08-14T17:56:06.591+0000] {processor.py:840} INFO - DAG(s) 'example_short_circuit_operator' retrieved from /home/airflow/.local/lib/python3.8/site-packages/airflow/example_dags/example_short_circuit_operator.py
[2025-08-14T17:56:06.607+0000] {logging_mixin.py:188} INFO - [2025-08-14T17:56:06.607+0000] {dag.py:3047} INFO - Sync 1 DAGs
[2025-08-14T17:56:06.620+0000] {logging_mixin.py:188} INFO - [2025-08-14T17:56:06.620+0000] {dag.py:3834} INFO - Setting next_dagrun for example_short_circuit_operator to 2025-08-13 00:00:00+00:00, run_after=2025-08-14 00:00:00+00:00
[2025-08-14T17:56:06.632+0000] {processor.py:183} INFO - Processing /home/airflow/.local/lib/python3.8/site-packages/airflow/example_dags/example_short_circuit_operator.py took 0.051 seconds
[2025-08-14T17:56:37.042+0000] {processor.py:161} INFO - Started process (PID=2257) to work on /home/airflow/.local/lib/python3.8/site-packages/airflow/example_dags/example_short_circuit_operator.py
[2025-08-14T17:56:37.043+0000] {processor.py:830} INFO - Processing file /home/airflow/.local/lib/python3.8/site-packages/airflow/example_dags/example_short_circuit_operator.py for tasks to queue
[2025-08-14T17:56:37.044+0000] {logging_mixin.py:188} INFO - [2025-08-14T17:56:37.044+0000] {dagbag.py:540} INFO - Filling up the DagBag from /home/airflow/.local/lib/python3.8/site-packages/airflow/example_dags/example_short_circuit_operator.py
[2025-08-14T17:56:37.047+0000] {processor.py:840} INFO - DAG(s) 'example_short_circuit_operator' retrieved from /home/airflow/.local/lib/python3.8/site-packages/airflow/example_dags/example_short_circuit_operator.py
[2025-08-14T17:56:37.058+0000] {logging_mixin.py:188} INFO - [2025-08-14T17:56:37.058+0000] {dag.py:3047} INFO - Sync 1 DAGs
[2025-08-14T17:56:37.068+0000] {logging_mixin.py:188} INFO - [2025-08-14T17:56:37.068+0000] {dag.py:3834} INFO - Setting next_dagrun for example_short_circuit_operator to 2025-08-13 00:00:00+00:00, run_after=2025-08-14 00:00:00+00:00
[2025-08-14T17:56:37.076+0000] {processor.py:183} INFO - Processing /home/airflow/.local/lib/python3.8/site-packages/airflow/example_dags/example_short_circuit_operator.py took 0.035 seconds
[2025-08-14T17:57:07.378+0000] {processor.py:161} INFO - Started process (PID=2313) to work on /home/airflow/.local/lib/python3.8/site-packages/airflow/example_dags/example_short_circuit_operator.py
[2025-08-14T17:57:07.379+0000] {processor.py:830} INFO - Processing file /home/airflow/.local/lib/python3.8/site-packages/airflow/example_dags/example_short_circuit_operator.py for tasks to queue
[2025-08-14T17:57:07.381+0000] {logging_mixin.py:188} INFO - [2025-08-14T17:57:07.381+0000] {dagbag.py:540} INFO - Filling up the DagBag from /home/airflow/.local/lib/python3.8/site-packages/airflow/example_dags/example_short_circuit_operator.py
[2025-08-14T17:57:07.388+0000] {processor.py:840} INFO - DAG(s) 'example_short_circuit_operator' retrieved from /home/airflow/.local/lib/python3.8/site-packages/airflow/example_dags/example_short_circuit_operator.py
[2025-08-14T17:57:07.406+0000] {logging_mixin.py:188} INFO - [2025-08-14T17:57:07.406+0000] {dag.py:3047} INFO - Sync 1 DAGs
[2025-08-14T17:57:07.434+0000] {logging_mixin.py:188} INFO - [2025-08-14T17:57:07.434+0000] {dag.py:3834} INFO - Setting next_dagrun for example_short_circuit_operator to 2025-08-13 00:00:00+00:00, run_after=2025-08-14 00:00:00+00:00
[2025-08-14T17:57:07.447+0000] {processor.py:183} INFO - Processing /home/airflow/.local/lib/python3.8/site-packages/airflow/example_dags/example_short_circuit_operator.py took 0.072 seconds
[2025-08-14T17:57:37.797+0000] {processor.py:161} INFO - Started process (PID=2369) to work on /home/airflow/.local/lib/python3.8/site-packages/airflow/example_dags/example_short_circuit_operator.py
[2025-08-14T17:57:37.797+0000] {processor.py:830} INFO - Processing file /home/airflow/.local/lib/python3.8/site-packages/airflow/example_dags/example_short_circuit_operator.py for tasks to queue
[2025-08-14T17:57:37.798+0000] {logging_mixin.py:188} INFO - [2025-08-14T17:57:37.798+0000] {dagbag.py:540} INFO - Filling up the DagBag from /home/airflow/.local/lib/python3.8/site-packages/airflow/example_dags/example_short_circuit_operator.py
[2025-08-14T17:57:37.801+0000] {processor.py:840} INFO - DAG(s) 'example_short_circuit_operator' retrieved from /home/airflow/.local/lib/python3.8/site-packages/airflow/example_dags/example_short_circuit_operator.py
[2025-08-14T17:57:37.813+0000] {logging_mixin.py:188} INFO - [2025-08-14T17:57:37.813+0000] {dag.py:3047} INFO - Sync 1 DAGs
[2025-08-14T17:57:37.822+0000] {logging_mixin.py:188} INFO - [2025-08-14T17:57:37.822+0000] {dag.py:3834} INFO - Setting next_dagrun for example_short_circuit_operator to 2025-08-13 00:00:00+00:00, run_after=2025-08-14 00:00:00+00:00
[2025-08-14T17:57:37.832+0000] {processor.py:183} INFO - Processing /home/airflow/.local/lib/python3.8/site-packages/airflow/example_dags/example_short_circuit_operator.py took 0.037 seconds
[2025-08-14T17:58:08.425+0000] {processor.py:161} INFO - Started process (PID=2425) to work on /home/airflow/.local/lib/python3.8/site-packages/airflow/example_dags/example_short_circuit_operator.py
[2025-08-14T17:58:08.426+0000] {processor.py:830} INFO - Processing file /home/airflow/.local/lib/python3.8/site-packages/airflow/example_dags/example_short_circuit_operator.py for tasks to queue
[2025-08-14T17:58:08.427+0000] {logging_mixin.py:188} INFO - [2025-08-14T17:58:08.427+0000] {dagbag.py:540} INFO - Filling up the DagBag from /home/airflow/.local/lib/python3.8/site-packages/airflow/example_dags/example_short_circuit_operator.py
[2025-08-14T17:58:08.431+0000] {processor.py:840} INFO - DAG(s) 'example_short_circuit_operator' retrieved from /home/airflow/.local/lib/python3.8/site-packages/airflow/example_dags/example_short_circuit_operator.py
[2025-08-14T17:58:08.442+0000] {logging_mixin.py:188} INFO - [2025-08-14T17:58:08.442+0000] {dag.py:3047} INFO - Sync 1 DAGs
[2025-08-14T17:58:08.452+0000] {logging_mixin.py:188} INFO - [2025-08-14T17:58:08.452+0000] {dag.py:3834} INFO - Setting next_dagrun for example_short_circuit_operator to 2025-08-13 00:00:00+00:00, run_after=2025-08-14 00:00:00+00:00
[2025-08-14T17:58:08.460+0000] {processor.py:183} INFO - Processing /home/airflow/.local/lib/python3.8/site-packages/airflow/example_dags/example_short_circuit_operator.py took 0.036 seconds
[2025-08-14T17:58:39.328+0000] {processor.py:161} INFO - Started process (PID=2482) to work on /home/airflow/.local/lib/python3.8/site-packages/airflow/example_dags/example_short_circuit_operator.py
[2025-08-14T17:58:39.329+0000] {processor.py:830} INFO - Processing file /home/airflow/.local/lib/python3.8/site-packages/airflow/example_dags/example_short_circuit_operator.py for tasks to queue
[2025-08-14T17:58:39.330+0000] {logging_mixin.py:188} INFO - [2025-08-14T17:58:39.330+0000] {dagbag.py:540} INFO - Filling up the DagBag from /home/airflow/.local/lib/python3.8/site-packages/airflow/example_dags/example_short_circuit_operator.py
[2025-08-14T17:58:39.335+0000] {processor.py:840} INFO - DAG(s) 'example_short_circuit_operator' retrieved from /home/airflow/.local/lib/python3.8/site-packages/airflow/example_dags/example_short_circuit_operator.py
[2025-08-14T17:58:39.348+0000] {logging_mixin.py:188} INFO - [2025-08-14T17:58:39.348+0000] {dag.py:3047} INFO - Sync 1 DAGs
[2025-08-14T17:58:39.360+0000] {logging_mixin.py:188} INFO - [2025-08-14T17:58:39.359+0000] {dag.py:3834} INFO - Setting next_dagrun for example_short_circuit_operator to 2025-08-13 00:00:00+00:00, run_after=2025-08-14 00:00:00+00:00
[2025-08-14T17:58:39.368+0000] {processor.py:183} INFO - Processing /home/airflow/.local/lib/python3.8/site-packages/airflow/example_dags/example_short_circuit_operator.py took 0.043 seconds
[2025-08-14T17:59:09.796+0000] {processor.py:161} INFO - Started process (PID=2538) to work on /home/airflow/.local/lib/python3.8/site-packages/airflow/example_dags/example_short_circuit_operator.py
[2025-08-14T17:59:09.797+0000] {processor.py:830} INFO - Processing file /home/airflow/.local/lib/python3.8/site-packages/airflow/example_dags/example_short_circuit_operator.py for tasks to queue
[2025-08-14T17:59:09.798+0000] {logging_mixin.py:188} INFO - [2025-08-14T17:59:09.798+0000] {dagbag.py:540} INFO - Filling up the DagBag from /home/airflow/.local/lib/python3.8/site-packages/airflow/example_dags/example_short_circuit_operator.py
[2025-08-14T17:59:09.804+0000] {processor.py:840} INFO - DAG(s) 'example_short_circuit_operator' retrieved from /home/airflow/.local/lib/python3.8/site-packages/airflow/example_dags/example_short_circuit_operator.py
[2025-08-14T17:59:09.822+0000] {logging_mixin.py:188} INFO - [2025-08-14T17:59:09.822+0000] {dag.py:3047} INFO - Sync 1 DAGs
[2025-08-14T17:59:09.835+0000] {logging_mixin.py:188} INFO - [2025-08-14T17:59:09.834+0000] {dag.py:3834} INFO - Setting next_dagrun for example_short_circuit_operator to 2025-08-13 00:00:00+00:00, run_after=2025-08-14 00:00:00+00:00
[2025-08-14T17:59:09.844+0000] {processor.py:183} INFO - Processing /home/airflow/.local/lib/python3.8/site-packages/airflow/example_dags/example_short_circuit_operator.py took 0.049 seconds
[2025-08-14T17:59:40.053+0000] {processor.py:161} INFO - Started process (PID=2594) to work on /home/airflow/.local/lib/python3.8/site-packages/airflow/example_dags/example_short_circuit_operator.py
[2025-08-14T17:59:40.054+0000] {processor.py:830} INFO - Processing file /home/airflow/.local/lib/python3.8/site-packages/airflow/example_dags/example_short_circuit_operator.py for tasks to queue
[2025-08-14T17:59:40.057+0000] {logging_mixin.py:188} INFO - [2025-08-14T17:59:40.056+0000] {dagbag.py:540} INFO - Filling up the DagBag from /home/airflow/.local/lib/python3.8/site-packages/airflow/example_dags/example_short_circuit_operator.py
[2025-08-14T17:59:40.064+0000] {processor.py:840} INFO - DAG(s) 'example_short_circuit_operator' retrieved from /home/airflow/.local/lib/python3.8/site-packages/airflow/example_dags/example_short_circuit_operator.py
[2025-08-14T17:59:40.083+0000] {logging_mixin.py:188} INFO - [2025-08-14T17:59:40.083+0000] {dag.py:3047} INFO - Sync 1 DAGs
[2025-08-14T17:59:40.098+0000] {logging_mixin.py:188} INFO - [2025-08-14T17:59:40.098+0000] {dag.py:3834} INFO - Setting next_dagrun for example_short_circuit_operator to 2025-08-13 00:00:00+00:00, run_after=2025-08-14 00:00:00+00:00
[2025-08-14T17:59:40.110+0000] {processor.py:183} INFO - Processing /home/airflow/.local/lib/python3.8/site-packages/airflow/example_dags/example_short_circuit_operator.py took 0.059 seconds
[2025-08-14T18:00:10.524+0000] {processor.py:161} INFO - Started process (PID=2649) to work on /home/airflow/.local/lib/python3.8/site-packages/airflow/example_dags/example_short_circuit_operator.py
[2025-08-14T18:00:10.525+0000] {processor.py:830} INFO - Processing file /home/airflow/.local/lib/python3.8/site-packages/airflow/example_dags/example_short_circuit_operator.py for tasks to queue
[2025-08-14T18:00:10.526+0000] {logging_mixin.py:188} INFO - [2025-08-14T18:00:10.526+0000] {dagbag.py:540} INFO - Filling up the DagBag from /home/airflow/.local/lib/python3.8/site-packages/airflow/example_dags/example_short_circuit_operator.py
[2025-08-14T18:00:10.530+0000] {processor.py:840} INFO - DAG(s) 'example_short_circuit_operator' retrieved from /home/airflow/.local/lib/python3.8/site-packages/airflow/example_dags/example_short_circuit_operator.py
[2025-08-14T18:00:10.544+0000] {logging_mixin.py:188} INFO - [2025-08-14T18:00:10.544+0000] {dag.py:3047} INFO - Sync 1 DAGs
[2025-08-14T18:00:10.556+0000] {logging_mixin.py:188} INFO - [2025-08-14T18:00:10.556+0000] {dag.py:3834} INFO - Setting next_dagrun for example_short_circuit_operator to 2025-08-13 00:00:00+00:00, run_after=2025-08-14 00:00:00+00:00
[2025-08-14T18:00:10.569+0000] {processor.py:183} INFO - Processing /home/airflow/.local/lib/python3.8/site-packages/airflow/example_dags/example_short_circuit_operator.py took 0.046 seconds
[2025-08-14T18:00:40.740+0000] {processor.py:161} INFO - Started process (PID=2705) to work on /home/airflow/.local/lib/python3.8/site-packages/airflow/example_dags/example_short_circuit_operator.py
[2025-08-14T18:00:40.741+0000] {processor.py:830} INFO - Processing file /home/airflow/.local/lib/python3.8/site-packages/airflow/example_dags/example_short_circuit_operator.py for tasks to queue
[2025-08-14T18:00:40.742+0000] {logging_mixin.py:188} INFO - [2025-08-14T18:00:40.742+0000] {dagbag.py:540} INFO - Filling up the DagBag from /home/airflow/.local/lib/python3.8/site-packages/airflow/example_dags/example_short_circuit_operator.py
[2025-08-14T18:00:40.746+0000] {processor.py:840} INFO - DAG(s) 'example_short_circuit_operator' retrieved from /home/airflow/.local/lib/python3.8/site-packages/airflow/example_dags/example_short_circuit_operator.py
[2025-08-14T18:00:40.765+0000] {logging_mixin.py:188} INFO - [2025-08-14T18:00:40.765+0000] {dag.py:3047} INFO - Sync 1 DAGs
[2025-08-14T18:00:40.781+0000] {logging_mixin.py:188} INFO - [2025-08-14T18:00:40.781+0000] {dag.py:3834} INFO - Setting next_dagrun for example_short_circuit_operator to 2025-08-13 00:00:00+00:00, run_after=2025-08-14 00:00:00+00:00
[2025-08-14T18:00:40.795+0000] {processor.py:183} INFO - Processing /home/airflow/.local/lib/python3.8/site-packages/airflow/example_dags/example_short_circuit_operator.py took 0.057 seconds
[2025-08-14T18:01:11.014+0000] {processor.py:161} INFO - Started process (PID=2761) to work on /home/airflow/.local/lib/python3.8/site-packages/airflow/example_dags/example_short_circuit_operator.py
[2025-08-14T18:01:11.015+0000] {processor.py:830} INFO - Processing file /home/airflow/.local/lib/python3.8/site-packages/airflow/example_dags/example_short_circuit_operator.py for tasks to queue
[2025-08-14T18:01:11.016+0000] {logging_mixin.py:188} INFO - [2025-08-14T18:01:11.016+0000] {dagbag.py:540} INFO - Filling up the DagBag from /home/airflow/.local/lib/python3.8/site-packages/airflow/example_dags/example_short_circuit_operator.py
[2025-08-14T18:01:11.022+0000] {processor.py:840} INFO - DAG(s) 'example_short_circuit_operator' retrieved from /home/airflow/.local/lib/python3.8/site-packages/airflow/example_dags/example_short_circuit_operator.py
[2025-08-14T18:01:11.040+0000] {logging_mixin.py:188} INFO - [2025-08-14T18:01:11.039+0000] {dag.py:3047} INFO - Sync 1 DAGs
[2025-08-14T18:01:11.055+0000] {logging_mixin.py:188} INFO - [2025-08-14T18:01:11.055+0000] {dag.py:3834} INFO - Setting next_dagrun for example_short_circuit_operator to 2025-08-13 00:00:00+00:00, run_after=2025-08-14 00:00:00+00:00
[2025-08-14T18:01:11.067+0000] {processor.py:183} INFO - Processing /home/airflow/.local/lib/python3.8/site-packages/airflow/example_dags/example_short_circuit_operator.py took 0.056 seconds
[2025-08-14T18:01:41.687+0000] {processor.py:161} INFO - Started process (PID=2817) to work on /home/airflow/.local/lib/python3.8/site-packages/airflow/example_dags/example_short_circuit_operator.py
[2025-08-14T18:01:41.689+0000] {processor.py:830} INFO - Processing file /home/airflow/.local/lib/python3.8/site-packages/airflow/example_dags/example_short_circuit_operator.py for tasks to queue
[2025-08-14T18:01:41.690+0000] {logging_mixin.py:188} INFO - [2025-08-14T18:01:41.690+0000] {dagbag.py:540} INFO - Filling up the DagBag from /home/airflow/.local/lib/python3.8/site-packages/airflow/example_dags/example_short_circuit_operator.py
[2025-08-14T18:01:41.695+0000] {processor.py:840} INFO - DAG(s) 'example_short_circuit_operator' retrieved from /home/airflow/.local/lib/python3.8/site-packages/airflow/example_dags/example_short_circuit_operator.py
[2025-08-14T18:01:41.709+0000] {logging_mixin.py:188} INFO - [2025-08-14T18:01:41.708+0000] {dag.py:3047} INFO - Sync 1 DAGs
[2025-08-14T18:01:41.721+0000] {logging_mixin.py:188} INFO - [2025-08-14T18:01:41.720+0000] {dag.py:3834} INFO - Setting next_dagrun for example_short_circuit_operator to 2025-08-13 00:00:00+00:00, run_after=2025-08-14 00:00:00+00:00
[2025-08-14T18:01:41.730+0000] {processor.py:183} INFO - Processing /home/airflow/.local/lib/python3.8/site-packages/airflow/example_dags/example_short_circuit_operator.py took 0.044 seconds
[2025-08-14T18:02:12.198+0000] {processor.py:161} INFO - Started process (PID=2873) to work on /home/airflow/.local/lib/python3.8/site-packages/airflow/example_dags/example_short_circuit_operator.py
[2025-08-14T18:02:12.200+0000] {processor.py:830} INFO - Processing file /home/airflow/.local/lib/python3.8/site-packages/airflow/example_dags/example_short_circuit_operator.py for tasks to queue
[2025-08-14T18:02:12.203+0000] {logging_mixin.py:188} INFO - [2025-08-14T18:02:12.202+0000] {dagbag.py:540} INFO - Filling up the DagBag from /home/airflow/.local/lib/python3.8/site-packages/airflow/example_dags/example_short_circuit_operator.py
[2025-08-14T18:02:12.208+0000] {processor.py:840} INFO - DAG(s) 'example_short_circuit_operator' retrieved from /home/airflow/.local/lib/python3.8/site-packages/airflow/example_dags/example_short_circuit_operator.py
[2025-08-14T18:02:12.231+0000] {logging_mixin.py:188} INFO - [2025-08-14T18:02:12.231+0000] {dag.py:3047} INFO - Sync 1 DAGs
[2025-08-14T18:02:12.246+0000] {logging_mixin.py:188} INFO - [2025-08-14T18:02:12.246+0000] {dag.py:3834} INFO - Setting next_dagrun for example_short_circuit_operator to 2025-08-13 00:00:00+00:00, run_after=2025-08-14 00:00:00+00:00
[2025-08-14T18:02:12.258+0000] {processor.py:183} INFO - Processing /home/airflow/.local/lib/python3.8/site-packages/airflow/example_dags/example_short_circuit_operator.py took 0.062 seconds
[2025-08-14T18:02:42.656+0000] {processor.py:161} INFO - Started process (PID=2929) to work on /home/airflow/.local/lib/python3.8/site-packages/airflow/example_dags/example_short_circuit_operator.py
[2025-08-14T18:02:42.658+0000] {processor.py:830} INFO - Processing file /home/airflow/.local/lib/python3.8/site-packages/airflow/example_dags/example_short_circuit_operator.py for tasks to queue
[2025-08-14T18:02:42.662+0000] {logging_mixin.py:188} INFO - [2025-08-14T18:02:42.662+0000] {dagbag.py:540} INFO - Filling up the DagBag from /home/airflow/.local/lib/python3.8/site-packages/airflow/example_dags/example_short_circuit_operator.py
[2025-08-14T18:02:42.672+0000] {processor.py:840} INFO - DAG(s) 'example_short_circuit_operator' retrieved from /home/airflow/.local/lib/python3.8/site-packages/airflow/example_dags/example_short_circuit_operator.py
[2025-08-14T18:02:42.741+0000] {logging_mixin.py:188} INFO - [2025-08-14T18:02:42.739+0000] {dag.py:3047} INFO - Sync 1 DAGs
[2025-08-14T18:02:42.792+0000] {logging_mixin.py:188} INFO - [2025-08-14T18:02:42.792+0000] {dag.py:3834} INFO - Setting next_dagrun for example_short_circuit_operator to 2025-08-13 00:00:00+00:00, run_after=2025-08-14 00:00:00+00:00
[2025-08-14T18:02:42.807+0000] {processor.py:183} INFO - Processing /home/airflow/.local/lib/python3.8/site-packages/airflow/example_dags/example_short_circuit_operator.py took 0.155 seconds
[2025-08-14T18:03:12.999+0000] {processor.py:161} INFO - Started process (PID=2983) to work on /home/airflow/.local/lib/python3.8/site-packages/airflow/example_dags/example_short_circuit_operator.py
[2025-08-14T18:03:12.999+0000] {processor.py:830} INFO - Processing file /home/airflow/.local/lib/python3.8/site-packages/airflow/example_dags/example_short_circuit_operator.py for tasks to queue
[2025-08-14T18:03:13.000+0000] {logging_mixin.py:188} INFO - [2025-08-14T18:03:13.000+0000] {dagbag.py:540} INFO - Filling up the DagBag from /home/airflow/.local/lib/python3.8/site-packages/airflow/example_dags/example_short_circuit_operator.py
[2025-08-14T18:03:13.004+0000] {processor.py:840} INFO - DAG(s) 'example_short_circuit_operator' retrieved from /home/airflow/.local/lib/python3.8/site-packages/airflow/example_dags/example_short_circuit_operator.py
[2025-08-14T18:03:13.016+0000] {logging_mixin.py:188} INFO - [2025-08-14T18:03:13.016+0000] {dag.py:3047} INFO - Sync 1 DAGs
[2025-08-14T18:03:13.028+0000] {logging_mixin.py:188} INFO - [2025-08-14T18:03:13.028+0000] {dag.py:3834} INFO - Setting next_dagrun for example_short_circuit_operator to 2025-08-13 00:00:00+00:00, run_after=2025-08-14 00:00:00+00:00
[2025-08-14T18:03:13.037+0000] {processor.py:183} INFO - Processing /home/airflow/.local/lib/python3.8/site-packages/airflow/example_dags/example_short_circuit_operator.py took 0.040 seconds
[2025-08-14T18:03:43.847+0000] {processor.py:161} INFO - Started process (PID=3039) to work on /home/airflow/.local/lib/python3.8/site-packages/airflow/example_dags/example_short_circuit_operator.py
[2025-08-14T18:03:43.848+0000] {processor.py:830} INFO - Processing file /home/airflow/.local/lib/python3.8/site-packages/airflow/example_dags/example_short_circuit_operator.py for tasks to queue
[2025-08-14T18:03:43.849+0000] {logging_mixin.py:188} INFO - [2025-08-14T18:03:43.849+0000] {dagbag.py:540} INFO - Filling up the DagBag from /home/airflow/.local/lib/python3.8/site-packages/airflow/example_dags/example_short_circuit_operator.py
[2025-08-14T18:03:43.854+0000] {processor.py:840} INFO - DAG(s) 'example_short_circuit_operator' retrieved from /home/airflow/.local/lib/python3.8/site-packages/airflow/example_dags/example_short_circuit_operator.py
[2025-08-14T18:03:43.870+0000] {logging_mixin.py:188} INFO - [2025-08-14T18:03:43.870+0000] {dag.py:3047} INFO - Sync 1 DAGs
[2025-08-14T18:03:43.883+0000] {logging_mixin.py:188} INFO - [2025-08-14T18:03:43.882+0000] {dag.py:3834} INFO - Setting next_dagrun for example_short_circuit_operator to 2025-08-13 00:00:00+00:00, run_after=2025-08-14 00:00:00+00:00
[2025-08-14T18:03:43.894+0000] {processor.py:183} INFO - Processing /home/airflow/.local/lib/python3.8/site-packages/airflow/example_dags/example_short_circuit_operator.py took 0.049 seconds
[2025-08-14T18:04:14.831+0000] {processor.py:161} INFO - Started process (PID=3095) to work on /home/airflow/.local/lib/python3.8/site-packages/airflow/example_dags/example_short_circuit_operator.py
[2025-08-14T18:04:14.832+0000] {processor.py:830} INFO - Processing file /home/airflow/.local/lib/python3.8/site-packages/airflow/example_dags/example_short_circuit_operator.py for tasks to queue
[2025-08-14T18:04:14.834+0000] {logging_mixin.py:188} INFO - [2025-08-14T18:04:14.834+0000] {dagbag.py:540} INFO - Filling up the DagBag from /home/airflow/.local/lib/python3.8/site-packages/airflow/example_dags/example_short_circuit_operator.py
[2025-08-14T18:04:14.839+0000] {processor.py:840} INFO - DAG(s) 'example_short_circuit_operator' retrieved from /home/airflow/.local/lib/python3.8/site-packages/airflow/example_dags/example_short_circuit_operator.py
[2025-08-14T18:04:14.853+0000] {logging_mixin.py:188} INFO - [2025-08-14T18:04:14.853+0000] {dag.py:3047} INFO - Sync 1 DAGs
[2025-08-14T18:04:14.865+0000] {logging_mixin.py:188} INFO - [2025-08-14T18:04:14.865+0000] {dag.py:3834} INFO - Setting next_dagrun for example_short_circuit_operator to 2025-08-13 00:00:00+00:00, run_after=2025-08-14 00:00:00+00:00
[2025-08-14T18:04:14.879+0000] {processor.py:183} INFO - Processing /home/airflow/.local/lib/python3.8/site-packages/airflow/example_dags/example_short_circuit_operator.py took 0.050 seconds
[2025-08-14T18:04:46.346+0000] {processor.py:161} INFO - Started process (PID=3151) to work on /home/airflow/.local/lib/python3.8/site-packages/airflow/example_dags/example_short_circuit_operator.py
[2025-08-14T18:04:46.348+0000] {processor.py:830} INFO - Processing file /home/airflow/.local/lib/python3.8/site-packages/airflow/example_dags/example_short_circuit_operator.py for tasks to queue
[2025-08-14T18:04:46.349+0000] {logging_mixin.py:188} INFO - [2025-08-14T18:04:46.349+0000] {dagbag.py:540} INFO - Filling up the DagBag from /home/airflow/.local/lib/python3.8/site-packages/airflow/example_dags/example_short_circuit_operator.py
[2025-08-14T18:04:46.356+0000] {processor.py:840} INFO - DAG(s) 'example_short_circuit_operator' retrieved from /home/airflow/.local/lib/python3.8/site-packages/airflow/example_dags/example_short_circuit_operator.py
[2025-08-14T18:04:46.376+0000] {logging_mixin.py:188} INFO - [2025-08-14T18:04:46.375+0000] {dag.py:3047} INFO - Sync 1 DAGs
[2025-08-14T18:04:46.394+0000] {logging_mixin.py:188} INFO - [2025-08-14T18:04:46.394+0000] {dag.py:3834} INFO - Setting next_dagrun for example_short_circuit_operator to 2025-08-13 00:00:00+00:00, run_after=2025-08-14 00:00:00+00:00
[2025-08-14T18:04:46.419+0000] {processor.py:183} INFO - Processing /home/airflow/.local/lib/python3.8/site-packages/airflow/example_dags/example_short_circuit_operator.py took 0.075 seconds
[2025-08-14T18:05:17.215+0000] {processor.py:161} INFO - Started process (PID=3207) to work on /home/airflow/.local/lib/python3.8/site-packages/airflow/example_dags/example_short_circuit_operator.py
[2025-08-14T18:05:17.216+0000] {processor.py:830} INFO - Processing file /home/airflow/.local/lib/python3.8/site-packages/airflow/example_dags/example_short_circuit_operator.py for tasks to queue
[2025-08-14T18:05:17.218+0000] {logging_mixin.py:188} INFO - [2025-08-14T18:05:17.217+0000] {dagbag.py:540} INFO - Filling up the DagBag from /home/airflow/.local/lib/python3.8/site-packages/airflow/example_dags/example_short_circuit_operator.py
[2025-08-14T18:05:17.224+0000] {processor.py:840} INFO - DAG(s) 'example_short_circuit_operator' retrieved from /home/airflow/.local/lib/python3.8/site-packages/airflow/example_dags/example_short_circuit_operator.py
[2025-08-14T18:05:17.244+0000] {logging_mixin.py:188} INFO - [2025-08-14T18:05:17.244+0000] {dag.py:3047} INFO - Sync 1 DAGs
[2025-08-14T18:05:17.259+0000] {logging_mixin.py:188} INFO - [2025-08-14T18:05:17.259+0000] {dag.py:3834} INFO - Setting next_dagrun for example_short_circuit_operator to 2025-08-13 00:00:00+00:00, run_after=2025-08-14 00:00:00+00:00
[2025-08-14T18:05:17.276+0000] {processor.py:183} INFO - Processing /home/airflow/.local/lib/python3.8/site-packages/airflow/example_dags/example_short_circuit_operator.py took 0.063 seconds
[2025-08-14T18:05:48.329+0000] {processor.py:161} INFO - Started process (PID=3263) to work on /home/airflow/.local/lib/python3.8/site-packages/airflow/example_dags/example_short_circuit_operator.py
[2025-08-14T18:05:48.330+0000] {processor.py:830} INFO - Processing file /home/airflow/.local/lib/python3.8/site-packages/airflow/example_dags/example_short_circuit_operator.py for tasks to queue
[2025-08-14T18:05:48.332+0000] {logging_mixin.py:188} INFO - [2025-08-14T18:05:48.332+0000] {dagbag.py:540} INFO - Filling up the DagBag from /home/airflow/.local/lib/python3.8/site-packages/airflow/example_dags/example_short_circuit_operator.py
[2025-08-14T18:05:48.340+0000] {processor.py:840} INFO - DAG(s) 'example_short_circuit_operator' retrieved from /home/airflow/.local/lib/python3.8/site-packages/airflow/example_dags/example_short_circuit_operator.py
[2025-08-14T18:05:48.367+0000] {logging_mixin.py:188} INFO - [2025-08-14T18:05:48.367+0000] {dag.py:3047} INFO - Sync 1 DAGs
[2025-08-14T18:05:48.386+0000] {logging_mixin.py:188} INFO - [2025-08-14T18:05:48.386+0000] {dag.py:3834} INFO - Setting next_dagrun for example_short_circuit_operator to 2025-08-13 00:00:00+00:00, run_after=2025-08-14 00:00:00+00:00
[2025-08-14T18:05:48.403+0000] {processor.py:183} INFO - Processing /home/airflow/.local/lib/python3.8/site-packages/airflow/example_dags/example_short_circuit_operator.py took 0.083 seconds
