[2025-08-14T17:36:41.705+0000] {processor.py:161} INFO - Started process (PID=46) to work on /home/airflow/.local/lib/python3.8/site-packages/airflow/example_dags/example_branch_labels.py
[2025-08-14T17:36:41.709+0000] {processor.py:830} INFO - Processing file /home/airflow/.local/lib/python3.8/site-packages/airflow/example_dags/example_branch_labels.py for tasks to queue
[2025-08-14T17:36:41.714+0000] {logging_mixin.py:188} INFO - [2025-08-14T17:36:41.713+0000] {dagbag.py:540} INFO - Filling up the DagBag from /home/airflow/.local/lib/python3.8/site-packages/airflow/example_dags/example_branch_labels.py
[2025-08-14T17:36:41.761+0000] {processor.py:840} INFO - DAG(s) 'example_branch_labels' retrieved from /home/airflow/.local/lib/python3.8/site-packages/airflow/example_dags/example_branch_labels.py
[2025-08-14T17:36:41.821+0000] {logging_mixin.py:188} INFO - [2025-08-14T17:36:41.820+0000] {dag.py:3047} INFO - Sync 1 DAGs
[2025-08-14T17:36:41.878+0000] {logging_mixin.py:188} INFO - [2025-08-14T17:36:41.878+0000] {dag.py:3834} INFO - Setting next_dagrun for example_branch_labels to 2025-08-13 00:00:00+00:00, run_after=2025-08-14 00:00:00+00:00
[2025-08-14T17:36:41.932+0000] {processor.py:183} INFO - Processing /home/airflow/.local/lib/python3.8/site-packages/airflow/example_dags/example_branch_labels.py took 0.235 seconds
[2025-08-14T17:37:12.129+0000] {processor.py:161} INFO - Started process (PID=105) to work on /home/airflow/.local/lib/python3.8/site-packages/airflow/example_dags/example_branch_labels.py
[2025-08-14T17:37:12.131+0000] {processor.py:830} INFO - Processing file /home/airflow/.local/lib/python3.8/site-packages/airflow/example_dags/example_branch_labels.py for tasks to queue
[2025-08-14T17:37:12.136+0000] {logging_mixin.py:188} INFO - [2025-08-14T17:37:12.135+0000] {dagbag.py:540} INFO - Filling up the DagBag from /home/airflow/.local/lib/python3.8/site-packages/airflow/example_dags/example_branch_labels.py
[2025-08-14T17:37:12.153+0000] {processor.py:840} INFO - DAG(s) 'example_branch_labels' retrieved from /home/airflow/.local/lib/python3.8/site-packages/airflow/example_dags/example_branch_labels.py
[2025-08-14T17:37:12.247+0000] {logging_mixin.py:188} INFO - [2025-08-14T17:37:12.247+0000] {dag.py:3047} INFO - Sync 1 DAGs
[2025-08-14T17:37:12.259+0000] {logging_mixin.py:188} INFO - [2025-08-14T17:37:12.259+0000] {dag.py:3834} INFO - Setting next_dagrun for example_branch_labels to 2025-08-13 00:00:00+00:00, run_after=2025-08-14 00:00:00+00:00
[2025-08-14T17:37:12.268+0000] {processor.py:183} INFO - Processing /home/airflow/.local/lib/python3.8/site-packages/airflow/example_dags/example_branch_labels.py took 0.143 seconds
[2025-08-14T17:37:42.442+0000] {processor.py:161} INFO - Started process (PID=161) to work on /home/airflow/.local/lib/python3.8/site-packages/airflow/example_dags/example_branch_labels.py
[2025-08-14T17:37:42.443+0000] {processor.py:830} INFO - Processing file /home/airflow/.local/lib/python3.8/site-packages/airflow/example_dags/example_branch_labels.py for tasks to queue
[2025-08-14T17:37:42.449+0000] {logging_mixin.py:188} INFO - [2025-08-14T17:37:42.449+0000] {dagbag.py:540} INFO - Filling up the DagBag from /home/airflow/.local/lib/python3.8/site-packages/airflow/example_dags/example_branch_labels.py
[2025-08-14T17:37:42.467+0000] {processor.py:840} INFO - DAG(s) 'example_branch_labels' retrieved from /home/airflow/.local/lib/python3.8/site-packages/airflow/example_dags/example_branch_labels.py
[2025-08-14T17:37:42.512+0000] {logging_mixin.py:188} INFO - [2025-08-14T17:37:42.511+0000] {dag.py:3047} INFO - Sync 1 DAGs
[2025-08-14T17:37:42.537+0000] {logging_mixin.py:188} INFO - [2025-08-14T17:37:42.537+0000] {dag.py:3834} INFO - Setting next_dagrun for example_branch_labels to 2025-08-13 00:00:00+00:00, run_after=2025-08-14 00:00:00+00:00
[2025-08-14T17:37:42.552+0000] {processor.py:183} INFO - Processing /home/airflow/.local/lib/python3.8/site-packages/airflow/example_dags/example_branch_labels.py took 0.117 seconds
[2025-08-14T17:38:13.070+0000] {processor.py:161} INFO - Started process (PID=217) to work on /home/airflow/.local/lib/python3.8/site-packages/airflow/example_dags/example_branch_labels.py
[2025-08-14T17:38:13.074+0000] {processor.py:830} INFO - Processing file /home/airflow/.local/lib/python3.8/site-packages/airflow/example_dags/example_branch_labels.py for tasks to queue
[2025-08-14T17:38:13.079+0000] {logging_mixin.py:188} INFO - [2025-08-14T17:38:13.078+0000] {dagbag.py:540} INFO - Filling up the DagBag from /home/airflow/.local/lib/python3.8/site-packages/airflow/example_dags/example_branch_labels.py
[2025-08-14T17:38:13.093+0000] {processor.py:840} INFO - DAG(s) 'example_branch_labels' retrieved from /home/airflow/.local/lib/python3.8/site-packages/airflow/example_dags/example_branch_labels.py
[2025-08-14T17:38:13.117+0000] {logging_mixin.py:188} INFO - [2025-08-14T17:38:13.117+0000] {dag.py:3047} INFO - Sync 1 DAGs
[2025-08-14T17:38:13.151+0000] {logging_mixin.py:188} INFO - [2025-08-14T17:38:13.151+0000] {dag.py:3834} INFO - Setting next_dagrun for example_branch_labels to 2025-08-13 00:00:00+00:00, run_after=2025-08-14 00:00:00+00:00
[2025-08-14T17:38:13.168+0000] {processor.py:183} INFO - Processing /home/airflow/.local/lib/python3.8/site-packages/airflow/example_dags/example_branch_labels.py took 0.104 seconds
[2025-08-14T17:38:43.670+0000] {processor.py:161} INFO - Started process (PID=273) to work on /home/airflow/.local/lib/python3.8/site-packages/airflow/example_dags/example_branch_labels.py
[2025-08-14T17:38:43.671+0000] {processor.py:830} INFO - Processing file /home/airflow/.local/lib/python3.8/site-packages/airflow/example_dags/example_branch_labels.py for tasks to queue
[2025-08-14T17:38:43.682+0000] {logging_mixin.py:188} INFO - [2025-08-14T17:38:43.682+0000] {dagbag.py:540} INFO - Filling up the DagBag from /home/airflow/.local/lib/python3.8/site-packages/airflow/example_dags/example_branch_labels.py
[2025-08-14T17:38:43.695+0000] {processor.py:840} INFO - DAG(s) 'example_branch_labels' retrieved from /home/airflow/.local/lib/python3.8/site-packages/airflow/example_dags/example_branch_labels.py
[2025-08-14T17:38:43.719+0000] {logging_mixin.py:188} INFO - [2025-08-14T17:38:43.719+0000] {dag.py:3047} INFO - Sync 1 DAGs
[2025-08-14T17:38:43.733+0000] {logging_mixin.py:188} INFO - [2025-08-14T17:38:43.733+0000] {dag.py:3834} INFO - Setting next_dagrun for example_branch_labels to 2025-08-13 00:00:00+00:00, run_after=2025-08-14 00:00:00+00:00
[2025-08-14T17:38:43.742+0000] {processor.py:183} INFO - Processing /home/airflow/.local/lib/python3.8/site-packages/airflow/example_dags/example_branch_labels.py took 0.081 seconds
[2025-08-14T17:39:13.953+0000] {processor.py:161} INFO - Started process (PID=330) to work on /home/airflow/.local/lib/python3.8/site-packages/airflow/example_dags/example_branch_labels.py
[2025-08-14T17:39:13.954+0000] {processor.py:830} INFO - Processing file /home/airflow/.local/lib/python3.8/site-packages/airflow/example_dags/example_branch_labels.py for tasks to queue
[2025-08-14T17:39:13.957+0000] {logging_mixin.py:188} INFO - [2025-08-14T17:39:13.957+0000] {dagbag.py:540} INFO - Filling up the DagBag from /home/airflow/.local/lib/python3.8/site-packages/airflow/example_dags/example_branch_labels.py
[2025-08-14T17:39:13.968+0000] {processor.py:840} INFO - DAG(s) 'example_branch_labels' retrieved from /home/airflow/.local/lib/python3.8/site-packages/airflow/example_dags/example_branch_labels.py
[2025-08-14T17:39:14.000+0000] {logging_mixin.py:188} INFO - [2025-08-14T17:39:14.000+0000] {dag.py:3047} INFO - Sync 1 DAGs
[2025-08-14T17:39:14.014+0000] {logging_mixin.py:188} INFO - [2025-08-14T17:39:14.014+0000] {dag.py:3834} INFO - Setting next_dagrun for example_branch_labels to 2025-08-13 00:00:00+00:00, run_after=2025-08-14 00:00:00+00:00
[2025-08-14T17:39:14.024+0000] {processor.py:183} INFO - Processing /home/airflow/.local/lib/python3.8/site-packages/airflow/example_dags/example_branch_labels.py took 0.080 seconds
[2025-08-14T17:39:44.468+0000] {processor.py:161} INFO - Started process (PID=386) to work on /home/airflow/.local/lib/python3.8/site-packages/airflow/example_dags/example_branch_labels.py
[2025-08-14T17:39:44.470+0000] {processor.py:830} INFO - Processing file /home/airflow/.local/lib/python3.8/site-packages/airflow/example_dags/example_branch_labels.py for tasks to queue
[2025-08-14T17:39:44.490+0000] {logging_mixin.py:188} INFO - [2025-08-14T17:39:44.483+0000] {dagbag.py:540} INFO - Filling up the DagBag from /home/airflow/.local/lib/python3.8/site-packages/airflow/example_dags/example_branch_labels.py
[2025-08-14T17:39:44.506+0000] {processor.py:840} INFO - DAG(s) 'example_branch_labels' retrieved from /home/airflow/.local/lib/python3.8/site-packages/airflow/example_dags/example_branch_labels.py
[2025-08-14T17:39:44.535+0000] {logging_mixin.py:188} INFO - [2025-08-14T17:39:44.535+0000] {dag.py:3047} INFO - Sync 1 DAGs
[2025-08-14T17:39:44.551+0000] {logging_mixin.py:188} INFO - [2025-08-14T17:39:44.551+0000] {dag.py:3834} INFO - Setting next_dagrun for example_branch_labels to 2025-08-13 00:00:00+00:00, run_after=2025-08-14 00:00:00+00:00
[2025-08-14T17:39:44.561+0000] {processor.py:183} INFO - Processing /home/airflow/.local/lib/python3.8/site-packages/airflow/example_dags/example_branch_labels.py took 0.102 seconds
[2025-08-14T17:40:15.362+0000] {processor.py:161} INFO - Started process (PID=448) to work on /home/airflow/.local/lib/python3.8/site-packages/airflow/example_dags/example_branch_labels.py
[2025-08-14T17:40:15.364+0000] {processor.py:830} INFO - Processing file /home/airflow/.local/lib/python3.8/site-packages/airflow/example_dags/example_branch_labels.py for tasks to queue
[2025-08-14T17:40:15.367+0000] {logging_mixin.py:188} INFO - [2025-08-14T17:40:15.366+0000] {dagbag.py:540} INFO - Filling up the DagBag from /home/airflow/.local/lib/python3.8/site-packages/airflow/example_dags/example_branch_labels.py
[2025-08-14T17:40:15.379+0000] {processor.py:840} INFO - DAG(s) 'example_branch_labels' retrieved from /home/airflow/.local/lib/python3.8/site-packages/airflow/example_dags/example_branch_labels.py
[2025-08-14T17:40:15.415+0000] {logging_mixin.py:188} INFO - [2025-08-14T17:40:15.415+0000] {dag.py:3047} INFO - Sync 1 DAGs
[2025-08-14T17:40:15.429+0000] {logging_mixin.py:188} INFO - [2025-08-14T17:40:15.429+0000] {dag.py:3834} INFO - Setting next_dagrun for example_branch_labels to 2025-08-13 00:00:00+00:00, run_after=2025-08-14 00:00:00+00:00
[2025-08-14T17:40:15.438+0000] {processor.py:183} INFO - Processing /home/airflow/.local/lib/python3.8/site-packages/airflow/example_dags/example_branch_labels.py took 0.092 seconds
[2025-08-14T17:40:46.029+0000] {processor.py:161} INFO - Started process (PID=504) to work on /home/airflow/.local/lib/python3.8/site-packages/airflow/example_dags/example_branch_labels.py
[2025-08-14T17:40:46.031+0000] {processor.py:830} INFO - Processing file /home/airflow/.local/lib/python3.8/site-packages/airflow/example_dags/example_branch_labels.py for tasks to queue
[2025-08-14T17:40:46.035+0000] {logging_mixin.py:188} INFO - [2025-08-14T17:40:46.034+0000] {dagbag.py:540} INFO - Filling up the DagBag from /home/airflow/.local/lib/python3.8/site-packages/airflow/example_dags/example_branch_labels.py
[2025-08-14T17:40:46.047+0000] {processor.py:840} INFO - DAG(s) 'example_branch_labels' retrieved from /home/airflow/.local/lib/python3.8/site-packages/airflow/example_dags/example_branch_labels.py
[2025-08-14T17:40:46.076+0000] {logging_mixin.py:188} INFO - [2025-08-14T17:40:46.076+0000] {dag.py:3047} INFO - Sync 1 DAGs
[2025-08-14T17:40:46.096+0000] {logging_mixin.py:188} INFO - [2025-08-14T17:40:46.096+0000] {dag.py:3834} INFO - Setting next_dagrun for example_branch_labels to 2025-08-13 00:00:00+00:00, run_after=2025-08-14 00:00:00+00:00
[2025-08-14T17:40:46.144+0000] {processor.py:183} INFO - Processing /home/airflow/.local/lib/python3.8/site-packages/airflow/example_dags/example_branch_labels.py took 0.120 seconds
[2025-08-14T17:41:16.507+0000] {processor.py:161} INFO - Started process (PID=560) to work on /home/airflow/.local/lib/python3.8/site-packages/airflow/example_dags/example_branch_labels.py
[2025-08-14T17:41:16.509+0000] {processor.py:830} INFO - Processing file /home/airflow/.local/lib/python3.8/site-packages/airflow/example_dags/example_branch_labels.py for tasks to queue
[2025-08-14T17:41:16.512+0000] {logging_mixin.py:188} INFO - [2025-08-14T17:41:16.511+0000] {dagbag.py:540} INFO - Filling up the DagBag from /home/airflow/.local/lib/python3.8/site-packages/airflow/example_dags/example_branch_labels.py
[2025-08-14T17:41:16.522+0000] {processor.py:840} INFO - DAG(s) 'example_branch_labels' retrieved from /home/airflow/.local/lib/python3.8/site-packages/airflow/example_dags/example_branch_labels.py
[2025-08-14T17:41:16.553+0000] {logging_mixin.py:188} INFO - [2025-08-14T17:41:16.553+0000] {dag.py:3047} INFO - Sync 1 DAGs
[2025-08-14T17:41:16.570+0000] {logging_mixin.py:188} INFO - [2025-08-14T17:41:16.570+0000] {dag.py:3834} INFO - Setting next_dagrun for example_branch_labels to 2025-08-13 00:00:00+00:00, run_after=2025-08-14 00:00:00+00:00
[2025-08-14T17:41:16.584+0000] {processor.py:183} INFO - Processing /home/airflow/.local/lib/python3.8/site-packages/airflow/example_dags/example_branch_labels.py took 0.083 seconds
[2025-08-14T17:41:46.855+0000] {processor.py:161} INFO - Started process (PID=616) to work on /home/airflow/.local/lib/python3.8/site-packages/airflow/example_dags/example_branch_labels.py
[2025-08-14T17:41:46.857+0000] {processor.py:830} INFO - Processing file /home/airflow/.local/lib/python3.8/site-packages/airflow/example_dags/example_branch_labels.py for tasks to queue
[2025-08-14T17:41:46.859+0000] {logging_mixin.py:188} INFO - [2025-08-14T17:41:46.859+0000] {dagbag.py:540} INFO - Filling up the DagBag from /home/airflow/.local/lib/python3.8/site-packages/airflow/example_dags/example_branch_labels.py
[2025-08-14T17:41:46.869+0000] {processor.py:840} INFO - DAG(s) 'example_branch_labels' retrieved from /home/airflow/.local/lib/python3.8/site-packages/airflow/example_dags/example_branch_labels.py
[2025-08-14T17:41:46.908+0000] {logging_mixin.py:188} INFO - [2025-08-14T17:41:46.908+0000] {dag.py:3047} INFO - Sync 1 DAGs
[2025-08-14T17:41:46.929+0000] {logging_mixin.py:188} INFO - [2025-08-14T17:41:46.929+0000] {dag.py:3834} INFO - Setting next_dagrun for example_branch_labels to 2025-08-13 00:00:00+00:00, run_after=2025-08-14 00:00:00+00:00
[2025-08-14T17:41:46.942+0000] {processor.py:183} INFO - Processing /home/airflow/.local/lib/python3.8/site-packages/airflow/example_dags/example_branch_labels.py took 0.093 seconds
[2025-08-14T17:42:17.411+0000] {processor.py:161} INFO - Started process (PID=672) to work on /home/airflow/.local/lib/python3.8/site-packages/airflow/example_dags/example_branch_labels.py
[2025-08-14T17:42:17.413+0000] {processor.py:830} INFO - Processing file /home/airflow/.local/lib/python3.8/site-packages/airflow/example_dags/example_branch_labels.py for tasks to queue
[2025-08-14T17:42:17.421+0000] {logging_mixin.py:188} INFO - [2025-08-14T17:42:17.417+0000] {dagbag.py:540} INFO - Filling up the DagBag from /home/airflow/.local/lib/python3.8/site-packages/airflow/example_dags/example_branch_labels.py
[2025-08-14T17:42:17.450+0000] {processor.py:840} INFO - DAG(s) 'example_branch_labels' retrieved from /home/airflow/.local/lib/python3.8/site-packages/airflow/example_dags/example_branch_labels.py
[2025-08-14T17:42:17.491+0000] {logging_mixin.py:188} INFO - [2025-08-14T17:42:17.491+0000] {dag.py:3047} INFO - Sync 1 DAGs
[2025-08-14T17:42:17.512+0000] {logging_mixin.py:188} INFO - [2025-08-14T17:42:17.511+0000] {dag.py:3834} INFO - Setting next_dagrun for example_branch_labels to 2025-08-13 00:00:00+00:00, run_after=2025-08-14 00:00:00+00:00
[2025-08-14T17:42:17.537+0000] {processor.py:183} INFO - Processing /home/airflow/.local/lib/python3.8/site-packages/airflow/example_dags/example_branch_labels.py took 0.132 seconds
[2025-08-14T17:42:48.026+0000] {processor.py:161} INFO - Started process (PID=728) to work on /home/airflow/.local/lib/python3.8/site-packages/airflow/example_dags/example_branch_labels.py
[2025-08-14T17:42:48.037+0000] {processor.py:830} INFO - Processing file /home/airflow/.local/lib/python3.8/site-packages/airflow/example_dags/example_branch_labels.py for tasks to queue
[2025-08-14T17:42:48.052+0000] {logging_mixin.py:188} INFO - [2025-08-14T17:42:48.050+0000] {dagbag.py:540} INFO - Filling up the DagBag from /home/airflow/.local/lib/python3.8/site-packages/airflow/example_dags/example_branch_labels.py
[2025-08-14T17:42:48.070+0000] {processor.py:840} INFO - DAG(s) 'example_branch_labels' retrieved from /home/airflow/.local/lib/python3.8/site-packages/airflow/example_dags/example_branch_labels.py
[2025-08-14T17:42:48.122+0000] {logging_mixin.py:188} INFO - [2025-08-14T17:42:48.122+0000] {dag.py:3047} INFO - Sync 1 DAGs
[2025-08-14T17:42:48.141+0000] {logging_mixin.py:188} INFO - [2025-08-14T17:42:48.141+0000] {dag.py:3834} INFO - Setting next_dagrun for example_branch_labels to 2025-08-13 00:00:00+00:00, run_after=2025-08-14 00:00:00+00:00
[2025-08-14T17:42:48.153+0000] {processor.py:183} INFO - Processing /home/airflow/.local/lib/python3.8/site-packages/airflow/example_dags/example_branch_labels.py took 0.136 seconds
[2025-08-14T17:43:18.615+0000] {processor.py:161} INFO - Started process (PID=784) to work on /home/airflow/.local/lib/python3.8/site-packages/airflow/example_dags/example_branch_labels.py
[2025-08-14T17:43:18.617+0000] {processor.py:830} INFO - Processing file /home/airflow/.local/lib/python3.8/site-packages/airflow/example_dags/example_branch_labels.py for tasks to queue
[2025-08-14T17:43:18.621+0000] {logging_mixin.py:188} INFO - [2025-08-14T17:43:18.621+0000] {dagbag.py:540} INFO - Filling up the DagBag from /home/airflow/.local/lib/python3.8/site-packages/airflow/example_dags/example_branch_labels.py
[2025-08-14T17:43:18.635+0000] {processor.py:840} INFO - DAG(s) 'example_branch_labels' retrieved from /home/airflow/.local/lib/python3.8/site-packages/airflow/example_dags/example_branch_labels.py
[2025-08-14T17:43:18.684+0000] {logging_mixin.py:188} INFO - [2025-08-14T17:43:18.684+0000] {dag.py:3047} INFO - Sync 1 DAGs
[2025-08-14T17:43:18.701+0000] {logging_mixin.py:188} INFO - [2025-08-14T17:43:18.701+0000] {dag.py:3834} INFO - Setting next_dagrun for example_branch_labels to 2025-08-13 00:00:00+00:00, run_after=2025-08-14 00:00:00+00:00
[2025-08-14T17:43:18.714+0000] {processor.py:183} INFO - Processing /home/airflow/.local/lib/python3.8/site-packages/airflow/example_dags/example_branch_labels.py took 0.109 seconds
[2025-08-14T17:43:49.329+0000] {processor.py:161} INFO - Started process (PID=840) to work on /home/airflow/.local/lib/python3.8/site-packages/airflow/example_dags/example_branch_labels.py
[2025-08-14T17:43:49.331+0000] {processor.py:830} INFO - Processing file /home/airflow/.local/lib/python3.8/site-packages/airflow/example_dags/example_branch_labels.py for tasks to queue
[2025-08-14T17:43:49.336+0000] {logging_mixin.py:188} INFO - [2025-08-14T17:43:49.335+0000] {dagbag.py:540} INFO - Filling up the DagBag from /home/airflow/.local/lib/python3.8/site-packages/airflow/example_dags/example_branch_labels.py
[2025-08-14T17:43:49.364+0000] {processor.py:840} INFO - DAG(s) 'example_branch_labels' retrieved from /home/airflow/.local/lib/python3.8/site-packages/airflow/example_dags/example_branch_labels.py
[2025-08-14T17:43:49.402+0000] {logging_mixin.py:188} INFO - [2025-08-14T17:43:49.402+0000] {dag.py:3047} INFO - Sync 1 DAGs
[2025-08-14T17:43:49.420+0000] {logging_mixin.py:188} INFO - [2025-08-14T17:43:49.419+0000] {dag.py:3834} INFO - Setting next_dagrun for example_branch_labels to 2025-08-13 00:00:00+00:00, run_after=2025-08-14 00:00:00+00:00
[2025-08-14T17:43:49.431+0000] {processor.py:183} INFO - Processing /home/airflow/.local/lib/python3.8/site-packages/airflow/example_dags/example_branch_labels.py took 0.112 seconds
[2025-08-14T17:44:19.900+0000] {processor.py:161} INFO - Started process (PID=896) to work on /home/airflow/.local/lib/python3.8/site-packages/airflow/example_dags/example_branch_labels.py
[2025-08-14T17:44:19.902+0000] {processor.py:830} INFO - Processing file /home/airflow/.local/lib/python3.8/site-packages/airflow/example_dags/example_branch_labels.py for tasks to queue
[2025-08-14T17:44:19.908+0000] {logging_mixin.py:188} INFO - [2025-08-14T17:44:19.907+0000] {dagbag.py:540} INFO - Filling up the DagBag from /home/airflow/.local/lib/python3.8/site-packages/airflow/example_dags/example_branch_labels.py
[2025-08-14T17:44:19.925+0000] {processor.py:840} INFO - DAG(s) 'example_branch_labels' retrieved from /home/airflow/.local/lib/python3.8/site-packages/airflow/example_dags/example_branch_labels.py
[2025-08-14T17:44:19.962+0000] {logging_mixin.py:188} INFO - [2025-08-14T17:44:19.962+0000] {dag.py:3047} INFO - Sync 1 DAGs
[2025-08-14T17:44:19.986+0000] {logging_mixin.py:188} INFO - [2025-08-14T17:44:19.986+0000] {dag.py:3834} INFO - Setting next_dagrun for example_branch_labels to 2025-08-13 00:00:00+00:00, run_after=2025-08-14 00:00:00+00:00
[2025-08-14T17:44:19.996+0000] {processor.py:183} INFO - Processing /home/airflow/.local/lib/python3.8/site-packages/airflow/example_dags/example_branch_labels.py took 0.109 seconds
[2025-08-14T17:44:50.400+0000] {processor.py:161} INFO - Started process (PID=952) to work on /home/airflow/.local/lib/python3.8/site-packages/airflow/example_dags/example_branch_labels.py
[2025-08-14T17:44:50.403+0000] {processor.py:830} INFO - Processing file /home/airflow/.local/lib/python3.8/site-packages/airflow/example_dags/example_branch_labels.py for tasks to queue
[2025-08-14T17:44:50.416+0000] {logging_mixin.py:188} INFO - [2025-08-14T17:44:50.415+0000] {dagbag.py:540} INFO - Filling up the DagBag from /home/airflow/.local/lib/python3.8/site-packages/airflow/example_dags/example_branch_labels.py
[2025-08-14T17:44:50.429+0000] {processor.py:840} INFO - DAG(s) 'example_branch_labels' retrieved from /home/airflow/.local/lib/python3.8/site-packages/airflow/example_dags/example_branch_labels.py
[2025-08-14T17:44:50.464+0000] {logging_mixin.py:188} INFO - [2025-08-14T17:44:50.463+0000] {dag.py:3047} INFO - Sync 1 DAGs
[2025-08-14T17:44:50.481+0000] {logging_mixin.py:188} INFO - [2025-08-14T17:44:50.481+0000] {dag.py:3834} INFO - Setting next_dagrun for example_branch_labels to 2025-08-13 00:00:00+00:00, run_after=2025-08-14 00:00:00+00:00
[2025-08-14T17:44:50.491+0000] {processor.py:183} INFO - Processing /home/airflow/.local/lib/python3.8/site-packages/airflow/example_dags/example_branch_labels.py took 0.099 seconds
[2025-08-14T17:45:21.030+0000] {processor.py:161} INFO - Started process (PID=1008) to work on /home/airflow/.local/lib/python3.8/site-packages/airflow/example_dags/example_branch_labels.py
[2025-08-14T17:45:21.031+0000] {processor.py:830} INFO - Processing file /home/airflow/.local/lib/python3.8/site-packages/airflow/example_dags/example_branch_labels.py for tasks to queue
[2025-08-14T17:45:21.035+0000] {logging_mixin.py:188} INFO - [2025-08-14T17:45:21.034+0000] {dagbag.py:540} INFO - Filling up the DagBag from /home/airflow/.local/lib/python3.8/site-packages/airflow/example_dags/example_branch_labels.py
[2025-08-14T17:45:21.047+0000] {processor.py:840} INFO - DAG(s) 'example_branch_labels' retrieved from /home/airflow/.local/lib/python3.8/site-packages/airflow/example_dags/example_branch_labels.py
[2025-08-14T17:45:21.087+0000] {logging_mixin.py:188} INFO - [2025-08-14T17:45:21.087+0000] {dag.py:3047} INFO - Sync 1 DAGs
[2025-08-14T17:45:21.103+0000] {logging_mixin.py:188} INFO - [2025-08-14T17:45:21.103+0000] {dag.py:3834} INFO - Setting next_dagrun for example_branch_labels to 2025-08-13 00:00:00+00:00, run_after=2025-08-14 00:00:00+00:00
[2025-08-14T17:45:21.114+0000] {processor.py:183} INFO - Processing /home/airflow/.local/lib/python3.8/site-packages/airflow/example_dags/example_branch_labels.py took 0.090 seconds
[2025-08-14T17:45:51.440+0000] {processor.py:161} INFO - Started process (PID=1064) to work on /home/airflow/.local/lib/python3.8/site-packages/airflow/example_dags/example_branch_labels.py
[2025-08-14T17:45:51.441+0000] {processor.py:830} INFO - Processing file /home/airflow/.local/lib/python3.8/site-packages/airflow/example_dags/example_branch_labels.py for tasks to queue
[2025-08-14T17:45:51.444+0000] {logging_mixin.py:188} INFO - [2025-08-14T17:45:51.443+0000] {dagbag.py:540} INFO - Filling up the DagBag from /home/airflow/.local/lib/python3.8/site-packages/airflow/example_dags/example_branch_labels.py
[2025-08-14T17:45:51.453+0000] {processor.py:840} INFO - DAG(s) 'example_branch_labels' retrieved from /home/airflow/.local/lib/python3.8/site-packages/airflow/example_dags/example_branch_labels.py
[2025-08-14T17:45:51.501+0000] {logging_mixin.py:188} INFO - [2025-08-14T17:45:51.500+0000] {dag.py:3047} INFO - Sync 1 DAGs
[2025-08-14T17:45:51.539+0000] {logging_mixin.py:188} INFO - [2025-08-14T17:45:51.539+0000] {dag.py:3834} INFO - Setting next_dagrun for example_branch_labels to 2025-08-13 00:00:00+00:00, run_after=2025-08-14 00:00:00+00:00
[2025-08-14T17:45:51.554+0000] {processor.py:183} INFO - Processing /home/airflow/.local/lib/python3.8/site-packages/airflow/example_dags/example_branch_labels.py took 0.118 seconds
[2025-08-14T17:46:22.106+0000] {processor.py:161} INFO - Started process (PID=1120) to work on /home/airflow/.local/lib/python3.8/site-packages/airflow/example_dags/example_branch_labels.py
[2025-08-14T17:46:22.109+0000] {processor.py:830} INFO - Processing file /home/airflow/.local/lib/python3.8/site-packages/airflow/example_dags/example_branch_labels.py for tasks to queue
[2025-08-14T17:46:22.113+0000] {logging_mixin.py:188} INFO - [2025-08-14T17:46:22.113+0000] {dagbag.py:540} INFO - Filling up the DagBag from /home/airflow/.local/lib/python3.8/site-packages/airflow/example_dags/example_branch_labels.py
[2025-08-14T17:46:22.132+0000] {processor.py:840} INFO - DAG(s) 'example_branch_labels' retrieved from /home/airflow/.local/lib/python3.8/site-packages/airflow/example_dags/example_branch_labels.py
[2025-08-14T17:46:22.163+0000] {logging_mixin.py:188} INFO - [2025-08-14T17:46:22.163+0000] {dag.py:3047} INFO - Sync 1 DAGs
[2025-08-14T17:46:22.182+0000] {logging_mixin.py:188} INFO - [2025-08-14T17:46:22.182+0000] {dag.py:3834} INFO - Setting next_dagrun for example_branch_labels to 2025-08-13 00:00:00+00:00, run_after=2025-08-14 00:00:00+00:00
[2025-08-14T17:46:22.205+0000] {processor.py:183} INFO - Processing /home/airflow/.local/lib/python3.8/site-packages/airflow/example_dags/example_branch_labels.py took 0.121 seconds
[2025-08-14T17:46:52.707+0000] {processor.py:161} INFO - Started process (PID=1176) to work on /home/airflow/.local/lib/python3.8/site-packages/airflow/example_dags/example_branch_labels.py
[2025-08-14T17:46:52.708+0000] {processor.py:830} INFO - Processing file /home/airflow/.local/lib/python3.8/site-packages/airflow/example_dags/example_branch_labels.py for tasks to queue
[2025-08-14T17:46:52.712+0000] {logging_mixin.py:188} INFO - [2025-08-14T17:46:52.711+0000] {dagbag.py:540} INFO - Filling up the DagBag from /home/airflow/.local/lib/python3.8/site-packages/airflow/example_dags/example_branch_labels.py
[2025-08-14T17:46:52.725+0000] {processor.py:840} INFO - DAG(s) 'example_branch_labels' retrieved from /home/airflow/.local/lib/python3.8/site-packages/airflow/example_dags/example_branch_labels.py
[2025-08-14T17:46:52.750+0000] {logging_mixin.py:188} INFO - [2025-08-14T17:46:52.750+0000] {dag.py:3047} INFO - Sync 1 DAGs
[2025-08-14T17:46:52.769+0000] {logging_mixin.py:188} INFO - [2025-08-14T17:46:52.769+0000] {dag.py:3834} INFO - Setting next_dagrun for example_branch_labels to 2025-08-13 00:00:00+00:00, run_after=2025-08-14 00:00:00+00:00
[2025-08-14T17:46:52.793+0000] {processor.py:183} INFO - Processing /home/airflow/.local/lib/python3.8/site-packages/airflow/example_dags/example_branch_labels.py took 0.106 seconds
[2025-08-14T17:47:22.872+0000] {processor.py:161} INFO - Started process (PID=1232) to work on /home/airflow/.local/lib/python3.8/site-packages/airflow/example_dags/example_branch_labels.py
[2025-08-14T17:47:22.875+0000] {processor.py:830} INFO - Processing file /home/airflow/.local/lib/python3.8/site-packages/airflow/example_dags/example_branch_labels.py for tasks to queue
[2025-08-14T17:47:22.878+0000] {logging_mixin.py:188} INFO - [2025-08-14T17:47:22.877+0000] {dagbag.py:540} INFO - Filling up the DagBag from /home/airflow/.local/lib/python3.8/site-packages/airflow/example_dags/example_branch_labels.py
[2025-08-14T17:47:22.889+0000] {processor.py:840} INFO - DAG(s) 'example_branch_labels' retrieved from /home/airflow/.local/lib/python3.8/site-packages/airflow/example_dags/example_branch_labels.py
[2025-08-14T17:47:22.917+0000] {logging_mixin.py:188} INFO - [2025-08-14T17:47:22.917+0000] {dag.py:3047} INFO - Sync 1 DAGs
[2025-08-14T17:47:22.944+0000] {logging_mixin.py:188} INFO - [2025-08-14T17:47:22.944+0000] {dag.py:3834} INFO - Setting next_dagrun for example_branch_labels to 2025-08-13 00:00:00+00:00, run_after=2025-08-14 00:00:00+00:00
[2025-08-14T17:47:22.959+0000] {processor.py:183} INFO - Processing /home/airflow/.local/lib/python3.8/site-packages/airflow/example_dags/example_branch_labels.py took 0.093 seconds
[2025-08-14T17:47:53.203+0000] {processor.py:161} INFO - Started process (PID=1288) to work on /home/airflow/.local/lib/python3.8/site-packages/airflow/example_dags/example_branch_labels.py
[2025-08-14T17:47:53.206+0000] {processor.py:830} INFO - Processing file /home/airflow/.local/lib/python3.8/site-packages/airflow/example_dags/example_branch_labels.py for tasks to queue
[2025-08-14T17:47:53.212+0000] {logging_mixin.py:188} INFO - [2025-08-14T17:47:53.211+0000] {dagbag.py:540} INFO - Filling up the DagBag from /home/airflow/.local/lib/python3.8/site-packages/airflow/example_dags/example_branch_labels.py
[2025-08-14T17:47:53.225+0000] {processor.py:840} INFO - DAG(s) 'example_branch_labels' retrieved from /home/airflow/.local/lib/python3.8/site-packages/airflow/example_dags/example_branch_labels.py
[2025-08-14T17:47:53.257+0000] {logging_mixin.py:188} INFO - [2025-08-14T17:47:53.257+0000] {dag.py:3047} INFO - Sync 1 DAGs
[2025-08-14T17:47:53.275+0000] {logging_mixin.py:188} INFO - [2025-08-14T17:47:53.275+0000] {dag.py:3834} INFO - Setting next_dagrun for example_branch_labels to 2025-08-13 00:00:00+00:00, run_after=2025-08-14 00:00:00+00:00
[2025-08-14T17:47:53.287+0000] {processor.py:183} INFO - Processing /home/airflow/.local/lib/python3.8/site-packages/airflow/example_dags/example_branch_labels.py took 0.090 seconds
[2025-08-14T17:48:23.489+0000] {processor.py:161} INFO - Started process (PID=1344) to work on /home/airflow/.local/lib/python3.8/site-packages/airflow/example_dags/example_branch_labels.py
[2025-08-14T17:48:23.490+0000] {processor.py:830} INFO - Processing file /home/airflow/.local/lib/python3.8/site-packages/airflow/example_dags/example_branch_labels.py for tasks to queue
[2025-08-14T17:48:23.493+0000] {logging_mixin.py:188} INFO - [2025-08-14T17:48:23.493+0000] {dagbag.py:540} INFO - Filling up the DagBag from /home/airflow/.local/lib/python3.8/site-packages/airflow/example_dags/example_branch_labels.py
[2025-08-14T17:48:23.501+0000] {processor.py:840} INFO - DAG(s) 'example_branch_labels' retrieved from /home/airflow/.local/lib/python3.8/site-packages/airflow/example_dags/example_branch_labels.py
[2025-08-14T17:48:23.518+0000] {logging_mixin.py:188} INFO - [2025-08-14T17:48:23.518+0000] {dag.py:3047} INFO - Sync 1 DAGs
[2025-08-14T17:48:23.533+0000] {logging_mixin.py:188} INFO - [2025-08-14T17:48:23.533+0000] {dag.py:3834} INFO - Setting next_dagrun for example_branch_labels to 2025-08-13 00:00:00+00:00, run_after=2025-08-14 00:00:00+00:00
[2025-08-14T17:48:23.543+0000] {processor.py:183} INFO - Processing /home/airflow/.local/lib/python3.8/site-packages/airflow/example_dags/example_branch_labels.py took 0.066 seconds
[2025-08-14T17:48:53.770+0000] {processor.py:161} INFO - Started process (PID=1400) to work on /home/airflow/.local/lib/python3.8/site-packages/airflow/example_dags/example_branch_labels.py
[2025-08-14T17:48:53.773+0000] {processor.py:830} INFO - Processing file /home/airflow/.local/lib/python3.8/site-packages/airflow/example_dags/example_branch_labels.py for tasks to queue
[2025-08-14T17:48:53.779+0000] {logging_mixin.py:188} INFO - [2025-08-14T17:48:53.779+0000] {dagbag.py:540} INFO - Filling up the DagBag from /home/airflow/.local/lib/python3.8/site-packages/airflow/example_dags/example_branch_labels.py
[2025-08-14T17:48:53.808+0000] {processor.py:840} INFO - DAG(s) 'example_branch_labels' retrieved from /home/airflow/.local/lib/python3.8/site-packages/airflow/example_dags/example_branch_labels.py
[2025-08-14T17:48:53.850+0000] {logging_mixin.py:188} INFO - [2025-08-14T17:48:53.850+0000] {dag.py:3047} INFO - Sync 1 DAGs
[2025-08-14T17:48:53.874+0000] {logging_mixin.py:188} INFO - [2025-08-14T17:48:53.874+0000] {dag.py:3834} INFO - Setting next_dagrun for example_branch_labels to 2025-08-13 00:00:00+00:00, run_after=2025-08-14 00:00:00+00:00
[2025-08-14T17:48:53.898+0000] {processor.py:183} INFO - Processing /home/airflow/.local/lib/python3.8/site-packages/airflow/example_dags/example_branch_labels.py took 0.133 seconds
[2025-08-14T17:49:24.015+0000] {processor.py:161} INFO - Started process (PID=1456) to work on /home/airflow/.local/lib/python3.8/site-packages/airflow/example_dags/example_branch_labels.py
[2025-08-14T17:49:24.016+0000] {processor.py:830} INFO - Processing file /home/airflow/.local/lib/python3.8/site-packages/airflow/example_dags/example_branch_labels.py for tasks to queue
[2025-08-14T17:49:24.021+0000] {logging_mixin.py:188} INFO - [2025-08-14T17:49:24.020+0000] {dagbag.py:540} INFO - Filling up the DagBag from /home/airflow/.local/lib/python3.8/site-packages/airflow/example_dags/example_branch_labels.py
[2025-08-14T17:49:24.034+0000] {processor.py:840} INFO - DAG(s) 'example_branch_labels' retrieved from /home/airflow/.local/lib/python3.8/site-packages/airflow/example_dags/example_branch_labels.py
[2025-08-14T17:49:24.076+0000] {logging_mixin.py:188} INFO - [2025-08-14T17:49:24.076+0000] {dag.py:3047} INFO - Sync 1 DAGs
[2025-08-14T17:49:24.109+0000] {logging_mixin.py:188} INFO - [2025-08-14T17:49:24.109+0000] {dag.py:3834} INFO - Setting next_dagrun for example_branch_labels to 2025-08-13 00:00:00+00:00, run_after=2025-08-14 00:00:00+00:00
[2025-08-14T17:49:24.128+0000] {processor.py:183} INFO - Processing /home/airflow/.local/lib/python3.8/site-packages/airflow/example_dags/example_branch_labels.py took 0.120 seconds
[2025-08-14T17:49:55.046+0000] {processor.py:161} INFO - Started process (PID=1513) to work on /home/airflow/.local/lib/python3.8/site-packages/airflow/example_dags/example_branch_labels.py
[2025-08-14T17:49:55.049+0000] {processor.py:830} INFO - Processing file /home/airflow/.local/lib/python3.8/site-packages/airflow/example_dags/example_branch_labels.py for tasks to queue
[2025-08-14T17:49:55.054+0000] {logging_mixin.py:188} INFO - [2025-08-14T17:49:55.053+0000] {dagbag.py:540} INFO - Filling up the DagBag from /home/airflow/.local/lib/python3.8/site-packages/airflow/example_dags/example_branch_labels.py
[2025-08-14T17:49:55.103+0000] {processor.py:840} INFO - DAG(s) 'example_branch_labels' retrieved from /home/airflow/.local/lib/python3.8/site-packages/airflow/example_dags/example_branch_labels.py
[2025-08-14T17:49:55.155+0000] {logging_mixin.py:188} INFO - [2025-08-14T17:49:55.155+0000] {dag.py:3047} INFO - Sync 1 DAGs
[2025-08-14T17:49:55.170+0000] {logging_mixin.py:188} INFO - [2025-08-14T17:49:55.170+0000] {dag.py:3834} INFO - Setting next_dagrun for example_branch_labels to 2025-08-13 00:00:00+00:00, run_after=2025-08-14 00:00:00+00:00
[2025-08-14T17:49:55.179+0000] {processor.py:183} INFO - Processing /home/airflow/.local/lib/python3.8/site-packages/airflow/example_dags/example_branch_labels.py took 0.139 seconds
[2025-08-14T17:50:25.424+0000] {processor.py:161} INFO - Started process (PID=1569) to work on /home/airflow/.local/lib/python3.8/site-packages/airflow/example_dags/example_branch_labels.py
[2025-08-14T17:50:25.426+0000] {processor.py:830} INFO - Processing file /home/airflow/.local/lib/python3.8/site-packages/airflow/example_dags/example_branch_labels.py for tasks to queue
[2025-08-14T17:50:25.429+0000] {logging_mixin.py:188} INFO - [2025-08-14T17:50:25.428+0000] {dagbag.py:540} INFO - Filling up the DagBag from /home/airflow/.local/lib/python3.8/site-packages/airflow/example_dags/example_branch_labels.py
[2025-08-14T17:50:25.439+0000] {processor.py:840} INFO - DAG(s) 'example_branch_labels' retrieved from /home/airflow/.local/lib/python3.8/site-packages/airflow/example_dags/example_branch_labels.py
[2025-08-14T17:50:25.473+0000] {logging_mixin.py:188} INFO - [2025-08-14T17:50:25.473+0000] {dag.py:3047} INFO - Sync 1 DAGs
[2025-08-14T17:50:25.498+0000] {logging_mixin.py:188} INFO - [2025-08-14T17:50:25.498+0000] {dag.py:3834} INFO - Setting next_dagrun for example_branch_labels to 2025-08-13 00:00:00+00:00, run_after=2025-08-14 00:00:00+00:00
[2025-08-14T17:50:25.518+0000] {processor.py:183} INFO - Processing /home/airflow/.local/lib/python3.8/site-packages/airflow/example_dags/example_branch_labels.py took 0.098 seconds
[2025-08-14T17:50:55.919+0000] {processor.py:161} INFO - Started process (PID=1625) to work on /home/airflow/.local/lib/python3.8/site-packages/airflow/example_dags/example_branch_labels.py
[2025-08-14T17:50:55.922+0000] {processor.py:830} INFO - Processing file /home/airflow/.local/lib/python3.8/site-packages/airflow/example_dags/example_branch_labels.py for tasks to queue
[2025-08-14T17:50:55.924+0000] {logging_mixin.py:188} INFO - [2025-08-14T17:50:55.924+0000] {dagbag.py:540} INFO - Filling up the DagBag from /home/airflow/.local/lib/python3.8/site-packages/airflow/example_dags/example_branch_labels.py
[2025-08-14T17:50:55.932+0000] {processor.py:840} INFO - DAG(s) 'example_branch_labels' retrieved from /home/airflow/.local/lib/python3.8/site-packages/airflow/example_dags/example_branch_labels.py
[2025-08-14T17:50:55.948+0000] {logging_mixin.py:188} INFO - [2025-08-14T17:50:55.948+0000] {dag.py:3047} INFO - Sync 1 DAGs
[2025-08-14T17:50:55.961+0000] {logging_mixin.py:188} INFO - [2025-08-14T17:50:55.961+0000] {dag.py:3834} INFO - Setting next_dagrun for example_branch_labels to 2025-08-13 00:00:00+00:00, run_after=2025-08-14 00:00:00+00:00
[2025-08-14T17:50:55.977+0000] {processor.py:183} INFO - Processing /home/airflow/.local/lib/python3.8/site-packages/airflow/example_dags/example_branch_labels.py took 0.065 seconds
[2025-08-14T17:51:26.276+0000] {processor.py:161} INFO - Started process (PID=1681) to work on /home/airflow/.local/lib/python3.8/site-packages/airflow/example_dags/example_branch_labels.py
[2025-08-14T17:51:26.278+0000] {processor.py:830} INFO - Processing file /home/airflow/.local/lib/python3.8/site-packages/airflow/example_dags/example_branch_labels.py for tasks to queue
[2025-08-14T17:51:26.280+0000] {logging_mixin.py:188} INFO - [2025-08-14T17:51:26.280+0000] {dagbag.py:540} INFO - Filling up the DagBag from /home/airflow/.local/lib/python3.8/site-packages/airflow/example_dags/example_branch_labels.py
[2025-08-14T17:51:26.289+0000] {processor.py:840} INFO - DAG(s) 'example_branch_labels' retrieved from /home/airflow/.local/lib/python3.8/site-packages/airflow/example_dags/example_branch_labels.py
[2025-08-14T17:51:26.309+0000] {logging_mixin.py:188} INFO - [2025-08-14T17:51:26.308+0000] {dag.py:3047} INFO - Sync 1 DAGs
[2025-08-14T17:51:26.322+0000] {logging_mixin.py:188} INFO - [2025-08-14T17:51:26.322+0000] {dag.py:3834} INFO - Setting next_dagrun for example_branch_labels to 2025-08-13 00:00:00+00:00, run_after=2025-08-14 00:00:00+00:00
[2025-08-14T17:51:26.331+0000] {processor.py:183} INFO - Processing /home/airflow/.local/lib/python3.8/site-packages/airflow/example_dags/example_branch_labels.py took 0.062 seconds
[2025-08-14T17:51:56.905+0000] {processor.py:161} INFO - Started process (PID=1737) to work on /home/airflow/.local/lib/python3.8/site-packages/airflow/example_dags/example_branch_labels.py
[2025-08-14T17:51:56.907+0000] {processor.py:830} INFO - Processing file /home/airflow/.local/lib/python3.8/site-packages/airflow/example_dags/example_branch_labels.py for tasks to queue
[2025-08-14T17:51:56.909+0000] {logging_mixin.py:188} INFO - [2025-08-14T17:51:56.909+0000] {dagbag.py:540} INFO - Filling up the DagBag from /home/airflow/.local/lib/python3.8/site-packages/airflow/example_dags/example_branch_labels.py
[2025-08-14T17:51:56.920+0000] {processor.py:840} INFO - DAG(s) 'example_branch_labels' retrieved from /home/airflow/.local/lib/python3.8/site-packages/airflow/example_dags/example_branch_labels.py
[2025-08-14T17:51:56.946+0000] {logging_mixin.py:188} INFO - [2025-08-14T17:51:56.945+0000] {dag.py:3047} INFO - Sync 1 DAGs
[2025-08-14T17:51:56.960+0000] {logging_mixin.py:188} INFO - [2025-08-14T17:51:56.959+0000] {dag.py:3834} INFO - Setting next_dagrun for example_branch_labels to 2025-08-13 00:00:00+00:00, run_after=2025-08-14 00:00:00+00:00
[2025-08-14T17:51:56.969+0000] {processor.py:183} INFO - Processing /home/airflow/.local/lib/python3.8/site-packages/airflow/example_dags/example_branch_labels.py took 0.069 seconds
[2025-08-14T17:52:27.498+0000] {processor.py:161} INFO - Started process (PID=1793) to work on /home/airflow/.local/lib/python3.8/site-packages/airflow/example_dags/example_branch_labels.py
[2025-08-14T17:52:27.499+0000] {processor.py:830} INFO - Processing file /home/airflow/.local/lib/python3.8/site-packages/airflow/example_dags/example_branch_labels.py for tasks to queue
[2025-08-14T17:52:27.500+0000] {logging_mixin.py:188} INFO - [2025-08-14T17:52:27.500+0000] {dagbag.py:540} INFO - Filling up the DagBag from /home/airflow/.local/lib/python3.8/site-packages/airflow/example_dags/example_branch_labels.py
[2025-08-14T17:52:27.508+0000] {processor.py:840} INFO - DAG(s) 'example_branch_labels' retrieved from /home/airflow/.local/lib/python3.8/site-packages/airflow/example_dags/example_branch_labels.py
[2025-08-14T17:52:27.527+0000] {logging_mixin.py:188} INFO - [2025-08-14T17:52:27.527+0000] {dag.py:3047} INFO - Sync 1 DAGs
[2025-08-14T17:52:27.539+0000] {logging_mixin.py:188} INFO - [2025-08-14T17:52:27.539+0000] {dag.py:3834} INFO - Setting next_dagrun for example_branch_labels to 2025-08-13 00:00:00+00:00, run_after=2025-08-14 00:00:00+00:00
[2025-08-14T17:52:27.549+0000] {processor.py:183} INFO - Processing /home/airflow/.local/lib/python3.8/site-packages/airflow/example_dags/example_branch_labels.py took 0.054 seconds
[2025-08-14T17:52:57.699+0000] {processor.py:161} INFO - Started process (PID=1849) to work on /home/airflow/.local/lib/python3.8/site-packages/airflow/example_dags/example_branch_labels.py
[2025-08-14T17:52:57.701+0000] {processor.py:830} INFO - Processing file /home/airflow/.local/lib/python3.8/site-packages/airflow/example_dags/example_branch_labels.py for tasks to queue
[2025-08-14T17:52:57.702+0000] {logging_mixin.py:188} INFO - [2025-08-14T17:52:57.702+0000] {dagbag.py:540} INFO - Filling up the DagBag from /home/airflow/.local/lib/python3.8/site-packages/airflow/example_dags/example_branch_labels.py
[2025-08-14T17:52:57.711+0000] {processor.py:840} INFO - DAG(s) 'example_branch_labels' retrieved from /home/airflow/.local/lib/python3.8/site-packages/airflow/example_dags/example_branch_labels.py
[2025-08-14T17:52:57.732+0000] {logging_mixin.py:188} INFO - [2025-08-14T17:52:57.731+0000] {dag.py:3047} INFO - Sync 1 DAGs
[2025-08-14T17:52:57.746+0000] {logging_mixin.py:188} INFO - [2025-08-14T17:52:57.746+0000] {dag.py:3834} INFO - Setting next_dagrun for example_branch_labels to 2025-08-13 00:00:00+00:00, run_after=2025-08-14 00:00:00+00:00
[2025-08-14T17:52:57.755+0000] {processor.py:183} INFO - Processing /home/airflow/.local/lib/python3.8/site-packages/airflow/example_dags/example_branch_labels.py took 0.061 seconds
[2025-08-14T17:53:28.135+0000] {processor.py:161} INFO - Started process (PID=1905) to work on /home/airflow/.local/lib/python3.8/site-packages/airflow/example_dags/example_branch_labels.py
[2025-08-14T17:53:28.137+0000] {processor.py:830} INFO - Processing file /home/airflow/.local/lib/python3.8/site-packages/airflow/example_dags/example_branch_labels.py for tasks to queue
[2025-08-14T17:53:28.139+0000] {logging_mixin.py:188} INFO - [2025-08-14T17:53:28.138+0000] {dagbag.py:540} INFO - Filling up the DagBag from /home/airflow/.local/lib/python3.8/site-packages/airflow/example_dags/example_branch_labels.py
[2025-08-14T17:53:28.146+0000] {processor.py:840} INFO - DAG(s) 'example_branch_labels' retrieved from /home/airflow/.local/lib/python3.8/site-packages/airflow/example_dags/example_branch_labels.py
[2025-08-14T17:53:28.163+0000] {logging_mixin.py:188} INFO - [2025-08-14T17:53:28.163+0000] {dag.py:3047} INFO - Sync 1 DAGs
[2025-08-14T17:53:28.175+0000] {logging_mixin.py:188} INFO - [2025-08-14T17:53:28.175+0000] {dag.py:3834} INFO - Setting next_dagrun for example_branch_labels to 2025-08-13 00:00:00+00:00, run_after=2025-08-14 00:00:00+00:00
[2025-08-14T17:53:28.185+0000] {processor.py:183} INFO - Processing /home/airflow/.local/lib/python3.8/site-packages/airflow/example_dags/example_branch_labels.py took 0.053 seconds
[2025-08-14T17:53:58.400+0000] {processor.py:161} INFO - Started process (PID=1960) to work on /home/airflow/.local/lib/python3.8/site-packages/airflow/example_dags/example_branch_labels.py
[2025-08-14T17:53:58.401+0000] {processor.py:830} INFO - Processing file /home/airflow/.local/lib/python3.8/site-packages/airflow/example_dags/example_branch_labels.py for tasks to queue
[2025-08-14T17:53:58.402+0000] {logging_mixin.py:188} INFO - [2025-08-14T17:53:58.402+0000] {dagbag.py:540} INFO - Filling up the DagBag from /home/airflow/.local/lib/python3.8/site-packages/airflow/example_dags/example_branch_labels.py
[2025-08-14T17:53:58.408+0000] {processor.py:840} INFO - DAG(s) 'example_branch_labels' retrieved from /home/airflow/.local/lib/python3.8/site-packages/airflow/example_dags/example_branch_labels.py
[2025-08-14T17:53:58.429+0000] {logging_mixin.py:188} INFO - [2025-08-14T17:53:58.429+0000] {dag.py:3047} INFO - Sync 1 DAGs
[2025-08-14T17:53:58.457+0000] {logging_mixin.py:188} INFO - [2025-08-14T17:53:58.456+0000] {dag.py:3834} INFO - Setting next_dagrun for example_branch_labels to 2025-08-13 00:00:00+00:00, run_after=2025-08-14 00:00:00+00:00
[2025-08-14T17:53:58.472+0000] {processor.py:183} INFO - Processing /home/airflow/.local/lib/python3.8/site-packages/airflow/example_dags/example_branch_labels.py took 0.076 seconds
[2025-08-14T17:54:28.780+0000] {processor.py:161} INFO - Started process (PID=2016) to work on /home/airflow/.local/lib/python3.8/site-packages/airflow/example_dags/example_branch_labels.py
[2025-08-14T17:54:28.783+0000] {processor.py:830} INFO - Processing file /home/airflow/.local/lib/python3.8/site-packages/airflow/example_dags/example_branch_labels.py for tasks to queue
[2025-08-14T17:54:28.787+0000] {logging_mixin.py:188} INFO - [2025-08-14T17:54:28.787+0000] {dagbag.py:540} INFO - Filling up the DagBag from /home/airflow/.local/lib/python3.8/site-packages/airflow/example_dags/example_branch_labels.py
[2025-08-14T17:54:28.804+0000] {processor.py:840} INFO - DAG(s) 'example_branch_labels' retrieved from /home/airflow/.local/lib/python3.8/site-packages/airflow/example_dags/example_branch_labels.py
[2025-08-14T17:54:28.860+0000] {logging_mixin.py:188} INFO - [2025-08-14T17:54:28.859+0000] {dag.py:3047} INFO - Sync 1 DAGs
[2025-08-14T17:54:28.877+0000] {logging_mixin.py:188} INFO - [2025-08-14T17:54:28.877+0000] {dag.py:3834} INFO - Setting next_dagrun for example_branch_labels to 2025-08-13 00:00:00+00:00, run_after=2025-08-14 00:00:00+00:00
[2025-08-14T17:54:28.888+0000] {processor.py:183} INFO - Processing /home/airflow/.local/lib/python3.8/site-packages/airflow/example_dags/example_branch_labels.py took 0.117 seconds
[2025-08-14T17:54:59.031+0000] {processor.py:161} INFO - Started process (PID=2072) to work on /home/airflow/.local/lib/python3.8/site-packages/airflow/example_dags/example_branch_labels.py
[2025-08-14T17:54:59.033+0000] {processor.py:830} INFO - Processing file /home/airflow/.local/lib/python3.8/site-packages/airflow/example_dags/example_branch_labels.py for tasks to queue
[2025-08-14T17:54:59.036+0000] {logging_mixin.py:188} INFO - [2025-08-14T17:54:59.035+0000] {dagbag.py:540} INFO - Filling up the DagBag from /home/airflow/.local/lib/python3.8/site-packages/airflow/example_dags/example_branch_labels.py
[2025-08-14T17:54:59.046+0000] {processor.py:840} INFO - DAG(s) 'example_branch_labels' retrieved from /home/airflow/.local/lib/python3.8/site-packages/airflow/example_dags/example_branch_labels.py
[2025-08-14T17:54:59.076+0000] {logging_mixin.py:188} INFO - [2025-08-14T17:54:59.076+0000] {dag.py:3047} INFO - Sync 1 DAGs
[2025-08-14T17:54:59.093+0000] {logging_mixin.py:188} INFO - [2025-08-14T17:54:59.093+0000] {dag.py:3834} INFO - Setting next_dagrun for example_branch_labels to 2025-08-13 00:00:00+00:00, run_after=2025-08-14 00:00:00+00:00
[2025-08-14T17:54:59.103+0000] {processor.py:183} INFO - Processing /home/airflow/.local/lib/python3.8/site-packages/airflow/example_dags/example_branch_labels.py took 0.078 seconds
[2025-08-14T17:55:29.371+0000] {processor.py:161} INFO - Started process (PID=2128) to work on /home/airflow/.local/lib/python3.8/site-packages/airflow/example_dags/example_branch_labels.py
[2025-08-14T17:55:29.372+0000] {processor.py:830} INFO - Processing file /home/airflow/.local/lib/python3.8/site-packages/airflow/example_dags/example_branch_labels.py for tasks to queue
[2025-08-14T17:55:29.373+0000] {logging_mixin.py:188} INFO - [2025-08-14T17:55:29.373+0000] {dagbag.py:540} INFO - Filling up the DagBag from /home/airflow/.local/lib/python3.8/site-packages/airflow/example_dags/example_branch_labels.py
[2025-08-14T17:55:29.382+0000] {processor.py:840} INFO - DAG(s) 'example_branch_labels' retrieved from /home/airflow/.local/lib/python3.8/site-packages/airflow/example_dags/example_branch_labels.py
[2025-08-14T17:55:29.398+0000] {logging_mixin.py:188} INFO - [2025-08-14T17:55:29.398+0000] {dag.py:3047} INFO - Sync 1 DAGs
[2025-08-14T17:55:29.409+0000] {logging_mixin.py:188} INFO - [2025-08-14T17:55:29.409+0000] {dag.py:3834} INFO - Setting next_dagrun for example_branch_labels to 2025-08-13 00:00:00+00:00, run_after=2025-08-14 00:00:00+00:00
[2025-08-14T17:55:29.417+0000] {processor.py:183} INFO - Processing /home/airflow/.local/lib/python3.8/site-packages/airflow/example_dags/example_branch_labels.py took 0.048 seconds
[2025-08-14T17:55:59.547+0000] {processor.py:161} INFO - Started process (PID=2182) to work on /home/airflow/.local/lib/python3.8/site-packages/airflow/example_dags/example_branch_labels.py
[2025-08-14T17:55:59.551+0000] {processor.py:830} INFO - Processing file /home/airflow/.local/lib/python3.8/site-packages/airflow/example_dags/example_branch_labels.py for tasks to queue
[2025-08-14T17:55:59.554+0000] {logging_mixin.py:188} INFO - [2025-08-14T17:55:59.554+0000] {dagbag.py:540} INFO - Filling up the DagBag from /home/airflow/.local/lib/python3.8/site-packages/airflow/example_dags/example_branch_labels.py
[2025-08-14T17:55:59.568+0000] {processor.py:840} INFO - DAG(s) 'example_branch_labels' retrieved from /home/airflow/.local/lib/python3.8/site-packages/airflow/example_dags/example_branch_labels.py
[2025-08-14T17:55:59.614+0000] {logging_mixin.py:188} INFO - [2025-08-14T17:55:59.614+0000] {dag.py:3047} INFO - Sync 1 DAGs
[2025-08-14T17:55:59.633+0000] {logging_mixin.py:188} INFO - [2025-08-14T17:55:59.632+0000] {dag.py:3834} INFO - Setting next_dagrun for example_branch_labels to 2025-08-13 00:00:00+00:00, run_after=2025-08-14 00:00:00+00:00
[2025-08-14T17:55:59.646+0000] {processor.py:183} INFO - Processing /home/airflow/.local/lib/python3.8/site-packages/airflow/example_dags/example_branch_labels.py took 0.116 seconds
[2025-08-14T17:56:30.162+0000] {processor.py:161} INFO - Started process (PID=2238) to work on /home/airflow/.local/lib/python3.8/site-packages/airflow/example_dags/example_branch_labels.py
[2025-08-14T17:56:30.168+0000] {processor.py:830} INFO - Processing file /home/airflow/.local/lib/python3.8/site-packages/airflow/example_dags/example_branch_labels.py for tasks to queue
[2025-08-14T17:56:30.181+0000] {logging_mixin.py:188} INFO - [2025-08-14T17:56:30.180+0000] {dagbag.py:540} INFO - Filling up the DagBag from /home/airflow/.local/lib/python3.8/site-packages/airflow/example_dags/example_branch_labels.py
[2025-08-14T17:56:30.197+0000] {processor.py:840} INFO - DAG(s) 'example_branch_labels' retrieved from /home/airflow/.local/lib/python3.8/site-packages/airflow/example_dags/example_branch_labels.py
[2025-08-14T17:56:30.231+0000] {logging_mixin.py:188} INFO - [2025-08-14T17:56:30.230+0000] {dag.py:3047} INFO - Sync 1 DAGs
[2025-08-14T17:56:30.259+0000] {logging_mixin.py:188} INFO - [2025-08-14T17:56:30.258+0000] {dag.py:3834} INFO - Setting next_dagrun for example_branch_labels to 2025-08-13 00:00:00+00:00, run_after=2025-08-14 00:00:00+00:00
[2025-08-14T17:56:30.274+0000] {processor.py:183} INFO - Processing /home/airflow/.local/lib/python3.8/site-packages/airflow/example_dags/example_branch_labels.py took 0.119 seconds
[2025-08-14T17:57:00.378+0000] {processor.py:161} INFO - Started process (PID=2294) to work on /home/airflow/.local/lib/python3.8/site-packages/airflow/example_dags/example_branch_labels.py
[2025-08-14T17:57:00.380+0000] {processor.py:830} INFO - Processing file /home/airflow/.local/lib/python3.8/site-packages/airflow/example_dags/example_branch_labels.py for tasks to queue
[2025-08-14T17:57:00.384+0000] {logging_mixin.py:188} INFO - [2025-08-14T17:57:00.383+0000] {dagbag.py:540} INFO - Filling up the DagBag from /home/airflow/.local/lib/python3.8/site-packages/airflow/example_dags/example_branch_labels.py
[2025-08-14T17:57:00.398+0000] {processor.py:840} INFO - DAG(s) 'example_branch_labels' retrieved from /home/airflow/.local/lib/python3.8/site-packages/airflow/example_dags/example_branch_labels.py
[2025-08-14T17:57:00.451+0000] {logging_mixin.py:188} INFO - [2025-08-14T17:57:00.451+0000] {dag.py:3047} INFO - Sync 1 DAGs
[2025-08-14T17:57:00.468+0000] {logging_mixin.py:188} INFO - [2025-08-14T17:57:00.468+0000] {dag.py:3834} INFO - Setting next_dagrun for example_branch_labels to 2025-08-13 00:00:00+00:00, run_after=2025-08-14 00:00:00+00:00
[2025-08-14T17:57:00.478+0000] {processor.py:183} INFO - Processing /home/airflow/.local/lib/python3.8/site-packages/airflow/example_dags/example_branch_labels.py took 0.125 seconds
[2025-08-14T17:57:30.908+0000] {processor.py:161} INFO - Started process (PID=2350) to work on /home/airflow/.local/lib/python3.8/site-packages/airflow/example_dags/example_branch_labels.py
[2025-08-14T17:57:30.911+0000] {processor.py:830} INFO - Processing file /home/airflow/.local/lib/python3.8/site-packages/airflow/example_dags/example_branch_labels.py for tasks to queue
[2025-08-14T17:57:30.916+0000] {logging_mixin.py:188} INFO - [2025-08-14T17:57:30.915+0000] {dagbag.py:540} INFO - Filling up the DagBag from /home/airflow/.local/lib/python3.8/site-packages/airflow/example_dags/example_branch_labels.py
[2025-08-14T17:57:30.933+0000] {processor.py:840} INFO - DAG(s) 'example_branch_labels' retrieved from /home/airflow/.local/lib/python3.8/site-packages/airflow/example_dags/example_branch_labels.py
[2025-08-14T17:57:30.965+0000] {logging_mixin.py:188} INFO - [2025-08-14T17:57:30.964+0000] {dag.py:3047} INFO - Sync 1 DAGs
[2025-08-14T17:57:30.979+0000] {logging_mixin.py:188} INFO - [2025-08-14T17:57:30.979+0000] {dag.py:3834} INFO - Setting next_dagrun for example_branch_labels to 2025-08-13 00:00:00+00:00, run_after=2025-08-14 00:00:00+00:00
[2025-08-14T17:57:30.989+0000] {processor.py:183} INFO - Processing /home/airflow/.local/lib/python3.8/site-packages/airflow/example_dags/example_branch_labels.py took 0.090 seconds
[2025-08-14T17:58:01.405+0000] {processor.py:161} INFO - Started process (PID=2406) to work on /home/airflow/.local/lib/python3.8/site-packages/airflow/example_dags/example_branch_labels.py
[2025-08-14T17:58:01.408+0000] {processor.py:830} INFO - Processing file /home/airflow/.local/lib/python3.8/site-packages/airflow/example_dags/example_branch_labels.py for tasks to queue
[2025-08-14T17:58:01.413+0000] {logging_mixin.py:188} INFO - [2025-08-14T17:58:01.412+0000] {dagbag.py:540} INFO - Filling up the DagBag from /home/airflow/.local/lib/python3.8/site-packages/airflow/example_dags/example_branch_labels.py
[2025-08-14T17:58:01.429+0000] {processor.py:840} INFO - DAG(s) 'example_branch_labels' retrieved from /home/airflow/.local/lib/python3.8/site-packages/airflow/example_dags/example_branch_labels.py
[2025-08-14T17:58:01.470+0000] {logging_mixin.py:188} INFO - [2025-08-14T17:58:01.470+0000] {dag.py:3047} INFO - Sync 1 DAGs
[2025-08-14T17:58:01.495+0000] {logging_mixin.py:188} INFO - [2025-08-14T17:58:01.495+0000] {dag.py:3834} INFO - Setting next_dagrun for example_branch_labels to 2025-08-13 00:00:00+00:00, run_after=2025-08-14 00:00:00+00:00
[2025-08-14T17:58:01.511+0000] {processor.py:183} INFO - Processing /home/airflow/.local/lib/python3.8/site-packages/airflow/example_dags/example_branch_labels.py took 0.113 seconds
[2025-08-14T17:58:32.180+0000] {processor.py:161} INFO - Started process (PID=2463) to work on /home/airflow/.local/lib/python3.8/site-packages/airflow/example_dags/example_branch_labels.py
[2025-08-14T17:58:32.182+0000] {processor.py:830} INFO - Processing file /home/airflow/.local/lib/python3.8/site-packages/airflow/example_dags/example_branch_labels.py for tasks to queue
[2025-08-14T17:58:32.185+0000] {logging_mixin.py:188} INFO - [2025-08-14T17:58:32.184+0000] {dagbag.py:540} INFO - Filling up the DagBag from /home/airflow/.local/lib/python3.8/site-packages/airflow/example_dags/example_branch_labels.py
[2025-08-14T17:58:32.201+0000] {processor.py:840} INFO - DAG(s) 'example_branch_labels' retrieved from /home/airflow/.local/lib/python3.8/site-packages/airflow/example_dags/example_branch_labels.py
[2025-08-14T17:58:32.241+0000] {logging_mixin.py:188} INFO - [2025-08-14T17:58:32.240+0000] {dag.py:3047} INFO - Sync 1 DAGs
[2025-08-14T17:58:32.283+0000] {logging_mixin.py:188} INFO - [2025-08-14T17:58:32.283+0000] {dag.py:3834} INFO - Setting next_dagrun for example_branch_labels to 2025-08-13 00:00:00+00:00, run_after=2025-08-14 00:00:00+00:00
[2025-08-14T17:58:32.302+0000] {processor.py:183} INFO - Processing /home/airflow/.local/lib/python3.8/site-packages/airflow/example_dags/example_branch_labels.py took 0.128 seconds
[2025-08-14T17:59:03.144+0000] {processor.py:161} INFO - Started process (PID=2519) to work on /home/airflow/.local/lib/python3.8/site-packages/airflow/example_dags/example_branch_labels.py
[2025-08-14T17:59:03.146+0000] {processor.py:830} INFO - Processing file /home/airflow/.local/lib/python3.8/site-packages/airflow/example_dags/example_branch_labels.py for tasks to queue
[2025-08-14T17:59:03.149+0000] {logging_mixin.py:188} INFO - [2025-08-14T17:59:03.149+0000] {dagbag.py:540} INFO - Filling up the DagBag from /home/airflow/.local/lib/python3.8/site-packages/airflow/example_dags/example_branch_labels.py
[2025-08-14T17:59:03.164+0000] {processor.py:840} INFO - DAG(s) 'example_branch_labels' retrieved from /home/airflow/.local/lib/python3.8/site-packages/airflow/example_dags/example_branch_labels.py
[2025-08-14T17:59:03.194+0000] {logging_mixin.py:188} INFO - [2025-08-14T17:59:03.193+0000] {dag.py:3047} INFO - Sync 1 DAGs
[2025-08-14T17:59:03.225+0000] {logging_mixin.py:188} INFO - [2025-08-14T17:59:03.225+0000] {dag.py:3834} INFO - Setting next_dagrun for example_branch_labels to 2025-08-13 00:00:00+00:00, run_after=2025-08-14 00:00:00+00:00
[2025-08-14T17:59:03.240+0000] {processor.py:183} INFO - Processing /home/airflow/.local/lib/python3.8/site-packages/airflow/example_dags/example_branch_labels.py took 0.101 seconds
[2025-08-14T17:59:33.333+0000] {processor.py:161} INFO - Started process (PID=2575) to work on /home/airflow/.local/lib/python3.8/site-packages/airflow/example_dags/example_branch_labels.py
[2025-08-14T17:59:33.335+0000] {processor.py:830} INFO - Processing file /home/airflow/.local/lib/python3.8/site-packages/airflow/example_dags/example_branch_labels.py for tasks to queue
[2025-08-14T17:59:33.339+0000] {logging_mixin.py:188} INFO - [2025-08-14T17:59:33.338+0000] {dagbag.py:540} INFO - Filling up the DagBag from /home/airflow/.local/lib/python3.8/site-packages/airflow/example_dags/example_branch_labels.py
[2025-08-14T17:59:33.352+0000] {processor.py:840} INFO - DAG(s) 'example_branch_labels' retrieved from /home/airflow/.local/lib/python3.8/site-packages/airflow/example_dags/example_branch_labels.py
[2025-08-14T17:59:33.380+0000] {logging_mixin.py:188} INFO - [2025-08-14T17:59:33.379+0000] {dag.py:3047} INFO - Sync 1 DAGs
[2025-08-14T17:59:33.402+0000] {logging_mixin.py:188} INFO - [2025-08-14T17:59:33.402+0000] {dag.py:3834} INFO - Setting next_dagrun for example_branch_labels to 2025-08-13 00:00:00+00:00, run_after=2025-08-14 00:00:00+00:00
[2025-08-14T17:59:33.418+0000] {processor.py:183} INFO - Processing /home/airflow/.local/lib/python3.8/site-packages/airflow/example_dags/example_branch_labels.py took 0.089 seconds
[2025-08-14T18:00:04.447+0000] {processor.py:161} INFO - Started process (PID=2630) to work on /home/airflow/.local/lib/python3.8/site-packages/airflow/example_dags/example_branch_labels.py
[2025-08-14T18:00:04.448+0000] {processor.py:830} INFO - Processing file /home/airflow/.local/lib/python3.8/site-packages/airflow/example_dags/example_branch_labels.py for tasks to queue
[2025-08-14T18:00:04.450+0000] {logging_mixin.py:188} INFO - [2025-08-14T18:00:04.450+0000] {dagbag.py:540} INFO - Filling up the DagBag from /home/airflow/.local/lib/python3.8/site-packages/airflow/example_dags/example_branch_labels.py
[2025-08-14T18:00:04.470+0000] {processor.py:840} INFO - DAG(s) 'example_branch_labels' retrieved from /home/airflow/.local/lib/python3.8/site-packages/airflow/example_dags/example_branch_labels.py
[2025-08-14T18:00:04.501+0000] {logging_mixin.py:188} INFO - [2025-08-14T18:00:04.500+0000] {dag.py:3047} INFO - Sync 1 DAGs
[2025-08-14T18:00:04.517+0000] {logging_mixin.py:188} INFO - [2025-08-14T18:00:04.517+0000] {dag.py:3834} INFO - Setting next_dagrun for example_branch_labels to 2025-08-13 00:00:00+00:00, run_after=2025-08-14 00:00:00+00:00
[2025-08-14T18:00:04.531+0000] {processor.py:183} INFO - Processing /home/airflow/.local/lib/python3.8/site-packages/airflow/example_dags/example_branch_labels.py took 0.088 seconds
[2025-08-14T18:00:35.220+0000] {processor.py:161} INFO - Started process (PID=2686) to work on /home/airflow/.local/lib/python3.8/site-packages/airflow/example_dags/example_branch_labels.py
[2025-08-14T18:00:35.224+0000] {processor.py:830} INFO - Processing file /home/airflow/.local/lib/python3.8/site-packages/airflow/example_dags/example_branch_labels.py for tasks to queue
[2025-08-14T18:00:35.233+0000] {logging_mixin.py:188} INFO - [2025-08-14T18:00:35.231+0000] {dagbag.py:540} INFO - Filling up the DagBag from /home/airflow/.local/lib/python3.8/site-packages/airflow/example_dags/example_branch_labels.py
[2025-08-14T18:00:35.273+0000] {processor.py:840} INFO - DAG(s) 'example_branch_labels' retrieved from /home/airflow/.local/lib/python3.8/site-packages/airflow/example_dags/example_branch_labels.py
[2025-08-14T18:00:35.396+0000] {logging_mixin.py:188} INFO - [2025-08-14T18:00:35.396+0000] {dag.py:3047} INFO - Sync 1 DAGs
[2025-08-14T18:00:35.429+0000] {logging_mixin.py:188} INFO - [2025-08-14T18:00:35.429+0000] {dag.py:3834} INFO - Setting next_dagrun for example_branch_labels to 2025-08-13 00:00:00+00:00, run_after=2025-08-14 00:00:00+00:00
[2025-08-14T18:00:35.448+0000] {processor.py:183} INFO - Processing /home/airflow/.local/lib/python3.8/site-packages/airflow/example_dags/example_branch_labels.py took 0.251 seconds
[2025-08-14T18:01:06.219+0000] {processor.py:161} INFO - Started process (PID=2742) to work on /home/airflow/.local/lib/python3.8/site-packages/airflow/example_dags/example_branch_labels.py
[2025-08-14T18:01:06.221+0000] {processor.py:830} INFO - Processing file /home/airflow/.local/lib/python3.8/site-packages/airflow/example_dags/example_branch_labels.py for tasks to queue
[2025-08-14T18:01:06.228+0000] {logging_mixin.py:188} INFO - [2025-08-14T18:01:06.227+0000] {dagbag.py:540} INFO - Filling up the DagBag from /home/airflow/.local/lib/python3.8/site-packages/airflow/example_dags/example_branch_labels.py
[2025-08-14T18:01:06.268+0000] {processor.py:840} INFO - DAG(s) 'example_branch_labels' retrieved from /home/airflow/.local/lib/python3.8/site-packages/airflow/example_dags/example_branch_labels.py
[2025-08-14T18:01:06.297+0000] {logging_mixin.py:188} INFO - [2025-08-14T18:01:06.296+0000] {dag.py:3047} INFO - Sync 1 DAGs
[2025-08-14T18:01:06.321+0000] {logging_mixin.py:188} INFO - [2025-08-14T18:01:06.321+0000] {dag.py:3834} INFO - Setting next_dagrun for example_branch_labels to 2025-08-13 00:00:00+00:00, run_after=2025-08-14 00:00:00+00:00
[2025-08-14T18:01:06.348+0000] {processor.py:183} INFO - Processing /home/airflow/.local/lib/python3.8/site-packages/airflow/example_dags/example_branch_labels.py took 0.132 seconds
[2025-08-14T18:01:36.536+0000] {processor.py:161} INFO - Started process (PID=2798) to work on /home/airflow/.local/lib/python3.8/site-packages/airflow/example_dags/example_branch_labels.py
[2025-08-14T18:01:36.539+0000] {processor.py:830} INFO - Processing file /home/airflow/.local/lib/python3.8/site-packages/airflow/example_dags/example_branch_labels.py for tasks to queue
[2025-08-14T18:01:36.544+0000] {logging_mixin.py:188} INFO - [2025-08-14T18:01:36.544+0000] {dagbag.py:540} INFO - Filling up the DagBag from /home/airflow/.local/lib/python3.8/site-packages/airflow/example_dags/example_branch_labels.py
[2025-08-14T18:01:36.561+0000] {processor.py:840} INFO - DAG(s) 'example_branch_labels' retrieved from /home/airflow/.local/lib/python3.8/site-packages/airflow/example_dags/example_branch_labels.py
[2025-08-14T18:01:36.614+0000] {logging_mixin.py:188} INFO - [2025-08-14T18:01:36.614+0000] {dag.py:3047} INFO - Sync 1 DAGs
[2025-08-14T18:01:36.672+0000] {logging_mixin.py:188} INFO - [2025-08-14T18:01:36.672+0000] {dag.py:3834} INFO - Setting next_dagrun for example_branch_labels to 2025-08-13 00:00:00+00:00, run_after=2025-08-14 00:00:00+00:00
[2025-08-14T18:01:36.696+0000] {processor.py:183} INFO - Processing /home/airflow/.local/lib/python3.8/site-packages/airflow/example_dags/example_branch_labels.py took 0.167 seconds
[2025-08-14T18:02:07.234+0000] {processor.py:161} INFO - Started process (PID=2854) to work on /home/airflow/.local/lib/python3.8/site-packages/airflow/example_dags/example_branch_labels.py
[2025-08-14T18:02:07.237+0000] {processor.py:830} INFO - Processing file /home/airflow/.local/lib/python3.8/site-packages/airflow/example_dags/example_branch_labels.py for tasks to queue
[2025-08-14T18:02:07.243+0000] {logging_mixin.py:188} INFO - [2025-08-14T18:02:07.242+0000] {dagbag.py:540} INFO - Filling up the DagBag from /home/airflow/.local/lib/python3.8/site-packages/airflow/example_dags/example_branch_labels.py
[2025-08-14T18:02:07.277+0000] {processor.py:840} INFO - DAG(s) 'example_branch_labels' retrieved from /home/airflow/.local/lib/python3.8/site-packages/airflow/example_dags/example_branch_labels.py
[2025-08-14T18:02:07.322+0000] {logging_mixin.py:188} INFO - [2025-08-14T18:02:07.321+0000] {dag.py:3047} INFO - Sync 1 DAGs
[2025-08-14T18:02:07.357+0000] {logging_mixin.py:188} INFO - [2025-08-14T18:02:07.357+0000] {dag.py:3834} INFO - Setting next_dagrun for example_branch_labels to 2025-08-13 00:00:00+00:00, run_after=2025-08-14 00:00:00+00:00
[2025-08-14T18:02:07.375+0000] {processor.py:183} INFO - Processing /home/airflow/.local/lib/python3.8/site-packages/airflow/example_dags/example_branch_labels.py took 0.148 seconds
[2025-08-14T18:02:38.012+0000] {processor.py:161} INFO - Started process (PID=2910) to work on /home/airflow/.local/lib/python3.8/site-packages/airflow/example_dags/example_branch_labels.py
[2025-08-14T18:02:38.017+0000] {processor.py:830} INFO - Processing file /home/airflow/.local/lib/python3.8/site-packages/airflow/example_dags/example_branch_labels.py for tasks to queue
[2025-08-14T18:02:38.033+0000] {logging_mixin.py:188} INFO - [2025-08-14T18:02:38.029+0000] {dagbag.py:540} INFO - Filling up the DagBag from /home/airflow/.local/lib/python3.8/site-packages/airflow/example_dags/example_branch_labels.py
[2025-08-14T18:02:38.056+0000] {processor.py:840} INFO - DAG(s) 'example_branch_labels' retrieved from /home/airflow/.local/lib/python3.8/site-packages/airflow/example_dags/example_branch_labels.py
[2025-08-14T18:02:38.082+0000] {logging_mixin.py:188} INFO - [2025-08-14T18:02:38.082+0000] {dag.py:3047} INFO - Sync 1 DAGs
[2025-08-14T18:02:38.124+0000] {logging_mixin.py:188} INFO - [2025-08-14T18:02:38.124+0000] {dag.py:3834} INFO - Setting next_dagrun for example_branch_labels to 2025-08-13 00:00:00+00:00, run_after=2025-08-14 00:00:00+00:00
[2025-08-14T18:02:38.138+0000] {processor.py:183} INFO - Processing /home/airflow/.local/lib/python3.8/site-packages/airflow/example_dags/example_branch_labels.py took 0.146 seconds
[2025-08-14T18:03:08.739+0000] {processor.py:161} INFO - Started process (PID=2966) to work on /home/airflow/.local/lib/python3.8/site-packages/airflow/example_dags/example_branch_labels.py
[2025-08-14T18:03:08.741+0000] {processor.py:830} INFO - Processing file /home/airflow/.local/lib/python3.8/site-packages/airflow/example_dags/example_branch_labels.py for tasks to queue
[2025-08-14T18:03:08.744+0000] {logging_mixin.py:188} INFO - [2025-08-14T18:03:08.744+0000] {dagbag.py:540} INFO - Filling up the DagBag from /home/airflow/.local/lib/python3.8/site-packages/airflow/example_dags/example_branch_labels.py
[2025-08-14T18:03:08.755+0000] {processor.py:840} INFO - DAG(s) 'example_branch_labels' retrieved from /home/airflow/.local/lib/python3.8/site-packages/airflow/example_dags/example_branch_labels.py
[2025-08-14T18:03:08.793+0000] {logging_mixin.py:188} INFO - [2025-08-14T18:03:08.793+0000] {dag.py:3047} INFO - Sync 1 DAGs
[2025-08-14T18:03:08.816+0000] {logging_mixin.py:188} INFO - [2025-08-14T18:03:08.816+0000] {dag.py:3834} INFO - Setting next_dagrun for example_branch_labels to 2025-08-13 00:00:00+00:00, run_after=2025-08-14 00:00:00+00:00
[2025-08-14T18:03:08.831+0000] {processor.py:183} INFO - Processing /home/airflow/.local/lib/python3.8/site-packages/airflow/example_dags/example_branch_labels.py took 0.096 seconds
[2025-08-14T18:03:39.785+0000] {processor.py:161} INFO - Started process (PID=3022) to work on /home/airflow/.local/lib/python3.8/site-packages/airflow/example_dags/example_branch_labels.py
[2025-08-14T18:03:39.787+0000] {processor.py:830} INFO - Processing file /home/airflow/.local/lib/python3.8/site-packages/airflow/example_dags/example_branch_labels.py for tasks to queue
[2025-08-14T18:03:39.790+0000] {logging_mixin.py:188} INFO - [2025-08-14T18:03:39.789+0000] {dagbag.py:540} INFO - Filling up the DagBag from /home/airflow/.local/lib/python3.8/site-packages/airflow/example_dags/example_branch_labels.py
[2025-08-14T18:03:39.800+0000] {processor.py:840} INFO - DAG(s) 'example_branch_labels' retrieved from /home/airflow/.local/lib/python3.8/site-packages/airflow/example_dags/example_branch_labels.py
[2025-08-14T18:03:39.823+0000] {logging_mixin.py:188} INFO - [2025-08-14T18:03:39.823+0000] {dag.py:3047} INFO - Sync 1 DAGs
[2025-08-14T18:03:39.856+0000] {logging_mixin.py:188} INFO - [2025-08-14T18:03:39.854+0000] {dag.py:3834} INFO - Setting next_dagrun for example_branch_labels to 2025-08-13 00:00:00+00:00, run_after=2025-08-14 00:00:00+00:00
[2025-08-14T18:03:39.887+0000] {processor.py:183} INFO - Processing /home/airflow/.local/lib/python3.8/site-packages/airflow/example_dags/example_branch_labels.py took 0.106 seconds
[2025-08-14T18:04:09.988+0000] {processor.py:161} INFO - Started process (PID=3078) to work on /home/airflow/.local/lib/python3.8/site-packages/airflow/example_dags/example_branch_labels.py
[2025-08-14T18:04:09.991+0000] {processor.py:830} INFO - Processing file /home/airflow/.local/lib/python3.8/site-packages/airflow/example_dags/example_branch_labels.py for tasks to queue
[2025-08-14T18:04:10.002+0000] {logging_mixin.py:188} INFO - [2025-08-14T18:04:10.000+0000] {dagbag.py:540} INFO - Filling up the DagBag from /home/airflow/.local/lib/python3.8/site-packages/airflow/example_dags/example_branch_labels.py
[2025-08-14T18:04:10.029+0000] {processor.py:840} INFO - DAG(s) 'example_branch_labels' retrieved from /home/airflow/.local/lib/python3.8/site-packages/airflow/example_dags/example_branch_labels.py
[2025-08-14T18:04:10.065+0000] {logging_mixin.py:188} INFO - [2025-08-14T18:04:10.065+0000] {dag.py:3047} INFO - Sync 1 DAGs
[2025-08-14T18:04:10.083+0000] {logging_mixin.py:188} INFO - [2025-08-14T18:04:10.083+0000] {dag.py:3834} INFO - Setting next_dagrun for example_branch_labels to 2025-08-13 00:00:00+00:00, run_after=2025-08-14 00:00:00+00:00
[2025-08-14T18:04:10.096+0000] {processor.py:183} INFO - Processing /home/airflow/.local/lib/python3.8/site-packages/airflow/example_dags/example_branch_labels.py took 0.115 seconds
[2025-08-14T18:04:40.713+0000] {processor.py:161} INFO - Started process (PID=3134) to work on /home/airflow/.local/lib/python3.8/site-packages/airflow/example_dags/example_branch_labels.py
[2025-08-14T18:04:40.715+0000] {processor.py:830} INFO - Processing file /home/airflow/.local/lib/python3.8/site-packages/airflow/example_dags/example_branch_labels.py for tasks to queue
[2025-08-14T18:04:40.718+0000] {logging_mixin.py:188} INFO - [2025-08-14T18:04:40.717+0000] {dagbag.py:540} INFO - Filling up the DagBag from /home/airflow/.local/lib/python3.8/site-packages/airflow/example_dags/example_branch_labels.py
[2025-08-14T18:04:40.729+0000] {processor.py:840} INFO - DAG(s) 'example_branch_labels' retrieved from /home/airflow/.local/lib/python3.8/site-packages/airflow/example_dags/example_branch_labels.py
[2025-08-14T18:04:40.838+0000] {logging_mixin.py:188} INFO - [2025-08-14T18:04:40.837+0000] {dag.py:3047} INFO - Sync 1 DAGs
[2025-08-14T18:04:40.902+0000] {logging_mixin.py:188} INFO - [2025-08-14T18:04:40.901+0000] {dag.py:3834} INFO - Setting next_dagrun for example_branch_labels to 2025-08-13 00:00:00+00:00, run_after=2025-08-14 00:00:00+00:00
[2025-08-14T18:04:40.932+0000] {processor.py:183} INFO - Processing /home/airflow/.local/lib/python3.8/site-packages/airflow/example_dags/example_branch_labels.py took 0.225 seconds
[2025-08-14T18:05:11.253+0000] {processor.py:161} INFO - Started process (PID=3190) to work on /home/airflow/.local/lib/python3.8/site-packages/airflow/example_dags/example_branch_labels.py
[2025-08-14T18:05:11.260+0000] {processor.py:830} INFO - Processing file /home/airflow/.local/lib/python3.8/site-packages/airflow/example_dags/example_branch_labels.py for tasks to queue
[2025-08-14T18:05:11.281+0000] {logging_mixin.py:188} INFO - [2025-08-14T18:05:11.279+0000] {dagbag.py:540} INFO - Filling up the DagBag from /home/airflow/.local/lib/python3.8/site-packages/airflow/example_dags/example_branch_labels.py
[2025-08-14T18:05:11.297+0000] {processor.py:840} INFO - DAG(s) 'example_branch_labels' retrieved from /home/airflow/.local/lib/python3.8/site-packages/airflow/example_dags/example_branch_labels.py
[2025-08-14T18:05:11.332+0000] {logging_mixin.py:188} INFO - [2025-08-14T18:05:11.332+0000] {dag.py:3047} INFO - Sync 1 DAGs
[2025-08-14T18:05:11.350+0000] {logging_mixin.py:188} INFO - [2025-08-14T18:05:11.350+0000] {dag.py:3834} INFO - Setting next_dagrun for example_branch_labels to 2025-08-13 00:00:00+00:00, run_after=2025-08-14 00:00:00+00:00
[2025-08-14T18:05:11.360+0000] {processor.py:183} INFO - Processing /home/airflow/.local/lib/python3.8/site-packages/airflow/example_dags/example_branch_labels.py took 0.116 seconds
[2025-08-14T18:05:42.277+0000] {processor.py:161} INFO - Started process (PID=3246) to work on /home/airflow/.local/lib/python3.8/site-packages/airflow/example_dags/example_branch_labels.py
[2025-08-14T18:05:42.280+0000] {processor.py:830} INFO - Processing file /home/airflow/.local/lib/python3.8/site-packages/airflow/example_dags/example_branch_labels.py for tasks to queue
[2025-08-14T18:05:42.282+0000] {logging_mixin.py:188} INFO - [2025-08-14T18:05:42.281+0000] {dagbag.py:540} INFO - Filling up the DagBag from /home/airflow/.local/lib/python3.8/site-packages/airflow/example_dags/example_branch_labels.py
[2025-08-14T18:05:42.291+0000] {processor.py:840} INFO - DAG(s) 'example_branch_labels' retrieved from /home/airflow/.local/lib/python3.8/site-packages/airflow/example_dags/example_branch_labels.py
[2025-08-14T18:05:42.309+0000] {logging_mixin.py:188} INFO - [2025-08-14T18:05:42.309+0000] {dag.py:3047} INFO - Sync 1 DAGs
[2025-08-14T18:05:42.329+0000] {logging_mixin.py:188} INFO - [2025-08-14T18:05:42.329+0000] {dag.py:3834} INFO - Setting next_dagrun for example_branch_labels to 2025-08-13 00:00:00+00:00, run_after=2025-08-14 00:00:00+00:00
[2025-08-14T18:05:42.349+0000] {processor.py:183} INFO - Processing /home/airflow/.local/lib/python3.8/site-packages/airflow/example_dags/example_branch_labels.py took 0.074 seconds
