[2025-08-14T17:36:47.203+0000] {processor.py:161} INFO - Started process (PID=80) to work on /home/airflow/.local/lib/python3.8/site-packages/airflow/example_dags/example_task_group_decorator.py
[2025-08-14T17:36:47.209+0000] {processor.py:830} INFO - Processing file /home/airflow/.local/lib/python3.8/site-packages/airflow/example_dags/example_task_group_decorator.py for tasks to queue
[2025-08-14T17:36:47.214+0000] {logging_mixin.py:188} INFO - [2025-08-14T17:36:47.212+0000] {dagbag.py:540} INFO - Filling up the DagBag from /home/airflow/.local/lib/python3.8/site-packages/airflow/example_dags/example_task_group_decorator.py
[2025-08-14T17:36:47.389+0000] {processor.py:840} INFO - DAG(s) 'example_task_group_decorator' retrieved from /home/airflow/.local/lib/python3.8/site-packages/airflow/example_dags/example_task_group_decorator.py
[2025-08-14T17:36:47.446+0000] {logging_mixin.py:188} INFO - [2025-08-14T17:36:47.446+0000] {dag.py:3047} INFO - Sync 1 DAGs
[2025-08-14T17:36:47.528+0000] {logging_mixin.py:188} INFO - [2025-08-14T17:36:47.527+0000] {dag.py:3834} INFO - Setting next_dagrun for example_task_group_decorator to 2025-08-13 00:00:00+00:00, run_after=2025-08-14 00:00:00+00:00
[2025-08-14T17:36:47.584+0000] {processor.py:183} INFO - Processing /home/airflow/.local/lib/python3.8/site-packages/airflow/example_dags/example_task_group_decorator.py took 0.393 seconds
[2025-08-14T17:37:17.807+0000] {processor.py:161} INFO - Started process (PID=136) to work on /home/airflow/.local/lib/python3.8/site-packages/airflow/example_dags/example_task_group_decorator.py
[2025-08-14T17:37:17.817+0000] {processor.py:830} INFO - Processing file /home/airflow/.local/lib/python3.8/site-packages/airflow/example_dags/example_task_group_decorator.py for tasks to queue
[2025-08-14T17:37:17.819+0000] {logging_mixin.py:188} INFO - [2025-08-14T17:37:17.818+0000] {dagbag.py:540} INFO - Filling up the DagBag from /home/airflow/.local/lib/python3.8/site-packages/airflow/example_dags/example_task_group_decorator.py
[2025-08-14T17:37:17.829+0000] {processor.py:840} INFO - DAG(s) 'example_task_group_decorator' retrieved from /home/airflow/.local/lib/python3.8/site-packages/airflow/example_dags/example_task_group_decorator.py
[2025-08-14T17:37:17.885+0000] {logging_mixin.py:188} INFO - [2025-08-14T17:37:17.885+0000] {dag.py:3047} INFO - Sync 1 DAGs
[2025-08-14T17:37:17.895+0000] {logging_mixin.py:188} INFO - [2025-08-14T17:37:17.895+0000] {dag.py:3834} INFO - Setting next_dagrun for example_task_group_decorator to 2025-08-13 00:00:00+00:00, run_after=2025-08-14 00:00:00+00:00
[2025-08-14T17:37:17.904+0000] {processor.py:183} INFO - Processing /home/airflow/.local/lib/python3.8/site-packages/airflow/example_dags/example_task_group_decorator.py took 0.099 seconds
[2025-08-14T17:37:48.376+0000] {processor.py:161} INFO - Started process (PID=192) to work on /home/airflow/.local/lib/python3.8/site-packages/airflow/example_dags/example_task_group_decorator.py
[2025-08-14T17:37:48.378+0000] {processor.py:830} INFO - Processing file /home/airflow/.local/lib/python3.8/site-packages/airflow/example_dags/example_task_group_decorator.py for tasks to queue
[2025-08-14T17:37:48.379+0000] {logging_mixin.py:188} INFO - [2025-08-14T17:37:48.379+0000] {dagbag.py:540} INFO - Filling up the DagBag from /home/airflow/.local/lib/python3.8/site-packages/airflow/example_dags/example_task_group_decorator.py
[2025-08-14T17:37:48.388+0000] {processor.py:840} INFO - DAG(s) 'example_task_group_decorator' retrieved from /home/airflow/.local/lib/python3.8/site-packages/airflow/example_dags/example_task_group_decorator.py
[2025-08-14T17:37:48.404+0000] {logging_mixin.py:188} INFO - [2025-08-14T17:37:48.403+0000] {dag.py:3047} INFO - Sync 1 DAGs
[2025-08-14T17:37:48.416+0000] {logging_mixin.py:188} INFO - [2025-08-14T17:37:48.416+0000] {dag.py:3834} INFO - Setting next_dagrun for example_task_group_decorator to 2025-08-13 00:00:00+00:00, run_after=2025-08-14 00:00:00+00:00
[2025-08-14T17:37:48.426+0000] {processor.py:183} INFO - Processing /home/airflow/.local/lib/python3.8/site-packages/airflow/example_dags/example_task_group_decorator.py took 0.053 seconds
[2025-08-14T17:38:19.317+0000] {processor.py:161} INFO - Started process (PID=248) to work on /home/airflow/.local/lib/python3.8/site-packages/airflow/example_dags/example_task_group_decorator.py
[2025-08-14T17:38:19.319+0000] {processor.py:830} INFO - Processing file /home/airflow/.local/lib/python3.8/site-packages/airflow/example_dags/example_task_group_decorator.py for tasks to queue
[2025-08-14T17:38:19.321+0000] {logging_mixin.py:188} INFO - [2025-08-14T17:38:19.320+0000] {dagbag.py:540} INFO - Filling up the DagBag from /home/airflow/.local/lib/python3.8/site-packages/airflow/example_dags/example_task_group_decorator.py
[2025-08-14T17:38:19.328+0000] {processor.py:840} INFO - DAG(s) 'example_task_group_decorator' retrieved from /home/airflow/.local/lib/python3.8/site-packages/airflow/example_dags/example_task_group_decorator.py
[2025-08-14T17:38:19.341+0000] {logging_mixin.py:188} INFO - [2025-08-14T17:38:19.341+0000] {dag.py:3047} INFO - Sync 1 DAGs
[2025-08-14T17:38:19.351+0000] {logging_mixin.py:188} INFO - [2025-08-14T17:38:19.351+0000] {dag.py:3834} INFO - Setting next_dagrun for example_task_group_decorator to 2025-08-13 00:00:00+00:00, run_after=2025-08-14 00:00:00+00:00
[2025-08-14T17:38:19.359+0000] {processor.py:183} INFO - Processing /home/airflow/.local/lib/python3.8/site-packages/airflow/example_dags/example_task_group_decorator.py took 0.044 seconds
[2025-08-14T17:38:49.829+0000] {processor.py:161} INFO - Started process (PID=305) to work on /home/airflow/.local/lib/python3.8/site-packages/airflow/example_dags/example_task_group_decorator.py
[2025-08-14T17:38:49.829+0000] {processor.py:830} INFO - Processing file /home/airflow/.local/lib/python3.8/site-packages/airflow/example_dags/example_task_group_decorator.py for tasks to queue
[2025-08-14T17:38:49.830+0000] {logging_mixin.py:188} INFO - [2025-08-14T17:38:49.830+0000] {dagbag.py:540} INFO - Filling up the DagBag from /home/airflow/.local/lib/python3.8/site-packages/airflow/example_dags/example_task_group_decorator.py
[2025-08-14T17:38:49.837+0000] {processor.py:840} INFO - DAG(s) 'example_task_group_decorator' retrieved from /home/airflow/.local/lib/python3.8/site-packages/airflow/example_dags/example_task_group_decorator.py
[2025-08-14T17:38:49.848+0000] {logging_mixin.py:188} INFO - [2025-08-14T17:38:49.848+0000] {dag.py:3047} INFO - Sync 1 DAGs
[2025-08-14T17:38:49.858+0000] {logging_mixin.py:188} INFO - [2025-08-14T17:38:49.857+0000] {dag.py:3834} INFO - Setting next_dagrun for example_task_group_decorator to 2025-08-13 00:00:00+00:00, run_after=2025-08-14 00:00:00+00:00
[2025-08-14T17:38:49.865+0000] {processor.py:183} INFO - Processing /home/airflow/.local/lib/python3.8/site-packages/airflow/example_dags/example_task_group_decorator.py took 0.038 seconds
[2025-08-14T17:39:20.093+0000] {processor.py:161} INFO - Started process (PID=361) to work on /home/airflow/.local/lib/python3.8/site-packages/airflow/example_dags/example_task_group_decorator.py
[2025-08-14T17:39:20.094+0000] {processor.py:830} INFO - Processing file /home/airflow/.local/lib/python3.8/site-packages/airflow/example_dags/example_task_group_decorator.py for tasks to queue
[2025-08-14T17:39:20.095+0000] {logging_mixin.py:188} INFO - [2025-08-14T17:39:20.095+0000] {dagbag.py:540} INFO - Filling up the DagBag from /home/airflow/.local/lib/python3.8/site-packages/airflow/example_dags/example_task_group_decorator.py
[2025-08-14T17:39:20.102+0000] {processor.py:840} INFO - DAG(s) 'example_task_group_decorator' retrieved from /home/airflow/.local/lib/python3.8/site-packages/airflow/example_dags/example_task_group_decorator.py
[2025-08-14T17:39:20.116+0000] {logging_mixin.py:188} INFO - [2025-08-14T17:39:20.116+0000] {dag.py:3047} INFO - Sync 1 DAGs
[2025-08-14T17:39:20.130+0000] {logging_mixin.py:188} INFO - [2025-08-14T17:39:20.130+0000] {dag.py:3834} INFO - Setting next_dagrun for example_task_group_decorator to 2025-08-13 00:00:00+00:00, run_after=2025-08-14 00:00:00+00:00
[2025-08-14T17:39:20.138+0000] {processor.py:183} INFO - Processing /home/airflow/.local/lib/python3.8/site-packages/airflow/example_dags/example_task_group_decorator.py took 0.047 seconds
[2025-08-14T17:39:51.054+0000] {processor.py:161} INFO - Started process (PID=417) to work on /home/airflow/.local/lib/python3.8/site-packages/airflow/example_dags/example_task_group_decorator.py
[2025-08-14T17:39:51.055+0000] {processor.py:830} INFO - Processing file /home/airflow/.local/lib/python3.8/site-packages/airflow/example_dags/example_task_group_decorator.py for tasks to queue
[2025-08-14T17:39:51.056+0000] {logging_mixin.py:188} INFO - [2025-08-14T17:39:51.056+0000] {dagbag.py:540} INFO - Filling up the DagBag from /home/airflow/.local/lib/python3.8/site-packages/airflow/example_dags/example_task_group_decorator.py
[2025-08-14T17:39:51.063+0000] {processor.py:840} INFO - DAG(s) 'example_task_group_decorator' retrieved from /home/airflow/.local/lib/python3.8/site-packages/airflow/example_dags/example_task_group_decorator.py
[2025-08-14T17:39:51.076+0000] {logging_mixin.py:188} INFO - [2025-08-14T17:39:51.076+0000] {dag.py:3047} INFO - Sync 1 DAGs
[2025-08-14T17:39:51.086+0000] {logging_mixin.py:188} INFO - [2025-08-14T17:39:51.086+0000] {dag.py:3834} INFO - Setting next_dagrun for example_task_group_decorator to 2025-08-13 00:00:00+00:00, run_after=2025-08-14 00:00:00+00:00
[2025-08-14T17:39:51.095+0000] {processor.py:183} INFO - Processing /home/airflow/.local/lib/python3.8/site-packages/airflow/example_dags/example_task_group_decorator.py took 0.044 seconds
[2025-08-14T17:40:21.686+0000] {processor.py:161} INFO - Started process (PID=473) to work on /home/airflow/.local/lib/python3.8/site-packages/airflow/example_dags/example_task_group_decorator.py
[2025-08-14T17:40:21.688+0000] {processor.py:830} INFO - Processing file /home/airflow/.local/lib/python3.8/site-packages/airflow/example_dags/example_task_group_decorator.py for tasks to queue
[2025-08-14T17:40:21.690+0000] {logging_mixin.py:188} INFO - [2025-08-14T17:40:21.690+0000] {dagbag.py:540} INFO - Filling up the DagBag from /home/airflow/.local/lib/python3.8/site-packages/airflow/example_dags/example_task_group_decorator.py
[2025-08-14T17:40:21.712+0000] {processor.py:840} INFO - DAG(s) 'example_task_group_decorator' retrieved from /home/airflow/.local/lib/python3.8/site-packages/airflow/example_dags/example_task_group_decorator.py
[2025-08-14T17:40:21.734+0000] {logging_mixin.py:188} INFO - [2025-08-14T17:40:21.733+0000] {dag.py:3047} INFO - Sync 1 DAGs
[2025-08-14T17:40:21.766+0000] {logging_mixin.py:188} INFO - [2025-08-14T17:40:21.766+0000] {dag.py:3834} INFO - Setting next_dagrun for example_task_group_decorator to 2025-08-13 00:00:00+00:00, run_after=2025-08-14 00:00:00+00:00
[2025-08-14T17:40:21.779+0000] {processor.py:183} INFO - Processing /home/airflow/.local/lib/python3.8/site-packages/airflow/example_dags/example_task_group_decorator.py took 0.096 seconds
[2025-08-14T17:40:52.353+0000] {processor.py:161} INFO - Started process (PID=529) to work on /home/airflow/.local/lib/python3.8/site-packages/airflow/example_dags/example_task_group_decorator.py
[2025-08-14T17:40:52.356+0000] {processor.py:830} INFO - Processing file /home/airflow/.local/lib/python3.8/site-packages/airflow/example_dags/example_task_group_decorator.py for tasks to queue
[2025-08-14T17:40:52.358+0000] {logging_mixin.py:188} INFO - [2025-08-14T17:40:52.357+0000] {dagbag.py:540} INFO - Filling up the DagBag from /home/airflow/.local/lib/python3.8/site-packages/airflow/example_dags/example_task_group_decorator.py
[2025-08-14T17:40:52.367+0000] {processor.py:840} INFO - DAG(s) 'example_task_group_decorator' retrieved from /home/airflow/.local/lib/python3.8/site-packages/airflow/example_dags/example_task_group_decorator.py
[2025-08-14T17:40:52.386+0000] {logging_mixin.py:188} INFO - [2025-08-14T17:40:52.386+0000] {dag.py:3047} INFO - Sync 1 DAGs
[2025-08-14T17:40:52.399+0000] {logging_mixin.py:188} INFO - [2025-08-14T17:40:52.398+0000] {dag.py:3834} INFO - Setting next_dagrun for example_task_group_decorator to 2025-08-13 00:00:00+00:00, run_after=2025-08-14 00:00:00+00:00
[2025-08-14T17:40:52.406+0000] {processor.py:183} INFO - Processing /home/airflow/.local/lib/python3.8/site-packages/airflow/example_dags/example_task_group_decorator.py took 0.056 seconds
[2025-08-14T17:41:22.707+0000] {processor.py:161} INFO - Started process (PID=585) to work on /home/airflow/.local/lib/python3.8/site-packages/airflow/example_dags/example_task_group_decorator.py
[2025-08-14T17:41:22.708+0000] {processor.py:830} INFO - Processing file /home/airflow/.local/lib/python3.8/site-packages/airflow/example_dags/example_task_group_decorator.py for tasks to queue
[2025-08-14T17:41:22.709+0000] {logging_mixin.py:188} INFO - [2025-08-14T17:41:22.709+0000] {dagbag.py:540} INFO - Filling up the DagBag from /home/airflow/.local/lib/python3.8/site-packages/airflow/example_dags/example_task_group_decorator.py
[2025-08-14T17:41:22.717+0000] {processor.py:840} INFO - DAG(s) 'example_task_group_decorator' retrieved from /home/airflow/.local/lib/python3.8/site-packages/airflow/example_dags/example_task_group_decorator.py
[2025-08-14T17:41:22.728+0000] {logging_mixin.py:188} INFO - [2025-08-14T17:41:22.728+0000] {dag.py:3047} INFO - Sync 1 DAGs
[2025-08-14T17:41:22.738+0000] {logging_mixin.py:188} INFO - [2025-08-14T17:41:22.738+0000] {dag.py:3834} INFO - Setting next_dagrun for example_task_group_decorator to 2025-08-13 00:00:00+00:00, run_after=2025-08-14 00:00:00+00:00
[2025-08-14T17:41:22.746+0000] {processor.py:183} INFO - Processing /home/airflow/.local/lib/python3.8/site-packages/airflow/example_dags/example_task_group_decorator.py took 0.040 seconds
[2025-08-14T17:41:53.345+0000] {processor.py:161} INFO - Started process (PID=641) to work on /home/airflow/.local/lib/python3.8/site-packages/airflow/example_dags/example_task_group_decorator.py
[2025-08-14T17:41:53.346+0000] {processor.py:830} INFO - Processing file /home/airflow/.local/lib/python3.8/site-packages/airflow/example_dags/example_task_group_decorator.py for tasks to queue
[2025-08-14T17:41:53.347+0000] {logging_mixin.py:188} INFO - [2025-08-14T17:41:53.347+0000] {dagbag.py:540} INFO - Filling up the DagBag from /home/airflow/.local/lib/python3.8/site-packages/airflow/example_dags/example_task_group_decorator.py
[2025-08-14T17:41:53.356+0000] {processor.py:840} INFO - DAG(s) 'example_task_group_decorator' retrieved from /home/airflow/.local/lib/python3.8/site-packages/airflow/example_dags/example_task_group_decorator.py
[2025-08-14T17:41:53.372+0000] {logging_mixin.py:188} INFO - [2025-08-14T17:41:53.372+0000] {dag.py:3047} INFO - Sync 1 DAGs
[2025-08-14T17:41:53.385+0000] {logging_mixin.py:188} INFO - [2025-08-14T17:41:53.385+0000] {dag.py:3834} INFO - Setting next_dagrun for example_task_group_decorator to 2025-08-13 00:00:00+00:00, run_after=2025-08-14 00:00:00+00:00
[2025-08-14T17:41:53.399+0000] {processor.py:183} INFO - Processing /home/airflow/.local/lib/python3.8/site-packages/airflow/example_dags/example_task_group_decorator.py took 0.057 seconds
[2025-08-14T17:42:24.058+0000] {processor.py:161} INFO - Started process (PID=697) to work on /home/airflow/.local/lib/python3.8/site-packages/airflow/example_dags/example_task_group_decorator.py
[2025-08-14T17:42:24.059+0000] {processor.py:830} INFO - Processing file /home/airflow/.local/lib/python3.8/site-packages/airflow/example_dags/example_task_group_decorator.py for tasks to queue
[2025-08-14T17:42:24.060+0000] {logging_mixin.py:188} INFO - [2025-08-14T17:42:24.059+0000] {dagbag.py:540} INFO - Filling up the DagBag from /home/airflow/.local/lib/python3.8/site-packages/airflow/example_dags/example_task_group_decorator.py
[2025-08-14T17:42:24.069+0000] {processor.py:840} INFO - DAG(s) 'example_task_group_decorator' retrieved from /home/airflow/.local/lib/python3.8/site-packages/airflow/example_dags/example_task_group_decorator.py
[2025-08-14T17:42:24.082+0000] {logging_mixin.py:188} INFO - [2025-08-14T17:42:24.082+0000] {dag.py:3047} INFO - Sync 1 DAGs
[2025-08-14T17:42:24.095+0000] {logging_mixin.py:188} INFO - [2025-08-14T17:42:24.094+0000] {dag.py:3834} INFO - Setting next_dagrun for example_task_group_decorator to 2025-08-13 00:00:00+00:00, run_after=2025-08-14 00:00:00+00:00
[2025-08-14T17:42:24.103+0000] {processor.py:183} INFO - Processing /home/airflow/.local/lib/python3.8/site-packages/airflow/example_dags/example_task_group_decorator.py took 0.048 seconds
[2025-08-14T17:42:54.401+0000] {processor.py:161} INFO - Started process (PID=753) to work on /home/airflow/.local/lib/python3.8/site-packages/airflow/example_dags/example_task_group_decorator.py
[2025-08-14T17:42:54.401+0000] {processor.py:830} INFO - Processing file /home/airflow/.local/lib/python3.8/site-packages/airflow/example_dags/example_task_group_decorator.py for tasks to queue
[2025-08-14T17:42:54.402+0000] {logging_mixin.py:188} INFO - [2025-08-14T17:42:54.402+0000] {dagbag.py:540} INFO - Filling up the DagBag from /home/airflow/.local/lib/python3.8/site-packages/airflow/example_dags/example_task_group_decorator.py
[2025-08-14T17:42:54.409+0000] {processor.py:840} INFO - DAG(s) 'example_task_group_decorator' retrieved from /home/airflow/.local/lib/python3.8/site-packages/airflow/example_dags/example_task_group_decorator.py
[2025-08-14T17:42:54.421+0000] {logging_mixin.py:188} INFO - [2025-08-14T17:42:54.421+0000] {dag.py:3047} INFO - Sync 1 DAGs
[2025-08-14T17:42:54.430+0000] {logging_mixin.py:188} INFO - [2025-08-14T17:42:54.430+0000] {dag.py:3834} INFO - Setting next_dagrun for example_task_group_decorator to 2025-08-13 00:00:00+00:00, run_after=2025-08-14 00:00:00+00:00
[2025-08-14T17:42:54.438+0000] {processor.py:183} INFO - Processing /home/airflow/.local/lib/python3.8/site-packages/airflow/example_dags/example_task_group_decorator.py took 0.039 seconds
[2025-08-14T17:43:24.812+0000] {processor.py:161} INFO - Started process (PID=809) to work on /home/airflow/.local/lib/python3.8/site-packages/airflow/example_dags/example_task_group_decorator.py
[2025-08-14T17:43:24.812+0000] {processor.py:830} INFO - Processing file /home/airflow/.local/lib/python3.8/site-packages/airflow/example_dags/example_task_group_decorator.py for tasks to queue
[2025-08-14T17:43:24.813+0000] {logging_mixin.py:188} INFO - [2025-08-14T17:43:24.813+0000] {dagbag.py:540} INFO - Filling up the DagBag from /home/airflow/.local/lib/python3.8/site-packages/airflow/example_dags/example_task_group_decorator.py
[2025-08-14T17:43:24.820+0000] {processor.py:840} INFO - DAG(s) 'example_task_group_decorator' retrieved from /home/airflow/.local/lib/python3.8/site-packages/airflow/example_dags/example_task_group_decorator.py
[2025-08-14T17:43:24.833+0000] {logging_mixin.py:188} INFO - [2025-08-14T17:43:24.833+0000] {dag.py:3047} INFO - Sync 1 DAGs
[2025-08-14T17:43:24.845+0000] {logging_mixin.py:188} INFO - [2025-08-14T17:43:24.845+0000] {dag.py:3834} INFO - Setting next_dagrun for example_task_group_decorator to 2025-08-13 00:00:00+00:00, run_after=2025-08-14 00:00:00+00:00
[2025-08-14T17:43:24.864+0000] {processor.py:183} INFO - Processing /home/airflow/.local/lib/python3.8/site-packages/airflow/example_dags/example_task_group_decorator.py took 0.055 seconds
[2025-08-14T17:43:55.355+0000] {processor.py:161} INFO - Started process (PID=865) to work on /home/airflow/.local/lib/python3.8/site-packages/airflow/example_dags/example_task_group_decorator.py
[2025-08-14T17:43:55.356+0000] {processor.py:830} INFO - Processing file /home/airflow/.local/lib/python3.8/site-packages/airflow/example_dags/example_task_group_decorator.py for tasks to queue
[2025-08-14T17:43:55.357+0000] {logging_mixin.py:188} INFO - [2025-08-14T17:43:55.357+0000] {dagbag.py:540} INFO - Filling up the DagBag from /home/airflow/.local/lib/python3.8/site-packages/airflow/example_dags/example_task_group_decorator.py
[2025-08-14T17:43:55.364+0000] {processor.py:840} INFO - DAG(s) 'example_task_group_decorator' retrieved from /home/airflow/.local/lib/python3.8/site-packages/airflow/example_dags/example_task_group_decorator.py
[2025-08-14T17:43:55.377+0000] {logging_mixin.py:188} INFO - [2025-08-14T17:43:55.376+0000] {dag.py:3047} INFO - Sync 1 DAGs
[2025-08-14T17:43:55.387+0000] {logging_mixin.py:188} INFO - [2025-08-14T17:43:55.387+0000] {dag.py:3834} INFO - Setting next_dagrun for example_task_group_decorator to 2025-08-13 00:00:00+00:00, run_after=2025-08-14 00:00:00+00:00
[2025-08-14T17:43:55.395+0000] {processor.py:183} INFO - Processing /home/airflow/.local/lib/python3.8/site-packages/airflow/example_dags/example_task_group_decorator.py took 0.042 seconds
[2025-08-14T17:44:25.591+0000] {processor.py:161} INFO - Started process (PID=921) to work on /home/airflow/.local/lib/python3.8/site-packages/airflow/example_dags/example_task_group_decorator.py
[2025-08-14T17:44:25.593+0000] {processor.py:830} INFO - Processing file /home/airflow/.local/lib/python3.8/site-packages/airflow/example_dags/example_task_group_decorator.py for tasks to queue
[2025-08-14T17:44:25.595+0000] {logging_mixin.py:188} INFO - [2025-08-14T17:44:25.594+0000] {dagbag.py:540} INFO - Filling up the DagBag from /home/airflow/.local/lib/python3.8/site-packages/airflow/example_dags/example_task_group_decorator.py
[2025-08-14T17:44:25.601+0000] {processor.py:840} INFO - DAG(s) 'example_task_group_decorator' retrieved from /home/airflow/.local/lib/python3.8/site-packages/airflow/example_dags/example_task_group_decorator.py
[2025-08-14T17:44:25.613+0000] {logging_mixin.py:188} INFO - [2025-08-14T17:44:25.613+0000] {dag.py:3047} INFO - Sync 1 DAGs
[2025-08-14T17:44:25.623+0000] {logging_mixin.py:188} INFO - [2025-08-14T17:44:25.623+0000] {dag.py:3834} INFO - Setting next_dagrun for example_task_group_decorator to 2025-08-13 00:00:00+00:00, run_after=2025-08-14 00:00:00+00:00
[2025-08-14T17:44:25.632+0000] {processor.py:183} INFO - Processing /home/airflow/.local/lib/python3.8/site-packages/airflow/example_dags/example_task_group_decorator.py took 0.043 seconds
[2025-08-14T17:44:55.868+0000] {processor.py:161} INFO - Started process (PID=977) to work on /home/airflow/.local/lib/python3.8/site-packages/airflow/example_dags/example_task_group_decorator.py
[2025-08-14T17:44:55.869+0000] {processor.py:830} INFO - Processing file /home/airflow/.local/lib/python3.8/site-packages/airflow/example_dags/example_task_group_decorator.py for tasks to queue
[2025-08-14T17:44:55.870+0000] {logging_mixin.py:188} INFO - [2025-08-14T17:44:55.870+0000] {dagbag.py:540} INFO - Filling up the DagBag from /home/airflow/.local/lib/python3.8/site-packages/airflow/example_dags/example_task_group_decorator.py
[2025-08-14T17:44:55.878+0000] {processor.py:840} INFO - DAG(s) 'example_task_group_decorator' retrieved from /home/airflow/.local/lib/python3.8/site-packages/airflow/example_dags/example_task_group_decorator.py
[2025-08-14T17:44:55.894+0000] {logging_mixin.py:188} INFO - [2025-08-14T17:44:55.894+0000] {dag.py:3047} INFO - Sync 1 DAGs
[2025-08-14T17:44:55.906+0000] {logging_mixin.py:188} INFO - [2025-08-14T17:44:55.906+0000] {dag.py:3834} INFO - Setting next_dagrun for example_task_group_decorator to 2025-08-13 00:00:00+00:00, run_after=2025-08-14 00:00:00+00:00
[2025-08-14T17:44:55.914+0000] {processor.py:183} INFO - Processing /home/airflow/.local/lib/python3.8/site-packages/airflow/example_dags/example_task_group_decorator.py took 0.052 seconds
[2025-08-14T17:45:26.191+0000] {processor.py:161} INFO - Started process (PID=1033) to work on /home/airflow/.local/lib/python3.8/site-packages/airflow/example_dags/example_task_group_decorator.py
[2025-08-14T17:45:26.192+0000] {processor.py:830} INFO - Processing file /home/airflow/.local/lib/python3.8/site-packages/airflow/example_dags/example_task_group_decorator.py for tasks to queue
[2025-08-14T17:45:26.193+0000] {logging_mixin.py:188} INFO - [2025-08-14T17:45:26.193+0000] {dagbag.py:540} INFO - Filling up the DagBag from /home/airflow/.local/lib/python3.8/site-packages/airflow/example_dags/example_task_group_decorator.py
[2025-08-14T17:45:26.202+0000] {processor.py:840} INFO - DAG(s) 'example_task_group_decorator' retrieved from /home/airflow/.local/lib/python3.8/site-packages/airflow/example_dags/example_task_group_decorator.py
[2025-08-14T17:45:26.216+0000] {logging_mixin.py:188} INFO - [2025-08-14T17:45:26.216+0000] {dag.py:3047} INFO - Sync 1 DAGs
[2025-08-14T17:45:26.226+0000] {logging_mixin.py:188} INFO - [2025-08-14T17:45:26.226+0000] {dag.py:3834} INFO - Setting next_dagrun for example_task_group_decorator to 2025-08-13 00:00:00+00:00, run_after=2025-08-14 00:00:00+00:00
[2025-08-14T17:45:26.234+0000] {processor.py:183} INFO - Processing /home/airflow/.local/lib/python3.8/site-packages/airflow/example_dags/example_task_group_decorator.py took 0.044 seconds
[2025-08-14T17:45:56.839+0000] {processor.py:161} INFO - Started process (PID=1089) to work on /home/airflow/.local/lib/python3.8/site-packages/airflow/example_dags/example_task_group_decorator.py
[2025-08-14T17:45:56.840+0000] {processor.py:830} INFO - Processing file /home/airflow/.local/lib/python3.8/site-packages/airflow/example_dags/example_task_group_decorator.py for tasks to queue
[2025-08-14T17:45:56.841+0000] {logging_mixin.py:188} INFO - [2025-08-14T17:45:56.841+0000] {dagbag.py:540} INFO - Filling up the DagBag from /home/airflow/.local/lib/python3.8/site-packages/airflow/example_dags/example_task_group_decorator.py
[2025-08-14T17:45:56.848+0000] {processor.py:840} INFO - DAG(s) 'example_task_group_decorator' retrieved from /home/airflow/.local/lib/python3.8/site-packages/airflow/example_dags/example_task_group_decorator.py
[2025-08-14T17:45:56.860+0000] {logging_mixin.py:188} INFO - [2025-08-14T17:45:56.860+0000] {dag.py:3047} INFO - Sync 1 DAGs
[2025-08-14T17:45:56.874+0000] {logging_mixin.py:188} INFO - [2025-08-14T17:45:56.874+0000] {dag.py:3834} INFO - Setting next_dagrun for example_task_group_decorator to 2025-08-13 00:00:00+00:00, run_after=2025-08-14 00:00:00+00:00
[2025-08-14T17:45:56.887+0000] {processor.py:183} INFO - Processing /home/airflow/.local/lib/python3.8/site-packages/airflow/example_dags/example_task_group_decorator.py took 0.050 seconds
[2025-08-14T17:46:27.127+0000] {processor.py:161} INFO - Started process (PID=1145) to work on /home/airflow/.local/lib/python3.8/site-packages/airflow/example_dags/example_task_group_decorator.py
[2025-08-14T17:46:27.128+0000] {processor.py:830} INFO - Processing file /home/airflow/.local/lib/python3.8/site-packages/airflow/example_dags/example_task_group_decorator.py for tasks to queue
[2025-08-14T17:46:27.129+0000] {logging_mixin.py:188} INFO - [2025-08-14T17:46:27.128+0000] {dagbag.py:540} INFO - Filling up the DagBag from /home/airflow/.local/lib/python3.8/site-packages/airflow/example_dags/example_task_group_decorator.py
[2025-08-14T17:46:27.136+0000] {processor.py:840} INFO - DAG(s) 'example_task_group_decorator' retrieved from /home/airflow/.local/lib/python3.8/site-packages/airflow/example_dags/example_task_group_decorator.py
[2025-08-14T17:46:27.148+0000] {logging_mixin.py:188} INFO - [2025-08-14T17:46:27.148+0000] {dag.py:3047} INFO - Sync 1 DAGs
[2025-08-14T17:46:27.157+0000] {logging_mixin.py:188} INFO - [2025-08-14T17:46:27.157+0000] {dag.py:3834} INFO - Setting next_dagrun for example_task_group_decorator to 2025-08-13 00:00:00+00:00, run_after=2025-08-14 00:00:00+00:00
[2025-08-14T17:46:27.164+0000] {processor.py:183} INFO - Processing /home/airflow/.local/lib/python3.8/site-packages/airflow/example_dags/example_task_group_decorator.py took 0.039 seconds
[2025-08-14T17:46:58.093+0000] {processor.py:161} INFO - Started process (PID=1201) to work on /home/airflow/.local/lib/python3.8/site-packages/airflow/example_dags/example_task_group_decorator.py
[2025-08-14T17:46:58.094+0000] {processor.py:830} INFO - Processing file /home/airflow/.local/lib/python3.8/site-packages/airflow/example_dags/example_task_group_decorator.py for tasks to queue
[2025-08-14T17:46:58.096+0000] {logging_mixin.py:188} INFO - [2025-08-14T17:46:58.095+0000] {dagbag.py:540} INFO - Filling up the DagBag from /home/airflow/.local/lib/python3.8/site-packages/airflow/example_dags/example_task_group_decorator.py
[2025-08-14T17:46:58.117+0000] {processor.py:840} INFO - DAG(s) 'example_task_group_decorator' retrieved from /home/airflow/.local/lib/python3.8/site-packages/airflow/example_dags/example_task_group_decorator.py
[2025-08-14T17:46:58.153+0000] {logging_mixin.py:188} INFO - [2025-08-14T17:46:58.153+0000] {dag.py:3047} INFO - Sync 1 DAGs
[2025-08-14T17:46:58.169+0000] {logging_mixin.py:188} INFO - [2025-08-14T17:46:58.168+0000] {dag.py:3834} INFO - Setting next_dagrun for example_task_group_decorator to 2025-08-13 00:00:00+00:00, run_after=2025-08-14 00:00:00+00:00
[2025-08-14T17:46:58.181+0000] {processor.py:183} INFO - Processing /home/airflow/.local/lib/python3.8/site-packages/airflow/example_dags/example_task_group_decorator.py took 0.091 seconds
[2025-08-14T17:47:29.001+0000] {processor.py:161} INFO - Started process (PID=1257) to work on /home/airflow/.local/lib/python3.8/site-packages/airflow/example_dags/example_task_group_decorator.py
[2025-08-14T17:47:29.003+0000] {processor.py:830} INFO - Processing file /home/airflow/.local/lib/python3.8/site-packages/airflow/example_dags/example_task_group_decorator.py for tasks to queue
[2025-08-14T17:47:29.005+0000] {logging_mixin.py:188} INFO - [2025-08-14T17:47:29.005+0000] {dagbag.py:540} INFO - Filling up the DagBag from /home/airflow/.local/lib/python3.8/site-packages/airflow/example_dags/example_task_group_decorator.py
[2025-08-14T17:47:29.013+0000] {processor.py:840} INFO - DAG(s) 'example_task_group_decorator' retrieved from /home/airflow/.local/lib/python3.8/site-packages/airflow/example_dags/example_task_group_decorator.py
[2025-08-14T17:47:29.026+0000] {logging_mixin.py:188} INFO - [2025-08-14T17:47:29.026+0000] {dag.py:3047} INFO - Sync 1 DAGs
[2025-08-14T17:47:29.036+0000] {logging_mixin.py:188} INFO - [2025-08-14T17:47:29.036+0000] {dag.py:3834} INFO - Setting next_dagrun for example_task_group_decorator to 2025-08-13 00:00:00+00:00, run_after=2025-08-14 00:00:00+00:00
[2025-08-14T17:47:29.044+0000] {processor.py:183} INFO - Processing /home/airflow/.local/lib/python3.8/site-packages/airflow/example_dags/example_task_group_decorator.py took 0.044 seconds
[2025-08-14T17:47:59.334+0000] {processor.py:161} INFO - Started process (PID=1313) to work on /home/airflow/.local/lib/python3.8/site-packages/airflow/example_dags/example_task_group_decorator.py
[2025-08-14T17:47:59.338+0000] {processor.py:830} INFO - Processing file /home/airflow/.local/lib/python3.8/site-packages/airflow/example_dags/example_task_group_decorator.py for tasks to queue
[2025-08-14T17:47:59.340+0000] {logging_mixin.py:188} INFO - [2025-08-14T17:47:59.339+0000] {dagbag.py:540} INFO - Filling up the DagBag from /home/airflow/.local/lib/python3.8/site-packages/airflow/example_dags/example_task_group_decorator.py
[2025-08-14T17:47:59.351+0000] {processor.py:840} INFO - DAG(s) 'example_task_group_decorator' retrieved from /home/airflow/.local/lib/python3.8/site-packages/airflow/example_dags/example_task_group_decorator.py
[2025-08-14T17:47:59.376+0000] {logging_mixin.py:188} INFO - [2025-08-14T17:47:59.376+0000] {dag.py:3047} INFO - Sync 1 DAGs
[2025-08-14T17:47:59.387+0000] {logging_mixin.py:188} INFO - [2025-08-14T17:47:59.387+0000] {dag.py:3834} INFO - Setting next_dagrun for example_task_group_decorator to 2025-08-13 00:00:00+00:00, run_after=2025-08-14 00:00:00+00:00
[2025-08-14T17:47:59.395+0000] {processor.py:183} INFO - Processing /home/airflow/.local/lib/python3.8/site-packages/airflow/example_dags/example_task_group_decorator.py took 0.063 seconds
[2025-08-14T17:48:29.700+0000] {processor.py:161} INFO - Started process (PID=1369) to work on /home/airflow/.local/lib/python3.8/site-packages/airflow/example_dags/example_task_group_decorator.py
[2025-08-14T17:48:29.701+0000] {processor.py:830} INFO - Processing file /home/airflow/.local/lib/python3.8/site-packages/airflow/example_dags/example_task_group_decorator.py for tasks to queue
[2025-08-14T17:48:29.702+0000] {logging_mixin.py:188} INFO - [2025-08-14T17:48:29.702+0000] {dagbag.py:540} INFO - Filling up the DagBag from /home/airflow/.local/lib/python3.8/site-packages/airflow/example_dags/example_task_group_decorator.py
[2025-08-14T17:48:29.709+0000] {processor.py:840} INFO - DAG(s) 'example_task_group_decorator' retrieved from /home/airflow/.local/lib/python3.8/site-packages/airflow/example_dags/example_task_group_decorator.py
[2025-08-14T17:48:29.723+0000] {logging_mixin.py:188} INFO - [2025-08-14T17:48:29.723+0000] {dag.py:3047} INFO - Sync 1 DAGs
[2025-08-14T17:48:29.732+0000] {logging_mixin.py:188} INFO - [2025-08-14T17:48:29.732+0000] {dag.py:3834} INFO - Setting next_dagrun for example_task_group_decorator to 2025-08-13 00:00:00+00:00, run_after=2025-08-14 00:00:00+00:00
[2025-08-14T17:48:29.740+0000] {processor.py:183} INFO - Processing /home/airflow/.local/lib/python3.8/site-packages/airflow/example_dags/example_task_group_decorator.py took 0.042 seconds
[2025-08-14T17:49:00.349+0000] {processor.py:161} INFO - Started process (PID=1425) to work on /home/airflow/.local/lib/python3.8/site-packages/airflow/example_dags/example_task_group_decorator.py
[2025-08-14T17:49:00.350+0000] {processor.py:830} INFO - Processing file /home/airflow/.local/lib/python3.8/site-packages/airflow/example_dags/example_task_group_decorator.py for tasks to queue
[2025-08-14T17:49:00.355+0000] {logging_mixin.py:188} INFO - [2025-08-14T17:49:00.355+0000] {dagbag.py:540} INFO - Filling up the DagBag from /home/airflow/.local/lib/python3.8/site-packages/airflow/example_dags/example_task_group_decorator.py
[2025-08-14T17:49:00.363+0000] {processor.py:840} INFO - DAG(s) 'example_task_group_decorator' retrieved from /home/airflow/.local/lib/python3.8/site-packages/airflow/example_dags/example_task_group_decorator.py
[2025-08-14T17:49:00.384+0000] {logging_mixin.py:188} INFO - [2025-08-14T17:49:00.384+0000] {dag.py:3047} INFO - Sync 1 DAGs
[2025-08-14T17:49:00.396+0000] {logging_mixin.py:188} INFO - [2025-08-14T17:49:00.395+0000] {dag.py:3834} INFO - Setting next_dagrun for example_task_group_decorator to 2025-08-13 00:00:00+00:00, run_after=2025-08-14 00:00:00+00:00
[2025-08-14T17:49:00.404+0000] {processor.py:183} INFO - Processing /home/airflow/.local/lib/python3.8/site-packages/airflow/example_dags/example_task_group_decorator.py took 0.058 seconds
[2025-08-14T17:49:30.520+0000] {processor.py:161} INFO - Started process (PID=1481) to work on /home/airflow/.local/lib/python3.8/site-packages/airflow/example_dags/example_task_group_decorator.py
[2025-08-14T17:49:30.521+0000] {processor.py:830} INFO - Processing file /home/airflow/.local/lib/python3.8/site-packages/airflow/example_dags/example_task_group_decorator.py for tasks to queue
[2025-08-14T17:49:30.522+0000] {logging_mixin.py:188} INFO - [2025-08-14T17:49:30.522+0000] {dagbag.py:540} INFO - Filling up the DagBag from /home/airflow/.local/lib/python3.8/site-packages/airflow/example_dags/example_task_group_decorator.py
[2025-08-14T17:49:30.530+0000] {processor.py:840} INFO - DAG(s) 'example_task_group_decorator' retrieved from /home/airflow/.local/lib/python3.8/site-packages/airflow/example_dags/example_task_group_decorator.py
[2025-08-14T17:49:30.544+0000] {logging_mixin.py:188} INFO - [2025-08-14T17:49:30.544+0000] {dag.py:3047} INFO - Sync 1 DAGs
[2025-08-14T17:49:30.556+0000] {logging_mixin.py:188} INFO - [2025-08-14T17:49:30.556+0000] {dag.py:3834} INFO - Setting next_dagrun for example_task_group_decorator to 2025-08-13 00:00:00+00:00, run_after=2025-08-14 00:00:00+00:00
[2025-08-14T17:49:30.568+0000] {processor.py:183} INFO - Processing /home/airflow/.local/lib/python3.8/site-packages/airflow/example_dags/example_task_group_decorator.py took 0.050 seconds
[2025-08-14T17:50:02.088+0000] {processor.py:161} INFO - Started process (PID=1537) to work on /home/airflow/.local/lib/python3.8/site-packages/airflow/example_dags/example_task_group_decorator.py
[2025-08-14T17:50:02.091+0000] {processor.py:830} INFO - Processing file /home/airflow/.local/lib/python3.8/site-packages/airflow/example_dags/example_task_group_decorator.py for tasks to queue
[2025-08-14T17:50:02.093+0000] {logging_mixin.py:188} INFO - [2025-08-14T17:50:02.093+0000] {dagbag.py:540} INFO - Filling up the DagBag from /home/airflow/.local/lib/python3.8/site-packages/airflow/example_dags/example_task_group_decorator.py
[2025-08-14T17:50:02.105+0000] {processor.py:840} INFO - DAG(s) 'example_task_group_decorator' retrieved from /home/airflow/.local/lib/python3.8/site-packages/airflow/example_dags/example_task_group_decorator.py
[2025-08-14T17:50:02.131+0000] {logging_mixin.py:188} INFO - [2025-08-14T17:50:02.130+0000] {dag.py:3047} INFO - Sync 1 DAGs
[2025-08-14T17:50:02.154+0000] {logging_mixin.py:188} INFO - [2025-08-14T17:50:02.154+0000] {dag.py:3834} INFO - Setting next_dagrun for example_task_group_decorator to 2025-08-13 00:00:00+00:00, run_after=2025-08-14 00:00:00+00:00
[2025-08-14T17:50:02.168+0000] {processor.py:183} INFO - Processing /home/airflow/.local/lib/python3.8/site-packages/airflow/example_dags/example_task_group_decorator.py took 0.089 seconds
[2025-08-14T17:50:32.192+0000] {processor.py:161} INFO - Started process (PID=1593) to work on /home/airflow/.local/lib/python3.8/site-packages/airflow/example_dags/example_task_group_decorator.py
[2025-08-14T17:50:32.193+0000] {processor.py:830} INFO - Processing file /home/airflow/.local/lib/python3.8/site-packages/airflow/example_dags/example_task_group_decorator.py for tasks to queue
[2025-08-14T17:50:32.194+0000] {logging_mixin.py:188} INFO - [2025-08-14T17:50:32.194+0000] {dagbag.py:540} INFO - Filling up the DagBag from /home/airflow/.local/lib/python3.8/site-packages/airflow/example_dags/example_task_group_decorator.py
[2025-08-14T17:50:32.201+0000] {processor.py:840} INFO - DAG(s) 'example_task_group_decorator' retrieved from /home/airflow/.local/lib/python3.8/site-packages/airflow/example_dags/example_task_group_decorator.py
[2025-08-14T17:50:32.213+0000] {logging_mixin.py:188} INFO - [2025-08-14T17:50:32.213+0000] {dag.py:3047} INFO - Sync 1 DAGs
[2025-08-14T17:50:32.224+0000] {logging_mixin.py:188} INFO - [2025-08-14T17:50:32.224+0000] {dag.py:3834} INFO - Setting next_dagrun for example_task_group_decorator to 2025-08-13 00:00:00+00:00, run_after=2025-08-14 00:00:00+00:00
[2025-08-14T17:50:32.232+0000] {processor.py:183} INFO - Processing /home/airflow/.local/lib/python3.8/site-packages/airflow/example_dags/example_task_group_decorator.py took 0.042 seconds
[2025-08-14T17:51:02.988+0000] {processor.py:161} INFO - Started process (PID=1649) to work on /home/airflow/.local/lib/python3.8/site-packages/airflow/example_dags/example_task_group_decorator.py
[2025-08-14T17:51:02.989+0000] {processor.py:830} INFO - Processing file /home/airflow/.local/lib/python3.8/site-packages/airflow/example_dags/example_task_group_decorator.py for tasks to queue
[2025-08-14T17:51:02.991+0000] {logging_mixin.py:188} INFO - [2025-08-14T17:51:02.990+0000] {dagbag.py:540} INFO - Filling up the DagBag from /home/airflow/.local/lib/python3.8/site-packages/airflow/example_dags/example_task_group_decorator.py
[2025-08-14T17:51:02.998+0000] {processor.py:840} INFO - DAG(s) 'example_task_group_decorator' retrieved from /home/airflow/.local/lib/python3.8/site-packages/airflow/example_dags/example_task_group_decorator.py
[2025-08-14T17:51:03.012+0000] {logging_mixin.py:188} INFO - [2025-08-14T17:51:03.012+0000] {dag.py:3047} INFO - Sync 1 DAGs
[2025-08-14T17:51:03.021+0000] {logging_mixin.py:188} INFO - [2025-08-14T17:51:03.021+0000] {dag.py:3834} INFO - Setting next_dagrun for example_task_group_decorator to 2025-08-13 00:00:00+00:00, run_after=2025-08-14 00:00:00+00:00
[2025-08-14T17:51:03.029+0000] {processor.py:183} INFO - Processing /home/airflow/.local/lib/python3.8/site-packages/airflow/example_dags/example_task_group_decorator.py took 0.043 seconds
[2025-08-14T17:51:33.504+0000] {processor.py:161} INFO - Started process (PID=1705) to work on /home/airflow/.local/lib/python3.8/site-packages/airflow/example_dags/example_task_group_decorator.py
[2025-08-14T17:51:33.506+0000] {processor.py:830} INFO - Processing file /home/airflow/.local/lib/python3.8/site-packages/airflow/example_dags/example_task_group_decorator.py for tasks to queue
[2025-08-14T17:51:33.507+0000] {logging_mixin.py:188} INFO - [2025-08-14T17:51:33.507+0000] {dagbag.py:540} INFO - Filling up the DagBag from /home/airflow/.local/lib/python3.8/site-packages/airflow/example_dags/example_task_group_decorator.py
[2025-08-14T17:51:33.517+0000] {processor.py:840} INFO - DAG(s) 'example_task_group_decorator' retrieved from /home/airflow/.local/lib/python3.8/site-packages/airflow/example_dags/example_task_group_decorator.py
[2025-08-14T17:51:33.539+0000] {logging_mixin.py:188} INFO - [2025-08-14T17:51:33.539+0000] {dag.py:3047} INFO - Sync 1 DAGs
[2025-08-14T17:51:33.550+0000] {logging_mixin.py:188} INFO - [2025-08-14T17:51:33.550+0000] {dag.py:3834} INFO - Setting next_dagrun for example_task_group_decorator to 2025-08-13 00:00:00+00:00, run_after=2025-08-14 00:00:00+00:00
[2025-08-14T17:51:33.559+0000] {processor.py:183} INFO - Processing /home/airflow/.local/lib/python3.8/site-packages/airflow/example_dags/example_task_group_decorator.py took 0.057 seconds
[2025-08-14T17:52:04.200+0000] {processor.py:161} INFO - Started process (PID=1761) to work on /home/airflow/.local/lib/python3.8/site-packages/airflow/example_dags/example_task_group_decorator.py
[2025-08-14T17:52:04.201+0000] {processor.py:830} INFO - Processing file /home/airflow/.local/lib/python3.8/site-packages/airflow/example_dags/example_task_group_decorator.py for tasks to queue
[2025-08-14T17:52:04.203+0000] {logging_mixin.py:188} INFO - [2025-08-14T17:52:04.203+0000] {dagbag.py:540} INFO - Filling up the DagBag from /home/airflow/.local/lib/python3.8/site-packages/airflow/example_dags/example_task_group_decorator.py
[2025-08-14T17:52:04.210+0000] {processor.py:840} INFO - DAG(s) 'example_task_group_decorator' retrieved from /home/airflow/.local/lib/python3.8/site-packages/airflow/example_dags/example_task_group_decorator.py
[2025-08-14T17:52:04.226+0000] {logging_mixin.py:188} INFO - [2025-08-14T17:52:04.226+0000] {dag.py:3047} INFO - Sync 1 DAGs
[2025-08-14T17:52:04.236+0000] {logging_mixin.py:188} INFO - [2025-08-14T17:52:04.236+0000] {dag.py:3834} INFO - Setting next_dagrun for example_task_group_decorator to 2025-08-13 00:00:00+00:00, run_after=2025-08-14 00:00:00+00:00
[2025-08-14T17:52:04.244+0000] {processor.py:183} INFO - Processing /home/airflow/.local/lib/python3.8/site-packages/airflow/example_dags/example_task_group_decorator.py took 0.046 seconds
[2025-08-14T17:52:34.479+0000] {processor.py:161} INFO - Started process (PID=1817) to work on /home/airflow/.local/lib/python3.8/site-packages/airflow/example_dags/example_task_group_decorator.py
[2025-08-14T17:52:34.480+0000] {processor.py:830} INFO - Processing file /home/airflow/.local/lib/python3.8/site-packages/airflow/example_dags/example_task_group_decorator.py for tasks to queue
[2025-08-14T17:52:34.481+0000] {logging_mixin.py:188} INFO - [2025-08-14T17:52:34.481+0000] {dagbag.py:540} INFO - Filling up the DagBag from /home/airflow/.local/lib/python3.8/site-packages/airflow/example_dags/example_task_group_decorator.py
[2025-08-14T17:52:34.489+0000] {processor.py:840} INFO - DAG(s) 'example_task_group_decorator' retrieved from /home/airflow/.local/lib/python3.8/site-packages/airflow/example_dags/example_task_group_decorator.py
[2025-08-14T17:52:34.502+0000] {logging_mixin.py:188} INFO - [2025-08-14T17:52:34.502+0000] {dag.py:3047} INFO - Sync 1 DAGs
[2025-08-14T17:52:34.514+0000] {logging_mixin.py:188} INFO - [2025-08-14T17:52:34.514+0000] {dag.py:3834} INFO - Setting next_dagrun for example_task_group_decorator to 2025-08-13 00:00:00+00:00, run_after=2025-08-14 00:00:00+00:00
[2025-08-14T17:52:34.527+0000] {processor.py:183} INFO - Processing /home/airflow/.local/lib/python3.8/site-packages/airflow/example_dags/example_task_group_decorator.py took 0.050 seconds
[2025-08-14T17:53:05.434+0000] {processor.py:161} INFO - Started process (PID=1873) to work on /home/airflow/.local/lib/python3.8/site-packages/airflow/example_dags/example_task_group_decorator.py
[2025-08-14T17:53:05.435+0000] {processor.py:830} INFO - Processing file /home/airflow/.local/lib/python3.8/site-packages/airflow/example_dags/example_task_group_decorator.py for tasks to queue
[2025-08-14T17:53:05.436+0000] {logging_mixin.py:188} INFO - [2025-08-14T17:53:05.436+0000] {dagbag.py:540} INFO - Filling up the DagBag from /home/airflow/.local/lib/python3.8/site-packages/airflow/example_dags/example_task_group_decorator.py
[2025-08-14T17:53:05.445+0000] {processor.py:840} INFO - DAG(s) 'example_task_group_decorator' retrieved from /home/airflow/.local/lib/python3.8/site-packages/airflow/example_dags/example_task_group_decorator.py
[2025-08-14T17:53:05.464+0000] {logging_mixin.py:188} INFO - [2025-08-14T17:53:05.464+0000] {dag.py:3047} INFO - Sync 1 DAGs
[2025-08-14T17:53:05.475+0000] {logging_mixin.py:188} INFO - [2025-08-14T17:53:05.475+0000] {dag.py:3834} INFO - Setting next_dagrun for example_task_group_decorator to 2025-08-13 00:00:00+00:00, run_after=2025-08-14 00:00:00+00:00
[2025-08-14T17:53:05.484+0000] {processor.py:183} INFO - Processing /home/airflow/.local/lib/python3.8/site-packages/airflow/example_dags/example_task_group_decorator.py took 0.053 seconds
[2025-08-14T17:53:35.635+0000] {processor.py:161} INFO - Started process (PID=1929) to work on /home/airflow/.local/lib/python3.8/site-packages/airflow/example_dags/example_task_group_decorator.py
[2025-08-14T17:53:35.636+0000] {processor.py:830} INFO - Processing file /home/airflow/.local/lib/python3.8/site-packages/airflow/example_dags/example_task_group_decorator.py for tasks to queue
[2025-08-14T17:53:35.637+0000] {logging_mixin.py:188} INFO - [2025-08-14T17:53:35.637+0000] {dagbag.py:540} INFO - Filling up the DagBag from /home/airflow/.local/lib/python3.8/site-packages/airflow/example_dags/example_task_group_decorator.py
[2025-08-14T17:53:35.647+0000] {processor.py:840} INFO - DAG(s) 'example_task_group_decorator' retrieved from /home/airflow/.local/lib/python3.8/site-packages/airflow/example_dags/example_task_group_decorator.py
[2025-08-14T17:53:35.667+0000] {logging_mixin.py:188} INFO - [2025-08-14T17:53:35.667+0000] {dag.py:3047} INFO - Sync 1 DAGs
[2025-08-14T17:53:35.694+0000] {logging_mixin.py:188} INFO - [2025-08-14T17:53:35.694+0000] {dag.py:3834} INFO - Setting next_dagrun for example_task_group_decorator to 2025-08-13 00:00:00+00:00, run_after=2025-08-14 00:00:00+00:00
[2025-08-14T17:53:35.704+0000] {processor.py:183} INFO - Processing /home/airflow/.local/lib/python3.8/site-packages/airflow/example_dags/example_task_group_decorator.py took 0.071 seconds
[2025-08-14T17:54:05.792+0000] {processor.py:161} INFO - Started process (PID=1985) to work on /home/airflow/.local/lib/python3.8/site-packages/airflow/example_dags/example_task_group_decorator.py
[2025-08-14T17:54:05.793+0000] {processor.py:830} INFO - Processing file /home/airflow/.local/lib/python3.8/site-packages/airflow/example_dags/example_task_group_decorator.py for tasks to queue
[2025-08-14T17:54:05.795+0000] {logging_mixin.py:188} INFO - [2025-08-14T17:54:05.795+0000] {dagbag.py:540} INFO - Filling up the DagBag from /home/airflow/.local/lib/python3.8/site-packages/airflow/example_dags/example_task_group_decorator.py
[2025-08-14T17:54:05.804+0000] {processor.py:840} INFO - DAG(s) 'example_task_group_decorator' retrieved from /home/airflow/.local/lib/python3.8/site-packages/airflow/example_dags/example_task_group_decorator.py
[2025-08-14T17:54:05.823+0000] {logging_mixin.py:188} INFO - [2025-08-14T17:54:05.823+0000] {dag.py:3047} INFO - Sync 1 DAGs
[2025-08-14T17:54:05.834+0000] {logging_mixin.py:188} INFO - [2025-08-14T17:54:05.834+0000] {dag.py:3834} INFO - Setting next_dagrun for example_task_group_decorator to 2025-08-13 00:00:00+00:00, run_after=2025-08-14 00:00:00+00:00
[2025-08-14T17:54:05.842+0000] {processor.py:183} INFO - Processing /home/airflow/.local/lib/python3.8/site-packages/airflow/example_dags/example_task_group_decorator.py took 0.052 seconds
[2025-08-14T17:54:36.271+0000] {processor.py:161} INFO - Started process (PID=2041) to work on /home/airflow/.local/lib/python3.8/site-packages/airflow/example_dags/example_task_group_decorator.py
[2025-08-14T17:54:36.272+0000] {processor.py:830} INFO - Processing file /home/airflow/.local/lib/python3.8/site-packages/airflow/example_dags/example_task_group_decorator.py for tasks to queue
[2025-08-14T17:54:36.272+0000] {logging_mixin.py:188} INFO - [2025-08-14T17:54:36.272+0000] {dagbag.py:540} INFO - Filling up the DagBag from /home/airflow/.local/lib/python3.8/site-packages/airflow/example_dags/example_task_group_decorator.py
[2025-08-14T17:54:36.279+0000] {processor.py:840} INFO - DAG(s) 'example_task_group_decorator' retrieved from /home/airflow/.local/lib/python3.8/site-packages/airflow/example_dags/example_task_group_decorator.py
[2025-08-14T17:54:36.291+0000] {logging_mixin.py:188} INFO - [2025-08-14T17:54:36.291+0000] {dag.py:3047} INFO - Sync 1 DAGs
[2025-08-14T17:54:36.300+0000] {logging_mixin.py:188} INFO - [2025-08-14T17:54:36.300+0000] {dag.py:3834} INFO - Setting next_dagrun for example_task_group_decorator to 2025-08-13 00:00:00+00:00, run_after=2025-08-14 00:00:00+00:00
[2025-08-14T17:54:36.308+0000] {processor.py:183} INFO - Processing /home/airflow/.local/lib/python3.8/site-packages/airflow/example_dags/example_task_group_decorator.py took 0.038 seconds
[2025-08-14T17:55:06.762+0000] {processor.py:161} INFO - Started process (PID=2097) to work on /home/airflow/.local/lib/python3.8/site-packages/airflow/example_dags/example_task_group_decorator.py
[2025-08-14T17:55:06.765+0000] {processor.py:830} INFO - Processing file /home/airflow/.local/lib/python3.8/site-packages/airflow/example_dags/example_task_group_decorator.py for tasks to queue
[2025-08-14T17:55:06.767+0000] {logging_mixin.py:188} INFO - [2025-08-14T17:55:06.766+0000] {dagbag.py:540} INFO - Filling up the DagBag from /home/airflow/.local/lib/python3.8/site-packages/airflow/example_dags/example_task_group_decorator.py
[2025-08-14T17:55:06.774+0000] {processor.py:840} INFO - DAG(s) 'example_task_group_decorator' retrieved from /home/airflow/.local/lib/python3.8/site-packages/airflow/example_dags/example_task_group_decorator.py
[2025-08-14T17:55:06.790+0000] {logging_mixin.py:188} INFO - [2025-08-14T17:55:06.790+0000] {dag.py:3047} INFO - Sync 1 DAGs
[2025-08-14T17:55:06.800+0000] {logging_mixin.py:188} INFO - [2025-08-14T17:55:06.800+0000] {dag.py:3834} INFO - Setting next_dagrun for example_task_group_decorator to 2025-08-13 00:00:00+00:00, run_after=2025-08-14 00:00:00+00:00
[2025-08-14T17:55:06.812+0000] {processor.py:183} INFO - Processing /home/airflow/.local/lib/python3.8/site-packages/airflow/example_dags/example_task_group_decorator.py took 0.052 seconds
[2025-08-14T17:55:37.410+0000] {processor.py:161} INFO - Started process (PID=2153) to work on /home/airflow/.local/lib/python3.8/site-packages/airflow/example_dags/example_task_group_decorator.py
[2025-08-14T17:55:37.411+0000] {processor.py:830} INFO - Processing file /home/airflow/.local/lib/python3.8/site-packages/airflow/example_dags/example_task_group_decorator.py for tasks to queue
[2025-08-14T17:55:37.412+0000] {logging_mixin.py:188} INFO - [2025-08-14T17:55:37.412+0000] {dagbag.py:540} INFO - Filling up the DagBag from /home/airflow/.local/lib/python3.8/site-packages/airflow/example_dags/example_task_group_decorator.py
[2025-08-14T17:55:37.421+0000] {processor.py:840} INFO - DAG(s) 'example_task_group_decorator' retrieved from /home/airflow/.local/lib/python3.8/site-packages/airflow/example_dags/example_task_group_decorator.py
[2025-08-14T17:55:37.435+0000] {logging_mixin.py:188} INFO - [2025-08-14T17:55:37.435+0000] {dag.py:3047} INFO - Sync 1 DAGs
[2025-08-14T17:55:37.446+0000] {logging_mixin.py:188} INFO - [2025-08-14T17:55:37.446+0000] {dag.py:3834} INFO - Setting next_dagrun for example_task_group_decorator to 2025-08-13 00:00:00+00:00, run_after=2025-08-14 00:00:00+00:00
[2025-08-14T17:55:37.453+0000] {processor.py:183} INFO - Processing /home/airflow/.local/lib/python3.8/site-packages/airflow/example_dags/example_task_group_decorator.py took 0.045 seconds
[2025-08-14T17:56:07.864+0000] {processor.py:161} INFO - Started process (PID=2209) to work on /home/airflow/.local/lib/python3.8/site-packages/airflow/example_dags/example_task_group_decorator.py
[2025-08-14T17:56:07.866+0000] {processor.py:830} INFO - Processing file /home/airflow/.local/lib/python3.8/site-packages/airflow/example_dags/example_task_group_decorator.py for tasks to queue
[2025-08-14T17:56:07.867+0000] {logging_mixin.py:188} INFO - [2025-08-14T17:56:07.867+0000] {dagbag.py:540} INFO - Filling up the DagBag from /home/airflow/.local/lib/python3.8/site-packages/airflow/example_dags/example_task_group_decorator.py
[2025-08-14T17:56:07.874+0000] {processor.py:840} INFO - DAG(s) 'example_task_group_decorator' retrieved from /home/airflow/.local/lib/python3.8/site-packages/airflow/example_dags/example_task_group_decorator.py
[2025-08-14T17:56:07.886+0000] {logging_mixin.py:188} INFO - [2025-08-14T17:56:07.886+0000] {dag.py:3047} INFO - Sync 1 DAGs
[2025-08-14T17:56:07.897+0000] {logging_mixin.py:188} INFO - [2025-08-14T17:56:07.897+0000] {dag.py:3834} INFO - Setting next_dagrun for example_task_group_decorator to 2025-08-13 00:00:00+00:00, run_after=2025-08-14 00:00:00+00:00
[2025-08-14T17:56:07.907+0000] {processor.py:183} INFO - Processing /home/airflow/.local/lib/python3.8/site-packages/airflow/example_dags/example_task_group_decorator.py took 0.044 seconds
[2025-08-14T17:56:38.320+0000] {processor.py:161} INFO - Started process (PID=2265) to work on /home/airflow/.local/lib/python3.8/site-packages/airflow/example_dags/example_task_group_decorator.py
[2025-08-14T17:56:38.322+0000] {processor.py:830} INFO - Processing file /home/airflow/.local/lib/python3.8/site-packages/airflow/example_dags/example_task_group_decorator.py for tasks to queue
[2025-08-14T17:56:38.323+0000] {logging_mixin.py:188} INFO - [2025-08-14T17:56:38.323+0000] {dagbag.py:540} INFO - Filling up the DagBag from /home/airflow/.local/lib/python3.8/site-packages/airflow/example_dags/example_task_group_decorator.py
[2025-08-14T17:56:38.331+0000] {processor.py:840} INFO - DAG(s) 'example_task_group_decorator' retrieved from /home/airflow/.local/lib/python3.8/site-packages/airflow/example_dags/example_task_group_decorator.py
[2025-08-14T17:56:38.342+0000] {logging_mixin.py:188} INFO - [2025-08-14T17:56:38.342+0000] {dag.py:3047} INFO - Sync 1 DAGs
[2025-08-14T17:56:38.351+0000] {logging_mixin.py:188} INFO - [2025-08-14T17:56:38.351+0000] {dag.py:3834} INFO - Setting next_dagrun for example_task_group_decorator to 2025-08-13 00:00:00+00:00, run_after=2025-08-14 00:00:00+00:00
[2025-08-14T17:56:38.359+0000] {processor.py:183} INFO - Processing /home/airflow/.local/lib/python3.8/site-packages/airflow/example_dags/example_task_group_decorator.py took 0.041 seconds
[2025-08-14T17:57:08.739+0000] {processor.py:161} INFO - Started process (PID=2321) to work on /home/airflow/.local/lib/python3.8/site-packages/airflow/example_dags/example_task_group_decorator.py
[2025-08-14T17:57:08.740+0000] {processor.py:830} INFO - Processing file /home/airflow/.local/lib/python3.8/site-packages/airflow/example_dags/example_task_group_decorator.py for tasks to queue
[2025-08-14T17:57:08.741+0000] {logging_mixin.py:188} INFO - [2025-08-14T17:57:08.740+0000] {dagbag.py:540} INFO - Filling up the DagBag from /home/airflow/.local/lib/python3.8/site-packages/airflow/example_dags/example_task_group_decorator.py
[2025-08-14T17:57:08.747+0000] {processor.py:840} INFO - DAG(s) 'example_task_group_decorator' retrieved from /home/airflow/.local/lib/python3.8/site-packages/airflow/example_dags/example_task_group_decorator.py
[2025-08-14T17:57:08.758+0000] {logging_mixin.py:188} INFO - [2025-08-14T17:57:08.758+0000] {dag.py:3047} INFO - Sync 1 DAGs
[2025-08-14T17:57:08.767+0000] {logging_mixin.py:188} INFO - [2025-08-14T17:57:08.767+0000] {dag.py:3834} INFO - Setting next_dagrun for example_task_group_decorator to 2025-08-13 00:00:00+00:00, run_after=2025-08-14 00:00:00+00:00
[2025-08-14T17:57:08.775+0000] {processor.py:183} INFO - Processing /home/airflow/.local/lib/python3.8/site-packages/airflow/example_dags/example_task_group_decorator.py took 0.037 seconds
[2025-08-14T17:57:39.076+0000] {processor.py:161} INFO - Started process (PID=2377) to work on /home/airflow/.local/lib/python3.8/site-packages/airflow/example_dags/example_task_group_decorator.py
[2025-08-14T17:57:39.077+0000] {processor.py:830} INFO - Processing file /home/airflow/.local/lib/python3.8/site-packages/airflow/example_dags/example_task_group_decorator.py for tasks to queue
[2025-08-14T17:57:39.078+0000] {logging_mixin.py:188} INFO - [2025-08-14T17:57:39.078+0000] {dagbag.py:540} INFO - Filling up the DagBag from /home/airflow/.local/lib/python3.8/site-packages/airflow/example_dags/example_task_group_decorator.py
[2025-08-14T17:57:39.085+0000] {processor.py:840} INFO - DAG(s) 'example_task_group_decorator' retrieved from /home/airflow/.local/lib/python3.8/site-packages/airflow/example_dags/example_task_group_decorator.py
[2025-08-14T17:57:39.102+0000] {logging_mixin.py:188} INFO - [2025-08-14T17:57:39.101+0000] {dag.py:3047} INFO - Sync 1 DAGs
[2025-08-14T17:57:39.113+0000] {logging_mixin.py:188} INFO - [2025-08-14T17:57:39.113+0000] {dag.py:3834} INFO - Setting next_dagrun for example_task_group_decorator to 2025-08-13 00:00:00+00:00, run_after=2025-08-14 00:00:00+00:00
[2025-08-14T17:57:39.121+0000] {processor.py:183} INFO - Processing /home/airflow/.local/lib/python3.8/site-packages/airflow/example_dags/example_task_group_decorator.py took 0.046 seconds
[2025-08-14T17:58:09.804+0000] {processor.py:161} INFO - Started process (PID=2433) to work on /home/airflow/.local/lib/python3.8/site-packages/airflow/example_dags/example_task_group_decorator.py
[2025-08-14T17:58:09.805+0000] {processor.py:830} INFO - Processing file /home/airflow/.local/lib/python3.8/site-packages/airflow/example_dags/example_task_group_decorator.py for tasks to queue
[2025-08-14T17:58:09.806+0000] {logging_mixin.py:188} INFO - [2025-08-14T17:58:09.806+0000] {dagbag.py:540} INFO - Filling up the DagBag from /home/airflow/.local/lib/python3.8/site-packages/airflow/example_dags/example_task_group_decorator.py
[2025-08-14T17:58:09.816+0000] {processor.py:840} INFO - DAG(s) 'example_task_group_decorator' retrieved from /home/airflow/.local/lib/python3.8/site-packages/airflow/example_dags/example_task_group_decorator.py
[2025-08-14T17:58:09.836+0000] {logging_mixin.py:188} INFO - [2025-08-14T17:58:09.835+0000] {dag.py:3047} INFO - Sync 1 DAGs
[2025-08-14T17:58:09.848+0000] {logging_mixin.py:188} INFO - [2025-08-14T17:58:09.847+0000] {dag.py:3834} INFO - Setting next_dagrun for example_task_group_decorator to 2025-08-13 00:00:00+00:00, run_after=2025-08-14 00:00:00+00:00
[2025-08-14T17:58:09.855+0000] {processor.py:183} INFO - Processing /home/airflow/.local/lib/python3.8/site-packages/airflow/example_dags/example_task_group_decorator.py took 0.054 seconds
[2025-08-14T17:58:40.604+0000] {processor.py:161} INFO - Started process (PID=2489) to work on /home/airflow/.local/lib/python3.8/site-packages/airflow/example_dags/example_task_group_decorator.py
[2025-08-14T17:58:40.605+0000] {processor.py:830} INFO - Processing file /home/airflow/.local/lib/python3.8/site-packages/airflow/example_dags/example_task_group_decorator.py for tasks to queue
[2025-08-14T17:58:40.606+0000] {logging_mixin.py:188} INFO - [2025-08-14T17:58:40.606+0000] {dagbag.py:540} INFO - Filling up the DagBag from /home/airflow/.local/lib/python3.8/site-packages/airflow/example_dags/example_task_group_decorator.py
[2025-08-14T17:58:40.618+0000] {processor.py:840} INFO - DAG(s) 'example_task_group_decorator' retrieved from /home/airflow/.local/lib/python3.8/site-packages/airflow/example_dags/example_task_group_decorator.py
[2025-08-14T17:58:40.637+0000] {logging_mixin.py:188} INFO - [2025-08-14T17:58:40.637+0000] {dag.py:3047} INFO - Sync 1 DAGs
[2025-08-14T17:58:40.650+0000] {logging_mixin.py:188} INFO - [2025-08-14T17:58:40.650+0000] {dag.py:3834} INFO - Setting next_dagrun for example_task_group_decorator to 2025-08-13 00:00:00+00:00, run_after=2025-08-14 00:00:00+00:00
[2025-08-14T17:58:40.658+0000] {processor.py:183} INFO - Processing /home/airflow/.local/lib/python3.8/site-packages/airflow/example_dags/example_task_group_decorator.py took 0.056 seconds
[2025-08-14T17:59:11.049+0000] {processor.py:161} INFO - Started process (PID=2545) to work on /home/airflow/.local/lib/python3.8/site-packages/airflow/example_dags/example_task_group_decorator.py
[2025-08-14T17:59:11.050+0000] {processor.py:830} INFO - Processing file /home/airflow/.local/lib/python3.8/site-packages/airflow/example_dags/example_task_group_decorator.py for tasks to queue
[2025-08-14T17:59:11.051+0000] {logging_mixin.py:188} INFO - [2025-08-14T17:59:11.051+0000] {dagbag.py:540} INFO - Filling up the DagBag from /home/airflow/.local/lib/python3.8/site-packages/airflow/example_dags/example_task_group_decorator.py
[2025-08-14T17:59:11.061+0000] {processor.py:840} INFO - DAG(s) 'example_task_group_decorator' retrieved from /home/airflow/.local/lib/python3.8/site-packages/airflow/example_dags/example_task_group_decorator.py
[2025-08-14T17:59:11.076+0000] {logging_mixin.py:188} INFO - [2025-08-14T17:59:11.075+0000] {dag.py:3047} INFO - Sync 1 DAGs
[2025-08-14T17:59:11.085+0000] {logging_mixin.py:188} INFO - [2025-08-14T17:59:11.085+0000] {dag.py:3834} INFO - Setting next_dagrun for example_task_group_decorator to 2025-08-13 00:00:00+00:00, run_after=2025-08-14 00:00:00+00:00
[2025-08-14T17:59:11.093+0000] {processor.py:183} INFO - Processing /home/airflow/.local/lib/python3.8/site-packages/airflow/example_dags/example_task_group_decorator.py took 0.046 seconds
[2025-08-14T17:59:41.310+0000] {processor.py:161} INFO - Started process (PID=2601) to work on /home/airflow/.local/lib/python3.8/site-packages/airflow/example_dags/example_task_group_decorator.py
[2025-08-14T17:59:41.311+0000] {processor.py:830} INFO - Processing file /home/airflow/.local/lib/python3.8/site-packages/airflow/example_dags/example_task_group_decorator.py for tasks to queue
[2025-08-14T17:59:41.312+0000] {logging_mixin.py:188} INFO - [2025-08-14T17:59:41.312+0000] {dagbag.py:540} INFO - Filling up the DagBag from /home/airflow/.local/lib/python3.8/site-packages/airflow/example_dags/example_task_group_decorator.py
[2025-08-14T17:59:41.319+0000] {processor.py:840} INFO - DAG(s) 'example_task_group_decorator' retrieved from /home/airflow/.local/lib/python3.8/site-packages/airflow/example_dags/example_task_group_decorator.py
[2025-08-14T17:59:41.332+0000] {logging_mixin.py:188} INFO - [2025-08-14T17:59:41.332+0000] {dag.py:3047} INFO - Sync 1 DAGs
[2025-08-14T17:59:41.343+0000] {logging_mixin.py:188} INFO - [2025-08-14T17:59:41.342+0000] {dag.py:3834} INFO - Setting next_dagrun for example_task_group_decorator to 2025-08-13 00:00:00+00:00, run_after=2025-08-14 00:00:00+00:00
[2025-08-14T17:59:41.351+0000] {processor.py:183} INFO - Processing /home/airflow/.local/lib/python3.8/site-packages/airflow/example_dags/example_task_group_decorator.py took 0.043 seconds
[2025-08-14T18:00:11.835+0000] {processor.py:161} INFO - Started process (PID=2656) to work on /home/airflow/.local/lib/python3.8/site-packages/airflow/example_dags/example_task_group_decorator.py
[2025-08-14T18:00:11.837+0000] {processor.py:830} INFO - Processing file /home/airflow/.local/lib/python3.8/site-packages/airflow/example_dags/example_task_group_decorator.py for tasks to queue
[2025-08-14T18:00:11.839+0000] {logging_mixin.py:188} INFO - [2025-08-14T18:00:11.838+0000] {dagbag.py:540} INFO - Filling up the DagBag from /home/airflow/.local/lib/python3.8/site-packages/airflow/example_dags/example_task_group_decorator.py
[2025-08-14T18:00:11.848+0000] {processor.py:840} INFO - DAG(s) 'example_task_group_decorator' retrieved from /home/airflow/.local/lib/python3.8/site-packages/airflow/example_dags/example_task_group_decorator.py
[2025-08-14T18:00:11.862+0000] {logging_mixin.py:188} INFO - [2025-08-14T18:00:11.861+0000] {dag.py:3047} INFO - Sync 1 DAGs
[2025-08-14T18:00:11.873+0000] {logging_mixin.py:188} INFO - [2025-08-14T18:00:11.872+0000] {dag.py:3834} INFO - Setting next_dagrun for example_task_group_decorator to 2025-08-13 00:00:00+00:00, run_after=2025-08-14 00:00:00+00:00
[2025-08-14T18:00:11.881+0000] {processor.py:183} INFO - Processing /home/airflow/.local/lib/python3.8/site-packages/airflow/example_dags/example_task_group_decorator.py took 0.048 seconds
[2025-08-14T18:00:41.960+0000] {processor.py:161} INFO - Started process (PID=2712) to work on /home/airflow/.local/lib/python3.8/site-packages/airflow/example_dags/example_task_group_decorator.py
[2025-08-14T18:00:41.962+0000] {processor.py:830} INFO - Processing file /home/airflow/.local/lib/python3.8/site-packages/airflow/example_dags/example_task_group_decorator.py for tasks to queue
[2025-08-14T18:00:41.963+0000] {logging_mixin.py:188} INFO - [2025-08-14T18:00:41.963+0000] {dagbag.py:540} INFO - Filling up the DagBag from /home/airflow/.local/lib/python3.8/site-packages/airflow/example_dags/example_task_group_decorator.py
[2025-08-14T18:00:41.970+0000] {processor.py:840} INFO - DAG(s) 'example_task_group_decorator' retrieved from /home/airflow/.local/lib/python3.8/site-packages/airflow/example_dags/example_task_group_decorator.py
[2025-08-14T18:00:41.988+0000] {logging_mixin.py:188} INFO - [2025-08-14T18:00:41.988+0000] {dag.py:3047} INFO - Sync 1 DAGs
[2025-08-14T18:00:41.999+0000] {logging_mixin.py:188} INFO - [2025-08-14T18:00:41.999+0000] {dag.py:3834} INFO - Setting next_dagrun for example_task_group_decorator to 2025-08-13 00:00:00+00:00, run_after=2025-08-14 00:00:00+00:00
[2025-08-14T18:00:42.009+0000] {processor.py:183} INFO - Processing /home/airflow/.local/lib/python3.8/site-packages/airflow/example_dags/example_task_group_decorator.py took 0.051 seconds
[2025-08-14T18:01:12.323+0000] {processor.py:161} INFO - Started process (PID=2768) to work on /home/airflow/.local/lib/python3.8/site-packages/airflow/example_dags/example_task_group_decorator.py
[2025-08-14T18:01:12.324+0000] {processor.py:830} INFO - Processing file /home/airflow/.local/lib/python3.8/site-packages/airflow/example_dags/example_task_group_decorator.py for tasks to queue
[2025-08-14T18:01:12.326+0000] {logging_mixin.py:188} INFO - [2025-08-14T18:01:12.325+0000] {dagbag.py:540} INFO - Filling up the DagBag from /home/airflow/.local/lib/python3.8/site-packages/airflow/example_dags/example_task_group_decorator.py
[2025-08-14T18:01:12.334+0000] {processor.py:840} INFO - DAG(s) 'example_task_group_decorator' retrieved from /home/airflow/.local/lib/python3.8/site-packages/airflow/example_dags/example_task_group_decorator.py
[2025-08-14T18:01:12.353+0000] {logging_mixin.py:188} INFO - [2025-08-14T18:01:12.353+0000] {dag.py:3047} INFO - Sync 1 DAGs
[2025-08-14T18:01:12.364+0000] {logging_mixin.py:188} INFO - [2025-08-14T18:01:12.363+0000] {dag.py:3834} INFO - Setting next_dagrun for example_task_group_decorator to 2025-08-13 00:00:00+00:00, run_after=2025-08-14 00:00:00+00:00
[2025-08-14T18:01:12.372+0000] {processor.py:183} INFO - Processing /home/airflow/.local/lib/python3.8/site-packages/airflow/example_dags/example_task_group_decorator.py took 0.051 seconds
[2025-08-14T18:01:42.921+0000] {processor.py:161} INFO - Started process (PID=2824) to work on /home/airflow/.local/lib/python3.8/site-packages/airflow/example_dags/example_task_group_decorator.py
[2025-08-14T18:01:42.922+0000] {processor.py:830} INFO - Processing file /home/airflow/.local/lib/python3.8/site-packages/airflow/example_dags/example_task_group_decorator.py for tasks to queue
[2025-08-14T18:01:42.923+0000] {logging_mixin.py:188} INFO - [2025-08-14T18:01:42.923+0000] {dagbag.py:540} INFO - Filling up the DagBag from /home/airflow/.local/lib/python3.8/site-packages/airflow/example_dags/example_task_group_decorator.py
[2025-08-14T18:01:42.934+0000] {processor.py:840} INFO - DAG(s) 'example_task_group_decorator' retrieved from /home/airflow/.local/lib/python3.8/site-packages/airflow/example_dags/example_task_group_decorator.py
[2025-08-14T18:01:42.957+0000] {logging_mixin.py:188} INFO - [2025-08-14T18:01:42.956+0000] {dag.py:3047} INFO - Sync 1 DAGs
[2025-08-14T18:01:42.976+0000] {logging_mixin.py:188} INFO - [2025-08-14T18:01:42.976+0000] {dag.py:3834} INFO - Setting next_dagrun for example_task_group_decorator to 2025-08-13 00:00:00+00:00, run_after=2025-08-14 00:00:00+00:00
[2025-08-14T18:01:42.985+0000] {processor.py:183} INFO - Processing /home/airflow/.local/lib/python3.8/site-packages/airflow/example_dags/example_task_group_decorator.py took 0.066 seconds
[2025-08-14T18:02:13.583+0000] {processor.py:161} INFO - Started process (PID=2880) to work on /home/airflow/.local/lib/python3.8/site-packages/airflow/example_dags/example_task_group_decorator.py
[2025-08-14T18:02:13.584+0000] {processor.py:830} INFO - Processing file /home/airflow/.local/lib/python3.8/site-packages/airflow/example_dags/example_task_group_decorator.py for tasks to queue
[2025-08-14T18:02:13.586+0000] {logging_mixin.py:188} INFO - [2025-08-14T18:02:13.585+0000] {dagbag.py:540} INFO - Filling up the DagBag from /home/airflow/.local/lib/python3.8/site-packages/airflow/example_dags/example_task_group_decorator.py
[2025-08-14T18:02:13.596+0000] {processor.py:840} INFO - DAG(s) 'example_task_group_decorator' retrieved from /home/airflow/.local/lib/python3.8/site-packages/airflow/example_dags/example_task_group_decorator.py
[2025-08-14T18:02:13.613+0000] {logging_mixin.py:188} INFO - [2025-08-14T18:02:13.613+0000] {dag.py:3047} INFO - Sync 1 DAGs
[2025-08-14T18:02:13.624+0000] {logging_mixin.py:188} INFO - [2025-08-14T18:02:13.624+0000] {dag.py:3834} INFO - Setting next_dagrun for example_task_group_decorator to 2025-08-13 00:00:00+00:00, run_after=2025-08-14 00:00:00+00:00
[2025-08-14T18:02:13.634+0000] {processor.py:183} INFO - Processing /home/airflow/.local/lib/python3.8/site-packages/airflow/example_dags/example_task_group_decorator.py took 0.052 seconds
[2025-08-14T18:02:44.163+0000] {processor.py:161} INFO - Started process (PID=2936) to work on /home/airflow/.local/lib/python3.8/site-packages/airflow/example_dags/example_task_group_decorator.py
[2025-08-14T18:02:44.164+0000] {processor.py:830} INFO - Processing file /home/airflow/.local/lib/python3.8/site-packages/airflow/example_dags/example_task_group_decorator.py for tasks to queue
[2025-08-14T18:02:44.165+0000] {logging_mixin.py:188} INFO - [2025-08-14T18:02:44.165+0000] {dagbag.py:540} INFO - Filling up the DagBag from /home/airflow/.local/lib/python3.8/site-packages/airflow/example_dags/example_task_group_decorator.py
[2025-08-14T18:02:44.172+0000] {processor.py:840} INFO - DAG(s) 'example_task_group_decorator' retrieved from /home/airflow/.local/lib/python3.8/site-packages/airflow/example_dags/example_task_group_decorator.py
[2025-08-14T18:02:44.191+0000] {logging_mixin.py:188} INFO - [2025-08-14T18:02:44.191+0000] {dag.py:3047} INFO - Sync 1 DAGs
[2025-08-14T18:02:44.204+0000] {logging_mixin.py:188} INFO - [2025-08-14T18:02:44.204+0000] {dag.py:3834} INFO - Setting next_dagrun for example_task_group_decorator to 2025-08-13 00:00:00+00:00, run_after=2025-08-14 00:00:00+00:00
[2025-08-14T18:02:44.216+0000] {processor.py:183} INFO - Processing /home/airflow/.local/lib/python3.8/site-packages/airflow/example_dags/example_task_group_decorator.py took 0.056 seconds
[2025-08-14T18:03:14.312+0000] {processor.py:161} INFO - Started process (PID=2992) to work on /home/airflow/.local/lib/python3.8/site-packages/airflow/example_dags/example_task_group_decorator.py
[2025-08-14T18:03:14.313+0000] {processor.py:830} INFO - Processing file /home/airflow/.local/lib/python3.8/site-packages/airflow/example_dags/example_task_group_decorator.py for tasks to queue
[2025-08-14T18:03:14.314+0000] {logging_mixin.py:188} INFO - [2025-08-14T18:03:14.314+0000] {dagbag.py:540} INFO - Filling up the DagBag from /home/airflow/.local/lib/python3.8/site-packages/airflow/example_dags/example_task_group_decorator.py
[2025-08-14T18:03:14.325+0000] {processor.py:840} INFO - DAG(s) 'example_task_group_decorator' retrieved from /home/airflow/.local/lib/python3.8/site-packages/airflow/example_dags/example_task_group_decorator.py
[2025-08-14T18:03:14.340+0000] {logging_mixin.py:188} INFO - [2025-08-14T18:03:14.340+0000] {dag.py:3047} INFO - Sync 1 DAGs
[2025-08-14T18:03:14.350+0000] {logging_mixin.py:188} INFO - [2025-08-14T18:03:14.350+0000] {dag.py:3834} INFO - Setting next_dagrun for example_task_group_decorator to 2025-08-13 00:00:00+00:00, run_after=2025-08-14 00:00:00+00:00
[2025-08-14T18:03:14.357+0000] {processor.py:183} INFO - Processing /home/airflow/.local/lib/python3.8/site-packages/airflow/example_dags/example_task_group_decorator.py took 0.047 seconds
[2025-08-14T18:03:44.559+0000] {processor.py:161} INFO - Started process (PID=3048) to work on /home/airflow/.local/lib/python3.8/site-packages/airflow/example_dags/example_task_group_decorator.py
[2025-08-14T18:03:44.560+0000] {processor.py:830} INFO - Processing file /home/airflow/.local/lib/python3.8/site-packages/airflow/example_dags/example_task_group_decorator.py for tasks to queue
[2025-08-14T18:03:44.561+0000] {logging_mixin.py:188} INFO - [2025-08-14T18:03:44.561+0000] {dagbag.py:540} INFO - Filling up the DagBag from /home/airflow/.local/lib/python3.8/site-packages/airflow/example_dags/example_task_group_decorator.py
[2025-08-14T18:03:44.568+0000] {processor.py:840} INFO - DAG(s) 'example_task_group_decorator' retrieved from /home/airflow/.local/lib/python3.8/site-packages/airflow/example_dags/example_task_group_decorator.py
[2025-08-14T18:03:44.580+0000] {logging_mixin.py:188} INFO - [2025-08-14T18:03:44.580+0000] {dag.py:3047} INFO - Sync 1 DAGs
[2025-08-14T18:03:44.590+0000] {logging_mixin.py:188} INFO - [2025-08-14T18:03:44.590+0000] {dag.py:3834} INFO - Setting next_dagrun for example_task_group_decorator to 2025-08-13 00:00:00+00:00, run_after=2025-08-14 00:00:00+00:00
[2025-08-14T18:03:44.598+0000] {processor.py:183} INFO - Processing /home/airflow/.local/lib/python3.8/site-packages/airflow/example_dags/example_task_group_decorator.py took 0.040 seconds
[2025-08-14T18:04:15.228+0000] {processor.py:161} INFO - Started process (PID=3104) to work on /home/airflow/.local/lib/python3.8/site-packages/airflow/example_dags/example_task_group_decorator.py
[2025-08-14T18:04:15.230+0000] {processor.py:830} INFO - Processing file /home/airflow/.local/lib/python3.8/site-packages/airflow/example_dags/example_task_group_decorator.py for tasks to queue
[2025-08-14T18:04:15.232+0000] {logging_mixin.py:188} INFO - [2025-08-14T18:04:15.232+0000] {dagbag.py:540} INFO - Filling up the DagBag from /home/airflow/.local/lib/python3.8/site-packages/airflow/example_dags/example_task_group_decorator.py
[2025-08-14T18:04:15.246+0000] {processor.py:840} INFO - DAG(s) 'example_task_group_decorator' retrieved from /home/airflow/.local/lib/python3.8/site-packages/airflow/example_dags/example_task_group_decorator.py
[2025-08-14T18:04:15.391+0000] {logging_mixin.py:188} INFO - [2025-08-14T18:04:15.384+0000] {dag.py:3047} INFO - Sync 1 DAGs
[2025-08-14T18:04:15.464+0000] {logging_mixin.py:188} INFO - [2025-08-14T18:04:15.464+0000] {dag.py:3834} INFO - Setting next_dagrun for example_task_group_decorator to 2025-08-13 00:00:00+00:00, run_after=2025-08-14 00:00:00+00:00
[2025-08-14T18:04:15.480+0000] {processor.py:183} INFO - Processing /home/airflow/.local/lib/python3.8/site-packages/airflow/example_dags/example_task_group_decorator.py took 0.255 seconds
[2025-08-14T18:04:46.677+0000] {processor.py:161} INFO - Started process (PID=3159) to work on /home/airflow/.local/lib/python3.8/site-packages/airflow/example_dags/example_task_group_decorator.py
[2025-08-14T18:04:46.679+0000] {processor.py:830} INFO - Processing file /home/airflow/.local/lib/python3.8/site-packages/airflow/example_dags/example_task_group_decorator.py for tasks to queue
[2025-08-14T18:04:46.681+0000] {logging_mixin.py:188} INFO - [2025-08-14T18:04:46.680+0000] {dagbag.py:540} INFO - Filling up the DagBag from /home/airflow/.local/lib/python3.8/site-packages/airflow/example_dags/example_task_group_decorator.py
[2025-08-14T18:04:46.690+0000] {processor.py:840} INFO - DAG(s) 'example_task_group_decorator' retrieved from /home/airflow/.local/lib/python3.8/site-packages/airflow/example_dags/example_task_group_decorator.py
[2025-08-14T18:04:46.713+0000] {logging_mixin.py:188} INFO - [2025-08-14T18:04:46.712+0000] {dag.py:3047} INFO - Sync 1 DAGs
[2025-08-14T18:04:46.728+0000] {logging_mixin.py:188} INFO - [2025-08-14T18:04:46.728+0000] {dag.py:3834} INFO - Setting next_dagrun for example_task_group_decorator to 2025-08-13 00:00:00+00:00, run_after=2025-08-14 00:00:00+00:00
[2025-08-14T18:04:46.743+0000] {processor.py:183} INFO - Processing /home/airflow/.local/lib/python3.8/site-packages/airflow/example_dags/example_task_group_decorator.py took 0.068 seconds
[2025-08-14T18:05:17.501+0000] {processor.py:161} INFO - Started process (PID=3214) to work on /home/airflow/.local/lib/python3.8/site-packages/airflow/example_dags/example_task_group_decorator.py
[2025-08-14T18:05:17.502+0000] {processor.py:830} INFO - Processing file /home/airflow/.local/lib/python3.8/site-packages/airflow/example_dags/example_task_group_decorator.py for tasks to queue
[2025-08-14T18:05:17.503+0000] {logging_mixin.py:188} INFO - [2025-08-14T18:05:17.503+0000] {dagbag.py:540} INFO - Filling up the DagBag from /home/airflow/.local/lib/python3.8/site-packages/airflow/example_dags/example_task_group_decorator.py
[2025-08-14T18:05:17.513+0000] {processor.py:840} INFO - DAG(s) 'example_task_group_decorator' retrieved from /home/airflow/.local/lib/python3.8/site-packages/airflow/example_dags/example_task_group_decorator.py
[2025-08-14T18:05:17.528+0000] {logging_mixin.py:188} INFO - [2025-08-14T18:05:17.528+0000] {dag.py:3047} INFO - Sync 1 DAGs
[2025-08-14T18:05:17.539+0000] {logging_mixin.py:188} INFO - [2025-08-14T18:05:17.538+0000] {dag.py:3834} INFO - Setting next_dagrun for example_task_group_decorator to 2025-08-13 00:00:00+00:00, run_after=2025-08-14 00:00:00+00:00
[2025-08-14T18:05:17.547+0000] {processor.py:183} INFO - Processing /home/airflow/.local/lib/python3.8/site-packages/airflow/example_dags/example_task_group_decorator.py took 0.048 seconds
[2025-08-14T18:05:48.682+0000] {processor.py:161} INFO - Started process (PID=3270) to work on /home/airflow/.local/lib/python3.8/site-packages/airflow/example_dags/example_task_group_decorator.py
[2025-08-14T18:05:48.684+0000] {processor.py:830} INFO - Processing file /home/airflow/.local/lib/python3.8/site-packages/airflow/example_dags/example_task_group_decorator.py for tasks to queue
[2025-08-14T18:05:48.685+0000] {logging_mixin.py:188} INFO - [2025-08-14T18:05:48.685+0000] {dagbag.py:540} INFO - Filling up the DagBag from /home/airflow/.local/lib/python3.8/site-packages/airflow/example_dags/example_task_group_decorator.py
[2025-08-14T18:05:48.695+0000] {processor.py:840} INFO - DAG(s) 'example_task_group_decorator' retrieved from /home/airflow/.local/lib/python3.8/site-packages/airflow/example_dags/example_task_group_decorator.py
[2025-08-14T18:05:48.712+0000] {logging_mixin.py:188} INFO - [2025-08-14T18:05:48.712+0000] {dag.py:3047} INFO - Sync 1 DAGs
[2025-08-14T18:05:48.727+0000] {logging_mixin.py:188} INFO - [2025-08-14T18:05:48.727+0000] {dag.py:3834} INFO - Setting next_dagrun for example_task_group_decorator to 2025-08-13 00:00:00+00:00, run_after=2025-08-14 00:00:00+00:00
[2025-08-14T18:05:48.742+0000] {processor.py:183} INFO - Processing /home/airflow/.local/lib/python3.8/site-packages/airflow/example_dags/example_task_group_decorator.py took 0.062 seconds
