[2025-08-14T17:36:46.243+0000] {processor.py:161} INFO - Started process (PID=76) to work on /home/airflow/.local/lib/python3.8/site-packages/airflow/example_dags/example_params_trigger_ui.py
[2025-08-14T17:36:46.250+0000] {processor.py:830} INFO - Processing file /home/airflow/.local/lib/python3.8/site-packages/airflow/example_dags/example_params_trigger_ui.py for tasks to queue
[2025-08-14T17:36:46.259+0000] {logging_mixin.py:188} INFO - [2025-08-14T17:36:46.257+0000] {dagbag.py:540} INFO - Filling up the DagBag from /home/airflow/.local/lib/python3.8/site-packages/airflow/example_dags/example_params_trigger_ui.py
[2025-08-14T17:36:46.358+0000] {processor.py:840} INFO - DAG(s) 'example_params_trigger_ui' retrieved from /home/airflow/.local/lib/python3.8/site-packages/airflow/example_dags/example_params_trigger_ui.py
[2025-08-14T17:36:46.384+0000] {logging_mixin.py:188} INFO - [2025-08-14T17:36:46.383+0000] {dag.py:3047} INFO - Sync 1 DAGs
[2025-08-14T17:36:46.423+0000] {logging_mixin.py:188} INFO - [2025-08-14T17:36:46.422+0000] {dag.py:3834} INFO - Setting next_dagrun for example_params_trigger_ui to None, run_after=None
[2025-08-14T17:36:46.527+0000] {processor.py:183} INFO - Processing /home/airflow/.local/lib/python3.8/site-packages/airflow/example_dags/example_params_trigger_ui.py took 0.289 seconds
[2025-08-14T17:37:17.442+0000] {processor.py:161} INFO - Started process (PID=132) to work on /home/airflow/.local/lib/python3.8/site-packages/airflow/example_dags/example_params_trigger_ui.py
[2025-08-14T17:37:17.444+0000] {processor.py:830} INFO - Processing file /home/airflow/.local/lib/python3.8/site-packages/airflow/example_dags/example_params_trigger_ui.py for tasks to queue
[2025-08-14T17:37:17.446+0000] {logging_mixin.py:188} INFO - [2025-08-14T17:37:17.445+0000] {dagbag.py:540} INFO - Filling up the DagBag from /home/airflow/.local/lib/python3.8/site-packages/airflow/example_dags/example_params_trigger_ui.py
[2025-08-14T17:37:17.460+0000] {processor.py:840} INFO - DAG(s) 'example_params_trigger_ui' retrieved from /home/airflow/.local/lib/python3.8/site-packages/airflow/example_dags/example_params_trigger_ui.py
[2025-08-14T17:37:17.553+0000] {logging_mixin.py:188} INFO - [2025-08-14T17:37:17.553+0000] {dag.py:3047} INFO - Sync 1 DAGs
[2025-08-14T17:37:17.560+0000] {logging_mixin.py:188} INFO - [2025-08-14T17:37:17.560+0000] {dag.py:3834} INFO - Setting next_dagrun for example_params_trigger_ui to None, run_after=None
[2025-08-14T17:37:17.575+0000] {processor.py:183} INFO - Processing /home/airflow/.local/lib/python3.8/site-packages/airflow/example_dags/example_params_trigger_ui.py took 0.138 seconds
[2025-08-14T17:37:48.170+0000] {processor.py:161} INFO - Started process (PID=188) to work on /home/airflow/.local/lib/python3.8/site-packages/airflow/example_dags/example_params_trigger_ui.py
[2025-08-14T17:37:48.172+0000] {processor.py:830} INFO - Processing file /home/airflow/.local/lib/python3.8/site-packages/airflow/example_dags/example_params_trigger_ui.py for tasks to queue
[2025-08-14T17:37:48.175+0000] {logging_mixin.py:188} INFO - [2025-08-14T17:37:48.175+0000] {dagbag.py:540} INFO - Filling up the DagBag from /home/airflow/.local/lib/python3.8/site-packages/airflow/example_dags/example_params_trigger_ui.py
[2025-08-14T17:37:48.189+0000] {processor.py:840} INFO - DAG(s) 'example_params_trigger_ui' retrieved from /home/airflow/.local/lib/python3.8/site-packages/airflow/example_dags/example_params_trigger_ui.py
[2025-08-14T17:37:48.230+0000] {logging_mixin.py:188} INFO - [2025-08-14T17:37:48.230+0000] {dag.py:3047} INFO - Sync 1 DAGs
[2025-08-14T17:37:48.238+0000] {logging_mixin.py:188} INFO - [2025-08-14T17:37:48.238+0000] {dag.py:3834} INFO - Setting next_dagrun for example_params_trigger_ui to None, run_after=None
[2025-08-14T17:37:48.250+0000] {processor.py:183} INFO - Processing /home/airflow/.local/lib/python3.8/site-packages/airflow/example_dags/example_params_trigger_ui.py took 0.085 seconds
[2025-08-14T17:38:19.020+0000] {processor.py:161} INFO - Started process (PID=244) to work on /home/airflow/.local/lib/python3.8/site-packages/airflow/example_dags/example_params_trigger_ui.py
[2025-08-14T17:38:19.025+0000] {processor.py:830} INFO - Processing file /home/airflow/.local/lib/python3.8/site-packages/airflow/example_dags/example_params_trigger_ui.py for tasks to queue
[2025-08-14T17:38:19.029+0000] {logging_mixin.py:188} INFO - [2025-08-14T17:38:19.029+0000] {dagbag.py:540} INFO - Filling up the DagBag from /home/airflow/.local/lib/python3.8/site-packages/airflow/example_dags/example_params_trigger_ui.py
[2025-08-14T17:38:19.046+0000] {processor.py:840} INFO - DAG(s) 'example_params_trigger_ui' retrieved from /home/airflow/.local/lib/python3.8/site-packages/airflow/example_dags/example_params_trigger_ui.py
[2025-08-14T17:38:19.152+0000] {logging_mixin.py:188} INFO - [2025-08-14T17:38:19.151+0000] {dag.py:3047} INFO - Sync 1 DAGs
[2025-08-14T17:38:19.166+0000] {logging_mixin.py:188} INFO - [2025-08-14T17:38:19.166+0000] {dag.py:3834} INFO - Setting next_dagrun for example_params_trigger_ui to None, run_after=None
[2025-08-14T17:38:19.200+0000] {processor.py:183} INFO - Processing /home/airflow/.local/lib/python3.8/site-packages/airflow/example_dags/example_params_trigger_ui.py took 0.187 seconds
[2025-08-14T17:38:49.656+0000] {processor.py:161} INFO - Started process (PID=301) to work on /home/airflow/.local/lib/python3.8/site-packages/airflow/example_dags/example_params_trigger_ui.py
[2025-08-14T17:38:49.657+0000] {processor.py:830} INFO - Processing file /home/airflow/.local/lib/python3.8/site-packages/airflow/example_dags/example_params_trigger_ui.py for tasks to queue
[2025-08-14T17:38:49.659+0000] {logging_mixin.py:188} INFO - [2025-08-14T17:38:49.659+0000] {dagbag.py:540} INFO - Filling up the DagBag from /home/airflow/.local/lib/python3.8/site-packages/airflow/example_dags/example_params_trigger_ui.py
[2025-08-14T17:38:49.676+0000] {processor.py:840} INFO - DAG(s) 'example_params_trigger_ui' retrieved from /home/airflow/.local/lib/python3.8/site-packages/airflow/example_dags/example_params_trigger_ui.py
[2025-08-14T17:38:49.715+0000] {logging_mixin.py:188} INFO - [2025-08-14T17:38:49.715+0000] {dag.py:3047} INFO - Sync 1 DAGs
[2025-08-14T17:38:49.725+0000] {logging_mixin.py:188} INFO - [2025-08-14T17:38:49.725+0000] {dag.py:3834} INFO - Setting next_dagrun for example_params_trigger_ui to None, run_after=None
[2025-08-14T17:38:49.746+0000] {processor.py:183} INFO - Processing /home/airflow/.local/lib/python3.8/site-packages/airflow/example_dags/example_params_trigger_ui.py took 0.095 seconds
[2025-08-14T17:39:19.919+0000] {processor.py:161} INFO - Started process (PID=357) to work on /home/airflow/.local/lib/python3.8/site-packages/airflow/example_dags/example_params_trigger_ui.py
[2025-08-14T17:39:19.921+0000] {processor.py:830} INFO - Processing file /home/airflow/.local/lib/python3.8/site-packages/airflow/example_dags/example_params_trigger_ui.py for tasks to queue
[2025-08-14T17:39:19.926+0000] {logging_mixin.py:188} INFO - [2025-08-14T17:39:19.925+0000] {dagbag.py:540} INFO - Filling up the DagBag from /home/airflow/.local/lib/python3.8/site-packages/airflow/example_dags/example_params_trigger_ui.py
[2025-08-14T17:39:19.945+0000] {processor.py:840} INFO - DAG(s) 'example_params_trigger_ui' retrieved from /home/airflow/.local/lib/python3.8/site-packages/airflow/example_dags/example_params_trigger_ui.py
[2025-08-14T17:39:19.987+0000] {logging_mixin.py:188} INFO - [2025-08-14T17:39:19.987+0000] {dag.py:3047} INFO - Sync 1 DAGs
[2025-08-14T17:39:19.998+0000] {logging_mixin.py:188} INFO - [2025-08-14T17:39:19.998+0000] {dag.py:3834} INFO - Setting next_dagrun for example_params_trigger_ui to None, run_after=None
[2025-08-14T17:39:20.009+0000] {processor.py:183} INFO - Processing /home/airflow/.local/lib/python3.8/site-packages/airflow/example_dags/example_params_trigger_ui.py took 0.099 seconds
[2025-08-14T17:39:50.823+0000] {processor.py:161} INFO - Started process (PID=413) to work on /home/airflow/.local/lib/python3.8/site-packages/airflow/example_dags/example_params_trigger_ui.py
[2025-08-14T17:39:50.824+0000] {processor.py:830} INFO - Processing file /home/airflow/.local/lib/python3.8/site-packages/airflow/example_dags/example_params_trigger_ui.py for tasks to queue
[2025-08-14T17:39:50.827+0000] {logging_mixin.py:188} INFO - [2025-08-14T17:39:50.826+0000] {dagbag.py:540} INFO - Filling up the DagBag from /home/airflow/.local/lib/python3.8/site-packages/airflow/example_dags/example_params_trigger_ui.py
[2025-08-14T17:39:50.857+0000] {processor.py:840} INFO - DAG(s) 'example_params_trigger_ui' retrieved from /home/airflow/.local/lib/python3.8/site-packages/airflow/example_dags/example_params_trigger_ui.py
[2025-08-14T17:39:50.900+0000] {logging_mixin.py:188} INFO - [2025-08-14T17:39:50.900+0000] {dag.py:3047} INFO - Sync 1 DAGs
[2025-08-14T17:39:50.919+0000] {logging_mixin.py:188} INFO - [2025-08-14T17:39:50.919+0000] {dag.py:3834} INFO - Setting next_dagrun for example_params_trigger_ui to None, run_after=None
[2025-08-14T17:39:50.937+0000] {processor.py:183} INFO - Processing /home/airflow/.local/lib/python3.8/site-packages/airflow/example_dags/example_params_trigger_ui.py took 0.118 seconds
[2025-08-14T17:40:21.385+0000] {processor.py:161} INFO - Started process (PID=469) to work on /home/airflow/.local/lib/python3.8/site-packages/airflow/example_dags/example_params_trigger_ui.py
[2025-08-14T17:40:21.387+0000] {processor.py:830} INFO - Processing file /home/airflow/.local/lib/python3.8/site-packages/airflow/example_dags/example_params_trigger_ui.py for tasks to queue
[2025-08-14T17:40:21.389+0000] {logging_mixin.py:188} INFO - [2025-08-14T17:40:21.389+0000] {dagbag.py:540} INFO - Filling up the DagBag from /home/airflow/.local/lib/python3.8/site-packages/airflow/example_dags/example_params_trigger_ui.py
[2025-08-14T17:40:21.403+0000] {processor.py:840} INFO - DAG(s) 'example_params_trigger_ui' retrieved from /home/airflow/.local/lib/python3.8/site-packages/airflow/example_dags/example_params_trigger_ui.py
[2025-08-14T17:40:21.444+0000] {logging_mixin.py:188} INFO - [2025-08-14T17:40:21.444+0000] {dag.py:3047} INFO - Sync 1 DAGs
[2025-08-14T17:40:21.457+0000] {logging_mixin.py:188} INFO - [2025-08-14T17:40:21.457+0000] {dag.py:3834} INFO - Setting next_dagrun for example_params_trigger_ui to None, run_after=None
[2025-08-14T17:40:21.478+0000] {processor.py:183} INFO - Processing /home/airflow/.local/lib/python3.8/site-packages/airflow/example_dags/example_params_trigger_ui.py took 0.098 seconds
[2025-08-14T17:40:52.112+0000] {processor.py:161} INFO - Started process (PID=525) to work on /home/airflow/.local/lib/python3.8/site-packages/airflow/example_dags/example_params_trigger_ui.py
[2025-08-14T17:40:52.114+0000] {processor.py:830} INFO - Processing file /home/airflow/.local/lib/python3.8/site-packages/airflow/example_dags/example_params_trigger_ui.py for tasks to queue
[2025-08-14T17:40:52.115+0000] {logging_mixin.py:188} INFO - [2025-08-14T17:40:52.115+0000] {dagbag.py:540} INFO - Filling up the DagBag from /home/airflow/.local/lib/python3.8/site-packages/airflow/example_dags/example_params_trigger_ui.py
[2025-08-14T17:40:52.134+0000] {processor.py:840} INFO - DAG(s) 'example_params_trigger_ui' retrieved from /home/airflow/.local/lib/python3.8/site-packages/airflow/example_dags/example_params_trigger_ui.py
[2025-08-14T17:40:52.224+0000] {logging_mixin.py:188} INFO - [2025-08-14T17:40:52.224+0000] {dag.py:3047} INFO - Sync 1 DAGs
[2025-08-14T17:40:52.237+0000] {logging_mixin.py:188} INFO - [2025-08-14T17:40:52.237+0000] {dag.py:3834} INFO - Setting next_dagrun for example_params_trigger_ui to None, run_after=None
[2025-08-14T17:40:52.260+0000] {processor.py:183} INFO - Processing /home/airflow/.local/lib/python3.8/site-packages/airflow/example_dags/example_params_trigger_ui.py took 0.156 seconds
[2025-08-14T17:41:22.498+0000] {processor.py:161} INFO - Started process (PID=581) to work on /home/airflow/.local/lib/python3.8/site-packages/airflow/example_dags/example_params_trigger_ui.py
[2025-08-14T17:41:22.503+0000] {processor.py:830} INFO - Processing file /home/airflow/.local/lib/python3.8/site-packages/airflow/example_dags/example_params_trigger_ui.py for tasks to queue
[2025-08-14T17:41:22.505+0000] {logging_mixin.py:188} INFO - [2025-08-14T17:41:22.505+0000] {dagbag.py:540} INFO - Filling up the DagBag from /home/airflow/.local/lib/python3.8/site-packages/airflow/example_dags/example_params_trigger_ui.py
[2025-08-14T17:41:22.547+0000] {processor.py:840} INFO - DAG(s) 'example_params_trigger_ui' retrieved from /home/airflow/.local/lib/python3.8/site-packages/airflow/example_dags/example_params_trigger_ui.py
[2025-08-14T17:41:22.587+0000] {logging_mixin.py:188} INFO - [2025-08-14T17:41:22.587+0000] {dag.py:3047} INFO - Sync 1 DAGs
[2025-08-14T17:41:22.596+0000] {logging_mixin.py:188} INFO - [2025-08-14T17:41:22.596+0000] {dag.py:3834} INFO - Setting next_dagrun for example_params_trigger_ui to None, run_after=None
[2025-08-14T17:41:22.612+0000] {processor.py:183} INFO - Processing /home/airflow/.local/lib/python3.8/site-packages/airflow/example_dags/example_params_trigger_ui.py took 0.120 seconds
[2025-08-14T17:41:53.104+0000] {processor.py:161} INFO - Started process (PID=637) to work on /home/airflow/.local/lib/python3.8/site-packages/airflow/example_dags/example_params_trigger_ui.py
[2025-08-14T17:41:53.111+0000] {processor.py:830} INFO - Processing file /home/airflow/.local/lib/python3.8/site-packages/airflow/example_dags/example_params_trigger_ui.py for tasks to queue
[2025-08-14T17:41:53.125+0000] {logging_mixin.py:188} INFO - [2025-08-14T17:41:53.117+0000] {dagbag.py:540} INFO - Filling up the DagBag from /home/airflow/.local/lib/python3.8/site-packages/airflow/example_dags/example_params_trigger_ui.py
[2025-08-14T17:41:53.157+0000] {processor.py:840} INFO - DAG(s) 'example_params_trigger_ui' retrieved from /home/airflow/.local/lib/python3.8/site-packages/airflow/example_dags/example_params_trigger_ui.py
[2025-08-14T17:41:53.214+0000] {logging_mixin.py:188} INFO - [2025-08-14T17:41:53.213+0000] {dag.py:3047} INFO - Sync 1 DAGs
[2025-08-14T17:41:53.226+0000] {logging_mixin.py:188} INFO - [2025-08-14T17:41:53.226+0000] {dag.py:3834} INFO - Setting next_dagrun for example_params_trigger_ui to None, run_after=None
[2025-08-14T17:41:53.244+0000] {processor.py:183} INFO - Processing /home/airflow/.local/lib/python3.8/site-packages/airflow/example_dags/example_params_trigger_ui.py took 0.149 seconds
[2025-08-14T17:42:23.817+0000] {processor.py:161} INFO - Started process (PID=693) to work on /home/airflow/.local/lib/python3.8/site-packages/airflow/example_dags/example_params_trigger_ui.py
[2025-08-14T17:42:23.820+0000] {processor.py:830} INFO - Processing file /home/airflow/.local/lib/python3.8/site-packages/airflow/example_dags/example_params_trigger_ui.py for tasks to queue
[2025-08-14T17:42:23.825+0000] {logging_mixin.py:188} INFO - [2025-08-14T17:42:23.824+0000] {dagbag.py:540} INFO - Filling up the DagBag from /home/airflow/.local/lib/python3.8/site-packages/airflow/example_dags/example_params_trigger_ui.py
[2025-08-14T17:42:23.858+0000] {processor.py:840} INFO - DAG(s) 'example_params_trigger_ui' retrieved from /home/airflow/.local/lib/python3.8/site-packages/airflow/example_dags/example_params_trigger_ui.py
[2025-08-14T17:42:23.911+0000] {logging_mixin.py:188} INFO - [2025-08-14T17:42:23.911+0000] {dag.py:3047} INFO - Sync 1 DAGs
[2025-08-14T17:42:23.923+0000] {logging_mixin.py:188} INFO - [2025-08-14T17:42:23.923+0000] {dag.py:3834} INFO - Setting next_dagrun for example_params_trigger_ui to None, run_after=None
[2025-08-14T17:42:23.957+0000] {processor.py:183} INFO - Processing /home/airflow/.local/lib/python3.8/site-packages/airflow/example_dags/example_params_trigger_ui.py took 0.172 seconds
[2025-08-14T17:42:54.233+0000] {processor.py:161} INFO - Started process (PID=749) to work on /home/airflow/.local/lib/python3.8/site-packages/airflow/example_dags/example_params_trigger_ui.py
[2025-08-14T17:42:54.236+0000] {processor.py:830} INFO - Processing file /home/airflow/.local/lib/python3.8/site-packages/airflow/example_dags/example_params_trigger_ui.py for tasks to queue
[2025-08-14T17:42:54.238+0000] {logging_mixin.py:188} INFO - [2025-08-14T17:42:54.238+0000] {dagbag.py:540} INFO - Filling up the DagBag from /home/airflow/.local/lib/python3.8/site-packages/airflow/example_dags/example_params_trigger_ui.py
[2025-08-14T17:42:54.254+0000] {processor.py:840} INFO - DAG(s) 'example_params_trigger_ui' retrieved from /home/airflow/.local/lib/python3.8/site-packages/airflow/example_dags/example_params_trigger_ui.py
[2025-08-14T17:42:54.291+0000] {logging_mixin.py:188} INFO - [2025-08-14T17:42:54.291+0000] {dag.py:3047} INFO - Sync 1 DAGs
[2025-08-14T17:42:54.300+0000] {logging_mixin.py:188} INFO - [2025-08-14T17:42:54.300+0000] {dag.py:3834} INFO - Setting next_dagrun for example_params_trigger_ui to None, run_after=None
[2025-08-14T17:42:54.321+0000] {processor.py:183} INFO - Processing /home/airflow/.local/lib/python3.8/site-packages/airflow/example_dags/example_params_trigger_ui.py took 0.094 seconds
[2025-08-14T17:43:24.639+0000] {processor.py:161} INFO - Started process (PID=805) to work on /home/airflow/.local/lib/python3.8/site-packages/airflow/example_dags/example_params_trigger_ui.py
[2025-08-14T17:43:24.642+0000] {processor.py:830} INFO - Processing file /home/airflow/.local/lib/python3.8/site-packages/airflow/example_dags/example_params_trigger_ui.py for tasks to queue
[2025-08-14T17:43:24.644+0000] {logging_mixin.py:188} INFO - [2025-08-14T17:43:24.643+0000] {dagbag.py:540} INFO - Filling up the DagBag from /home/airflow/.local/lib/python3.8/site-packages/airflow/example_dags/example_params_trigger_ui.py
[2025-08-14T17:43:24.660+0000] {processor.py:840} INFO - DAG(s) 'example_params_trigger_ui' retrieved from /home/airflow/.local/lib/python3.8/site-packages/airflow/example_dags/example_params_trigger_ui.py
[2025-08-14T17:43:24.712+0000] {logging_mixin.py:188} INFO - [2025-08-14T17:43:24.711+0000] {dag.py:3047} INFO - Sync 1 DAGs
[2025-08-14T17:43:24.722+0000] {logging_mixin.py:188} INFO - [2025-08-14T17:43:24.721+0000] {dag.py:3834} INFO - Setting next_dagrun for example_params_trigger_ui to None, run_after=None
[2025-08-14T17:43:24.739+0000] {processor.py:183} INFO - Processing /home/airflow/.local/lib/python3.8/site-packages/airflow/example_dags/example_params_trigger_ui.py took 0.105 seconds
[2025-08-14T17:43:55.199+0000] {processor.py:161} INFO - Started process (PID=861) to work on /home/airflow/.local/lib/python3.8/site-packages/airflow/example_dags/example_params_trigger_ui.py
[2025-08-14T17:43:55.201+0000] {processor.py:830} INFO - Processing file /home/airflow/.local/lib/python3.8/site-packages/airflow/example_dags/example_params_trigger_ui.py for tasks to queue
[2025-08-14T17:43:55.204+0000] {logging_mixin.py:188} INFO - [2025-08-14T17:43:55.203+0000] {dagbag.py:540} INFO - Filling up the DagBag from /home/airflow/.local/lib/python3.8/site-packages/airflow/example_dags/example_params_trigger_ui.py
[2025-08-14T17:43:55.220+0000] {processor.py:840} INFO - DAG(s) 'example_params_trigger_ui' retrieved from /home/airflow/.local/lib/python3.8/site-packages/airflow/example_dags/example_params_trigger_ui.py
[2025-08-14T17:43:55.257+0000] {logging_mixin.py:188} INFO - [2025-08-14T17:43:55.256+0000] {dag.py:3047} INFO - Sync 1 DAGs
[2025-08-14T17:43:55.264+0000] {logging_mixin.py:188} INFO - [2025-08-14T17:43:55.264+0000] {dag.py:3834} INFO - Setting next_dagrun for example_params_trigger_ui to None, run_after=None
[2025-08-14T17:43:55.279+0000] {processor.py:183} INFO - Processing /home/airflow/.local/lib/python3.8/site-packages/airflow/example_dags/example_params_trigger_ui.py took 0.087 seconds
[2025-08-14T17:44:25.383+0000] {processor.py:161} INFO - Started process (PID=917) to work on /home/airflow/.local/lib/python3.8/site-packages/airflow/example_dags/example_params_trigger_ui.py
[2025-08-14T17:44:25.386+0000] {processor.py:830} INFO - Processing file /home/airflow/.local/lib/python3.8/site-packages/airflow/example_dags/example_params_trigger_ui.py for tasks to queue
[2025-08-14T17:44:25.393+0000] {logging_mixin.py:188} INFO - [2025-08-14T17:44:25.392+0000] {dagbag.py:540} INFO - Filling up the DagBag from /home/airflow/.local/lib/python3.8/site-packages/airflow/example_dags/example_params_trigger_ui.py
[2025-08-14T17:44:25.406+0000] {processor.py:840} INFO - DAG(s) 'example_params_trigger_ui' retrieved from /home/airflow/.local/lib/python3.8/site-packages/airflow/example_dags/example_params_trigger_ui.py
[2025-08-14T17:44:25.447+0000] {logging_mixin.py:188} INFO - [2025-08-14T17:44:25.447+0000] {dag.py:3047} INFO - Sync 1 DAGs
[2025-08-14T17:44:25.457+0000] {logging_mixin.py:188} INFO - [2025-08-14T17:44:25.457+0000] {dag.py:3834} INFO - Setting next_dagrun for example_params_trigger_ui to None, run_after=None
[2025-08-14T17:44:25.479+0000] {processor.py:183} INFO - Processing /home/airflow/.local/lib/python3.8/site-packages/airflow/example_dags/example_params_trigger_ui.py took 0.098 seconds
[2025-08-14T17:44:55.707+0000] {processor.py:161} INFO - Started process (PID=973) to work on /home/airflow/.local/lib/python3.8/site-packages/airflow/example_dags/example_params_trigger_ui.py
[2025-08-14T17:44:55.709+0000] {processor.py:830} INFO - Processing file /home/airflow/.local/lib/python3.8/site-packages/airflow/example_dags/example_params_trigger_ui.py for tasks to queue
[2025-08-14T17:44:55.711+0000] {logging_mixin.py:188} INFO - [2025-08-14T17:44:55.711+0000] {dagbag.py:540} INFO - Filling up the DagBag from /home/airflow/.local/lib/python3.8/site-packages/airflow/example_dags/example_params_trigger_ui.py
[2025-08-14T17:44:55.724+0000] {processor.py:840} INFO - DAG(s) 'example_params_trigger_ui' retrieved from /home/airflow/.local/lib/python3.8/site-packages/airflow/example_dags/example_params_trigger_ui.py
[2025-08-14T17:44:55.756+0000] {logging_mixin.py:188} INFO - [2025-08-14T17:44:55.756+0000] {dag.py:3047} INFO - Sync 1 DAGs
[2025-08-14T17:44:55.764+0000] {logging_mixin.py:188} INFO - [2025-08-14T17:44:55.763+0000] {dag.py:3834} INFO - Setting next_dagrun for example_params_trigger_ui to None, run_after=None
[2025-08-14T17:44:55.775+0000] {processor.py:183} INFO - Processing /home/airflow/.local/lib/python3.8/site-packages/airflow/example_dags/example_params_trigger_ui.py took 0.070 seconds
[2025-08-14T17:45:26.061+0000] {processor.py:161} INFO - Started process (PID=1029) to work on /home/airflow/.local/lib/python3.8/site-packages/airflow/example_dags/example_params_trigger_ui.py
[2025-08-14T17:45:26.063+0000] {processor.py:830} INFO - Processing file /home/airflow/.local/lib/python3.8/site-packages/airflow/example_dags/example_params_trigger_ui.py for tasks to queue
[2025-08-14T17:45:26.064+0000] {logging_mixin.py:188} INFO - [2025-08-14T17:45:26.064+0000] {dagbag.py:540} INFO - Filling up the DagBag from /home/airflow/.local/lib/python3.8/site-packages/airflow/example_dags/example_params_trigger_ui.py
[2025-08-14T17:45:26.071+0000] {processor.py:840} INFO - DAG(s) 'example_params_trigger_ui' retrieved from /home/airflow/.local/lib/python3.8/site-packages/airflow/example_dags/example_params_trigger_ui.py
[2025-08-14T17:45:26.095+0000] {logging_mixin.py:188} INFO - [2025-08-14T17:45:26.095+0000] {dag.py:3047} INFO - Sync 1 DAGs
[2025-08-14T17:45:26.102+0000] {logging_mixin.py:188} INFO - [2025-08-14T17:45:26.102+0000] {dag.py:3834} INFO - Setting next_dagrun for example_params_trigger_ui to None, run_after=None
[2025-08-14T17:45:26.113+0000] {processor.py:183} INFO - Processing /home/airflow/.local/lib/python3.8/site-packages/airflow/example_dags/example_params_trigger_ui.py took 0.055 seconds
[2025-08-14T17:45:56.676+0000] {processor.py:161} INFO - Started process (PID=1085) to work on /home/airflow/.local/lib/python3.8/site-packages/airflow/example_dags/example_params_trigger_ui.py
[2025-08-14T17:45:56.676+0000] {processor.py:830} INFO - Processing file /home/airflow/.local/lib/python3.8/site-packages/airflow/example_dags/example_params_trigger_ui.py for tasks to queue
[2025-08-14T17:45:56.678+0000] {logging_mixin.py:188} INFO - [2025-08-14T17:45:56.677+0000] {dagbag.py:540} INFO - Filling up the DagBag from /home/airflow/.local/lib/python3.8/site-packages/airflow/example_dags/example_params_trigger_ui.py
[2025-08-14T17:45:56.688+0000] {processor.py:840} INFO - DAG(s) 'example_params_trigger_ui' retrieved from /home/airflow/.local/lib/python3.8/site-packages/airflow/example_dags/example_params_trigger_ui.py
[2025-08-14T17:45:56.727+0000] {logging_mixin.py:188} INFO - [2025-08-14T17:45:56.727+0000] {dag.py:3047} INFO - Sync 1 DAGs
[2025-08-14T17:45:56.736+0000] {logging_mixin.py:188} INFO - [2025-08-14T17:45:56.735+0000] {dag.py:3834} INFO - Setting next_dagrun for example_params_trigger_ui to None, run_after=None
[2025-08-14T17:45:56.750+0000] {processor.py:183} INFO - Processing /home/airflow/.local/lib/python3.8/site-packages/airflow/example_dags/example_params_trigger_ui.py took 0.077 seconds
[2025-08-14T17:46:27.001+0000] {processor.py:161} INFO - Started process (PID=1141) to work on /home/airflow/.local/lib/python3.8/site-packages/airflow/example_dags/example_params_trigger_ui.py
[2025-08-14T17:46:27.001+0000] {processor.py:830} INFO - Processing file /home/airflow/.local/lib/python3.8/site-packages/airflow/example_dags/example_params_trigger_ui.py for tasks to queue
[2025-08-14T17:46:27.002+0000] {logging_mixin.py:188} INFO - [2025-08-14T17:46:27.002+0000] {dagbag.py:540} INFO - Filling up the DagBag from /home/airflow/.local/lib/python3.8/site-packages/airflow/example_dags/example_params_trigger_ui.py
[2025-08-14T17:46:27.013+0000] {processor.py:840} INFO - DAG(s) 'example_params_trigger_ui' retrieved from /home/airflow/.local/lib/python3.8/site-packages/airflow/example_dags/example_params_trigger_ui.py
[2025-08-14T17:46:27.038+0000] {logging_mixin.py:188} INFO - [2025-08-14T17:46:27.038+0000] {dag.py:3047} INFO - Sync 1 DAGs
[2025-08-14T17:46:27.046+0000] {logging_mixin.py:188} INFO - [2025-08-14T17:46:27.046+0000] {dag.py:3834} INFO - Setting next_dagrun for example_params_trigger_ui to None, run_after=None
[2025-08-14T17:46:27.056+0000] {processor.py:183} INFO - Processing /home/airflow/.local/lib/python3.8/site-packages/airflow/example_dags/example_params_trigger_ui.py took 0.058 seconds
[2025-08-14T17:46:57.686+0000] {processor.py:161} INFO - Started process (PID=1197) to work on /home/airflow/.local/lib/python3.8/site-packages/airflow/example_dags/example_params_trigger_ui.py
[2025-08-14T17:46:57.688+0000] {processor.py:830} INFO - Processing file /home/airflow/.local/lib/python3.8/site-packages/airflow/example_dags/example_params_trigger_ui.py for tasks to queue
[2025-08-14T17:46:57.690+0000] {logging_mixin.py:188} INFO - [2025-08-14T17:46:57.690+0000] {dagbag.py:540} INFO - Filling up the DagBag from /home/airflow/.local/lib/python3.8/site-packages/airflow/example_dags/example_params_trigger_ui.py
[2025-08-14T17:46:57.714+0000] {processor.py:840} INFO - DAG(s) 'example_params_trigger_ui' retrieved from /home/airflow/.local/lib/python3.8/site-packages/airflow/example_dags/example_params_trigger_ui.py
[2025-08-14T17:46:57.820+0000] {logging_mixin.py:188} INFO - [2025-08-14T17:46:57.820+0000] {dag.py:3047} INFO - Sync 1 DAGs
[2025-08-14T17:46:57.837+0000] {logging_mixin.py:188} INFO - [2025-08-14T17:46:57.836+0000] {dag.py:3834} INFO - Setting next_dagrun for example_params_trigger_ui to None, run_after=None
[2025-08-14T17:46:57.855+0000] {processor.py:183} INFO - Processing /home/airflow/.local/lib/python3.8/site-packages/airflow/example_dags/example_params_trigger_ui.py took 0.174 seconds
[2025-08-14T17:47:28.815+0000] {processor.py:161} INFO - Started process (PID=1253) to work on /home/airflow/.local/lib/python3.8/site-packages/airflow/example_dags/example_params_trigger_ui.py
[2025-08-14T17:47:28.816+0000] {processor.py:830} INFO - Processing file /home/airflow/.local/lib/python3.8/site-packages/airflow/example_dags/example_params_trigger_ui.py for tasks to queue
[2025-08-14T17:47:28.819+0000] {logging_mixin.py:188} INFO - [2025-08-14T17:47:28.818+0000] {dagbag.py:540} INFO - Filling up the DagBag from /home/airflow/.local/lib/python3.8/site-packages/airflow/example_dags/example_params_trigger_ui.py
[2025-08-14T17:47:28.835+0000] {processor.py:840} INFO - DAG(s) 'example_params_trigger_ui' retrieved from /home/airflow/.local/lib/python3.8/site-packages/airflow/example_dags/example_params_trigger_ui.py
[2025-08-14T17:47:28.881+0000] {logging_mixin.py:188} INFO - [2025-08-14T17:47:28.881+0000] {dag.py:3047} INFO - Sync 1 DAGs
[2025-08-14T17:47:28.889+0000] {logging_mixin.py:188} INFO - [2025-08-14T17:47:28.889+0000] {dag.py:3834} INFO - Setting next_dagrun for example_params_trigger_ui to None, run_after=None
[2025-08-14T17:47:28.903+0000] {processor.py:183} INFO - Processing /home/airflow/.local/lib/python3.8/site-packages/airflow/example_dags/example_params_trigger_ui.py took 0.092 seconds
[2025-08-14T17:47:59.127+0000] {processor.py:161} INFO - Started process (PID=1309) to work on /home/airflow/.local/lib/python3.8/site-packages/airflow/example_dags/example_params_trigger_ui.py
[2025-08-14T17:47:59.129+0000] {processor.py:830} INFO - Processing file /home/airflow/.local/lib/python3.8/site-packages/airflow/example_dags/example_params_trigger_ui.py for tasks to queue
[2025-08-14T17:47:59.133+0000] {logging_mixin.py:188} INFO - [2025-08-14T17:47:59.132+0000] {dagbag.py:540} INFO - Filling up the DagBag from /home/airflow/.local/lib/python3.8/site-packages/airflow/example_dags/example_params_trigger_ui.py
[2025-08-14T17:47:59.152+0000] {processor.py:840} INFO - DAG(s) 'example_params_trigger_ui' retrieved from /home/airflow/.local/lib/python3.8/site-packages/airflow/example_dags/example_params_trigger_ui.py
[2025-08-14T17:47:59.202+0000] {logging_mixin.py:188} INFO - [2025-08-14T17:47:59.202+0000] {dag.py:3047} INFO - Sync 1 DAGs
[2025-08-14T17:47:59.211+0000] {logging_mixin.py:188} INFO - [2025-08-14T17:47:59.211+0000] {dag.py:3834} INFO - Setting next_dagrun for example_params_trigger_ui to None, run_after=None
[2025-08-14T17:47:59.228+0000] {processor.py:183} INFO - Processing /home/airflow/.local/lib/python3.8/site-packages/airflow/example_dags/example_params_trigger_ui.py took 0.106 seconds
[2025-08-14T17:48:29.533+0000] {processor.py:161} INFO - Started process (PID=1365) to work on /home/airflow/.local/lib/python3.8/site-packages/airflow/example_dags/example_params_trigger_ui.py
[2025-08-14T17:48:29.535+0000] {processor.py:830} INFO - Processing file /home/airflow/.local/lib/python3.8/site-packages/airflow/example_dags/example_params_trigger_ui.py for tasks to queue
[2025-08-14T17:48:29.538+0000] {logging_mixin.py:188} INFO - [2025-08-14T17:48:29.538+0000] {dagbag.py:540} INFO - Filling up the DagBag from /home/airflow/.local/lib/python3.8/site-packages/airflow/example_dags/example_params_trigger_ui.py
[2025-08-14T17:48:29.552+0000] {processor.py:840} INFO - DAG(s) 'example_params_trigger_ui' retrieved from /home/airflow/.local/lib/python3.8/site-packages/airflow/example_dags/example_params_trigger_ui.py
[2025-08-14T17:48:29.593+0000] {logging_mixin.py:188} INFO - [2025-08-14T17:48:29.593+0000] {dag.py:3047} INFO - Sync 1 DAGs
[2025-08-14T17:48:29.599+0000] {logging_mixin.py:188} INFO - [2025-08-14T17:48:29.599+0000] {dag.py:3834} INFO - Setting next_dagrun for example_params_trigger_ui to None, run_after=None
[2025-08-14T17:48:29.610+0000] {processor.py:183} INFO - Processing /home/airflow/.local/lib/python3.8/site-packages/airflow/example_dags/example_params_trigger_ui.py took 0.080 seconds
[2025-08-14T17:49:00.039+0000] {processor.py:161} INFO - Started process (PID=1421) to work on /home/airflow/.local/lib/python3.8/site-packages/airflow/example_dags/example_params_trigger_ui.py
[2025-08-14T17:49:00.043+0000] {processor.py:830} INFO - Processing file /home/airflow/.local/lib/python3.8/site-packages/airflow/example_dags/example_params_trigger_ui.py for tasks to queue
[2025-08-14T17:49:00.046+0000] {logging_mixin.py:188} INFO - [2025-08-14T17:49:00.045+0000] {dagbag.py:540} INFO - Filling up the DagBag from /home/airflow/.local/lib/python3.8/site-packages/airflow/example_dags/example_params_trigger_ui.py
[2025-08-14T17:49:00.065+0000] {processor.py:840} INFO - DAG(s) 'example_params_trigger_ui' retrieved from /home/airflow/.local/lib/python3.8/site-packages/airflow/example_dags/example_params_trigger_ui.py
[2025-08-14T17:49:00.135+0000] {logging_mixin.py:188} INFO - [2025-08-14T17:49:00.135+0000] {dag.py:3047} INFO - Sync 1 DAGs
[2025-08-14T17:49:00.150+0000] {logging_mixin.py:188} INFO - [2025-08-14T17:49:00.150+0000] {dag.py:3834} INFO - Setting next_dagrun for example_params_trigger_ui to None, run_after=None
[2025-08-14T17:49:00.198+0000] {processor.py:183} INFO - Processing /home/airflow/.local/lib/python3.8/site-packages/airflow/example_dags/example_params_trigger_ui.py took 0.174 seconds
[2025-08-14T17:49:30.254+0000] {processor.py:161} INFO - Started process (PID=1477) to work on /home/airflow/.local/lib/python3.8/site-packages/airflow/example_dags/example_params_trigger_ui.py
[2025-08-14T17:49:30.255+0000] {processor.py:830} INFO - Processing file /home/airflow/.local/lib/python3.8/site-packages/airflow/example_dags/example_params_trigger_ui.py for tasks to queue
[2025-08-14T17:49:30.256+0000] {logging_mixin.py:188} INFO - [2025-08-14T17:49:30.256+0000] {dagbag.py:540} INFO - Filling up the DagBag from /home/airflow/.local/lib/python3.8/site-packages/airflow/example_dags/example_params_trigger_ui.py
[2025-08-14T17:49:30.266+0000] {processor.py:840} INFO - DAG(s) 'example_params_trigger_ui' retrieved from /home/airflow/.local/lib/python3.8/site-packages/airflow/example_dags/example_params_trigger_ui.py
[2025-08-14T17:49:30.322+0000] {logging_mixin.py:188} INFO - [2025-08-14T17:49:30.322+0000] {dag.py:3047} INFO - Sync 1 DAGs
[2025-08-14T17:49:30.330+0000] {logging_mixin.py:188} INFO - [2025-08-14T17:49:30.330+0000] {dag.py:3834} INFO - Setting next_dagrun for example_params_trigger_ui to None, run_after=None
[2025-08-14T17:49:30.347+0000] {processor.py:183} INFO - Processing /home/airflow/.local/lib/python3.8/site-packages/airflow/example_dags/example_params_trigger_ui.py took 0.095 seconds
[2025-08-14T17:50:01.219+0000] {processor.py:161} INFO - Started process (PID=1533) to work on /home/airflow/.local/lib/python3.8/site-packages/airflow/example_dags/example_params_trigger_ui.py
[2025-08-14T17:50:01.220+0000] {processor.py:830} INFO - Processing file /home/airflow/.local/lib/python3.8/site-packages/airflow/example_dags/example_params_trigger_ui.py for tasks to queue
[2025-08-14T17:50:01.223+0000] {logging_mixin.py:188} INFO - [2025-08-14T17:50:01.222+0000] {dagbag.py:540} INFO - Filling up the DagBag from /home/airflow/.local/lib/python3.8/site-packages/airflow/example_dags/example_params_trigger_ui.py
[2025-08-14T17:50:01.290+0000] {processor.py:840} INFO - DAG(s) 'example_params_trigger_ui' retrieved from /home/airflow/.local/lib/python3.8/site-packages/airflow/example_dags/example_params_trigger_ui.py
[2025-08-14T17:50:01.472+0000] {logging_mixin.py:188} INFO - [2025-08-14T17:50:01.471+0000] {dag.py:3047} INFO - Sync 1 DAGs
[2025-08-14T17:50:01.515+0000] {logging_mixin.py:188} INFO - [2025-08-14T17:50:01.515+0000] {dag.py:3834} INFO - Setting next_dagrun for example_params_trigger_ui to None, run_after=None
[2025-08-14T17:50:01.662+0000] {processor.py:183} INFO - Processing /home/airflow/.local/lib/python3.8/site-packages/airflow/example_dags/example_params_trigger_ui.py took 0.449 seconds
[2025-08-14T17:50:31.889+0000] {processor.py:161} INFO - Started process (PID=1589) to work on /home/airflow/.local/lib/python3.8/site-packages/airflow/example_dags/example_params_trigger_ui.py
[2025-08-14T17:50:31.893+0000] {processor.py:830} INFO - Processing file /home/airflow/.local/lib/python3.8/site-packages/airflow/example_dags/example_params_trigger_ui.py for tasks to queue
[2025-08-14T17:50:31.896+0000] {logging_mixin.py:188} INFO - [2025-08-14T17:50:31.895+0000] {dagbag.py:540} INFO - Filling up the DagBag from /home/airflow/.local/lib/python3.8/site-packages/airflow/example_dags/example_params_trigger_ui.py
[2025-08-14T17:50:31.917+0000] {processor.py:840} INFO - DAG(s) 'example_params_trigger_ui' retrieved from /home/airflow/.local/lib/python3.8/site-packages/airflow/example_dags/example_params_trigger_ui.py
[2025-08-14T17:50:31.954+0000] {logging_mixin.py:188} INFO - [2025-08-14T17:50:31.953+0000] {dag.py:3047} INFO - Sync 1 DAGs
[2025-08-14T17:50:31.968+0000] {logging_mixin.py:188} INFO - [2025-08-14T17:50:31.967+0000] {dag.py:3834} INFO - Setting next_dagrun for example_params_trigger_ui to None, run_after=None
[2025-08-14T17:50:32.022+0000] {processor.py:183} INFO - Processing /home/airflow/.local/lib/python3.8/site-packages/airflow/example_dags/example_params_trigger_ui.py took 0.138 seconds
[2025-08-14T17:51:02.820+0000] {processor.py:161} INFO - Started process (PID=1645) to work on /home/airflow/.local/lib/python3.8/site-packages/airflow/example_dags/example_params_trigger_ui.py
[2025-08-14T17:51:02.823+0000] {processor.py:830} INFO - Processing file /home/airflow/.local/lib/python3.8/site-packages/airflow/example_dags/example_params_trigger_ui.py for tasks to queue
[2025-08-14T17:51:02.825+0000] {logging_mixin.py:188} INFO - [2025-08-14T17:51:02.825+0000] {dagbag.py:540} INFO - Filling up the DagBag from /home/airflow/.local/lib/python3.8/site-packages/airflow/example_dags/example_params_trigger_ui.py
[2025-08-14T17:51:02.842+0000] {processor.py:840} INFO - DAG(s) 'example_params_trigger_ui' retrieved from /home/airflow/.local/lib/python3.8/site-packages/airflow/example_dags/example_params_trigger_ui.py
[2025-08-14T17:51:02.882+0000] {logging_mixin.py:188} INFO - [2025-08-14T17:51:02.882+0000] {dag.py:3047} INFO - Sync 1 DAGs
[2025-08-14T17:51:02.891+0000] {logging_mixin.py:188} INFO - [2025-08-14T17:51:02.891+0000] {dag.py:3834} INFO - Setting next_dagrun for example_params_trigger_ui to None, run_after=None
[2025-08-14T17:51:02.904+0000] {processor.py:183} INFO - Processing /home/airflow/.local/lib/python3.8/site-packages/airflow/example_dags/example_params_trigger_ui.py took 0.090 seconds
[2025-08-14T17:51:33.196+0000] {processor.py:161} INFO - Started process (PID=1701) to work on /home/airflow/.local/lib/python3.8/site-packages/airflow/example_dags/example_params_trigger_ui.py
[2025-08-14T17:51:33.199+0000] {processor.py:830} INFO - Processing file /home/airflow/.local/lib/python3.8/site-packages/airflow/example_dags/example_params_trigger_ui.py for tasks to queue
[2025-08-14T17:51:33.200+0000] {logging_mixin.py:188} INFO - [2025-08-14T17:51:33.200+0000] {dagbag.py:540} INFO - Filling up the DagBag from /home/airflow/.local/lib/python3.8/site-packages/airflow/example_dags/example_params_trigger_ui.py
[2025-08-14T17:51:33.228+0000] {processor.py:840} INFO - DAG(s) 'example_params_trigger_ui' retrieved from /home/airflow/.local/lib/python3.8/site-packages/airflow/example_dags/example_params_trigger_ui.py
[2025-08-14T17:51:33.269+0000] {logging_mixin.py:188} INFO - [2025-08-14T17:51:33.269+0000] {dag.py:3047} INFO - Sync 1 DAGs
[2025-08-14T17:51:33.276+0000] {logging_mixin.py:188} INFO - [2025-08-14T17:51:33.276+0000] {dag.py:3834} INFO - Setting next_dagrun for example_params_trigger_ui to None, run_after=None
[2025-08-14T17:51:33.305+0000] {processor.py:183} INFO - Processing /home/airflow/.local/lib/python3.8/site-packages/airflow/example_dags/example_params_trigger_ui.py took 0.111 seconds
[2025-08-14T17:52:03.994+0000] {processor.py:161} INFO - Started process (PID=1757) to work on /home/airflow/.local/lib/python3.8/site-packages/airflow/example_dags/example_params_trigger_ui.py
[2025-08-14T17:52:03.997+0000] {processor.py:830} INFO - Processing file /home/airflow/.local/lib/python3.8/site-packages/airflow/example_dags/example_params_trigger_ui.py for tasks to queue
[2025-08-14T17:52:04.000+0000] {logging_mixin.py:188} INFO - [2025-08-14T17:52:04.000+0000] {dagbag.py:540} INFO - Filling up the DagBag from /home/airflow/.local/lib/python3.8/site-packages/airflow/example_dags/example_params_trigger_ui.py
[2025-08-14T17:52:04.014+0000] {processor.py:840} INFO - DAG(s) 'example_params_trigger_ui' retrieved from /home/airflow/.local/lib/python3.8/site-packages/airflow/example_dags/example_params_trigger_ui.py
[2025-08-14T17:52:04.057+0000] {logging_mixin.py:188} INFO - [2025-08-14T17:52:04.056+0000] {dag.py:3047} INFO - Sync 1 DAGs
[2025-08-14T17:52:04.065+0000] {logging_mixin.py:188} INFO - [2025-08-14T17:52:04.064+0000] {dag.py:3834} INFO - Setting next_dagrun for example_params_trigger_ui to None, run_after=None
[2025-08-14T17:52:04.078+0000] {processor.py:183} INFO - Processing /home/airflow/.local/lib/python3.8/site-packages/airflow/example_dags/example_params_trigger_ui.py took 0.097 seconds
[2025-08-14T17:52:34.332+0000] {processor.py:161} INFO - Started process (PID=1813) to work on /home/airflow/.local/lib/python3.8/site-packages/airflow/example_dags/example_params_trigger_ui.py
[2025-08-14T17:52:34.334+0000] {processor.py:830} INFO - Processing file /home/airflow/.local/lib/python3.8/site-packages/airflow/example_dags/example_params_trigger_ui.py for tasks to queue
[2025-08-14T17:52:34.336+0000] {logging_mixin.py:188} INFO - [2025-08-14T17:52:34.336+0000] {dagbag.py:540} INFO - Filling up the DagBag from /home/airflow/.local/lib/python3.8/site-packages/airflow/example_dags/example_params_trigger_ui.py
[2025-08-14T17:52:34.350+0000] {processor.py:840} INFO - DAG(s) 'example_params_trigger_ui' retrieved from /home/airflow/.local/lib/python3.8/site-packages/airflow/example_dags/example_params_trigger_ui.py
[2025-08-14T17:52:34.385+0000] {logging_mixin.py:188} INFO - [2025-08-14T17:52:34.385+0000] {dag.py:3047} INFO - Sync 1 DAGs
[2025-08-14T17:52:34.392+0000] {logging_mixin.py:188} INFO - [2025-08-14T17:52:34.392+0000] {dag.py:3834} INFO - Setting next_dagrun for example_params_trigger_ui to None, run_after=None
[2025-08-14T17:52:34.403+0000] {processor.py:183} INFO - Processing /home/airflow/.local/lib/python3.8/site-packages/airflow/example_dags/example_params_trigger_ui.py took 0.075 seconds
[2025-08-14T17:53:04.757+0000] {processor.py:161} INFO - Started process (PID=1869) to work on /home/airflow/.local/lib/python3.8/site-packages/airflow/example_dags/example_params_trigger_ui.py
[2025-08-14T17:53:04.767+0000] {processor.py:830} INFO - Processing file /home/airflow/.local/lib/python3.8/site-packages/airflow/example_dags/example_params_trigger_ui.py for tasks to queue
[2025-08-14T17:53:04.771+0000] {logging_mixin.py:188} INFO - [2025-08-14T17:53:04.770+0000] {dagbag.py:540} INFO - Filling up the DagBag from /home/airflow/.local/lib/python3.8/site-packages/airflow/example_dags/example_params_trigger_ui.py
[2025-08-14T17:53:04.823+0000] {processor.py:840} INFO - DAG(s) 'example_params_trigger_ui' retrieved from /home/airflow/.local/lib/python3.8/site-packages/airflow/example_dags/example_params_trigger_ui.py
[2025-08-14T17:53:05.093+0000] {logging_mixin.py:188} INFO - [2025-08-14T17:53:05.085+0000] {dag.py:3047} INFO - Sync 1 DAGs
[2025-08-14T17:53:05.117+0000] {logging_mixin.py:188} INFO - [2025-08-14T17:53:05.117+0000] {dag.py:3834} INFO - Setting next_dagrun for example_params_trigger_ui to None, run_after=None
[2025-08-14T17:53:05.187+0000] {processor.py:183} INFO - Processing /home/airflow/.local/lib/python3.8/site-packages/airflow/example_dags/example_params_trigger_ui.py took 0.443 seconds
[2025-08-14T17:53:35.263+0000] {processor.py:161} INFO - Started process (PID=1925) to work on /home/airflow/.local/lib/python3.8/site-packages/airflow/example_dags/example_params_trigger_ui.py
[2025-08-14T17:53:35.264+0000] {processor.py:830} INFO - Processing file /home/airflow/.local/lib/python3.8/site-packages/airflow/example_dags/example_params_trigger_ui.py for tasks to queue
[2025-08-14T17:53:35.265+0000] {logging_mixin.py:188} INFO - [2025-08-14T17:53:35.265+0000] {dagbag.py:540} INFO - Filling up the DagBag from /home/airflow/.local/lib/python3.8/site-packages/airflow/example_dags/example_params_trigger_ui.py
[2025-08-14T17:53:35.275+0000] {processor.py:840} INFO - DAG(s) 'example_params_trigger_ui' retrieved from /home/airflow/.local/lib/python3.8/site-packages/airflow/example_dags/example_params_trigger_ui.py
[2025-08-14T17:53:35.297+0000] {logging_mixin.py:188} INFO - [2025-08-14T17:53:35.297+0000] {dag.py:3047} INFO - Sync 1 DAGs
[2025-08-14T17:53:35.303+0000] {logging_mixin.py:188} INFO - [2025-08-14T17:53:35.302+0000] {dag.py:3834} INFO - Setting next_dagrun for example_params_trigger_ui to None, run_after=None
[2025-08-14T17:53:35.318+0000] {processor.py:183} INFO - Processing /home/airflow/.local/lib/python3.8/site-packages/airflow/example_dags/example_params_trigger_ui.py took 0.056 seconds
[2025-08-14T17:54:05.606+0000] {processor.py:161} INFO - Started process (PID=1981) to work on /home/airflow/.local/lib/python3.8/site-packages/airflow/example_dags/example_params_trigger_ui.py
[2025-08-14T17:54:05.607+0000] {processor.py:830} INFO - Processing file /home/airflow/.local/lib/python3.8/site-packages/airflow/example_dags/example_params_trigger_ui.py for tasks to queue
[2025-08-14T17:54:05.609+0000] {logging_mixin.py:188} INFO - [2025-08-14T17:54:05.609+0000] {dagbag.py:540} INFO - Filling up the DagBag from /home/airflow/.local/lib/python3.8/site-packages/airflow/example_dags/example_params_trigger_ui.py
[2025-08-14T17:54:05.618+0000] {processor.py:840} INFO - DAG(s) 'example_params_trigger_ui' retrieved from /home/airflow/.local/lib/python3.8/site-packages/airflow/example_dags/example_params_trigger_ui.py
[2025-08-14T17:54:05.661+0000] {logging_mixin.py:188} INFO - [2025-08-14T17:54:05.661+0000] {dag.py:3047} INFO - Sync 1 DAGs
[2025-08-14T17:54:05.673+0000] {logging_mixin.py:188} INFO - [2025-08-14T17:54:05.673+0000] {dag.py:3834} INFO - Setting next_dagrun for example_params_trigger_ui to None, run_after=None
[2025-08-14T17:54:05.686+0000] {processor.py:183} INFO - Processing /home/airflow/.local/lib/python3.8/site-packages/airflow/example_dags/example_params_trigger_ui.py took 0.082 seconds
[2025-08-14T17:54:36.050+0000] {processor.py:161} INFO - Started process (PID=2037) to work on /home/airflow/.local/lib/python3.8/site-packages/airflow/example_dags/example_params_trigger_ui.py
[2025-08-14T17:54:36.051+0000] {processor.py:830} INFO - Processing file /home/airflow/.local/lib/python3.8/site-packages/airflow/example_dags/example_params_trigger_ui.py for tasks to queue
[2025-08-14T17:54:36.052+0000] {logging_mixin.py:188} INFO - [2025-08-14T17:54:36.052+0000] {dagbag.py:540} INFO - Filling up the DagBag from /home/airflow/.local/lib/python3.8/site-packages/airflow/example_dags/example_params_trigger_ui.py
[2025-08-14T17:54:36.065+0000] {processor.py:840} INFO - DAG(s) 'example_params_trigger_ui' retrieved from /home/airflow/.local/lib/python3.8/site-packages/airflow/example_dags/example_params_trigger_ui.py
[2025-08-14T17:54:36.092+0000] {logging_mixin.py:188} INFO - [2025-08-14T17:54:36.092+0000] {dag.py:3047} INFO - Sync 1 DAGs
[2025-08-14T17:54:36.098+0000] {logging_mixin.py:188} INFO - [2025-08-14T17:54:36.098+0000] {dag.py:3834} INFO - Setting next_dagrun for example_params_trigger_ui to None, run_after=None
[2025-08-14T17:54:36.106+0000] {processor.py:183} INFO - Processing /home/airflow/.local/lib/python3.8/site-packages/airflow/example_dags/example_params_trigger_ui.py took 0.057 seconds
[2025-08-14T17:55:06.628+0000] {processor.py:161} INFO - Started process (PID=2093) to work on /home/airflow/.local/lib/python3.8/site-packages/airflow/example_dags/example_params_trigger_ui.py
[2025-08-14T17:55:06.629+0000] {processor.py:830} INFO - Processing file /home/airflow/.local/lib/python3.8/site-packages/airflow/example_dags/example_params_trigger_ui.py for tasks to queue
[2025-08-14T17:55:06.630+0000] {logging_mixin.py:188} INFO - [2025-08-14T17:55:06.630+0000] {dagbag.py:540} INFO - Filling up the DagBag from /home/airflow/.local/lib/python3.8/site-packages/airflow/example_dags/example_params_trigger_ui.py
[2025-08-14T17:55:06.640+0000] {processor.py:840} INFO - DAG(s) 'example_params_trigger_ui' retrieved from /home/airflow/.local/lib/python3.8/site-packages/airflow/example_dags/example_params_trigger_ui.py
[2025-08-14T17:55:06.675+0000] {logging_mixin.py:188} INFO - [2025-08-14T17:55:06.675+0000] {dag.py:3047} INFO - Sync 1 DAGs
[2025-08-14T17:55:06.683+0000] {logging_mixin.py:188} INFO - [2025-08-14T17:55:06.683+0000] {dag.py:3834} INFO - Setting next_dagrun for example_params_trigger_ui to None, run_after=None
[2025-08-14T17:55:06.698+0000] {processor.py:183} INFO - Processing /home/airflow/.local/lib/python3.8/site-packages/airflow/example_dags/example_params_trigger_ui.py took 0.072 seconds
[2025-08-14T17:55:37.289+0000] {processor.py:161} INFO - Started process (PID=2149) to work on /home/airflow/.local/lib/python3.8/site-packages/airflow/example_dags/example_params_trigger_ui.py
[2025-08-14T17:55:37.290+0000] {processor.py:830} INFO - Processing file /home/airflow/.local/lib/python3.8/site-packages/airflow/example_dags/example_params_trigger_ui.py for tasks to queue
[2025-08-14T17:55:37.291+0000] {logging_mixin.py:188} INFO - [2025-08-14T17:55:37.291+0000] {dagbag.py:540} INFO - Filling up the DagBag from /home/airflow/.local/lib/python3.8/site-packages/airflow/example_dags/example_params_trigger_ui.py
[2025-08-14T17:55:37.299+0000] {processor.py:840} INFO - DAG(s) 'example_params_trigger_ui' retrieved from /home/airflow/.local/lib/python3.8/site-packages/airflow/example_dags/example_params_trigger_ui.py
[2025-08-14T17:55:37.321+0000] {logging_mixin.py:188} INFO - [2025-08-14T17:55:37.321+0000] {dag.py:3047} INFO - Sync 1 DAGs
[2025-08-14T17:55:37.327+0000] {logging_mixin.py:188} INFO - [2025-08-14T17:55:37.327+0000] {dag.py:3834} INFO - Setting next_dagrun for example_params_trigger_ui to None, run_after=None
[2025-08-14T17:55:37.335+0000] {processor.py:183} INFO - Processing /home/airflow/.local/lib/python3.8/site-packages/airflow/example_dags/example_params_trigger_ui.py took 0.047 seconds
[2025-08-14T17:56:07.736+0000] {processor.py:161} INFO - Started process (PID=2205) to work on /home/airflow/.local/lib/python3.8/site-packages/airflow/example_dags/example_params_trigger_ui.py
[2025-08-14T17:56:07.737+0000] {processor.py:830} INFO - Processing file /home/airflow/.local/lib/python3.8/site-packages/airflow/example_dags/example_params_trigger_ui.py for tasks to queue
[2025-08-14T17:56:07.738+0000] {logging_mixin.py:188} INFO - [2025-08-14T17:56:07.737+0000] {dagbag.py:540} INFO - Filling up the DagBag from /home/airflow/.local/lib/python3.8/site-packages/airflow/example_dags/example_params_trigger_ui.py
[2025-08-14T17:56:07.746+0000] {processor.py:840} INFO - DAG(s) 'example_params_trigger_ui' retrieved from /home/airflow/.local/lib/python3.8/site-packages/airflow/example_dags/example_params_trigger_ui.py
[2025-08-14T17:56:07.769+0000] {logging_mixin.py:188} INFO - [2025-08-14T17:56:07.769+0000] {dag.py:3047} INFO - Sync 1 DAGs
[2025-08-14T17:56:07.775+0000] {logging_mixin.py:188} INFO - [2025-08-14T17:56:07.775+0000] {dag.py:3834} INFO - Setting next_dagrun for example_params_trigger_ui to None, run_after=None
[2025-08-14T17:56:07.785+0000] {processor.py:183} INFO - Processing /home/airflow/.local/lib/python3.8/site-packages/airflow/example_dags/example_params_trigger_ui.py took 0.051 seconds
[2025-08-14T17:56:38.184+0000] {processor.py:161} INFO - Started process (PID=2261) to work on /home/airflow/.local/lib/python3.8/site-packages/airflow/example_dags/example_params_trigger_ui.py
[2025-08-14T17:56:38.185+0000] {processor.py:830} INFO - Processing file /home/airflow/.local/lib/python3.8/site-packages/airflow/example_dags/example_params_trigger_ui.py for tasks to queue
[2025-08-14T17:56:38.186+0000] {logging_mixin.py:188} INFO - [2025-08-14T17:56:38.186+0000] {dagbag.py:540} INFO - Filling up the DagBag from /home/airflow/.local/lib/python3.8/site-packages/airflow/example_dags/example_params_trigger_ui.py
[2025-08-14T17:56:38.194+0000] {processor.py:840} INFO - DAG(s) 'example_params_trigger_ui' retrieved from /home/airflow/.local/lib/python3.8/site-packages/airflow/example_dags/example_params_trigger_ui.py
[2025-08-14T17:56:38.229+0000] {logging_mixin.py:188} INFO - [2025-08-14T17:56:38.229+0000] {dag.py:3047} INFO - Sync 1 DAGs
[2025-08-14T17:56:38.239+0000] {logging_mixin.py:188} INFO - [2025-08-14T17:56:38.239+0000] {dag.py:3834} INFO - Setting next_dagrun for example_params_trigger_ui to None, run_after=None
[2025-08-14T17:56:38.250+0000] {processor.py:183} INFO - Processing /home/airflow/.local/lib/python3.8/site-packages/airflow/example_dags/example_params_trigger_ui.py took 0.067 seconds
[2025-08-14T17:57:08.571+0000] {processor.py:161} INFO - Started process (PID=2317) to work on /home/airflow/.local/lib/python3.8/site-packages/airflow/example_dags/example_params_trigger_ui.py
[2025-08-14T17:57:08.572+0000] {processor.py:830} INFO - Processing file /home/airflow/.local/lib/python3.8/site-packages/airflow/example_dags/example_params_trigger_ui.py for tasks to queue
[2025-08-14T17:57:08.573+0000] {logging_mixin.py:188} INFO - [2025-08-14T17:57:08.573+0000] {dagbag.py:540} INFO - Filling up the DagBag from /home/airflow/.local/lib/python3.8/site-packages/airflow/example_dags/example_params_trigger_ui.py
[2025-08-14T17:57:08.580+0000] {processor.py:840} INFO - DAG(s) 'example_params_trigger_ui' retrieved from /home/airflow/.local/lib/python3.8/site-packages/airflow/example_dags/example_params_trigger_ui.py
[2025-08-14T17:57:08.607+0000] {logging_mixin.py:188} INFO - [2025-08-14T17:57:08.607+0000] {dag.py:3047} INFO - Sync 1 DAGs
[2025-08-14T17:57:08.613+0000] {logging_mixin.py:188} INFO - [2025-08-14T17:57:08.613+0000] {dag.py:3834} INFO - Setting next_dagrun for example_params_trigger_ui to None, run_after=None
[2025-08-14T17:57:08.622+0000] {processor.py:183} INFO - Processing /home/airflow/.local/lib/python3.8/site-packages/airflow/example_dags/example_params_trigger_ui.py took 0.052 seconds
[2025-08-14T17:57:38.942+0000] {processor.py:161} INFO - Started process (PID=2373) to work on /home/airflow/.local/lib/python3.8/site-packages/airflow/example_dags/example_params_trigger_ui.py
[2025-08-14T17:57:38.943+0000] {processor.py:830} INFO - Processing file /home/airflow/.local/lib/python3.8/site-packages/airflow/example_dags/example_params_trigger_ui.py for tasks to queue
[2025-08-14T17:57:38.944+0000] {logging_mixin.py:188} INFO - [2025-08-14T17:57:38.944+0000] {dagbag.py:540} INFO - Filling up the DagBag from /home/airflow/.local/lib/python3.8/site-packages/airflow/example_dags/example_params_trigger_ui.py
[2025-08-14T17:57:38.951+0000] {processor.py:840} INFO - DAG(s) 'example_params_trigger_ui' retrieved from /home/airflow/.local/lib/python3.8/site-packages/airflow/example_dags/example_params_trigger_ui.py
[2025-08-14T17:57:38.973+0000] {logging_mixin.py:188} INFO - [2025-08-14T17:57:38.972+0000] {dag.py:3047} INFO - Sync 1 DAGs
[2025-08-14T17:57:38.978+0000] {logging_mixin.py:188} INFO - [2025-08-14T17:57:38.978+0000] {dag.py:3834} INFO - Setting next_dagrun for example_params_trigger_ui to None, run_after=None
[2025-08-14T17:57:38.986+0000] {processor.py:183} INFO - Processing /home/airflow/.local/lib/python3.8/site-packages/airflow/example_dags/example_params_trigger_ui.py took 0.046 seconds
[2025-08-14T17:58:09.673+0000] {processor.py:161} INFO - Started process (PID=2429) to work on /home/airflow/.local/lib/python3.8/site-packages/airflow/example_dags/example_params_trigger_ui.py
[2025-08-14T17:58:09.674+0000] {processor.py:830} INFO - Processing file /home/airflow/.local/lib/python3.8/site-packages/airflow/example_dags/example_params_trigger_ui.py for tasks to queue
[2025-08-14T17:58:09.675+0000] {logging_mixin.py:188} INFO - [2025-08-14T17:58:09.675+0000] {dagbag.py:540} INFO - Filling up the DagBag from /home/airflow/.local/lib/python3.8/site-packages/airflow/example_dags/example_params_trigger_ui.py
[2025-08-14T17:58:09.684+0000] {processor.py:840} INFO - DAG(s) 'example_params_trigger_ui' retrieved from /home/airflow/.local/lib/python3.8/site-packages/airflow/example_dags/example_params_trigger_ui.py
[2025-08-14T17:58:09.707+0000] {logging_mixin.py:188} INFO - [2025-08-14T17:58:09.707+0000] {dag.py:3047} INFO - Sync 1 DAGs
[2025-08-14T17:58:09.715+0000] {logging_mixin.py:188} INFO - [2025-08-14T17:58:09.714+0000] {dag.py:3834} INFO - Setting next_dagrun for example_params_trigger_ui to None, run_after=None
[2025-08-14T17:58:09.723+0000] {processor.py:183} INFO - Processing /home/airflow/.local/lib/python3.8/site-packages/airflow/example_dags/example_params_trigger_ui.py took 0.052 seconds
[2025-08-14T17:58:40.426+0000] {processor.py:161} INFO - Started process (PID=2485) to work on /home/airflow/.local/lib/python3.8/site-packages/airflow/example_dags/example_params_trigger_ui.py
[2025-08-14T17:58:40.430+0000] {processor.py:830} INFO - Processing file /home/airflow/.local/lib/python3.8/site-packages/airflow/example_dags/example_params_trigger_ui.py for tasks to queue
[2025-08-14T17:58:40.432+0000] {logging_mixin.py:188} INFO - [2025-08-14T17:58:40.432+0000] {dagbag.py:540} INFO - Filling up the DagBag from /home/airflow/.local/lib/python3.8/site-packages/airflow/example_dags/example_params_trigger_ui.py
[2025-08-14T17:58:40.447+0000] {processor.py:840} INFO - DAG(s) 'example_params_trigger_ui' retrieved from /home/airflow/.local/lib/python3.8/site-packages/airflow/example_dags/example_params_trigger_ui.py
[2025-08-14T17:58:40.490+0000] {logging_mixin.py:188} INFO - [2025-08-14T17:58:40.490+0000] {dag.py:3047} INFO - Sync 1 DAGs
[2025-08-14T17:58:40.499+0000] {logging_mixin.py:188} INFO - [2025-08-14T17:58:40.499+0000] {dag.py:3834} INFO - Setting next_dagrun for example_params_trigger_ui to None, run_after=None
[2025-08-14T17:58:40.511+0000] {processor.py:183} INFO - Processing /home/airflow/.local/lib/python3.8/site-packages/airflow/example_dags/example_params_trigger_ui.py took 0.093 seconds
[2025-08-14T17:59:10.883+0000] {processor.py:161} INFO - Started process (PID=2541) to work on /home/airflow/.local/lib/python3.8/site-packages/airflow/example_dags/example_params_trigger_ui.py
[2025-08-14T17:59:10.886+0000] {processor.py:830} INFO - Processing file /home/airflow/.local/lib/python3.8/site-packages/airflow/example_dags/example_params_trigger_ui.py for tasks to queue
[2025-08-14T17:59:10.890+0000] {logging_mixin.py:188} INFO - [2025-08-14T17:59:10.889+0000] {dagbag.py:540} INFO - Filling up the DagBag from /home/airflow/.local/lib/python3.8/site-packages/airflow/example_dags/example_params_trigger_ui.py
[2025-08-14T17:59:10.905+0000] {processor.py:840} INFO - DAG(s) 'example_params_trigger_ui' retrieved from /home/airflow/.local/lib/python3.8/site-packages/airflow/example_dags/example_params_trigger_ui.py
[2025-08-14T17:59:10.942+0000] {logging_mixin.py:188} INFO - [2025-08-14T17:59:10.942+0000] {dag.py:3047} INFO - Sync 1 DAGs
[2025-08-14T17:59:10.949+0000] {logging_mixin.py:188} INFO - [2025-08-14T17:59:10.949+0000] {dag.py:3834} INFO - Setting next_dagrun for example_params_trigger_ui to None, run_after=None
[2025-08-14T17:59:10.961+0000] {processor.py:183} INFO - Processing /home/airflow/.local/lib/python3.8/site-packages/airflow/example_dags/example_params_trigger_ui.py took 0.082 seconds
[2025-08-14T17:59:41.134+0000] {processor.py:161} INFO - Started process (PID=2597) to work on /home/airflow/.local/lib/python3.8/site-packages/airflow/example_dags/example_params_trigger_ui.py
[2025-08-14T17:59:41.140+0000] {processor.py:830} INFO - Processing file /home/airflow/.local/lib/python3.8/site-packages/airflow/example_dags/example_params_trigger_ui.py for tasks to queue
[2025-08-14T17:59:41.141+0000] {logging_mixin.py:188} INFO - [2025-08-14T17:59:41.141+0000] {dagbag.py:540} INFO - Filling up the DagBag from /home/airflow/.local/lib/python3.8/site-packages/airflow/example_dags/example_params_trigger_ui.py
[2025-08-14T17:59:41.154+0000] {processor.py:840} INFO - DAG(s) 'example_params_trigger_ui' retrieved from /home/airflow/.local/lib/python3.8/site-packages/airflow/example_dags/example_params_trigger_ui.py
[2025-08-14T17:59:41.191+0000] {logging_mixin.py:188} INFO - [2025-08-14T17:59:41.191+0000] {dag.py:3047} INFO - Sync 1 DAGs
[2025-08-14T17:59:41.198+0000] {logging_mixin.py:188} INFO - [2025-08-14T17:59:41.198+0000] {dag.py:3834} INFO - Setting next_dagrun for example_params_trigger_ui to None, run_after=None
[2025-08-14T17:59:41.210+0000] {processor.py:183} INFO - Processing /home/airflow/.local/lib/python3.8/site-packages/airflow/example_dags/example_params_trigger_ui.py took 0.079 seconds
[2025-08-14T18:00:11.613+0000] {processor.py:161} INFO - Started process (PID=2652) to work on /home/airflow/.local/lib/python3.8/site-packages/airflow/example_dags/example_params_trigger_ui.py
[2025-08-14T18:00:11.614+0000] {processor.py:830} INFO - Processing file /home/airflow/.local/lib/python3.8/site-packages/airflow/example_dags/example_params_trigger_ui.py for tasks to queue
[2025-08-14T18:00:11.619+0000] {logging_mixin.py:188} INFO - [2025-08-14T18:00:11.619+0000] {dagbag.py:540} INFO - Filling up the DagBag from /home/airflow/.local/lib/python3.8/site-packages/airflow/example_dags/example_params_trigger_ui.py
[2025-08-14T18:00:11.632+0000] {processor.py:840} INFO - DAG(s) 'example_params_trigger_ui' retrieved from /home/airflow/.local/lib/python3.8/site-packages/airflow/example_dags/example_params_trigger_ui.py
[2025-08-14T18:00:11.671+0000] {logging_mixin.py:188} INFO - [2025-08-14T18:00:11.670+0000] {dag.py:3047} INFO - Sync 1 DAGs
[2025-08-14T18:00:11.678+0000] {logging_mixin.py:188} INFO - [2025-08-14T18:00:11.678+0000] {dag.py:3834} INFO - Setting next_dagrun for example_params_trigger_ui to None, run_after=None
[2025-08-14T18:00:11.694+0000] {processor.py:183} INFO - Processing /home/airflow/.local/lib/python3.8/site-packages/airflow/example_dags/example_params_trigger_ui.py took 0.084 seconds
[2025-08-14T18:00:41.795+0000] {processor.py:161} INFO - Started process (PID=2708) to work on /home/airflow/.local/lib/python3.8/site-packages/airflow/example_dags/example_params_trigger_ui.py
[2025-08-14T18:00:41.799+0000] {processor.py:830} INFO - Processing file /home/airflow/.local/lib/python3.8/site-packages/airflow/example_dags/example_params_trigger_ui.py for tasks to queue
[2025-08-14T18:00:41.801+0000] {logging_mixin.py:188} INFO - [2025-08-14T18:00:41.801+0000] {dagbag.py:540} INFO - Filling up the DagBag from /home/airflow/.local/lib/python3.8/site-packages/airflow/example_dags/example_params_trigger_ui.py
[2025-08-14T18:00:41.814+0000] {processor.py:840} INFO - DAG(s) 'example_params_trigger_ui' retrieved from /home/airflow/.local/lib/python3.8/site-packages/airflow/example_dags/example_params_trigger_ui.py
[2025-08-14T18:00:41.850+0000] {logging_mixin.py:188} INFO - [2025-08-14T18:00:41.850+0000] {dag.py:3047} INFO - Sync 1 DAGs
[2025-08-14T18:00:41.860+0000] {logging_mixin.py:188} INFO - [2025-08-14T18:00:41.860+0000] {dag.py:3834} INFO - Setting next_dagrun for example_params_trigger_ui to None, run_after=None
[2025-08-14T18:00:41.872+0000] {processor.py:183} INFO - Processing /home/airflow/.local/lib/python3.8/site-packages/airflow/example_dags/example_params_trigger_ui.py took 0.082 seconds
[2025-08-14T18:01:12.114+0000] {processor.py:161} INFO - Started process (PID=2764) to work on /home/airflow/.local/lib/python3.8/site-packages/airflow/example_dags/example_params_trigger_ui.py
[2025-08-14T18:01:12.117+0000] {processor.py:830} INFO - Processing file /home/airflow/.local/lib/python3.8/site-packages/airflow/example_dags/example_params_trigger_ui.py for tasks to queue
[2025-08-14T18:01:12.119+0000] {logging_mixin.py:188} INFO - [2025-08-14T18:01:12.118+0000] {dagbag.py:540} INFO - Filling up the DagBag from /home/airflow/.local/lib/python3.8/site-packages/airflow/example_dags/example_params_trigger_ui.py
[2025-08-14T18:01:12.141+0000] {processor.py:840} INFO - DAG(s) 'example_params_trigger_ui' retrieved from /home/airflow/.local/lib/python3.8/site-packages/airflow/example_dags/example_params_trigger_ui.py
[2025-08-14T18:01:12.185+0000] {logging_mixin.py:188} INFO - [2025-08-14T18:01:12.185+0000] {dag.py:3047} INFO - Sync 1 DAGs
[2025-08-14T18:01:12.196+0000] {logging_mixin.py:188} INFO - [2025-08-14T18:01:12.196+0000] {dag.py:3834} INFO - Setting next_dagrun for example_params_trigger_ui to None, run_after=None
[2025-08-14T18:01:12.212+0000] {processor.py:183} INFO - Processing /home/airflow/.local/lib/python3.8/site-packages/airflow/example_dags/example_params_trigger_ui.py took 0.102 seconds
[2025-08-14T18:01:42.765+0000] {processor.py:161} INFO - Started process (PID=2820) to work on /home/airflow/.local/lib/python3.8/site-packages/airflow/example_dags/example_params_trigger_ui.py
[2025-08-14T18:01:42.768+0000] {processor.py:830} INFO - Processing file /home/airflow/.local/lib/python3.8/site-packages/airflow/example_dags/example_params_trigger_ui.py for tasks to queue
[2025-08-14T18:01:42.772+0000] {logging_mixin.py:188} INFO - [2025-08-14T18:01:42.772+0000] {dagbag.py:540} INFO - Filling up the DagBag from /home/airflow/.local/lib/python3.8/site-packages/airflow/example_dags/example_params_trigger_ui.py
[2025-08-14T18:01:42.784+0000] {processor.py:840} INFO - DAG(s) 'example_params_trigger_ui' retrieved from /home/airflow/.local/lib/python3.8/site-packages/airflow/example_dags/example_params_trigger_ui.py
[2025-08-14T18:01:42.821+0000] {logging_mixin.py:188} INFO - [2025-08-14T18:01:42.820+0000] {dag.py:3047} INFO - Sync 1 DAGs
[2025-08-14T18:01:42.827+0000] {logging_mixin.py:188} INFO - [2025-08-14T18:01:42.827+0000] {dag.py:3834} INFO - Setting next_dagrun for example_params_trigger_ui to None, run_after=None
[2025-08-14T18:01:42.838+0000] {processor.py:183} INFO - Processing /home/airflow/.local/lib/python3.8/site-packages/airflow/example_dags/example_params_trigger_ui.py took 0.076 seconds
[2025-08-14T18:02:13.328+0000] {processor.py:161} INFO - Started process (PID=2876) to work on /home/airflow/.local/lib/python3.8/site-packages/airflow/example_dags/example_params_trigger_ui.py
[2025-08-14T18:02:13.333+0000] {processor.py:830} INFO - Processing file /home/airflow/.local/lib/python3.8/site-packages/airflow/example_dags/example_params_trigger_ui.py for tasks to queue
[2025-08-14T18:02:13.339+0000] {logging_mixin.py:188} INFO - [2025-08-14T18:02:13.338+0000] {dagbag.py:540} INFO - Filling up the DagBag from /home/airflow/.local/lib/python3.8/site-packages/airflow/example_dags/example_params_trigger_ui.py
[2025-08-14T18:02:13.356+0000] {processor.py:840} INFO - DAG(s) 'example_params_trigger_ui' retrieved from /home/airflow/.local/lib/python3.8/site-packages/airflow/example_dags/example_params_trigger_ui.py
[2025-08-14T18:02:13.394+0000] {logging_mixin.py:188} INFO - [2025-08-14T18:02:13.394+0000] {dag.py:3047} INFO - Sync 1 DAGs
[2025-08-14T18:02:13.403+0000] {logging_mixin.py:188} INFO - [2025-08-14T18:02:13.403+0000] {dag.py:3834} INFO - Setting next_dagrun for example_params_trigger_ui to None, run_after=None
[2025-08-14T18:02:13.423+0000] {processor.py:183} INFO - Processing /home/airflow/.local/lib/python3.8/site-packages/airflow/example_dags/example_params_trigger_ui.py took 0.099 seconds
[2025-08-14T18:02:43.908+0000] {processor.py:161} INFO - Started process (PID=2932) to work on /home/airflow/.local/lib/python3.8/site-packages/airflow/example_dags/example_params_trigger_ui.py
[2025-08-14T18:02:43.916+0000] {processor.py:830} INFO - Processing file /home/airflow/.local/lib/python3.8/site-packages/airflow/example_dags/example_params_trigger_ui.py for tasks to queue
[2025-08-14T18:02:43.918+0000] {logging_mixin.py:188} INFO - [2025-08-14T18:02:43.917+0000] {dagbag.py:540} INFO - Filling up the DagBag from /home/airflow/.local/lib/python3.8/site-packages/airflow/example_dags/example_params_trigger_ui.py
[2025-08-14T18:02:43.952+0000] {processor.py:840} INFO - DAG(s) 'example_params_trigger_ui' retrieved from /home/airflow/.local/lib/python3.8/site-packages/airflow/example_dags/example_params_trigger_ui.py
[2025-08-14T18:02:44.000+0000] {logging_mixin.py:188} INFO - [2025-08-14T18:02:44.000+0000] {dag.py:3047} INFO - Sync 1 DAGs
[2025-08-14T18:02:44.009+0000] {logging_mixin.py:188} INFO - [2025-08-14T18:02:44.008+0000] {dag.py:3834} INFO - Setting next_dagrun for example_params_trigger_ui to None, run_after=None
[2025-08-14T18:02:44.024+0000] {processor.py:183} INFO - Processing /home/airflow/.local/lib/python3.8/site-packages/airflow/example_dags/example_params_trigger_ui.py took 0.121 seconds
[2025-08-14T18:03:14.070+0000] {processor.py:161} INFO - Started process (PID=2988) to work on /home/airflow/.local/lib/python3.8/site-packages/airflow/example_dags/example_params_trigger_ui.py
[2025-08-14T18:03:14.074+0000] {processor.py:830} INFO - Processing file /home/airflow/.local/lib/python3.8/site-packages/airflow/example_dags/example_params_trigger_ui.py for tasks to queue
[2025-08-14T18:03:14.076+0000] {logging_mixin.py:188} INFO - [2025-08-14T18:03:14.076+0000] {dagbag.py:540} INFO - Filling up the DagBag from /home/airflow/.local/lib/python3.8/site-packages/airflow/example_dags/example_params_trigger_ui.py
[2025-08-14T18:03:14.104+0000] {processor.py:840} INFO - DAG(s) 'example_params_trigger_ui' retrieved from /home/airflow/.local/lib/python3.8/site-packages/airflow/example_dags/example_params_trigger_ui.py
[2025-08-14T18:03:14.159+0000] {logging_mixin.py:188} INFO - [2025-08-14T18:03:14.159+0000] {dag.py:3047} INFO - Sync 1 DAGs
[2025-08-14T18:03:14.171+0000] {logging_mixin.py:188} INFO - [2025-08-14T18:03:14.171+0000] {dag.py:3834} INFO - Setting next_dagrun for example_params_trigger_ui to None, run_after=None
[2025-08-14T18:03:14.199+0000] {processor.py:183} INFO - Processing /home/airflow/.local/lib/python3.8/site-packages/airflow/example_dags/example_params_trigger_ui.py took 0.134 seconds
[2025-08-14T18:03:44.282+0000] {processor.py:161} INFO - Started process (PID=3044) to work on /home/airflow/.local/lib/python3.8/site-packages/airflow/example_dags/example_params_trigger_ui.py
[2025-08-14T18:03:44.284+0000] {processor.py:830} INFO - Processing file /home/airflow/.local/lib/python3.8/site-packages/airflow/example_dags/example_params_trigger_ui.py for tasks to queue
[2025-08-14T18:03:44.287+0000] {logging_mixin.py:188} INFO - [2025-08-14T18:03:44.286+0000] {dagbag.py:540} INFO - Filling up the DagBag from /home/airflow/.local/lib/python3.8/site-packages/airflow/example_dags/example_params_trigger_ui.py
[2025-08-14T18:03:44.299+0000] {processor.py:840} INFO - DAG(s) 'example_params_trigger_ui' retrieved from /home/airflow/.local/lib/python3.8/site-packages/airflow/example_dags/example_params_trigger_ui.py
[2025-08-14T18:03:44.332+0000] {logging_mixin.py:188} INFO - [2025-08-14T18:03:44.332+0000] {dag.py:3047} INFO - Sync 1 DAGs
[2025-08-14T18:03:44.341+0000] {logging_mixin.py:188} INFO - [2025-08-14T18:03:44.341+0000] {dag.py:3834} INFO - Setting next_dagrun for example_params_trigger_ui to None, run_after=None
[2025-08-14T18:03:44.356+0000] {processor.py:183} INFO - Processing /home/airflow/.local/lib/python3.8/site-packages/airflow/example_dags/example_params_trigger_ui.py took 0.081 seconds
[2025-08-14T18:04:14.954+0000] {processor.py:161} INFO - Started process (PID=3099) to work on /home/airflow/.local/lib/python3.8/site-packages/airflow/example_dags/example_params_trigger_ui.py
[2025-08-14T18:04:14.955+0000] {processor.py:830} INFO - Processing file /home/airflow/.local/lib/python3.8/site-packages/airflow/example_dags/example_params_trigger_ui.py for tasks to queue
[2025-08-14T18:04:14.956+0000] {logging_mixin.py:188} INFO - [2025-08-14T18:04:14.956+0000] {dagbag.py:540} INFO - Filling up the DagBag from /home/airflow/.local/lib/python3.8/site-packages/airflow/example_dags/example_params_trigger_ui.py
[2025-08-14T18:04:14.965+0000] {processor.py:840} INFO - DAG(s) 'example_params_trigger_ui' retrieved from /home/airflow/.local/lib/python3.8/site-packages/airflow/example_dags/example_params_trigger_ui.py
[2025-08-14T18:04:14.996+0000] {logging_mixin.py:188} INFO - [2025-08-14T18:04:14.996+0000] {dag.py:3047} INFO - Sync 1 DAGs
[2025-08-14T18:04:15.004+0000] {logging_mixin.py:188} INFO - [2025-08-14T18:04:15.004+0000] {dag.py:3834} INFO - Setting next_dagrun for example_params_trigger_ui to None, run_after=None
[2025-08-14T18:04:15.018+0000] {processor.py:183} INFO - Processing /home/airflow/.local/lib/python3.8/site-packages/airflow/example_dags/example_params_trigger_ui.py took 0.067 seconds
[2025-08-14T18:04:46.505+0000] {processor.py:161} INFO - Started process (PID=3154) to work on /home/airflow/.local/lib/python3.8/site-packages/airflow/example_dags/example_params_trigger_ui.py
[2025-08-14T18:04:46.507+0000] {processor.py:830} INFO - Processing file /home/airflow/.local/lib/python3.8/site-packages/airflow/example_dags/example_params_trigger_ui.py for tasks to queue
[2025-08-14T18:04:46.509+0000] {logging_mixin.py:188} INFO - [2025-08-14T18:04:46.509+0000] {dagbag.py:540} INFO - Filling up the DagBag from /home/airflow/.local/lib/python3.8/site-packages/airflow/example_dags/example_params_trigger_ui.py
[2025-08-14T18:04:46.521+0000] {processor.py:840} INFO - DAG(s) 'example_params_trigger_ui' retrieved from /home/airflow/.local/lib/python3.8/site-packages/airflow/example_dags/example_params_trigger_ui.py
[2025-08-14T18:04:46.560+0000] {logging_mixin.py:188} INFO - [2025-08-14T18:04:46.560+0000] {dag.py:3047} INFO - Sync 1 DAGs
[2025-08-14T18:04:46.579+0000] {logging_mixin.py:188} INFO - [2025-08-14T18:04:46.578+0000] {dag.py:3834} INFO - Setting next_dagrun for example_params_trigger_ui to None, run_after=None
[2025-08-14T18:04:46.597+0000] {processor.py:183} INFO - Processing /home/airflow/.local/lib/python3.8/site-packages/airflow/example_dags/example_params_trigger_ui.py took 0.095 seconds
[2025-08-14T18:05:17.359+0000] {processor.py:161} INFO - Started process (PID=3210) to work on /home/airflow/.local/lib/python3.8/site-packages/airflow/example_dags/example_params_trigger_ui.py
[2025-08-14T18:05:17.360+0000] {processor.py:830} INFO - Processing file /home/airflow/.local/lib/python3.8/site-packages/airflow/example_dags/example_params_trigger_ui.py for tasks to queue
[2025-08-14T18:05:17.362+0000] {logging_mixin.py:188} INFO - [2025-08-14T18:05:17.362+0000] {dagbag.py:540} INFO - Filling up the DagBag from /home/airflow/.local/lib/python3.8/site-packages/airflow/example_dags/example_params_trigger_ui.py
[2025-08-14T18:05:17.373+0000] {processor.py:840} INFO - DAG(s) 'example_params_trigger_ui' retrieved from /home/airflow/.local/lib/python3.8/site-packages/airflow/example_dags/example_params_trigger_ui.py
[2025-08-14T18:05:17.400+0000] {logging_mixin.py:188} INFO - [2025-08-14T18:05:17.400+0000] {dag.py:3047} INFO - Sync 1 DAGs
[2025-08-14T18:05:17.410+0000] {logging_mixin.py:188} INFO - [2025-08-14T18:05:17.410+0000] {dag.py:3834} INFO - Setting next_dagrun for example_params_trigger_ui to None, run_after=None
[2025-08-14T18:05:17.424+0000] {processor.py:183} INFO - Processing /home/airflow/.local/lib/python3.8/site-packages/airflow/example_dags/example_params_trigger_ui.py took 0.073 seconds
[2025-08-14T18:05:48.513+0000] {processor.py:161} INFO - Started process (PID=3266) to work on /home/airflow/.local/lib/python3.8/site-packages/airflow/example_dags/example_params_trigger_ui.py
[2025-08-14T18:05:48.514+0000] {processor.py:830} INFO - Processing file /home/airflow/.local/lib/python3.8/site-packages/airflow/example_dags/example_params_trigger_ui.py for tasks to queue
[2025-08-14T18:05:48.515+0000] {logging_mixin.py:188} INFO - [2025-08-14T18:05:48.514+0000] {dagbag.py:540} INFO - Filling up the DagBag from /home/airflow/.local/lib/python3.8/site-packages/airflow/example_dags/example_params_trigger_ui.py
[2025-08-14T18:05:48.525+0000] {processor.py:840} INFO - DAG(s) 'example_params_trigger_ui' retrieved from /home/airflow/.local/lib/python3.8/site-packages/airflow/example_dags/example_params_trigger_ui.py
[2025-08-14T18:05:48.561+0000] {logging_mixin.py:188} INFO - [2025-08-14T18:05:48.561+0000] {dag.py:3047} INFO - Sync 1 DAGs
[2025-08-14T18:05:48.570+0000] {logging_mixin.py:188} INFO - [2025-08-14T18:05:48.570+0000] {dag.py:3834} INFO - Setting next_dagrun for example_params_trigger_ui to None, run_after=None
[2025-08-14T18:05:48.582+0000] {processor.py:183} INFO - Processing /home/airflow/.local/lib/python3.8/site-packages/airflow/example_dags/example_params_trigger_ui.py took 0.072 seconds
