[2025-08-14T17:36:48.338+0000] {processor.py:161} INFO - Started process (PID=84) to work on /home/airflow/.local/lib/python3.8/site-packages/airflow/example_dags/example_branch_day_of_week_operator.py
[2025-08-14T17:36:48.360+0000] {processor.py:830} INFO - Processing file /home/airflow/.local/lib/python3.8/site-packages/airflow/example_dags/example_branch_day_of_week_operator.py for tasks to queue
[2025-08-14T17:36:48.374+0000] {logging_mixin.py:188} INFO - [2025-08-14T17:36:48.373+0000] {dagbag.py:540} INFO - Filling up the DagBag from /home/airflow/.local/lib/python3.8/site-packages/airflow/example_dags/example_branch_day_of_week_operator.py
[2025-08-14T17:36:48.464+0000] {processor.py:840} INFO - DAG(s) 'example_weekday_branch_operator' retrieved from /home/airflow/.local/lib/python3.8/site-packages/airflow/example_dags/example_branch_day_of_week_operator.py
[2025-08-14T17:36:48.498+0000] {logging_mixin.py:188} INFO - [2025-08-14T17:36:48.498+0000] {dag.py:3047} INFO - Sync 1 DAGs
[2025-08-14T17:36:48.554+0000] {logging_mixin.py:188} INFO - [2025-08-14T17:36:48.554+0000] {dag.py:3834} INFO - Setting next_dagrun for example_weekday_branch_operator to 2025-08-13 00:00:00+00:00, run_after=2025-08-14 00:00:00+00:00
[2025-08-14T17:36:48.594+0000] {processor.py:183} INFO - Processing /home/airflow/.local/lib/python3.8/site-packages/airflow/example_dags/example_branch_day_of_week_operator.py took 0.291 seconds
[2025-08-14T17:37:19.018+0000] {processor.py:161} INFO - Started process (PID=140) to work on /home/airflow/.local/lib/python3.8/site-packages/airflow/example_dags/example_branch_day_of_week_operator.py
[2025-08-14T17:37:19.019+0000] {processor.py:830} INFO - Processing file /home/airflow/.local/lib/python3.8/site-packages/airflow/example_dags/example_branch_day_of_week_operator.py for tasks to queue
[2025-08-14T17:37:19.022+0000] {logging_mixin.py:188} INFO - [2025-08-14T17:37:19.022+0000] {dagbag.py:540} INFO - Filling up the DagBag from /home/airflow/.local/lib/python3.8/site-packages/airflow/example_dags/example_branch_day_of_week_operator.py
[2025-08-14T17:37:19.026+0000] {processor.py:840} INFO - DAG(s) 'example_weekday_branch_operator' retrieved from /home/airflow/.local/lib/python3.8/site-packages/airflow/example_dags/example_branch_day_of_week_operator.py
[2025-08-14T17:37:19.083+0000] {logging_mixin.py:188} INFO - [2025-08-14T17:37:19.083+0000] {dag.py:3047} INFO - Sync 1 DAGs
[2025-08-14T17:37:19.100+0000] {logging_mixin.py:188} INFO - [2025-08-14T17:37:19.100+0000] {dag.py:3834} INFO - Setting next_dagrun for example_weekday_branch_operator to 2025-08-13 00:00:00+00:00, run_after=2025-08-14 00:00:00+00:00
[2025-08-14T17:37:19.118+0000] {processor.py:183} INFO - Processing /home/airflow/.local/lib/python3.8/site-packages/airflow/example_dags/example_branch_day_of_week_operator.py took 0.103 seconds
[2025-08-14T17:37:49.518+0000] {processor.py:161} INFO - Started process (PID=196) to work on /home/airflow/.local/lib/python3.8/site-packages/airflow/example_dags/example_branch_day_of_week_operator.py
[2025-08-14T17:37:49.519+0000] {processor.py:830} INFO - Processing file /home/airflow/.local/lib/python3.8/site-packages/airflow/example_dags/example_branch_day_of_week_operator.py for tasks to queue
[2025-08-14T17:37:49.522+0000] {logging_mixin.py:188} INFO - [2025-08-14T17:37:49.522+0000] {dagbag.py:540} INFO - Filling up the DagBag from /home/airflow/.local/lib/python3.8/site-packages/airflow/example_dags/example_branch_day_of_week_operator.py
[2025-08-14T17:37:49.528+0000] {processor.py:840} INFO - DAG(s) 'example_weekday_branch_operator' retrieved from /home/airflow/.local/lib/python3.8/site-packages/airflow/example_dags/example_branch_day_of_week_operator.py
[2025-08-14T17:37:49.549+0000] {logging_mixin.py:188} INFO - [2025-08-14T17:37:49.549+0000] {dag.py:3047} INFO - Sync 1 DAGs
[2025-08-14T17:37:49.566+0000] {logging_mixin.py:188} INFO - [2025-08-14T17:37:49.566+0000] {dag.py:3834} INFO - Setting next_dagrun for example_weekday_branch_operator to 2025-08-13 00:00:00+00:00, run_after=2025-08-14 00:00:00+00:00
[2025-08-14T17:37:49.585+0000] {processor.py:183} INFO - Processing /home/airflow/.local/lib/python3.8/site-packages/airflow/example_dags/example_branch_day_of_week_operator.py took 0.070 seconds
[2025-08-14T17:38:20.442+0000] {processor.py:161} INFO - Started process (PID=252) to work on /home/airflow/.local/lib/python3.8/site-packages/airflow/example_dags/example_branch_day_of_week_operator.py
[2025-08-14T17:38:20.444+0000] {processor.py:830} INFO - Processing file /home/airflow/.local/lib/python3.8/site-packages/airflow/example_dags/example_branch_day_of_week_operator.py for tasks to queue
[2025-08-14T17:38:20.446+0000] {logging_mixin.py:188} INFO - [2025-08-14T17:38:20.445+0000] {dagbag.py:540} INFO - Filling up the DagBag from /home/airflow/.local/lib/python3.8/site-packages/airflow/example_dags/example_branch_day_of_week_operator.py
[2025-08-14T17:38:20.450+0000] {processor.py:840} INFO - DAG(s) 'example_weekday_branch_operator' retrieved from /home/airflow/.local/lib/python3.8/site-packages/airflow/example_dags/example_branch_day_of_week_operator.py
[2025-08-14T17:38:20.467+0000] {logging_mixin.py:188} INFO - [2025-08-14T17:38:20.466+0000] {dag.py:3047} INFO - Sync 1 DAGs
[2025-08-14T17:38:20.481+0000] {logging_mixin.py:188} INFO - [2025-08-14T17:38:20.481+0000] {dag.py:3834} INFO - Setting next_dagrun for example_weekday_branch_operator to 2025-08-13 00:00:00+00:00, run_after=2025-08-14 00:00:00+00:00
[2025-08-14T17:38:20.500+0000] {processor.py:183} INFO - Processing /home/airflow/.local/lib/python3.8/site-packages/airflow/example_dags/example_branch_day_of_week_operator.py took 0.060 seconds
[2025-08-14T17:38:50.994+0000] {processor.py:161} INFO - Started process (PID=309) to work on /home/airflow/.local/lib/python3.8/site-packages/airflow/example_dags/example_branch_day_of_week_operator.py
[2025-08-14T17:38:50.995+0000] {processor.py:830} INFO - Processing file /home/airflow/.local/lib/python3.8/site-packages/airflow/example_dags/example_branch_day_of_week_operator.py for tasks to queue
[2025-08-14T17:38:50.997+0000] {logging_mixin.py:188} INFO - [2025-08-14T17:38:50.997+0000] {dagbag.py:540} INFO - Filling up the DagBag from /home/airflow/.local/lib/python3.8/site-packages/airflow/example_dags/example_branch_day_of_week_operator.py
[2025-08-14T17:38:51.004+0000] {processor.py:840} INFO - DAG(s) 'example_weekday_branch_operator' retrieved from /home/airflow/.local/lib/python3.8/site-packages/airflow/example_dags/example_branch_day_of_week_operator.py
[2025-08-14T17:38:51.020+0000] {logging_mixin.py:188} INFO - [2025-08-14T17:38:51.020+0000] {dag.py:3047} INFO - Sync 1 DAGs
[2025-08-14T17:38:51.032+0000] {logging_mixin.py:188} INFO - [2025-08-14T17:38:51.032+0000] {dag.py:3834} INFO - Setting next_dagrun for example_weekday_branch_operator to 2025-08-13 00:00:00+00:00, run_after=2025-08-14 00:00:00+00:00
[2025-08-14T17:38:51.047+0000] {processor.py:183} INFO - Processing /home/airflow/.local/lib/python3.8/site-packages/airflow/example_dags/example_branch_day_of_week_operator.py took 0.055 seconds
[2025-08-14T17:39:21.232+0000] {processor.py:161} INFO - Started process (PID=365) to work on /home/airflow/.local/lib/python3.8/site-packages/airflow/example_dags/example_branch_day_of_week_operator.py
[2025-08-14T17:39:21.234+0000] {processor.py:830} INFO - Processing file /home/airflow/.local/lib/python3.8/site-packages/airflow/example_dags/example_branch_day_of_week_operator.py for tasks to queue
[2025-08-14T17:39:21.236+0000] {logging_mixin.py:188} INFO - [2025-08-14T17:39:21.236+0000] {dagbag.py:540} INFO - Filling up the DagBag from /home/airflow/.local/lib/python3.8/site-packages/airflow/example_dags/example_branch_day_of_week_operator.py
[2025-08-14T17:39:21.250+0000] {processor.py:840} INFO - DAG(s) 'example_weekday_branch_operator' retrieved from /home/airflow/.local/lib/python3.8/site-packages/airflow/example_dags/example_branch_day_of_week_operator.py
[2025-08-14T17:39:21.306+0000] {logging_mixin.py:188} INFO - [2025-08-14T17:39:21.306+0000] {dag.py:3047} INFO - Sync 1 DAGs
[2025-08-14T17:39:21.329+0000] {logging_mixin.py:188} INFO - [2025-08-14T17:39:21.328+0000] {dag.py:3834} INFO - Setting next_dagrun for example_weekday_branch_operator to 2025-08-13 00:00:00+00:00, run_after=2025-08-14 00:00:00+00:00
[2025-08-14T17:39:21.348+0000] {processor.py:183} INFO - Processing /home/airflow/.local/lib/python3.8/site-packages/airflow/example_dags/example_branch_day_of_week_operator.py took 0.119 seconds
[2025-08-14T17:39:52.298+0000] {processor.py:161} INFO - Started process (PID=421) to work on /home/airflow/.local/lib/python3.8/site-packages/airflow/example_dags/example_branch_day_of_week_operator.py
[2025-08-14T17:39:52.299+0000] {processor.py:830} INFO - Processing file /home/airflow/.local/lib/python3.8/site-packages/airflow/example_dags/example_branch_day_of_week_operator.py for tasks to queue
[2025-08-14T17:39:52.301+0000] {logging_mixin.py:188} INFO - [2025-08-14T17:39:52.301+0000] {dagbag.py:540} INFO - Filling up the DagBag from /home/airflow/.local/lib/python3.8/site-packages/airflow/example_dags/example_branch_day_of_week_operator.py
[2025-08-14T17:39:52.306+0000] {processor.py:840} INFO - DAG(s) 'example_weekday_branch_operator' retrieved from /home/airflow/.local/lib/python3.8/site-packages/airflow/example_dags/example_branch_day_of_week_operator.py
[2025-08-14T17:39:52.330+0000] {logging_mixin.py:188} INFO - [2025-08-14T17:39:52.330+0000] {dag.py:3047} INFO - Sync 1 DAGs
[2025-08-14T17:39:52.363+0000] {logging_mixin.py:188} INFO - [2025-08-14T17:39:52.363+0000] {dag.py:3834} INFO - Setting next_dagrun for example_weekday_branch_operator to 2025-08-13 00:00:00+00:00, run_after=2025-08-14 00:00:00+00:00
[2025-08-14T17:39:52.375+0000] {processor.py:183} INFO - Processing /home/airflow/.local/lib/python3.8/site-packages/airflow/example_dags/example_branch_day_of_week_operator.py took 0.080 seconds
[2025-08-14T17:40:22.805+0000] {processor.py:161} INFO - Started process (PID=477) to work on /home/airflow/.local/lib/python3.8/site-packages/airflow/example_dags/example_branch_day_of_week_operator.py
[2025-08-14T17:40:22.807+0000] {processor.py:830} INFO - Processing file /home/airflow/.local/lib/python3.8/site-packages/airflow/example_dags/example_branch_day_of_week_operator.py for tasks to queue
[2025-08-14T17:40:22.809+0000] {logging_mixin.py:188} INFO - [2025-08-14T17:40:22.809+0000] {dagbag.py:540} INFO - Filling up the DagBag from /home/airflow/.local/lib/python3.8/site-packages/airflow/example_dags/example_branch_day_of_week_operator.py
[2025-08-14T17:40:22.819+0000] {processor.py:840} INFO - DAG(s) 'example_weekday_branch_operator' retrieved from /home/airflow/.local/lib/python3.8/site-packages/airflow/example_dags/example_branch_day_of_week_operator.py
[2025-08-14T17:40:22.841+0000] {logging_mixin.py:188} INFO - [2025-08-14T17:40:22.841+0000] {dag.py:3047} INFO - Sync 1 DAGs
[2025-08-14T17:40:22.860+0000] {logging_mixin.py:188} INFO - [2025-08-14T17:40:22.860+0000] {dag.py:3834} INFO - Setting next_dagrun for example_weekday_branch_operator to 2025-08-13 00:00:00+00:00, run_after=2025-08-14 00:00:00+00:00
[2025-08-14T17:40:22.873+0000] {processor.py:183} INFO - Processing /home/airflow/.local/lib/python3.8/site-packages/airflow/example_dags/example_branch_day_of_week_operator.py took 0.071 seconds
[2025-08-14T17:40:53.575+0000] {processor.py:161} INFO - Started process (PID=533) to work on /home/airflow/.local/lib/python3.8/site-packages/airflow/example_dags/example_branch_day_of_week_operator.py
[2025-08-14T17:40:53.577+0000] {processor.py:830} INFO - Processing file /home/airflow/.local/lib/python3.8/site-packages/airflow/example_dags/example_branch_day_of_week_operator.py for tasks to queue
[2025-08-14T17:40:53.580+0000] {logging_mixin.py:188} INFO - [2025-08-14T17:40:53.580+0000] {dagbag.py:540} INFO - Filling up the DagBag from /home/airflow/.local/lib/python3.8/site-packages/airflow/example_dags/example_branch_day_of_week_operator.py
[2025-08-14T17:40:53.584+0000] {processor.py:840} INFO - DAG(s) 'example_weekday_branch_operator' retrieved from /home/airflow/.local/lib/python3.8/site-packages/airflow/example_dags/example_branch_day_of_week_operator.py
[2025-08-14T17:40:53.609+0000] {logging_mixin.py:188} INFO - [2025-08-14T17:40:53.609+0000] {dag.py:3047} INFO - Sync 1 DAGs
[2025-08-14T17:40:53.621+0000] {logging_mixin.py:188} INFO - [2025-08-14T17:40:53.621+0000] {dag.py:3834} INFO - Setting next_dagrun for example_weekday_branch_operator to 2025-08-13 00:00:00+00:00, run_after=2025-08-14 00:00:00+00:00
[2025-08-14T17:40:53.634+0000] {processor.py:183} INFO - Processing /home/airflow/.local/lib/python3.8/site-packages/airflow/example_dags/example_branch_day_of_week_operator.py took 0.062 seconds
[2025-08-14T17:41:23.875+0000] {processor.py:161} INFO - Started process (PID=589) to work on /home/airflow/.local/lib/python3.8/site-packages/airflow/example_dags/example_branch_day_of_week_operator.py
[2025-08-14T17:41:23.882+0000] {processor.py:830} INFO - Processing file /home/airflow/.local/lib/python3.8/site-packages/airflow/example_dags/example_branch_day_of_week_operator.py for tasks to queue
[2025-08-14T17:41:23.883+0000] {logging_mixin.py:188} INFO - [2025-08-14T17:41:23.883+0000] {dagbag.py:540} INFO - Filling up the DagBag from /home/airflow/.local/lib/python3.8/site-packages/airflow/example_dags/example_branch_day_of_week_operator.py
[2025-08-14T17:41:23.895+0000] {processor.py:840} INFO - DAG(s) 'example_weekday_branch_operator' retrieved from /home/airflow/.local/lib/python3.8/site-packages/airflow/example_dags/example_branch_day_of_week_operator.py
[2025-08-14T17:41:23.916+0000] {logging_mixin.py:188} INFO - [2025-08-14T17:41:23.916+0000] {dag.py:3047} INFO - Sync 1 DAGs
[2025-08-14T17:41:23.930+0000] {logging_mixin.py:188} INFO - [2025-08-14T17:41:23.930+0000] {dag.py:3834} INFO - Setting next_dagrun for example_weekday_branch_operator to 2025-08-13 00:00:00+00:00, run_after=2025-08-14 00:00:00+00:00
[2025-08-14T17:41:23.940+0000] {processor.py:183} INFO - Processing /home/airflow/.local/lib/python3.8/site-packages/airflow/example_dags/example_branch_day_of_week_operator.py took 0.074 seconds
[2025-08-14T17:41:54.560+0000] {processor.py:161} INFO - Started process (PID=645) to work on /home/airflow/.local/lib/python3.8/site-packages/airflow/example_dags/example_branch_day_of_week_operator.py
[2025-08-14T17:41:54.562+0000] {processor.py:830} INFO - Processing file /home/airflow/.local/lib/python3.8/site-packages/airflow/example_dags/example_branch_day_of_week_operator.py for tasks to queue
[2025-08-14T17:41:54.566+0000] {logging_mixin.py:188} INFO - [2025-08-14T17:41:54.566+0000] {dagbag.py:540} INFO - Filling up the DagBag from /home/airflow/.local/lib/python3.8/site-packages/airflow/example_dags/example_branch_day_of_week_operator.py
[2025-08-14T17:41:54.572+0000] {processor.py:840} INFO - DAG(s) 'example_weekday_branch_operator' retrieved from /home/airflow/.local/lib/python3.8/site-packages/airflow/example_dags/example_branch_day_of_week_operator.py
[2025-08-14T17:41:54.589+0000] {logging_mixin.py:188} INFO - [2025-08-14T17:41:54.589+0000] {dag.py:3047} INFO - Sync 1 DAGs
[2025-08-14T17:41:54.607+0000] {logging_mixin.py:188} INFO - [2025-08-14T17:41:54.607+0000] {dag.py:3834} INFO - Setting next_dagrun for example_weekday_branch_operator to 2025-08-13 00:00:00+00:00, run_after=2025-08-14 00:00:00+00:00
[2025-08-14T17:41:54.622+0000] {processor.py:183} INFO - Processing /home/airflow/.local/lib/python3.8/site-packages/airflow/example_dags/example_branch_day_of_week_operator.py took 0.065 seconds
[2025-08-14T17:42:25.320+0000] {processor.py:161} INFO - Started process (PID=701) to work on /home/airflow/.local/lib/python3.8/site-packages/airflow/example_dags/example_branch_day_of_week_operator.py
[2025-08-14T17:42:25.322+0000] {processor.py:830} INFO - Processing file /home/airflow/.local/lib/python3.8/site-packages/airflow/example_dags/example_branch_day_of_week_operator.py for tasks to queue
[2025-08-14T17:42:25.323+0000] {logging_mixin.py:188} INFO - [2025-08-14T17:42:25.323+0000] {dagbag.py:540} INFO - Filling up the DagBag from /home/airflow/.local/lib/python3.8/site-packages/airflow/example_dags/example_branch_day_of_week_operator.py
[2025-08-14T17:42:25.329+0000] {processor.py:840} INFO - DAG(s) 'example_weekday_branch_operator' retrieved from /home/airflow/.local/lib/python3.8/site-packages/airflow/example_dags/example_branch_day_of_week_operator.py
[2025-08-14T17:42:25.350+0000] {logging_mixin.py:188} INFO - [2025-08-14T17:42:25.350+0000] {dag.py:3047} INFO - Sync 1 DAGs
[2025-08-14T17:42:25.374+0000] {logging_mixin.py:188} INFO - [2025-08-14T17:42:25.373+0000] {dag.py:3834} INFO - Setting next_dagrun for example_weekday_branch_operator to 2025-08-13 00:00:00+00:00, run_after=2025-08-14 00:00:00+00:00
[2025-08-14T17:42:25.390+0000] {processor.py:183} INFO - Processing /home/airflow/.local/lib/python3.8/site-packages/airflow/example_dags/example_branch_day_of_week_operator.py took 0.081 seconds
[2025-08-14T17:42:55.557+0000] {processor.py:161} INFO - Started process (PID=757) to work on /home/airflow/.local/lib/python3.8/site-packages/airflow/example_dags/example_branch_day_of_week_operator.py
[2025-08-14T17:42:55.559+0000] {processor.py:830} INFO - Processing file /home/airflow/.local/lib/python3.8/site-packages/airflow/example_dags/example_branch_day_of_week_operator.py for tasks to queue
[2025-08-14T17:42:55.560+0000] {logging_mixin.py:188} INFO - [2025-08-14T17:42:55.560+0000] {dagbag.py:540} INFO - Filling up the DagBag from /home/airflow/.local/lib/python3.8/site-packages/airflow/example_dags/example_branch_day_of_week_operator.py
[2025-08-14T17:42:55.565+0000] {processor.py:840} INFO - DAG(s) 'example_weekday_branch_operator' retrieved from /home/airflow/.local/lib/python3.8/site-packages/airflow/example_dags/example_branch_day_of_week_operator.py
[2025-08-14T17:42:55.578+0000] {logging_mixin.py:188} INFO - [2025-08-14T17:42:55.578+0000] {dag.py:3047} INFO - Sync 1 DAGs
[2025-08-14T17:42:55.591+0000] {logging_mixin.py:188} INFO - [2025-08-14T17:42:55.591+0000] {dag.py:3834} INFO - Setting next_dagrun for example_weekday_branch_operator to 2025-08-13 00:00:00+00:00, run_after=2025-08-14 00:00:00+00:00
[2025-08-14T17:42:55.604+0000] {processor.py:183} INFO - Processing /home/airflow/.local/lib/python3.8/site-packages/airflow/example_dags/example_branch_day_of_week_operator.py took 0.051 seconds
[2025-08-14T17:43:26.216+0000] {processor.py:161} INFO - Started process (PID=813) to work on /home/airflow/.local/lib/python3.8/site-packages/airflow/example_dags/example_branch_day_of_week_operator.py
[2025-08-14T17:43:26.217+0000] {processor.py:830} INFO - Processing file /home/airflow/.local/lib/python3.8/site-packages/airflow/example_dags/example_branch_day_of_week_operator.py for tasks to queue
[2025-08-14T17:43:26.219+0000] {logging_mixin.py:188} INFO - [2025-08-14T17:43:26.219+0000] {dagbag.py:540} INFO - Filling up the DagBag from /home/airflow/.local/lib/python3.8/site-packages/airflow/example_dags/example_branch_day_of_week_operator.py
[2025-08-14T17:43:26.226+0000] {processor.py:840} INFO - DAG(s) 'example_weekday_branch_operator' retrieved from /home/airflow/.local/lib/python3.8/site-packages/airflow/example_dags/example_branch_day_of_week_operator.py
[2025-08-14T17:43:26.252+0000] {logging_mixin.py:188} INFO - [2025-08-14T17:43:26.252+0000] {dag.py:3047} INFO - Sync 1 DAGs
[2025-08-14T17:43:26.266+0000] {logging_mixin.py:188} INFO - [2025-08-14T17:43:26.266+0000] {dag.py:3834} INFO - Setting next_dagrun for example_weekday_branch_operator to 2025-08-13 00:00:00+00:00, run_after=2025-08-14 00:00:00+00:00
[2025-08-14T17:43:26.279+0000] {processor.py:183} INFO - Processing /home/airflow/.local/lib/python3.8/site-packages/airflow/example_dags/example_branch_day_of_week_operator.py took 0.065 seconds
[2025-08-14T17:43:56.496+0000] {processor.py:161} INFO - Started process (PID=869) to work on /home/airflow/.local/lib/python3.8/site-packages/airflow/example_dags/example_branch_day_of_week_operator.py
[2025-08-14T17:43:56.498+0000] {processor.py:830} INFO - Processing file /home/airflow/.local/lib/python3.8/site-packages/airflow/example_dags/example_branch_day_of_week_operator.py for tasks to queue
[2025-08-14T17:43:56.499+0000] {logging_mixin.py:188} INFO - [2025-08-14T17:43:56.499+0000] {dagbag.py:540} INFO - Filling up the DagBag from /home/airflow/.local/lib/python3.8/site-packages/airflow/example_dags/example_branch_day_of_week_operator.py
[2025-08-14T17:43:56.505+0000] {processor.py:840} INFO - DAG(s) 'example_weekday_branch_operator' retrieved from /home/airflow/.local/lib/python3.8/site-packages/airflow/example_dags/example_branch_day_of_week_operator.py
[2025-08-14T17:43:56.522+0000] {logging_mixin.py:188} INFO - [2025-08-14T17:43:56.522+0000] {dag.py:3047} INFO - Sync 1 DAGs
[2025-08-14T17:43:56.538+0000] {logging_mixin.py:188} INFO - [2025-08-14T17:43:56.538+0000] {dag.py:3834} INFO - Setting next_dagrun for example_weekday_branch_operator to 2025-08-13 00:00:00+00:00, run_after=2025-08-14 00:00:00+00:00
[2025-08-14T17:43:56.551+0000] {processor.py:183} INFO - Processing /home/airflow/.local/lib/python3.8/site-packages/airflow/example_dags/example_branch_day_of_week_operator.py took 0.060 seconds
[2025-08-14T17:44:26.742+0000] {processor.py:161} INFO - Started process (PID=925) to work on /home/airflow/.local/lib/python3.8/site-packages/airflow/example_dags/example_branch_day_of_week_operator.py
[2025-08-14T17:44:26.744+0000] {processor.py:830} INFO - Processing file /home/airflow/.local/lib/python3.8/site-packages/airflow/example_dags/example_branch_day_of_week_operator.py for tasks to queue
[2025-08-14T17:44:26.747+0000] {logging_mixin.py:188} INFO - [2025-08-14T17:44:26.747+0000] {dagbag.py:540} INFO - Filling up the DagBag from /home/airflow/.local/lib/python3.8/site-packages/airflow/example_dags/example_branch_day_of_week_operator.py
[2025-08-14T17:44:26.755+0000] {processor.py:840} INFO - DAG(s) 'example_weekday_branch_operator' retrieved from /home/airflow/.local/lib/python3.8/site-packages/airflow/example_dags/example_branch_day_of_week_operator.py
[2025-08-14T17:44:26.782+0000] {logging_mixin.py:188} INFO - [2025-08-14T17:44:26.781+0000] {dag.py:3047} INFO - Sync 1 DAGs
[2025-08-14T17:44:26.822+0000] {logging_mixin.py:188} INFO - [2025-08-14T17:44:26.822+0000] {dag.py:3834} INFO - Setting next_dagrun for example_weekday_branch_operator to 2025-08-13 00:00:00+00:00, run_after=2025-08-14 00:00:00+00:00
[2025-08-14T17:44:26.838+0000] {processor.py:183} INFO - Processing /home/airflow/.local/lib/python3.8/site-packages/airflow/example_dags/example_branch_day_of_week_operator.py took 0.101 seconds
[2025-08-14T17:44:57.098+0000] {processor.py:161} INFO - Started process (PID=981) to work on /home/airflow/.local/lib/python3.8/site-packages/airflow/example_dags/example_branch_day_of_week_operator.py
[2025-08-14T17:44:57.100+0000] {processor.py:830} INFO - Processing file /home/airflow/.local/lib/python3.8/site-packages/airflow/example_dags/example_branch_day_of_week_operator.py for tasks to queue
[2025-08-14T17:44:57.103+0000] {logging_mixin.py:188} INFO - [2025-08-14T17:44:57.103+0000] {dagbag.py:540} INFO - Filling up the DagBag from /home/airflow/.local/lib/python3.8/site-packages/airflow/example_dags/example_branch_day_of_week_operator.py
[2025-08-14T17:44:57.109+0000] {processor.py:840} INFO - DAG(s) 'example_weekday_branch_operator' retrieved from /home/airflow/.local/lib/python3.8/site-packages/airflow/example_dags/example_branch_day_of_week_operator.py
[2025-08-14T17:44:57.130+0000] {logging_mixin.py:188} INFO - [2025-08-14T17:44:57.130+0000] {dag.py:3047} INFO - Sync 1 DAGs
[2025-08-14T17:44:57.145+0000] {logging_mixin.py:188} INFO - [2025-08-14T17:44:57.144+0000] {dag.py:3834} INFO - Setting next_dagrun for example_weekday_branch_operator to 2025-08-13 00:00:00+00:00, run_after=2025-08-14 00:00:00+00:00
[2025-08-14T17:44:57.159+0000] {processor.py:183} INFO - Processing /home/airflow/.local/lib/python3.8/site-packages/airflow/example_dags/example_branch_day_of_week_operator.py took 0.064 seconds
[2025-08-14T17:45:27.351+0000] {processor.py:161} INFO - Started process (PID=1037) to work on /home/airflow/.local/lib/python3.8/site-packages/airflow/example_dags/example_branch_day_of_week_operator.py
[2025-08-14T17:45:27.353+0000] {processor.py:830} INFO - Processing file /home/airflow/.local/lib/python3.8/site-packages/airflow/example_dags/example_branch_day_of_week_operator.py for tasks to queue
[2025-08-14T17:45:27.354+0000] {logging_mixin.py:188} INFO - [2025-08-14T17:45:27.354+0000] {dagbag.py:540} INFO - Filling up the DagBag from /home/airflow/.local/lib/python3.8/site-packages/airflow/example_dags/example_branch_day_of_week_operator.py
[2025-08-14T17:45:27.358+0000] {processor.py:840} INFO - DAG(s) 'example_weekday_branch_operator' retrieved from /home/airflow/.local/lib/python3.8/site-packages/airflow/example_dags/example_branch_day_of_week_operator.py
[2025-08-14T17:45:27.379+0000] {logging_mixin.py:188} INFO - [2025-08-14T17:45:27.378+0000] {dag.py:3047} INFO - Sync 1 DAGs
[2025-08-14T17:45:27.391+0000] {logging_mixin.py:188} INFO - [2025-08-14T17:45:27.391+0000] {dag.py:3834} INFO - Setting next_dagrun for example_weekday_branch_operator to 2025-08-13 00:00:00+00:00, run_after=2025-08-14 00:00:00+00:00
[2025-08-14T17:45:27.402+0000] {processor.py:183} INFO - Processing /home/airflow/.local/lib/python3.8/site-packages/airflow/example_dags/example_branch_day_of_week_operator.py took 0.053 seconds
[2025-08-14T17:45:57.977+0000] {processor.py:161} INFO - Started process (PID=1093) to work on /home/airflow/.local/lib/python3.8/site-packages/airflow/example_dags/example_branch_day_of_week_operator.py
[2025-08-14T17:45:57.978+0000] {processor.py:830} INFO - Processing file /home/airflow/.local/lib/python3.8/site-packages/airflow/example_dags/example_branch_day_of_week_operator.py for tasks to queue
[2025-08-14T17:45:57.979+0000] {logging_mixin.py:188} INFO - [2025-08-14T17:45:57.979+0000] {dagbag.py:540} INFO - Filling up the DagBag from /home/airflow/.local/lib/python3.8/site-packages/airflow/example_dags/example_branch_day_of_week_operator.py
[2025-08-14T17:45:57.985+0000] {processor.py:840} INFO - DAG(s) 'example_weekday_branch_operator' retrieved from /home/airflow/.local/lib/python3.8/site-packages/airflow/example_dags/example_branch_day_of_week_operator.py
[2025-08-14T17:45:58.019+0000] {logging_mixin.py:188} INFO - [2025-08-14T17:45:58.019+0000] {dag.py:3047} INFO - Sync 1 DAGs
[2025-08-14T17:45:58.034+0000] {logging_mixin.py:188} INFO - [2025-08-14T17:45:58.034+0000] {dag.py:3834} INFO - Setting next_dagrun for example_weekday_branch_operator to 2025-08-13 00:00:00+00:00, run_after=2025-08-14 00:00:00+00:00
[2025-08-14T17:45:58.051+0000] {processor.py:183} INFO - Processing /home/airflow/.local/lib/python3.8/site-packages/airflow/example_dags/example_branch_day_of_week_operator.py took 0.077 seconds
[2025-08-14T17:46:28.260+0000] {processor.py:161} INFO - Started process (PID=1149) to work on /home/airflow/.local/lib/python3.8/site-packages/airflow/example_dags/example_branch_day_of_week_operator.py
[2025-08-14T17:46:28.261+0000] {processor.py:830} INFO - Processing file /home/airflow/.local/lib/python3.8/site-packages/airflow/example_dags/example_branch_day_of_week_operator.py for tasks to queue
[2025-08-14T17:46:28.262+0000] {logging_mixin.py:188} INFO - [2025-08-14T17:46:28.261+0000] {dagbag.py:540} INFO - Filling up the DagBag from /home/airflow/.local/lib/python3.8/site-packages/airflow/example_dags/example_branch_day_of_week_operator.py
[2025-08-14T17:46:28.266+0000] {processor.py:840} INFO - DAG(s) 'example_weekday_branch_operator' retrieved from /home/airflow/.local/lib/python3.8/site-packages/airflow/example_dags/example_branch_day_of_week_operator.py
[2025-08-14T17:46:28.304+0000] {logging_mixin.py:188} INFO - [2025-08-14T17:46:28.303+0000] {dag.py:3047} INFO - Sync 1 DAGs
[2025-08-14T17:46:28.322+0000] {logging_mixin.py:188} INFO - [2025-08-14T17:46:28.322+0000] {dag.py:3834} INFO - Setting next_dagrun for example_weekday_branch_operator to 2025-08-13 00:00:00+00:00, run_after=2025-08-14 00:00:00+00:00
[2025-08-14T17:46:28.342+0000] {processor.py:183} INFO - Processing /home/airflow/.local/lib/python3.8/site-packages/airflow/example_dags/example_branch_day_of_week_operator.py took 0.084 seconds
[2025-08-14T17:46:59.371+0000] {processor.py:161} INFO - Started process (PID=1205) to work on /home/airflow/.local/lib/python3.8/site-packages/airflow/example_dags/example_branch_day_of_week_operator.py
[2025-08-14T17:46:59.375+0000] {processor.py:830} INFO - Processing file /home/airflow/.local/lib/python3.8/site-packages/airflow/example_dags/example_branch_day_of_week_operator.py for tasks to queue
[2025-08-14T17:46:59.377+0000] {logging_mixin.py:188} INFO - [2025-08-14T17:46:59.377+0000] {dagbag.py:540} INFO - Filling up the DagBag from /home/airflow/.local/lib/python3.8/site-packages/airflow/example_dags/example_branch_day_of_week_operator.py
[2025-08-14T17:46:59.394+0000] {processor.py:840} INFO - DAG(s) 'example_weekday_branch_operator' retrieved from /home/airflow/.local/lib/python3.8/site-packages/airflow/example_dags/example_branch_day_of_week_operator.py
[2025-08-14T17:46:59.427+0000] {logging_mixin.py:188} INFO - [2025-08-14T17:46:59.427+0000] {dag.py:3047} INFO - Sync 1 DAGs
[2025-08-14T17:46:59.446+0000] {logging_mixin.py:188} INFO - [2025-08-14T17:46:59.446+0000] {dag.py:3834} INFO - Setting next_dagrun for example_weekday_branch_operator to 2025-08-13 00:00:00+00:00, run_after=2025-08-14 00:00:00+00:00
[2025-08-14T17:46:59.463+0000] {processor.py:183} INFO - Processing /home/airflow/.local/lib/python3.8/site-packages/airflow/example_dags/example_branch_day_of_week_operator.py took 0.095 seconds
[2025-08-14T17:47:30.152+0000] {processor.py:161} INFO - Started process (PID=1261) to work on /home/airflow/.local/lib/python3.8/site-packages/airflow/example_dags/example_branch_day_of_week_operator.py
[2025-08-14T17:47:30.153+0000] {processor.py:830} INFO - Processing file /home/airflow/.local/lib/python3.8/site-packages/airflow/example_dags/example_branch_day_of_week_operator.py for tasks to queue
[2025-08-14T17:47:30.156+0000] {logging_mixin.py:188} INFO - [2025-08-14T17:47:30.156+0000] {dagbag.py:540} INFO - Filling up the DagBag from /home/airflow/.local/lib/python3.8/site-packages/airflow/example_dags/example_branch_day_of_week_operator.py
[2025-08-14T17:47:30.163+0000] {processor.py:840} INFO - DAG(s) 'example_weekday_branch_operator' retrieved from /home/airflow/.local/lib/python3.8/site-packages/airflow/example_dags/example_branch_day_of_week_operator.py
[2025-08-14T17:47:30.185+0000] {logging_mixin.py:188} INFO - [2025-08-14T17:47:30.185+0000] {dag.py:3047} INFO - Sync 1 DAGs
[2025-08-14T17:47:30.201+0000] {logging_mixin.py:188} INFO - [2025-08-14T17:47:30.201+0000] {dag.py:3834} INFO - Setting next_dagrun for example_weekday_branch_operator to 2025-08-13 00:00:00+00:00, run_after=2025-08-14 00:00:00+00:00
[2025-08-14T17:47:30.214+0000] {processor.py:183} INFO - Processing /home/airflow/.local/lib/python3.8/site-packages/airflow/example_dags/example_branch_day_of_week_operator.py took 0.065 seconds
[2025-08-14T17:48:00.498+0000] {processor.py:161} INFO - Started process (PID=1317) to work on /home/airflow/.local/lib/python3.8/site-packages/airflow/example_dags/example_branch_day_of_week_operator.py
[2025-08-14T17:48:00.500+0000] {processor.py:830} INFO - Processing file /home/airflow/.local/lib/python3.8/site-packages/airflow/example_dags/example_branch_day_of_week_operator.py for tasks to queue
[2025-08-14T17:48:00.503+0000] {logging_mixin.py:188} INFO - [2025-08-14T17:48:00.503+0000] {dagbag.py:540} INFO - Filling up the DagBag from /home/airflow/.local/lib/python3.8/site-packages/airflow/example_dags/example_branch_day_of_week_operator.py
[2025-08-14T17:48:00.507+0000] {processor.py:840} INFO - DAG(s) 'example_weekday_branch_operator' retrieved from /home/airflow/.local/lib/python3.8/site-packages/airflow/example_dags/example_branch_day_of_week_operator.py
[2025-08-14T17:48:00.523+0000] {logging_mixin.py:188} INFO - [2025-08-14T17:48:00.523+0000] {dag.py:3047} INFO - Sync 1 DAGs
[2025-08-14T17:48:00.536+0000] {logging_mixin.py:188} INFO - [2025-08-14T17:48:00.535+0000] {dag.py:3834} INFO - Setting next_dagrun for example_weekday_branch_operator to 2025-08-13 00:00:00+00:00, run_after=2025-08-14 00:00:00+00:00
[2025-08-14T17:48:00.545+0000] {processor.py:183} INFO - Processing /home/airflow/.local/lib/python3.8/site-packages/airflow/example_dags/example_branch_day_of_week_operator.py took 0.051 seconds
[2025-08-14T17:48:30.852+0000] {processor.py:161} INFO - Started process (PID=1373) to work on /home/airflow/.local/lib/python3.8/site-packages/airflow/example_dags/example_branch_day_of_week_operator.py
[2025-08-14T17:48:30.852+0000] {processor.py:830} INFO - Processing file /home/airflow/.local/lib/python3.8/site-packages/airflow/example_dags/example_branch_day_of_week_operator.py for tasks to queue
[2025-08-14T17:48:30.854+0000] {logging_mixin.py:188} INFO - [2025-08-14T17:48:30.854+0000] {dagbag.py:540} INFO - Filling up the DagBag from /home/airflow/.local/lib/python3.8/site-packages/airflow/example_dags/example_branch_day_of_week_operator.py
[2025-08-14T17:48:30.858+0000] {processor.py:840} INFO - DAG(s) 'example_weekday_branch_operator' retrieved from /home/airflow/.local/lib/python3.8/site-packages/airflow/example_dags/example_branch_day_of_week_operator.py
[2025-08-14T17:48:30.873+0000] {logging_mixin.py:188} INFO - [2025-08-14T17:48:30.872+0000] {dag.py:3047} INFO - Sync 1 DAGs
[2025-08-14T17:48:30.890+0000] {logging_mixin.py:188} INFO - [2025-08-14T17:48:30.890+0000] {dag.py:3834} INFO - Setting next_dagrun for example_weekday_branch_operator to 2025-08-13 00:00:00+00:00, run_after=2025-08-14 00:00:00+00:00
[2025-08-14T17:48:30.908+0000] {processor.py:183} INFO - Processing /home/airflow/.local/lib/python3.8/site-packages/airflow/example_dags/example_branch_day_of_week_operator.py took 0.058 seconds
[2025-08-14T17:49:01.564+0000] {processor.py:161} INFO - Started process (PID=1429) to work on /home/airflow/.local/lib/python3.8/site-packages/airflow/example_dags/example_branch_day_of_week_operator.py
[2025-08-14T17:49:01.565+0000] {processor.py:830} INFO - Processing file /home/airflow/.local/lib/python3.8/site-packages/airflow/example_dags/example_branch_day_of_week_operator.py for tasks to queue
[2025-08-14T17:49:01.566+0000] {logging_mixin.py:188} INFO - [2025-08-14T17:49:01.566+0000] {dagbag.py:540} INFO - Filling up the DagBag from /home/airflow/.local/lib/python3.8/site-packages/airflow/example_dags/example_branch_day_of_week_operator.py
[2025-08-14T17:49:01.579+0000] {processor.py:840} INFO - DAG(s) 'example_weekday_branch_operator' retrieved from /home/airflow/.local/lib/python3.8/site-packages/airflow/example_dags/example_branch_day_of_week_operator.py
[2025-08-14T17:49:01.599+0000] {logging_mixin.py:188} INFO - [2025-08-14T17:49:01.599+0000] {dag.py:3047} INFO - Sync 1 DAGs
[2025-08-14T17:49:01.612+0000] {logging_mixin.py:188} INFO - [2025-08-14T17:49:01.612+0000] {dag.py:3834} INFO - Setting next_dagrun for example_weekday_branch_operator to 2025-08-13 00:00:00+00:00, run_after=2025-08-14 00:00:00+00:00
[2025-08-14T17:49:01.629+0000] {processor.py:183} INFO - Processing /home/airflow/.local/lib/python3.8/site-packages/airflow/example_dags/example_branch_day_of_week_operator.py took 0.069 seconds
[2025-08-14T17:49:31.697+0000] {processor.py:161} INFO - Started process (PID=1485) to work on /home/airflow/.local/lib/python3.8/site-packages/airflow/example_dags/example_branch_day_of_week_operator.py
[2025-08-14T17:49:31.702+0000] {processor.py:830} INFO - Processing file /home/airflow/.local/lib/python3.8/site-packages/airflow/example_dags/example_branch_day_of_week_operator.py for tasks to queue
[2025-08-14T17:49:31.708+0000] {logging_mixin.py:188} INFO - [2025-08-14T17:49:31.707+0000] {dagbag.py:540} INFO - Filling up the DagBag from /home/airflow/.local/lib/python3.8/site-packages/airflow/example_dags/example_branch_day_of_week_operator.py
[2025-08-14T17:49:31.720+0000] {processor.py:840} INFO - DAG(s) 'example_weekday_branch_operator' retrieved from /home/airflow/.local/lib/python3.8/site-packages/airflow/example_dags/example_branch_day_of_week_operator.py
[2025-08-14T17:49:31.744+0000] {logging_mixin.py:188} INFO - [2025-08-14T17:49:31.744+0000] {dag.py:3047} INFO - Sync 1 DAGs
[2025-08-14T17:49:31.763+0000] {logging_mixin.py:188} INFO - [2025-08-14T17:49:31.763+0000] {dag.py:3834} INFO - Setting next_dagrun for example_weekday_branch_operator to 2025-08-13 00:00:00+00:00, run_after=2025-08-14 00:00:00+00:00
[2025-08-14T17:49:31.784+0000] {processor.py:183} INFO - Processing /home/airflow/.local/lib/python3.8/site-packages/airflow/example_dags/example_branch_day_of_week_operator.py took 0.093 seconds
[2025-08-14T17:50:02.369+0000] {processor.py:161} INFO - Started process (PID=1541) to work on /home/airflow/.local/lib/python3.8/site-packages/airflow/example_dags/example_branch_day_of_week_operator.py
[2025-08-14T17:50:02.371+0000] {processor.py:830} INFO - Processing file /home/airflow/.local/lib/python3.8/site-packages/airflow/example_dags/example_branch_day_of_week_operator.py for tasks to queue
[2025-08-14T17:50:02.376+0000] {logging_mixin.py:188} INFO - [2025-08-14T17:50:02.375+0000] {dagbag.py:540} INFO - Filling up the DagBag from /home/airflow/.local/lib/python3.8/site-packages/airflow/example_dags/example_branch_day_of_week_operator.py
[2025-08-14T17:50:02.391+0000] {processor.py:840} INFO - DAG(s) 'example_weekday_branch_operator' retrieved from /home/airflow/.local/lib/python3.8/site-packages/airflow/example_dags/example_branch_day_of_week_operator.py
[2025-08-14T17:50:02.487+0000] {logging_mixin.py:188} INFO - [2025-08-14T17:50:02.486+0000] {dag.py:3047} INFO - Sync 1 DAGs
[2025-08-14T17:50:02.510+0000] {logging_mixin.py:188} INFO - [2025-08-14T17:50:02.509+0000] {dag.py:3834} INFO - Setting next_dagrun for example_weekday_branch_operator to 2025-08-13 00:00:00+00:00, run_after=2025-08-14 00:00:00+00:00
[2025-08-14T17:50:02.526+0000] {processor.py:183} INFO - Processing /home/airflow/.local/lib/python3.8/site-packages/airflow/example_dags/example_branch_day_of_week_operator.py took 0.168 seconds
[2025-08-14T17:50:33.303+0000] {processor.py:161} INFO - Started process (PID=1597) to work on /home/airflow/.local/lib/python3.8/site-packages/airflow/example_dags/example_branch_day_of_week_operator.py
[2025-08-14T17:50:33.305+0000] {processor.py:830} INFO - Processing file /home/airflow/.local/lib/python3.8/site-packages/airflow/example_dags/example_branch_day_of_week_operator.py for tasks to queue
[2025-08-14T17:50:33.306+0000] {logging_mixin.py:188} INFO - [2025-08-14T17:50:33.306+0000] {dagbag.py:540} INFO - Filling up the DagBag from /home/airflow/.local/lib/python3.8/site-packages/airflow/example_dags/example_branch_day_of_week_operator.py
[2025-08-14T17:50:33.311+0000] {processor.py:840} INFO - DAG(s) 'example_weekday_branch_operator' retrieved from /home/airflow/.local/lib/python3.8/site-packages/airflow/example_dags/example_branch_day_of_week_operator.py
[2025-08-14T17:50:33.326+0000] {logging_mixin.py:188} INFO - [2025-08-14T17:50:33.326+0000] {dag.py:3047} INFO - Sync 1 DAGs
[2025-08-14T17:50:33.336+0000] {logging_mixin.py:188} INFO - [2025-08-14T17:50:33.336+0000] {dag.py:3834} INFO - Setting next_dagrun for example_weekday_branch_operator to 2025-08-13 00:00:00+00:00, run_after=2025-08-14 00:00:00+00:00
[2025-08-14T17:50:33.349+0000] {processor.py:183} INFO - Processing /home/airflow/.local/lib/python3.8/site-packages/airflow/example_dags/example_branch_day_of_week_operator.py took 0.048 seconds
[2025-08-14T17:51:04.180+0000] {processor.py:161} INFO - Started process (PID=1653) to work on /home/airflow/.local/lib/python3.8/site-packages/airflow/example_dags/example_branch_day_of_week_operator.py
[2025-08-14T17:51:04.181+0000] {processor.py:830} INFO - Processing file /home/airflow/.local/lib/python3.8/site-packages/airflow/example_dags/example_branch_day_of_week_operator.py for tasks to queue
[2025-08-14T17:51:04.182+0000] {logging_mixin.py:188} INFO - [2025-08-14T17:51:04.182+0000] {dagbag.py:540} INFO - Filling up the DagBag from /home/airflow/.local/lib/python3.8/site-packages/airflow/example_dags/example_branch_day_of_week_operator.py
[2025-08-14T17:51:04.186+0000] {processor.py:840} INFO - DAG(s) 'example_weekday_branch_operator' retrieved from /home/airflow/.local/lib/python3.8/site-packages/airflow/example_dags/example_branch_day_of_week_operator.py
[2025-08-14T17:51:04.206+0000] {logging_mixin.py:188} INFO - [2025-08-14T17:51:04.206+0000] {dag.py:3047} INFO - Sync 1 DAGs
[2025-08-14T17:51:04.224+0000] {logging_mixin.py:188} INFO - [2025-08-14T17:51:04.224+0000] {dag.py:3834} INFO - Setting next_dagrun for example_weekday_branch_operator to 2025-08-13 00:00:00+00:00, run_after=2025-08-14 00:00:00+00:00
[2025-08-14T17:51:04.237+0000] {processor.py:183} INFO - Processing /home/airflow/.local/lib/python3.8/site-packages/airflow/example_dags/example_branch_day_of_week_operator.py took 0.058 seconds
[2025-08-14T17:51:34.632+0000] {processor.py:161} INFO - Started process (PID=1709) to work on /home/airflow/.local/lib/python3.8/site-packages/airflow/example_dags/example_branch_day_of_week_operator.py
[2025-08-14T17:51:34.633+0000] {processor.py:830} INFO - Processing file /home/airflow/.local/lib/python3.8/site-packages/airflow/example_dags/example_branch_day_of_week_operator.py for tasks to queue
[2025-08-14T17:51:34.634+0000] {logging_mixin.py:188} INFO - [2025-08-14T17:51:34.634+0000] {dagbag.py:540} INFO - Filling up the DagBag from /home/airflow/.local/lib/python3.8/site-packages/airflow/example_dags/example_branch_day_of_week_operator.py
[2025-08-14T17:51:34.640+0000] {processor.py:840} INFO - DAG(s) 'example_weekday_branch_operator' retrieved from /home/airflow/.local/lib/python3.8/site-packages/airflow/example_dags/example_branch_day_of_week_operator.py
[2025-08-14T17:51:34.657+0000] {logging_mixin.py:188} INFO - [2025-08-14T17:51:34.657+0000] {dag.py:3047} INFO - Sync 1 DAGs
[2025-08-14T17:51:34.671+0000] {logging_mixin.py:188} INFO - [2025-08-14T17:51:34.671+0000] {dag.py:3834} INFO - Setting next_dagrun for example_weekday_branch_operator to 2025-08-13 00:00:00+00:00, run_after=2025-08-14 00:00:00+00:00
[2025-08-14T17:51:34.686+0000] {processor.py:183} INFO - Processing /home/airflow/.local/lib/python3.8/site-packages/airflow/example_dags/example_branch_day_of_week_operator.py took 0.056 seconds
[2025-08-14T17:52:05.364+0000] {processor.py:161} INFO - Started process (PID=1765) to work on /home/airflow/.local/lib/python3.8/site-packages/airflow/example_dags/example_branch_day_of_week_operator.py
[2025-08-14T17:52:05.366+0000] {processor.py:830} INFO - Processing file /home/airflow/.local/lib/python3.8/site-packages/airflow/example_dags/example_branch_day_of_week_operator.py for tasks to queue
[2025-08-14T17:52:05.373+0000] {logging_mixin.py:188} INFO - [2025-08-14T17:52:05.372+0000] {dagbag.py:540} INFO - Filling up the DagBag from /home/airflow/.local/lib/python3.8/site-packages/airflow/example_dags/example_branch_day_of_week_operator.py
[2025-08-14T17:52:05.383+0000] {processor.py:840} INFO - DAG(s) 'example_weekday_branch_operator' retrieved from /home/airflow/.local/lib/python3.8/site-packages/airflow/example_dags/example_branch_day_of_week_operator.py
[2025-08-14T17:52:05.409+0000] {logging_mixin.py:188} INFO - [2025-08-14T17:52:05.409+0000] {dag.py:3047} INFO - Sync 1 DAGs
[2025-08-14T17:52:05.423+0000] {logging_mixin.py:188} INFO - [2025-08-14T17:52:05.423+0000] {dag.py:3834} INFO - Setting next_dagrun for example_weekday_branch_operator to 2025-08-13 00:00:00+00:00, run_after=2025-08-14 00:00:00+00:00
[2025-08-14T17:52:05.437+0000] {processor.py:183} INFO - Processing /home/airflow/.local/lib/python3.8/site-packages/airflow/example_dags/example_branch_day_of_week_operator.py took 0.075 seconds
[2025-08-14T17:52:35.651+0000] {processor.py:161} INFO - Started process (PID=1821) to work on /home/airflow/.local/lib/python3.8/site-packages/airflow/example_dags/example_branch_day_of_week_operator.py
[2025-08-14T17:52:35.653+0000] {processor.py:830} INFO - Processing file /home/airflow/.local/lib/python3.8/site-packages/airflow/example_dags/example_branch_day_of_week_operator.py for tasks to queue
[2025-08-14T17:52:35.654+0000] {logging_mixin.py:188} INFO - [2025-08-14T17:52:35.654+0000] {dagbag.py:540} INFO - Filling up the DagBag from /home/airflow/.local/lib/python3.8/site-packages/airflow/example_dags/example_branch_day_of_week_operator.py
[2025-08-14T17:52:35.660+0000] {processor.py:840} INFO - DAG(s) 'example_weekday_branch_operator' retrieved from /home/airflow/.local/lib/python3.8/site-packages/airflow/example_dags/example_branch_day_of_week_operator.py
[2025-08-14T17:52:35.675+0000] {logging_mixin.py:188} INFO - [2025-08-14T17:52:35.675+0000] {dag.py:3047} INFO - Sync 1 DAGs
[2025-08-14T17:52:35.687+0000] {logging_mixin.py:188} INFO - [2025-08-14T17:52:35.687+0000] {dag.py:3834} INFO - Setting next_dagrun for example_weekday_branch_operator to 2025-08-13 00:00:00+00:00, run_after=2025-08-14 00:00:00+00:00
[2025-08-14T17:52:35.698+0000] {processor.py:183} INFO - Processing /home/airflow/.local/lib/python3.8/site-packages/airflow/example_dags/example_branch_day_of_week_operator.py took 0.050 seconds
[2025-08-14T17:53:06.577+0000] {processor.py:161} INFO - Started process (PID=1877) to work on /home/airflow/.local/lib/python3.8/site-packages/airflow/example_dags/example_branch_day_of_week_operator.py
[2025-08-14T17:53:06.578+0000] {processor.py:830} INFO - Processing file /home/airflow/.local/lib/python3.8/site-packages/airflow/example_dags/example_branch_day_of_week_operator.py for tasks to queue
[2025-08-14T17:53:06.579+0000] {logging_mixin.py:188} INFO - [2025-08-14T17:53:06.579+0000] {dagbag.py:540} INFO - Filling up the DagBag from /home/airflow/.local/lib/python3.8/site-packages/airflow/example_dags/example_branch_day_of_week_operator.py
[2025-08-14T17:53:06.589+0000] {processor.py:840} INFO - DAG(s) 'example_weekday_branch_operator' retrieved from /home/airflow/.local/lib/python3.8/site-packages/airflow/example_dags/example_branch_day_of_week_operator.py
[2025-08-14T17:53:06.612+0000] {logging_mixin.py:188} INFO - [2025-08-14T17:53:06.612+0000] {dag.py:3047} INFO - Sync 1 DAGs
[2025-08-14T17:53:06.632+0000] {logging_mixin.py:188} INFO - [2025-08-14T17:53:06.632+0000] {dag.py:3834} INFO - Setting next_dagrun for example_weekday_branch_operator to 2025-08-13 00:00:00+00:00, run_after=2025-08-14 00:00:00+00:00
[2025-08-14T17:53:06.648+0000] {processor.py:183} INFO - Processing /home/airflow/.local/lib/python3.8/site-packages/airflow/example_dags/example_branch_day_of_week_operator.py took 0.074 seconds
[2025-08-14T17:53:36.772+0000] {processor.py:161} INFO - Started process (PID=1933) to work on /home/airflow/.local/lib/python3.8/site-packages/airflow/example_dags/example_branch_day_of_week_operator.py
[2025-08-14T17:53:36.775+0000] {processor.py:830} INFO - Processing file /home/airflow/.local/lib/python3.8/site-packages/airflow/example_dags/example_branch_day_of_week_operator.py for tasks to queue
[2025-08-14T17:53:36.778+0000] {logging_mixin.py:188} INFO - [2025-08-14T17:53:36.778+0000] {dagbag.py:540} INFO - Filling up the DagBag from /home/airflow/.local/lib/python3.8/site-packages/airflow/example_dags/example_branch_day_of_week_operator.py
[2025-08-14T17:53:36.783+0000] {processor.py:840} INFO - DAG(s) 'example_weekday_branch_operator' retrieved from /home/airflow/.local/lib/python3.8/site-packages/airflow/example_dags/example_branch_day_of_week_operator.py
[2025-08-14T17:53:36.801+0000] {logging_mixin.py:188} INFO - [2025-08-14T17:53:36.801+0000] {dag.py:3047} INFO - Sync 1 DAGs
[2025-08-14T17:53:36.815+0000] {logging_mixin.py:188} INFO - [2025-08-14T17:53:36.815+0000] {dag.py:3834} INFO - Setting next_dagrun for example_weekday_branch_operator to 2025-08-13 00:00:00+00:00, run_after=2025-08-14 00:00:00+00:00
[2025-08-14T17:53:36.835+0000] {processor.py:183} INFO - Processing /home/airflow/.local/lib/python3.8/site-packages/airflow/example_dags/example_branch_day_of_week_operator.py took 0.065 seconds
[2025-08-14T17:54:06.986+0000] {processor.py:161} INFO - Started process (PID=1989) to work on /home/airflow/.local/lib/python3.8/site-packages/airflow/example_dags/example_branch_day_of_week_operator.py
[2025-08-14T17:54:06.988+0000] {processor.py:830} INFO - Processing file /home/airflow/.local/lib/python3.8/site-packages/airflow/example_dags/example_branch_day_of_week_operator.py for tasks to queue
[2025-08-14T17:54:06.990+0000] {logging_mixin.py:188} INFO - [2025-08-14T17:54:06.990+0000] {dagbag.py:540} INFO - Filling up the DagBag from /home/airflow/.local/lib/python3.8/site-packages/airflow/example_dags/example_branch_day_of_week_operator.py
[2025-08-14T17:54:06.998+0000] {processor.py:840} INFO - DAG(s) 'example_weekday_branch_operator' retrieved from /home/airflow/.local/lib/python3.8/site-packages/airflow/example_dags/example_branch_day_of_week_operator.py
[2025-08-14T17:54:07.011+0000] {logging_mixin.py:188} INFO - [2025-08-14T17:54:07.011+0000] {dag.py:3047} INFO - Sync 1 DAGs
[2025-08-14T17:54:07.024+0000] {logging_mixin.py:188} INFO - [2025-08-14T17:54:07.023+0000] {dag.py:3834} INFO - Setting next_dagrun for example_weekday_branch_operator to 2025-08-13 00:00:00+00:00, run_after=2025-08-14 00:00:00+00:00
[2025-08-14T17:54:07.039+0000] {processor.py:183} INFO - Processing /home/airflow/.local/lib/python3.8/site-packages/airflow/example_dags/example_branch_day_of_week_operator.py took 0.054 seconds
[2025-08-14T17:54:37.456+0000] {processor.py:161} INFO - Started process (PID=2045) to work on /home/airflow/.local/lib/python3.8/site-packages/airflow/example_dags/example_branch_day_of_week_operator.py
[2025-08-14T17:54:37.457+0000] {processor.py:830} INFO - Processing file /home/airflow/.local/lib/python3.8/site-packages/airflow/example_dags/example_branch_day_of_week_operator.py for tasks to queue
[2025-08-14T17:54:37.458+0000] {logging_mixin.py:188} INFO - [2025-08-14T17:54:37.458+0000] {dagbag.py:540} INFO - Filling up the DagBag from /home/airflow/.local/lib/python3.8/site-packages/airflow/example_dags/example_branch_day_of_week_operator.py
[2025-08-14T17:54:37.464+0000] {processor.py:840} INFO - DAG(s) 'example_weekday_branch_operator' retrieved from /home/airflow/.local/lib/python3.8/site-packages/airflow/example_dags/example_branch_day_of_week_operator.py
[2025-08-14T17:54:37.482+0000] {logging_mixin.py:188} INFO - [2025-08-14T17:54:37.481+0000] {dag.py:3047} INFO - Sync 1 DAGs
[2025-08-14T17:54:37.498+0000] {logging_mixin.py:188} INFO - [2025-08-14T17:54:37.498+0000] {dag.py:3834} INFO - Setting next_dagrun for example_weekday_branch_operator to 2025-08-13 00:00:00+00:00, run_after=2025-08-14 00:00:00+00:00
[2025-08-14T17:54:37.511+0000] {processor.py:183} INFO - Processing /home/airflow/.local/lib/python3.8/site-packages/airflow/example_dags/example_branch_day_of_week_operator.py took 0.056 seconds
[2025-08-14T17:55:07.933+0000] {processor.py:161} INFO - Started process (PID=2101) to work on /home/airflow/.local/lib/python3.8/site-packages/airflow/example_dags/example_branch_day_of_week_operator.py
[2025-08-14T17:55:07.933+0000] {processor.py:830} INFO - Processing file /home/airflow/.local/lib/python3.8/site-packages/airflow/example_dags/example_branch_day_of_week_operator.py for tasks to queue
[2025-08-14T17:55:07.935+0000] {logging_mixin.py:188} INFO - [2025-08-14T17:55:07.935+0000] {dagbag.py:540} INFO - Filling up the DagBag from /home/airflow/.local/lib/python3.8/site-packages/airflow/example_dags/example_branch_day_of_week_operator.py
[2025-08-14T17:55:07.939+0000] {processor.py:840} INFO - DAG(s) 'example_weekday_branch_operator' retrieved from /home/airflow/.local/lib/python3.8/site-packages/airflow/example_dags/example_branch_day_of_week_operator.py
[2025-08-14T17:55:07.961+0000] {logging_mixin.py:188} INFO - [2025-08-14T17:55:07.960+0000] {dag.py:3047} INFO - Sync 1 DAGs
[2025-08-14T17:55:07.980+0000] {logging_mixin.py:188} INFO - [2025-08-14T17:55:07.980+0000] {dag.py:3834} INFO - Setting next_dagrun for example_weekday_branch_operator to 2025-08-13 00:00:00+00:00, run_after=2025-08-14 00:00:00+00:00
[2025-08-14T17:55:07.997+0000] {processor.py:183} INFO - Processing /home/airflow/.local/lib/python3.8/site-packages/airflow/example_dags/example_branch_day_of_week_operator.py took 0.067 seconds
[2025-08-14T17:55:38.592+0000] {processor.py:161} INFO - Started process (PID=2157) to work on /home/airflow/.local/lib/python3.8/site-packages/airflow/example_dags/example_branch_day_of_week_operator.py
[2025-08-14T17:55:38.593+0000] {processor.py:830} INFO - Processing file /home/airflow/.local/lib/python3.8/site-packages/airflow/example_dags/example_branch_day_of_week_operator.py for tasks to queue
[2025-08-14T17:55:38.594+0000] {logging_mixin.py:188} INFO - [2025-08-14T17:55:38.594+0000] {dagbag.py:540} INFO - Filling up the DagBag from /home/airflow/.local/lib/python3.8/site-packages/airflow/example_dags/example_branch_day_of_week_operator.py
[2025-08-14T17:55:38.599+0000] {processor.py:840} INFO - DAG(s) 'example_weekday_branch_operator' retrieved from /home/airflow/.local/lib/python3.8/site-packages/airflow/example_dags/example_branch_day_of_week_operator.py
[2025-08-14T17:55:38.611+0000] {logging_mixin.py:188} INFO - [2025-08-14T17:55:38.610+0000] {dag.py:3047} INFO - Sync 1 DAGs
[2025-08-14T17:55:38.627+0000] {logging_mixin.py:188} INFO - [2025-08-14T17:55:38.627+0000] {dag.py:3834} INFO - Setting next_dagrun for example_weekday_branch_operator to 2025-08-13 00:00:00+00:00, run_after=2025-08-14 00:00:00+00:00
[2025-08-14T17:55:38.641+0000] {processor.py:183} INFO - Processing /home/airflow/.local/lib/python3.8/site-packages/airflow/example_dags/example_branch_day_of_week_operator.py took 0.051 seconds
[2025-08-14T17:56:09.162+0000] {processor.py:161} INFO - Started process (PID=2213) to work on /home/airflow/.local/lib/python3.8/site-packages/airflow/example_dags/example_branch_day_of_week_operator.py
[2025-08-14T17:56:09.162+0000] {processor.py:830} INFO - Processing file /home/airflow/.local/lib/python3.8/site-packages/airflow/example_dags/example_branch_day_of_week_operator.py for tasks to queue
[2025-08-14T17:56:09.163+0000] {logging_mixin.py:188} INFO - [2025-08-14T17:56:09.163+0000] {dagbag.py:540} INFO - Filling up the DagBag from /home/airflow/.local/lib/python3.8/site-packages/airflow/example_dags/example_branch_day_of_week_operator.py
[2025-08-14T17:56:09.168+0000] {processor.py:840} INFO - DAG(s) 'example_weekday_branch_operator' retrieved from /home/airflow/.local/lib/python3.8/site-packages/airflow/example_dags/example_branch_day_of_week_operator.py
[2025-08-14T17:56:09.180+0000] {logging_mixin.py:188} INFO - [2025-08-14T17:56:09.180+0000] {dag.py:3047} INFO - Sync 1 DAGs
[2025-08-14T17:56:09.198+0000] {logging_mixin.py:188} INFO - [2025-08-14T17:56:09.198+0000] {dag.py:3834} INFO - Setting next_dagrun for example_weekday_branch_operator to 2025-08-13 00:00:00+00:00, run_after=2025-08-14 00:00:00+00:00
[2025-08-14T17:56:09.208+0000] {processor.py:183} INFO - Processing /home/airflow/.local/lib/python3.8/site-packages/airflow/example_dags/example_branch_day_of_week_operator.py took 0.048 seconds
[2025-08-14T17:56:39.448+0000] {processor.py:161} INFO - Started process (PID=2269) to work on /home/airflow/.local/lib/python3.8/site-packages/airflow/example_dags/example_branch_day_of_week_operator.py
[2025-08-14T17:56:39.449+0000] {processor.py:830} INFO - Processing file /home/airflow/.local/lib/python3.8/site-packages/airflow/example_dags/example_branch_day_of_week_operator.py for tasks to queue
[2025-08-14T17:56:39.452+0000] {logging_mixin.py:188} INFO - [2025-08-14T17:56:39.451+0000] {dagbag.py:540} INFO - Filling up the DagBag from /home/airflow/.local/lib/python3.8/site-packages/airflow/example_dags/example_branch_day_of_week_operator.py
[2025-08-14T17:56:39.459+0000] {processor.py:840} INFO - DAG(s) 'example_weekday_branch_operator' retrieved from /home/airflow/.local/lib/python3.8/site-packages/airflow/example_dags/example_branch_day_of_week_operator.py
[2025-08-14T17:56:39.476+0000] {logging_mixin.py:188} INFO - [2025-08-14T17:56:39.476+0000] {dag.py:3047} INFO - Sync 1 DAGs
[2025-08-14T17:56:39.492+0000] {logging_mixin.py:188} INFO - [2025-08-14T17:56:39.492+0000] {dag.py:3834} INFO - Setting next_dagrun for example_weekday_branch_operator to 2025-08-13 00:00:00+00:00, run_after=2025-08-14 00:00:00+00:00
[2025-08-14T17:56:39.505+0000] {processor.py:183} INFO - Processing /home/airflow/.local/lib/python3.8/site-packages/airflow/example_dags/example_branch_day_of_week_operator.py took 0.060 seconds
[2025-08-14T17:57:09.860+0000] {processor.py:161} INFO - Started process (PID=2325) to work on /home/airflow/.local/lib/python3.8/site-packages/airflow/example_dags/example_branch_day_of_week_operator.py
[2025-08-14T17:57:09.861+0000] {processor.py:830} INFO - Processing file /home/airflow/.local/lib/python3.8/site-packages/airflow/example_dags/example_branch_day_of_week_operator.py for tasks to queue
[2025-08-14T17:57:09.862+0000] {logging_mixin.py:188} INFO - [2025-08-14T17:57:09.861+0000] {dagbag.py:540} INFO - Filling up the DagBag from /home/airflow/.local/lib/python3.8/site-packages/airflow/example_dags/example_branch_day_of_week_operator.py
[2025-08-14T17:57:09.866+0000] {processor.py:840} INFO - DAG(s) 'example_weekday_branch_operator' retrieved from /home/airflow/.local/lib/python3.8/site-packages/airflow/example_dags/example_branch_day_of_week_operator.py
[2025-08-14T17:57:09.879+0000] {logging_mixin.py:188} INFO - [2025-08-14T17:57:09.879+0000] {dag.py:3047} INFO - Sync 1 DAGs
[2025-08-14T17:57:09.903+0000] {logging_mixin.py:188} INFO - [2025-08-14T17:57:09.903+0000] {dag.py:3834} INFO - Setting next_dagrun for example_weekday_branch_operator to 2025-08-13 00:00:00+00:00, run_after=2025-08-14 00:00:00+00:00
[2025-08-14T17:57:09.913+0000] {processor.py:183} INFO - Processing /home/airflow/.local/lib/python3.8/site-packages/airflow/example_dags/example_branch_day_of_week_operator.py took 0.055 seconds
[2025-08-14T17:57:40.292+0000] {processor.py:161} INFO - Started process (PID=2381) to work on /home/airflow/.local/lib/python3.8/site-packages/airflow/example_dags/example_branch_day_of_week_operator.py
[2025-08-14T17:57:40.295+0000] {processor.py:830} INFO - Processing file /home/airflow/.local/lib/python3.8/site-packages/airflow/example_dags/example_branch_day_of_week_operator.py for tasks to queue
[2025-08-14T17:57:40.297+0000] {logging_mixin.py:188} INFO - [2025-08-14T17:57:40.297+0000] {dagbag.py:540} INFO - Filling up the DagBag from /home/airflow/.local/lib/python3.8/site-packages/airflow/example_dags/example_branch_day_of_week_operator.py
[2025-08-14T17:57:40.303+0000] {processor.py:840} INFO - DAG(s) 'example_weekday_branch_operator' retrieved from /home/airflow/.local/lib/python3.8/site-packages/airflow/example_dags/example_branch_day_of_week_operator.py
[2025-08-14T17:57:40.319+0000] {logging_mixin.py:188} INFO - [2025-08-14T17:57:40.319+0000] {dag.py:3047} INFO - Sync 1 DAGs
[2025-08-14T17:57:40.338+0000] {logging_mixin.py:188} INFO - [2025-08-14T17:57:40.338+0000] {dag.py:3834} INFO - Setting next_dagrun for example_weekday_branch_operator to 2025-08-13 00:00:00+00:00, run_after=2025-08-14 00:00:00+00:00
[2025-08-14T17:57:40.353+0000] {processor.py:183} INFO - Processing /home/airflow/.local/lib/python3.8/site-packages/airflow/example_dags/example_branch_day_of_week_operator.py took 0.063 seconds
[2025-08-14T17:58:11.053+0000] {processor.py:161} INFO - Started process (PID=2437) to work on /home/airflow/.local/lib/python3.8/site-packages/airflow/example_dags/example_branch_day_of_week_operator.py
[2025-08-14T17:58:11.054+0000] {processor.py:830} INFO - Processing file /home/airflow/.local/lib/python3.8/site-packages/airflow/example_dags/example_branch_day_of_week_operator.py for tasks to queue
[2025-08-14T17:58:11.055+0000] {logging_mixin.py:188} INFO - [2025-08-14T17:58:11.055+0000] {dagbag.py:540} INFO - Filling up the DagBag from /home/airflow/.local/lib/python3.8/site-packages/airflow/example_dags/example_branch_day_of_week_operator.py
[2025-08-14T17:58:11.059+0000] {processor.py:840} INFO - DAG(s) 'example_weekday_branch_operator' retrieved from /home/airflow/.local/lib/python3.8/site-packages/airflow/example_dags/example_branch_day_of_week_operator.py
[2025-08-14T17:58:11.077+0000] {logging_mixin.py:188} INFO - [2025-08-14T17:58:11.077+0000] {dag.py:3047} INFO - Sync 1 DAGs
[2025-08-14T17:58:11.091+0000] {logging_mixin.py:188} INFO - [2025-08-14T17:58:11.091+0000] {dag.py:3834} INFO - Setting next_dagrun for example_weekday_branch_operator to 2025-08-13 00:00:00+00:00, run_after=2025-08-14 00:00:00+00:00
[2025-08-14T17:58:11.104+0000] {processor.py:183} INFO - Processing /home/airflow/.local/lib/python3.8/site-packages/airflow/example_dags/example_branch_day_of_week_operator.py took 0.054 seconds
[2025-08-14T17:58:41.878+0000] {processor.py:161} INFO - Started process (PID=2493) to work on /home/airflow/.local/lib/python3.8/site-packages/airflow/example_dags/example_branch_day_of_week_operator.py
[2025-08-14T17:58:41.881+0000] {processor.py:830} INFO - Processing file /home/airflow/.local/lib/python3.8/site-packages/airflow/example_dags/example_branch_day_of_week_operator.py for tasks to queue
[2025-08-14T17:58:41.889+0000] {logging_mixin.py:188} INFO - [2025-08-14T17:58:41.889+0000] {dagbag.py:540} INFO - Filling up the DagBag from /home/airflow/.local/lib/python3.8/site-packages/airflow/example_dags/example_branch_day_of_week_operator.py
[2025-08-14T17:58:41.895+0000] {processor.py:840} INFO - DAG(s) 'example_weekday_branch_operator' retrieved from /home/airflow/.local/lib/python3.8/site-packages/airflow/example_dags/example_branch_day_of_week_operator.py
[2025-08-14T17:58:41.908+0000] {logging_mixin.py:188} INFO - [2025-08-14T17:58:41.908+0000] {dag.py:3047} INFO - Sync 1 DAGs
[2025-08-14T17:58:41.920+0000] {logging_mixin.py:188} INFO - [2025-08-14T17:58:41.920+0000] {dag.py:3834} INFO - Setting next_dagrun for example_weekday_branch_operator to 2025-08-13 00:00:00+00:00, run_after=2025-08-14 00:00:00+00:00
[2025-08-14T17:58:41.935+0000] {processor.py:183} INFO - Processing /home/airflow/.local/lib/python3.8/site-packages/airflow/example_dags/example_branch_day_of_week_operator.py took 0.064 seconds
[2025-08-14T17:59:12.202+0000] {processor.py:161} INFO - Started process (PID=2549) to work on /home/airflow/.local/lib/python3.8/site-packages/airflow/example_dags/example_branch_day_of_week_operator.py
[2025-08-14T17:59:12.203+0000] {processor.py:830} INFO - Processing file /home/airflow/.local/lib/python3.8/site-packages/airflow/example_dags/example_branch_day_of_week_operator.py for tasks to queue
[2025-08-14T17:59:12.205+0000] {logging_mixin.py:188} INFO - [2025-08-14T17:59:12.205+0000] {dagbag.py:540} INFO - Filling up the DagBag from /home/airflow/.local/lib/python3.8/site-packages/airflow/example_dags/example_branch_day_of_week_operator.py
[2025-08-14T17:59:12.211+0000] {processor.py:840} INFO - DAG(s) 'example_weekday_branch_operator' retrieved from /home/airflow/.local/lib/python3.8/site-packages/airflow/example_dags/example_branch_day_of_week_operator.py
[2025-08-14T17:59:12.225+0000] {logging_mixin.py:188} INFO - [2025-08-14T17:59:12.225+0000] {dag.py:3047} INFO - Sync 1 DAGs
[2025-08-14T17:59:12.240+0000] {logging_mixin.py:188} INFO - [2025-08-14T17:59:12.240+0000] {dag.py:3834} INFO - Setting next_dagrun for example_weekday_branch_operator to 2025-08-13 00:00:00+00:00, run_after=2025-08-14 00:00:00+00:00
[2025-08-14T17:59:12.255+0000] {processor.py:183} INFO - Processing /home/airflow/.local/lib/python3.8/site-packages/airflow/example_dags/example_branch_day_of_week_operator.py took 0.055 seconds
[2025-08-14T17:59:42.456+0000] {processor.py:161} INFO - Started process (PID=2605) to work on /home/airflow/.local/lib/python3.8/site-packages/airflow/example_dags/example_branch_day_of_week_operator.py
[2025-08-14T17:59:42.458+0000] {processor.py:830} INFO - Processing file /home/airflow/.local/lib/python3.8/site-packages/airflow/example_dags/example_branch_day_of_week_operator.py for tasks to queue
[2025-08-14T17:59:42.460+0000] {logging_mixin.py:188} INFO - [2025-08-14T17:59:42.460+0000] {dagbag.py:540} INFO - Filling up the DagBag from /home/airflow/.local/lib/python3.8/site-packages/airflow/example_dags/example_branch_day_of_week_operator.py
[2025-08-14T17:59:42.466+0000] {processor.py:840} INFO - DAG(s) 'example_weekday_branch_operator' retrieved from /home/airflow/.local/lib/python3.8/site-packages/airflow/example_dags/example_branch_day_of_week_operator.py
[2025-08-14T17:59:42.481+0000] {logging_mixin.py:188} INFO - [2025-08-14T17:59:42.480+0000] {dag.py:3047} INFO - Sync 1 DAGs
[2025-08-14T17:59:42.493+0000] {logging_mixin.py:188} INFO - [2025-08-14T17:59:42.493+0000] {dag.py:3834} INFO - Setting next_dagrun for example_weekday_branch_operator to 2025-08-13 00:00:00+00:00, run_after=2025-08-14 00:00:00+00:00
[2025-08-14T17:59:42.503+0000] {processor.py:183} INFO - Processing /home/airflow/.local/lib/python3.8/site-packages/airflow/example_dags/example_branch_day_of_week_operator.py took 0.049 seconds
[2025-08-14T18:00:12.944+0000] {processor.py:161} INFO - Started process (PID=2660) to work on /home/airflow/.local/lib/python3.8/site-packages/airflow/example_dags/example_branch_day_of_week_operator.py
[2025-08-14T18:00:12.945+0000] {processor.py:830} INFO - Processing file /home/airflow/.local/lib/python3.8/site-packages/airflow/example_dags/example_branch_day_of_week_operator.py for tasks to queue
[2025-08-14T18:00:12.948+0000] {logging_mixin.py:188} INFO - [2025-08-14T18:00:12.947+0000] {dagbag.py:540} INFO - Filling up the DagBag from /home/airflow/.local/lib/python3.8/site-packages/airflow/example_dags/example_branch_day_of_week_operator.py
[2025-08-14T18:00:12.953+0000] {processor.py:840} INFO - DAG(s) 'example_weekday_branch_operator' retrieved from /home/airflow/.local/lib/python3.8/site-packages/airflow/example_dags/example_branch_day_of_week_operator.py
[2025-08-14T18:00:12.983+0000] {logging_mixin.py:188} INFO - [2025-08-14T18:00:12.983+0000] {dag.py:3047} INFO - Sync 1 DAGs
[2025-08-14T18:00:13.000+0000] {logging_mixin.py:188} INFO - [2025-08-14T18:00:13.000+0000] {dag.py:3834} INFO - Setting next_dagrun for example_weekday_branch_operator to 2025-08-13 00:00:00+00:00, run_after=2025-08-14 00:00:00+00:00
[2025-08-14T18:00:13.019+0000] {processor.py:183} INFO - Processing /home/airflow/.local/lib/python3.8/site-packages/airflow/example_dags/example_branch_day_of_week_operator.py took 0.079 seconds
[2025-08-14T18:00:43.248+0000] {processor.py:161} INFO - Started process (PID=2716) to work on /home/airflow/.local/lib/python3.8/site-packages/airflow/example_dags/example_branch_day_of_week_operator.py
[2025-08-14T18:00:43.249+0000] {processor.py:830} INFO - Processing file /home/airflow/.local/lib/python3.8/site-packages/airflow/example_dags/example_branch_day_of_week_operator.py for tasks to queue
[2025-08-14T18:00:43.249+0000] {logging_mixin.py:188} INFO - [2025-08-14T18:00:43.249+0000] {dagbag.py:540} INFO - Filling up the DagBag from /home/airflow/.local/lib/python3.8/site-packages/airflow/example_dags/example_branch_day_of_week_operator.py
[2025-08-14T18:00:43.254+0000] {processor.py:840} INFO - DAG(s) 'example_weekday_branch_operator' retrieved from /home/airflow/.local/lib/python3.8/site-packages/airflow/example_dags/example_branch_day_of_week_operator.py
[2025-08-14T18:00:43.266+0000] {logging_mixin.py:188} INFO - [2025-08-14T18:00:43.266+0000] {dag.py:3047} INFO - Sync 1 DAGs
[2025-08-14T18:00:43.276+0000] {logging_mixin.py:188} INFO - [2025-08-14T18:00:43.276+0000] {dag.py:3834} INFO - Setting next_dagrun for example_weekday_branch_operator to 2025-08-13 00:00:00+00:00, run_after=2025-08-14 00:00:00+00:00
[2025-08-14T18:00:43.284+0000] {processor.py:183} INFO - Processing /home/airflow/.local/lib/python3.8/site-packages/airflow/example_dags/example_branch_day_of_week_operator.py took 0.038 seconds
[2025-08-14T18:01:13.535+0000] {processor.py:161} INFO - Started process (PID=2772) to work on /home/airflow/.local/lib/python3.8/site-packages/airflow/example_dags/example_branch_day_of_week_operator.py
[2025-08-14T18:01:13.538+0000] {processor.py:830} INFO - Processing file /home/airflow/.local/lib/python3.8/site-packages/airflow/example_dags/example_branch_day_of_week_operator.py for tasks to queue
[2025-08-14T18:01:13.540+0000] {logging_mixin.py:188} INFO - [2025-08-14T18:01:13.540+0000] {dagbag.py:540} INFO - Filling up the DagBag from /home/airflow/.local/lib/python3.8/site-packages/airflow/example_dags/example_branch_day_of_week_operator.py
[2025-08-14T18:01:13.547+0000] {processor.py:840} INFO - DAG(s) 'example_weekday_branch_operator' retrieved from /home/airflow/.local/lib/python3.8/site-packages/airflow/example_dags/example_branch_day_of_week_operator.py
[2025-08-14T18:01:13.569+0000] {logging_mixin.py:188} INFO - [2025-08-14T18:01:13.569+0000] {dag.py:3047} INFO - Sync 1 DAGs
[2025-08-14T18:01:13.583+0000] {logging_mixin.py:188} INFO - [2025-08-14T18:01:13.582+0000] {dag.py:3834} INFO - Setting next_dagrun for example_weekday_branch_operator to 2025-08-13 00:00:00+00:00, run_after=2025-08-14 00:00:00+00:00
[2025-08-14T18:01:13.596+0000] {processor.py:183} INFO - Processing /home/airflow/.local/lib/python3.8/site-packages/airflow/example_dags/example_branch_day_of_week_operator.py took 0.063 seconds
[2025-08-14T18:01:44.115+0000] {processor.py:161} INFO - Started process (PID=2828) to work on /home/airflow/.local/lib/python3.8/site-packages/airflow/example_dags/example_branch_day_of_week_operator.py
[2025-08-14T18:01:44.116+0000] {processor.py:830} INFO - Processing file /home/airflow/.local/lib/python3.8/site-packages/airflow/example_dags/example_branch_day_of_week_operator.py for tasks to queue
[2025-08-14T18:01:44.118+0000] {logging_mixin.py:188} INFO - [2025-08-14T18:01:44.117+0000] {dagbag.py:540} INFO - Filling up the DagBag from /home/airflow/.local/lib/python3.8/site-packages/airflow/example_dags/example_branch_day_of_week_operator.py
[2025-08-14T18:01:44.123+0000] {processor.py:840} INFO - DAG(s) 'example_weekday_branch_operator' retrieved from /home/airflow/.local/lib/python3.8/site-packages/airflow/example_dags/example_branch_day_of_week_operator.py
[2025-08-14T18:01:44.146+0000] {logging_mixin.py:188} INFO - [2025-08-14T18:01:44.145+0000] {dag.py:3047} INFO - Sync 1 DAGs
[2025-08-14T18:01:44.160+0000] {logging_mixin.py:188} INFO - [2025-08-14T18:01:44.160+0000] {dag.py:3834} INFO - Setting next_dagrun for example_weekday_branch_operator to 2025-08-13 00:00:00+00:00, run_after=2025-08-14 00:00:00+00:00
[2025-08-14T18:01:44.175+0000] {processor.py:183} INFO - Processing /home/airflow/.local/lib/python3.8/site-packages/airflow/example_dags/example_branch_day_of_week_operator.py took 0.062 seconds
[2025-08-14T18:02:14.784+0000] {processor.py:161} INFO - Started process (PID=2884) to work on /home/airflow/.local/lib/python3.8/site-packages/airflow/example_dags/example_branch_day_of_week_operator.py
[2025-08-14T18:02:14.785+0000] {processor.py:830} INFO - Processing file /home/airflow/.local/lib/python3.8/site-packages/airflow/example_dags/example_branch_day_of_week_operator.py for tasks to queue
[2025-08-14T18:02:14.786+0000] {logging_mixin.py:188} INFO - [2025-08-14T18:02:14.786+0000] {dagbag.py:540} INFO - Filling up the DagBag from /home/airflow/.local/lib/python3.8/site-packages/airflow/example_dags/example_branch_day_of_week_operator.py
[2025-08-14T18:02:14.791+0000] {processor.py:840} INFO - DAG(s) 'example_weekday_branch_operator' retrieved from /home/airflow/.local/lib/python3.8/site-packages/airflow/example_dags/example_branch_day_of_week_operator.py
[2025-08-14T18:02:14.810+0000] {logging_mixin.py:188} INFO - [2025-08-14T18:02:14.809+0000] {dag.py:3047} INFO - Sync 1 DAGs
[2025-08-14T18:02:14.827+0000] {logging_mixin.py:188} INFO - [2025-08-14T18:02:14.827+0000] {dag.py:3834} INFO - Setting next_dagrun for example_weekday_branch_operator to 2025-08-13 00:00:00+00:00, run_after=2025-08-14 00:00:00+00:00
[2025-08-14T18:02:14.843+0000] {processor.py:183} INFO - Processing /home/airflow/.local/lib/python3.8/site-packages/airflow/example_dags/example_branch_day_of_week_operator.py took 0.061 seconds
[2025-08-14T18:02:45.377+0000] {processor.py:161} INFO - Started process (PID=2940) to work on /home/airflow/.local/lib/python3.8/site-packages/airflow/example_dags/example_branch_day_of_week_operator.py
[2025-08-14T18:02:45.379+0000] {processor.py:830} INFO - Processing file /home/airflow/.local/lib/python3.8/site-packages/airflow/example_dags/example_branch_day_of_week_operator.py for tasks to queue
[2025-08-14T18:02:45.381+0000] {logging_mixin.py:188} INFO - [2025-08-14T18:02:45.381+0000] {dagbag.py:540} INFO - Filling up the DagBag from /home/airflow/.local/lib/python3.8/site-packages/airflow/example_dags/example_branch_day_of_week_operator.py
[2025-08-14T18:02:45.392+0000] {processor.py:840} INFO - DAG(s) 'example_weekday_branch_operator' retrieved from /home/airflow/.local/lib/python3.8/site-packages/airflow/example_dags/example_branch_day_of_week_operator.py
[2025-08-14T18:02:45.419+0000] {logging_mixin.py:188} INFO - [2025-08-14T18:02:45.419+0000] {dag.py:3047} INFO - Sync 1 DAGs
[2025-08-14T18:02:45.439+0000] {logging_mixin.py:188} INFO - [2025-08-14T18:02:45.439+0000] {dag.py:3834} INFO - Setting next_dagrun for example_weekday_branch_operator to 2025-08-13 00:00:00+00:00, run_after=2025-08-14 00:00:00+00:00
[2025-08-14T18:02:45.485+0000] {processor.py:183} INFO - Processing /home/airflow/.local/lib/python3.8/site-packages/airflow/example_dags/example_branch_day_of_week_operator.py took 0.117 seconds
[2025-08-14T18:03:15.605+0000] {processor.py:161} INFO - Started process (PID=2996) to work on /home/airflow/.local/lib/python3.8/site-packages/airflow/example_dags/example_branch_day_of_week_operator.py
[2025-08-14T18:03:15.608+0000] {processor.py:830} INFO - Processing file /home/airflow/.local/lib/python3.8/site-packages/airflow/example_dags/example_branch_day_of_week_operator.py for tasks to queue
[2025-08-14T18:03:15.609+0000] {logging_mixin.py:188} INFO - [2025-08-14T18:03:15.609+0000] {dagbag.py:540} INFO - Filling up the DagBag from /home/airflow/.local/lib/python3.8/site-packages/airflow/example_dags/example_branch_day_of_week_operator.py
[2025-08-14T18:03:15.615+0000] {processor.py:840} INFO - DAG(s) 'example_weekday_branch_operator' retrieved from /home/airflow/.local/lib/python3.8/site-packages/airflow/example_dags/example_branch_day_of_week_operator.py
[2025-08-14T18:03:15.632+0000] {logging_mixin.py:188} INFO - [2025-08-14T18:03:15.632+0000] {dag.py:3047} INFO - Sync 1 DAGs
[2025-08-14T18:03:15.646+0000] {logging_mixin.py:188} INFO - [2025-08-14T18:03:15.646+0000] {dag.py:3834} INFO - Setting next_dagrun for example_weekday_branch_operator to 2025-08-13 00:00:00+00:00, run_after=2025-08-14 00:00:00+00:00
[2025-08-14T18:03:15.659+0000] {processor.py:183} INFO - Processing /home/airflow/.local/lib/python3.8/site-packages/airflow/example_dags/example_branch_day_of_week_operator.py took 0.056 seconds
[2025-08-14T18:03:45.717+0000] {processor.py:161} INFO - Started process (PID=3052) to work on /home/airflow/.local/lib/python3.8/site-packages/airflow/example_dags/example_branch_day_of_week_operator.py
[2025-08-14T18:03:45.719+0000] {processor.py:830} INFO - Processing file /home/airflow/.local/lib/python3.8/site-packages/airflow/example_dags/example_branch_day_of_week_operator.py for tasks to queue
[2025-08-14T18:03:45.721+0000] {logging_mixin.py:188} INFO - [2025-08-14T18:03:45.721+0000] {dagbag.py:540} INFO - Filling up the DagBag from /home/airflow/.local/lib/python3.8/site-packages/airflow/example_dags/example_branch_day_of_week_operator.py
[2025-08-14T18:03:45.727+0000] {processor.py:840} INFO - DAG(s) 'example_weekday_branch_operator' retrieved from /home/airflow/.local/lib/python3.8/site-packages/airflow/example_dags/example_branch_day_of_week_operator.py
[2025-08-14T18:03:45.747+0000] {logging_mixin.py:188} INFO - [2025-08-14T18:03:45.747+0000] {dag.py:3047} INFO - Sync 1 DAGs
[2025-08-14T18:03:45.765+0000] {logging_mixin.py:188} INFO - [2025-08-14T18:03:45.764+0000] {dag.py:3834} INFO - Setting next_dagrun for example_weekday_branch_operator to 2025-08-13 00:00:00+00:00, run_after=2025-08-14 00:00:00+00:00
[2025-08-14T18:03:45.779+0000] {processor.py:183} INFO - Processing /home/airflow/.local/lib/python3.8/site-packages/airflow/example_dags/example_branch_day_of_week_operator.py took 0.065 seconds
[2025-08-14T18:04:16.372+0000] {processor.py:161} INFO - Started process (PID=3108) to work on /home/airflow/.local/lib/python3.8/site-packages/airflow/example_dags/example_branch_day_of_week_operator.py
[2025-08-14T18:04:16.375+0000] {processor.py:830} INFO - Processing file /home/airflow/.local/lib/python3.8/site-packages/airflow/example_dags/example_branch_day_of_week_operator.py for tasks to queue
[2025-08-14T18:04:16.376+0000] {logging_mixin.py:188} INFO - [2025-08-14T18:04:16.376+0000] {dagbag.py:540} INFO - Filling up the DagBag from /home/airflow/.local/lib/python3.8/site-packages/airflow/example_dags/example_branch_day_of_week_operator.py
[2025-08-14T18:04:16.380+0000] {processor.py:840} INFO - DAG(s) 'example_weekday_branch_operator' retrieved from /home/airflow/.local/lib/python3.8/site-packages/airflow/example_dags/example_branch_day_of_week_operator.py
[2025-08-14T18:04:16.394+0000] {logging_mixin.py:188} INFO - [2025-08-14T18:04:16.394+0000] {dag.py:3047} INFO - Sync 1 DAGs
[2025-08-14T18:04:16.415+0000] {logging_mixin.py:188} INFO - [2025-08-14T18:04:16.415+0000] {dag.py:3834} INFO - Setting next_dagrun for example_weekday_branch_operator to 2025-08-13 00:00:00+00:00, run_after=2025-08-14 00:00:00+00:00
[2025-08-14T18:04:16.427+0000] {processor.py:183} INFO - Processing /home/airflow/.local/lib/python3.8/site-packages/airflow/example_dags/example_branch_day_of_week_operator.py took 0.058 seconds
[2025-08-14T18:04:46.980+0000] {processor.py:161} INFO - Started process (PID=3164) to work on /home/airflow/.local/lib/python3.8/site-packages/airflow/example_dags/example_branch_day_of_week_operator.py
[2025-08-14T18:04:46.982+0000] {processor.py:830} INFO - Processing file /home/airflow/.local/lib/python3.8/site-packages/airflow/example_dags/example_branch_day_of_week_operator.py for tasks to queue
[2025-08-14T18:04:46.984+0000] {logging_mixin.py:188} INFO - [2025-08-14T18:04:46.983+0000] {dagbag.py:540} INFO - Filling up the DagBag from /home/airflow/.local/lib/python3.8/site-packages/airflow/example_dags/example_branch_day_of_week_operator.py
[2025-08-14T18:04:46.989+0000] {processor.py:840} INFO - DAG(s) 'example_weekday_branch_operator' retrieved from /home/airflow/.local/lib/python3.8/site-packages/airflow/example_dags/example_branch_day_of_week_operator.py
[2025-08-14T18:04:47.012+0000] {logging_mixin.py:188} INFO - [2025-08-14T18:04:47.011+0000] {dag.py:3047} INFO - Sync 1 DAGs
[2025-08-14T18:04:47.029+0000] {logging_mixin.py:188} INFO - [2025-08-14T18:04:47.028+0000] {dag.py:3834} INFO - Setting next_dagrun for example_weekday_branch_operator to 2025-08-13 00:00:00+00:00, run_after=2025-08-14 00:00:00+00:00
[2025-08-14T18:04:47.043+0000] {processor.py:183} INFO - Processing /home/airflow/.local/lib/python3.8/site-packages/airflow/example_dags/example_branch_day_of_week_operator.py took 0.065 seconds
[2025-08-14T18:05:17.640+0000] {processor.py:161} INFO - Started process (PID=3218) to work on /home/airflow/.local/lib/python3.8/site-packages/airflow/example_dags/example_branch_day_of_week_operator.py
[2025-08-14T18:05:17.641+0000] {processor.py:830} INFO - Processing file /home/airflow/.local/lib/python3.8/site-packages/airflow/example_dags/example_branch_day_of_week_operator.py for tasks to queue
[2025-08-14T18:05:17.643+0000] {logging_mixin.py:188} INFO - [2025-08-14T18:05:17.642+0000] {dagbag.py:540} INFO - Filling up the DagBag from /home/airflow/.local/lib/python3.8/site-packages/airflow/example_dags/example_branch_day_of_week_operator.py
[2025-08-14T18:05:17.647+0000] {processor.py:840} INFO - DAG(s) 'example_weekday_branch_operator' retrieved from /home/airflow/.local/lib/python3.8/site-packages/airflow/example_dags/example_branch_day_of_week_operator.py
[2025-08-14T18:05:17.660+0000] {logging_mixin.py:188} INFO - [2025-08-14T18:05:17.659+0000] {dag.py:3047} INFO - Sync 1 DAGs
[2025-08-14T18:05:17.671+0000] {logging_mixin.py:188} INFO - [2025-08-14T18:05:17.671+0000] {dag.py:3834} INFO - Setting next_dagrun for example_weekday_branch_operator to 2025-08-13 00:00:00+00:00, run_after=2025-08-14 00:00:00+00:00
[2025-08-14T18:05:17.684+0000] {processor.py:183} INFO - Processing /home/airflow/.local/lib/python3.8/site-packages/airflow/example_dags/example_branch_day_of_week_operator.py took 0.046 seconds
[2025-08-14T18:05:48.830+0000] {processor.py:161} INFO - Started process (PID=3274) to work on /home/airflow/.local/lib/python3.8/site-packages/airflow/example_dags/example_branch_day_of_week_operator.py
[2025-08-14T18:05:48.832+0000] {processor.py:830} INFO - Processing file /home/airflow/.local/lib/python3.8/site-packages/airflow/example_dags/example_branch_day_of_week_operator.py for tasks to queue
[2025-08-14T18:05:48.833+0000] {logging_mixin.py:188} INFO - [2025-08-14T18:05:48.833+0000] {dagbag.py:540} INFO - Filling up the DagBag from /home/airflow/.local/lib/python3.8/site-packages/airflow/example_dags/example_branch_day_of_week_operator.py
[2025-08-14T18:05:48.838+0000] {processor.py:840} INFO - DAG(s) 'example_weekday_branch_operator' retrieved from /home/airflow/.local/lib/python3.8/site-packages/airflow/example_dags/example_branch_day_of_week_operator.py
[2025-08-14T18:05:48.859+0000] {logging_mixin.py:188} INFO - [2025-08-14T18:05:48.859+0000] {dag.py:3047} INFO - Sync 1 DAGs
[2025-08-14T18:05:48.876+0000] {logging_mixin.py:188} INFO - [2025-08-14T18:05:48.875+0000] {dag.py:3834} INFO - Setting next_dagrun for example_weekday_branch_operator to 2025-08-13 00:00:00+00:00, run_after=2025-08-14 00:00:00+00:00
[2025-08-14T18:05:48.888+0000] {processor.py:183} INFO - Processing /home/airflow/.local/lib/python3.8/site-packages/airflow/example_dags/example_branch_day_of_week_operator.py took 0.060 seconds
