[2025-08-14T17:36:45.534+0000] {processor.py:161} INFO - Started process (PID=71) to work on /home/airflow/.local/lib/python3.8/site-packages/airflow/example_dags/example_branch_operator.py
[2025-08-14T17:36:45.535+0000] {processor.py:830} INFO - Processing file /home/airflow/.local/lib/python3.8/site-packages/airflow/example_dags/example_branch_operator.py for tasks to queue
[2025-08-14T17:36:45.539+0000] {logging_mixin.py:188} INFO - [2025-08-14T17:36:45.538+0000] {dagbag.py:540} INFO - Filling up the DagBag from /home/airflow/.local/lib/python3.8/site-packages/airflow/example_dags/example_branch_operator.py
[2025-08-14T17:36:45.606+0000] {processor.py:840} INFO - DAG(s) 'example_branch_operator' retrieved from /home/airflow/.local/lib/python3.8/site-packages/airflow/example_dags/example_branch_operator.py
[2025-08-14T17:36:45.660+0000] {logging_mixin.py:188} INFO - [2025-08-14T17:36:45.660+0000] {dag.py:3047} INFO - Sync 1 DAGs
[2025-08-14T17:36:45.724+0000] {logging_mixin.py:188} INFO - [2025-08-14T17:36:45.723+0000] {dag.py:3834} INFO - Setting next_dagrun for example_branch_operator to 2025-08-13 00:00:00+00:00, run_after=2025-08-14 00:00:00+00:00
[2025-08-14T17:36:45.761+0000] {processor.py:183} INFO - Processing /home/airflow/.local/lib/python3.8/site-packages/airflow/example_dags/example_branch_operator.py took 0.232 seconds
[2025-08-14T17:37:16.158+0000] {processor.py:161} INFO - Started process (PID=127) to work on /home/airflow/.local/lib/python3.8/site-packages/airflow/example_dags/example_branch_operator.py
[2025-08-14T17:37:16.159+0000] {processor.py:830} INFO - Processing file /home/airflow/.local/lib/python3.8/site-packages/airflow/example_dags/example_branch_operator.py for tasks to queue
[2025-08-14T17:37:16.160+0000] {logging_mixin.py:188} INFO - [2025-08-14T17:37:16.160+0000] {dagbag.py:540} INFO - Filling up the DagBag from /home/airflow/.local/lib/python3.8/site-packages/airflow/example_dags/example_branch_operator.py
[2025-08-14T17:37:16.171+0000] {processor.py:840} INFO - DAG(s) 'example_branch_operator' retrieved from /home/airflow/.local/lib/python3.8/site-packages/airflow/example_dags/example_branch_operator.py
[2025-08-14T17:37:16.231+0000] {logging_mixin.py:188} INFO - [2025-08-14T17:37:16.231+0000] {dag.py:3047} INFO - Sync 1 DAGs
[2025-08-14T17:37:16.240+0000] {logging_mixin.py:188} INFO - [2025-08-14T17:37:16.240+0000] {dag.py:3834} INFO - Setting next_dagrun for example_branch_operator to 2025-08-13 00:00:00+00:00, run_after=2025-08-14 00:00:00+00:00
[2025-08-14T17:37:16.253+0000] {processor.py:183} INFO - Processing /home/airflow/.local/lib/python3.8/site-packages/airflow/example_dags/example_branch_operator.py took 0.097 seconds
[2025-08-14T17:37:46.920+0000] {processor.py:161} INFO - Started process (PID=183) to work on /home/airflow/.local/lib/python3.8/site-packages/airflow/example_dags/example_branch_operator.py
[2025-08-14T17:37:46.921+0000] {processor.py:830} INFO - Processing file /home/airflow/.local/lib/python3.8/site-packages/airflow/example_dags/example_branch_operator.py for tasks to queue
[2025-08-14T17:37:46.922+0000] {logging_mixin.py:188} INFO - [2025-08-14T17:37:46.922+0000] {dagbag.py:540} INFO - Filling up the DagBag from /home/airflow/.local/lib/python3.8/site-packages/airflow/example_dags/example_branch_operator.py
[2025-08-14T17:37:46.932+0000] {processor.py:840} INFO - DAG(s) 'example_branch_operator' retrieved from /home/airflow/.local/lib/python3.8/site-packages/airflow/example_dags/example_branch_operator.py
[2025-08-14T17:37:46.958+0000] {logging_mixin.py:188} INFO - [2025-08-14T17:37:46.957+0000] {dag.py:3047} INFO - Sync 1 DAGs
[2025-08-14T17:37:46.980+0000] {logging_mixin.py:188} INFO - [2025-08-14T17:37:46.980+0000] {dag.py:3834} INFO - Setting next_dagrun for example_branch_operator to 2025-08-13 00:00:00+00:00, run_after=2025-08-14 00:00:00+00:00
[2025-08-14T17:37:47.012+0000] {processor.py:183} INFO - Processing /home/airflow/.local/lib/python3.8/site-packages/airflow/example_dags/example_branch_operator.py took 0.094 seconds
[2025-08-14T17:38:17.864+0000] {processor.py:161} INFO - Started process (PID=239) to work on /home/airflow/.local/lib/python3.8/site-packages/airflow/example_dags/example_branch_operator.py
[2025-08-14T17:38:17.866+0000] {processor.py:830} INFO - Processing file /home/airflow/.local/lib/python3.8/site-packages/airflow/example_dags/example_branch_operator.py for tasks to queue
[2025-08-14T17:38:17.867+0000] {logging_mixin.py:188} INFO - [2025-08-14T17:38:17.867+0000] {dagbag.py:540} INFO - Filling up the DagBag from /home/airflow/.local/lib/python3.8/site-packages/airflow/example_dags/example_branch_operator.py
[2025-08-14T17:38:17.876+0000] {processor.py:840} INFO - DAG(s) 'example_branch_operator' retrieved from /home/airflow/.local/lib/python3.8/site-packages/airflow/example_dags/example_branch_operator.py
[2025-08-14T17:38:17.891+0000] {logging_mixin.py:188} INFO - [2025-08-14T17:38:17.891+0000] {dag.py:3047} INFO - Sync 1 DAGs
[2025-08-14T17:38:17.903+0000] {logging_mixin.py:188} INFO - [2025-08-14T17:38:17.903+0000] {dag.py:3834} INFO - Setting next_dagrun for example_branch_operator to 2025-08-13 00:00:00+00:00, run_after=2025-08-14 00:00:00+00:00
[2025-08-14T17:38:17.916+0000] {processor.py:183} INFO - Processing /home/airflow/.local/lib/python3.8/site-packages/airflow/example_dags/example_branch_operator.py took 0.054 seconds
[2025-08-14T17:38:48.498+0000] {processor.py:161} INFO - Started process (PID=296) to work on /home/airflow/.local/lib/python3.8/site-packages/airflow/example_dags/example_branch_operator.py
[2025-08-14T17:38:48.499+0000] {processor.py:830} INFO - Processing file /home/airflow/.local/lib/python3.8/site-packages/airflow/example_dags/example_branch_operator.py for tasks to queue
[2025-08-14T17:38:48.500+0000] {logging_mixin.py:188} INFO - [2025-08-14T17:38:48.500+0000] {dagbag.py:540} INFO - Filling up the DagBag from /home/airflow/.local/lib/python3.8/site-packages/airflow/example_dags/example_branch_operator.py
[2025-08-14T17:38:48.513+0000] {processor.py:840} INFO - DAG(s) 'example_branch_operator' retrieved from /home/airflow/.local/lib/python3.8/site-packages/airflow/example_dags/example_branch_operator.py
[2025-08-14T17:38:48.530+0000] {logging_mixin.py:188} INFO - [2025-08-14T17:38:48.530+0000] {dag.py:3047} INFO - Sync 1 DAGs
[2025-08-14T17:38:48.548+0000] {logging_mixin.py:188} INFO - [2025-08-14T17:38:48.548+0000] {dag.py:3834} INFO - Setting next_dagrun for example_branch_operator to 2025-08-13 00:00:00+00:00, run_after=2025-08-14 00:00:00+00:00
[2025-08-14T17:38:48.563+0000] {processor.py:183} INFO - Processing /home/airflow/.local/lib/python3.8/site-packages/airflow/example_dags/example_branch_operator.py took 0.068 seconds
[2025-08-14T17:39:18.731+0000] {processor.py:161} INFO - Started process (PID=352) to work on /home/airflow/.local/lib/python3.8/site-packages/airflow/example_dags/example_branch_operator.py
[2025-08-14T17:39:18.732+0000] {processor.py:830} INFO - Processing file /home/airflow/.local/lib/python3.8/site-packages/airflow/example_dags/example_branch_operator.py for tasks to queue
[2025-08-14T17:39:18.733+0000] {logging_mixin.py:188} INFO - [2025-08-14T17:39:18.733+0000] {dagbag.py:540} INFO - Filling up the DagBag from /home/airflow/.local/lib/python3.8/site-packages/airflow/example_dags/example_branch_operator.py
[2025-08-14T17:39:18.742+0000] {processor.py:840} INFO - DAG(s) 'example_branch_operator' retrieved from /home/airflow/.local/lib/python3.8/site-packages/airflow/example_dags/example_branch_operator.py
[2025-08-14T17:39:18.757+0000] {logging_mixin.py:188} INFO - [2025-08-14T17:39:18.757+0000] {dag.py:3047} INFO - Sync 1 DAGs
[2025-08-14T17:39:18.773+0000] {logging_mixin.py:188} INFO - [2025-08-14T17:39:18.773+0000] {dag.py:3834} INFO - Setting next_dagrun for example_branch_operator to 2025-08-13 00:00:00+00:00, run_after=2025-08-14 00:00:00+00:00
[2025-08-14T17:39:18.791+0000] {processor.py:183} INFO - Processing /home/airflow/.local/lib/python3.8/site-packages/airflow/example_dags/example_branch_operator.py took 0.061 seconds
[2025-08-14T17:39:49.532+0000] {processor.py:161} INFO - Started process (PID=408) to work on /home/airflow/.local/lib/python3.8/site-packages/airflow/example_dags/example_branch_operator.py
[2025-08-14T17:39:49.533+0000] {processor.py:830} INFO - Processing file /home/airflow/.local/lib/python3.8/site-packages/airflow/example_dags/example_branch_operator.py for tasks to queue
[2025-08-14T17:39:49.534+0000] {logging_mixin.py:188} INFO - [2025-08-14T17:39:49.533+0000] {dagbag.py:540} INFO - Filling up the DagBag from /home/airflow/.local/lib/python3.8/site-packages/airflow/example_dags/example_branch_operator.py
[2025-08-14T17:39:49.544+0000] {processor.py:840} INFO - DAG(s) 'example_branch_operator' retrieved from /home/airflow/.local/lib/python3.8/site-packages/airflow/example_dags/example_branch_operator.py
[2025-08-14T17:39:49.558+0000] {logging_mixin.py:188} INFO - [2025-08-14T17:39:49.558+0000] {dag.py:3047} INFO - Sync 1 DAGs
[2025-08-14T17:39:49.573+0000] {logging_mixin.py:188} INFO - [2025-08-14T17:39:49.572+0000] {dag.py:3834} INFO - Setting next_dagrun for example_branch_operator to 2025-08-13 00:00:00+00:00, run_after=2025-08-14 00:00:00+00:00
[2025-08-14T17:39:49.590+0000] {processor.py:183} INFO - Processing /home/airflow/.local/lib/python3.8/site-packages/airflow/example_dags/example_branch_operator.py took 0.061 seconds
[2025-08-14T17:40:20.198+0000] {processor.py:161} INFO - Started process (PID=464) to work on /home/airflow/.local/lib/python3.8/site-packages/airflow/example_dags/example_branch_operator.py
[2025-08-14T17:40:20.199+0000] {processor.py:830} INFO - Processing file /home/airflow/.local/lib/python3.8/site-packages/airflow/example_dags/example_branch_operator.py for tasks to queue
[2025-08-14T17:40:20.200+0000] {logging_mixin.py:188} INFO - [2025-08-14T17:40:20.200+0000] {dagbag.py:540} INFO - Filling up the DagBag from /home/airflow/.local/lib/python3.8/site-packages/airflow/example_dags/example_branch_operator.py
[2025-08-14T17:40:20.210+0000] {processor.py:840} INFO - DAG(s) 'example_branch_operator' retrieved from /home/airflow/.local/lib/python3.8/site-packages/airflow/example_dags/example_branch_operator.py
[2025-08-14T17:40:20.230+0000] {logging_mixin.py:188} INFO - [2025-08-14T17:40:20.229+0000] {dag.py:3047} INFO - Sync 1 DAGs
[2025-08-14T17:40:20.240+0000] {logging_mixin.py:188} INFO - [2025-08-14T17:40:20.240+0000] {dag.py:3834} INFO - Setting next_dagrun for example_branch_operator to 2025-08-13 00:00:00+00:00, run_after=2025-08-14 00:00:00+00:00
[2025-08-14T17:40:20.254+0000] {processor.py:183} INFO - Processing /home/airflow/.local/lib/python3.8/site-packages/airflow/example_dags/example_branch_operator.py took 0.061 seconds
[2025-08-14T17:40:50.897+0000] {processor.py:161} INFO - Started process (PID=520) to work on /home/airflow/.local/lib/python3.8/site-packages/airflow/example_dags/example_branch_operator.py
[2025-08-14T17:40:50.898+0000] {processor.py:830} INFO - Processing file /home/airflow/.local/lib/python3.8/site-packages/airflow/example_dags/example_branch_operator.py for tasks to queue
[2025-08-14T17:40:50.899+0000] {logging_mixin.py:188} INFO - [2025-08-14T17:40:50.898+0000] {dagbag.py:540} INFO - Filling up the DagBag from /home/airflow/.local/lib/python3.8/site-packages/airflow/example_dags/example_branch_operator.py
[2025-08-14T17:40:50.910+0000] {processor.py:840} INFO - DAG(s) 'example_branch_operator' retrieved from /home/airflow/.local/lib/python3.8/site-packages/airflow/example_dags/example_branch_operator.py
[2025-08-14T17:40:50.923+0000] {logging_mixin.py:188} INFO - [2025-08-14T17:40:50.923+0000] {dag.py:3047} INFO - Sync 1 DAGs
[2025-08-14T17:40:50.933+0000] {logging_mixin.py:188} INFO - [2025-08-14T17:40:50.933+0000] {dag.py:3834} INFO - Setting next_dagrun for example_branch_operator to 2025-08-13 00:00:00+00:00, run_after=2025-08-14 00:00:00+00:00
[2025-08-14T17:40:50.940+0000] {processor.py:183} INFO - Processing /home/airflow/.local/lib/python3.8/site-packages/airflow/example_dags/example_branch_operator.py took 0.045 seconds
[2025-08-14T17:41:21.289+0000] {processor.py:161} INFO - Started process (PID=576) to work on /home/airflow/.local/lib/python3.8/site-packages/airflow/example_dags/example_branch_operator.py
[2025-08-14T17:41:21.290+0000] {processor.py:830} INFO - Processing file /home/airflow/.local/lib/python3.8/site-packages/airflow/example_dags/example_branch_operator.py for tasks to queue
[2025-08-14T17:41:21.291+0000] {logging_mixin.py:188} INFO - [2025-08-14T17:41:21.291+0000] {dagbag.py:540} INFO - Filling up the DagBag from /home/airflow/.local/lib/python3.8/site-packages/airflow/example_dags/example_branch_operator.py
[2025-08-14T17:41:21.300+0000] {processor.py:840} INFO - DAG(s) 'example_branch_operator' retrieved from /home/airflow/.local/lib/python3.8/site-packages/airflow/example_dags/example_branch_operator.py
[2025-08-14T17:41:21.314+0000] {logging_mixin.py:188} INFO - [2025-08-14T17:41:21.314+0000] {dag.py:3047} INFO - Sync 1 DAGs
[2025-08-14T17:41:21.323+0000] {logging_mixin.py:188} INFO - [2025-08-14T17:41:21.323+0000] {dag.py:3834} INFO - Setting next_dagrun for example_branch_operator to 2025-08-13 00:00:00+00:00, run_after=2025-08-14 00:00:00+00:00
[2025-08-14T17:41:21.331+0000] {processor.py:183} INFO - Processing /home/airflow/.local/lib/python3.8/site-packages/airflow/example_dags/example_branch_operator.py took 0.044 seconds
[2025-08-14T17:41:51.845+0000] {processor.py:161} INFO - Started process (PID=632) to work on /home/airflow/.local/lib/python3.8/site-packages/airflow/example_dags/example_branch_operator.py
[2025-08-14T17:41:51.848+0000] {processor.py:830} INFO - Processing file /home/airflow/.local/lib/python3.8/site-packages/airflow/example_dags/example_branch_operator.py for tasks to queue
[2025-08-14T17:41:51.849+0000] {logging_mixin.py:188} INFO - [2025-08-14T17:41:51.849+0000] {dagbag.py:540} INFO - Filling up the DagBag from /home/airflow/.local/lib/python3.8/site-packages/airflow/example_dags/example_branch_operator.py
[2025-08-14T17:41:51.861+0000] {processor.py:840} INFO - DAG(s) 'example_branch_operator' retrieved from /home/airflow/.local/lib/python3.8/site-packages/airflow/example_dags/example_branch_operator.py
[2025-08-14T17:41:51.884+0000] {logging_mixin.py:188} INFO - [2025-08-14T17:41:51.883+0000] {dag.py:3047} INFO - Sync 1 DAGs
[2025-08-14T17:41:51.900+0000] {logging_mixin.py:188} INFO - [2025-08-14T17:41:51.899+0000] {dag.py:3834} INFO - Setting next_dagrun for example_branch_operator to 2025-08-13 00:00:00+00:00, run_after=2025-08-14 00:00:00+00:00
[2025-08-14T17:41:51.912+0000] {processor.py:183} INFO - Processing /home/airflow/.local/lib/python3.8/site-packages/airflow/example_dags/example_branch_operator.py took 0.069 seconds
[2025-08-14T17:42:22.528+0000] {processor.py:161} INFO - Started process (PID=688) to work on /home/airflow/.local/lib/python3.8/site-packages/airflow/example_dags/example_branch_operator.py
[2025-08-14T17:42:22.529+0000] {processor.py:830} INFO - Processing file /home/airflow/.local/lib/python3.8/site-packages/airflow/example_dags/example_branch_operator.py for tasks to queue
[2025-08-14T17:42:22.530+0000] {logging_mixin.py:188} INFO - [2025-08-14T17:42:22.530+0000] {dagbag.py:540} INFO - Filling up the DagBag from /home/airflow/.local/lib/python3.8/site-packages/airflow/example_dags/example_branch_operator.py
[2025-08-14T17:42:22.564+0000] {processor.py:840} INFO - DAG(s) 'example_branch_operator' retrieved from /home/airflow/.local/lib/python3.8/site-packages/airflow/example_dags/example_branch_operator.py
[2025-08-14T17:42:22.596+0000] {logging_mixin.py:188} INFO - [2025-08-14T17:42:22.596+0000] {dag.py:3047} INFO - Sync 1 DAGs
[2025-08-14T17:42:22.614+0000] {logging_mixin.py:188} INFO - [2025-08-14T17:42:22.614+0000] {dag.py:3834} INFO - Setting next_dagrun for example_branch_operator to 2025-08-13 00:00:00+00:00, run_after=2025-08-14 00:00:00+00:00
[2025-08-14T17:42:22.634+0000] {processor.py:183} INFO - Processing /home/airflow/.local/lib/python3.8/site-packages/airflow/example_dags/example_branch_operator.py took 0.109 seconds
[2025-08-14T17:42:52.993+0000] {processor.py:161} INFO - Started process (PID=744) to work on /home/airflow/.local/lib/python3.8/site-packages/airflow/example_dags/example_branch_operator.py
[2025-08-14T17:42:52.994+0000] {processor.py:830} INFO - Processing file /home/airflow/.local/lib/python3.8/site-packages/airflow/example_dags/example_branch_operator.py for tasks to queue
[2025-08-14T17:42:52.995+0000] {logging_mixin.py:188} INFO - [2025-08-14T17:42:52.995+0000] {dagbag.py:540} INFO - Filling up the DagBag from /home/airflow/.local/lib/python3.8/site-packages/airflow/example_dags/example_branch_operator.py
[2025-08-14T17:42:53.023+0000] {processor.py:840} INFO - DAG(s) 'example_branch_operator' retrieved from /home/airflow/.local/lib/python3.8/site-packages/airflow/example_dags/example_branch_operator.py
[2025-08-14T17:42:53.049+0000] {logging_mixin.py:188} INFO - [2025-08-14T17:42:53.049+0000] {dag.py:3047} INFO - Sync 1 DAGs
[2025-08-14T17:42:53.062+0000] {logging_mixin.py:188} INFO - [2025-08-14T17:42:53.062+0000] {dag.py:3834} INFO - Setting next_dagrun for example_branch_operator to 2025-08-13 00:00:00+00:00, run_after=2025-08-14 00:00:00+00:00
[2025-08-14T17:42:53.071+0000] {processor.py:183} INFO - Processing /home/airflow/.local/lib/python3.8/site-packages/airflow/example_dags/example_branch_operator.py took 0.081 seconds
[2025-08-14T17:43:23.492+0000] {processor.py:161} INFO - Started process (PID=800) to work on /home/airflow/.local/lib/python3.8/site-packages/airflow/example_dags/example_branch_operator.py
[2025-08-14T17:43:23.495+0000] {processor.py:830} INFO - Processing file /home/airflow/.local/lib/python3.8/site-packages/airflow/example_dags/example_branch_operator.py for tasks to queue
[2025-08-14T17:43:23.496+0000] {logging_mixin.py:188} INFO - [2025-08-14T17:43:23.496+0000] {dagbag.py:540} INFO - Filling up the DagBag from /home/airflow/.local/lib/python3.8/site-packages/airflow/example_dags/example_branch_operator.py
[2025-08-14T17:43:23.505+0000] {processor.py:840} INFO - DAG(s) 'example_branch_operator' retrieved from /home/airflow/.local/lib/python3.8/site-packages/airflow/example_dags/example_branch_operator.py
[2025-08-14T17:43:23.520+0000] {logging_mixin.py:188} INFO - [2025-08-14T17:43:23.520+0000] {dag.py:3047} INFO - Sync 1 DAGs
[2025-08-14T17:43:23.534+0000] {logging_mixin.py:188} INFO - [2025-08-14T17:43:23.534+0000] {dag.py:3834} INFO - Setting next_dagrun for example_branch_operator to 2025-08-13 00:00:00+00:00, run_after=2025-08-14 00:00:00+00:00
[2025-08-14T17:43:23.547+0000] {processor.py:183} INFO - Processing /home/airflow/.local/lib/python3.8/site-packages/airflow/example_dags/example_branch_operator.py took 0.056 seconds
[2025-08-14T17:43:54.013+0000] {processor.py:161} INFO - Started process (PID=856) to work on /home/airflow/.local/lib/python3.8/site-packages/airflow/example_dags/example_branch_operator.py
[2025-08-14T17:43:54.015+0000] {processor.py:830} INFO - Processing file /home/airflow/.local/lib/python3.8/site-packages/airflow/example_dags/example_branch_operator.py for tasks to queue
[2025-08-14T17:43:54.016+0000] {logging_mixin.py:188} INFO - [2025-08-14T17:43:54.016+0000] {dagbag.py:540} INFO - Filling up the DagBag from /home/airflow/.local/lib/python3.8/site-packages/airflow/example_dags/example_branch_operator.py
[2025-08-14T17:43:54.025+0000] {processor.py:840} INFO - DAG(s) 'example_branch_operator' retrieved from /home/airflow/.local/lib/python3.8/site-packages/airflow/example_dags/example_branch_operator.py
[2025-08-14T17:43:54.041+0000] {logging_mixin.py:188} INFO - [2025-08-14T17:43:54.041+0000] {dag.py:3047} INFO - Sync 1 DAGs
[2025-08-14T17:43:54.064+0000] {logging_mixin.py:188} INFO - [2025-08-14T17:43:54.062+0000] {dag.py:3834} INFO - Setting next_dagrun for example_branch_operator to 2025-08-13 00:00:00+00:00, run_after=2025-08-14 00:00:00+00:00
[2025-08-14T17:43:54.083+0000] {processor.py:183} INFO - Processing /home/airflow/.local/lib/python3.8/site-packages/airflow/example_dags/example_branch_operator.py took 0.072 seconds
[2025-08-14T17:44:25.171+0000] {processor.py:161} INFO - Started process (PID=912) to work on /home/airflow/.local/lib/python3.8/site-packages/airflow/example_dags/example_branch_operator.py
[2025-08-14T17:44:25.172+0000] {processor.py:830} INFO - Processing file /home/airflow/.local/lib/python3.8/site-packages/airflow/example_dags/example_branch_operator.py for tasks to queue
[2025-08-14T17:44:25.175+0000] {logging_mixin.py:188} INFO - [2025-08-14T17:44:25.175+0000] {dagbag.py:540} INFO - Filling up the DagBag from /home/airflow/.local/lib/python3.8/site-packages/airflow/example_dags/example_branch_operator.py
[2025-08-14T17:44:25.188+0000] {processor.py:840} INFO - DAG(s) 'example_branch_operator' retrieved from /home/airflow/.local/lib/python3.8/site-packages/airflow/example_dags/example_branch_operator.py
[2025-08-14T17:44:25.206+0000] {logging_mixin.py:188} INFO - [2025-08-14T17:44:25.206+0000] {dag.py:3047} INFO - Sync 1 DAGs
[2025-08-14T17:44:25.223+0000] {logging_mixin.py:188} INFO - [2025-08-14T17:44:25.223+0000] {dag.py:3834} INFO - Setting next_dagrun for example_branch_operator to 2025-08-13 00:00:00+00:00, run_after=2025-08-14 00:00:00+00:00
[2025-08-14T17:44:25.234+0000] {processor.py:183} INFO - Processing /home/airflow/.local/lib/python3.8/site-packages/airflow/example_dags/example_branch_operator.py took 0.066 seconds
[2025-08-14T17:44:55.539+0000] {processor.py:161} INFO - Started process (PID=968) to work on /home/airflow/.local/lib/python3.8/site-packages/airflow/example_dags/example_branch_operator.py
[2025-08-14T17:44:55.540+0000] {processor.py:830} INFO - Processing file /home/airflow/.local/lib/python3.8/site-packages/airflow/example_dags/example_branch_operator.py for tasks to queue
[2025-08-14T17:44:55.541+0000] {logging_mixin.py:188} INFO - [2025-08-14T17:44:55.541+0000] {dagbag.py:540} INFO - Filling up the DagBag from /home/airflow/.local/lib/python3.8/site-packages/airflow/example_dags/example_branch_operator.py
[2025-08-14T17:44:55.553+0000] {processor.py:840} INFO - DAG(s) 'example_branch_operator' retrieved from /home/airflow/.local/lib/python3.8/site-packages/airflow/example_dags/example_branch_operator.py
[2025-08-14T17:44:55.570+0000] {logging_mixin.py:188} INFO - [2025-08-14T17:44:55.570+0000] {dag.py:3047} INFO - Sync 1 DAGs
[2025-08-14T17:44:55.581+0000] {logging_mixin.py:188} INFO - [2025-08-14T17:44:55.581+0000] {dag.py:3834} INFO - Setting next_dagrun for example_branch_operator to 2025-08-13 00:00:00+00:00, run_after=2025-08-14 00:00:00+00:00
[2025-08-14T17:44:55.589+0000] {processor.py:183} INFO - Processing /home/airflow/.local/lib/python3.8/site-packages/airflow/example_dags/example_branch_operator.py took 0.051 seconds
[2025-08-14T17:45:25.877+0000] {processor.py:161} INFO - Started process (PID=1024) to work on /home/airflow/.local/lib/python3.8/site-packages/airflow/example_dags/example_branch_operator.py
[2025-08-14T17:45:25.878+0000] {processor.py:830} INFO - Processing file /home/airflow/.local/lib/python3.8/site-packages/airflow/example_dags/example_branch_operator.py for tasks to queue
[2025-08-14T17:45:25.879+0000] {logging_mixin.py:188} INFO - [2025-08-14T17:45:25.878+0000] {dagbag.py:540} INFO - Filling up the DagBag from /home/airflow/.local/lib/python3.8/site-packages/airflow/example_dags/example_branch_operator.py
[2025-08-14T17:45:25.887+0000] {processor.py:840} INFO - DAG(s) 'example_branch_operator' retrieved from /home/airflow/.local/lib/python3.8/site-packages/airflow/example_dags/example_branch_operator.py
[2025-08-14T17:45:25.900+0000] {logging_mixin.py:188} INFO - [2025-08-14T17:45:25.900+0000] {dag.py:3047} INFO - Sync 1 DAGs
[2025-08-14T17:45:25.916+0000] {logging_mixin.py:188} INFO - [2025-08-14T17:45:25.916+0000] {dag.py:3834} INFO - Setting next_dagrun for example_branch_operator to 2025-08-13 00:00:00+00:00, run_after=2025-08-14 00:00:00+00:00
[2025-08-14T17:45:25.927+0000] {processor.py:183} INFO - Processing /home/airflow/.local/lib/python3.8/site-packages/airflow/example_dags/example_branch_operator.py took 0.052 seconds
[2025-08-14T17:45:56.380+0000] {processor.py:161} INFO - Started process (PID=1080) to work on /home/airflow/.local/lib/python3.8/site-packages/airflow/example_dags/example_branch_operator.py
[2025-08-14T17:45:56.382+0000] {processor.py:830} INFO - Processing file /home/airflow/.local/lib/python3.8/site-packages/airflow/example_dags/example_branch_operator.py for tasks to queue
[2025-08-14T17:45:56.384+0000] {logging_mixin.py:188} INFO - [2025-08-14T17:45:56.383+0000] {dagbag.py:540} INFO - Filling up the DagBag from /home/airflow/.local/lib/python3.8/site-packages/airflow/example_dags/example_branch_operator.py
[2025-08-14T17:45:56.407+0000] {processor.py:840} INFO - DAG(s) 'example_branch_operator' retrieved from /home/airflow/.local/lib/python3.8/site-packages/airflow/example_dags/example_branch_operator.py
[2025-08-14T17:45:56.431+0000] {logging_mixin.py:188} INFO - [2025-08-14T17:45:56.431+0000] {dag.py:3047} INFO - Sync 1 DAGs
[2025-08-14T17:45:56.453+0000] {logging_mixin.py:188} INFO - [2025-08-14T17:45:56.453+0000] {dag.py:3834} INFO - Setting next_dagrun for example_branch_operator to 2025-08-13 00:00:00+00:00, run_after=2025-08-14 00:00:00+00:00
[2025-08-14T17:45:56.465+0000] {processor.py:183} INFO - Processing /home/airflow/.local/lib/python3.8/site-packages/airflow/example_dags/example_branch_operator.py took 0.088 seconds
[2025-08-14T17:46:26.835+0000] {processor.py:161} INFO - Started process (PID=1136) to work on /home/airflow/.local/lib/python3.8/site-packages/airflow/example_dags/example_branch_operator.py
[2025-08-14T17:46:26.838+0000] {processor.py:830} INFO - Processing file /home/airflow/.local/lib/python3.8/site-packages/airflow/example_dags/example_branch_operator.py for tasks to queue
[2025-08-14T17:46:26.839+0000] {logging_mixin.py:188} INFO - [2025-08-14T17:46:26.839+0000] {dagbag.py:540} INFO - Filling up the DagBag from /home/airflow/.local/lib/python3.8/site-packages/airflow/example_dags/example_branch_operator.py
[2025-08-14T17:46:26.848+0000] {processor.py:840} INFO - DAG(s) 'example_branch_operator' retrieved from /home/airflow/.local/lib/python3.8/site-packages/airflow/example_dags/example_branch_operator.py
[2025-08-14T17:46:26.863+0000] {logging_mixin.py:188} INFO - [2025-08-14T17:46:26.863+0000] {dag.py:3047} INFO - Sync 1 DAGs
[2025-08-14T17:46:26.874+0000] {logging_mixin.py:188} INFO - [2025-08-14T17:46:26.874+0000] {dag.py:3834} INFO - Setting next_dagrun for example_branch_operator to 2025-08-13 00:00:00+00:00, run_after=2025-08-14 00:00:00+00:00
[2025-08-14T17:46:26.887+0000] {processor.py:183} INFO - Processing /home/airflow/.local/lib/python3.8/site-packages/airflow/example_dags/example_branch_operator.py took 0.054 seconds
[2025-08-14T17:46:57.489+0000] {processor.py:161} INFO - Started process (PID=1192) to work on /home/airflow/.local/lib/python3.8/site-packages/airflow/example_dags/example_branch_operator.py
[2025-08-14T17:46:57.490+0000] {processor.py:830} INFO - Processing file /home/airflow/.local/lib/python3.8/site-packages/airflow/example_dags/example_branch_operator.py for tasks to queue
[2025-08-14T17:46:57.490+0000] {logging_mixin.py:188} INFO - [2025-08-14T17:46:57.490+0000] {dagbag.py:540} INFO - Filling up the DagBag from /home/airflow/.local/lib/python3.8/site-packages/airflow/example_dags/example_branch_operator.py
[2025-08-14T17:46:57.499+0000] {processor.py:840} INFO - DAG(s) 'example_branch_operator' retrieved from /home/airflow/.local/lib/python3.8/site-packages/airflow/example_dags/example_branch_operator.py
[2025-08-14T17:46:57.512+0000] {logging_mixin.py:188} INFO - [2025-08-14T17:46:57.512+0000] {dag.py:3047} INFO - Sync 1 DAGs
[2025-08-14T17:46:57.521+0000] {logging_mixin.py:188} INFO - [2025-08-14T17:46:57.521+0000] {dag.py:3834} INFO - Setting next_dagrun for example_branch_operator to 2025-08-13 00:00:00+00:00, run_after=2025-08-14 00:00:00+00:00
[2025-08-14T17:46:57.529+0000] {processor.py:183} INFO - Processing /home/airflow/.local/lib/python3.8/site-packages/airflow/example_dags/example_branch_operator.py took 0.042 seconds
[2025-08-14T17:47:27.646+0000] {processor.py:161} INFO - Started process (PID=1248) to work on /home/airflow/.local/lib/python3.8/site-packages/airflow/example_dags/example_branch_operator.py
[2025-08-14T17:47:27.647+0000] {processor.py:830} INFO - Processing file /home/airflow/.local/lib/python3.8/site-packages/airflow/example_dags/example_branch_operator.py for tasks to queue
[2025-08-14T17:47:27.648+0000] {logging_mixin.py:188} INFO - [2025-08-14T17:47:27.648+0000] {dagbag.py:540} INFO - Filling up the DagBag from /home/airflow/.local/lib/python3.8/site-packages/airflow/example_dags/example_branch_operator.py
[2025-08-14T17:47:27.657+0000] {processor.py:840} INFO - DAG(s) 'example_branch_operator' retrieved from /home/airflow/.local/lib/python3.8/site-packages/airflow/example_dags/example_branch_operator.py
[2025-08-14T17:47:27.671+0000] {logging_mixin.py:188} INFO - [2025-08-14T17:47:27.671+0000] {dag.py:3047} INFO - Sync 1 DAGs
[2025-08-14T17:47:27.681+0000] {logging_mixin.py:188} INFO - [2025-08-14T17:47:27.681+0000] {dag.py:3834} INFO - Setting next_dagrun for example_branch_operator to 2025-08-13 00:00:00+00:00, run_after=2025-08-14 00:00:00+00:00
[2025-08-14T17:47:27.689+0000] {processor.py:183} INFO - Processing /home/airflow/.local/lib/python3.8/site-packages/airflow/example_dags/example_branch_operator.py took 0.045 seconds
[2025-08-14T17:47:57.949+0000] {processor.py:161} INFO - Started process (PID=1304) to work on /home/airflow/.local/lib/python3.8/site-packages/airflow/example_dags/example_branch_operator.py
[2025-08-14T17:47:57.949+0000] {processor.py:830} INFO - Processing file /home/airflow/.local/lib/python3.8/site-packages/airflow/example_dags/example_branch_operator.py for tasks to queue
[2025-08-14T17:47:57.950+0000] {logging_mixin.py:188} INFO - [2025-08-14T17:47:57.950+0000] {dagbag.py:540} INFO - Filling up the DagBag from /home/airflow/.local/lib/python3.8/site-packages/airflow/example_dags/example_branch_operator.py
[2025-08-14T17:47:57.963+0000] {processor.py:840} INFO - DAG(s) 'example_branch_operator' retrieved from /home/airflow/.local/lib/python3.8/site-packages/airflow/example_dags/example_branch_operator.py
[2025-08-14T17:47:57.979+0000] {logging_mixin.py:188} INFO - [2025-08-14T17:47:57.979+0000] {dag.py:3047} INFO - Sync 1 DAGs
[2025-08-14T17:47:57.997+0000] {logging_mixin.py:188} INFO - [2025-08-14T17:47:57.997+0000] {dag.py:3834} INFO - Setting next_dagrun for example_branch_operator to 2025-08-13 00:00:00+00:00, run_after=2025-08-14 00:00:00+00:00
[2025-08-14T17:47:58.008+0000] {processor.py:183} INFO - Processing /home/airflow/.local/lib/python3.8/site-packages/airflow/example_dags/example_branch_operator.py took 0.061 seconds
[2025-08-14T17:48:28.299+0000] {processor.py:161} INFO - Started process (PID=1360) to work on /home/airflow/.local/lib/python3.8/site-packages/airflow/example_dags/example_branch_operator.py
[2025-08-14T17:48:28.300+0000] {processor.py:830} INFO - Processing file /home/airflow/.local/lib/python3.8/site-packages/airflow/example_dags/example_branch_operator.py for tasks to queue
[2025-08-14T17:48:28.301+0000] {logging_mixin.py:188} INFO - [2025-08-14T17:48:28.301+0000] {dagbag.py:540} INFO - Filling up the DagBag from /home/airflow/.local/lib/python3.8/site-packages/airflow/example_dags/example_branch_operator.py
[2025-08-14T17:48:28.313+0000] {processor.py:840} INFO - DAG(s) 'example_branch_operator' retrieved from /home/airflow/.local/lib/python3.8/site-packages/airflow/example_dags/example_branch_operator.py
[2025-08-14T17:48:28.339+0000] {logging_mixin.py:188} INFO - [2025-08-14T17:48:28.338+0000] {dag.py:3047} INFO - Sync 1 DAGs
[2025-08-14T17:48:28.351+0000] {logging_mixin.py:188} INFO - [2025-08-14T17:48:28.351+0000] {dag.py:3834} INFO - Setting next_dagrun for example_branch_operator to 2025-08-13 00:00:00+00:00, run_after=2025-08-14 00:00:00+00:00
[2025-08-14T17:48:28.361+0000] {processor.py:183} INFO - Processing /home/airflow/.local/lib/python3.8/site-packages/airflow/example_dags/example_branch_operator.py took 0.063 seconds
[2025-08-14T17:48:58.826+0000] {processor.py:161} INFO - Started process (PID=1416) to work on /home/airflow/.local/lib/python3.8/site-packages/airflow/example_dags/example_branch_operator.py
[2025-08-14T17:48:58.826+0000] {processor.py:830} INFO - Processing file /home/airflow/.local/lib/python3.8/site-packages/airflow/example_dags/example_branch_operator.py for tasks to queue
[2025-08-14T17:48:58.827+0000] {logging_mixin.py:188} INFO - [2025-08-14T17:48:58.827+0000] {dagbag.py:540} INFO - Filling up the DagBag from /home/airflow/.local/lib/python3.8/site-packages/airflow/example_dags/example_branch_operator.py
[2025-08-14T17:48:58.838+0000] {processor.py:840} INFO - DAG(s) 'example_branch_operator' retrieved from /home/airflow/.local/lib/python3.8/site-packages/airflow/example_dags/example_branch_operator.py
[2025-08-14T17:48:58.867+0000] {logging_mixin.py:188} INFO - [2025-08-14T17:48:58.867+0000] {dag.py:3047} INFO - Sync 1 DAGs
[2025-08-14T17:48:58.893+0000] {logging_mixin.py:188} INFO - [2025-08-14T17:48:58.893+0000] {dag.py:3834} INFO - Setting next_dagrun for example_branch_operator to 2025-08-13 00:00:00+00:00, run_after=2025-08-14 00:00:00+00:00
[2025-08-14T17:48:58.913+0000] {processor.py:183} INFO - Processing /home/airflow/.local/lib/python3.8/site-packages/airflow/example_dags/example_branch_operator.py took 0.089 seconds
[2025-08-14T17:49:28.965+0000] {processor.py:161} INFO - Started process (PID=1472) to work on /home/airflow/.local/lib/python3.8/site-packages/airflow/example_dags/example_branch_operator.py
[2025-08-14T17:49:28.966+0000] {processor.py:830} INFO - Processing file /home/airflow/.local/lib/python3.8/site-packages/airflow/example_dags/example_branch_operator.py for tasks to queue
[2025-08-14T17:49:28.968+0000] {logging_mixin.py:188} INFO - [2025-08-14T17:49:28.968+0000] {dagbag.py:540} INFO - Filling up the DagBag from /home/airflow/.local/lib/python3.8/site-packages/airflow/example_dags/example_branch_operator.py
[2025-08-14T17:49:28.978+0000] {processor.py:840} INFO - DAG(s) 'example_branch_operator' retrieved from /home/airflow/.local/lib/python3.8/site-packages/airflow/example_dags/example_branch_operator.py
[2025-08-14T17:49:28.994+0000] {logging_mixin.py:188} INFO - [2025-08-14T17:49:28.994+0000] {dag.py:3047} INFO - Sync 1 DAGs
[2025-08-14T17:49:29.008+0000] {logging_mixin.py:188} INFO - [2025-08-14T17:49:29.008+0000] {dag.py:3834} INFO - Setting next_dagrun for example_branch_operator to 2025-08-13 00:00:00+00:00, run_after=2025-08-14 00:00:00+00:00
[2025-08-14T17:49:29.032+0000] {processor.py:183} INFO - Processing /home/airflow/.local/lib/python3.8/site-packages/airflow/example_dags/example_branch_operator.py took 0.069 seconds
[2025-08-14T17:49:59.994+0000] {processor.py:161} INFO - Started process (PID=1528) to work on /home/airflow/.local/lib/python3.8/site-packages/airflow/example_dags/example_branch_operator.py
[2025-08-14T17:49:59.995+0000] {processor.py:830} INFO - Processing file /home/airflow/.local/lib/python3.8/site-packages/airflow/example_dags/example_branch_operator.py for tasks to queue
[2025-08-14T17:49:59.996+0000] {logging_mixin.py:188} INFO - [2025-08-14T17:49:59.996+0000] {dagbag.py:540} INFO - Filling up the DagBag from /home/airflow/.local/lib/python3.8/site-packages/airflow/example_dags/example_branch_operator.py
[2025-08-14T17:50:00.013+0000] {processor.py:840} INFO - DAG(s) 'example_branch_operator' retrieved from /home/airflow/.local/lib/python3.8/site-packages/airflow/example_dags/example_branch_operator.py
[2025-08-14T17:50:00.041+0000] {logging_mixin.py:188} INFO - [2025-08-14T17:50:00.041+0000] {dag.py:3047} INFO - Sync 1 DAGs
[2025-08-14T17:50:00.055+0000] {logging_mixin.py:188} INFO - [2025-08-14T17:50:00.055+0000] {dag.py:3834} INFO - Setting next_dagrun for example_branch_operator to 2025-08-13 00:00:00+00:00, run_after=2025-08-14 00:00:00+00:00
[2025-08-14T17:50:00.077+0000] {processor.py:183} INFO - Processing /home/airflow/.local/lib/python3.8/site-packages/airflow/example_dags/example_branch_operator.py took 0.084 seconds
[2025-08-14T17:50:30.654+0000] {processor.py:161} INFO - Started process (PID=1584) to work on /home/airflow/.local/lib/python3.8/site-packages/airflow/example_dags/example_branch_operator.py
[2025-08-14T17:50:30.655+0000] {processor.py:830} INFO - Processing file /home/airflow/.local/lib/python3.8/site-packages/airflow/example_dags/example_branch_operator.py for tasks to queue
[2025-08-14T17:50:30.657+0000] {logging_mixin.py:188} INFO - [2025-08-14T17:50:30.657+0000] {dagbag.py:540} INFO - Filling up the DagBag from /home/airflow/.local/lib/python3.8/site-packages/airflow/example_dags/example_branch_operator.py
[2025-08-14T17:50:30.671+0000] {processor.py:840} INFO - DAG(s) 'example_branch_operator' retrieved from /home/airflow/.local/lib/python3.8/site-packages/airflow/example_dags/example_branch_operator.py
[2025-08-14T17:50:30.696+0000] {logging_mixin.py:188} INFO - [2025-08-14T17:50:30.695+0000] {dag.py:3047} INFO - Sync 1 DAGs
[2025-08-14T17:50:30.729+0000] {logging_mixin.py:188} INFO - [2025-08-14T17:50:30.729+0000] {dag.py:3834} INFO - Setting next_dagrun for example_branch_operator to 2025-08-13 00:00:00+00:00, run_after=2025-08-14 00:00:00+00:00
[2025-08-14T17:50:30.747+0000] {processor.py:183} INFO - Processing /home/airflow/.local/lib/python3.8/site-packages/airflow/example_dags/example_branch_operator.py took 0.096 seconds
[2025-08-14T17:51:01.627+0000] {processor.py:161} INFO - Started process (PID=1640) to work on /home/airflow/.local/lib/python3.8/site-packages/airflow/example_dags/example_branch_operator.py
[2025-08-14T17:51:01.628+0000] {processor.py:830} INFO - Processing file /home/airflow/.local/lib/python3.8/site-packages/airflow/example_dags/example_branch_operator.py for tasks to queue
[2025-08-14T17:51:01.629+0000] {logging_mixin.py:188} INFO - [2025-08-14T17:51:01.629+0000] {dagbag.py:540} INFO - Filling up the DagBag from /home/airflow/.local/lib/python3.8/site-packages/airflow/example_dags/example_branch_operator.py
[2025-08-14T17:51:01.646+0000] {processor.py:840} INFO - DAG(s) 'example_branch_operator' retrieved from /home/airflow/.local/lib/python3.8/site-packages/airflow/example_dags/example_branch_operator.py
[2025-08-14T17:51:01.664+0000] {logging_mixin.py:188} INFO - [2025-08-14T17:51:01.664+0000] {dag.py:3047} INFO - Sync 1 DAGs
[2025-08-14T17:51:01.679+0000] {logging_mixin.py:188} INFO - [2025-08-14T17:51:01.678+0000] {dag.py:3834} INFO - Setting next_dagrun for example_branch_operator to 2025-08-13 00:00:00+00:00, run_after=2025-08-14 00:00:00+00:00
[2025-08-14T17:51:01.689+0000] {processor.py:183} INFO - Processing /home/airflow/.local/lib/python3.8/site-packages/airflow/example_dags/example_branch_operator.py took 0.064 seconds
[2025-08-14T17:51:32.058+0000] {processor.py:161} INFO - Started process (PID=1696) to work on /home/airflow/.local/lib/python3.8/site-packages/airflow/example_dags/example_branch_operator.py
[2025-08-14T17:51:32.058+0000] {processor.py:830} INFO - Processing file /home/airflow/.local/lib/python3.8/site-packages/airflow/example_dags/example_branch_operator.py for tasks to queue
[2025-08-14T17:51:32.059+0000] {logging_mixin.py:188} INFO - [2025-08-14T17:51:32.059+0000] {dagbag.py:540} INFO - Filling up the DagBag from /home/airflow/.local/lib/python3.8/site-packages/airflow/example_dags/example_branch_operator.py
[2025-08-14T17:51:32.068+0000] {processor.py:840} INFO - DAG(s) 'example_branch_operator' retrieved from /home/airflow/.local/lib/python3.8/site-packages/airflow/example_dags/example_branch_operator.py
[2025-08-14T17:51:32.082+0000] {logging_mixin.py:188} INFO - [2025-08-14T17:51:32.082+0000] {dag.py:3047} INFO - Sync 1 DAGs
[2025-08-14T17:51:32.094+0000] {logging_mixin.py:188} INFO - [2025-08-14T17:51:32.094+0000] {dag.py:3834} INFO - Setting next_dagrun for example_branch_operator to 2025-08-13 00:00:00+00:00, run_after=2025-08-14 00:00:00+00:00
[2025-08-14T17:51:32.102+0000] {processor.py:183} INFO - Processing /home/airflow/.local/lib/python3.8/site-packages/airflow/example_dags/example_branch_operator.py took 0.047 seconds
[2025-08-14T17:52:02.740+0000] {processor.py:161} INFO - Started process (PID=1752) to work on /home/airflow/.local/lib/python3.8/site-packages/airflow/example_dags/example_branch_operator.py
[2025-08-14T17:52:02.741+0000] {processor.py:830} INFO - Processing file /home/airflow/.local/lib/python3.8/site-packages/airflow/example_dags/example_branch_operator.py for tasks to queue
[2025-08-14T17:52:02.741+0000] {logging_mixin.py:188} INFO - [2025-08-14T17:52:02.741+0000] {dagbag.py:540} INFO - Filling up the DagBag from /home/airflow/.local/lib/python3.8/site-packages/airflow/example_dags/example_branch_operator.py
[2025-08-14T17:52:02.751+0000] {processor.py:840} INFO - DAG(s) 'example_branch_operator' retrieved from /home/airflow/.local/lib/python3.8/site-packages/airflow/example_dags/example_branch_operator.py
[2025-08-14T17:52:02.764+0000] {logging_mixin.py:188} INFO - [2025-08-14T17:52:02.764+0000] {dag.py:3047} INFO - Sync 1 DAGs
[2025-08-14T17:52:02.778+0000] {logging_mixin.py:188} INFO - [2025-08-14T17:52:02.777+0000] {dag.py:3834} INFO - Setting next_dagrun for example_branch_operator to 2025-08-13 00:00:00+00:00, run_after=2025-08-14 00:00:00+00:00
[2025-08-14T17:52:02.787+0000] {processor.py:183} INFO - Processing /home/airflow/.local/lib/python3.8/site-packages/airflow/example_dags/example_branch_operator.py took 0.049 seconds
[2025-08-14T17:52:33.159+0000] {processor.py:161} INFO - Started process (PID=1808) to work on /home/airflow/.local/lib/python3.8/site-packages/airflow/example_dags/example_branch_operator.py
[2025-08-14T17:52:33.160+0000] {processor.py:830} INFO - Processing file /home/airflow/.local/lib/python3.8/site-packages/airflow/example_dags/example_branch_operator.py for tasks to queue
[2025-08-14T17:52:33.161+0000] {logging_mixin.py:188} INFO - [2025-08-14T17:52:33.161+0000] {dagbag.py:540} INFO - Filling up the DagBag from /home/airflow/.local/lib/python3.8/site-packages/airflow/example_dags/example_branch_operator.py
[2025-08-14T17:52:33.173+0000] {processor.py:840} INFO - DAG(s) 'example_branch_operator' retrieved from /home/airflow/.local/lib/python3.8/site-packages/airflow/example_dags/example_branch_operator.py
[2025-08-14T17:52:33.196+0000] {logging_mixin.py:188} INFO - [2025-08-14T17:52:33.196+0000] {dag.py:3047} INFO - Sync 1 DAGs
[2025-08-14T17:52:33.212+0000] {logging_mixin.py:188} INFO - [2025-08-14T17:52:33.211+0000] {dag.py:3834} INFO - Setting next_dagrun for example_branch_operator to 2025-08-13 00:00:00+00:00, run_after=2025-08-14 00:00:00+00:00
[2025-08-14T17:52:33.228+0000] {processor.py:183} INFO - Processing /home/airflow/.local/lib/python3.8/site-packages/airflow/example_dags/example_branch_operator.py took 0.071 seconds
[2025-08-14T17:53:03.532+0000] {processor.py:161} INFO - Started process (PID=1864) to work on /home/airflow/.local/lib/python3.8/site-packages/airflow/example_dags/example_branch_operator.py
[2025-08-14T17:53:03.533+0000] {processor.py:830} INFO - Processing file /home/airflow/.local/lib/python3.8/site-packages/airflow/example_dags/example_branch_operator.py for tasks to queue
[2025-08-14T17:53:03.534+0000] {logging_mixin.py:188} INFO - [2025-08-14T17:53:03.534+0000] {dagbag.py:540} INFO - Filling up the DagBag from /home/airflow/.local/lib/python3.8/site-packages/airflow/example_dags/example_branch_operator.py
[2025-08-14T17:53:03.554+0000] {processor.py:840} INFO - DAG(s) 'example_branch_operator' retrieved from /home/airflow/.local/lib/python3.8/site-packages/airflow/example_dags/example_branch_operator.py
[2025-08-14T17:53:03.572+0000] {logging_mixin.py:188} INFO - [2025-08-14T17:53:03.572+0000] {dag.py:3047} INFO - Sync 1 DAGs
[2025-08-14T17:53:03.585+0000] {logging_mixin.py:188} INFO - [2025-08-14T17:53:03.585+0000] {dag.py:3834} INFO - Setting next_dagrun for example_branch_operator to 2025-08-13 00:00:00+00:00, run_after=2025-08-14 00:00:00+00:00
[2025-08-14T17:53:03.596+0000] {processor.py:183} INFO - Processing /home/airflow/.local/lib/python3.8/site-packages/airflow/example_dags/example_branch_operator.py took 0.068 seconds
[2025-08-14T17:53:33.981+0000] {processor.py:161} INFO - Started process (PID=1920) to work on /home/airflow/.local/lib/python3.8/site-packages/airflow/example_dags/example_branch_operator.py
[2025-08-14T17:53:33.982+0000] {processor.py:830} INFO - Processing file /home/airflow/.local/lib/python3.8/site-packages/airflow/example_dags/example_branch_operator.py for tasks to queue
[2025-08-14T17:53:33.983+0000] {logging_mixin.py:188} INFO - [2025-08-14T17:53:33.983+0000] {dagbag.py:540} INFO - Filling up the DagBag from /home/airflow/.local/lib/python3.8/site-packages/airflow/example_dags/example_branch_operator.py
[2025-08-14T17:53:33.996+0000] {processor.py:840} INFO - DAG(s) 'example_branch_operator' retrieved from /home/airflow/.local/lib/python3.8/site-packages/airflow/example_dags/example_branch_operator.py
[2025-08-14T17:53:34.043+0000] {logging_mixin.py:188} INFO - [2025-08-14T17:53:34.043+0000] {dag.py:3047} INFO - Sync 1 DAGs
[2025-08-14T17:53:34.061+0000] {logging_mixin.py:188} INFO - [2025-08-14T17:53:34.061+0000] {dag.py:3834} INFO - Setting next_dagrun for example_branch_operator to 2025-08-13 00:00:00+00:00, run_after=2025-08-14 00:00:00+00:00
[2025-08-14T17:53:34.080+0000] {processor.py:183} INFO - Processing /home/airflow/.local/lib/python3.8/site-packages/airflow/example_dags/example_branch_operator.py took 0.101 seconds
[2025-08-14T17:54:04.368+0000] {processor.py:161} INFO - Started process (PID=1975) to work on /home/airflow/.local/lib/python3.8/site-packages/airflow/example_dags/example_branch_operator.py
[2025-08-14T17:54:04.369+0000] {processor.py:830} INFO - Processing file /home/airflow/.local/lib/python3.8/site-packages/airflow/example_dags/example_branch_operator.py for tasks to queue
[2025-08-14T17:54:04.370+0000] {logging_mixin.py:188} INFO - [2025-08-14T17:54:04.370+0000] {dagbag.py:540} INFO - Filling up the DagBag from /home/airflow/.local/lib/python3.8/site-packages/airflow/example_dags/example_branch_operator.py
[2025-08-14T17:54:04.389+0000] {processor.py:840} INFO - DAG(s) 'example_branch_operator' retrieved from /home/airflow/.local/lib/python3.8/site-packages/airflow/example_dags/example_branch_operator.py
[2025-08-14T17:54:04.406+0000] {logging_mixin.py:188} INFO - [2025-08-14T17:54:04.406+0000] {dag.py:3047} INFO - Sync 1 DAGs
[2025-08-14T17:54:04.417+0000] {logging_mixin.py:188} INFO - [2025-08-14T17:54:04.417+0000] {dag.py:3834} INFO - Setting next_dagrun for example_branch_operator to 2025-08-13 00:00:00+00:00, run_after=2025-08-14 00:00:00+00:00
[2025-08-14T17:54:04.426+0000] {processor.py:183} INFO - Processing /home/airflow/.local/lib/python3.8/site-packages/airflow/example_dags/example_branch_operator.py took 0.061 seconds
[2025-08-14T17:54:34.787+0000] {processor.py:161} INFO - Started process (PID=2031) to work on /home/airflow/.local/lib/python3.8/site-packages/airflow/example_dags/example_branch_operator.py
[2025-08-14T17:54:34.788+0000] {processor.py:830} INFO - Processing file /home/airflow/.local/lib/python3.8/site-packages/airflow/example_dags/example_branch_operator.py for tasks to queue
[2025-08-14T17:54:34.788+0000] {logging_mixin.py:188} INFO - [2025-08-14T17:54:34.788+0000] {dagbag.py:540} INFO - Filling up the DagBag from /home/airflow/.local/lib/python3.8/site-packages/airflow/example_dags/example_branch_operator.py
[2025-08-14T17:54:34.798+0000] {processor.py:840} INFO - DAG(s) 'example_branch_operator' retrieved from /home/airflow/.local/lib/python3.8/site-packages/airflow/example_dags/example_branch_operator.py
[2025-08-14T17:54:34.811+0000] {logging_mixin.py:188} INFO - [2025-08-14T17:54:34.811+0000] {dag.py:3047} INFO - Sync 1 DAGs
[2025-08-14T17:54:34.820+0000] {logging_mixin.py:188} INFO - [2025-08-14T17:54:34.820+0000] {dag.py:3834} INFO - Setting next_dagrun for example_branch_operator to 2025-08-13 00:00:00+00:00, run_after=2025-08-14 00:00:00+00:00
[2025-08-14T17:54:34.828+0000] {processor.py:183} INFO - Processing /home/airflow/.local/lib/python3.8/site-packages/airflow/example_dags/example_branch_operator.py took 0.043 seconds
[2025-08-14T17:55:05.311+0000] {processor.py:161} INFO - Started process (PID=2087) to work on /home/airflow/.local/lib/python3.8/site-packages/airflow/example_dags/example_branch_operator.py
[2025-08-14T17:55:05.312+0000] {processor.py:830} INFO - Processing file /home/airflow/.local/lib/python3.8/site-packages/airflow/example_dags/example_branch_operator.py for tasks to queue
[2025-08-14T17:55:05.313+0000] {logging_mixin.py:188} INFO - [2025-08-14T17:55:05.313+0000] {dagbag.py:540} INFO - Filling up the DagBag from /home/airflow/.local/lib/python3.8/site-packages/airflow/example_dags/example_branch_operator.py
[2025-08-14T17:55:05.326+0000] {processor.py:840} INFO - DAG(s) 'example_branch_operator' retrieved from /home/airflow/.local/lib/python3.8/site-packages/airflow/example_dags/example_branch_operator.py
[2025-08-14T17:55:05.341+0000] {logging_mixin.py:188} INFO - [2025-08-14T17:55:05.341+0000] {dag.py:3047} INFO - Sync 1 DAGs
[2025-08-14T17:55:05.355+0000] {logging_mixin.py:188} INFO - [2025-08-14T17:55:05.355+0000] {dag.py:3834} INFO - Setting next_dagrun for example_branch_operator to 2025-08-13 00:00:00+00:00, run_after=2025-08-14 00:00:00+00:00
[2025-08-14T17:55:05.368+0000] {processor.py:183} INFO - Processing /home/airflow/.local/lib/python3.8/site-packages/airflow/example_dags/example_branch_operator.py took 0.062 seconds
[2025-08-14T17:55:36.093+0000] {processor.py:161} INFO - Started process (PID=2143) to work on /home/airflow/.local/lib/python3.8/site-packages/airflow/example_dags/example_branch_operator.py
[2025-08-14T17:55:36.094+0000] {processor.py:830} INFO - Processing file /home/airflow/.local/lib/python3.8/site-packages/airflow/example_dags/example_branch_operator.py for tasks to queue
[2025-08-14T17:55:36.095+0000] {logging_mixin.py:188} INFO - [2025-08-14T17:55:36.095+0000] {dagbag.py:540} INFO - Filling up the DagBag from /home/airflow/.local/lib/python3.8/site-packages/airflow/example_dags/example_branch_operator.py
[2025-08-14T17:55:36.107+0000] {processor.py:840} INFO - DAG(s) 'example_branch_operator' retrieved from /home/airflow/.local/lib/python3.8/site-packages/airflow/example_dags/example_branch_operator.py
[2025-08-14T17:55:36.123+0000] {logging_mixin.py:188} INFO - [2025-08-14T17:55:36.123+0000] {dag.py:3047} INFO - Sync 1 DAGs
[2025-08-14T17:55:36.136+0000] {logging_mixin.py:188} INFO - [2025-08-14T17:55:36.135+0000] {dag.py:3834} INFO - Setting next_dagrun for example_branch_operator to 2025-08-13 00:00:00+00:00, run_after=2025-08-14 00:00:00+00:00
[2025-08-14T17:55:36.150+0000] {processor.py:183} INFO - Processing /home/airflow/.local/lib/python3.8/site-packages/airflow/example_dags/example_branch_operator.py took 0.059 seconds
[2025-08-14T17:56:06.528+0000] {processor.py:161} INFO - Started process (PID=2199) to work on /home/airflow/.local/lib/python3.8/site-packages/airflow/example_dags/example_branch_operator.py
[2025-08-14T17:56:06.529+0000] {processor.py:830} INFO - Processing file /home/airflow/.local/lib/python3.8/site-packages/airflow/example_dags/example_branch_operator.py for tasks to queue
[2025-08-14T17:56:06.529+0000] {logging_mixin.py:188} INFO - [2025-08-14T17:56:06.529+0000] {dagbag.py:540} INFO - Filling up the DagBag from /home/airflow/.local/lib/python3.8/site-packages/airflow/example_dags/example_branch_operator.py
[2025-08-14T17:56:06.539+0000] {processor.py:840} INFO - DAG(s) 'example_branch_operator' retrieved from /home/airflow/.local/lib/python3.8/site-packages/airflow/example_dags/example_branch_operator.py
[2025-08-14T17:56:06.552+0000] {logging_mixin.py:188} INFO - [2025-08-14T17:56:06.552+0000] {dag.py:3047} INFO - Sync 1 DAGs
[2025-08-14T17:56:06.563+0000] {logging_mixin.py:188} INFO - [2025-08-14T17:56:06.562+0000] {dag.py:3834} INFO - Setting next_dagrun for example_branch_operator to 2025-08-13 00:00:00+00:00, run_after=2025-08-14 00:00:00+00:00
[2025-08-14T17:56:06.570+0000] {processor.py:183} INFO - Processing /home/airflow/.local/lib/python3.8/site-packages/airflow/example_dags/example_branch_operator.py took 0.044 seconds
[2025-08-14T17:56:36.981+0000] {processor.py:161} INFO - Started process (PID=2255) to work on /home/airflow/.local/lib/python3.8/site-packages/airflow/example_dags/example_branch_operator.py
[2025-08-14T17:56:36.982+0000] {processor.py:830} INFO - Processing file /home/airflow/.local/lib/python3.8/site-packages/airflow/example_dags/example_branch_operator.py for tasks to queue
[2025-08-14T17:56:36.983+0000] {logging_mixin.py:188} INFO - [2025-08-14T17:56:36.983+0000] {dagbag.py:540} INFO - Filling up the DagBag from /home/airflow/.local/lib/python3.8/site-packages/airflow/example_dags/example_branch_operator.py
[2025-08-14T17:56:36.992+0000] {processor.py:840} INFO - DAG(s) 'example_branch_operator' retrieved from /home/airflow/.local/lib/python3.8/site-packages/airflow/example_dags/example_branch_operator.py
[2025-08-14T17:56:37.008+0000] {logging_mixin.py:188} INFO - [2025-08-14T17:56:37.008+0000] {dag.py:3047} INFO - Sync 1 DAGs
[2025-08-14T17:56:37.019+0000] {logging_mixin.py:188} INFO - [2025-08-14T17:56:37.019+0000] {dag.py:3834} INFO - Setting next_dagrun for example_branch_operator to 2025-08-13 00:00:00+00:00, run_after=2025-08-14 00:00:00+00:00
[2025-08-14T17:56:37.031+0000] {processor.py:183} INFO - Processing /home/airflow/.local/lib/python3.8/site-packages/airflow/example_dags/example_branch_operator.py took 0.051 seconds
[2025-08-14T17:57:07.298+0000] {processor.py:161} INFO - Started process (PID=2311) to work on /home/airflow/.local/lib/python3.8/site-packages/airflow/example_dags/example_branch_operator.py
[2025-08-14T17:57:07.298+0000] {processor.py:830} INFO - Processing file /home/airflow/.local/lib/python3.8/site-packages/airflow/example_dags/example_branch_operator.py for tasks to queue
[2025-08-14T17:57:07.299+0000] {logging_mixin.py:188} INFO - [2025-08-14T17:57:07.299+0000] {dagbag.py:540} INFO - Filling up the DagBag from /home/airflow/.local/lib/python3.8/site-packages/airflow/example_dags/example_branch_operator.py
[2025-08-14T17:57:07.309+0000] {processor.py:840} INFO - DAG(s) 'example_branch_operator' retrieved from /home/airflow/.local/lib/python3.8/site-packages/airflow/example_dags/example_branch_operator.py
[2025-08-14T17:57:07.325+0000] {logging_mixin.py:188} INFO - [2025-08-14T17:57:07.325+0000] {dag.py:3047} INFO - Sync 1 DAGs
[2025-08-14T17:57:07.335+0000] {logging_mixin.py:188} INFO - [2025-08-14T17:57:07.335+0000] {dag.py:3834} INFO - Setting next_dagrun for example_branch_operator to 2025-08-13 00:00:00+00:00, run_after=2025-08-14 00:00:00+00:00
[2025-08-14T17:57:07.350+0000] {processor.py:183} INFO - Processing /home/airflow/.local/lib/python3.8/site-packages/airflow/example_dags/example_branch_operator.py took 0.054 seconds
[2025-08-14T17:57:37.735+0000] {processor.py:161} INFO - Started process (PID=2367) to work on /home/airflow/.local/lib/python3.8/site-packages/airflow/example_dags/example_branch_operator.py
[2025-08-14T17:57:37.735+0000] {processor.py:830} INFO - Processing file /home/airflow/.local/lib/python3.8/site-packages/airflow/example_dags/example_branch_operator.py for tasks to queue
[2025-08-14T17:57:37.736+0000] {logging_mixin.py:188} INFO - [2025-08-14T17:57:37.736+0000] {dagbag.py:540} INFO - Filling up the DagBag from /home/airflow/.local/lib/python3.8/site-packages/airflow/example_dags/example_branch_operator.py
[2025-08-14T17:57:37.748+0000] {processor.py:840} INFO - DAG(s) 'example_branch_operator' retrieved from /home/airflow/.local/lib/python3.8/site-packages/airflow/example_dags/example_branch_operator.py
[2025-08-14T17:57:37.762+0000] {logging_mixin.py:188} INFO - [2025-08-14T17:57:37.762+0000] {dag.py:3047} INFO - Sync 1 DAGs
[2025-08-14T17:57:37.774+0000] {logging_mixin.py:188} INFO - [2025-08-14T17:57:37.774+0000] {dag.py:3834} INFO - Setting next_dagrun for example_branch_operator to 2025-08-13 00:00:00+00:00, run_after=2025-08-14 00:00:00+00:00
[2025-08-14T17:57:37.786+0000] {processor.py:183} INFO - Processing /home/airflow/.local/lib/python3.8/site-packages/airflow/example_dags/example_branch_operator.py took 0.053 seconds
[2025-08-14T17:58:08.344+0000] {processor.py:161} INFO - Started process (PID=2423) to work on /home/airflow/.local/lib/python3.8/site-packages/airflow/example_dags/example_branch_operator.py
[2025-08-14T17:58:08.345+0000] {processor.py:830} INFO - Processing file /home/airflow/.local/lib/python3.8/site-packages/airflow/example_dags/example_branch_operator.py for tasks to queue
[2025-08-14T17:58:08.346+0000] {logging_mixin.py:188} INFO - [2025-08-14T17:58:08.346+0000] {dagbag.py:540} INFO - Filling up the DagBag from /home/airflow/.local/lib/python3.8/site-packages/airflow/example_dags/example_branch_operator.py
[2025-08-14T17:58:08.366+0000] {processor.py:840} INFO - DAG(s) 'example_branch_operator' retrieved from /home/airflow/.local/lib/python3.8/site-packages/airflow/example_dags/example_branch_operator.py
[2025-08-14T17:58:08.388+0000] {logging_mixin.py:188} INFO - [2025-08-14T17:58:08.388+0000] {dag.py:3047} INFO - Sync 1 DAGs
[2025-08-14T17:58:08.401+0000] {logging_mixin.py:188} INFO - [2025-08-14T17:58:08.400+0000] {dag.py:3834} INFO - Setting next_dagrun for example_branch_operator to 2025-08-13 00:00:00+00:00, run_after=2025-08-14 00:00:00+00:00
[2025-08-14T17:58:08.414+0000] {processor.py:183} INFO - Processing /home/airflow/.local/lib/python3.8/site-packages/airflow/example_dags/example_branch_operator.py took 0.071 seconds
[2025-08-14T17:58:39.223+0000] {processor.py:161} INFO - Started process (PID=2480) to work on /home/airflow/.local/lib/python3.8/site-packages/airflow/example_dags/example_branch_operator.py
[2025-08-14T17:58:39.228+0000] {processor.py:830} INFO - Processing file /home/airflow/.local/lib/python3.8/site-packages/airflow/example_dags/example_branch_operator.py for tasks to queue
[2025-08-14T17:58:39.232+0000] {logging_mixin.py:188} INFO - [2025-08-14T17:58:39.231+0000] {dagbag.py:540} INFO - Filling up the DagBag from /home/airflow/.local/lib/python3.8/site-packages/airflow/example_dags/example_branch_operator.py
[2025-08-14T17:58:39.252+0000] {processor.py:840} INFO - DAG(s) 'example_branch_operator' retrieved from /home/airflow/.local/lib/python3.8/site-packages/airflow/example_dags/example_branch_operator.py
[2025-08-14T17:58:39.274+0000] {logging_mixin.py:188} INFO - [2025-08-14T17:58:39.274+0000] {dag.py:3047} INFO - Sync 1 DAGs
[2025-08-14T17:58:39.290+0000] {logging_mixin.py:188} INFO - [2025-08-14T17:58:39.290+0000] {dag.py:3834} INFO - Setting next_dagrun for example_branch_operator to 2025-08-13 00:00:00+00:00, run_after=2025-08-14 00:00:00+00:00
[2025-08-14T17:58:39.306+0000] {processor.py:183} INFO - Processing /home/airflow/.local/lib/python3.8/site-packages/airflow/example_dags/example_branch_operator.py took 0.091 seconds
[2025-08-14T17:59:09.705+0000] {processor.py:161} INFO - Started process (PID=2536) to work on /home/airflow/.local/lib/python3.8/site-packages/airflow/example_dags/example_branch_operator.py
[2025-08-14T17:59:09.707+0000] {processor.py:830} INFO - Processing file /home/airflow/.local/lib/python3.8/site-packages/airflow/example_dags/example_branch_operator.py for tasks to queue
[2025-08-14T17:59:09.711+0000] {logging_mixin.py:188} INFO - [2025-08-14T17:59:09.711+0000] {dagbag.py:540} INFO - Filling up the DagBag from /home/airflow/.local/lib/python3.8/site-packages/airflow/example_dags/example_branch_operator.py
[2025-08-14T17:59:09.732+0000] {processor.py:840} INFO - DAG(s) 'example_branch_operator' retrieved from /home/airflow/.local/lib/python3.8/site-packages/airflow/example_dags/example_branch_operator.py
[2025-08-14T17:59:09.754+0000] {logging_mixin.py:188} INFO - [2025-08-14T17:59:09.754+0000] {dag.py:3047} INFO - Sync 1 DAGs
[2025-08-14T17:59:09.769+0000] {logging_mixin.py:188} INFO - [2025-08-14T17:59:09.769+0000] {dag.py:3834} INFO - Setting next_dagrun for example_branch_operator to 2025-08-13 00:00:00+00:00, run_after=2025-08-14 00:00:00+00:00
[2025-08-14T17:59:09.783+0000] {processor.py:183} INFO - Processing /home/airflow/.local/lib/python3.8/site-packages/airflow/example_dags/example_branch_operator.py took 0.080 seconds
[2025-08-14T17:59:39.949+0000] {processor.py:161} INFO - Started process (PID=2592) to work on /home/airflow/.local/lib/python3.8/site-packages/airflow/example_dags/example_branch_operator.py
[2025-08-14T17:59:39.950+0000] {processor.py:830} INFO - Processing file /home/airflow/.local/lib/python3.8/site-packages/airflow/example_dags/example_branch_operator.py for tasks to queue
[2025-08-14T17:59:39.951+0000] {logging_mixin.py:188} INFO - [2025-08-14T17:59:39.951+0000] {dagbag.py:540} INFO - Filling up the DagBag from /home/airflow/.local/lib/python3.8/site-packages/airflow/example_dags/example_branch_operator.py
[2025-08-14T17:59:39.961+0000] {processor.py:840} INFO - DAG(s) 'example_branch_operator' retrieved from /home/airflow/.local/lib/python3.8/site-packages/airflow/example_dags/example_branch_operator.py
[2025-08-14T17:59:39.975+0000] {logging_mixin.py:188} INFO - [2025-08-14T17:59:39.975+0000] {dag.py:3047} INFO - Sync 1 DAGs
[2025-08-14T17:59:39.985+0000] {logging_mixin.py:188} INFO - [2025-08-14T17:59:39.985+0000] {dag.py:3834} INFO - Setting next_dagrun for example_branch_operator to 2025-08-13 00:00:00+00:00, run_after=2025-08-14 00:00:00+00:00
[2025-08-14T17:59:39.995+0000] {processor.py:183} INFO - Processing /home/airflow/.local/lib/python3.8/site-packages/airflow/example_dags/example_branch_operator.py took 0.048 seconds
[2025-08-14T18:00:10.452+0000] {processor.py:161} INFO - Started process (PID=2647) to work on /home/airflow/.local/lib/python3.8/site-packages/airflow/example_dags/example_branch_operator.py
[2025-08-14T18:00:10.452+0000] {processor.py:830} INFO - Processing file /home/airflow/.local/lib/python3.8/site-packages/airflow/example_dags/example_branch_operator.py for tasks to queue
[2025-08-14T18:00:10.454+0000] {logging_mixin.py:188} INFO - [2025-08-14T18:00:10.453+0000] {dagbag.py:540} INFO - Filling up the DagBag from /home/airflow/.local/lib/python3.8/site-packages/airflow/example_dags/example_branch_operator.py
[2025-08-14T18:00:10.467+0000] {processor.py:840} INFO - DAG(s) 'example_branch_operator' retrieved from /home/airflow/.local/lib/python3.8/site-packages/airflow/example_dags/example_branch_operator.py
[2025-08-14T18:00:10.488+0000] {logging_mixin.py:188} INFO - [2025-08-14T18:00:10.487+0000] {dag.py:3047} INFO - Sync 1 DAGs
[2025-08-14T18:00:10.499+0000] {logging_mixin.py:188} INFO - [2025-08-14T18:00:10.499+0000] {dag.py:3834} INFO - Setting next_dagrun for example_branch_operator to 2025-08-13 00:00:00+00:00, run_after=2025-08-14 00:00:00+00:00
[2025-08-14T18:00:10.513+0000] {processor.py:183} INFO - Processing /home/airflow/.local/lib/python3.8/site-packages/airflow/example_dags/example_branch_operator.py took 0.064 seconds
[2025-08-14T18:00:40.667+0000] {processor.py:161} INFO - Started process (PID=2703) to work on /home/airflow/.local/lib/python3.8/site-packages/airflow/example_dags/example_branch_operator.py
[2025-08-14T18:00:40.668+0000] {processor.py:830} INFO - Processing file /home/airflow/.local/lib/python3.8/site-packages/airflow/example_dags/example_branch_operator.py for tasks to queue
[2025-08-14T18:00:40.669+0000] {logging_mixin.py:188} INFO - [2025-08-14T18:00:40.668+0000] {dagbag.py:540} INFO - Filling up the DagBag from /home/airflow/.local/lib/python3.8/site-packages/airflow/example_dags/example_branch_operator.py
[2025-08-14T18:00:40.679+0000] {processor.py:840} INFO - DAG(s) 'example_branch_operator' retrieved from /home/airflow/.local/lib/python3.8/site-packages/airflow/example_dags/example_branch_operator.py
[2025-08-14T18:00:40.699+0000] {logging_mixin.py:188} INFO - [2025-08-14T18:00:40.698+0000] {dag.py:3047} INFO - Sync 1 DAGs
[2025-08-14T18:00:40.712+0000] {logging_mixin.py:188} INFO - [2025-08-14T18:00:40.712+0000] {dag.py:3834} INFO - Setting next_dagrun for example_branch_operator to 2025-08-13 00:00:00+00:00, run_after=2025-08-14 00:00:00+00:00
[2025-08-14T18:00:40.726+0000] {processor.py:183} INFO - Processing /home/airflow/.local/lib/python3.8/site-packages/airflow/example_dags/example_branch_operator.py took 0.061 seconds
[2025-08-14T18:01:10.954+0000] {processor.py:161} INFO - Started process (PID=2759) to work on /home/airflow/.local/lib/python3.8/site-packages/airflow/example_dags/example_branch_operator.py
[2025-08-14T18:01:10.955+0000] {processor.py:830} INFO - Processing file /home/airflow/.local/lib/python3.8/site-packages/airflow/example_dags/example_branch_operator.py for tasks to queue
[2025-08-14T18:01:10.957+0000] {logging_mixin.py:188} INFO - [2025-08-14T18:01:10.956+0000] {dagbag.py:540} INFO - Filling up the DagBag from /home/airflow/.local/lib/python3.8/site-packages/airflow/example_dags/example_branch_operator.py
[2025-08-14T18:01:10.966+0000] {processor.py:840} INFO - DAG(s) 'example_branch_operator' retrieved from /home/airflow/.local/lib/python3.8/site-packages/airflow/example_dags/example_branch_operator.py
[2025-08-14T18:01:10.980+0000] {logging_mixin.py:188} INFO - [2025-08-14T18:01:10.980+0000] {dag.py:3047} INFO - Sync 1 DAGs
[2025-08-14T18:01:10.991+0000] {logging_mixin.py:188} INFO - [2025-08-14T18:01:10.991+0000] {dag.py:3834} INFO - Setting next_dagrun for example_branch_operator to 2025-08-13 00:00:00+00:00, run_after=2025-08-14 00:00:00+00:00
[2025-08-14T18:01:10.999+0000] {processor.py:183} INFO - Processing /home/airflow/.local/lib/python3.8/site-packages/airflow/example_dags/example_branch_operator.py took 0.048 seconds
[2025-08-14T18:01:41.589+0000] {processor.py:161} INFO - Started process (PID=2815) to work on /home/airflow/.local/lib/python3.8/site-packages/airflow/example_dags/example_branch_operator.py
[2025-08-14T18:01:41.590+0000] {processor.py:830} INFO - Processing file /home/airflow/.local/lib/python3.8/site-packages/airflow/example_dags/example_branch_operator.py for tasks to queue
[2025-08-14T18:01:41.591+0000] {logging_mixin.py:188} INFO - [2025-08-14T18:01:41.591+0000] {dagbag.py:540} INFO - Filling up the DagBag from /home/airflow/.local/lib/python3.8/site-packages/airflow/example_dags/example_branch_operator.py
[2025-08-14T18:01:41.608+0000] {processor.py:840} INFO - DAG(s) 'example_branch_operator' retrieved from /home/airflow/.local/lib/python3.8/site-packages/airflow/example_dags/example_branch_operator.py
[2025-08-14T18:01:41.652+0000] {logging_mixin.py:188} INFO - [2025-08-14T18:01:41.652+0000] {dag.py:3047} INFO - Sync 1 DAGs
[2025-08-14T18:01:41.673+0000] {logging_mixin.py:188} INFO - [2025-08-14T18:01:41.673+0000] {dag.py:3834} INFO - Setting next_dagrun for example_branch_operator to 2025-08-13 00:00:00+00:00, run_after=2025-08-14 00:00:00+00:00
[2025-08-14T18:01:41.686+0000] {processor.py:183} INFO - Processing /home/airflow/.local/lib/python3.8/site-packages/airflow/example_dags/example_branch_operator.py took 0.099 seconds
[2025-08-14T18:02:12.130+0000] {processor.py:161} INFO - Started process (PID=2871) to work on /home/airflow/.local/lib/python3.8/site-packages/airflow/example_dags/example_branch_operator.py
[2025-08-14T18:02:12.130+0000] {processor.py:830} INFO - Processing file /home/airflow/.local/lib/python3.8/site-packages/airflow/example_dags/example_branch_operator.py for tasks to queue
[2025-08-14T18:02:12.132+0000] {logging_mixin.py:188} INFO - [2025-08-14T18:02:12.132+0000] {dagbag.py:540} INFO - Filling up the DagBag from /home/airflow/.local/lib/python3.8/site-packages/airflow/example_dags/example_branch_operator.py
[2025-08-14T18:02:12.142+0000] {processor.py:840} INFO - DAG(s) 'example_branch_operator' retrieved from /home/airflow/.local/lib/python3.8/site-packages/airflow/example_dags/example_branch_operator.py
[2025-08-14T18:02:12.157+0000] {logging_mixin.py:188} INFO - [2025-08-14T18:02:12.157+0000] {dag.py:3047} INFO - Sync 1 DAGs
[2025-08-14T18:02:12.170+0000] {logging_mixin.py:188} INFO - [2025-08-14T18:02:12.169+0000] {dag.py:3834} INFO - Setting next_dagrun for example_branch_operator to 2025-08-13 00:00:00+00:00, run_after=2025-08-14 00:00:00+00:00
[2025-08-14T18:02:12.184+0000] {processor.py:183} INFO - Processing /home/airflow/.local/lib/python3.8/site-packages/airflow/example_dags/example_branch_operator.py took 0.057 seconds
[2025-08-14T18:02:42.545+0000] {processor.py:161} INFO - Started process (PID=2927) to work on /home/airflow/.local/lib/python3.8/site-packages/airflow/example_dags/example_branch_operator.py
[2025-08-14T18:02:42.546+0000] {processor.py:830} INFO - Processing file /home/airflow/.local/lib/python3.8/site-packages/airflow/example_dags/example_branch_operator.py for tasks to queue
[2025-08-14T18:02:42.547+0000] {logging_mixin.py:188} INFO - [2025-08-14T18:02:42.547+0000] {dagbag.py:540} INFO - Filling up the DagBag from /home/airflow/.local/lib/python3.8/site-packages/airflow/example_dags/example_branch_operator.py
[2025-08-14T18:02:42.558+0000] {processor.py:840} INFO - DAG(s) 'example_branch_operator' retrieved from /home/airflow/.local/lib/python3.8/site-packages/airflow/example_dags/example_branch_operator.py
[2025-08-14T18:02:42.575+0000] {logging_mixin.py:188} INFO - [2025-08-14T18:02:42.574+0000] {dag.py:3047} INFO - Sync 1 DAGs
[2025-08-14T18:02:42.598+0000] {logging_mixin.py:188} INFO - [2025-08-14T18:02:42.598+0000] {dag.py:3834} INFO - Setting next_dagrun for example_branch_operator to 2025-08-13 00:00:00+00:00, run_after=2025-08-14 00:00:00+00:00
[2025-08-14T18:02:42.620+0000] {processor.py:183} INFO - Processing /home/airflow/.local/lib/python3.8/site-packages/airflow/example_dags/example_branch_operator.py took 0.077 seconds
[2025-08-14T18:03:12.915+0000] {processor.py:161} INFO - Started process (PID=2981) to work on /home/airflow/.local/lib/python3.8/site-packages/airflow/example_dags/example_branch_operator.py
[2025-08-14T18:03:12.916+0000] {processor.py:830} INFO - Processing file /home/airflow/.local/lib/python3.8/site-packages/airflow/example_dags/example_branch_operator.py for tasks to queue
[2025-08-14T18:03:12.917+0000] {logging_mixin.py:188} INFO - [2025-08-14T18:03:12.917+0000] {dagbag.py:540} INFO - Filling up the DagBag from /home/airflow/.local/lib/python3.8/site-packages/airflow/example_dags/example_branch_operator.py
[2025-08-14T18:03:12.927+0000] {processor.py:840} INFO - DAG(s) 'example_branch_operator' retrieved from /home/airflow/.local/lib/python3.8/site-packages/airflow/example_dags/example_branch_operator.py
[2025-08-14T18:03:12.949+0000] {logging_mixin.py:188} INFO - [2025-08-14T18:03:12.949+0000] {dag.py:3047} INFO - Sync 1 DAGs
[2025-08-14T18:03:12.971+0000] {logging_mixin.py:188} INFO - [2025-08-14T18:03:12.971+0000] {dag.py:3834} INFO - Setting next_dagrun for example_branch_operator to 2025-08-13 00:00:00+00:00, run_after=2025-08-14 00:00:00+00:00
[2025-08-14T18:03:12.986+0000] {processor.py:183} INFO - Processing /home/airflow/.local/lib/python3.8/site-packages/airflow/example_dags/example_branch_operator.py took 0.073 seconds
[2025-08-14T18:03:43.765+0000] {processor.py:161} INFO - Started process (PID=3037) to work on /home/airflow/.local/lib/python3.8/site-packages/airflow/example_dags/example_branch_operator.py
[2025-08-14T18:03:43.765+0000] {processor.py:830} INFO - Processing file /home/airflow/.local/lib/python3.8/site-packages/airflow/example_dags/example_branch_operator.py for tasks to queue
[2025-08-14T18:03:43.766+0000] {logging_mixin.py:188} INFO - [2025-08-14T18:03:43.766+0000] {dagbag.py:540} INFO - Filling up the DagBag from /home/airflow/.local/lib/python3.8/site-packages/airflow/example_dags/example_branch_operator.py
[2025-08-14T18:03:43.776+0000] {processor.py:840} INFO - DAG(s) 'example_branch_operator' retrieved from /home/airflow/.local/lib/python3.8/site-packages/airflow/example_dags/example_branch_operator.py
[2025-08-14T18:03:43.792+0000] {logging_mixin.py:188} INFO - [2025-08-14T18:03:43.792+0000] {dag.py:3047} INFO - Sync 1 DAGs
[2025-08-14T18:03:43.806+0000] {logging_mixin.py:188} INFO - [2025-08-14T18:03:43.805+0000] {dag.py:3834} INFO - Setting next_dagrun for example_branch_operator to 2025-08-13 00:00:00+00:00, run_after=2025-08-14 00:00:00+00:00
[2025-08-14T18:03:43.901+0000] {processor.py:183} INFO - Processing /home/airflow/.local/lib/python3.8/site-packages/airflow/example_dags/example_branch_operator.py took 0.138 seconds
[2025-08-14T18:04:14.758+0000] {processor.py:161} INFO - Started process (PID=3093) to work on /home/airflow/.local/lib/python3.8/site-packages/airflow/example_dags/example_branch_operator.py
[2025-08-14T18:04:14.760+0000] {processor.py:830} INFO - Processing file /home/airflow/.local/lib/python3.8/site-packages/airflow/example_dags/example_branch_operator.py for tasks to queue
[2025-08-14T18:04:14.762+0000] {logging_mixin.py:188} INFO - [2025-08-14T18:04:14.762+0000] {dagbag.py:540} INFO - Filling up the DagBag from /home/airflow/.local/lib/python3.8/site-packages/airflow/example_dags/example_branch_operator.py
[2025-08-14T18:04:14.772+0000] {processor.py:840} INFO - DAG(s) 'example_branch_operator' retrieved from /home/airflow/.local/lib/python3.8/site-packages/airflow/example_dags/example_branch_operator.py
[2025-08-14T18:04:14.789+0000] {logging_mixin.py:188} INFO - [2025-08-14T18:04:14.788+0000] {dag.py:3047} INFO - Sync 1 DAGs
[2025-08-14T18:04:14.801+0000] {logging_mixin.py:188} INFO - [2025-08-14T18:04:14.801+0000] {dag.py:3834} INFO - Setting next_dagrun for example_branch_operator to 2025-08-13 00:00:00+00:00, run_after=2025-08-14 00:00:00+00:00
[2025-08-14T18:04:14.816+0000] {processor.py:183} INFO - Processing /home/airflow/.local/lib/python3.8/site-packages/airflow/example_dags/example_branch_operator.py took 0.060 seconds
[2025-08-14T18:04:46.238+0000] {processor.py:161} INFO - Started process (PID=3149) to work on /home/airflow/.local/lib/python3.8/site-packages/airflow/example_dags/example_branch_operator.py
[2025-08-14T18:04:46.239+0000] {processor.py:830} INFO - Processing file /home/airflow/.local/lib/python3.8/site-packages/airflow/example_dags/example_branch_operator.py for tasks to queue
[2025-08-14T18:04:46.240+0000] {logging_mixin.py:188} INFO - [2025-08-14T18:04:46.240+0000] {dagbag.py:540} INFO - Filling up the DagBag from /home/airflow/.local/lib/python3.8/site-packages/airflow/example_dags/example_branch_operator.py
[2025-08-14T18:04:46.252+0000] {processor.py:840} INFO - DAG(s) 'example_branch_operator' retrieved from /home/airflow/.local/lib/python3.8/site-packages/airflow/example_dags/example_branch_operator.py
[2025-08-14T18:04:46.285+0000] {logging_mixin.py:188} INFO - [2025-08-14T18:04:46.285+0000] {dag.py:3047} INFO - Sync 1 DAGs
[2025-08-14T18:04:46.310+0000] {logging_mixin.py:188} INFO - [2025-08-14T18:04:46.310+0000] {dag.py:3834} INFO - Setting next_dagrun for example_branch_operator to 2025-08-13 00:00:00+00:00, run_after=2025-08-14 00:00:00+00:00
[2025-08-14T18:04:46.331+0000] {processor.py:183} INFO - Processing /home/airflow/.local/lib/python3.8/site-packages/airflow/example_dags/example_branch_operator.py took 0.095 seconds
[2025-08-14T18:05:17.120+0000] {processor.py:161} INFO - Started process (PID=3205) to work on /home/airflow/.local/lib/python3.8/site-packages/airflow/example_dags/example_branch_operator.py
[2025-08-14T18:05:17.121+0000] {processor.py:830} INFO - Processing file /home/airflow/.local/lib/python3.8/site-packages/airflow/example_dags/example_branch_operator.py for tasks to queue
[2025-08-14T18:05:17.124+0000] {logging_mixin.py:188} INFO - [2025-08-14T18:05:17.123+0000] {dagbag.py:540} INFO - Filling up the DagBag from /home/airflow/.local/lib/python3.8/site-packages/airflow/example_dags/example_branch_operator.py
[2025-08-14T18:05:17.135+0000] {processor.py:840} INFO - DAG(s) 'example_branch_operator' retrieved from /home/airflow/.local/lib/python3.8/site-packages/airflow/example_dags/example_branch_operator.py
[2025-08-14T18:05:17.168+0000] {logging_mixin.py:188} INFO - [2025-08-14T18:05:17.168+0000] {dag.py:3047} INFO - Sync 1 DAGs
[2025-08-14T18:05:17.189+0000] {logging_mixin.py:188} INFO - [2025-08-14T18:05:17.189+0000] {dag.py:3834} INFO - Setting next_dagrun for example_branch_operator to 2025-08-13 00:00:00+00:00, run_after=2025-08-14 00:00:00+00:00
[2025-08-14T18:05:17.201+0000] {processor.py:183} INFO - Processing /home/airflow/.local/lib/python3.8/site-packages/airflow/example_dags/example_branch_operator.py took 0.084 seconds
[2025-08-14T18:05:48.144+0000] {processor.py:161} INFO - Started process (PID=3261) to work on /home/airflow/.local/lib/python3.8/site-packages/airflow/example_dags/example_branch_operator.py
[2025-08-14T18:05:48.149+0000] {processor.py:830} INFO - Processing file /home/airflow/.local/lib/python3.8/site-packages/airflow/example_dags/example_branch_operator.py for tasks to queue
[2025-08-14T18:05:48.153+0000] {logging_mixin.py:188} INFO - [2025-08-14T18:05:48.153+0000] {dagbag.py:540} INFO - Filling up the DagBag from /home/airflow/.local/lib/python3.8/site-packages/airflow/example_dags/example_branch_operator.py
[2025-08-14T18:05:48.163+0000] {processor.py:840} INFO - DAG(s) 'example_branch_operator' retrieved from /home/airflow/.local/lib/python3.8/site-packages/airflow/example_dags/example_branch_operator.py
[2025-08-14T18:05:48.180+0000] {logging_mixin.py:188} INFO - [2025-08-14T18:05:48.180+0000] {dag.py:3047} INFO - Sync 1 DAGs
[2025-08-14T18:05:48.193+0000] {logging_mixin.py:188} INFO - [2025-08-14T18:05:48.193+0000] {dag.py:3834} INFO - Setting next_dagrun for example_branch_operator to 2025-08-13 00:00:00+00:00, run_after=2025-08-14 00:00:00+00:00
[2025-08-14T18:05:48.204+0000] {processor.py:183} INFO - Processing /home/airflow/.local/lib/python3.8/site-packages/airflow/example_dags/example_branch_operator.py took 0.063 seconds
