[2025-08-14T17:36:50.250+0000] {processor.py:161} INFO - Started process (PID=98) to work on /home/airflow/.local/lib/python3.8/site-packages/airflow/example_dags/example_kubernetes_executor.py
[2025-08-14T17:36:50.253+0000] {processor.py:830} INFO - Processing file /home/airflow/.local/lib/python3.8/site-packages/airflow/example_dags/example_kubernetes_executor.py for tasks to queue
[2025-08-14T17:36:50.257+0000] {logging_mixin.py:188} INFO - [2025-08-14T17:36:50.256+0000] {dagbag.py:540} INFO - Filling up the DagBag from /home/airflow/.local/lib/python3.8/site-packages/airflow/example_dags/example_kubernetes_executor.py
[2025-08-14T17:36:50.297+0000] {processor.py:840} INFO - DAG(s) 'example_kubernetes_executor' retrieved from /home/airflow/.local/lib/python3.8/site-packages/airflow/example_dags/example_kubernetes_executor.py
[2025-08-14T17:36:50.335+0000] {logging_mixin.py:188} INFO - [2025-08-14T17:36:50.335+0000] {dag.py:3047} INFO - Sync 1 DAGs
[2025-08-14T17:36:50.388+0000] {logging_mixin.py:188} INFO - [2025-08-14T17:36:50.388+0000] {dag.py:3834} INFO - Setting next_dagrun for example_kubernetes_executor to None, run_after=None
[2025-08-14T17:36:50.451+0000] {processor.py:183} INFO - Processing /home/airflow/.local/lib/python3.8/site-packages/airflow/example_dags/example_kubernetes_executor.py took 0.215 seconds
[2025-08-14T17:37:20.845+0000] {processor.py:161} INFO - Started process (PID=154) to work on /home/airflow/.local/lib/python3.8/site-packages/airflow/example_dags/example_kubernetes_executor.py
[2025-08-14T17:37:20.846+0000] {processor.py:830} INFO - Processing file /home/airflow/.local/lib/python3.8/site-packages/airflow/example_dags/example_kubernetes_executor.py for tasks to queue
[2025-08-14T17:37:20.847+0000] {logging_mixin.py:188} INFO - [2025-08-14T17:37:20.846+0000] {dagbag.py:540} INFO - Filling up the DagBag from /home/airflow/.local/lib/python3.8/site-packages/airflow/example_dags/example_kubernetes_executor.py
[2025-08-14T17:37:20.855+0000] {processor.py:840} INFO - DAG(s) 'example_kubernetes_executor' retrieved from /home/airflow/.local/lib/python3.8/site-packages/airflow/example_dags/example_kubernetes_executor.py
[2025-08-14T17:37:20.912+0000] {logging_mixin.py:188} INFO - [2025-08-14T17:37:20.912+0000] {dag.py:3047} INFO - Sync 1 DAGs
[2025-08-14T17:37:20.917+0000] {logging_mixin.py:188} INFO - [2025-08-14T17:37:20.917+0000] {dag.py:3834} INFO - Setting next_dagrun for example_kubernetes_executor to None, run_after=None
[2025-08-14T17:37:20.927+0000] {processor.py:183} INFO - Processing /home/airflow/.local/lib/python3.8/site-packages/airflow/example_dags/example_kubernetes_executor.py took 0.084 seconds
[2025-08-14T17:37:51.434+0000] {processor.py:161} INFO - Started process (PID=210) to work on /home/airflow/.local/lib/python3.8/site-packages/airflow/example_dags/example_kubernetes_executor.py
[2025-08-14T17:37:51.437+0000] {processor.py:830} INFO - Processing file /home/airflow/.local/lib/python3.8/site-packages/airflow/example_dags/example_kubernetes_executor.py for tasks to queue
[2025-08-14T17:37:51.441+0000] {logging_mixin.py:188} INFO - [2025-08-14T17:37:51.441+0000] {dagbag.py:540} INFO - Filling up the DagBag from /home/airflow/.local/lib/python3.8/site-packages/airflow/example_dags/example_kubernetes_executor.py
[2025-08-14T17:37:51.466+0000] {processor.py:840} INFO - DAG(s) 'example_kubernetes_executor' retrieved from /home/airflow/.local/lib/python3.8/site-packages/airflow/example_dags/example_kubernetes_executor.py
[2025-08-14T17:37:51.534+0000] {logging_mixin.py:188} INFO - [2025-08-14T17:37:51.533+0000] {dag.py:3047} INFO - Sync 1 DAGs
[2025-08-14T17:37:51.548+0000] {logging_mixin.py:188} INFO - [2025-08-14T17:37:51.548+0000] {dag.py:3834} INFO - Setting next_dagrun for example_kubernetes_executor to None, run_after=None
[2025-08-14T17:37:51.579+0000] {processor.py:183} INFO - Processing /home/airflow/.local/lib/python3.8/site-packages/airflow/example_dags/example_kubernetes_executor.py took 0.147 seconds
[2025-08-14T17:38:22.132+0000] {processor.py:161} INFO - Started process (PID=266) to work on /home/airflow/.local/lib/python3.8/site-packages/airflow/example_dags/example_kubernetes_executor.py
[2025-08-14T17:38:22.134+0000] {processor.py:830} INFO - Processing file /home/airflow/.local/lib/python3.8/site-packages/airflow/example_dags/example_kubernetes_executor.py for tasks to queue
[2025-08-14T17:38:22.136+0000] {logging_mixin.py:188} INFO - [2025-08-14T17:38:22.136+0000] {dagbag.py:540} INFO - Filling up the DagBag from /home/airflow/.local/lib/python3.8/site-packages/airflow/example_dags/example_kubernetes_executor.py
[2025-08-14T17:38:22.147+0000] {processor.py:840} INFO - DAG(s) 'example_kubernetes_executor' retrieved from /home/airflow/.local/lib/python3.8/site-packages/airflow/example_dags/example_kubernetes_executor.py
[2025-08-14T17:38:22.181+0000] {logging_mixin.py:188} INFO - [2025-08-14T17:38:22.181+0000] {dag.py:3047} INFO - Sync 1 DAGs
[2025-08-14T17:38:22.192+0000] {logging_mixin.py:188} INFO - [2025-08-14T17:38:22.192+0000] {dag.py:3834} INFO - Setting next_dagrun for example_kubernetes_executor to None, run_after=None
[2025-08-14T17:38:22.221+0000] {processor.py:183} INFO - Processing /home/airflow/.local/lib/python3.8/site-packages/airflow/example_dags/example_kubernetes_executor.py took 0.099 seconds
[2025-08-14T17:38:52.489+0000] {processor.py:161} INFO - Started process (PID=323) to work on /home/airflow/.local/lib/python3.8/site-packages/airflow/example_dags/example_kubernetes_executor.py
[2025-08-14T17:38:52.491+0000] {processor.py:830} INFO - Processing file /home/airflow/.local/lib/python3.8/site-packages/airflow/example_dags/example_kubernetes_executor.py for tasks to queue
[2025-08-14T17:38:52.492+0000] {logging_mixin.py:188} INFO - [2025-08-14T17:38:52.492+0000] {dagbag.py:540} INFO - Filling up the DagBag from /home/airflow/.local/lib/python3.8/site-packages/airflow/example_dags/example_kubernetes_executor.py
[2025-08-14T17:38:52.508+0000] {processor.py:840} INFO - DAG(s) 'example_kubernetes_executor' retrieved from /home/airflow/.local/lib/python3.8/site-packages/airflow/example_dags/example_kubernetes_executor.py
[2025-08-14T17:38:52.547+0000] {logging_mixin.py:188} INFO - [2025-08-14T17:38:52.547+0000] {dag.py:3047} INFO - Sync 1 DAGs
[2025-08-14T17:38:52.554+0000] {logging_mixin.py:188} INFO - [2025-08-14T17:38:52.554+0000] {dag.py:3834} INFO - Setting next_dagrun for example_kubernetes_executor to None, run_after=None
[2025-08-14T17:38:52.565+0000] {processor.py:183} INFO - Processing /home/airflow/.local/lib/python3.8/site-packages/airflow/example_dags/example_kubernetes_executor.py took 0.079 seconds
[2025-08-14T17:39:22.885+0000] {processor.py:161} INFO - Started process (PID=379) to work on /home/airflow/.local/lib/python3.8/site-packages/airflow/example_dags/example_kubernetes_executor.py
[2025-08-14T17:39:22.886+0000] {processor.py:830} INFO - Processing file /home/airflow/.local/lib/python3.8/site-packages/airflow/example_dags/example_kubernetes_executor.py for tasks to queue
[2025-08-14T17:39:22.887+0000] {logging_mixin.py:188} INFO - [2025-08-14T17:39:22.887+0000] {dagbag.py:540} INFO - Filling up the DagBag from /home/airflow/.local/lib/python3.8/site-packages/airflow/example_dags/example_kubernetes_executor.py
[2025-08-14T17:39:22.902+0000] {processor.py:840} INFO - DAG(s) 'example_kubernetes_executor' retrieved from /home/airflow/.local/lib/python3.8/site-packages/airflow/example_dags/example_kubernetes_executor.py
[2025-08-14T17:39:22.935+0000] {logging_mixin.py:188} INFO - [2025-08-14T17:39:22.934+0000] {dag.py:3047} INFO - Sync 1 DAGs
[2025-08-14T17:39:22.942+0000] {logging_mixin.py:188} INFO - [2025-08-14T17:39:22.941+0000] {dag.py:3834} INFO - Setting next_dagrun for example_kubernetes_executor to None, run_after=None
[2025-08-14T17:39:22.951+0000] {processor.py:183} INFO - Processing /home/airflow/.local/lib/python3.8/site-packages/airflow/example_dags/example_kubernetes_executor.py took 0.068 seconds
[2025-08-14T17:39:53.805+0000] {processor.py:161} INFO - Started process (PID=435) to work on /home/airflow/.local/lib/python3.8/site-packages/airflow/example_dags/example_kubernetes_executor.py
[2025-08-14T17:39:53.806+0000] {processor.py:830} INFO - Processing file /home/airflow/.local/lib/python3.8/site-packages/airflow/example_dags/example_kubernetes_executor.py for tasks to queue
[2025-08-14T17:39:53.807+0000] {logging_mixin.py:188} INFO - [2025-08-14T17:39:53.807+0000] {dagbag.py:540} INFO - Filling up the DagBag from /home/airflow/.local/lib/python3.8/site-packages/airflow/example_dags/example_kubernetes_executor.py
[2025-08-14T17:39:53.816+0000] {processor.py:840} INFO - DAG(s) 'example_kubernetes_executor' retrieved from /home/airflow/.local/lib/python3.8/site-packages/airflow/example_dags/example_kubernetes_executor.py
[2025-08-14T17:39:53.871+0000] {logging_mixin.py:188} INFO - [2025-08-14T17:39:53.871+0000] {dag.py:3047} INFO - Sync 1 DAGs
[2025-08-14T17:39:53.891+0000] {logging_mixin.py:188} INFO - [2025-08-14T17:39:53.890+0000] {dag.py:3834} INFO - Setting next_dagrun for example_kubernetes_executor to None, run_after=None
[2025-08-14T17:39:53.920+0000] {processor.py:183} INFO - Processing /home/airflow/.local/lib/python3.8/site-packages/airflow/example_dags/example_kubernetes_executor.py took 0.117 seconds
[2025-08-14T17:40:24.446+0000] {processor.py:161} INFO - Started process (PID=491) to work on /home/airflow/.local/lib/python3.8/site-packages/airflow/example_dags/example_kubernetes_executor.py
[2025-08-14T17:40:24.447+0000] {processor.py:830} INFO - Processing file /home/airflow/.local/lib/python3.8/site-packages/airflow/example_dags/example_kubernetes_executor.py for tasks to queue
[2025-08-14T17:40:24.448+0000] {logging_mixin.py:188} INFO - [2025-08-14T17:40:24.448+0000] {dagbag.py:540} INFO - Filling up the DagBag from /home/airflow/.local/lib/python3.8/site-packages/airflow/example_dags/example_kubernetes_executor.py
[2025-08-14T17:40:24.461+0000] {processor.py:840} INFO - DAG(s) 'example_kubernetes_executor' retrieved from /home/airflow/.local/lib/python3.8/site-packages/airflow/example_dags/example_kubernetes_executor.py
[2025-08-14T17:40:24.504+0000] {logging_mixin.py:188} INFO - [2025-08-14T17:40:24.503+0000] {dag.py:3047} INFO - Sync 1 DAGs
[2025-08-14T17:40:24.512+0000] {logging_mixin.py:188} INFO - [2025-08-14T17:40:24.512+0000] {dag.py:3834} INFO - Setting next_dagrun for example_kubernetes_executor to None, run_after=None
[2025-08-14T17:40:24.525+0000] {processor.py:183} INFO - Processing /home/airflow/.local/lib/python3.8/site-packages/airflow/example_dags/example_kubernetes_executor.py took 0.081 seconds
[2025-08-14T17:40:55.083+0000] {processor.py:161} INFO - Started process (PID=547) to work on /home/airflow/.local/lib/python3.8/site-packages/airflow/example_dags/example_kubernetes_executor.py
[2025-08-14T17:40:55.087+0000] {processor.py:830} INFO - Processing file /home/airflow/.local/lib/python3.8/site-packages/airflow/example_dags/example_kubernetes_executor.py for tasks to queue
[2025-08-14T17:40:55.088+0000] {logging_mixin.py:188} INFO - [2025-08-14T17:40:55.087+0000] {dagbag.py:540} INFO - Filling up the DagBag from /home/airflow/.local/lib/python3.8/site-packages/airflow/example_dags/example_kubernetes_executor.py
[2025-08-14T17:40:55.101+0000] {processor.py:840} INFO - DAG(s) 'example_kubernetes_executor' retrieved from /home/airflow/.local/lib/python3.8/site-packages/airflow/example_dags/example_kubernetes_executor.py
[2025-08-14T17:40:55.128+0000] {logging_mixin.py:188} INFO - [2025-08-14T17:40:55.128+0000] {dag.py:3047} INFO - Sync 1 DAGs
[2025-08-14T17:40:55.134+0000] {logging_mixin.py:188} INFO - [2025-08-14T17:40:55.134+0000] {dag.py:3834} INFO - Setting next_dagrun for example_kubernetes_executor to None, run_after=None
[2025-08-14T17:40:55.144+0000] {processor.py:183} INFO - Processing /home/airflow/.local/lib/python3.8/site-packages/airflow/example_dags/example_kubernetes_executor.py took 0.066 seconds
[2025-08-14T17:41:25.386+0000] {processor.py:161} INFO - Started process (PID=603) to work on /home/airflow/.local/lib/python3.8/site-packages/airflow/example_dags/example_kubernetes_executor.py
[2025-08-14T17:41:25.388+0000] {processor.py:830} INFO - Processing file /home/airflow/.local/lib/python3.8/site-packages/airflow/example_dags/example_kubernetes_executor.py for tasks to queue
[2025-08-14T17:41:25.389+0000] {logging_mixin.py:188} INFO - [2025-08-14T17:41:25.389+0000] {dagbag.py:540} INFO - Filling up the DagBag from /home/airflow/.local/lib/python3.8/site-packages/airflow/example_dags/example_kubernetes_executor.py
[2025-08-14T17:41:25.402+0000] {processor.py:840} INFO - DAG(s) 'example_kubernetes_executor' retrieved from /home/airflow/.local/lib/python3.8/site-packages/airflow/example_dags/example_kubernetes_executor.py
[2025-08-14T17:41:25.434+0000] {logging_mixin.py:188} INFO - [2025-08-14T17:41:25.434+0000] {dag.py:3047} INFO - Sync 1 DAGs
[2025-08-14T17:41:25.441+0000] {logging_mixin.py:188} INFO - [2025-08-14T17:41:25.441+0000] {dag.py:3834} INFO - Setting next_dagrun for example_kubernetes_executor to None, run_after=None
[2025-08-14T17:41:25.451+0000] {processor.py:183} INFO - Processing /home/airflow/.local/lib/python3.8/site-packages/airflow/example_dags/example_kubernetes_executor.py took 0.067 seconds
[2025-08-14T17:41:56.653+0000] {processor.py:161} INFO - Started process (PID=659) to work on /home/airflow/.local/lib/python3.8/site-packages/airflow/example_dags/example_kubernetes_executor.py
[2025-08-14T17:41:56.657+0000] {processor.py:830} INFO - Processing file /home/airflow/.local/lib/python3.8/site-packages/airflow/example_dags/example_kubernetes_executor.py for tasks to queue
[2025-08-14T17:41:56.660+0000] {logging_mixin.py:188} INFO - [2025-08-14T17:41:56.660+0000] {dagbag.py:540} INFO - Filling up the DagBag from /home/airflow/.local/lib/python3.8/site-packages/airflow/example_dags/example_kubernetes_executor.py
[2025-08-14T17:41:56.680+0000] {processor.py:840} INFO - DAG(s) 'example_kubernetes_executor' retrieved from /home/airflow/.local/lib/python3.8/site-packages/airflow/example_dags/example_kubernetes_executor.py
[2025-08-14T17:41:56.775+0000] {logging_mixin.py:188} INFO - [2025-08-14T17:41:56.774+0000] {dag.py:3047} INFO - Sync 1 DAGs
[2025-08-14T17:41:56.791+0000] {logging_mixin.py:188} INFO - [2025-08-14T17:41:56.790+0000] {dag.py:3834} INFO - Setting next_dagrun for example_kubernetes_executor to None, run_after=None
[2025-08-14T17:41:56.817+0000] {processor.py:183} INFO - Processing /home/airflow/.local/lib/python3.8/site-packages/airflow/example_dags/example_kubernetes_executor.py took 0.170 seconds
[2025-08-14T17:42:26.931+0000] {processor.py:161} INFO - Started process (PID=715) to work on /home/airflow/.local/lib/python3.8/site-packages/airflow/example_dags/example_kubernetes_executor.py
[2025-08-14T17:42:26.932+0000] {processor.py:830} INFO - Processing file /home/airflow/.local/lib/python3.8/site-packages/airflow/example_dags/example_kubernetes_executor.py for tasks to queue
[2025-08-14T17:42:26.934+0000] {logging_mixin.py:188} INFO - [2025-08-14T17:42:26.934+0000] {dagbag.py:540} INFO - Filling up the DagBag from /home/airflow/.local/lib/python3.8/site-packages/airflow/example_dags/example_kubernetes_executor.py
[2025-08-14T17:42:26.947+0000] {processor.py:840} INFO - DAG(s) 'example_kubernetes_executor' retrieved from /home/airflow/.local/lib/python3.8/site-packages/airflow/example_dags/example_kubernetes_executor.py
[2025-08-14T17:42:26.982+0000] {logging_mixin.py:188} INFO - [2025-08-14T17:42:26.981+0000] {dag.py:3047} INFO - Sync 1 DAGs
[2025-08-14T17:42:27.000+0000] {logging_mixin.py:188} INFO - [2025-08-14T17:42:26.999+0000] {dag.py:3834} INFO - Setting next_dagrun for example_kubernetes_executor to None, run_after=None
[2025-08-14T17:42:27.020+0000] {processor.py:183} INFO - Processing /home/airflow/.local/lib/python3.8/site-packages/airflow/example_dags/example_kubernetes_executor.py took 0.092 seconds
[2025-08-14T17:42:57.167+0000] {processor.py:161} INFO - Started process (PID=771) to work on /home/airflow/.local/lib/python3.8/site-packages/airflow/example_dags/example_kubernetes_executor.py
[2025-08-14T17:42:57.172+0000] {processor.py:830} INFO - Processing file /home/airflow/.local/lib/python3.8/site-packages/airflow/example_dags/example_kubernetes_executor.py for tasks to queue
[2025-08-14T17:42:57.174+0000] {logging_mixin.py:188} INFO - [2025-08-14T17:42:57.174+0000] {dagbag.py:540} INFO - Filling up the DagBag from /home/airflow/.local/lib/python3.8/site-packages/airflow/example_dags/example_kubernetes_executor.py
[2025-08-14T17:42:57.198+0000] {processor.py:840} INFO - DAG(s) 'example_kubernetes_executor' retrieved from /home/airflow/.local/lib/python3.8/site-packages/airflow/example_dags/example_kubernetes_executor.py
[2025-08-14T17:42:57.233+0000] {logging_mixin.py:188} INFO - [2025-08-14T17:42:57.233+0000] {dag.py:3047} INFO - Sync 1 DAGs
[2025-08-14T17:42:57.244+0000] {logging_mixin.py:188} INFO - [2025-08-14T17:42:57.243+0000] {dag.py:3834} INFO - Setting next_dagrun for example_kubernetes_executor to None, run_after=None
[2025-08-14T17:42:57.269+0000] {processor.py:183} INFO - Processing /home/airflow/.local/lib/python3.8/site-packages/airflow/example_dags/example_kubernetes_executor.py took 0.105 seconds
[2025-08-14T17:43:27.919+0000] {processor.py:161} INFO - Started process (PID=827) to work on /home/airflow/.local/lib/python3.8/site-packages/airflow/example_dags/example_kubernetes_executor.py
[2025-08-14T17:43:27.920+0000] {processor.py:830} INFO - Processing file /home/airflow/.local/lib/python3.8/site-packages/airflow/example_dags/example_kubernetes_executor.py for tasks to queue
[2025-08-14T17:43:27.922+0000] {logging_mixin.py:188} INFO - [2025-08-14T17:43:27.921+0000] {dagbag.py:540} INFO - Filling up the DagBag from /home/airflow/.local/lib/python3.8/site-packages/airflow/example_dags/example_kubernetes_executor.py
[2025-08-14T17:43:27.938+0000] {processor.py:840} INFO - DAG(s) 'example_kubernetes_executor' retrieved from /home/airflow/.local/lib/python3.8/site-packages/airflow/example_dags/example_kubernetes_executor.py
[2025-08-14T17:43:27.966+0000] {logging_mixin.py:188} INFO - [2025-08-14T17:43:27.965+0000] {dag.py:3047} INFO - Sync 1 DAGs
[2025-08-14T17:43:27.973+0000] {logging_mixin.py:188} INFO - [2025-08-14T17:43:27.973+0000] {dag.py:3834} INFO - Setting next_dagrun for example_kubernetes_executor to None, run_after=None
[2025-08-14T17:43:27.987+0000] {processor.py:183} INFO - Processing /home/airflow/.local/lib/python3.8/site-packages/airflow/example_dags/example_kubernetes_executor.py took 0.071 seconds
[2025-08-14T17:43:58.281+0000] {processor.py:161} INFO - Started process (PID=883) to work on /home/airflow/.local/lib/python3.8/site-packages/airflow/example_dags/example_kubernetes_executor.py
[2025-08-14T17:43:58.282+0000] {processor.py:830} INFO - Processing file /home/airflow/.local/lib/python3.8/site-packages/airflow/example_dags/example_kubernetes_executor.py for tasks to queue
[2025-08-14T17:43:58.283+0000] {logging_mixin.py:188} INFO - [2025-08-14T17:43:58.283+0000] {dagbag.py:540} INFO - Filling up the DagBag from /home/airflow/.local/lib/python3.8/site-packages/airflow/example_dags/example_kubernetes_executor.py
[2025-08-14T17:43:58.293+0000] {processor.py:840} INFO - DAG(s) 'example_kubernetes_executor' retrieved from /home/airflow/.local/lib/python3.8/site-packages/airflow/example_dags/example_kubernetes_executor.py
[2025-08-14T17:43:58.318+0000] {logging_mixin.py:188} INFO - [2025-08-14T17:43:58.318+0000] {dag.py:3047} INFO - Sync 1 DAGs
[2025-08-14T17:43:58.326+0000] {logging_mixin.py:188} INFO - [2025-08-14T17:43:58.326+0000] {dag.py:3834} INFO - Setting next_dagrun for example_kubernetes_executor to None, run_after=None
[2025-08-14T17:43:58.342+0000] {processor.py:183} INFO - Processing /home/airflow/.local/lib/python3.8/site-packages/airflow/example_dags/example_kubernetes_executor.py took 0.062 seconds
[2025-08-14T17:44:28.384+0000] {processor.py:161} INFO - Started process (PID=939) to work on /home/airflow/.local/lib/python3.8/site-packages/airflow/example_dags/example_kubernetes_executor.py
[2025-08-14T17:44:28.385+0000] {processor.py:830} INFO - Processing file /home/airflow/.local/lib/python3.8/site-packages/airflow/example_dags/example_kubernetes_executor.py for tasks to queue
[2025-08-14T17:44:28.386+0000] {logging_mixin.py:188} INFO - [2025-08-14T17:44:28.386+0000] {dagbag.py:540} INFO - Filling up the DagBag from /home/airflow/.local/lib/python3.8/site-packages/airflow/example_dags/example_kubernetes_executor.py
[2025-08-14T17:44:28.396+0000] {processor.py:840} INFO - DAG(s) 'example_kubernetes_executor' retrieved from /home/airflow/.local/lib/python3.8/site-packages/airflow/example_dags/example_kubernetes_executor.py
[2025-08-14T17:44:28.425+0000] {logging_mixin.py:188} INFO - [2025-08-14T17:44:28.425+0000] {dag.py:3047} INFO - Sync 1 DAGs
[2025-08-14T17:44:28.433+0000] {logging_mixin.py:188} INFO - [2025-08-14T17:44:28.432+0000] {dag.py:3834} INFO - Setting next_dagrun for example_kubernetes_executor to None, run_after=None
[2025-08-14T17:44:28.452+0000] {processor.py:183} INFO - Processing /home/airflow/.local/lib/python3.8/site-packages/airflow/example_dags/example_kubernetes_executor.py took 0.070 seconds
[2025-08-14T17:44:58.554+0000] {processor.py:161} INFO - Started process (PID=995) to work on /home/airflow/.local/lib/python3.8/site-packages/airflow/example_dags/example_kubernetes_executor.py
[2025-08-14T17:44:58.555+0000] {processor.py:830} INFO - Processing file /home/airflow/.local/lib/python3.8/site-packages/airflow/example_dags/example_kubernetes_executor.py for tasks to queue
[2025-08-14T17:44:58.556+0000] {logging_mixin.py:188} INFO - [2025-08-14T17:44:58.556+0000] {dagbag.py:540} INFO - Filling up the DagBag from /home/airflow/.local/lib/python3.8/site-packages/airflow/example_dags/example_kubernetes_executor.py
[2025-08-14T17:44:58.565+0000] {processor.py:840} INFO - DAG(s) 'example_kubernetes_executor' retrieved from /home/airflow/.local/lib/python3.8/site-packages/airflow/example_dags/example_kubernetes_executor.py
[2025-08-14T17:44:58.597+0000] {logging_mixin.py:188} INFO - [2025-08-14T17:44:58.597+0000] {dag.py:3047} INFO - Sync 1 DAGs
[2025-08-14T17:44:58.606+0000] {logging_mixin.py:188} INFO - [2025-08-14T17:44:58.606+0000] {dag.py:3834} INFO - Setting next_dagrun for example_kubernetes_executor to None, run_after=None
[2025-08-14T17:44:58.620+0000] {processor.py:183} INFO - Processing /home/airflow/.local/lib/python3.8/site-packages/airflow/example_dags/example_kubernetes_executor.py took 0.069 seconds
[2025-08-14T17:45:28.924+0000] {processor.py:161} INFO - Started process (PID=1051) to work on /home/airflow/.local/lib/python3.8/site-packages/airflow/example_dags/example_kubernetes_executor.py
[2025-08-14T17:45:28.925+0000] {processor.py:830} INFO - Processing file /home/airflow/.local/lib/python3.8/site-packages/airflow/example_dags/example_kubernetes_executor.py for tasks to queue
[2025-08-14T17:45:28.927+0000] {logging_mixin.py:188} INFO - [2025-08-14T17:45:28.926+0000] {dagbag.py:540} INFO - Filling up the DagBag from /home/airflow/.local/lib/python3.8/site-packages/airflow/example_dags/example_kubernetes_executor.py
[2025-08-14T17:45:28.940+0000] {processor.py:840} INFO - DAG(s) 'example_kubernetes_executor' retrieved from /home/airflow/.local/lib/python3.8/site-packages/airflow/example_dags/example_kubernetes_executor.py
[2025-08-14T17:45:28.982+0000] {logging_mixin.py:188} INFO - [2025-08-14T17:45:28.982+0000] {dag.py:3047} INFO - Sync 1 DAGs
[2025-08-14T17:45:28.990+0000] {logging_mixin.py:188} INFO - [2025-08-14T17:45:28.990+0000] {dag.py:3834} INFO - Setting next_dagrun for example_kubernetes_executor to None, run_after=None
[2025-08-14T17:45:29.007+0000] {processor.py:183} INFO - Processing /home/airflow/.local/lib/python3.8/site-packages/airflow/example_dags/example_kubernetes_executor.py took 0.086 seconds
[2025-08-14T17:45:59.601+0000] {processor.py:161} INFO - Started process (PID=1107) to work on /home/airflow/.local/lib/python3.8/site-packages/airflow/example_dags/example_kubernetes_executor.py
[2025-08-14T17:45:59.602+0000] {processor.py:830} INFO - Processing file /home/airflow/.local/lib/python3.8/site-packages/airflow/example_dags/example_kubernetes_executor.py for tasks to queue
[2025-08-14T17:45:59.604+0000] {logging_mixin.py:188} INFO - [2025-08-14T17:45:59.604+0000] {dagbag.py:540} INFO - Filling up the DagBag from /home/airflow/.local/lib/python3.8/site-packages/airflow/example_dags/example_kubernetes_executor.py
[2025-08-14T17:45:59.618+0000] {processor.py:840} INFO - DAG(s) 'example_kubernetes_executor' retrieved from /home/airflow/.local/lib/python3.8/site-packages/airflow/example_dags/example_kubernetes_executor.py
[2025-08-14T17:45:59.659+0000] {logging_mixin.py:188} INFO - [2025-08-14T17:45:59.659+0000] {dag.py:3047} INFO - Sync 1 DAGs
[2025-08-14T17:45:59.667+0000] {logging_mixin.py:188} INFO - [2025-08-14T17:45:59.666+0000] {dag.py:3834} INFO - Setting next_dagrun for example_kubernetes_executor to None, run_after=None
[2025-08-14T17:45:59.682+0000] {processor.py:183} INFO - Processing /home/airflow/.local/lib/python3.8/site-packages/airflow/example_dags/example_kubernetes_executor.py took 0.084 seconds
[2025-08-14T17:46:29.787+0000] {processor.py:161} INFO - Started process (PID=1163) to work on /home/airflow/.local/lib/python3.8/site-packages/airflow/example_dags/example_kubernetes_executor.py
[2025-08-14T17:46:29.789+0000] {processor.py:830} INFO - Processing file /home/airflow/.local/lib/python3.8/site-packages/airflow/example_dags/example_kubernetes_executor.py for tasks to queue
[2025-08-14T17:46:29.790+0000] {logging_mixin.py:188} INFO - [2025-08-14T17:46:29.790+0000] {dagbag.py:540} INFO - Filling up the DagBag from /home/airflow/.local/lib/python3.8/site-packages/airflow/example_dags/example_kubernetes_executor.py
[2025-08-14T17:46:29.805+0000] {processor.py:840} INFO - DAG(s) 'example_kubernetes_executor' retrieved from /home/airflow/.local/lib/python3.8/site-packages/airflow/example_dags/example_kubernetes_executor.py
[2025-08-14T17:46:29.834+0000] {logging_mixin.py:188} INFO - [2025-08-14T17:46:29.834+0000] {dag.py:3047} INFO - Sync 1 DAGs
[2025-08-14T17:46:29.841+0000] {logging_mixin.py:188} INFO - [2025-08-14T17:46:29.841+0000] {dag.py:3834} INFO - Setting next_dagrun for example_kubernetes_executor to None, run_after=None
[2025-08-14T17:46:29.851+0000] {processor.py:183} INFO - Processing /home/airflow/.local/lib/python3.8/site-packages/airflow/example_dags/example_kubernetes_executor.py took 0.066 seconds
[2025-08-14T17:46:59.951+0000] {processor.py:161} INFO - Started process (PID=1219) to work on /home/airflow/.local/lib/python3.8/site-packages/airflow/example_dags/example_kubernetes_executor.py
[2025-08-14T17:46:59.953+0000] {processor.py:830} INFO - Processing file /home/airflow/.local/lib/python3.8/site-packages/airflow/example_dags/example_kubernetes_executor.py for tasks to queue
[2025-08-14T17:46:59.954+0000] {logging_mixin.py:188} INFO - [2025-08-14T17:46:59.954+0000] {dagbag.py:540} INFO - Filling up the DagBag from /home/airflow/.local/lib/python3.8/site-packages/airflow/example_dags/example_kubernetes_executor.py
[2025-08-14T17:46:59.964+0000] {processor.py:840} INFO - DAG(s) 'example_kubernetes_executor' retrieved from /home/airflow/.local/lib/python3.8/site-packages/airflow/example_dags/example_kubernetes_executor.py
[2025-08-14T17:46:59.989+0000] {logging_mixin.py:188} INFO - [2025-08-14T17:46:59.989+0000] {dag.py:3047} INFO - Sync 1 DAGs
[2025-08-14T17:46:59.997+0000] {logging_mixin.py:188} INFO - [2025-08-14T17:46:59.997+0000] {dag.py:3834} INFO - Setting next_dagrun for example_kubernetes_executor to None, run_after=None
[2025-08-14T17:47:00.024+0000] {processor.py:183} INFO - Processing /home/airflow/.local/lib/python3.8/site-packages/airflow/example_dags/example_kubernetes_executor.py took 0.074 seconds
[2025-08-14T17:47:30.696+0000] {processor.py:161} INFO - Started process (PID=1275) to work on /home/airflow/.local/lib/python3.8/site-packages/airflow/example_dags/example_kubernetes_executor.py
[2025-08-14T17:47:30.697+0000] {processor.py:830} INFO - Processing file /home/airflow/.local/lib/python3.8/site-packages/airflow/example_dags/example_kubernetes_executor.py for tasks to queue
[2025-08-14T17:47:30.699+0000] {logging_mixin.py:188} INFO - [2025-08-14T17:47:30.698+0000] {dagbag.py:540} INFO - Filling up the DagBag from /home/airflow/.local/lib/python3.8/site-packages/airflow/example_dags/example_kubernetes_executor.py
[2025-08-14T17:47:30.714+0000] {processor.py:840} INFO - DAG(s) 'example_kubernetes_executor' retrieved from /home/airflow/.local/lib/python3.8/site-packages/airflow/example_dags/example_kubernetes_executor.py
[2025-08-14T17:47:30.741+0000] {logging_mixin.py:188} INFO - [2025-08-14T17:47:30.741+0000] {dag.py:3047} INFO - Sync 1 DAGs
[2025-08-14T17:47:30.749+0000] {logging_mixin.py:188} INFO - [2025-08-14T17:47:30.749+0000] {dag.py:3834} INFO - Setting next_dagrun for example_kubernetes_executor to None, run_after=None
[2025-08-14T17:47:30.767+0000] {processor.py:183} INFO - Processing /home/airflow/.local/lib/python3.8/site-packages/airflow/example_dags/example_kubernetes_executor.py took 0.073 seconds
[2025-08-14T17:48:00.967+0000] {processor.py:161} INFO - Started process (PID=1331) to work on /home/airflow/.local/lib/python3.8/site-packages/airflow/example_dags/example_kubernetes_executor.py
[2025-08-14T17:48:00.969+0000] {processor.py:830} INFO - Processing file /home/airflow/.local/lib/python3.8/site-packages/airflow/example_dags/example_kubernetes_executor.py for tasks to queue
[2025-08-14T17:48:00.970+0000] {logging_mixin.py:188} INFO - [2025-08-14T17:48:00.970+0000] {dagbag.py:540} INFO - Filling up the DagBag from /home/airflow/.local/lib/python3.8/site-packages/airflow/example_dags/example_kubernetes_executor.py
[2025-08-14T17:48:00.985+0000] {processor.py:840} INFO - DAG(s) 'example_kubernetes_executor' retrieved from /home/airflow/.local/lib/python3.8/site-packages/airflow/example_dags/example_kubernetes_executor.py
[2025-08-14T17:48:01.012+0000] {logging_mixin.py:188} INFO - [2025-08-14T17:48:01.012+0000] {dag.py:3047} INFO - Sync 1 DAGs
[2025-08-14T17:48:01.020+0000] {logging_mixin.py:188} INFO - [2025-08-14T17:48:01.020+0000] {dag.py:3834} INFO - Setting next_dagrun for example_kubernetes_executor to None, run_after=None
[2025-08-14T17:48:01.042+0000] {processor.py:183} INFO - Processing /home/airflow/.local/lib/python3.8/site-packages/airflow/example_dags/example_kubernetes_executor.py took 0.076 seconds
[2025-08-14T17:48:31.328+0000] {processor.py:161} INFO - Started process (PID=1387) to work on /home/airflow/.local/lib/python3.8/site-packages/airflow/example_dags/example_kubernetes_executor.py
[2025-08-14T17:48:31.329+0000] {processor.py:830} INFO - Processing file /home/airflow/.local/lib/python3.8/site-packages/airflow/example_dags/example_kubernetes_executor.py for tasks to queue
[2025-08-14T17:48:31.331+0000] {logging_mixin.py:188} INFO - [2025-08-14T17:48:31.330+0000] {dagbag.py:540} INFO - Filling up the DagBag from /home/airflow/.local/lib/python3.8/site-packages/airflow/example_dags/example_kubernetes_executor.py
[2025-08-14T17:48:31.340+0000] {processor.py:840} INFO - DAG(s) 'example_kubernetes_executor' retrieved from /home/airflow/.local/lib/python3.8/site-packages/airflow/example_dags/example_kubernetes_executor.py
[2025-08-14T17:48:31.364+0000] {logging_mixin.py:188} INFO - [2025-08-14T17:48:31.364+0000] {dag.py:3047} INFO - Sync 1 DAGs
[2025-08-14T17:48:31.370+0000] {logging_mixin.py:188} INFO - [2025-08-14T17:48:31.370+0000] {dag.py:3834} INFO - Setting next_dagrun for example_kubernetes_executor to None, run_after=None
[2025-08-14T17:48:31.383+0000] {processor.py:183} INFO - Processing /home/airflow/.local/lib/python3.8/site-packages/airflow/example_dags/example_kubernetes_executor.py took 0.057 seconds
[2025-08-14T17:49:02.035+0000] {processor.py:161} INFO - Started process (PID=1443) to work on /home/airflow/.local/lib/python3.8/site-packages/airflow/example_dags/example_kubernetes_executor.py
[2025-08-14T17:49:02.036+0000] {processor.py:830} INFO - Processing file /home/airflow/.local/lib/python3.8/site-packages/airflow/example_dags/example_kubernetes_executor.py for tasks to queue
[2025-08-14T17:49:02.037+0000] {logging_mixin.py:188} INFO - [2025-08-14T17:49:02.037+0000] {dagbag.py:540} INFO - Filling up the DagBag from /home/airflow/.local/lib/python3.8/site-packages/airflow/example_dags/example_kubernetes_executor.py
[2025-08-14T17:49:02.046+0000] {processor.py:840} INFO - DAG(s) 'example_kubernetes_executor' retrieved from /home/airflow/.local/lib/python3.8/site-packages/airflow/example_dags/example_kubernetes_executor.py
[2025-08-14T17:49:02.069+0000] {logging_mixin.py:188} INFO - [2025-08-14T17:49:02.069+0000] {dag.py:3047} INFO - Sync 1 DAGs
[2025-08-14T17:49:02.076+0000] {logging_mixin.py:188} INFO - [2025-08-14T17:49:02.075+0000] {dag.py:3834} INFO - Setting next_dagrun for example_kubernetes_executor to None, run_after=None
[2025-08-14T17:49:02.089+0000] {processor.py:183} INFO - Processing /home/airflow/.local/lib/python3.8/site-packages/airflow/example_dags/example_kubernetes_executor.py took 0.055 seconds
[2025-08-14T17:49:32.324+0000] {processor.py:161} INFO - Started process (PID=1499) to work on /home/airflow/.local/lib/python3.8/site-packages/airflow/example_dags/example_kubernetes_executor.py
[2025-08-14T17:49:32.326+0000] {processor.py:830} INFO - Processing file /home/airflow/.local/lib/python3.8/site-packages/airflow/example_dags/example_kubernetes_executor.py for tasks to queue
[2025-08-14T17:49:32.328+0000] {logging_mixin.py:188} INFO - [2025-08-14T17:49:32.327+0000] {dagbag.py:540} INFO - Filling up the DagBag from /home/airflow/.local/lib/python3.8/site-packages/airflow/example_dags/example_kubernetes_executor.py
[2025-08-14T17:49:32.385+0000] {processor.py:840} INFO - DAG(s) 'example_kubernetes_executor' retrieved from /home/airflow/.local/lib/python3.8/site-packages/airflow/example_dags/example_kubernetes_executor.py
[2025-08-14T17:49:32.458+0000] {logging_mixin.py:188} INFO - [2025-08-14T17:49:32.458+0000] {dag.py:3047} INFO - Sync 1 DAGs
[2025-08-14T17:49:32.467+0000] {logging_mixin.py:188} INFO - [2025-08-14T17:49:32.467+0000] {dag.py:3834} INFO - Setting next_dagrun for example_kubernetes_executor to None, run_after=None
[2025-08-14T17:49:32.478+0000] {processor.py:183} INFO - Processing /home/airflow/.local/lib/python3.8/site-packages/airflow/example_dags/example_kubernetes_executor.py took 0.161 seconds
[2025-08-14T17:50:03.604+0000] {processor.py:161} INFO - Started process (PID=1555) to work on /home/airflow/.local/lib/python3.8/site-packages/airflow/example_dags/example_kubernetes_executor.py
[2025-08-14T17:50:03.605+0000] {processor.py:830} INFO - Processing file /home/airflow/.local/lib/python3.8/site-packages/airflow/example_dags/example_kubernetes_executor.py for tasks to queue
[2025-08-14T17:50:03.608+0000] {logging_mixin.py:188} INFO - [2025-08-14T17:50:03.608+0000] {dagbag.py:540} INFO - Filling up the DagBag from /home/airflow/.local/lib/python3.8/site-packages/airflow/example_dags/example_kubernetes_executor.py
[2025-08-14T17:50:03.732+0000] {processor.py:840} INFO - DAG(s) 'example_kubernetes_executor' retrieved from /home/airflow/.local/lib/python3.8/site-packages/airflow/example_dags/example_kubernetes_executor.py
[2025-08-14T17:50:03.880+0000] {logging_mixin.py:188} INFO - [2025-08-14T17:50:03.879+0000] {dag.py:3047} INFO - Sync 1 DAGs
[2025-08-14T17:50:03.897+0000] {logging_mixin.py:188} INFO - [2025-08-14T17:50:03.896+0000] {dag.py:3834} INFO - Setting next_dagrun for example_kubernetes_executor to None, run_after=None
[2025-08-14T17:50:03.959+0000] {processor.py:183} INFO - Processing /home/airflow/.local/lib/python3.8/site-packages/airflow/example_dags/example_kubernetes_executor.py took 0.358 seconds
[2025-08-14T17:50:34.801+0000] {processor.py:161} INFO - Started process (PID=1611) to work on /home/airflow/.local/lib/python3.8/site-packages/airflow/example_dags/example_kubernetes_executor.py
[2025-08-14T17:50:34.803+0000] {processor.py:830} INFO - Processing file /home/airflow/.local/lib/python3.8/site-packages/airflow/example_dags/example_kubernetes_executor.py for tasks to queue
[2025-08-14T17:50:34.804+0000] {logging_mixin.py:188} INFO - [2025-08-14T17:50:34.804+0000] {dagbag.py:540} INFO - Filling up the DagBag from /home/airflow/.local/lib/python3.8/site-packages/airflow/example_dags/example_kubernetes_executor.py
[2025-08-14T17:50:34.817+0000] {processor.py:840} INFO - DAG(s) 'example_kubernetes_executor' retrieved from /home/airflow/.local/lib/python3.8/site-packages/airflow/example_dags/example_kubernetes_executor.py
[2025-08-14T17:50:34.881+0000] {logging_mixin.py:188} INFO - [2025-08-14T17:50:34.881+0000] {dag.py:3047} INFO - Sync 1 DAGs
[2025-08-14T17:50:34.894+0000] {logging_mixin.py:188} INFO - [2025-08-14T17:50:34.894+0000] {dag.py:3834} INFO - Setting next_dagrun for example_kubernetes_executor to None, run_after=None
[2025-08-14T17:50:34.913+0000] {processor.py:183} INFO - Processing /home/airflow/.local/lib/python3.8/site-packages/airflow/example_dags/example_kubernetes_executor.py took 0.116 seconds
[2025-08-14T17:51:05.672+0000] {processor.py:161} INFO - Started process (PID=1667) to work on /home/airflow/.local/lib/python3.8/site-packages/airflow/example_dags/example_kubernetes_executor.py
[2025-08-14T17:51:05.675+0000] {processor.py:830} INFO - Processing file /home/airflow/.local/lib/python3.8/site-packages/airflow/example_dags/example_kubernetes_executor.py for tasks to queue
[2025-08-14T17:51:05.678+0000] {logging_mixin.py:188} INFO - [2025-08-14T17:51:05.677+0000] {dagbag.py:540} INFO - Filling up the DagBag from /home/airflow/.local/lib/python3.8/site-packages/airflow/example_dags/example_kubernetes_executor.py
[2025-08-14T17:51:05.698+0000] {processor.py:840} INFO - DAG(s) 'example_kubernetes_executor' retrieved from /home/airflow/.local/lib/python3.8/site-packages/airflow/example_dags/example_kubernetes_executor.py
[2025-08-14T17:51:05.729+0000] {logging_mixin.py:188} INFO - [2025-08-14T17:51:05.729+0000] {dag.py:3047} INFO - Sync 1 DAGs
[2025-08-14T17:51:05.739+0000] {logging_mixin.py:188} INFO - [2025-08-14T17:51:05.738+0000] {dag.py:3834} INFO - Setting next_dagrun for example_kubernetes_executor to None, run_after=None
[2025-08-14T17:51:05.755+0000] {processor.py:183} INFO - Processing /home/airflow/.local/lib/python3.8/site-packages/airflow/example_dags/example_kubernetes_executor.py took 0.087 seconds
[2025-08-14T17:51:36.272+0000] {processor.py:161} INFO - Started process (PID=1723) to work on /home/airflow/.local/lib/python3.8/site-packages/airflow/example_dags/example_kubernetes_executor.py
[2025-08-14T17:51:36.275+0000] {processor.py:830} INFO - Processing file /home/airflow/.local/lib/python3.8/site-packages/airflow/example_dags/example_kubernetes_executor.py for tasks to queue
[2025-08-14T17:51:36.282+0000] {logging_mixin.py:188} INFO - [2025-08-14T17:51:36.281+0000] {dagbag.py:540} INFO - Filling up the DagBag from /home/airflow/.local/lib/python3.8/site-packages/airflow/example_dags/example_kubernetes_executor.py
[2025-08-14T17:51:36.320+0000] {processor.py:840} INFO - DAG(s) 'example_kubernetes_executor' retrieved from /home/airflow/.local/lib/python3.8/site-packages/airflow/example_dags/example_kubernetes_executor.py
[2025-08-14T17:51:36.369+0000] {logging_mixin.py:188} INFO - [2025-08-14T17:51:36.369+0000] {dag.py:3047} INFO - Sync 1 DAGs
[2025-08-14T17:51:36.391+0000] {logging_mixin.py:188} INFO - [2025-08-14T17:51:36.391+0000] {dag.py:3834} INFO - Setting next_dagrun for example_kubernetes_executor to None, run_after=None
[2025-08-14T17:51:36.410+0000] {processor.py:183} INFO - Processing /home/airflow/.local/lib/python3.8/site-packages/airflow/example_dags/example_kubernetes_executor.py took 0.148 seconds
[2025-08-14T17:52:06.982+0000] {processor.py:161} INFO - Started process (PID=1779) to work on /home/airflow/.local/lib/python3.8/site-packages/airflow/example_dags/example_kubernetes_executor.py
[2025-08-14T17:52:06.985+0000] {processor.py:830} INFO - Processing file /home/airflow/.local/lib/python3.8/site-packages/airflow/example_dags/example_kubernetes_executor.py for tasks to queue
[2025-08-14T17:52:06.990+0000] {logging_mixin.py:188} INFO - [2025-08-14T17:52:06.989+0000] {dagbag.py:540} INFO - Filling up the DagBag from /home/airflow/.local/lib/python3.8/site-packages/airflow/example_dags/example_kubernetes_executor.py
[2025-08-14T17:52:07.014+0000] {processor.py:840} INFO - DAG(s) 'example_kubernetes_executor' retrieved from /home/airflow/.local/lib/python3.8/site-packages/airflow/example_dags/example_kubernetes_executor.py
[2025-08-14T17:52:07.061+0000] {logging_mixin.py:188} INFO - [2025-08-14T17:52:07.061+0000] {dag.py:3047} INFO - Sync 1 DAGs
[2025-08-14T17:52:07.071+0000] {logging_mixin.py:188} INFO - [2025-08-14T17:52:07.070+0000] {dag.py:3834} INFO - Setting next_dagrun for example_kubernetes_executor to None, run_after=None
[2025-08-14T17:52:07.085+0000] {processor.py:183} INFO - Processing /home/airflow/.local/lib/python3.8/site-packages/airflow/example_dags/example_kubernetes_executor.py took 0.111 seconds
[2025-08-14T17:52:37.109+0000] {processor.py:161} INFO - Started process (PID=1835) to work on /home/airflow/.local/lib/python3.8/site-packages/airflow/example_dags/example_kubernetes_executor.py
[2025-08-14T17:52:37.112+0000] {processor.py:830} INFO - Processing file /home/airflow/.local/lib/python3.8/site-packages/airflow/example_dags/example_kubernetes_executor.py for tasks to queue
[2025-08-14T17:52:37.115+0000] {logging_mixin.py:188} INFO - [2025-08-14T17:52:37.114+0000] {dagbag.py:540} INFO - Filling up the DagBag from /home/airflow/.local/lib/python3.8/site-packages/airflow/example_dags/example_kubernetes_executor.py
[2025-08-14T17:52:37.132+0000] {processor.py:840} INFO - DAG(s) 'example_kubernetes_executor' retrieved from /home/airflow/.local/lib/python3.8/site-packages/airflow/example_dags/example_kubernetes_executor.py
[2025-08-14T17:52:37.184+0000] {logging_mixin.py:188} INFO - [2025-08-14T17:52:37.184+0000] {dag.py:3047} INFO - Sync 1 DAGs
[2025-08-14T17:52:37.195+0000] {logging_mixin.py:188} INFO - [2025-08-14T17:52:37.195+0000] {dag.py:3834} INFO - Setting next_dagrun for example_kubernetes_executor to None, run_after=None
[2025-08-14T17:52:37.216+0000] {processor.py:183} INFO - Processing /home/airflow/.local/lib/python3.8/site-packages/airflow/example_dags/example_kubernetes_executor.py took 0.110 seconds
[2025-08-14T17:53:08.089+0000] {processor.py:161} INFO - Started process (PID=1891) to work on /home/airflow/.local/lib/python3.8/site-packages/airflow/example_dags/example_kubernetes_executor.py
[2025-08-14T17:53:08.093+0000] {processor.py:830} INFO - Processing file /home/airflow/.local/lib/python3.8/site-packages/airflow/example_dags/example_kubernetes_executor.py for tasks to queue
[2025-08-14T17:53:08.096+0000] {logging_mixin.py:188} INFO - [2025-08-14T17:53:08.096+0000] {dagbag.py:540} INFO - Filling up the DagBag from /home/airflow/.local/lib/python3.8/site-packages/airflow/example_dags/example_kubernetes_executor.py
[2025-08-14T17:53:08.115+0000] {processor.py:840} INFO - DAG(s) 'example_kubernetes_executor' retrieved from /home/airflow/.local/lib/python3.8/site-packages/airflow/example_dags/example_kubernetes_executor.py
[2025-08-14T17:53:08.204+0000] {logging_mixin.py:188} INFO - [2025-08-14T17:53:08.204+0000] {dag.py:3047} INFO - Sync 1 DAGs
[2025-08-14T17:53:08.214+0000] {logging_mixin.py:188} INFO - [2025-08-14T17:53:08.214+0000] {dag.py:3834} INFO - Setting next_dagrun for example_kubernetes_executor to None, run_after=None
[2025-08-14T17:53:08.233+0000] {processor.py:183} INFO - Processing /home/airflow/.local/lib/python3.8/site-packages/airflow/example_dags/example_kubernetes_executor.py took 0.150 seconds
[2025-08-14T17:53:38.294+0000] {processor.py:161} INFO - Started process (PID=1947) to work on /home/airflow/.local/lib/python3.8/site-packages/airflow/example_dags/example_kubernetes_executor.py
[2025-08-14T17:53:38.297+0000] {processor.py:830} INFO - Processing file /home/airflow/.local/lib/python3.8/site-packages/airflow/example_dags/example_kubernetes_executor.py for tasks to queue
[2025-08-14T17:53:38.299+0000] {logging_mixin.py:188} INFO - [2025-08-14T17:53:38.299+0000] {dagbag.py:540} INFO - Filling up the DagBag from /home/airflow/.local/lib/python3.8/site-packages/airflow/example_dags/example_kubernetes_executor.py
[2025-08-14T17:53:38.319+0000] {processor.py:840} INFO - DAG(s) 'example_kubernetes_executor' retrieved from /home/airflow/.local/lib/python3.8/site-packages/airflow/example_dags/example_kubernetes_executor.py
[2025-08-14T17:53:38.350+0000] {logging_mixin.py:188} INFO - [2025-08-14T17:53:38.349+0000] {dag.py:3047} INFO - Sync 1 DAGs
[2025-08-14T17:53:38.360+0000] {logging_mixin.py:188} INFO - [2025-08-14T17:53:38.360+0000] {dag.py:3834} INFO - Setting next_dagrun for example_kubernetes_executor to None, run_after=None
[2025-08-14T17:53:38.372+0000] {processor.py:183} INFO - Processing /home/airflow/.local/lib/python3.8/site-packages/airflow/example_dags/example_kubernetes_executor.py took 0.083 seconds
[2025-08-14T17:54:08.538+0000] {processor.py:161} INFO - Started process (PID=2003) to work on /home/airflow/.local/lib/python3.8/site-packages/airflow/example_dags/example_kubernetes_executor.py
[2025-08-14T17:54:08.540+0000] {processor.py:830} INFO - Processing file /home/airflow/.local/lib/python3.8/site-packages/airflow/example_dags/example_kubernetes_executor.py for tasks to queue
[2025-08-14T17:54:08.543+0000] {logging_mixin.py:188} INFO - [2025-08-14T17:54:08.543+0000] {dagbag.py:540} INFO - Filling up the DagBag from /home/airflow/.local/lib/python3.8/site-packages/airflow/example_dags/example_kubernetes_executor.py
[2025-08-14T17:54:08.567+0000] {processor.py:840} INFO - DAG(s) 'example_kubernetes_executor' retrieved from /home/airflow/.local/lib/python3.8/site-packages/airflow/example_dags/example_kubernetes_executor.py
[2025-08-14T17:54:08.602+0000] {logging_mixin.py:188} INFO - [2025-08-14T17:54:08.602+0000] {dag.py:3047} INFO - Sync 1 DAGs
[2025-08-14T17:54:08.622+0000] {logging_mixin.py:188} INFO - [2025-08-14T17:54:08.622+0000] {dag.py:3834} INFO - Setting next_dagrun for example_kubernetes_executor to None, run_after=None
[2025-08-14T17:54:08.641+0000] {processor.py:183} INFO - Processing /home/airflow/.local/lib/python3.8/site-packages/airflow/example_dags/example_kubernetes_executor.py took 0.109 seconds
[2025-08-14T17:54:38.882+0000] {processor.py:161} INFO - Started process (PID=2059) to work on /home/airflow/.local/lib/python3.8/site-packages/airflow/example_dags/example_kubernetes_executor.py
[2025-08-14T17:54:38.885+0000] {processor.py:830} INFO - Processing file /home/airflow/.local/lib/python3.8/site-packages/airflow/example_dags/example_kubernetes_executor.py for tasks to queue
[2025-08-14T17:54:38.889+0000] {logging_mixin.py:188} INFO - [2025-08-14T17:54:38.888+0000] {dagbag.py:540} INFO - Filling up the DagBag from /home/airflow/.local/lib/python3.8/site-packages/airflow/example_dags/example_kubernetes_executor.py
[2025-08-14T17:54:38.908+0000] {processor.py:840} INFO - DAG(s) 'example_kubernetes_executor' retrieved from /home/airflow/.local/lib/python3.8/site-packages/airflow/example_dags/example_kubernetes_executor.py
[2025-08-14T17:54:38.951+0000] {logging_mixin.py:188} INFO - [2025-08-14T17:54:38.951+0000] {dag.py:3047} INFO - Sync 1 DAGs
[2025-08-14T17:54:38.961+0000] {logging_mixin.py:188} INFO - [2025-08-14T17:54:38.960+0000] {dag.py:3834} INFO - Setting next_dagrun for example_kubernetes_executor to None, run_after=None
[2025-08-14T17:54:38.993+0000] {processor.py:183} INFO - Processing /home/airflow/.local/lib/python3.8/site-packages/airflow/example_dags/example_kubernetes_executor.py took 0.116 seconds
[2025-08-14T17:55:09.484+0000] {processor.py:161} INFO - Started process (PID=2115) to work on /home/airflow/.local/lib/python3.8/site-packages/airflow/example_dags/example_kubernetes_executor.py
[2025-08-14T17:55:09.488+0000] {processor.py:830} INFO - Processing file /home/airflow/.local/lib/python3.8/site-packages/airflow/example_dags/example_kubernetes_executor.py for tasks to queue
[2025-08-14T17:55:09.493+0000] {logging_mixin.py:188} INFO - [2025-08-14T17:55:09.492+0000] {dagbag.py:540} INFO - Filling up the DagBag from /home/airflow/.local/lib/python3.8/site-packages/airflow/example_dags/example_kubernetes_executor.py
[2025-08-14T17:55:09.511+0000] {processor.py:840} INFO - DAG(s) 'example_kubernetes_executor' retrieved from /home/airflow/.local/lib/python3.8/site-packages/airflow/example_dags/example_kubernetes_executor.py
[2025-08-14T17:55:09.554+0000] {logging_mixin.py:188} INFO - [2025-08-14T17:55:09.554+0000] {dag.py:3047} INFO - Sync 1 DAGs
[2025-08-14T17:55:09.562+0000] {logging_mixin.py:188} INFO - [2025-08-14T17:55:09.562+0000] {dag.py:3834} INFO - Setting next_dagrun for example_kubernetes_executor to None, run_after=None
[2025-08-14T17:55:09.576+0000] {processor.py:183} INFO - Processing /home/airflow/.local/lib/python3.8/site-packages/airflow/example_dags/example_kubernetes_executor.py took 0.116 seconds
[2025-08-14T17:55:40.042+0000] {processor.py:161} INFO - Started process (PID=2171) to work on /home/airflow/.local/lib/python3.8/site-packages/airflow/example_dags/example_kubernetes_executor.py
[2025-08-14T17:55:40.044+0000] {processor.py:830} INFO - Processing file /home/airflow/.local/lib/python3.8/site-packages/airflow/example_dags/example_kubernetes_executor.py for tasks to queue
[2025-08-14T17:55:40.046+0000] {logging_mixin.py:188} INFO - [2025-08-14T17:55:40.046+0000] {dagbag.py:540} INFO - Filling up the DagBag from /home/airflow/.local/lib/python3.8/site-packages/airflow/example_dags/example_kubernetes_executor.py
[2025-08-14T17:55:40.060+0000] {processor.py:840} INFO - DAG(s) 'example_kubernetes_executor' retrieved from /home/airflow/.local/lib/python3.8/site-packages/airflow/example_dags/example_kubernetes_executor.py
[2025-08-14T17:55:40.109+0000] {logging_mixin.py:188} INFO - [2025-08-14T17:55:40.108+0000] {dag.py:3047} INFO - Sync 1 DAGs
[2025-08-14T17:55:40.122+0000] {logging_mixin.py:188} INFO - [2025-08-14T17:55:40.122+0000] {dag.py:3834} INFO - Setting next_dagrun for example_kubernetes_executor to None, run_after=None
[2025-08-14T17:55:40.144+0000] {processor.py:183} INFO - Processing /home/airflow/.local/lib/python3.8/site-packages/airflow/example_dags/example_kubernetes_executor.py took 0.104 seconds
[2025-08-14T17:56:10.622+0000] {processor.py:161} INFO - Started process (PID=2227) to work on /home/airflow/.local/lib/python3.8/site-packages/airflow/example_dags/example_kubernetes_executor.py
[2025-08-14T17:56:10.624+0000] {processor.py:830} INFO - Processing file /home/airflow/.local/lib/python3.8/site-packages/airflow/example_dags/example_kubernetes_executor.py for tasks to queue
[2025-08-14T17:56:10.627+0000] {logging_mixin.py:188} INFO - [2025-08-14T17:56:10.626+0000] {dagbag.py:540} INFO - Filling up the DagBag from /home/airflow/.local/lib/python3.8/site-packages/airflow/example_dags/example_kubernetes_executor.py
[2025-08-14T17:56:10.647+0000] {processor.py:840} INFO - DAG(s) 'example_kubernetes_executor' retrieved from /home/airflow/.local/lib/python3.8/site-packages/airflow/example_dags/example_kubernetes_executor.py
[2025-08-14T17:56:10.698+0000] {logging_mixin.py:188} INFO - [2025-08-14T17:56:10.698+0000] {dag.py:3047} INFO - Sync 1 DAGs
[2025-08-14T17:56:10.708+0000] {logging_mixin.py:188} INFO - [2025-08-14T17:56:10.707+0000] {dag.py:3834} INFO - Setting next_dagrun for example_kubernetes_executor to None, run_after=None
[2025-08-14T17:56:10.722+0000] {processor.py:183} INFO - Processing /home/airflow/.local/lib/python3.8/site-packages/airflow/example_dags/example_kubernetes_executor.py took 0.105 seconds
[2025-08-14T17:56:40.911+0000] {processor.py:161} INFO - Started process (PID=2283) to work on /home/airflow/.local/lib/python3.8/site-packages/airflow/example_dags/example_kubernetes_executor.py
[2025-08-14T17:56:40.913+0000] {processor.py:830} INFO - Processing file /home/airflow/.local/lib/python3.8/site-packages/airflow/example_dags/example_kubernetes_executor.py for tasks to queue
[2025-08-14T17:56:40.916+0000] {logging_mixin.py:188} INFO - [2025-08-14T17:56:40.915+0000] {dagbag.py:540} INFO - Filling up the DagBag from /home/airflow/.local/lib/python3.8/site-packages/airflow/example_dags/example_kubernetes_executor.py
[2025-08-14T17:56:40.934+0000] {processor.py:840} INFO - DAG(s) 'example_kubernetes_executor' retrieved from /home/airflow/.local/lib/python3.8/site-packages/airflow/example_dags/example_kubernetes_executor.py
[2025-08-14T17:56:40.968+0000] {logging_mixin.py:188} INFO - [2025-08-14T17:56:40.968+0000] {dag.py:3047} INFO - Sync 1 DAGs
[2025-08-14T17:56:40.975+0000] {logging_mixin.py:188} INFO - [2025-08-14T17:56:40.975+0000] {dag.py:3834} INFO - Setting next_dagrun for example_kubernetes_executor to None, run_after=None
[2025-08-14T17:56:40.988+0000] {processor.py:183} INFO - Processing /home/airflow/.local/lib/python3.8/site-packages/airflow/example_dags/example_kubernetes_executor.py took 0.081 seconds
[2025-08-14T17:57:11.311+0000] {processor.py:161} INFO - Started process (PID=2339) to work on /home/airflow/.local/lib/python3.8/site-packages/airflow/example_dags/example_kubernetes_executor.py
[2025-08-14T17:57:11.313+0000] {processor.py:830} INFO - Processing file /home/airflow/.local/lib/python3.8/site-packages/airflow/example_dags/example_kubernetes_executor.py for tasks to queue
[2025-08-14T17:57:11.315+0000] {logging_mixin.py:188} INFO - [2025-08-14T17:57:11.315+0000] {dagbag.py:540} INFO - Filling up the DagBag from /home/airflow/.local/lib/python3.8/site-packages/airflow/example_dags/example_kubernetes_executor.py
[2025-08-14T17:57:11.334+0000] {processor.py:840} INFO - DAG(s) 'example_kubernetes_executor' retrieved from /home/airflow/.local/lib/python3.8/site-packages/airflow/example_dags/example_kubernetes_executor.py
[2025-08-14T17:57:11.369+0000] {logging_mixin.py:188} INFO - [2025-08-14T17:57:11.369+0000] {dag.py:3047} INFO - Sync 1 DAGs
[2025-08-14T17:57:11.376+0000] {logging_mixin.py:188} INFO - [2025-08-14T17:57:11.376+0000] {dag.py:3834} INFO - Setting next_dagrun for example_kubernetes_executor to None, run_after=None
[2025-08-14T17:57:11.389+0000] {processor.py:183} INFO - Processing /home/airflow/.local/lib/python3.8/site-packages/airflow/example_dags/example_kubernetes_executor.py took 0.083 seconds
[2025-08-14T17:57:41.771+0000] {processor.py:161} INFO - Started process (PID=2395) to work on /home/airflow/.local/lib/python3.8/site-packages/airflow/example_dags/example_kubernetes_executor.py
[2025-08-14T17:57:41.774+0000] {processor.py:830} INFO - Processing file /home/airflow/.local/lib/python3.8/site-packages/airflow/example_dags/example_kubernetes_executor.py for tasks to queue
[2025-08-14T17:57:41.777+0000] {logging_mixin.py:188} INFO - [2025-08-14T17:57:41.777+0000] {dagbag.py:540} INFO - Filling up the DagBag from /home/airflow/.local/lib/python3.8/site-packages/airflow/example_dags/example_kubernetes_executor.py
[2025-08-14T17:57:41.798+0000] {processor.py:840} INFO - DAG(s) 'example_kubernetes_executor' retrieved from /home/airflow/.local/lib/python3.8/site-packages/airflow/example_dags/example_kubernetes_executor.py
[2025-08-14T17:57:41.836+0000] {logging_mixin.py:188} INFO - [2025-08-14T17:57:41.836+0000] {dag.py:3047} INFO - Sync 1 DAGs
[2025-08-14T17:57:41.844+0000] {logging_mixin.py:188} INFO - [2025-08-14T17:57:41.844+0000] {dag.py:3834} INFO - Setting next_dagrun for example_kubernetes_executor to None, run_after=None
[2025-08-14T17:57:41.858+0000] {processor.py:183} INFO - Processing /home/airflow/.local/lib/python3.8/site-packages/airflow/example_dags/example_kubernetes_executor.py took 0.094 seconds
[2025-08-14T17:58:12.651+0000] {processor.py:161} INFO - Started process (PID=2451) to work on /home/airflow/.local/lib/python3.8/site-packages/airflow/example_dags/example_kubernetes_executor.py
[2025-08-14T17:58:12.652+0000] {processor.py:830} INFO - Processing file /home/airflow/.local/lib/python3.8/site-packages/airflow/example_dags/example_kubernetes_executor.py for tasks to queue
[2025-08-14T17:58:12.653+0000] {logging_mixin.py:188} INFO - [2025-08-14T17:58:12.653+0000] {dagbag.py:540} INFO - Filling up the DagBag from /home/airflow/.local/lib/python3.8/site-packages/airflow/example_dags/example_kubernetes_executor.py
[2025-08-14T17:58:12.669+0000] {processor.py:840} INFO - DAG(s) 'example_kubernetes_executor' retrieved from /home/airflow/.local/lib/python3.8/site-packages/airflow/example_dags/example_kubernetes_executor.py
[2025-08-14T17:58:12.707+0000] {logging_mixin.py:188} INFO - [2025-08-14T17:58:12.706+0000] {dag.py:3047} INFO - Sync 1 DAGs
[2025-08-14T17:58:12.714+0000] {logging_mixin.py:188} INFO - [2025-08-14T17:58:12.714+0000] {dag.py:3834} INFO - Setting next_dagrun for example_kubernetes_executor to None, run_after=None
[2025-08-14T17:58:12.728+0000] {processor.py:183} INFO - Processing /home/airflow/.local/lib/python3.8/site-packages/airflow/example_dags/example_kubernetes_executor.py took 0.080 seconds
[2025-08-14T17:58:43.570+0000] {processor.py:161} INFO - Started process (PID=2507) to work on /home/airflow/.local/lib/python3.8/site-packages/airflow/example_dags/example_kubernetes_executor.py
[2025-08-14T17:58:43.572+0000] {processor.py:830} INFO - Processing file /home/airflow/.local/lib/python3.8/site-packages/airflow/example_dags/example_kubernetes_executor.py for tasks to queue
[2025-08-14T17:58:43.575+0000] {logging_mixin.py:188} INFO - [2025-08-14T17:58:43.574+0000] {dagbag.py:540} INFO - Filling up the DagBag from /home/airflow/.local/lib/python3.8/site-packages/airflow/example_dags/example_kubernetes_executor.py
[2025-08-14T17:58:43.595+0000] {processor.py:840} INFO - DAG(s) 'example_kubernetes_executor' retrieved from /home/airflow/.local/lib/python3.8/site-packages/airflow/example_dags/example_kubernetes_executor.py
[2025-08-14T17:58:43.673+0000] {logging_mixin.py:188} INFO - [2025-08-14T17:58:43.673+0000] {dag.py:3047} INFO - Sync 1 DAGs
[2025-08-14T17:58:43.685+0000] {logging_mixin.py:188} INFO - [2025-08-14T17:58:43.685+0000] {dag.py:3834} INFO - Setting next_dagrun for example_kubernetes_executor to None, run_after=None
[2025-08-14T17:58:43.711+0000] {processor.py:183} INFO - Processing /home/airflow/.local/lib/python3.8/site-packages/airflow/example_dags/example_kubernetes_executor.py took 0.147 seconds
[2025-08-14T17:59:13.844+0000] {processor.py:161} INFO - Started process (PID=2563) to work on /home/airflow/.local/lib/python3.8/site-packages/airflow/example_dags/example_kubernetes_executor.py
[2025-08-14T17:59:13.847+0000] {processor.py:830} INFO - Processing file /home/airflow/.local/lib/python3.8/site-packages/airflow/example_dags/example_kubernetes_executor.py for tasks to queue
[2025-08-14T17:59:13.850+0000] {logging_mixin.py:188} INFO - [2025-08-14T17:59:13.850+0000] {dagbag.py:540} INFO - Filling up the DagBag from /home/airflow/.local/lib/python3.8/site-packages/airflow/example_dags/example_kubernetes_executor.py
[2025-08-14T17:59:13.883+0000] {processor.py:840} INFO - DAG(s) 'example_kubernetes_executor' retrieved from /home/airflow/.local/lib/python3.8/site-packages/airflow/example_dags/example_kubernetes_executor.py
[2025-08-14T17:59:13.938+0000] {logging_mixin.py:188} INFO - [2025-08-14T17:59:13.938+0000] {dag.py:3047} INFO - Sync 1 DAGs
[2025-08-14T17:59:13.948+0000] {logging_mixin.py:188} INFO - [2025-08-14T17:59:13.948+0000] {dag.py:3834} INFO - Setting next_dagrun for example_kubernetes_executor to None, run_after=None
[2025-08-14T17:59:13.969+0000] {processor.py:183} INFO - Processing /home/airflow/.local/lib/python3.8/site-packages/airflow/example_dags/example_kubernetes_executor.py took 0.131 seconds
[2025-08-14T17:59:44.989+0000] {processor.py:161} INFO - Started process (PID=2619) to work on /home/airflow/.local/lib/python3.8/site-packages/airflow/example_dags/example_kubernetes_executor.py
[2025-08-14T17:59:44.991+0000] {processor.py:830} INFO - Processing file /home/airflow/.local/lib/python3.8/site-packages/airflow/example_dags/example_kubernetes_executor.py for tasks to queue
[2025-08-14T17:59:44.994+0000] {logging_mixin.py:188} INFO - [2025-08-14T17:59:44.994+0000] {dagbag.py:540} INFO - Filling up the DagBag from /home/airflow/.local/lib/python3.8/site-packages/airflow/example_dags/example_kubernetes_executor.py
[2025-08-14T17:59:45.010+0000] {processor.py:840} INFO - DAG(s) 'example_kubernetes_executor' retrieved from /home/airflow/.local/lib/python3.8/site-packages/airflow/example_dags/example_kubernetes_executor.py
[2025-08-14T17:59:45.062+0000] {logging_mixin.py:188} INFO - [2025-08-14T17:59:45.062+0000] {dag.py:3047} INFO - Sync 1 DAGs
[2025-08-14T17:59:45.071+0000] {logging_mixin.py:188} INFO - [2025-08-14T17:59:45.071+0000] {dag.py:3834} INFO - Setting next_dagrun for example_kubernetes_executor to None, run_after=None
[2025-08-14T17:59:45.084+0000] {processor.py:183} INFO - Processing /home/airflow/.local/lib/python3.8/site-packages/airflow/example_dags/example_kubernetes_executor.py took 0.103 seconds
[2025-08-14T18:00:15.545+0000] {processor.py:161} INFO - Started process (PID=2674) to work on /home/airflow/.local/lib/python3.8/site-packages/airflow/example_dags/example_kubernetes_executor.py
[2025-08-14T18:00:15.556+0000] {processor.py:830} INFO - Processing file /home/airflow/.local/lib/python3.8/site-packages/airflow/example_dags/example_kubernetes_executor.py for tasks to queue
[2025-08-14T18:00:15.573+0000] {logging_mixin.py:188} INFO - [2025-08-14T18:00:15.572+0000] {dagbag.py:540} INFO - Filling up the DagBag from /home/airflow/.local/lib/python3.8/site-packages/airflow/example_dags/example_kubernetes_executor.py
[2025-08-14T18:00:15.598+0000] {processor.py:840} INFO - DAG(s) 'example_kubernetes_executor' retrieved from /home/airflow/.local/lib/python3.8/site-packages/airflow/example_dags/example_kubernetes_executor.py
[2025-08-14T18:00:15.656+0000] {logging_mixin.py:188} INFO - [2025-08-14T18:00:15.656+0000] {dag.py:3047} INFO - Sync 1 DAGs
[2025-08-14T18:00:15.679+0000] {logging_mixin.py:188} INFO - [2025-08-14T18:00:15.679+0000] {dag.py:3834} INFO - Setting next_dagrun for example_kubernetes_executor to None, run_after=None
[2025-08-14T18:00:15.696+0000] {processor.py:183} INFO - Processing /home/airflow/.local/lib/python3.8/site-packages/airflow/example_dags/example_kubernetes_executor.py took 0.158 seconds
[2025-08-14T18:00:45.787+0000] {processor.py:161} INFO - Started process (PID=2730) to work on /home/airflow/.local/lib/python3.8/site-packages/airflow/example_dags/example_kubernetes_executor.py
[2025-08-14T18:00:45.790+0000] {processor.py:830} INFO - Processing file /home/airflow/.local/lib/python3.8/site-packages/airflow/example_dags/example_kubernetes_executor.py for tasks to queue
[2025-08-14T18:00:45.792+0000] {logging_mixin.py:188} INFO - [2025-08-14T18:00:45.791+0000] {dagbag.py:540} INFO - Filling up the DagBag from /home/airflow/.local/lib/python3.8/site-packages/airflow/example_dags/example_kubernetes_executor.py
[2025-08-14T18:00:45.812+0000] {processor.py:840} INFO - DAG(s) 'example_kubernetes_executor' retrieved from /home/airflow/.local/lib/python3.8/site-packages/airflow/example_dags/example_kubernetes_executor.py
[2025-08-14T18:00:45.846+0000] {logging_mixin.py:188} INFO - [2025-08-14T18:00:45.846+0000] {dag.py:3047} INFO - Sync 1 DAGs
[2025-08-14T18:00:45.855+0000] {logging_mixin.py:188} INFO - [2025-08-14T18:00:45.855+0000] {dag.py:3834} INFO - Setting next_dagrun for example_kubernetes_executor to None, run_after=None
[2025-08-14T18:00:45.871+0000] {processor.py:183} INFO - Processing /home/airflow/.local/lib/python3.8/site-packages/airflow/example_dags/example_kubernetes_executor.py took 0.097 seconds
[2025-08-14T18:01:16.102+0000] {processor.py:161} INFO - Started process (PID=2786) to work on /home/airflow/.local/lib/python3.8/site-packages/airflow/example_dags/example_kubernetes_executor.py
[2025-08-14T18:01:16.105+0000] {processor.py:830} INFO - Processing file /home/airflow/.local/lib/python3.8/site-packages/airflow/example_dags/example_kubernetes_executor.py for tasks to queue
[2025-08-14T18:01:16.109+0000] {logging_mixin.py:188} INFO - [2025-08-14T18:01:16.109+0000] {dagbag.py:540} INFO - Filling up the DagBag from /home/airflow/.local/lib/python3.8/site-packages/airflow/example_dags/example_kubernetes_executor.py
[2025-08-14T18:01:16.129+0000] {processor.py:840} INFO - DAG(s) 'example_kubernetes_executor' retrieved from /home/airflow/.local/lib/python3.8/site-packages/airflow/example_dags/example_kubernetes_executor.py
[2025-08-14T18:01:16.177+0000] {logging_mixin.py:188} INFO - [2025-08-14T18:01:16.177+0000] {dag.py:3047} INFO - Sync 1 DAGs
[2025-08-14T18:01:16.188+0000] {logging_mixin.py:188} INFO - [2025-08-14T18:01:16.188+0000] {dag.py:3834} INFO - Setting next_dagrun for example_kubernetes_executor to None, run_after=None
[2025-08-14T18:01:16.206+0000] {processor.py:183} INFO - Processing /home/airflow/.local/lib/python3.8/site-packages/airflow/example_dags/example_kubernetes_executor.py took 0.110 seconds
[2025-08-14T18:01:46.667+0000] {processor.py:161} INFO - Started process (PID=2842) to work on /home/airflow/.local/lib/python3.8/site-packages/airflow/example_dags/example_kubernetes_executor.py
[2025-08-14T18:01:46.669+0000] {processor.py:830} INFO - Processing file /home/airflow/.local/lib/python3.8/site-packages/airflow/example_dags/example_kubernetes_executor.py for tasks to queue
[2025-08-14T18:01:46.671+0000] {logging_mixin.py:188} INFO - [2025-08-14T18:01:46.670+0000] {dagbag.py:540} INFO - Filling up the DagBag from /home/airflow/.local/lib/python3.8/site-packages/airflow/example_dags/example_kubernetes_executor.py
[2025-08-14T18:01:46.697+0000] {processor.py:840} INFO - DAG(s) 'example_kubernetes_executor' retrieved from /home/airflow/.local/lib/python3.8/site-packages/airflow/example_dags/example_kubernetes_executor.py
[2025-08-14T18:01:46.747+0000] {logging_mixin.py:188} INFO - [2025-08-14T18:01:46.746+0000] {dag.py:3047} INFO - Sync 1 DAGs
[2025-08-14T18:01:46.769+0000] {logging_mixin.py:188} INFO - [2025-08-14T18:01:46.769+0000] {dag.py:3834} INFO - Setting next_dagrun for example_kubernetes_executor to None, run_after=None
[2025-08-14T18:01:46.791+0000] {processor.py:183} INFO - Processing /home/airflow/.local/lib/python3.8/site-packages/airflow/example_dags/example_kubernetes_executor.py took 0.130 seconds
[2025-08-14T18:02:17.288+0000] {processor.py:161} INFO - Started process (PID=2898) to work on /home/airflow/.local/lib/python3.8/site-packages/airflow/example_dags/example_kubernetes_executor.py
[2025-08-14T18:02:17.291+0000] {processor.py:830} INFO - Processing file /home/airflow/.local/lib/python3.8/site-packages/airflow/example_dags/example_kubernetes_executor.py for tasks to queue
[2025-08-14T18:02:17.294+0000] {logging_mixin.py:188} INFO - [2025-08-14T18:02:17.293+0000] {dagbag.py:540} INFO - Filling up the DagBag from /home/airflow/.local/lib/python3.8/site-packages/airflow/example_dags/example_kubernetes_executor.py
[2025-08-14T18:02:17.319+0000] {processor.py:840} INFO - DAG(s) 'example_kubernetes_executor' retrieved from /home/airflow/.local/lib/python3.8/site-packages/airflow/example_dags/example_kubernetes_executor.py
[2025-08-14T18:02:17.372+0000] {logging_mixin.py:188} INFO - [2025-08-14T18:02:17.372+0000] {dag.py:3047} INFO - Sync 1 DAGs
[2025-08-14T18:02:17.382+0000] {logging_mixin.py:188} INFO - [2025-08-14T18:02:17.382+0000] {dag.py:3834} INFO - Setting next_dagrun for example_kubernetes_executor to None, run_after=None
[2025-08-14T18:02:17.401+0000] {processor.py:183} INFO - Processing /home/airflow/.local/lib/python3.8/site-packages/airflow/example_dags/example_kubernetes_executor.py took 0.119 seconds
[2025-08-14T18:02:48.106+0000] {processor.py:161} INFO - Started process (PID=2954) to work on /home/airflow/.local/lib/python3.8/site-packages/airflow/example_dags/example_kubernetes_executor.py
[2025-08-14T18:02:48.109+0000] {processor.py:830} INFO - Processing file /home/airflow/.local/lib/python3.8/site-packages/airflow/example_dags/example_kubernetes_executor.py for tasks to queue
[2025-08-14T18:02:48.114+0000] {logging_mixin.py:188} INFO - [2025-08-14T18:02:48.113+0000] {dagbag.py:540} INFO - Filling up the DagBag from /home/airflow/.local/lib/python3.8/site-packages/airflow/example_dags/example_kubernetes_executor.py
[2025-08-14T18:02:48.148+0000] {processor.py:840} INFO - DAG(s) 'example_kubernetes_executor' retrieved from /home/airflow/.local/lib/python3.8/site-packages/airflow/example_dags/example_kubernetes_executor.py
[2025-08-14T18:02:48.191+0000] {logging_mixin.py:188} INFO - [2025-08-14T18:02:48.191+0000] {dag.py:3047} INFO - Sync 1 DAGs
[2025-08-14T18:02:48.208+0000] {logging_mixin.py:188} INFO - [2025-08-14T18:02:48.208+0000] {dag.py:3834} INFO - Setting next_dagrun for example_kubernetes_executor to None, run_after=None
[2025-08-14T18:02:48.227+0000] {processor.py:183} INFO - Processing /home/airflow/.local/lib/python3.8/site-packages/airflow/example_dags/example_kubernetes_executor.py took 0.133 seconds
[2025-08-14T18:03:19.240+0000] {processor.py:161} INFO - Started process (PID=3010) to work on /home/airflow/.local/lib/python3.8/site-packages/airflow/example_dags/example_kubernetes_executor.py
[2025-08-14T18:03:19.246+0000] {processor.py:830} INFO - Processing file /home/airflow/.local/lib/python3.8/site-packages/airflow/example_dags/example_kubernetes_executor.py for tasks to queue
[2025-08-14T18:03:19.252+0000] {logging_mixin.py:188} INFO - [2025-08-14T18:03:19.252+0000] {dagbag.py:540} INFO - Filling up the DagBag from /home/airflow/.local/lib/python3.8/site-packages/airflow/example_dags/example_kubernetes_executor.py
[2025-08-14T18:03:19.278+0000] {processor.py:840} INFO - DAG(s) 'example_kubernetes_executor' retrieved from /home/airflow/.local/lib/python3.8/site-packages/airflow/example_dags/example_kubernetes_executor.py
[2025-08-14T18:03:19.337+0000] {logging_mixin.py:188} INFO - [2025-08-14T18:03:19.337+0000] {dag.py:3047} INFO - Sync 1 DAGs
[2025-08-14T18:03:19.346+0000] {logging_mixin.py:188} INFO - [2025-08-14T18:03:19.346+0000] {dag.py:3834} INFO - Setting next_dagrun for example_kubernetes_executor to None, run_after=None
[2025-08-14T18:03:19.364+0000] {processor.py:183} INFO - Processing /home/airflow/.local/lib/python3.8/site-packages/airflow/example_dags/example_kubernetes_executor.py took 0.146 seconds
[2025-08-14T18:03:50.419+0000] {processor.py:161} INFO - Started process (PID=3072) to work on /home/airflow/.local/lib/python3.8/site-packages/airflow/example_dags/example_kubernetes_executor.py
[2025-08-14T18:03:50.423+0000] {processor.py:830} INFO - Processing file /home/airflow/.local/lib/python3.8/site-packages/airflow/example_dags/example_kubernetes_executor.py for tasks to queue
[2025-08-14T18:03:50.428+0000] {logging_mixin.py:188} INFO - [2025-08-14T18:03:50.427+0000] {dagbag.py:540} INFO - Filling up the DagBag from /home/airflow/.local/lib/python3.8/site-packages/airflow/example_dags/example_kubernetes_executor.py
[2025-08-14T18:03:50.461+0000] {processor.py:840} INFO - DAG(s) 'example_kubernetes_executor' retrieved from /home/airflow/.local/lib/python3.8/site-packages/airflow/example_dags/example_kubernetes_executor.py
[2025-08-14T18:03:50.497+0000] {logging_mixin.py:188} INFO - [2025-08-14T18:03:50.497+0000] {dag.py:3047} INFO - Sync 1 DAGs
[2025-08-14T18:03:50.507+0000] {logging_mixin.py:188} INFO - [2025-08-14T18:03:50.506+0000] {dag.py:3834} INFO - Setting next_dagrun for example_kubernetes_executor to None, run_after=None
[2025-08-14T18:03:50.524+0000] {processor.py:183} INFO - Processing /home/airflow/.local/lib/python3.8/site-packages/airflow/example_dags/example_kubernetes_executor.py took 0.115 seconds
[2025-08-14T18:04:21.152+0000] {processor.py:161} INFO - Started process (PID=3128) to work on /home/airflow/.local/lib/python3.8/site-packages/airflow/example_dags/example_kubernetes_executor.py
[2025-08-14T18:04:21.166+0000] {processor.py:830} INFO - Processing file /home/airflow/.local/lib/python3.8/site-packages/airflow/example_dags/example_kubernetes_executor.py for tasks to queue
[2025-08-14T18:04:21.172+0000] {logging_mixin.py:188} INFO - [2025-08-14T18:04:21.170+0000] {dagbag.py:540} INFO - Filling up the DagBag from /home/airflow/.local/lib/python3.8/site-packages/airflow/example_dags/example_kubernetes_executor.py
[2025-08-14T18:04:21.204+0000] {processor.py:840} INFO - DAG(s) 'example_kubernetes_executor' retrieved from /home/airflow/.local/lib/python3.8/site-packages/airflow/example_dags/example_kubernetes_executor.py
[2025-08-14T18:04:21.252+0000] {logging_mixin.py:188} INFO - [2025-08-14T18:04:21.252+0000] {dag.py:3047} INFO - Sync 1 DAGs
[2025-08-14T18:04:21.261+0000] {logging_mixin.py:188} INFO - [2025-08-14T18:04:21.261+0000] {dag.py:3834} INFO - Setting next_dagrun for example_kubernetes_executor to None, run_after=None
[2025-08-14T18:04:21.281+0000] {processor.py:183} INFO - Processing /home/airflow/.local/lib/python3.8/site-packages/airflow/example_dags/example_kubernetes_executor.py took 0.139 seconds
[2025-08-14T18:04:51.673+0000] {processor.py:161} INFO - Started process (PID=3184) to work on /home/airflow/.local/lib/python3.8/site-packages/airflow/example_dags/example_kubernetes_executor.py
[2025-08-14T18:04:51.679+0000] {processor.py:830} INFO - Processing file /home/airflow/.local/lib/python3.8/site-packages/airflow/example_dags/example_kubernetes_executor.py for tasks to queue
[2025-08-14T18:04:51.685+0000] {logging_mixin.py:188} INFO - [2025-08-14T18:04:51.684+0000] {dagbag.py:540} INFO - Filling up the DagBag from /home/airflow/.local/lib/python3.8/site-packages/airflow/example_dags/example_kubernetes_executor.py
[2025-08-14T18:04:51.710+0000] {processor.py:840} INFO - DAG(s) 'example_kubernetes_executor' retrieved from /home/airflow/.local/lib/python3.8/site-packages/airflow/example_dags/example_kubernetes_executor.py
[2025-08-14T18:04:51.760+0000] {logging_mixin.py:188} INFO - [2025-08-14T18:04:51.760+0000] {dag.py:3047} INFO - Sync 1 DAGs
[2025-08-14T18:04:51.771+0000] {logging_mixin.py:188} INFO - [2025-08-14T18:04:51.770+0000] {dag.py:3834} INFO - Setting next_dagrun for example_kubernetes_executor to None, run_after=None
[2025-08-14T18:04:51.797+0000] {processor.py:183} INFO - Processing /home/airflow/.local/lib/python3.8/site-packages/airflow/example_dags/example_kubernetes_executor.py took 0.142 seconds
[2025-08-14T18:05:22.552+0000] {processor.py:161} INFO - Started process (PID=3240) to work on /home/airflow/.local/lib/python3.8/site-packages/airflow/example_dags/example_kubernetes_executor.py
[2025-08-14T18:05:22.555+0000] {processor.py:830} INFO - Processing file /home/airflow/.local/lib/python3.8/site-packages/airflow/example_dags/example_kubernetes_executor.py for tasks to queue
[2025-08-14T18:05:22.559+0000] {logging_mixin.py:188} INFO - [2025-08-14T18:05:22.558+0000] {dagbag.py:540} INFO - Filling up the DagBag from /home/airflow/.local/lib/python3.8/site-packages/airflow/example_dags/example_kubernetes_executor.py
[2025-08-14T18:05:22.612+0000] {processor.py:840} INFO - DAG(s) 'example_kubernetes_executor' retrieved from /home/airflow/.local/lib/python3.8/site-packages/airflow/example_dags/example_kubernetes_executor.py
[2025-08-14T18:05:22.710+0000] {logging_mixin.py:188} INFO - [2025-08-14T18:05:22.709+0000] {dag.py:3047} INFO - Sync 1 DAGs
[2025-08-14T18:05:22.732+0000] {logging_mixin.py:188} INFO - [2025-08-14T18:05:22.732+0000] {dag.py:3834} INFO - Setting next_dagrun for example_kubernetes_executor to None, run_after=None
[2025-08-14T18:05:22.954+0000] {processor.py:183} INFO - Processing /home/airflow/.local/lib/python3.8/site-packages/airflow/example_dags/example_kubernetes_executor.py took 0.413 seconds
[2025-08-14T18:05:53.022+0000] {processor.py:161} INFO - Started process (PID=3296) to work on /home/airflow/.local/lib/python3.8/site-packages/airflow/example_dags/example_kubernetes_executor.py
[2025-08-14T18:05:53.024+0000] {processor.py:830} INFO - Processing file /home/airflow/.local/lib/python3.8/site-packages/airflow/example_dags/example_kubernetes_executor.py for tasks to queue
[2025-08-14T18:05:53.028+0000] {logging_mixin.py:188} INFO - [2025-08-14T18:05:53.027+0000] {dagbag.py:540} INFO - Filling up the DagBag from /home/airflow/.local/lib/python3.8/site-packages/airflow/example_dags/example_kubernetes_executor.py
[2025-08-14T18:05:53.049+0000] {processor.py:840} INFO - DAG(s) 'example_kubernetes_executor' retrieved from /home/airflow/.local/lib/python3.8/site-packages/airflow/example_dags/example_kubernetes_executor.py
[2025-08-14T18:05:53.100+0000] {logging_mixin.py:188} INFO - [2025-08-14T18:05:53.100+0000] {dag.py:3047} INFO - Sync 1 DAGs
[2025-08-14T18:05:53.110+0000] {logging_mixin.py:188} INFO - [2025-08-14T18:05:53.110+0000] {dag.py:3834} INFO - Setting next_dagrun for example_kubernetes_executor to None, run_after=None
[2025-08-14T18:05:53.122+0000] {processor.py:183} INFO - Processing /home/airflow/.local/lib/python3.8/site-packages/airflow/example_dags/example_kubernetes_executor.py took 0.109 seconds
