[2025-08-14T17:36:49.362+0000] {processor.py:161} INFO - Started process (PID=91) to work on /home/airflow/.local/lib/python3.8/site-packages/airflow/example_dags/example_sensors.py
[2025-08-14T17:36:49.365+0000] {processor.py:830} INFO - Processing file /home/airflow/.local/lib/python3.8/site-packages/airflow/example_dags/example_sensors.py for tasks to queue
[2025-08-14T17:36:49.368+0000] {logging_mixin.py:188} INFO - [2025-08-14T17:36:49.368+0000] {dagbag.py:540} INFO - Filling up the DagBag from /home/airflow/.local/lib/python3.8/site-packages/airflow/example_dags/example_sensors.py
[2025-08-14T17:36:49.383+0000] {processor.py:840} INFO - DAG(s) 'example_sensors' retrieved from /home/airflow/.local/lib/python3.8/site-packages/airflow/example_dags/example_sensors.py
[2025-08-14T17:36:49.413+0000] {logging_mixin.py:188} INFO - [2025-08-14T17:36:49.412+0000] {dag.py:3047} INFO - Sync 1 DAGs
[2025-08-14T17:36:49.438+0000] {logging_mixin.py:188} INFO - [2025-08-14T17:36:49.437+0000] {dag.py:3834} INFO - Setting next_dagrun for example_sensors to None, run_after=None
[2025-08-14T17:36:49.464+0000] {processor.py:183} INFO - Processing /home/airflow/.local/lib/python3.8/site-packages/airflow/example_dags/example_sensors.py took 0.107 seconds
[2025-08-14T17:37:19.496+0000] {processor.py:161} INFO - Started process (PID=147) to work on /home/airflow/.local/lib/python3.8/site-packages/airflow/example_dags/example_sensors.py
[2025-08-14T17:37:19.496+0000] {processor.py:830} INFO - Processing file /home/airflow/.local/lib/python3.8/site-packages/airflow/example_dags/example_sensors.py for tasks to queue
[2025-08-14T17:37:19.497+0000] {logging_mixin.py:188} INFO - [2025-08-14T17:37:19.497+0000] {dagbag.py:540} INFO - Filling up the DagBag from /home/airflow/.local/lib/python3.8/site-packages/airflow/example_dags/example_sensors.py
[2025-08-14T17:37:19.503+0000] {processor.py:840} INFO - DAG(s) 'example_sensors' retrieved from /home/airflow/.local/lib/python3.8/site-packages/airflow/example_dags/example_sensors.py
[2025-08-14T17:37:19.560+0000] {logging_mixin.py:188} INFO - [2025-08-14T17:37:19.560+0000] {dag.py:3047} INFO - Sync 1 DAGs
[2025-08-14T17:37:19.566+0000] {logging_mixin.py:188} INFO - [2025-08-14T17:37:19.565+0000] {dag.py:3834} INFO - Setting next_dagrun for example_sensors to None, run_after=None
[2025-08-14T17:37:19.576+0000] {processor.py:183} INFO - Processing /home/airflow/.local/lib/python3.8/site-packages/airflow/example_dags/example_sensors.py took 0.082 seconds
[2025-08-14T17:37:49.870+0000] {processor.py:161} INFO - Started process (PID=203) to work on /home/airflow/.local/lib/python3.8/site-packages/airflow/example_dags/example_sensors.py
[2025-08-14T17:37:49.875+0000] {processor.py:830} INFO - Processing file /home/airflow/.local/lib/python3.8/site-packages/airflow/example_dags/example_sensors.py for tasks to queue
[2025-08-14T17:37:49.877+0000] {logging_mixin.py:188} INFO - [2025-08-14T17:37:49.877+0000] {dagbag.py:540} INFO - Filling up the DagBag from /home/airflow/.local/lib/python3.8/site-packages/airflow/example_dags/example_sensors.py
[2025-08-14T17:37:49.884+0000] {processor.py:840} INFO - DAG(s) 'example_sensors' retrieved from /home/airflow/.local/lib/python3.8/site-packages/airflow/example_dags/example_sensors.py
[2025-08-14T17:37:49.908+0000] {logging_mixin.py:188} INFO - [2025-08-14T17:37:49.908+0000] {dag.py:3047} INFO - Sync 1 DAGs
[2025-08-14T17:37:49.919+0000] {logging_mixin.py:188} INFO - [2025-08-14T17:37:49.919+0000] {dag.py:3834} INFO - Setting next_dagrun for example_sensors to None, run_after=None
[2025-08-14T17:37:49.936+0000] {processor.py:183} INFO - Processing /home/airflow/.local/lib/python3.8/site-packages/airflow/example_dags/example_sensors.py took 0.073 seconds
[2025-08-14T17:38:20.686+0000] {processor.py:161} INFO - Started process (PID=259) to work on /home/airflow/.local/lib/python3.8/site-packages/airflow/example_dags/example_sensors.py
[2025-08-14T17:38:20.686+0000] {processor.py:830} INFO - Processing file /home/airflow/.local/lib/python3.8/site-packages/airflow/example_dags/example_sensors.py for tasks to queue
[2025-08-14T17:38:20.687+0000] {logging_mixin.py:188} INFO - [2025-08-14T17:38:20.687+0000] {dagbag.py:540} INFO - Filling up the DagBag from /home/airflow/.local/lib/python3.8/site-packages/airflow/example_dags/example_sensors.py
[2025-08-14T17:38:20.694+0000] {processor.py:840} INFO - DAG(s) 'example_sensors' retrieved from /home/airflow/.local/lib/python3.8/site-packages/airflow/example_dags/example_sensors.py
[2025-08-14T17:38:20.712+0000] {logging_mixin.py:188} INFO - [2025-08-14T17:38:20.712+0000] {dag.py:3047} INFO - Sync 1 DAGs
[2025-08-14T17:38:20.718+0000] {logging_mixin.py:188} INFO - [2025-08-14T17:38:20.718+0000] {dag.py:3834} INFO - Setting next_dagrun for example_sensors to None, run_after=None
[2025-08-14T17:38:20.730+0000] {processor.py:183} INFO - Processing /home/airflow/.local/lib/python3.8/site-packages/airflow/example_dags/example_sensors.py took 0.046 seconds
[2025-08-14T17:38:51.243+0000] {processor.py:161} INFO - Started process (PID=316) to work on /home/airflow/.local/lib/python3.8/site-packages/airflow/example_dags/example_sensors.py
[2025-08-14T17:38:51.244+0000] {processor.py:830} INFO - Processing file /home/airflow/.local/lib/python3.8/site-packages/airflow/example_dags/example_sensors.py for tasks to queue
[2025-08-14T17:38:51.246+0000] {logging_mixin.py:188} INFO - [2025-08-14T17:38:51.245+0000] {dagbag.py:540} INFO - Filling up the DagBag from /home/airflow/.local/lib/python3.8/site-packages/airflow/example_dags/example_sensors.py
[2025-08-14T17:38:51.250+0000] {processor.py:840} INFO - DAG(s) 'example_sensors' retrieved from /home/airflow/.local/lib/python3.8/site-packages/airflow/example_dags/example_sensors.py
[2025-08-14T17:38:51.267+0000] {logging_mixin.py:188} INFO - [2025-08-14T17:38:51.267+0000] {dag.py:3047} INFO - Sync 1 DAGs
[2025-08-14T17:38:51.276+0000] {logging_mixin.py:188} INFO - [2025-08-14T17:38:51.275+0000] {dag.py:3834} INFO - Setting next_dagrun for example_sensors to None, run_after=None
[2025-08-14T17:38:51.285+0000] {processor.py:183} INFO - Processing /home/airflow/.local/lib/python3.8/site-packages/airflow/example_dags/example_sensors.py took 0.044 seconds
[2025-08-14T17:39:21.568+0000] {processor.py:161} INFO - Started process (PID=372) to work on /home/airflow/.local/lib/python3.8/site-packages/airflow/example_dags/example_sensors.py
[2025-08-14T17:39:21.569+0000] {processor.py:830} INFO - Processing file /home/airflow/.local/lib/python3.8/site-packages/airflow/example_dags/example_sensors.py for tasks to queue
[2025-08-14T17:39:21.570+0000] {logging_mixin.py:188} INFO - [2025-08-14T17:39:21.570+0000] {dagbag.py:540} INFO - Filling up the DagBag from /home/airflow/.local/lib/python3.8/site-packages/airflow/example_dags/example_sensors.py
[2025-08-14T17:39:21.576+0000] {processor.py:840} INFO - DAG(s) 'example_sensors' retrieved from /home/airflow/.local/lib/python3.8/site-packages/airflow/example_dags/example_sensors.py
[2025-08-14T17:39:21.590+0000] {logging_mixin.py:188} INFO - [2025-08-14T17:39:21.590+0000] {dag.py:3047} INFO - Sync 1 DAGs
[2025-08-14T17:39:21.597+0000] {logging_mixin.py:188} INFO - [2025-08-14T17:39:21.597+0000] {dag.py:3834} INFO - Setting next_dagrun for example_sensors to None, run_after=None
[2025-08-14T17:39:21.637+0000] {processor.py:183} INFO - Processing /home/airflow/.local/lib/python3.8/site-packages/airflow/example_dags/example_sensors.py took 0.071 seconds
[2025-08-14T17:39:52.561+0000] {processor.py:161} INFO - Started process (PID=428) to work on /home/airflow/.local/lib/python3.8/site-packages/airflow/example_dags/example_sensors.py
[2025-08-14T17:39:52.562+0000] {processor.py:830} INFO - Processing file /home/airflow/.local/lib/python3.8/site-packages/airflow/example_dags/example_sensors.py for tasks to queue
[2025-08-14T17:39:52.564+0000] {logging_mixin.py:188} INFO - [2025-08-14T17:39:52.564+0000] {dagbag.py:540} INFO - Filling up the DagBag from /home/airflow/.local/lib/python3.8/site-packages/airflow/example_dags/example_sensors.py
[2025-08-14T17:39:52.570+0000] {processor.py:840} INFO - DAG(s) 'example_sensors' retrieved from /home/airflow/.local/lib/python3.8/site-packages/airflow/example_dags/example_sensors.py
[2025-08-14T17:39:52.584+0000] {logging_mixin.py:188} INFO - [2025-08-14T17:39:52.584+0000] {dag.py:3047} INFO - Sync 1 DAGs
[2025-08-14T17:39:52.590+0000] {logging_mixin.py:188} INFO - [2025-08-14T17:39:52.590+0000] {dag.py:3834} INFO - Setting next_dagrun for example_sensors to None, run_after=None
[2025-08-14T17:39:52.604+0000] {processor.py:183} INFO - Processing /home/airflow/.local/lib/python3.8/site-packages/airflow/example_dags/example_sensors.py took 0.046 seconds
[2025-08-14T17:40:23.123+0000] {processor.py:161} INFO - Started process (PID=484) to work on /home/airflow/.local/lib/python3.8/site-packages/airflow/example_dags/example_sensors.py
[2025-08-14T17:40:23.124+0000] {processor.py:830} INFO - Processing file /home/airflow/.local/lib/python3.8/site-packages/airflow/example_dags/example_sensors.py for tasks to queue
[2025-08-14T17:40:23.126+0000] {logging_mixin.py:188} INFO - [2025-08-14T17:40:23.125+0000] {dagbag.py:540} INFO - Filling up the DagBag from /home/airflow/.local/lib/python3.8/site-packages/airflow/example_dags/example_sensors.py
[2025-08-14T17:40:23.132+0000] {processor.py:840} INFO - DAG(s) 'example_sensors' retrieved from /home/airflow/.local/lib/python3.8/site-packages/airflow/example_dags/example_sensors.py
[2025-08-14T17:40:23.146+0000] {logging_mixin.py:188} INFO - [2025-08-14T17:40:23.146+0000] {dag.py:3047} INFO - Sync 1 DAGs
[2025-08-14T17:40:23.154+0000] {logging_mixin.py:188} INFO - [2025-08-14T17:40:23.154+0000] {dag.py:3834} INFO - Setting next_dagrun for example_sensors to None, run_after=None
[2025-08-14T17:40:23.177+0000] {processor.py:183} INFO - Processing /home/airflow/.local/lib/python3.8/site-packages/airflow/example_dags/example_sensors.py took 0.056 seconds
[2025-08-14T17:40:53.855+0000] {processor.py:161} INFO - Started process (PID=540) to work on /home/airflow/.local/lib/python3.8/site-packages/airflow/example_dags/example_sensors.py
[2025-08-14T17:40:53.856+0000] {processor.py:830} INFO - Processing file /home/airflow/.local/lib/python3.8/site-packages/airflow/example_dags/example_sensors.py for tasks to queue
[2025-08-14T17:40:53.857+0000] {logging_mixin.py:188} INFO - [2025-08-14T17:40:53.857+0000] {dagbag.py:540} INFO - Filling up the DagBag from /home/airflow/.local/lib/python3.8/site-packages/airflow/example_dags/example_sensors.py
[2025-08-14T17:40:53.862+0000] {processor.py:840} INFO - DAG(s) 'example_sensors' retrieved from /home/airflow/.local/lib/python3.8/site-packages/airflow/example_dags/example_sensors.py
[2025-08-14T17:40:53.880+0000] {logging_mixin.py:188} INFO - [2025-08-14T17:40:53.880+0000] {dag.py:3047} INFO - Sync 1 DAGs
[2025-08-14T17:40:53.889+0000] {logging_mixin.py:188} INFO - [2025-08-14T17:40:53.889+0000] {dag.py:3834} INFO - Setting next_dagrun for example_sensors to None, run_after=None
[2025-08-14T17:40:53.903+0000] {processor.py:183} INFO - Processing /home/airflow/.local/lib/python3.8/site-packages/airflow/example_dags/example_sensors.py took 0.049 seconds
[2025-08-14T17:41:24.155+0000] {processor.py:161} INFO - Started process (PID=596) to work on /home/airflow/.local/lib/python3.8/site-packages/airflow/example_dags/example_sensors.py
[2025-08-14T17:41:24.156+0000] {processor.py:830} INFO - Processing file /home/airflow/.local/lib/python3.8/site-packages/airflow/example_dags/example_sensors.py for tasks to queue
[2025-08-14T17:41:24.158+0000] {logging_mixin.py:188} INFO - [2025-08-14T17:41:24.157+0000] {dagbag.py:540} INFO - Filling up the DagBag from /home/airflow/.local/lib/python3.8/site-packages/airflow/example_dags/example_sensors.py
[2025-08-14T17:41:24.163+0000] {processor.py:840} INFO - DAG(s) 'example_sensors' retrieved from /home/airflow/.local/lib/python3.8/site-packages/airflow/example_dags/example_sensors.py
[2025-08-14T17:41:24.179+0000] {logging_mixin.py:188} INFO - [2025-08-14T17:41:24.179+0000] {dag.py:3047} INFO - Sync 1 DAGs
[2025-08-14T17:41:24.187+0000] {logging_mixin.py:188} INFO - [2025-08-14T17:41:24.187+0000] {dag.py:3834} INFO - Setting next_dagrun for example_sensors to None, run_after=None
[2025-08-14T17:41:24.197+0000] {processor.py:183} INFO - Processing /home/airflow/.local/lib/python3.8/site-packages/airflow/example_dags/example_sensors.py took 0.045 seconds
[2025-08-14T17:41:54.823+0000] {processor.py:161} INFO - Started process (PID=652) to work on /home/airflow/.local/lib/python3.8/site-packages/airflow/example_dags/example_sensors.py
[2025-08-14T17:41:54.827+0000] {processor.py:830} INFO - Processing file /home/airflow/.local/lib/python3.8/site-packages/airflow/example_dags/example_sensors.py for tasks to queue
[2025-08-14T17:41:54.829+0000] {logging_mixin.py:188} INFO - [2025-08-14T17:41:54.829+0000] {dagbag.py:540} INFO - Filling up the DagBag from /home/airflow/.local/lib/python3.8/site-packages/airflow/example_dags/example_sensors.py
[2025-08-14T17:41:54.836+0000] {processor.py:840} INFO - DAG(s) 'example_sensors' retrieved from /home/airflow/.local/lib/python3.8/site-packages/airflow/example_dags/example_sensors.py
[2025-08-14T17:41:54.861+0000] {logging_mixin.py:188} INFO - [2025-08-14T17:41:54.860+0000] {dag.py:3047} INFO - Sync 1 DAGs
[2025-08-14T17:41:54.871+0000] {logging_mixin.py:188} INFO - [2025-08-14T17:41:54.871+0000] {dag.py:3834} INFO - Setting next_dagrun for example_sensors to None, run_after=None
[2025-08-14T17:41:54.899+0000] {processor.py:183} INFO - Processing /home/airflow/.local/lib/python3.8/site-packages/airflow/example_dags/example_sensors.py took 0.079 seconds
[2025-08-14T17:42:25.689+0000] {processor.py:161} INFO - Started process (PID=708) to work on /home/airflow/.local/lib/python3.8/site-packages/airflow/example_dags/example_sensors.py
[2025-08-14T17:42:25.690+0000] {processor.py:830} INFO - Processing file /home/airflow/.local/lib/python3.8/site-packages/airflow/example_dags/example_sensors.py for tasks to queue
[2025-08-14T17:42:25.692+0000] {logging_mixin.py:188} INFO - [2025-08-14T17:42:25.691+0000] {dagbag.py:540} INFO - Filling up the DagBag from /home/airflow/.local/lib/python3.8/site-packages/airflow/example_dags/example_sensors.py
[2025-08-14T17:42:25.698+0000] {processor.py:840} INFO - DAG(s) 'example_sensors' retrieved from /home/airflow/.local/lib/python3.8/site-packages/airflow/example_dags/example_sensors.py
[2025-08-14T17:42:25.720+0000] {logging_mixin.py:188} INFO - [2025-08-14T17:42:25.720+0000] {dag.py:3047} INFO - Sync 1 DAGs
[2025-08-14T17:42:25.729+0000] {logging_mixin.py:188} INFO - [2025-08-14T17:42:25.729+0000] {dag.py:3834} INFO - Setting next_dagrun for example_sensors to None, run_after=None
[2025-08-14T17:42:25.754+0000] {processor.py:183} INFO - Processing /home/airflow/.local/lib/python3.8/site-packages/airflow/example_dags/example_sensors.py took 0.068 seconds
[2025-08-14T17:42:55.811+0000] {processor.py:161} INFO - Started process (PID=764) to work on /home/airflow/.local/lib/python3.8/site-packages/airflow/example_dags/example_sensors.py
[2025-08-14T17:42:55.813+0000] {processor.py:830} INFO - Processing file /home/airflow/.local/lib/python3.8/site-packages/airflow/example_dags/example_sensors.py for tasks to queue
[2025-08-14T17:42:55.815+0000] {logging_mixin.py:188} INFO - [2025-08-14T17:42:55.815+0000] {dagbag.py:540} INFO - Filling up the DagBag from /home/airflow/.local/lib/python3.8/site-packages/airflow/example_dags/example_sensors.py
[2025-08-14T17:42:55.820+0000] {processor.py:840} INFO - DAG(s) 'example_sensors' retrieved from /home/airflow/.local/lib/python3.8/site-packages/airflow/example_dags/example_sensors.py
[2025-08-14T17:42:55.836+0000] {logging_mixin.py:188} INFO - [2025-08-14T17:42:55.835+0000] {dag.py:3047} INFO - Sync 1 DAGs
[2025-08-14T17:42:55.844+0000] {logging_mixin.py:188} INFO - [2025-08-14T17:42:55.843+0000] {dag.py:3834} INFO - Setting next_dagrun for example_sensors to None, run_after=None
[2025-08-14T17:42:55.856+0000] {processor.py:183} INFO - Processing /home/airflow/.local/lib/python3.8/site-packages/airflow/example_dags/example_sensors.py took 0.049 seconds
[2025-08-14T17:43:26.507+0000] {processor.py:161} INFO - Started process (PID=820) to work on /home/airflow/.local/lib/python3.8/site-packages/airflow/example_dags/example_sensors.py
[2025-08-14T17:43:26.508+0000] {processor.py:830} INFO - Processing file /home/airflow/.local/lib/python3.8/site-packages/airflow/example_dags/example_sensors.py for tasks to queue
[2025-08-14T17:43:26.509+0000] {logging_mixin.py:188} INFO - [2025-08-14T17:43:26.509+0000] {dagbag.py:540} INFO - Filling up the DagBag from /home/airflow/.local/lib/python3.8/site-packages/airflow/example_dags/example_sensors.py
[2025-08-14T17:43:26.517+0000] {processor.py:840} INFO - DAG(s) 'example_sensors' retrieved from /home/airflow/.local/lib/python3.8/site-packages/airflow/example_dags/example_sensors.py
[2025-08-14T17:43:26.536+0000] {logging_mixin.py:188} INFO - [2025-08-14T17:43:26.535+0000] {dag.py:3047} INFO - Sync 1 DAGs
[2025-08-14T17:43:26.542+0000] {logging_mixin.py:188} INFO - [2025-08-14T17:43:26.542+0000] {dag.py:3834} INFO - Setting next_dagrun for example_sensors to None, run_after=None
[2025-08-14T17:43:26.557+0000] {processor.py:183} INFO - Processing /home/airflow/.local/lib/python3.8/site-packages/airflow/example_dags/example_sensors.py took 0.052 seconds
[2025-08-14T17:43:56.730+0000] {processor.py:161} INFO - Started process (PID=876) to work on /home/airflow/.local/lib/python3.8/site-packages/airflow/example_dags/example_sensors.py
[2025-08-14T17:43:56.731+0000] {processor.py:830} INFO - Processing file /home/airflow/.local/lib/python3.8/site-packages/airflow/example_dags/example_sensors.py for tasks to queue
[2025-08-14T17:43:56.732+0000] {logging_mixin.py:188} INFO - [2025-08-14T17:43:56.732+0000] {dagbag.py:540} INFO - Filling up the DagBag from /home/airflow/.local/lib/python3.8/site-packages/airflow/example_dags/example_sensors.py
[2025-08-14T17:43:56.737+0000] {processor.py:840} INFO - DAG(s) 'example_sensors' retrieved from /home/airflow/.local/lib/python3.8/site-packages/airflow/example_dags/example_sensors.py
[2025-08-14T17:43:56.751+0000] {logging_mixin.py:188} INFO - [2025-08-14T17:43:56.751+0000] {dag.py:3047} INFO - Sync 1 DAGs
[2025-08-14T17:43:56.757+0000] {logging_mixin.py:188} INFO - [2025-08-14T17:43:56.756+0000] {dag.py:3834} INFO - Setting next_dagrun for example_sensors to None, run_after=None
[2025-08-14T17:43:56.768+0000] {processor.py:183} INFO - Processing /home/airflow/.local/lib/python3.8/site-packages/airflow/example_dags/example_sensors.py took 0.040 seconds
[2025-08-14T17:44:27.068+0000] {processor.py:161} INFO - Started process (PID=932) to work on /home/airflow/.local/lib/python3.8/site-packages/airflow/example_dags/example_sensors.py
[2025-08-14T17:44:27.070+0000] {processor.py:830} INFO - Processing file /home/airflow/.local/lib/python3.8/site-packages/airflow/example_dags/example_sensors.py for tasks to queue
[2025-08-14T17:44:27.072+0000] {logging_mixin.py:188} INFO - [2025-08-14T17:44:27.072+0000] {dagbag.py:540} INFO - Filling up the DagBag from /home/airflow/.local/lib/python3.8/site-packages/airflow/example_dags/example_sensors.py
[2025-08-14T17:44:27.083+0000] {processor.py:840} INFO - DAG(s) 'example_sensors' retrieved from /home/airflow/.local/lib/python3.8/site-packages/airflow/example_dags/example_sensors.py
[2025-08-14T17:44:27.110+0000] {logging_mixin.py:188} INFO - [2025-08-14T17:44:27.110+0000] {dag.py:3047} INFO - Sync 1 DAGs
[2025-08-14T17:44:27.119+0000] {logging_mixin.py:188} INFO - [2025-08-14T17:44:27.118+0000] {dag.py:3834} INFO - Setting next_dagrun for example_sensors to None, run_after=None
[2025-08-14T17:44:27.142+0000] {processor.py:183} INFO - Processing /home/airflow/.local/lib/python3.8/site-packages/airflow/example_dags/example_sensors.py took 0.076 seconds
[2025-08-14T17:44:57.322+0000] {processor.py:161} INFO - Started process (PID=988) to work on /home/airflow/.local/lib/python3.8/site-packages/airflow/example_dags/example_sensors.py
[2025-08-14T17:44:57.326+0000] {processor.py:830} INFO - Processing file /home/airflow/.local/lib/python3.8/site-packages/airflow/example_dags/example_sensors.py for tasks to queue
[2025-08-14T17:44:57.329+0000] {logging_mixin.py:188} INFO - [2025-08-14T17:44:57.329+0000] {dagbag.py:540} INFO - Filling up the DagBag from /home/airflow/.local/lib/python3.8/site-packages/airflow/example_dags/example_sensors.py
[2025-08-14T17:44:57.333+0000] {processor.py:840} INFO - DAG(s) 'example_sensors' retrieved from /home/airflow/.local/lib/python3.8/site-packages/airflow/example_dags/example_sensors.py
[2025-08-14T17:44:57.349+0000] {logging_mixin.py:188} INFO - [2025-08-14T17:44:57.348+0000] {dag.py:3047} INFO - Sync 1 DAGs
[2025-08-14T17:44:57.355+0000] {logging_mixin.py:188} INFO - [2025-08-14T17:44:57.354+0000] {dag.py:3834} INFO - Setting next_dagrun for example_sensors to None, run_after=None
[2025-08-14T17:44:57.372+0000] {processor.py:183} INFO - Processing /home/airflow/.local/lib/python3.8/site-packages/airflow/example_dags/example_sensors.py took 0.051 seconds
[2025-08-14T17:45:27.601+0000] {processor.py:161} INFO - Started process (PID=1044) to work on /home/airflow/.local/lib/python3.8/site-packages/airflow/example_dags/example_sensors.py
[2025-08-14T17:45:27.602+0000] {processor.py:830} INFO - Processing file /home/airflow/.local/lib/python3.8/site-packages/airflow/example_dags/example_sensors.py for tasks to queue
[2025-08-14T17:45:27.603+0000] {logging_mixin.py:188} INFO - [2025-08-14T17:45:27.603+0000] {dagbag.py:540} INFO - Filling up the DagBag from /home/airflow/.local/lib/python3.8/site-packages/airflow/example_dags/example_sensors.py
[2025-08-14T17:45:27.609+0000] {processor.py:840} INFO - DAG(s) 'example_sensors' retrieved from /home/airflow/.local/lib/python3.8/site-packages/airflow/example_dags/example_sensors.py
[2025-08-14T17:45:27.623+0000] {logging_mixin.py:188} INFO - [2025-08-14T17:45:27.623+0000] {dag.py:3047} INFO - Sync 1 DAGs
[2025-08-14T17:45:27.630+0000] {logging_mixin.py:188} INFO - [2025-08-14T17:45:27.630+0000] {dag.py:3834} INFO - Setting next_dagrun for example_sensors to None, run_after=None
[2025-08-14T17:45:27.642+0000] {processor.py:183} INFO - Processing /home/airflow/.local/lib/python3.8/site-packages/airflow/example_dags/example_sensors.py took 0.043 seconds
[2025-08-14T17:45:58.299+0000] {processor.py:161} INFO - Started process (PID=1100) to work on /home/airflow/.local/lib/python3.8/site-packages/airflow/example_dags/example_sensors.py
[2025-08-14T17:45:58.299+0000] {processor.py:830} INFO - Processing file /home/airflow/.local/lib/python3.8/site-packages/airflow/example_dags/example_sensors.py for tasks to queue
[2025-08-14T17:45:58.300+0000] {logging_mixin.py:188} INFO - [2025-08-14T17:45:58.300+0000] {dagbag.py:540} INFO - Filling up the DagBag from /home/airflow/.local/lib/python3.8/site-packages/airflow/example_dags/example_sensors.py
[2025-08-14T17:45:58.305+0000] {processor.py:840} INFO - DAG(s) 'example_sensors' retrieved from /home/airflow/.local/lib/python3.8/site-packages/airflow/example_dags/example_sensors.py
[2025-08-14T17:45:58.322+0000] {logging_mixin.py:188} INFO - [2025-08-14T17:45:58.321+0000] {dag.py:3047} INFO - Sync 1 DAGs
[2025-08-14T17:45:58.328+0000] {logging_mixin.py:188} INFO - [2025-08-14T17:45:58.328+0000] {dag.py:3834} INFO - Setting next_dagrun for example_sensors to None, run_after=None
[2025-08-14T17:45:58.342+0000] {processor.py:183} INFO - Processing /home/airflow/.local/lib/python3.8/site-packages/airflow/example_dags/example_sensors.py took 0.045 seconds
[2025-08-14T17:46:28.532+0000] {processor.py:161} INFO - Started process (PID=1156) to work on /home/airflow/.local/lib/python3.8/site-packages/airflow/example_dags/example_sensors.py
[2025-08-14T17:46:28.533+0000] {processor.py:830} INFO - Processing file /home/airflow/.local/lib/python3.8/site-packages/airflow/example_dags/example_sensors.py for tasks to queue
[2025-08-14T17:46:28.534+0000] {logging_mixin.py:188} INFO - [2025-08-14T17:46:28.534+0000] {dagbag.py:540} INFO - Filling up the DagBag from /home/airflow/.local/lib/python3.8/site-packages/airflow/example_dags/example_sensors.py
[2025-08-14T17:46:28.540+0000] {processor.py:840} INFO - DAG(s) 'example_sensors' retrieved from /home/airflow/.local/lib/python3.8/site-packages/airflow/example_dags/example_sensors.py
[2025-08-14T17:46:28.555+0000] {logging_mixin.py:188} INFO - [2025-08-14T17:46:28.555+0000] {dag.py:3047} INFO - Sync 1 DAGs
[2025-08-14T17:46:28.561+0000] {logging_mixin.py:188} INFO - [2025-08-14T17:46:28.561+0000] {dag.py:3834} INFO - Setting next_dagrun for example_sensors to None, run_after=None
[2025-08-14T17:46:28.576+0000] {processor.py:183} INFO - Processing /home/airflow/.local/lib/python3.8/site-packages/airflow/example_dags/example_sensors.py took 0.046 seconds
[2025-08-14T17:46:59.683+0000] {processor.py:161} INFO - Started process (PID=1212) to work on /home/airflow/.local/lib/python3.8/site-packages/airflow/example_dags/example_sensors.py
[2025-08-14T17:46:59.685+0000] {processor.py:830} INFO - Processing file /home/airflow/.local/lib/python3.8/site-packages/airflow/example_dags/example_sensors.py for tasks to queue
[2025-08-14T17:46:59.686+0000] {logging_mixin.py:188} INFO - [2025-08-14T17:46:59.686+0000] {dagbag.py:540} INFO - Filling up the DagBag from /home/airflow/.local/lib/python3.8/site-packages/airflow/example_dags/example_sensors.py
[2025-08-14T17:46:59.692+0000] {processor.py:840} INFO - DAG(s) 'example_sensors' retrieved from /home/airflow/.local/lib/python3.8/site-packages/airflow/example_dags/example_sensors.py
[2025-08-14T17:46:59.711+0000] {logging_mixin.py:188} INFO - [2025-08-14T17:46:59.711+0000] {dag.py:3047} INFO - Sync 1 DAGs
[2025-08-14T17:46:59.719+0000] {logging_mixin.py:188} INFO - [2025-08-14T17:46:59.719+0000] {dag.py:3834} INFO - Setting next_dagrun for example_sensors to None, run_after=None
[2025-08-14T17:46:59.730+0000] {processor.py:183} INFO - Processing /home/airflow/.local/lib/python3.8/site-packages/airflow/example_dags/example_sensors.py took 0.051 seconds
[2025-08-14T17:47:30.396+0000] {processor.py:161} INFO - Started process (PID=1268) to work on /home/airflow/.local/lib/python3.8/site-packages/airflow/example_dags/example_sensors.py
[2025-08-14T17:47:30.397+0000] {processor.py:830} INFO - Processing file /home/airflow/.local/lib/python3.8/site-packages/airflow/example_dags/example_sensors.py for tasks to queue
[2025-08-14T17:47:30.399+0000] {logging_mixin.py:188} INFO - [2025-08-14T17:47:30.398+0000] {dagbag.py:540} INFO - Filling up the DagBag from /home/airflow/.local/lib/python3.8/site-packages/airflow/example_dags/example_sensors.py
[2025-08-14T17:47:30.405+0000] {processor.py:840} INFO - DAG(s) 'example_sensors' retrieved from /home/airflow/.local/lib/python3.8/site-packages/airflow/example_dags/example_sensors.py
[2025-08-14T17:47:30.442+0000] {logging_mixin.py:188} INFO - [2025-08-14T17:47:30.442+0000] {dag.py:3047} INFO - Sync 1 DAGs
[2025-08-14T17:47:30.450+0000] {logging_mixin.py:188} INFO - [2025-08-14T17:47:30.450+0000] {dag.py:3834} INFO - Setting next_dagrun for example_sensors to None, run_after=None
[2025-08-14T17:47:30.465+0000] {processor.py:183} INFO - Processing /home/airflow/.local/lib/python3.8/site-packages/airflow/example_dags/example_sensors.py took 0.071 seconds
[2025-08-14T17:48:00.752+0000] {processor.py:161} INFO - Started process (PID=1324) to work on /home/airflow/.local/lib/python3.8/site-packages/airflow/example_dags/example_sensors.py
[2025-08-14T17:48:00.754+0000] {processor.py:830} INFO - Processing file /home/airflow/.local/lib/python3.8/site-packages/airflow/example_dags/example_sensors.py for tasks to queue
[2025-08-14T17:48:00.756+0000] {logging_mixin.py:188} INFO - [2025-08-14T17:48:00.756+0000] {dagbag.py:540} INFO - Filling up the DagBag from /home/airflow/.local/lib/python3.8/site-packages/airflow/example_dags/example_sensors.py
[2025-08-14T17:48:00.761+0000] {processor.py:840} INFO - DAG(s) 'example_sensors' retrieved from /home/airflow/.local/lib/python3.8/site-packages/airflow/example_dags/example_sensors.py
[2025-08-14T17:48:00.774+0000] {logging_mixin.py:188} INFO - [2025-08-14T17:48:00.774+0000] {dag.py:3047} INFO - Sync 1 DAGs
[2025-08-14T17:48:00.781+0000] {logging_mixin.py:188} INFO - [2025-08-14T17:48:00.781+0000] {dag.py:3834} INFO - Setting next_dagrun for example_sensors to None, run_after=None
[2025-08-14T17:48:00.797+0000] {processor.py:183} INFO - Processing /home/airflow/.local/lib/python3.8/site-packages/airflow/example_dags/example_sensors.py took 0.047 seconds
[2025-08-14T17:48:31.124+0000] {processor.py:161} INFO - Started process (PID=1380) to work on /home/airflow/.local/lib/python3.8/site-packages/airflow/example_dags/example_sensors.py
[2025-08-14T17:48:31.125+0000] {processor.py:830} INFO - Processing file /home/airflow/.local/lib/python3.8/site-packages/airflow/example_dags/example_sensors.py for tasks to queue
[2025-08-14T17:48:31.128+0000] {logging_mixin.py:188} INFO - [2025-08-14T17:48:31.127+0000] {dagbag.py:540} INFO - Filling up the DagBag from /home/airflow/.local/lib/python3.8/site-packages/airflow/example_dags/example_sensors.py
[2025-08-14T17:48:31.133+0000] {processor.py:840} INFO - DAG(s) 'example_sensors' retrieved from /home/airflow/.local/lib/python3.8/site-packages/airflow/example_dags/example_sensors.py
[2025-08-14T17:48:31.148+0000] {logging_mixin.py:188} INFO - [2025-08-14T17:48:31.148+0000] {dag.py:3047} INFO - Sync 1 DAGs
[2025-08-14T17:48:31.155+0000] {logging_mixin.py:188} INFO - [2025-08-14T17:48:31.154+0000] {dag.py:3834} INFO - Setting next_dagrun for example_sensors to None, run_after=None
[2025-08-14T17:48:31.170+0000] {processor.py:183} INFO - Processing /home/airflow/.local/lib/python3.8/site-packages/airflow/example_dags/example_sensors.py took 0.048 seconds
[2025-08-14T17:49:01.819+0000] {processor.py:161} INFO - Started process (PID=1436) to work on /home/airflow/.local/lib/python3.8/site-packages/airflow/example_dags/example_sensors.py
[2025-08-14T17:49:01.820+0000] {processor.py:830} INFO - Processing file /home/airflow/.local/lib/python3.8/site-packages/airflow/example_dags/example_sensors.py for tasks to queue
[2025-08-14T17:49:01.821+0000] {logging_mixin.py:188} INFO - [2025-08-14T17:49:01.821+0000] {dagbag.py:540} INFO - Filling up the DagBag from /home/airflow/.local/lib/python3.8/site-packages/airflow/example_dags/example_sensors.py
[2025-08-14T17:49:01.827+0000] {processor.py:840} INFO - DAG(s) 'example_sensors' retrieved from /home/airflow/.local/lib/python3.8/site-packages/airflow/example_dags/example_sensors.py
[2025-08-14T17:49:01.848+0000] {logging_mixin.py:188} INFO - [2025-08-14T17:49:01.848+0000] {dag.py:3047} INFO - Sync 1 DAGs
[2025-08-14T17:49:01.855+0000] {logging_mixin.py:188} INFO - [2025-08-14T17:49:01.854+0000] {dag.py:3834} INFO - Setting next_dagrun for example_sensors to None, run_after=None
[2025-08-14T17:49:01.864+0000] {processor.py:183} INFO - Processing /home/airflow/.local/lib/python3.8/site-packages/airflow/example_dags/example_sensors.py took 0.047 seconds
[2025-08-14T17:49:32.029+0000] {processor.py:161} INFO - Started process (PID=1492) to work on /home/airflow/.local/lib/python3.8/site-packages/airflow/example_dags/example_sensors.py
[2025-08-14T17:49:32.031+0000] {processor.py:830} INFO - Processing file /home/airflow/.local/lib/python3.8/site-packages/airflow/example_dags/example_sensors.py for tasks to queue
[2025-08-14T17:49:32.032+0000] {logging_mixin.py:188} INFO - [2025-08-14T17:49:32.032+0000] {dagbag.py:540} INFO - Filling up the DagBag from /home/airflow/.local/lib/python3.8/site-packages/airflow/example_dags/example_sensors.py
[2025-08-14T17:49:32.038+0000] {processor.py:840} INFO - DAG(s) 'example_sensors' retrieved from /home/airflow/.local/lib/python3.8/site-packages/airflow/example_dags/example_sensors.py
[2025-08-14T17:49:32.057+0000] {logging_mixin.py:188} INFO - [2025-08-14T17:49:32.056+0000] {dag.py:3047} INFO - Sync 1 DAGs
[2025-08-14T17:49:32.063+0000] {logging_mixin.py:188} INFO - [2025-08-14T17:49:32.063+0000] {dag.py:3834} INFO - Setting next_dagrun for example_sensors to None, run_after=None
[2025-08-14T17:49:32.077+0000] {processor.py:183} INFO - Processing /home/airflow/.local/lib/python3.8/site-packages/airflow/example_dags/example_sensors.py took 0.050 seconds
[2025-08-14T17:50:03.010+0000] {processor.py:161} INFO - Started process (PID=1548) to work on /home/airflow/.local/lib/python3.8/site-packages/airflow/example_dags/example_sensors.py
[2025-08-14T17:50:03.015+0000] {processor.py:830} INFO - Processing file /home/airflow/.local/lib/python3.8/site-packages/airflow/example_dags/example_sensors.py for tasks to queue
[2025-08-14T17:50:03.022+0000] {logging_mixin.py:188} INFO - [2025-08-14T17:50:03.021+0000] {dagbag.py:540} INFO - Filling up the DagBag from /home/airflow/.local/lib/python3.8/site-packages/airflow/example_dags/example_sensors.py
[2025-08-14T17:50:03.098+0000] {processor.py:840} INFO - DAG(s) 'example_sensors' retrieved from /home/airflow/.local/lib/python3.8/site-packages/airflow/example_dags/example_sensors.py
[2025-08-14T17:50:03.171+0000] {logging_mixin.py:188} INFO - [2025-08-14T17:50:03.171+0000] {dag.py:3047} INFO - Sync 1 DAGs
[2025-08-14T17:50:03.190+0000] {logging_mixin.py:188} INFO - [2025-08-14T17:50:03.189+0000] {dag.py:3834} INFO - Setting next_dagrun for example_sensors to None, run_after=None
[2025-08-14T17:50:03.255+0000] {processor.py:183} INFO - Processing /home/airflow/.local/lib/python3.8/site-packages/airflow/example_dags/example_sensors.py took 0.254 seconds
[2025-08-14T17:50:33.546+0000] {processor.py:161} INFO - Started process (PID=1604) to work on /home/airflow/.local/lib/python3.8/site-packages/airflow/example_dags/example_sensors.py
[2025-08-14T17:50:33.547+0000] {processor.py:830} INFO - Processing file /home/airflow/.local/lib/python3.8/site-packages/airflow/example_dags/example_sensors.py for tasks to queue
[2025-08-14T17:50:33.548+0000] {logging_mixin.py:188} INFO - [2025-08-14T17:50:33.548+0000] {dagbag.py:540} INFO - Filling up the DagBag from /home/airflow/.local/lib/python3.8/site-packages/airflow/example_dags/example_sensors.py
[2025-08-14T17:50:33.554+0000] {processor.py:840} INFO - DAG(s) 'example_sensors' retrieved from /home/airflow/.local/lib/python3.8/site-packages/airflow/example_dags/example_sensors.py
[2025-08-14T17:50:33.566+0000] {logging_mixin.py:188} INFO - [2025-08-14T17:50:33.566+0000] {dag.py:3047} INFO - Sync 1 DAGs
[2025-08-14T17:50:33.572+0000] {logging_mixin.py:188} INFO - [2025-08-14T17:50:33.571+0000] {dag.py:3834} INFO - Setting next_dagrun for example_sensors to None, run_after=None
[2025-08-14T17:50:33.586+0000] {processor.py:183} INFO - Processing /home/airflow/.local/lib/python3.8/site-packages/airflow/example_dags/example_sensors.py took 0.042 seconds
[2025-08-14T17:51:04.444+0000] {processor.py:161} INFO - Started process (PID=1660) to work on /home/airflow/.local/lib/python3.8/site-packages/airflow/example_dags/example_sensors.py
[2025-08-14T17:51:04.445+0000] {processor.py:830} INFO - Processing file /home/airflow/.local/lib/python3.8/site-packages/airflow/example_dags/example_sensors.py for tasks to queue
[2025-08-14T17:51:04.447+0000] {logging_mixin.py:188} INFO - [2025-08-14T17:51:04.447+0000] {dagbag.py:540} INFO - Filling up the DagBag from /home/airflow/.local/lib/python3.8/site-packages/airflow/example_dags/example_sensors.py
[2025-08-14T17:51:04.453+0000] {processor.py:840} INFO - DAG(s) 'example_sensors' retrieved from /home/airflow/.local/lib/python3.8/site-packages/airflow/example_dags/example_sensors.py
[2025-08-14T17:51:04.466+0000] {logging_mixin.py:188} INFO - [2025-08-14T17:51:04.466+0000] {dag.py:3047} INFO - Sync 1 DAGs
[2025-08-14T17:51:04.472+0000] {logging_mixin.py:188} INFO - [2025-08-14T17:51:04.472+0000] {dag.py:3834} INFO - Setting next_dagrun for example_sensors to None, run_after=None
[2025-08-14T17:51:04.486+0000] {processor.py:183} INFO - Processing /home/airflow/.local/lib/python3.8/site-packages/airflow/example_dags/example_sensors.py took 0.044 seconds
[2025-08-14T17:51:34.952+0000] {processor.py:161} INFO - Started process (PID=1716) to work on /home/airflow/.local/lib/python3.8/site-packages/airflow/example_dags/example_sensors.py
[2025-08-14T17:51:34.955+0000] {processor.py:830} INFO - Processing file /home/airflow/.local/lib/python3.8/site-packages/airflow/example_dags/example_sensors.py for tasks to queue
[2025-08-14T17:51:34.956+0000] {logging_mixin.py:188} INFO - [2025-08-14T17:51:34.956+0000] {dagbag.py:540} INFO - Filling up the DagBag from /home/airflow/.local/lib/python3.8/site-packages/airflow/example_dags/example_sensors.py
[2025-08-14T17:51:34.962+0000] {processor.py:840} INFO - DAG(s) 'example_sensors' retrieved from /home/airflow/.local/lib/python3.8/site-packages/airflow/example_dags/example_sensors.py
[2025-08-14T17:51:34.981+0000] {logging_mixin.py:188} INFO - [2025-08-14T17:51:34.981+0000] {dag.py:3047} INFO - Sync 1 DAGs
[2025-08-14T17:51:34.989+0000] {logging_mixin.py:188} INFO - [2025-08-14T17:51:34.988+0000] {dag.py:3834} INFO - Setting next_dagrun for example_sensors to None, run_after=None
[2025-08-14T17:51:35.001+0000] {processor.py:183} INFO - Processing /home/airflow/.local/lib/python3.8/site-packages/airflow/example_dags/example_sensors.py took 0.052 seconds
[2025-08-14T17:52:05.682+0000] {processor.py:161} INFO - Started process (PID=1772) to work on /home/airflow/.local/lib/python3.8/site-packages/airflow/example_dags/example_sensors.py
[2025-08-14T17:52:05.685+0000] {processor.py:830} INFO - Processing file /home/airflow/.local/lib/python3.8/site-packages/airflow/example_dags/example_sensors.py for tasks to queue
[2025-08-14T17:52:05.686+0000] {logging_mixin.py:188} INFO - [2025-08-14T17:52:05.686+0000] {dagbag.py:540} INFO - Filling up the DagBag from /home/airflow/.local/lib/python3.8/site-packages/airflow/example_dags/example_sensors.py
[2025-08-14T17:52:05.693+0000] {processor.py:840} INFO - DAG(s) 'example_sensors' retrieved from /home/airflow/.local/lib/python3.8/site-packages/airflow/example_dags/example_sensors.py
[2025-08-14T17:52:05.708+0000] {logging_mixin.py:188} INFO - [2025-08-14T17:52:05.707+0000] {dag.py:3047} INFO - Sync 1 DAGs
[2025-08-14T17:52:05.714+0000] {logging_mixin.py:188} INFO - [2025-08-14T17:52:05.714+0000] {dag.py:3834} INFO - Setting next_dagrun for example_sensors to None, run_after=None
[2025-08-14T17:52:05.731+0000] {processor.py:183} INFO - Processing /home/airflow/.local/lib/python3.8/site-packages/airflow/example_dags/example_sensors.py took 0.052 seconds
[2025-08-14T17:52:35.884+0000] {processor.py:161} INFO - Started process (PID=1828) to work on /home/airflow/.local/lib/python3.8/site-packages/airflow/example_dags/example_sensors.py
[2025-08-14T17:52:35.885+0000] {processor.py:830} INFO - Processing file /home/airflow/.local/lib/python3.8/site-packages/airflow/example_dags/example_sensors.py for tasks to queue
[2025-08-14T17:52:35.886+0000] {logging_mixin.py:188} INFO - [2025-08-14T17:52:35.886+0000] {dagbag.py:540} INFO - Filling up the DagBag from /home/airflow/.local/lib/python3.8/site-packages/airflow/example_dags/example_sensors.py
[2025-08-14T17:52:35.891+0000] {processor.py:840} INFO - DAG(s) 'example_sensors' retrieved from /home/airflow/.local/lib/python3.8/site-packages/airflow/example_dags/example_sensors.py
[2025-08-14T17:52:35.907+0000] {logging_mixin.py:188} INFO - [2025-08-14T17:52:35.907+0000] {dag.py:3047} INFO - Sync 1 DAGs
[2025-08-14T17:52:35.916+0000] {logging_mixin.py:188} INFO - [2025-08-14T17:52:35.916+0000] {dag.py:3834} INFO - Setting next_dagrun for example_sensors to None, run_after=None
[2025-08-14T17:52:35.933+0000] {processor.py:183} INFO - Processing /home/airflow/.local/lib/python3.8/site-packages/airflow/example_dags/example_sensors.py took 0.051 seconds
[2025-08-14T17:53:06.841+0000] {processor.py:161} INFO - Started process (PID=1884) to work on /home/airflow/.local/lib/python3.8/site-packages/airflow/example_dags/example_sensors.py
[2025-08-14T17:53:06.842+0000] {processor.py:830} INFO - Processing file /home/airflow/.local/lib/python3.8/site-packages/airflow/example_dags/example_sensors.py for tasks to queue
[2025-08-14T17:53:06.843+0000] {logging_mixin.py:188} INFO - [2025-08-14T17:53:06.843+0000] {dagbag.py:540} INFO - Filling up the DagBag from /home/airflow/.local/lib/python3.8/site-packages/airflow/example_dags/example_sensors.py
[2025-08-14T17:53:06.849+0000] {processor.py:840} INFO - DAG(s) 'example_sensors' retrieved from /home/airflow/.local/lib/python3.8/site-packages/airflow/example_dags/example_sensors.py
[2025-08-14T17:53:06.876+0000] {logging_mixin.py:188} INFO - [2025-08-14T17:53:06.875+0000] {dag.py:3047} INFO - Sync 1 DAGs
[2025-08-14T17:53:06.884+0000] {logging_mixin.py:188} INFO - [2025-08-14T17:53:06.884+0000] {dag.py:3834} INFO - Setting next_dagrun for example_sensors to None, run_after=None
[2025-08-14T17:53:06.897+0000] {processor.py:183} INFO - Processing /home/airflow/.local/lib/python3.8/site-packages/airflow/example_dags/example_sensors.py took 0.059 seconds
[2025-08-14T17:53:37.050+0000] {processor.py:161} INFO - Started process (PID=1940) to work on /home/airflow/.local/lib/python3.8/site-packages/airflow/example_dags/example_sensors.py
[2025-08-14T17:53:37.052+0000] {processor.py:830} INFO - Processing file /home/airflow/.local/lib/python3.8/site-packages/airflow/example_dags/example_sensors.py for tasks to queue
[2025-08-14T17:53:37.054+0000] {logging_mixin.py:188} INFO - [2025-08-14T17:53:37.053+0000] {dagbag.py:540} INFO - Filling up the DagBag from /home/airflow/.local/lib/python3.8/site-packages/airflow/example_dags/example_sensors.py
[2025-08-14T17:53:37.058+0000] {processor.py:840} INFO - DAG(s) 'example_sensors' retrieved from /home/airflow/.local/lib/python3.8/site-packages/airflow/example_dags/example_sensors.py
[2025-08-14T17:53:37.077+0000] {logging_mixin.py:188} INFO - [2025-08-14T17:53:37.077+0000] {dag.py:3047} INFO - Sync 1 DAGs
[2025-08-14T17:53:37.083+0000] {logging_mixin.py:188} INFO - [2025-08-14T17:53:37.083+0000] {dag.py:3834} INFO - Setting next_dagrun for example_sensors to None, run_after=None
[2025-08-14T17:53:37.096+0000] {processor.py:183} INFO - Processing /home/airflow/.local/lib/python3.8/site-packages/airflow/example_dags/example_sensors.py took 0.047 seconds
[2025-08-14T17:54:07.257+0000] {processor.py:161} INFO - Started process (PID=1996) to work on /home/airflow/.local/lib/python3.8/site-packages/airflow/example_dags/example_sensors.py
[2025-08-14T17:54:07.261+0000] {processor.py:830} INFO - Processing file /home/airflow/.local/lib/python3.8/site-packages/airflow/example_dags/example_sensors.py for tasks to queue
[2025-08-14T17:54:07.262+0000] {logging_mixin.py:188} INFO - [2025-08-14T17:54:07.262+0000] {dagbag.py:540} INFO - Filling up the DagBag from /home/airflow/.local/lib/python3.8/site-packages/airflow/example_dags/example_sensors.py
[2025-08-14T17:54:07.268+0000] {processor.py:840} INFO - DAG(s) 'example_sensors' retrieved from /home/airflow/.local/lib/python3.8/site-packages/airflow/example_dags/example_sensors.py
[2025-08-14T17:54:07.288+0000] {logging_mixin.py:188} INFO - [2025-08-14T17:54:07.288+0000] {dag.py:3047} INFO - Sync 1 DAGs
[2025-08-14T17:54:07.297+0000] {logging_mixin.py:188} INFO - [2025-08-14T17:54:07.297+0000] {dag.py:3834} INFO - Setting next_dagrun for example_sensors to None, run_after=None
[2025-08-14T17:54:07.314+0000] {processor.py:183} INFO - Processing /home/airflow/.local/lib/python3.8/site-packages/airflow/example_dags/example_sensors.py took 0.060 seconds
[2025-08-14T17:54:37.675+0000] {processor.py:161} INFO - Started process (PID=2052) to work on /home/airflow/.local/lib/python3.8/site-packages/airflow/example_dags/example_sensors.py
[2025-08-14T17:54:37.677+0000] {processor.py:830} INFO - Processing file /home/airflow/.local/lib/python3.8/site-packages/airflow/example_dags/example_sensors.py for tasks to queue
[2025-08-14T17:54:37.678+0000] {logging_mixin.py:188} INFO - [2025-08-14T17:54:37.678+0000] {dagbag.py:540} INFO - Filling up the DagBag from /home/airflow/.local/lib/python3.8/site-packages/airflow/example_dags/example_sensors.py
[2025-08-14T17:54:37.683+0000] {processor.py:840} INFO - DAG(s) 'example_sensors' retrieved from /home/airflow/.local/lib/python3.8/site-packages/airflow/example_dags/example_sensors.py
[2025-08-14T17:54:37.696+0000] {logging_mixin.py:188} INFO - [2025-08-14T17:54:37.696+0000] {dag.py:3047} INFO - Sync 1 DAGs
[2025-08-14T17:54:37.704+0000] {logging_mixin.py:188} INFO - [2025-08-14T17:54:37.704+0000] {dag.py:3834} INFO - Setting next_dagrun for example_sensors to None, run_after=None
[2025-08-14T17:54:37.723+0000] {processor.py:183} INFO - Processing /home/airflow/.local/lib/python3.8/site-packages/airflow/example_dags/example_sensors.py took 0.050 seconds
[2025-08-14T17:55:08.203+0000] {processor.py:161} INFO - Started process (PID=2108) to work on /home/airflow/.local/lib/python3.8/site-packages/airflow/example_dags/example_sensors.py
[2025-08-14T17:55:08.205+0000] {processor.py:830} INFO - Processing file /home/airflow/.local/lib/python3.8/site-packages/airflow/example_dags/example_sensors.py for tasks to queue
[2025-08-14T17:55:08.206+0000] {logging_mixin.py:188} INFO - [2025-08-14T17:55:08.206+0000] {dagbag.py:540} INFO - Filling up the DagBag from /home/airflow/.local/lib/python3.8/site-packages/airflow/example_dags/example_sensors.py
[2025-08-14T17:55:08.212+0000] {processor.py:840} INFO - DAG(s) 'example_sensors' retrieved from /home/airflow/.local/lib/python3.8/site-packages/airflow/example_dags/example_sensors.py
[2025-08-14T17:55:08.232+0000] {logging_mixin.py:188} INFO - [2025-08-14T17:55:08.232+0000] {dag.py:3047} INFO - Sync 1 DAGs
[2025-08-14T17:55:08.239+0000] {logging_mixin.py:188} INFO - [2025-08-14T17:55:08.239+0000] {dag.py:3834} INFO - Setting next_dagrun for example_sensors to None, run_after=None
[2025-08-14T17:55:08.249+0000] {processor.py:183} INFO - Processing /home/airflow/.local/lib/python3.8/site-packages/airflow/example_dags/example_sensors.py took 0.047 seconds
[2025-08-14T17:55:38.850+0000] {processor.py:161} INFO - Started process (PID=2164) to work on /home/airflow/.local/lib/python3.8/site-packages/airflow/example_dags/example_sensors.py
[2025-08-14T17:55:38.851+0000] {processor.py:830} INFO - Processing file /home/airflow/.local/lib/python3.8/site-packages/airflow/example_dags/example_sensors.py for tasks to queue
[2025-08-14T17:55:38.853+0000] {logging_mixin.py:188} INFO - [2025-08-14T17:55:38.852+0000] {dagbag.py:540} INFO - Filling up the DagBag from /home/airflow/.local/lib/python3.8/site-packages/airflow/example_dags/example_sensors.py
[2025-08-14T17:55:38.859+0000] {processor.py:840} INFO - DAG(s) 'example_sensors' retrieved from /home/airflow/.local/lib/python3.8/site-packages/airflow/example_dags/example_sensors.py
[2025-08-14T17:55:38.873+0000] {logging_mixin.py:188} INFO - [2025-08-14T17:55:38.873+0000] {dag.py:3047} INFO - Sync 1 DAGs
[2025-08-14T17:55:38.880+0000] {logging_mixin.py:188} INFO - [2025-08-14T17:55:38.880+0000] {dag.py:3834} INFO - Setting next_dagrun for example_sensors to None, run_after=None
[2025-08-14T17:55:38.889+0000] {processor.py:183} INFO - Processing /home/airflow/.local/lib/python3.8/site-packages/airflow/example_dags/example_sensors.py took 0.042 seconds
[2025-08-14T17:56:09.394+0000] {processor.py:161} INFO - Started process (PID=2220) to work on /home/airflow/.local/lib/python3.8/site-packages/airflow/example_dags/example_sensors.py
[2025-08-14T17:56:09.396+0000] {processor.py:830} INFO - Processing file /home/airflow/.local/lib/python3.8/site-packages/airflow/example_dags/example_sensors.py for tasks to queue
[2025-08-14T17:56:09.397+0000] {logging_mixin.py:188} INFO - [2025-08-14T17:56:09.397+0000] {dagbag.py:540} INFO - Filling up the DagBag from /home/airflow/.local/lib/python3.8/site-packages/airflow/example_dags/example_sensors.py
[2025-08-14T17:56:09.402+0000] {processor.py:840} INFO - DAG(s) 'example_sensors' retrieved from /home/airflow/.local/lib/python3.8/site-packages/airflow/example_dags/example_sensors.py
[2025-08-14T17:56:09.416+0000] {logging_mixin.py:188} INFO - [2025-08-14T17:56:09.415+0000] {dag.py:3047} INFO - Sync 1 DAGs
[2025-08-14T17:56:09.422+0000] {logging_mixin.py:188} INFO - [2025-08-14T17:56:09.422+0000] {dag.py:3834} INFO - Setting next_dagrun for example_sensors to None, run_after=None
[2025-08-14T17:56:09.439+0000] {processor.py:183} INFO - Processing /home/airflow/.local/lib/python3.8/site-packages/airflow/example_dags/example_sensors.py took 0.050 seconds
[2025-08-14T17:56:39.688+0000] {processor.py:161} INFO - Started process (PID=2276) to work on /home/airflow/.local/lib/python3.8/site-packages/airflow/example_dags/example_sensors.py
[2025-08-14T17:56:39.689+0000] {processor.py:830} INFO - Processing file /home/airflow/.local/lib/python3.8/site-packages/airflow/example_dags/example_sensors.py for tasks to queue
[2025-08-14T17:56:39.691+0000] {logging_mixin.py:188} INFO - [2025-08-14T17:56:39.691+0000] {dagbag.py:540} INFO - Filling up the DagBag from /home/airflow/.local/lib/python3.8/site-packages/airflow/example_dags/example_sensors.py
[2025-08-14T17:56:39.696+0000] {processor.py:840} INFO - DAG(s) 'example_sensors' retrieved from /home/airflow/.local/lib/python3.8/site-packages/airflow/example_dags/example_sensors.py
[2025-08-14T17:56:39.713+0000] {logging_mixin.py:188} INFO - [2025-08-14T17:56:39.713+0000] {dag.py:3047} INFO - Sync 1 DAGs
[2025-08-14T17:56:39.720+0000] {logging_mixin.py:188} INFO - [2025-08-14T17:56:39.720+0000] {dag.py:3834} INFO - Setting next_dagrun for example_sensors to None, run_after=None
[2025-08-14T17:56:39.728+0000] {processor.py:183} INFO - Processing /home/airflow/.local/lib/python3.8/site-packages/airflow/example_dags/example_sensors.py took 0.042 seconds
[2025-08-14T17:57:10.074+0000] {processor.py:161} INFO - Started process (PID=2332) to work on /home/airflow/.local/lib/python3.8/site-packages/airflow/example_dags/example_sensors.py
[2025-08-14T17:57:10.075+0000] {processor.py:830} INFO - Processing file /home/airflow/.local/lib/python3.8/site-packages/airflow/example_dags/example_sensors.py for tasks to queue
[2025-08-14T17:57:10.077+0000] {logging_mixin.py:188} INFO - [2025-08-14T17:57:10.077+0000] {dagbag.py:540} INFO - Filling up the DagBag from /home/airflow/.local/lib/python3.8/site-packages/airflow/example_dags/example_sensors.py
[2025-08-14T17:57:10.082+0000] {processor.py:840} INFO - DAG(s) 'example_sensors' retrieved from /home/airflow/.local/lib/python3.8/site-packages/airflow/example_dags/example_sensors.py
[2025-08-14T17:57:10.096+0000] {logging_mixin.py:188} INFO - [2025-08-14T17:57:10.096+0000] {dag.py:3047} INFO - Sync 1 DAGs
[2025-08-14T17:57:10.102+0000] {logging_mixin.py:188} INFO - [2025-08-14T17:57:10.102+0000] {dag.py:3834} INFO - Setting next_dagrun for example_sensors to None, run_after=None
[2025-08-14T17:57:10.111+0000] {processor.py:183} INFO - Processing /home/airflow/.local/lib/python3.8/site-packages/airflow/example_dags/example_sensors.py took 0.039 seconds
[2025-08-14T17:57:40.518+0000] {processor.py:161} INFO - Started process (PID=2388) to work on /home/airflow/.local/lib/python3.8/site-packages/airflow/example_dags/example_sensors.py
[2025-08-14T17:57:40.520+0000] {processor.py:830} INFO - Processing file /home/airflow/.local/lib/python3.8/site-packages/airflow/example_dags/example_sensors.py for tasks to queue
[2025-08-14T17:57:40.522+0000] {logging_mixin.py:188} INFO - [2025-08-14T17:57:40.522+0000] {dagbag.py:540} INFO - Filling up the DagBag from /home/airflow/.local/lib/python3.8/site-packages/airflow/example_dags/example_sensors.py
[2025-08-14T17:57:40.528+0000] {processor.py:840} INFO - DAG(s) 'example_sensors' retrieved from /home/airflow/.local/lib/python3.8/site-packages/airflow/example_dags/example_sensors.py
[2025-08-14T17:57:40.547+0000] {logging_mixin.py:188} INFO - [2025-08-14T17:57:40.547+0000] {dag.py:3047} INFO - Sync 1 DAGs
[2025-08-14T17:57:40.555+0000] {logging_mixin.py:188} INFO - [2025-08-14T17:57:40.555+0000] {dag.py:3834} INFO - Setting next_dagrun for example_sensors to None, run_after=None
[2025-08-14T17:57:40.569+0000] {processor.py:183} INFO - Processing /home/airflow/.local/lib/python3.8/site-packages/airflow/example_dags/example_sensors.py took 0.053 seconds
[2025-08-14T17:58:11.350+0000] {processor.py:161} INFO - Started process (PID=2444) to work on /home/airflow/.local/lib/python3.8/site-packages/airflow/example_dags/example_sensors.py
[2025-08-14T17:58:11.351+0000] {processor.py:830} INFO - Processing file /home/airflow/.local/lib/python3.8/site-packages/airflow/example_dags/example_sensors.py for tasks to queue
[2025-08-14T17:58:11.352+0000] {logging_mixin.py:188} INFO - [2025-08-14T17:58:11.352+0000] {dagbag.py:540} INFO - Filling up the DagBag from /home/airflow/.local/lib/python3.8/site-packages/airflow/example_dags/example_sensors.py
[2025-08-14T17:58:11.359+0000] {processor.py:840} INFO - DAG(s) 'example_sensors' retrieved from /home/airflow/.local/lib/python3.8/site-packages/airflow/example_dags/example_sensors.py
[2025-08-14T17:58:11.374+0000] {logging_mixin.py:188} INFO - [2025-08-14T17:58:11.374+0000] {dag.py:3047} INFO - Sync 1 DAGs
[2025-08-14T17:58:11.381+0000] {logging_mixin.py:188} INFO - [2025-08-14T17:58:11.381+0000] {dag.py:3834} INFO - Setting next_dagrun for example_sensors to None, run_after=None
[2025-08-14T17:58:11.393+0000] {processor.py:183} INFO - Processing /home/airflow/.local/lib/python3.8/site-packages/airflow/example_dags/example_sensors.py took 0.045 seconds
[2025-08-14T17:58:42.165+0000] {processor.py:161} INFO - Started process (PID=2500) to work on /home/airflow/.local/lib/python3.8/site-packages/airflow/example_dags/example_sensors.py
[2025-08-14T17:58:42.172+0000] {processor.py:830} INFO - Processing file /home/airflow/.local/lib/python3.8/site-packages/airflow/example_dags/example_sensors.py for tasks to queue
[2025-08-14T17:58:42.177+0000] {logging_mixin.py:188} INFO - [2025-08-14T17:58:42.177+0000] {dagbag.py:540} INFO - Filling up the DagBag from /home/airflow/.local/lib/python3.8/site-packages/airflow/example_dags/example_sensors.py
[2025-08-14T17:58:42.191+0000] {processor.py:840} INFO - DAG(s) 'example_sensors' retrieved from /home/airflow/.local/lib/python3.8/site-packages/airflow/example_dags/example_sensors.py
[2025-08-14T17:58:42.246+0000] {logging_mixin.py:188} INFO - [2025-08-14T17:58:42.245+0000] {dag.py:3047} INFO - Sync 1 DAGs
[2025-08-14T17:58:42.259+0000] {logging_mixin.py:188} INFO - [2025-08-14T17:58:42.259+0000] {dag.py:3834} INFO - Setting next_dagrun for example_sensors to None, run_after=None
[2025-08-14T17:58:42.296+0000] {processor.py:183} INFO - Processing /home/airflow/.local/lib/python3.8/site-packages/airflow/example_dags/example_sensors.py took 0.140 seconds
[2025-08-14T17:59:12.495+0000] {processor.py:161} INFO - Started process (PID=2556) to work on /home/airflow/.local/lib/python3.8/site-packages/airflow/example_dags/example_sensors.py
[2025-08-14T17:59:12.496+0000] {processor.py:830} INFO - Processing file /home/airflow/.local/lib/python3.8/site-packages/airflow/example_dags/example_sensors.py for tasks to queue
[2025-08-14T17:59:12.497+0000] {logging_mixin.py:188} INFO - [2025-08-14T17:59:12.497+0000] {dagbag.py:540} INFO - Filling up the DagBag from /home/airflow/.local/lib/python3.8/site-packages/airflow/example_dags/example_sensors.py
[2025-08-14T17:59:12.502+0000] {processor.py:840} INFO - DAG(s) 'example_sensors' retrieved from /home/airflow/.local/lib/python3.8/site-packages/airflow/example_dags/example_sensors.py
[2025-08-14T17:59:12.527+0000] {logging_mixin.py:188} INFO - [2025-08-14T17:59:12.527+0000] {dag.py:3047} INFO - Sync 1 DAGs
[2025-08-14T17:59:12.541+0000] {logging_mixin.py:188} INFO - [2025-08-14T17:59:12.541+0000] {dag.py:3834} INFO - Setting next_dagrun for example_sensors to None, run_after=None
[2025-08-14T17:59:12.599+0000] {processor.py:183} INFO - Processing /home/airflow/.local/lib/python3.8/site-packages/airflow/example_dags/example_sensors.py took 0.106 seconds
[2025-08-14T17:59:42.733+0000] {processor.py:161} INFO - Started process (PID=2612) to work on /home/airflow/.local/lib/python3.8/site-packages/airflow/example_dags/example_sensors.py
[2025-08-14T17:59:42.733+0000] {processor.py:830} INFO - Processing file /home/airflow/.local/lib/python3.8/site-packages/airflow/example_dags/example_sensors.py for tasks to queue
[2025-08-14T17:59:42.734+0000] {logging_mixin.py:188} INFO - [2025-08-14T17:59:42.734+0000] {dagbag.py:540} INFO - Filling up the DagBag from /home/airflow/.local/lib/python3.8/site-packages/airflow/example_dags/example_sensors.py
[2025-08-14T17:59:42.739+0000] {processor.py:840} INFO - DAG(s) 'example_sensors' retrieved from /home/airflow/.local/lib/python3.8/site-packages/airflow/example_dags/example_sensors.py
[2025-08-14T17:59:42.753+0000] {logging_mixin.py:188} INFO - [2025-08-14T17:59:42.753+0000] {dag.py:3047} INFO - Sync 1 DAGs
[2025-08-14T17:59:42.759+0000] {logging_mixin.py:188} INFO - [2025-08-14T17:59:42.759+0000] {dag.py:3834} INFO - Setting next_dagrun for example_sensors to None, run_after=None
[2025-08-14T17:59:42.769+0000] {processor.py:183} INFO - Processing /home/airflow/.local/lib/python3.8/site-packages/airflow/example_dags/example_sensors.py took 0.038 seconds
[2025-08-14T18:00:13.212+0000] {processor.py:161} INFO - Started process (PID=2667) to work on /home/airflow/.local/lib/python3.8/site-packages/airflow/example_dags/example_sensors.py
[2025-08-14T18:00:13.213+0000] {processor.py:830} INFO - Processing file /home/airflow/.local/lib/python3.8/site-packages/airflow/example_dags/example_sensors.py for tasks to queue
[2025-08-14T18:00:13.214+0000] {logging_mixin.py:188} INFO - [2025-08-14T18:00:13.214+0000] {dagbag.py:540} INFO - Filling up the DagBag from /home/airflow/.local/lib/python3.8/site-packages/airflow/example_dags/example_sensors.py
[2025-08-14T18:00:13.221+0000] {processor.py:840} INFO - DAG(s) 'example_sensors' retrieved from /home/airflow/.local/lib/python3.8/site-packages/airflow/example_dags/example_sensors.py
[2025-08-14T18:00:13.243+0000] {logging_mixin.py:188} INFO - [2025-08-14T18:00:13.243+0000] {dag.py:3047} INFO - Sync 1 DAGs
[2025-08-14T18:00:13.251+0000] {logging_mixin.py:188} INFO - [2025-08-14T18:00:13.251+0000] {dag.py:3834} INFO - Setting next_dagrun for example_sensors to None, run_after=None
[2025-08-14T18:00:13.261+0000] {processor.py:183} INFO - Processing /home/airflow/.local/lib/python3.8/site-packages/airflow/example_dags/example_sensors.py took 0.051 seconds
[2025-08-14T18:00:43.505+0000] {processor.py:161} INFO - Started process (PID=2723) to work on /home/airflow/.local/lib/python3.8/site-packages/airflow/example_dags/example_sensors.py
[2025-08-14T18:00:43.507+0000] {processor.py:830} INFO - Processing file /home/airflow/.local/lib/python3.8/site-packages/airflow/example_dags/example_sensors.py for tasks to queue
[2025-08-14T18:00:43.509+0000] {logging_mixin.py:188} INFO - [2025-08-14T18:00:43.509+0000] {dagbag.py:540} INFO - Filling up the DagBag from /home/airflow/.local/lib/python3.8/site-packages/airflow/example_dags/example_sensors.py
[2025-08-14T18:00:43.514+0000] {processor.py:840} INFO - DAG(s) 'example_sensors' retrieved from /home/airflow/.local/lib/python3.8/site-packages/airflow/example_dags/example_sensors.py
[2025-08-14T18:00:43.535+0000] {logging_mixin.py:188} INFO - [2025-08-14T18:00:43.535+0000] {dag.py:3047} INFO - Sync 1 DAGs
[2025-08-14T18:00:43.542+0000] {logging_mixin.py:188} INFO - [2025-08-14T18:00:43.541+0000] {dag.py:3834} INFO - Setting next_dagrun for example_sensors to None, run_after=None
[2025-08-14T18:00:43.559+0000] {processor.py:183} INFO - Processing /home/airflow/.local/lib/python3.8/site-packages/airflow/example_dags/example_sensors.py took 0.056 seconds
[2025-08-14T18:01:13.833+0000] {processor.py:161} INFO - Started process (PID=2779) to work on /home/airflow/.local/lib/python3.8/site-packages/airflow/example_dags/example_sensors.py
[2025-08-14T18:01:13.835+0000] {processor.py:830} INFO - Processing file /home/airflow/.local/lib/python3.8/site-packages/airflow/example_dags/example_sensors.py for tasks to queue
[2025-08-14T18:01:13.837+0000] {logging_mixin.py:188} INFO - [2025-08-14T18:01:13.836+0000] {dagbag.py:540} INFO - Filling up the DagBag from /home/airflow/.local/lib/python3.8/site-packages/airflow/example_dags/example_sensors.py
[2025-08-14T18:01:13.843+0000] {processor.py:840} INFO - DAG(s) 'example_sensors' retrieved from /home/airflow/.local/lib/python3.8/site-packages/airflow/example_dags/example_sensors.py
[2025-08-14T18:01:13.864+0000] {logging_mixin.py:188} INFO - [2025-08-14T18:01:13.864+0000] {dag.py:3047} INFO - Sync 1 DAGs
[2025-08-14T18:01:13.874+0000] {logging_mixin.py:188} INFO - [2025-08-14T18:01:13.874+0000] {dag.py:3834} INFO - Setting next_dagrun for example_sensors to None, run_after=None
[2025-08-14T18:01:13.889+0000] {processor.py:183} INFO - Processing /home/airflow/.local/lib/python3.8/site-packages/airflow/example_dags/example_sensors.py took 0.065 seconds
[2025-08-14T18:01:44.364+0000] {processor.py:161} INFO - Started process (PID=2835) to work on /home/airflow/.local/lib/python3.8/site-packages/airflow/example_dags/example_sensors.py
[2025-08-14T18:01:44.364+0000] {processor.py:830} INFO - Processing file /home/airflow/.local/lib/python3.8/site-packages/airflow/example_dags/example_sensors.py for tasks to queue
[2025-08-14T18:01:44.366+0000] {logging_mixin.py:188} INFO - [2025-08-14T18:01:44.365+0000] {dagbag.py:540} INFO - Filling up the DagBag from /home/airflow/.local/lib/python3.8/site-packages/airflow/example_dags/example_sensors.py
[2025-08-14T18:01:44.371+0000] {processor.py:840} INFO - DAG(s) 'example_sensors' retrieved from /home/airflow/.local/lib/python3.8/site-packages/airflow/example_dags/example_sensors.py
[2025-08-14T18:01:44.406+0000] {logging_mixin.py:188} INFO - [2025-08-14T18:01:44.406+0000] {dag.py:3047} INFO - Sync 1 DAGs
[2025-08-14T18:01:44.414+0000] {logging_mixin.py:188} INFO - [2025-08-14T18:01:44.414+0000] {dag.py:3834} INFO - Setting next_dagrun for example_sensors to None, run_after=None
[2025-08-14T18:01:44.426+0000] {processor.py:183} INFO - Processing /home/airflow/.local/lib/python3.8/site-packages/airflow/example_dags/example_sensors.py took 0.065 seconds
[2025-08-14T18:02:15.034+0000] {processor.py:161} INFO - Started process (PID=2891) to work on /home/airflow/.local/lib/python3.8/site-packages/airflow/example_dags/example_sensors.py
[2025-08-14T18:02:15.036+0000] {processor.py:830} INFO - Processing file /home/airflow/.local/lib/python3.8/site-packages/airflow/example_dags/example_sensors.py for tasks to queue
[2025-08-14T18:02:15.037+0000] {logging_mixin.py:188} INFO - [2025-08-14T18:02:15.037+0000] {dagbag.py:540} INFO - Filling up the DagBag from /home/airflow/.local/lib/python3.8/site-packages/airflow/example_dags/example_sensors.py
[2025-08-14T18:02:15.042+0000] {processor.py:840} INFO - DAG(s) 'example_sensors' retrieved from /home/airflow/.local/lib/python3.8/site-packages/airflow/example_dags/example_sensors.py
[2025-08-14T18:02:15.056+0000] {logging_mixin.py:188} INFO - [2025-08-14T18:02:15.056+0000] {dag.py:3047} INFO - Sync 1 DAGs
[2025-08-14T18:02:15.062+0000] {logging_mixin.py:188} INFO - [2025-08-14T18:02:15.062+0000] {dag.py:3834} INFO - Setting next_dagrun for example_sensors to None, run_after=None
[2025-08-14T18:02:15.083+0000] {processor.py:183} INFO - Processing /home/airflow/.local/lib/python3.8/site-packages/airflow/example_dags/example_sensors.py took 0.050 seconds
[2025-08-14T18:02:45.741+0000] {processor.py:161} INFO - Started process (PID=2947) to work on /home/airflow/.local/lib/python3.8/site-packages/airflow/example_dags/example_sensors.py
[2025-08-14T18:02:45.745+0000] {processor.py:830} INFO - Processing file /home/airflow/.local/lib/python3.8/site-packages/airflow/example_dags/example_sensors.py for tasks to queue
[2025-08-14T18:02:45.746+0000] {logging_mixin.py:188} INFO - [2025-08-14T18:02:45.746+0000] {dagbag.py:540} INFO - Filling up the DagBag from /home/airflow/.local/lib/python3.8/site-packages/airflow/example_dags/example_sensors.py
[2025-08-14T18:02:45.750+0000] {processor.py:840} INFO - DAG(s) 'example_sensors' retrieved from /home/airflow/.local/lib/python3.8/site-packages/airflow/example_dags/example_sensors.py
[2025-08-14T18:02:45.769+0000] {logging_mixin.py:188} INFO - [2025-08-14T18:02:45.769+0000] {dag.py:3047} INFO - Sync 1 DAGs
[2025-08-14T18:02:45.776+0000] {logging_mixin.py:188} INFO - [2025-08-14T18:02:45.776+0000] {dag.py:3834} INFO - Setting next_dagrun for example_sensors to None, run_after=None
[2025-08-14T18:02:45.790+0000] {processor.py:183} INFO - Processing /home/airflow/.local/lib/python3.8/site-packages/airflow/example_dags/example_sensors.py took 0.053 seconds
[2025-08-14T18:03:15.857+0000] {processor.py:161} INFO - Started process (PID=3003) to work on /home/airflow/.local/lib/python3.8/site-packages/airflow/example_dags/example_sensors.py
[2025-08-14T18:03:15.859+0000] {processor.py:830} INFO - Processing file /home/airflow/.local/lib/python3.8/site-packages/airflow/example_dags/example_sensors.py for tasks to queue
[2025-08-14T18:03:15.860+0000] {logging_mixin.py:188} INFO - [2025-08-14T18:03:15.860+0000] {dagbag.py:540} INFO - Filling up the DagBag from /home/airflow/.local/lib/python3.8/site-packages/airflow/example_dags/example_sensors.py
[2025-08-14T18:03:15.865+0000] {processor.py:840} INFO - DAG(s) 'example_sensors' retrieved from /home/airflow/.local/lib/python3.8/site-packages/airflow/example_dags/example_sensors.py
[2025-08-14T18:03:15.885+0000] {logging_mixin.py:188} INFO - [2025-08-14T18:03:15.885+0000] {dag.py:3047} INFO - Sync 1 DAGs
[2025-08-14T18:03:15.894+0000] {logging_mixin.py:188} INFO - [2025-08-14T18:03:15.894+0000] {dag.py:3834} INFO - Setting next_dagrun for example_sensors to None, run_after=None
[2025-08-14T18:03:15.909+0000] {processor.py:183} INFO - Processing /home/airflow/.local/lib/python3.8/site-packages/airflow/example_dags/example_sensors.py took 0.054 seconds
[2025-08-14T18:03:46.014+0000] {processor.py:161} INFO - Started process (PID=3059) to work on /home/airflow/.local/lib/python3.8/site-packages/airflow/example_dags/example_sensors.py
[2025-08-14T18:03:46.015+0000] {processor.py:830} INFO - Processing file /home/airflow/.local/lib/python3.8/site-packages/airflow/example_dags/example_sensors.py for tasks to queue
[2025-08-14T18:03:46.016+0000] {logging_mixin.py:188} INFO - [2025-08-14T18:03:46.016+0000] {dagbag.py:540} INFO - Filling up the DagBag from /home/airflow/.local/lib/python3.8/site-packages/airflow/example_dags/example_sensors.py
[2025-08-14T18:03:46.021+0000] {processor.py:840} INFO - DAG(s) 'example_sensors' retrieved from /home/airflow/.local/lib/python3.8/site-packages/airflow/example_dags/example_sensors.py
[2025-08-14T18:03:46.039+0000] {logging_mixin.py:188} INFO - [2025-08-14T18:03:46.039+0000] {dag.py:3047} INFO - Sync 1 DAGs
[2025-08-14T18:03:46.049+0000] {logging_mixin.py:188} INFO - [2025-08-14T18:03:46.048+0000] {dag.py:3834} INFO - Setting next_dagrun for example_sensors to None, run_after=None
[2025-08-14T18:03:46.063+0000] {processor.py:183} INFO - Processing /home/airflow/.local/lib/python3.8/site-packages/airflow/example_dags/example_sensors.py took 0.051 seconds
[2025-08-14T18:04:16.882+0000] {processor.py:161} INFO - Started process (PID=3115) to work on /home/airflow/.local/lib/python3.8/site-packages/airflow/example_dags/example_sensors.py
[2025-08-14T18:04:16.884+0000] {processor.py:830} INFO - Processing file /home/airflow/.local/lib/python3.8/site-packages/airflow/example_dags/example_sensors.py for tasks to queue
[2025-08-14T18:04:16.885+0000] {logging_mixin.py:188} INFO - [2025-08-14T18:04:16.885+0000] {dagbag.py:540} INFO - Filling up the DagBag from /home/airflow/.local/lib/python3.8/site-packages/airflow/example_dags/example_sensors.py
[2025-08-14T18:04:16.890+0000] {processor.py:840} INFO - DAG(s) 'example_sensors' retrieved from /home/airflow/.local/lib/python3.8/site-packages/airflow/example_dags/example_sensors.py
[2025-08-14T18:04:16.906+0000] {logging_mixin.py:188} INFO - [2025-08-14T18:04:16.906+0000] {dag.py:3047} INFO - Sync 1 DAGs
[2025-08-14T18:04:16.914+0000] {logging_mixin.py:188} INFO - [2025-08-14T18:04:16.914+0000] {dag.py:3834} INFO - Setting next_dagrun for example_sensors to None, run_after=None
[2025-08-14T18:04:16.931+0000] {processor.py:183} INFO - Processing /home/airflow/.local/lib/python3.8/site-packages/airflow/example_dags/example_sensors.py took 0.051 seconds
[2025-08-14T18:04:47.326+0000] {processor.py:161} INFO - Started process (PID=3171) to work on /home/airflow/.local/lib/python3.8/site-packages/airflow/example_dags/example_sensors.py
[2025-08-14T18:04:47.327+0000] {processor.py:830} INFO - Processing file /home/airflow/.local/lib/python3.8/site-packages/airflow/example_dags/example_sensors.py for tasks to queue
[2025-08-14T18:04:47.329+0000] {logging_mixin.py:188} INFO - [2025-08-14T18:04:47.329+0000] {dagbag.py:540} INFO - Filling up the DagBag from /home/airflow/.local/lib/python3.8/site-packages/airflow/example_dags/example_sensors.py
[2025-08-14T18:04:47.334+0000] {processor.py:840} INFO - DAG(s) 'example_sensors' retrieved from /home/airflow/.local/lib/python3.8/site-packages/airflow/example_dags/example_sensors.py
[2025-08-14T18:04:47.349+0000] {logging_mixin.py:188} INFO - [2025-08-14T18:04:47.349+0000] {dag.py:3047} INFO - Sync 1 DAGs
[2025-08-14T18:04:47.356+0000] {logging_mixin.py:188} INFO - [2025-08-14T18:04:47.356+0000] {dag.py:3834} INFO - Setting next_dagrun for example_sensors to None, run_after=None
[2025-08-14T18:04:47.370+0000] {processor.py:183} INFO - Processing /home/airflow/.local/lib/python3.8/site-packages/airflow/example_dags/example_sensors.py took 0.045 seconds
[2025-08-14T18:05:18.005+0000] {processor.py:161} INFO - Started process (PID=3225) to work on /home/airflow/.local/lib/python3.8/site-packages/airflow/example_dags/example_sensors.py
[2025-08-14T18:05:18.006+0000] {processor.py:830} INFO - Processing file /home/airflow/.local/lib/python3.8/site-packages/airflow/example_dags/example_sensors.py for tasks to queue
[2025-08-14T18:05:18.007+0000] {logging_mixin.py:188} INFO - [2025-08-14T18:05:18.007+0000] {dagbag.py:540} INFO - Filling up the DagBag from /home/airflow/.local/lib/python3.8/site-packages/airflow/example_dags/example_sensors.py
[2025-08-14T18:05:18.014+0000] {processor.py:840} INFO - DAG(s) 'example_sensors' retrieved from /home/airflow/.local/lib/python3.8/site-packages/airflow/example_dags/example_sensors.py
[2025-08-14T18:05:18.031+0000] {logging_mixin.py:188} INFO - [2025-08-14T18:05:18.030+0000] {dag.py:3047} INFO - Sync 1 DAGs
[2025-08-14T18:05:18.037+0000] {logging_mixin.py:188} INFO - [2025-08-14T18:05:18.037+0000] {dag.py:3834} INFO - Setting next_dagrun for example_sensors to None, run_after=None
[2025-08-14T18:05:18.049+0000] {processor.py:183} INFO - Processing /home/airflow/.local/lib/python3.8/site-packages/airflow/example_dags/example_sensors.py took 0.047 seconds
[2025-08-14T18:05:49.105+0000] {processor.py:161} INFO - Started process (PID=3281) to work on /home/airflow/.local/lib/python3.8/site-packages/airflow/example_dags/example_sensors.py
[2025-08-14T18:05:49.109+0000] {processor.py:830} INFO - Processing file /home/airflow/.local/lib/python3.8/site-packages/airflow/example_dags/example_sensors.py for tasks to queue
[2025-08-14T18:05:49.110+0000] {logging_mixin.py:188} INFO - [2025-08-14T18:05:49.110+0000] {dagbag.py:540} INFO - Filling up the DagBag from /home/airflow/.local/lib/python3.8/site-packages/airflow/example_dags/example_sensors.py
[2025-08-14T18:05:49.116+0000] {processor.py:840} INFO - DAG(s) 'example_sensors' retrieved from /home/airflow/.local/lib/python3.8/site-packages/airflow/example_dags/example_sensors.py
[2025-08-14T18:05:49.136+0000] {logging_mixin.py:188} INFO - [2025-08-14T18:05:49.136+0000] {dag.py:3047} INFO - Sync 1 DAGs
[2025-08-14T18:05:49.144+0000] {logging_mixin.py:188} INFO - [2025-08-14T18:05:49.144+0000] {dag.py:3834} INFO - Setting next_dagrun for example_sensors to None, run_after=None
[2025-08-14T18:05:49.161+0000] {processor.py:183} INFO - Processing /home/airflow/.local/lib/python3.8/site-packages/airflow/example_dags/example_sensors.py took 0.058 seconds
