[2025-08-14T17:36:44.310+0000] {processor.py:161} INFO - Started process (PID=64) to work on /home/airflow/.local/lib/python3.8/site-packages/airflow/example_dags/example_task_group.py
[2025-08-14T17:36:44.314+0000] {processor.py:830} INFO - Processing file /home/airflow/.local/lib/python3.8/site-packages/airflow/example_dags/example_task_group.py for tasks to queue
[2025-08-14T17:36:44.326+0000] {logging_mixin.py:188} INFO - [2025-08-14T17:36:44.326+0000] {dagbag.py:540} INFO - Filling up the DagBag from /home/airflow/.local/lib/python3.8/site-packages/airflow/example_dags/example_task_group.py
[2025-08-14T17:36:44.339+0000] {processor.py:840} INFO - DAG(s) 'example_task_group' retrieved from /home/airflow/.local/lib/python3.8/site-packages/airflow/example_dags/example_task_group.py
[2025-08-14T17:36:44.377+0000] {logging_mixin.py:188} INFO - [2025-08-14T17:36:44.377+0000] {dag.py:3047} INFO - Sync 1 DAGs
[2025-08-14T17:36:44.404+0000] {logging_mixin.py:188} INFO - [2025-08-14T17:36:44.404+0000] {dag.py:3834} INFO - Setting next_dagrun for example_task_group to 2025-08-13 00:00:00+00:00, run_after=2025-08-14 00:00:00+00:00
[2025-08-14T17:36:44.439+0000] {processor.py:183} INFO - Processing /home/airflow/.local/lib/python3.8/site-packages/airflow/example_dags/example_task_group.py took 0.157 seconds
[2025-08-14T17:37:14.690+0000] {processor.py:161} INFO - Started process (PID=120) to work on /home/airflow/.local/lib/python3.8/site-packages/airflow/example_dags/example_task_group.py
[2025-08-14T17:37:14.696+0000] {processor.py:830} INFO - Processing file /home/airflow/.local/lib/python3.8/site-packages/airflow/example_dags/example_task_group.py for tasks to queue
[2025-08-14T17:37:14.715+0000] {logging_mixin.py:188} INFO - [2025-08-14T17:37:14.700+0000] {dagbag.py:540} INFO - Filling up the DagBag from /home/airflow/.local/lib/python3.8/site-packages/airflow/example_dags/example_task_group.py
[2025-08-14T17:37:14.726+0000] {processor.py:840} INFO - DAG(s) 'example_task_group' retrieved from /home/airflow/.local/lib/python3.8/site-packages/airflow/example_dags/example_task_group.py
[2025-08-14T17:37:14.788+0000] {logging_mixin.py:188} INFO - [2025-08-14T17:37:14.788+0000] {dag.py:3047} INFO - Sync 1 DAGs
[2025-08-14T17:37:14.803+0000] {logging_mixin.py:188} INFO - [2025-08-14T17:37:14.803+0000] {dag.py:3834} INFO - Setting next_dagrun for example_task_group to 2025-08-13 00:00:00+00:00, run_after=2025-08-14 00:00:00+00:00
[2025-08-14T17:37:14.819+0000] {processor.py:183} INFO - Processing /home/airflow/.local/lib/python3.8/site-packages/airflow/example_dags/example_task_group.py took 0.132 seconds
[2025-08-14T17:37:45.502+0000] {processor.py:161} INFO - Started process (PID=176) to work on /home/airflow/.local/lib/python3.8/site-packages/airflow/example_dags/example_task_group.py
[2025-08-14T17:37:45.507+0000] {processor.py:830} INFO - Processing file /home/airflow/.local/lib/python3.8/site-packages/airflow/example_dags/example_task_group.py for tasks to queue
[2025-08-14T17:37:45.513+0000] {logging_mixin.py:188} INFO - [2025-08-14T17:37:45.513+0000] {dagbag.py:540} INFO - Filling up the DagBag from /home/airflow/.local/lib/python3.8/site-packages/airflow/example_dags/example_task_group.py
[2025-08-14T17:37:45.519+0000] {processor.py:840} INFO - DAG(s) 'example_task_group' retrieved from /home/airflow/.local/lib/python3.8/site-packages/airflow/example_dags/example_task_group.py
[2025-08-14T17:37:45.541+0000] {logging_mixin.py:188} INFO - [2025-08-14T17:37:45.541+0000] {dag.py:3047} INFO - Sync 1 DAGs
[2025-08-14T17:37:45.558+0000] {logging_mixin.py:188} INFO - [2025-08-14T17:37:45.557+0000] {dag.py:3834} INFO - Setting next_dagrun for example_task_group to 2025-08-13 00:00:00+00:00, run_after=2025-08-14 00:00:00+00:00
[2025-08-14T17:37:45.570+0000] {processor.py:183} INFO - Processing /home/airflow/.local/lib/python3.8/site-packages/airflow/example_dags/example_task_group.py took 0.074 seconds
[2025-08-14T17:38:16.599+0000] {processor.py:161} INFO - Started process (PID=232) to work on /home/airflow/.local/lib/python3.8/site-packages/airflow/example_dags/example_task_group.py
[2025-08-14T17:38:16.599+0000] {processor.py:830} INFO - Processing file /home/airflow/.local/lib/python3.8/site-packages/airflow/example_dags/example_task_group.py for tasks to queue
[2025-08-14T17:38:16.601+0000] {logging_mixin.py:188} INFO - [2025-08-14T17:38:16.601+0000] {dagbag.py:540} INFO - Filling up the DagBag from /home/airflow/.local/lib/python3.8/site-packages/airflow/example_dags/example_task_group.py
[2025-08-14T17:38:16.607+0000] {processor.py:840} INFO - DAG(s) 'example_task_group' retrieved from /home/airflow/.local/lib/python3.8/site-packages/airflow/example_dags/example_task_group.py
[2025-08-14T17:38:16.639+0000] {logging_mixin.py:188} INFO - [2025-08-14T17:38:16.638+0000] {dag.py:3047} INFO - Sync 1 DAGs
[2025-08-14T17:38:16.655+0000] {logging_mixin.py:188} INFO - [2025-08-14T17:38:16.655+0000] {dag.py:3834} INFO - Setting next_dagrun for example_task_group to 2025-08-13 00:00:00+00:00, run_after=2025-08-14 00:00:00+00:00
[2025-08-14T17:38:16.665+0000] {processor.py:183} INFO - Processing /home/airflow/.local/lib/python3.8/site-packages/airflow/example_dags/example_task_group.py took 0.069 seconds
[2025-08-14T17:38:47.219+0000] {processor.py:161} INFO - Started process (PID=289) to work on /home/airflow/.local/lib/python3.8/site-packages/airflow/example_dags/example_task_group.py
[2025-08-14T17:38:47.220+0000] {processor.py:830} INFO - Processing file /home/airflow/.local/lib/python3.8/site-packages/airflow/example_dags/example_task_group.py for tasks to queue
[2025-08-14T17:38:47.222+0000] {logging_mixin.py:188} INFO - [2025-08-14T17:38:47.221+0000] {dagbag.py:540} INFO - Filling up the DagBag from /home/airflow/.local/lib/python3.8/site-packages/airflow/example_dags/example_task_group.py
[2025-08-14T17:38:47.227+0000] {processor.py:840} INFO - DAG(s) 'example_task_group' retrieved from /home/airflow/.local/lib/python3.8/site-packages/airflow/example_dags/example_task_group.py
[2025-08-14T17:38:47.244+0000] {logging_mixin.py:188} INFO - [2025-08-14T17:38:47.244+0000] {dag.py:3047} INFO - Sync 1 DAGs
[2025-08-14T17:38:47.257+0000] {logging_mixin.py:188} INFO - [2025-08-14T17:38:47.257+0000] {dag.py:3834} INFO - Setting next_dagrun for example_task_group to 2025-08-13 00:00:00+00:00, run_after=2025-08-14 00:00:00+00:00
[2025-08-14T17:38:47.273+0000] {processor.py:183} INFO - Processing /home/airflow/.local/lib/python3.8/site-packages/airflow/example_dags/example_task_group.py took 0.056 seconds
[2025-08-14T17:39:17.459+0000] {processor.py:161} INFO - Started process (PID=345) to work on /home/airflow/.local/lib/python3.8/site-packages/airflow/example_dags/example_task_group.py
[2025-08-14T17:39:17.462+0000] {processor.py:830} INFO - Processing file /home/airflow/.local/lib/python3.8/site-packages/airflow/example_dags/example_task_group.py for tasks to queue
[2025-08-14T17:39:17.463+0000] {logging_mixin.py:188} INFO - [2025-08-14T17:39:17.463+0000] {dagbag.py:540} INFO - Filling up the DagBag from /home/airflow/.local/lib/python3.8/site-packages/airflow/example_dags/example_task_group.py
[2025-08-14T17:39:17.467+0000] {processor.py:840} INFO - DAG(s) 'example_task_group' retrieved from /home/airflow/.local/lib/python3.8/site-packages/airflow/example_dags/example_task_group.py
[2025-08-14T17:39:17.483+0000] {logging_mixin.py:188} INFO - [2025-08-14T17:39:17.483+0000] {dag.py:3047} INFO - Sync 1 DAGs
[2025-08-14T17:39:17.495+0000] {logging_mixin.py:188} INFO - [2025-08-14T17:39:17.495+0000] {dag.py:3834} INFO - Setting next_dagrun for example_task_group to 2025-08-13 00:00:00+00:00, run_after=2025-08-14 00:00:00+00:00
[2025-08-14T17:39:17.504+0000] {processor.py:183} INFO - Processing /home/airflow/.local/lib/python3.8/site-packages/airflow/example_dags/example_task_group.py took 0.047 seconds
[2025-08-14T17:39:47.989+0000] {processor.py:161} INFO - Started process (PID=401) to work on /home/airflow/.local/lib/python3.8/site-packages/airflow/example_dags/example_task_group.py
[2025-08-14T17:39:47.990+0000] {processor.py:830} INFO - Processing file /home/airflow/.local/lib/python3.8/site-packages/airflow/example_dags/example_task_group.py for tasks to queue
[2025-08-14T17:39:47.992+0000] {logging_mixin.py:188} INFO - [2025-08-14T17:39:47.992+0000] {dagbag.py:540} INFO - Filling up the DagBag from /home/airflow/.local/lib/python3.8/site-packages/airflow/example_dags/example_task_group.py
[2025-08-14T17:39:47.998+0000] {processor.py:840} INFO - DAG(s) 'example_task_group' retrieved from /home/airflow/.local/lib/python3.8/site-packages/airflow/example_dags/example_task_group.py
[2025-08-14T17:39:48.019+0000] {logging_mixin.py:188} INFO - [2025-08-14T17:39:48.019+0000] {dag.py:3047} INFO - Sync 1 DAGs
[2025-08-14T17:39:48.040+0000] {logging_mixin.py:188} INFO - [2025-08-14T17:39:48.040+0000] {dag.py:3834} INFO - Setting next_dagrun for example_task_group to 2025-08-13 00:00:00+00:00, run_after=2025-08-14 00:00:00+00:00
[2025-08-14T17:39:48.057+0000] {processor.py:183} INFO - Processing /home/airflow/.local/lib/python3.8/site-packages/airflow/example_dags/example_task_group.py took 0.070 seconds
[2025-08-14T17:40:18.803+0000] {processor.py:161} INFO - Started process (PID=457) to work on /home/airflow/.local/lib/python3.8/site-packages/airflow/example_dags/example_task_group.py
[2025-08-14T17:40:18.804+0000] {processor.py:830} INFO - Processing file /home/airflow/.local/lib/python3.8/site-packages/airflow/example_dags/example_task_group.py for tasks to queue
[2025-08-14T17:40:18.806+0000] {logging_mixin.py:188} INFO - [2025-08-14T17:40:18.805+0000] {dagbag.py:540} INFO - Filling up the DagBag from /home/airflow/.local/lib/python3.8/site-packages/airflow/example_dags/example_task_group.py
[2025-08-14T17:40:18.811+0000] {processor.py:840} INFO - DAG(s) 'example_task_group' retrieved from /home/airflow/.local/lib/python3.8/site-packages/airflow/example_dags/example_task_group.py
[2025-08-14T17:40:18.828+0000] {logging_mixin.py:188} INFO - [2025-08-14T17:40:18.828+0000] {dag.py:3047} INFO - Sync 1 DAGs
[2025-08-14T17:40:18.842+0000] {logging_mixin.py:188} INFO - [2025-08-14T17:40:18.841+0000] {dag.py:3834} INFO - Setting next_dagrun for example_task_group to 2025-08-13 00:00:00+00:00, run_after=2025-08-14 00:00:00+00:00
[2025-08-14T17:40:18.851+0000] {processor.py:183} INFO - Processing /home/airflow/.local/lib/python3.8/site-packages/airflow/example_dags/example_task_group.py took 0.051 seconds
[2025-08-14T17:40:49.499+0000] {processor.py:161} INFO - Started process (PID=513) to work on /home/airflow/.local/lib/python3.8/site-packages/airflow/example_dags/example_task_group.py
[2025-08-14T17:40:49.501+0000] {processor.py:830} INFO - Processing file /home/airflow/.local/lib/python3.8/site-packages/airflow/example_dags/example_task_group.py for tasks to queue
[2025-08-14T17:40:49.503+0000] {logging_mixin.py:188} INFO - [2025-08-14T17:40:49.503+0000] {dagbag.py:540} INFO - Filling up the DagBag from /home/airflow/.local/lib/python3.8/site-packages/airflow/example_dags/example_task_group.py
[2025-08-14T17:40:49.507+0000] {processor.py:840} INFO - DAG(s) 'example_task_group' retrieved from /home/airflow/.local/lib/python3.8/site-packages/airflow/example_dags/example_task_group.py
[2025-08-14T17:40:49.523+0000] {logging_mixin.py:188} INFO - [2025-08-14T17:40:49.523+0000] {dag.py:3047} INFO - Sync 1 DAGs
[2025-08-14T17:40:49.544+0000] {logging_mixin.py:188} INFO - [2025-08-14T17:40:49.544+0000] {dag.py:3834} INFO - Setting next_dagrun for example_task_group to 2025-08-13 00:00:00+00:00, run_after=2025-08-14 00:00:00+00:00
[2025-08-14T17:40:49.554+0000] {processor.py:183} INFO - Processing /home/airflow/.local/lib/python3.8/site-packages/airflow/example_dags/example_task_group.py took 0.057 seconds
[2025-08-14T17:41:19.924+0000] {processor.py:161} INFO - Started process (PID=569) to work on /home/airflow/.local/lib/python3.8/site-packages/airflow/example_dags/example_task_group.py
[2025-08-14T17:41:19.936+0000] {processor.py:830} INFO - Processing file /home/airflow/.local/lib/python3.8/site-packages/airflow/example_dags/example_task_group.py for tasks to queue
[2025-08-14T17:41:19.939+0000] {logging_mixin.py:188} INFO - [2025-08-14T17:41:19.938+0000] {dagbag.py:540} INFO - Filling up the DagBag from /home/airflow/.local/lib/python3.8/site-packages/airflow/example_dags/example_task_group.py
[2025-08-14T17:41:19.947+0000] {processor.py:840} INFO - DAG(s) 'example_task_group' retrieved from /home/airflow/.local/lib/python3.8/site-packages/airflow/example_dags/example_task_group.py
[2025-08-14T17:41:19.971+0000] {logging_mixin.py:188} INFO - [2025-08-14T17:41:19.971+0000] {dag.py:3047} INFO - Sync 1 DAGs
[2025-08-14T17:41:19.985+0000] {logging_mixin.py:188} INFO - [2025-08-14T17:41:19.985+0000] {dag.py:3834} INFO - Setting next_dagrun for example_task_group to 2025-08-13 00:00:00+00:00, run_after=2025-08-14 00:00:00+00:00
[2025-08-14T17:41:20.012+0000] {processor.py:183} INFO - Processing /home/airflow/.local/lib/python3.8/site-packages/airflow/example_dags/example_task_group.py took 0.099 seconds
[2025-08-14T17:41:50.348+0000] {processor.py:161} INFO - Started process (PID=625) to work on /home/airflow/.local/lib/python3.8/site-packages/airflow/example_dags/example_task_group.py
[2025-08-14T17:41:50.349+0000] {processor.py:830} INFO - Processing file /home/airflow/.local/lib/python3.8/site-packages/airflow/example_dags/example_task_group.py for tasks to queue
[2025-08-14T17:41:50.350+0000] {logging_mixin.py:188} INFO - [2025-08-14T17:41:50.350+0000] {dagbag.py:540} INFO - Filling up the DagBag from /home/airflow/.local/lib/python3.8/site-packages/airflow/example_dags/example_task_group.py
[2025-08-14T17:41:50.355+0000] {processor.py:840} INFO - DAG(s) 'example_task_group' retrieved from /home/airflow/.local/lib/python3.8/site-packages/airflow/example_dags/example_task_group.py
[2025-08-14T17:41:50.375+0000] {logging_mixin.py:188} INFO - [2025-08-14T17:41:50.375+0000] {dag.py:3047} INFO - Sync 1 DAGs
[2025-08-14T17:41:50.386+0000] {logging_mixin.py:188} INFO - [2025-08-14T17:41:50.386+0000] {dag.py:3834} INFO - Setting next_dagrun for example_task_group to 2025-08-13 00:00:00+00:00, run_after=2025-08-14 00:00:00+00:00
[2025-08-14T17:41:50.401+0000] {processor.py:183} INFO - Processing /home/airflow/.local/lib/python3.8/site-packages/airflow/example_dags/example_task_group.py took 0.054 seconds
[2025-08-14T17:42:21.000+0000] {processor.py:161} INFO - Started process (PID=681) to work on /home/airflow/.local/lib/python3.8/site-packages/airflow/example_dags/example_task_group.py
[2025-08-14T17:42:21.002+0000] {processor.py:830} INFO - Processing file /home/airflow/.local/lib/python3.8/site-packages/airflow/example_dags/example_task_group.py for tasks to queue
[2025-08-14T17:42:21.003+0000] {logging_mixin.py:188} INFO - [2025-08-14T17:42:21.002+0000] {dagbag.py:540} INFO - Filling up the DagBag from /home/airflow/.local/lib/python3.8/site-packages/airflow/example_dags/example_task_group.py
[2025-08-14T17:42:21.007+0000] {processor.py:840} INFO - DAG(s) 'example_task_group' retrieved from /home/airflow/.local/lib/python3.8/site-packages/airflow/example_dags/example_task_group.py
[2025-08-14T17:42:21.025+0000] {logging_mixin.py:188} INFO - [2025-08-14T17:42:21.025+0000] {dag.py:3047} INFO - Sync 1 DAGs
[2025-08-14T17:42:21.038+0000] {logging_mixin.py:188} INFO - [2025-08-14T17:42:21.038+0000] {dag.py:3834} INFO - Setting next_dagrun for example_task_group to 2025-08-13 00:00:00+00:00, run_after=2025-08-14 00:00:00+00:00
[2025-08-14T17:42:21.052+0000] {processor.py:183} INFO - Processing /home/airflow/.local/lib/python3.8/site-packages/airflow/example_dags/example_task_group.py took 0.055 seconds
[2025-08-14T17:42:51.595+0000] {processor.py:161} INFO - Started process (PID=737) to work on /home/airflow/.local/lib/python3.8/site-packages/airflow/example_dags/example_task_group.py
[2025-08-14T17:42:51.599+0000] {processor.py:830} INFO - Processing file /home/airflow/.local/lib/python3.8/site-packages/airflow/example_dags/example_task_group.py for tasks to queue
[2025-08-14T17:42:51.603+0000] {logging_mixin.py:188} INFO - [2025-08-14T17:42:51.603+0000] {dagbag.py:540} INFO - Filling up the DagBag from /home/airflow/.local/lib/python3.8/site-packages/airflow/example_dags/example_task_group.py
[2025-08-14T17:42:51.620+0000] {processor.py:840} INFO - DAG(s) 'example_task_group' retrieved from /home/airflow/.local/lib/python3.8/site-packages/airflow/example_dags/example_task_group.py
[2025-08-14T17:42:51.653+0000] {logging_mixin.py:188} INFO - [2025-08-14T17:42:51.653+0000] {dag.py:3047} INFO - Sync 1 DAGs
[2025-08-14T17:42:51.668+0000] {logging_mixin.py:188} INFO - [2025-08-14T17:42:51.668+0000] {dag.py:3834} INFO - Setting next_dagrun for example_task_group to 2025-08-13 00:00:00+00:00, run_after=2025-08-14 00:00:00+00:00
[2025-08-14T17:42:51.687+0000] {processor.py:183} INFO - Processing /home/airflow/.local/lib/python3.8/site-packages/airflow/example_dags/example_task_group.py took 0.108 seconds
[2025-08-14T17:43:22.108+0000] {processor.py:161} INFO - Started process (PID=793) to work on /home/airflow/.local/lib/python3.8/site-packages/airflow/example_dags/example_task_group.py
[2025-08-14T17:43:22.109+0000] {processor.py:830} INFO - Processing file /home/airflow/.local/lib/python3.8/site-packages/airflow/example_dags/example_task_group.py for tasks to queue
[2025-08-14T17:43:22.110+0000] {logging_mixin.py:188} INFO - [2025-08-14T17:43:22.110+0000] {dagbag.py:540} INFO - Filling up the DagBag from /home/airflow/.local/lib/python3.8/site-packages/airflow/example_dags/example_task_group.py
[2025-08-14T17:43:22.114+0000] {processor.py:840} INFO - DAG(s) 'example_task_group' retrieved from /home/airflow/.local/lib/python3.8/site-packages/airflow/example_dags/example_task_group.py
[2025-08-14T17:43:22.127+0000] {logging_mixin.py:188} INFO - [2025-08-14T17:43:22.127+0000] {dag.py:3047} INFO - Sync 1 DAGs
[2025-08-14T17:43:22.137+0000] {logging_mixin.py:188} INFO - [2025-08-14T17:43:22.137+0000] {dag.py:3834} INFO - Setting next_dagrun for example_task_group to 2025-08-13 00:00:00+00:00, run_after=2025-08-14 00:00:00+00:00
[2025-08-14T17:43:22.146+0000] {processor.py:183} INFO - Processing /home/airflow/.local/lib/python3.8/site-packages/airflow/example_dags/example_task_group.py took 0.041 seconds
[2025-08-14T17:43:52.705+0000] {processor.py:161} INFO - Started process (PID=849) to work on /home/airflow/.local/lib/python3.8/site-packages/airflow/example_dags/example_task_group.py
[2025-08-14T17:43:52.706+0000] {processor.py:830} INFO - Processing file /home/airflow/.local/lib/python3.8/site-packages/airflow/example_dags/example_task_group.py for tasks to queue
[2025-08-14T17:43:52.707+0000] {logging_mixin.py:188} INFO - [2025-08-14T17:43:52.707+0000] {dagbag.py:540} INFO - Filling up the DagBag from /home/airflow/.local/lib/python3.8/site-packages/airflow/example_dags/example_task_group.py
[2025-08-14T17:43:52.711+0000] {processor.py:840} INFO - DAG(s) 'example_task_group' retrieved from /home/airflow/.local/lib/python3.8/site-packages/airflow/example_dags/example_task_group.py
[2025-08-14T17:43:52.725+0000] {logging_mixin.py:188} INFO - [2025-08-14T17:43:52.724+0000] {dag.py:3047} INFO - Sync 1 DAGs
[2025-08-14T17:43:52.734+0000] {logging_mixin.py:188} INFO - [2025-08-14T17:43:52.734+0000] {dag.py:3834} INFO - Setting next_dagrun for example_task_group to 2025-08-13 00:00:00+00:00, run_after=2025-08-14 00:00:00+00:00
[2025-08-14T17:43:52.741+0000] {processor.py:183} INFO - Processing /home/airflow/.local/lib/python3.8/site-packages/airflow/example_dags/example_task_group.py took 0.038 seconds
[2025-08-14T17:44:23.728+0000] {processor.py:161} INFO - Started process (PID=905) to work on /home/airflow/.local/lib/python3.8/site-packages/airflow/example_dags/example_task_group.py
[2025-08-14T17:44:23.731+0000] {processor.py:830} INFO - Processing file /home/airflow/.local/lib/python3.8/site-packages/airflow/example_dags/example_task_group.py for tasks to queue
[2025-08-14T17:44:23.732+0000] {logging_mixin.py:188} INFO - [2025-08-14T17:44:23.732+0000] {dagbag.py:540} INFO - Filling up the DagBag from /home/airflow/.local/lib/python3.8/site-packages/airflow/example_dags/example_task_group.py
[2025-08-14T17:44:23.739+0000] {processor.py:840} INFO - DAG(s) 'example_task_group' retrieved from /home/airflow/.local/lib/python3.8/site-packages/airflow/example_dags/example_task_group.py
[2025-08-14T17:44:23.754+0000] {logging_mixin.py:188} INFO - [2025-08-14T17:44:23.754+0000] {dag.py:3047} INFO - Sync 1 DAGs
[2025-08-14T17:44:23.766+0000] {logging_mixin.py:188} INFO - [2025-08-14T17:44:23.765+0000] {dag.py:3834} INFO - Setting next_dagrun for example_task_group to 2025-08-13 00:00:00+00:00, run_after=2025-08-14 00:00:00+00:00
[2025-08-14T17:44:23.781+0000] {processor.py:183} INFO - Processing /home/airflow/.local/lib/python3.8/site-packages/airflow/example_dags/example_task_group.py took 0.056 seconds
[2025-08-14T17:44:54.151+0000] {processor.py:161} INFO - Started process (PID=961) to work on /home/airflow/.local/lib/python3.8/site-packages/airflow/example_dags/example_task_group.py
[2025-08-14T17:44:54.152+0000] {processor.py:830} INFO - Processing file /home/airflow/.local/lib/python3.8/site-packages/airflow/example_dags/example_task_group.py for tasks to queue
[2025-08-14T17:44:54.154+0000] {logging_mixin.py:188} INFO - [2025-08-14T17:44:54.153+0000] {dagbag.py:540} INFO - Filling up the DagBag from /home/airflow/.local/lib/python3.8/site-packages/airflow/example_dags/example_task_group.py
[2025-08-14T17:44:54.159+0000] {processor.py:840} INFO - DAG(s) 'example_task_group' retrieved from /home/airflow/.local/lib/python3.8/site-packages/airflow/example_dags/example_task_group.py
[2025-08-14T17:44:54.183+0000] {logging_mixin.py:188} INFO - [2025-08-14T17:44:54.183+0000] {dag.py:3047} INFO - Sync 1 DAGs
[2025-08-14T17:44:54.198+0000] {logging_mixin.py:188} INFO - [2025-08-14T17:44:54.197+0000] {dag.py:3834} INFO - Setting next_dagrun for example_task_group to 2025-08-13 00:00:00+00:00, run_after=2025-08-14 00:00:00+00:00
[2025-08-14T17:44:54.210+0000] {processor.py:183} INFO - Processing /home/airflow/.local/lib/python3.8/site-packages/airflow/example_dags/example_task_group.py took 0.062 seconds
[2025-08-14T17:45:24.572+0000] {processor.py:161} INFO - Started process (PID=1017) to work on /home/airflow/.local/lib/python3.8/site-packages/airflow/example_dags/example_task_group.py
[2025-08-14T17:45:24.573+0000] {processor.py:830} INFO - Processing file /home/airflow/.local/lib/python3.8/site-packages/airflow/example_dags/example_task_group.py for tasks to queue
[2025-08-14T17:45:24.574+0000] {logging_mixin.py:188} INFO - [2025-08-14T17:45:24.574+0000] {dagbag.py:540} INFO - Filling up the DagBag from /home/airflow/.local/lib/python3.8/site-packages/airflow/example_dags/example_task_group.py
[2025-08-14T17:45:24.578+0000] {processor.py:840} INFO - DAG(s) 'example_task_group' retrieved from /home/airflow/.local/lib/python3.8/site-packages/airflow/example_dags/example_task_group.py
[2025-08-14T17:45:24.589+0000] {logging_mixin.py:188} INFO - [2025-08-14T17:45:24.588+0000] {dag.py:3047} INFO - Sync 1 DAGs
[2025-08-14T17:45:24.602+0000] {logging_mixin.py:188} INFO - [2025-08-14T17:45:24.601+0000] {dag.py:3834} INFO - Setting next_dagrun for example_task_group to 2025-08-13 00:00:00+00:00, run_after=2025-08-14 00:00:00+00:00
[2025-08-14T17:45:24.610+0000] {processor.py:183} INFO - Processing /home/airflow/.local/lib/python3.8/site-packages/airflow/example_dags/example_task_group.py took 0.039 seconds
[2025-08-14T17:45:55.013+0000] {processor.py:161} INFO - Started process (PID=1073) to work on /home/airflow/.local/lib/python3.8/site-packages/airflow/example_dags/example_task_group.py
[2025-08-14T17:45:55.014+0000] {processor.py:830} INFO - Processing file /home/airflow/.local/lib/python3.8/site-packages/airflow/example_dags/example_task_group.py for tasks to queue
[2025-08-14T17:45:55.016+0000] {logging_mixin.py:188} INFO - [2025-08-14T17:45:55.016+0000] {dagbag.py:540} INFO - Filling up the DagBag from /home/airflow/.local/lib/python3.8/site-packages/airflow/example_dags/example_task_group.py
[2025-08-14T17:45:55.026+0000] {processor.py:840} INFO - DAG(s) 'example_task_group' retrieved from /home/airflow/.local/lib/python3.8/site-packages/airflow/example_dags/example_task_group.py
[2025-08-14T17:45:55.046+0000] {logging_mixin.py:188} INFO - [2025-08-14T17:45:55.045+0000] {dag.py:3047} INFO - Sync 1 DAGs
[2025-08-14T17:45:55.067+0000] {logging_mixin.py:188} INFO - [2025-08-14T17:45:55.067+0000] {dag.py:3834} INFO - Setting next_dagrun for example_task_group to 2025-08-13 00:00:00+00:00, run_after=2025-08-14 00:00:00+00:00
[2025-08-14T17:45:55.083+0000] {processor.py:183} INFO - Processing /home/airflow/.local/lib/python3.8/site-packages/airflow/example_dags/example_task_group.py took 0.073 seconds
[2025-08-14T17:46:25.536+0000] {processor.py:161} INFO - Started process (PID=1129) to work on /home/airflow/.local/lib/python3.8/site-packages/airflow/example_dags/example_task_group.py
[2025-08-14T17:46:25.537+0000] {processor.py:830} INFO - Processing file /home/airflow/.local/lib/python3.8/site-packages/airflow/example_dags/example_task_group.py for tasks to queue
[2025-08-14T17:46:25.539+0000] {logging_mixin.py:188} INFO - [2025-08-14T17:46:25.539+0000] {dagbag.py:540} INFO - Filling up the DagBag from /home/airflow/.local/lib/python3.8/site-packages/airflow/example_dags/example_task_group.py
[2025-08-14T17:46:25.544+0000] {processor.py:840} INFO - DAG(s) 'example_task_group' retrieved from /home/airflow/.local/lib/python3.8/site-packages/airflow/example_dags/example_task_group.py
[2025-08-14T17:46:25.559+0000] {logging_mixin.py:188} INFO - [2025-08-14T17:46:25.559+0000] {dag.py:3047} INFO - Sync 1 DAGs
[2025-08-14T17:46:25.576+0000] {logging_mixin.py:188} INFO - [2025-08-14T17:46:25.576+0000] {dag.py:3834} INFO - Setting next_dagrun for example_task_group to 2025-08-13 00:00:00+00:00, run_after=2025-08-14 00:00:00+00:00
[2025-08-14T17:46:25.587+0000] {processor.py:183} INFO - Processing /home/airflow/.local/lib/python3.8/site-packages/airflow/example_dags/example_task_group.py took 0.054 seconds
[2025-08-14T17:46:56.168+0000] {processor.py:161} INFO - Started process (PID=1185) to work on /home/airflow/.local/lib/python3.8/site-packages/airflow/example_dags/example_task_group.py
[2025-08-14T17:46:56.169+0000] {processor.py:830} INFO - Processing file /home/airflow/.local/lib/python3.8/site-packages/airflow/example_dags/example_task_group.py for tasks to queue
[2025-08-14T17:46:56.171+0000] {logging_mixin.py:188} INFO - [2025-08-14T17:46:56.170+0000] {dagbag.py:540} INFO - Filling up the DagBag from /home/airflow/.local/lib/python3.8/site-packages/airflow/example_dags/example_task_group.py
[2025-08-14T17:46:56.176+0000] {processor.py:840} INFO - DAG(s) 'example_task_group' retrieved from /home/airflow/.local/lib/python3.8/site-packages/airflow/example_dags/example_task_group.py
[2025-08-14T17:46:56.192+0000] {logging_mixin.py:188} INFO - [2025-08-14T17:46:56.192+0000] {dag.py:3047} INFO - Sync 1 DAGs
[2025-08-14T17:46:56.219+0000] {logging_mixin.py:188} INFO - [2025-08-14T17:46:56.219+0000] {dag.py:3834} INFO - Setting next_dagrun for example_task_group to 2025-08-13 00:00:00+00:00, run_after=2025-08-14 00:00:00+00:00
[2025-08-14T17:46:56.236+0000] {processor.py:183} INFO - Processing /home/airflow/.local/lib/python3.8/site-packages/airflow/example_dags/example_task_group.py took 0.071 seconds
[2025-08-14T17:47:26.289+0000] {processor.py:161} INFO - Started process (PID=1241) to work on /home/airflow/.local/lib/python3.8/site-packages/airflow/example_dags/example_task_group.py
[2025-08-14T17:47:26.292+0000] {processor.py:830} INFO - Processing file /home/airflow/.local/lib/python3.8/site-packages/airflow/example_dags/example_task_group.py for tasks to queue
[2025-08-14T17:47:26.294+0000] {logging_mixin.py:188} INFO - [2025-08-14T17:47:26.294+0000] {dagbag.py:540} INFO - Filling up the DagBag from /home/airflow/.local/lib/python3.8/site-packages/airflow/example_dags/example_task_group.py
[2025-08-14T17:47:26.301+0000] {processor.py:840} INFO - DAG(s) 'example_task_group' retrieved from /home/airflow/.local/lib/python3.8/site-packages/airflow/example_dags/example_task_group.py
[2025-08-14T17:47:26.323+0000] {logging_mixin.py:188} INFO - [2025-08-14T17:47:26.323+0000] {dag.py:3047} INFO - Sync 1 DAGs
[2025-08-14T17:47:26.340+0000] {logging_mixin.py:188} INFO - [2025-08-14T17:47:26.339+0000] {dag.py:3834} INFO - Setting next_dagrun for example_task_group to 2025-08-13 00:00:00+00:00, run_after=2025-08-14 00:00:00+00:00
[2025-08-14T17:47:26.356+0000] {processor.py:183} INFO - Processing /home/airflow/.local/lib/python3.8/site-packages/airflow/example_dags/example_task_group.py took 0.070 seconds
[2025-08-14T17:47:56.574+0000] {processor.py:161} INFO - Started process (PID=1296) to work on /home/airflow/.local/lib/python3.8/site-packages/airflow/example_dags/example_task_group.py
[2025-08-14T17:47:56.575+0000] {processor.py:830} INFO - Processing file /home/airflow/.local/lib/python3.8/site-packages/airflow/example_dags/example_task_group.py for tasks to queue
[2025-08-14T17:47:56.576+0000] {logging_mixin.py:188} INFO - [2025-08-14T17:47:56.576+0000] {dagbag.py:540} INFO - Filling up the DagBag from /home/airflow/.local/lib/python3.8/site-packages/airflow/example_dags/example_task_group.py
[2025-08-14T17:47:56.590+0000] {processor.py:840} INFO - DAG(s) 'example_task_group' retrieved from /home/airflow/.local/lib/python3.8/site-packages/airflow/example_dags/example_task_group.py
[2025-08-14T17:47:56.613+0000] {logging_mixin.py:188} INFO - [2025-08-14T17:47:56.613+0000] {dag.py:3047} INFO - Sync 1 DAGs
[2025-08-14T17:47:56.625+0000] {logging_mixin.py:188} INFO - [2025-08-14T17:47:56.624+0000] {dag.py:3834} INFO - Setting next_dagrun for example_task_group to 2025-08-13 00:00:00+00:00, run_after=2025-08-14 00:00:00+00:00
[2025-08-14T17:47:56.634+0000] {processor.py:183} INFO - Processing /home/airflow/.local/lib/python3.8/site-packages/airflow/example_dags/example_task_group.py took 0.062 seconds
[2025-08-14T17:48:26.860+0000] {processor.py:161} INFO - Started process (PID=1352) to work on /home/airflow/.local/lib/python3.8/site-packages/airflow/example_dags/example_task_group.py
[2025-08-14T17:48:26.861+0000] {processor.py:830} INFO - Processing file /home/airflow/.local/lib/python3.8/site-packages/airflow/example_dags/example_task_group.py for tasks to queue
[2025-08-14T17:48:26.862+0000] {logging_mixin.py:188} INFO - [2025-08-14T17:48:26.862+0000] {dagbag.py:540} INFO - Filling up the DagBag from /home/airflow/.local/lib/python3.8/site-packages/airflow/example_dags/example_task_group.py
[2025-08-14T17:48:26.867+0000] {processor.py:840} INFO - DAG(s) 'example_task_group' retrieved from /home/airflow/.local/lib/python3.8/site-packages/airflow/example_dags/example_task_group.py
[2025-08-14T17:48:26.879+0000] {logging_mixin.py:188} INFO - [2025-08-14T17:48:26.879+0000] {dag.py:3047} INFO - Sync 1 DAGs
[2025-08-14T17:48:26.890+0000] {logging_mixin.py:188} INFO - [2025-08-14T17:48:26.890+0000] {dag.py:3834} INFO - Setting next_dagrun for example_task_group to 2025-08-13 00:00:00+00:00, run_after=2025-08-14 00:00:00+00:00
[2025-08-14T17:48:26.898+0000] {processor.py:183} INFO - Processing /home/airflow/.local/lib/python3.8/site-packages/airflow/example_dags/example_task_group.py took 0.041 seconds
[2025-08-14T17:48:57.387+0000] {processor.py:161} INFO - Started process (PID=1409) to work on /home/airflow/.local/lib/python3.8/site-packages/airflow/example_dags/example_task_group.py
[2025-08-14T17:48:57.389+0000] {processor.py:830} INFO - Processing file /home/airflow/.local/lib/python3.8/site-packages/airflow/example_dags/example_task_group.py for tasks to queue
[2025-08-14T17:48:57.392+0000] {logging_mixin.py:188} INFO - [2025-08-14T17:48:57.392+0000] {dagbag.py:540} INFO - Filling up the DagBag from /home/airflow/.local/lib/python3.8/site-packages/airflow/example_dags/example_task_group.py
[2025-08-14T17:48:57.398+0000] {processor.py:840} INFO - DAG(s) 'example_task_group' retrieved from /home/airflow/.local/lib/python3.8/site-packages/airflow/example_dags/example_task_group.py
[2025-08-14T17:48:57.416+0000] {logging_mixin.py:188} INFO - [2025-08-14T17:48:57.416+0000] {dag.py:3047} INFO - Sync 1 DAGs
[2025-08-14T17:48:57.432+0000] {logging_mixin.py:188} INFO - [2025-08-14T17:48:57.432+0000] {dag.py:3834} INFO - Setting next_dagrun for example_task_group to 2025-08-13 00:00:00+00:00, run_after=2025-08-14 00:00:00+00:00
[2025-08-14T17:48:57.445+0000] {processor.py:183} INFO - Processing /home/airflow/.local/lib/python3.8/site-packages/airflow/example_dags/example_task_group.py took 0.062 seconds
[2025-08-14T17:49:27.607+0000] {processor.py:161} INFO - Started process (PID=1465) to work on /home/airflow/.local/lib/python3.8/site-packages/airflow/example_dags/example_task_group.py
[2025-08-14T17:49:27.610+0000] {processor.py:830} INFO - Processing file /home/airflow/.local/lib/python3.8/site-packages/airflow/example_dags/example_task_group.py for tasks to queue
[2025-08-14T17:49:27.613+0000] {logging_mixin.py:188} INFO - [2025-08-14T17:49:27.612+0000] {dagbag.py:540} INFO - Filling up the DagBag from /home/airflow/.local/lib/python3.8/site-packages/airflow/example_dags/example_task_group.py
[2025-08-14T17:49:27.620+0000] {processor.py:840} INFO - DAG(s) 'example_task_group' retrieved from /home/airflow/.local/lib/python3.8/site-packages/airflow/example_dags/example_task_group.py
[2025-08-14T17:49:27.641+0000] {logging_mixin.py:188} INFO - [2025-08-14T17:49:27.641+0000] {dag.py:3047} INFO - Sync 1 DAGs
[2025-08-14T17:49:27.657+0000] {logging_mixin.py:188} INFO - [2025-08-14T17:49:27.657+0000] {dag.py:3834} INFO - Setting next_dagrun for example_task_group to 2025-08-13 00:00:00+00:00, run_after=2025-08-14 00:00:00+00:00
[2025-08-14T17:49:27.694+0000] {processor.py:183} INFO - Processing /home/airflow/.local/lib/python3.8/site-packages/airflow/example_dags/example_task_group.py took 0.092 seconds
[2025-08-14T17:49:58.688+0000] {processor.py:161} INFO - Started process (PID=1521) to work on /home/airflow/.local/lib/python3.8/site-packages/airflow/example_dags/example_task_group.py
[2025-08-14T17:49:58.690+0000] {processor.py:830} INFO - Processing file /home/airflow/.local/lib/python3.8/site-packages/airflow/example_dags/example_task_group.py for tasks to queue
[2025-08-14T17:49:58.692+0000] {logging_mixin.py:188} INFO - [2025-08-14T17:49:58.692+0000] {dagbag.py:540} INFO - Filling up the DagBag from /home/airflow/.local/lib/python3.8/site-packages/airflow/example_dags/example_task_group.py
[2025-08-14T17:49:58.703+0000] {processor.py:840} INFO - DAG(s) 'example_task_group' retrieved from /home/airflow/.local/lib/python3.8/site-packages/airflow/example_dags/example_task_group.py
[2025-08-14T17:49:58.725+0000] {logging_mixin.py:188} INFO - [2025-08-14T17:49:58.725+0000] {dag.py:3047} INFO - Sync 1 DAGs
[2025-08-14T17:49:58.740+0000] {logging_mixin.py:188} INFO - [2025-08-14T17:49:58.740+0000] {dag.py:3834} INFO - Setting next_dagrun for example_task_group to 2025-08-13 00:00:00+00:00, run_after=2025-08-14 00:00:00+00:00
[2025-08-14T17:49:58.751+0000] {processor.py:183} INFO - Processing /home/airflow/.local/lib/python3.8/site-packages/airflow/example_dags/example_task_group.py took 0.068 seconds
[2025-08-14T17:50:28.874+0000] {processor.py:161} INFO - Started process (PID=1577) to work on /home/airflow/.local/lib/python3.8/site-packages/airflow/example_dags/example_task_group.py
[2025-08-14T17:50:28.875+0000] {processor.py:830} INFO - Processing file /home/airflow/.local/lib/python3.8/site-packages/airflow/example_dags/example_task_group.py for tasks to queue
[2025-08-14T17:50:28.876+0000] {logging_mixin.py:188} INFO - [2025-08-14T17:50:28.875+0000] {dagbag.py:540} INFO - Filling up the DagBag from /home/airflow/.local/lib/python3.8/site-packages/airflow/example_dags/example_task_group.py
[2025-08-14T17:50:28.882+0000] {processor.py:840} INFO - DAG(s) 'example_task_group' retrieved from /home/airflow/.local/lib/python3.8/site-packages/airflow/example_dags/example_task_group.py
[2025-08-14T17:50:28.909+0000] {logging_mixin.py:188} INFO - [2025-08-14T17:50:28.909+0000] {dag.py:3047} INFO - Sync 1 DAGs
[2025-08-14T17:50:28.935+0000] {logging_mixin.py:188} INFO - [2025-08-14T17:50:28.935+0000] {dag.py:3834} INFO - Setting next_dagrun for example_task_group to 2025-08-13 00:00:00+00:00, run_after=2025-08-14 00:00:00+00:00
[2025-08-14T17:50:28.955+0000] {processor.py:183} INFO - Processing /home/airflow/.local/lib/python3.8/site-packages/airflow/example_dags/example_task_group.py took 0.083 seconds
[2025-08-14T17:50:59.335+0000] {processor.py:161} INFO - Started process (PID=1633) to work on /home/airflow/.local/lib/python3.8/site-packages/airflow/example_dags/example_task_group.py
[2025-08-14T17:50:59.337+0000] {processor.py:830} INFO - Processing file /home/airflow/.local/lib/python3.8/site-packages/airflow/example_dags/example_task_group.py for tasks to queue
[2025-08-14T17:50:59.338+0000] {logging_mixin.py:188} INFO - [2025-08-14T17:50:59.338+0000] {dagbag.py:540} INFO - Filling up the DagBag from /home/airflow/.local/lib/python3.8/site-packages/airflow/example_dags/example_task_group.py
[2025-08-14T17:50:59.344+0000] {processor.py:840} INFO - DAG(s) 'example_task_group' retrieved from /home/airflow/.local/lib/python3.8/site-packages/airflow/example_dags/example_task_group.py
[2025-08-14T17:50:59.361+0000] {logging_mixin.py:188} INFO - [2025-08-14T17:50:59.361+0000] {dag.py:3047} INFO - Sync 1 DAGs
[2025-08-14T17:50:59.375+0000] {logging_mixin.py:188} INFO - [2025-08-14T17:50:59.375+0000] {dag.py:3834} INFO - Setting next_dagrun for example_task_group to 2025-08-13 00:00:00+00:00, run_after=2025-08-14 00:00:00+00:00
[2025-08-14T17:50:59.385+0000] {processor.py:183} INFO - Processing /home/airflow/.local/lib/python3.8/site-packages/airflow/example_dags/example_task_group.py took 0.053 seconds
[2025-08-14T17:51:29.728+0000] {processor.py:161} INFO - Started process (PID=1689) to work on /home/airflow/.local/lib/python3.8/site-packages/airflow/example_dags/example_task_group.py
[2025-08-14T17:51:29.730+0000] {processor.py:830} INFO - Processing file /home/airflow/.local/lib/python3.8/site-packages/airflow/example_dags/example_task_group.py for tasks to queue
[2025-08-14T17:51:29.731+0000] {logging_mixin.py:188} INFO - [2025-08-14T17:51:29.731+0000] {dagbag.py:540} INFO - Filling up the DagBag from /home/airflow/.local/lib/python3.8/site-packages/airflow/example_dags/example_task_group.py
[2025-08-14T17:51:29.739+0000] {processor.py:840} INFO - DAG(s) 'example_task_group' retrieved from /home/airflow/.local/lib/python3.8/site-packages/airflow/example_dags/example_task_group.py
[2025-08-14T17:51:29.754+0000] {logging_mixin.py:188} INFO - [2025-08-14T17:51:29.753+0000] {dag.py:3047} INFO - Sync 1 DAGs
[2025-08-14T17:51:29.766+0000] {logging_mixin.py:188} INFO - [2025-08-14T17:51:29.766+0000] {dag.py:3834} INFO - Setting next_dagrun for example_task_group to 2025-08-13 00:00:00+00:00, run_after=2025-08-14 00:00:00+00:00
[2025-08-14T17:51:29.776+0000] {processor.py:183} INFO - Processing /home/airflow/.local/lib/python3.8/site-packages/airflow/example_dags/example_task_group.py took 0.052 seconds
[2025-08-14T17:52:00.435+0000] {processor.py:161} INFO - Started process (PID=1745) to work on /home/airflow/.local/lib/python3.8/site-packages/airflow/example_dags/example_task_group.py
[2025-08-14T17:52:00.436+0000] {processor.py:830} INFO - Processing file /home/airflow/.local/lib/python3.8/site-packages/airflow/example_dags/example_task_group.py for tasks to queue
[2025-08-14T17:52:00.438+0000] {logging_mixin.py:188} INFO - [2025-08-14T17:52:00.438+0000] {dagbag.py:540} INFO - Filling up the DagBag from /home/airflow/.local/lib/python3.8/site-packages/airflow/example_dags/example_task_group.py
[2025-08-14T17:52:00.442+0000] {processor.py:840} INFO - DAG(s) 'example_task_group' retrieved from /home/airflow/.local/lib/python3.8/site-packages/airflow/example_dags/example_task_group.py
[2025-08-14T17:52:00.463+0000] {logging_mixin.py:188} INFO - [2025-08-14T17:52:00.463+0000] {dag.py:3047} INFO - Sync 1 DAGs
[2025-08-14T17:52:00.474+0000] {logging_mixin.py:188} INFO - [2025-08-14T17:52:00.474+0000] {dag.py:3834} INFO - Setting next_dagrun for example_task_group to 2025-08-13 00:00:00+00:00, run_after=2025-08-14 00:00:00+00:00
[2025-08-14T17:52:00.490+0000] {processor.py:183} INFO - Processing /home/airflow/.local/lib/python3.8/site-packages/airflow/example_dags/example_task_group.py took 0.056 seconds
[2025-08-14T17:52:30.877+0000] {processor.py:161} INFO - Started process (PID=1801) to work on /home/airflow/.local/lib/python3.8/site-packages/airflow/example_dags/example_task_group.py
[2025-08-14T17:52:30.878+0000] {processor.py:830} INFO - Processing file /home/airflow/.local/lib/python3.8/site-packages/airflow/example_dags/example_task_group.py for tasks to queue
[2025-08-14T17:52:30.879+0000] {logging_mixin.py:188} INFO - [2025-08-14T17:52:30.879+0000] {dagbag.py:540} INFO - Filling up the DagBag from /home/airflow/.local/lib/python3.8/site-packages/airflow/example_dags/example_task_group.py
[2025-08-14T17:52:30.884+0000] {processor.py:840} INFO - DAG(s) 'example_task_group' retrieved from /home/airflow/.local/lib/python3.8/site-packages/airflow/example_dags/example_task_group.py
[2025-08-14T17:52:30.897+0000] {logging_mixin.py:188} INFO - [2025-08-14T17:52:30.897+0000] {dag.py:3047} INFO - Sync 1 DAGs
[2025-08-14T17:52:30.911+0000] {logging_mixin.py:188} INFO - [2025-08-14T17:52:30.911+0000] {dag.py:3834} INFO - Setting next_dagrun for example_task_group to 2025-08-13 00:00:00+00:00, run_after=2025-08-14 00:00:00+00:00
[2025-08-14T17:52:30.923+0000] {processor.py:183} INFO - Processing /home/airflow/.local/lib/python3.8/site-packages/airflow/example_dags/example_task_group.py took 0.048 seconds
[2025-08-14T17:53:01.180+0000] {processor.py:161} INFO - Started process (PID=1857) to work on /home/airflow/.local/lib/python3.8/site-packages/airflow/example_dags/example_task_group.py
[2025-08-14T17:53:01.181+0000] {processor.py:830} INFO - Processing file /home/airflow/.local/lib/python3.8/site-packages/airflow/example_dags/example_task_group.py for tasks to queue
[2025-08-14T17:53:01.182+0000] {logging_mixin.py:188} INFO - [2025-08-14T17:53:01.182+0000] {dagbag.py:540} INFO - Filling up the DagBag from /home/airflow/.local/lib/python3.8/site-packages/airflow/example_dags/example_task_group.py
[2025-08-14T17:53:01.187+0000] {processor.py:840} INFO - DAG(s) 'example_task_group' retrieved from /home/airflow/.local/lib/python3.8/site-packages/airflow/example_dags/example_task_group.py
[2025-08-14T17:53:01.200+0000] {logging_mixin.py:188} INFO - [2025-08-14T17:53:01.200+0000] {dag.py:3047} INFO - Sync 1 DAGs
[2025-08-14T17:53:01.213+0000] {logging_mixin.py:188} INFO - [2025-08-14T17:53:01.213+0000] {dag.py:3834} INFO - Setting next_dagrun for example_task_group to 2025-08-13 00:00:00+00:00, run_after=2025-08-14 00:00:00+00:00
[2025-08-14T17:53:01.228+0000] {processor.py:183} INFO - Processing /home/airflow/.local/lib/python3.8/site-packages/airflow/example_dags/example_task_group.py took 0.050 seconds
[2025-08-14T17:53:31.603+0000] {processor.py:161} INFO - Started process (PID=1913) to work on /home/airflow/.local/lib/python3.8/site-packages/airflow/example_dags/example_task_group.py
[2025-08-14T17:53:31.604+0000] {processor.py:830} INFO - Processing file /home/airflow/.local/lib/python3.8/site-packages/airflow/example_dags/example_task_group.py for tasks to queue
[2025-08-14T17:53:31.605+0000] {logging_mixin.py:188} INFO - [2025-08-14T17:53:31.605+0000] {dagbag.py:540} INFO - Filling up the DagBag from /home/airflow/.local/lib/python3.8/site-packages/airflow/example_dags/example_task_group.py
[2025-08-14T17:53:31.610+0000] {processor.py:840} INFO - DAG(s) 'example_task_group' retrieved from /home/airflow/.local/lib/python3.8/site-packages/airflow/example_dags/example_task_group.py
[2025-08-14T17:53:31.628+0000] {logging_mixin.py:188} INFO - [2025-08-14T17:53:31.628+0000] {dag.py:3047} INFO - Sync 1 DAGs
[2025-08-14T17:53:31.640+0000] {logging_mixin.py:188} INFO - [2025-08-14T17:53:31.640+0000] {dag.py:3834} INFO - Setting next_dagrun for example_task_group to 2025-08-13 00:00:00+00:00, run_after=2025-08-14 00:00:00+00:00
[2025-08-14T17:53:31.656+0000] {processor.py:183} INFO - Processing /home/airflow/.local/lib/python3.8/site-packages/airflow/example_dags/example_task_group.py took 0.055 seconds
[2025-08-14T17:54:01.866+0000] {processor.py:161} INFO - Started process (PID=1968) to work on /home/airflow/.local/lib/python3.8/site-packages/airflow/example_dags/example_task_group.py
[2025-08-14T17:54:01.867+0000] {processor.py:830} INFO - Processing file /home/airflow/.local/lib/python3.8/site-packages/airflow/example_dags/example_task_group.py for tasks to queue
[2025-08-14T17:54:01.872+0000] {logging_mixin.py:188} INFO - [2025-08-14T17:54:01.872+0000] {dagbag.py:540} INFO - Filling up the DagBag from /home/airflow/.local/lib/python3.8/site-packages/airflow/example_dags/example_task_group.py
[2025-08-14T17:54:01.876+0000] {processor.py:840} INFO - DAG(s) 'example_task_group' retrieved from /home/airflow/.local/lib/python3.8/site-packages/airflow/example_dags/example_task_group.py
[2025-08-14T17:54:01.897+0000] {logging_mixin.py:188} INFO - [2025-08-14T17:54:01.897+0000] {dag.py:3047} INFO - Sync 1 DAGs
[2025-08-14T17:54:01.910+0000] {logging_mixin.py:188} INFO - [2025-08-14T17:54:01.910+0000] {dag.py:3834} INFO - Setting next_dagrun for example_task_group to 2025-08-13 00:00:00+00:00, run_after=2025-08-14 00:00:00+00:00
[2025-08-14T17:54:01.920+0000] {processor.py:183} INFO - Processing /home/airflow/.local/lib/python3.8/site-packages/airflow/example_dags/example_task_group.py took 0.056 seconds
[2025-08-14T17:54:32.282+0000] {processor.py:161} INFO - Started process (PID=2024) to work on /home/airflow/.local/lib/python3.8/site-packages/airflow/example_dags/example_task_group.py
[2025-08-14T17:54:32.283+0000] {processor.py:830} INFO - Processing file /home/airflow/.local/lib/python3.8/site-packages/airflow/example_dags/example_task_group.py for tasks to queue
[2025-08-14T17:54:32.284+0000] {logging_mixin.py:188} INFO - [2025-08-14T17:54:32.284+0000] {dagbag.py:540} INFO - Filling up the DagBag from /home/airflow/.local/lib/python3.8/site-packages/airflow/example_dags/example_task_group.py
[2025-08-14T17:54:32.290+0000] {processor.py:840} INFO - DAG(s) 'example_task_group' retrieved from /home/airflow/.local/lib/python3.8/site-packages/airflow/example_dags/example_task_group.py
[2025-08-14T17:54:32.324+0000] {logging_mixin.py:188} INFO - [2025-08-14T17:54:32.324+0000] {dag.py:3047} INFO - Sync 1 DAGs
[2025-08-14T17:54:32.347+0000] {logging_mixin.py:188} INFO - [2025-08-14T17:54:32.347+0000] {dag.py:3834} INFO - Setting next_dagrun for example_task_group to 2025-08-13 00:00:00+00:00, run_after=2025-08-14 00:00:00+00:00
[2025-08-14T17:54:32.364+0000] {processor.py:183} INFO - Processing /home/airflow/.local/lib/python3.8/site-packages/airflow/example_dags/example_task_group.py took 0.085 seconds
[2025-08-14T17:55:02.403+0000] {processor.py:161} INFO - Started process (PID=2079) to work on /home/airflow/.local/lib/python3.8/site-packages/airflow/example_dags/example_task_group.py
[2025-08-14T17:55:02.404+0000] {processor.py:830} INFO - Processing file /home/airflow/.local/lib/python3.8/site-packages/airflow/example_dags/example_task_group.py for tasks to queue
[2025-08-14T17:55:02.404+0000] {logging_mixin.py:188} INFO - [2025-08-14T17:55:02.404+0000] {dagbag.py:540} INFO - Filling up the DagBag from /home/airflow/.local/lib/python3.8/site-packages/airflow/example_dags/example_task_group.py
[2025-08-14T17:55:02.408+0000] {processor.py:840} INFO - DAG(s) 'example_task_group' retrieved from /home/airflow/.local/lib/python3.8/site-packages/airflow/example_dags/example_task_group.py
[2025-08-14T17:55:02.418+0000] {logging_mixin.py:188} INFO - [2025-08-14T17:55:02.418+0000] {dag.py:3047} INFO - Sync 1 DAGs
[2025-08-14T17:55:02.428+0000] {logging_mixin.py:188} INFO - [2025-08-14T17:55:02.428+0000] {dag.py:3834} INFO - Setting next_dagrun for example_task_group to 2025-08-13 00:00:00+00:00, run_after=2025-08-14 00:00:00+00:00
[2025-08-14T17:55:02.435+0000] {processor.py:183} INFO - Processing /home/airflow/.local/lib/python3.8/site-packages/airflow/example_dags/example_task_group.py took 0.034 seconds
[2025-08-14T17:55:32.644+0000] {processor.py:161} INFO - Started process (PID=2135) to work on /home/airflow/.local/lib/python3.8/site-packages/airflow/example_dags/example_task_group.py
[2025-08-14T17:55:32.645+0000] {processor.py:830} INFO - Processing file /home/airflow/.local/lib/python3.8/site-packages/airflow/example_dags/example_task_group.py for tasks to queue
[2025-08-14T17:55:32.645+0000] {logging_mixin.py:188} INFO - [2025-08-14T17:55:32.645+0000] {dagbag.py:540} INFO - Filling up the DagBag from /home/airflow/.local/lib/python3.8/site-packages/airflow/example_dags/example_task_group.py
[2025-08-14T17:55:32.649+0000] {processor.py:840} INFO - DAG(s) 'example_task_group' retrieved from /home/airflow/.local/lib/python3.8/site-packages/airflow/example_dags/example_task_group.py
[2025-08-14T17:55:32.660+0000] {logging_mixin.py:188} INFO - [2025-08-14T17:55:32.659+0000] {dag.py:3047} INFO - Sync 1 DAGs
[2025-08-14T17:55:32.669+0000] {logging_mixin.py:188} INFO - [2025-08-14T17:55:32.669+0000] {dag.py:3834} INFO - Setting next_dagrun for example_task_group to 2025-08-13 00:00:00+00:00, run_after=2025-08-14 00:00:00+00:00
[2025-08-14T17:55:32.677+0000] {processor.py:183} INFO - Processing /home/airflow/.local/lib/python3.8/site-packages/airflow/example_dags/example_task_group.py took 0.035 seconds
[2025-08-14T17:56:03.074+0000] {processor.py:161} INFO - Started process (PID=2191) to work on /home/airflow/.local/lib/python3.8/site-packages/airflow/example_dags/example_task_group.py
[2025-08-14T17:56:03.074+0000] {processor.py:830} INFO - Processing file /home/airflow/.local/lib/python3.8/site-packages/airflow/example_dags/example_task_group.py for tasks to queue
[2025-08-14T17:56:03.075+0000] {logging_mixin.py:188} INFO - [2025-08-14T17:56:03.075+0000] {dagbag.py:540} INFO - Filling up the DagBag from /home/airflow/.local/lib/python3.8/site-packages/airflow/example_dags/example_task_group.py
[2025-08-14T17:56:03.080+0000] {processor.py:840} INFO - DAG(s) 'example_task_group' retrieved from /home/airflow/.local/lib/python3.8/site-packages/airflow/example_dags/example_task_group.py
[2025-08-14T17:56:03.094+0000] {logging_mixin.py:188} INFO - [2025-08-14T17:56:03.093+0000] {dag.py:3047} INFO - Sync 1 DAGs
[2025-08-14T17:56:03.106+0000] {logging_mixin.py:188} INFO - [2025-08-14T17:56:03.106+0000] {dag.py:3834} INFO - Setting next_dagrun for example_task_group to 2025-08-13 00:00:00+00:00, run_after=2025-08-14 00:00:00+00:00
[2025-08-14T17:56:03.123+0000] {processor.py:183} INFO - Processing /home/airflow/.local/lib/python3.8/site-packages/airflow/example_dags/example_task_group.py took 0.051 seconds
[2025-08-14T17:56:33.630+0000] {processor.py:161} INFO - Started process (PID=2247) to work on /home/airflow/.local/lib/python3.8/site-packages/airflow/example_dags/example_task_group.py
[2025-08-14T17:56:33.631+0000] {processor.py:830} INFO - Processing file /home/airflow/.local/lib/python3.8/site-packages/airflow/example_dags/example_task_group.py for tasks to queue
[2025-08-14T17:56:33.632+0000] {logging_mixin.py:188} INFO - [2025-08-14T17:56:33.632+0000] {dagbag.py:540} INFO - Filling up the DagBag from /home/airflow/.local/lib/python3.8/site-packages/airflow/example_dags/example_task_group.py
[2025-08-14T17:56:33.637+0000] {processor.py:840} INFO - DAG(s) 'example_task_group' retrieved from /home/airflow/.local/lib/python3.8/site-packages/airflow/example_dags/example_task_group.py
[2025-08-14T17:56:33.649+0000] {logging_mixin.py:188} INFO - [2025-08-14T17:56:33.649+0000] {dag.py:3047} INFO - Sync 1 DAGs
[2025-08-14T17:56:33.659+0000] {logging_mixin.py:188} INFO - [2025-08-14T17:56:33.659+0000] {dag.py:3834} INFO - Setting next_dagrun for example_task_group to 2025-08-13 00:00:00+00:00, run_after=2025-08-14 00:00:00+00:00
[2025-08-14T17:56:33.667+0000] {processor.py:183} INFO - Processing /home/airflow/.local/lib/python3.8/site-packages/airflow/example_dags/example_task_group.py took 0.039 seconds
[2025-08-14T17:57:03.856+0000] {processor.py:161} INFO - Started process (PID=2303) to work on /home/airflow/.local/lib/python3.8/site-packages/airflow/example_dags/example_task_group.py
[2025-08-14T17:57:03.857+0000] {processor.py:830} INFO - Processing file /home/airflow/.local/lib/python3.8/site-packages/airflow/example_dags/example_task_group.py for tasks to queue
[2025-08-14T17:57:03.859+0000] {logging_mixin.py:188} INFO - [2025-08-14T17:57:03.858+0000] {dagbag.py:540} INFO - Filling up the DagBag from /home/airflow/.local/lib/python3.8/site-packages/airflow/example_dags/example_task_group.py
[2025-08-14T17:57:03.867+0000] {processor.py:840} INFO - DAG(s) 'example_task_group' retrieved from /home/airflow/.local/lib/python3.8/site-packages/airflow/example_dags/example_task_group.py
[2025-08-14T17:57:03.883+0000] {logging_mixin.py:188} INFO - [2025-08-14T17:57:03.883+0000] {dag.py:3047} INFO - Sync 1 DAGs
[2025-08-14T17:57:03.895+0000] {logging_mixin.py:188} INFO - [2025-08-14T17:57:03.895+0000] {dag.py:3834} INFO - Setting next_dagrun for example_task_group to 2025-08-13 00:00:00+00:00, run_after=2025-08-14 00:00:00+00:00
[2025-08-14T17:57:03.906+0000] {processor.py:183} INFO - Processing /home/airflow/.local/lib/python3.8/site-packages/airflow/example_dags/example_task_group.py took 0.052 seconds
[2025-08-14T17:57:34.309+0000] {processor.py:161} INFO - Started process (PID=2359) to work on /home/airflow/.local/lib/python3.8/site-packages/airflow/example_dags/example_task_group.py
[2025-08-14T17:57:34.312+0000] {processor.py:830} INFO - Processing file /home/airflow/.local/lib/python3.8/site-packages/airflow/example_dags/example_task_group.py for tasks to queue
[2025-08-14T17:57:34.313+0000] {logging_mixin.py:188} INFO - [2025-08-14T17:57:34.313+0000] {dagbag.py:540} INFO - Filling up the DagBag from /home/airflow/.local/lib/python3.8/site-packages/airflow/example_dags/example_task_group.py
[2025-08-14T17:57:34.320+0000] {processor.py:840} INFO - DAG(s) 'example_task_group' retrieved from /home/airflow/.local/lib/python3.8/site-packages/airflow/example_dags/example_task_group.py
[2025-08-14T17:57:34.330+0000] {logging_mixin.py:188} INFO - [2025-08-14T17:57:34.330+0000] {dag.py:3047} INFO - Sync 1 DAGs
[2025-08-14T17:57:34.339+0000] {logging_mixin.py:188} INFO - [2025-08-14T17:57:34.339+0000] {dag.py:3834} INFO - Setting next_dagrun for example_task_group to 2025-08-13 00:00:00+00:00, run_after=2025-08-14 00:00:00+00:00
[2025-08-14T17:57:34.347+0000] {processor.py:183} INFO - Processing /home/airflow/.local/lib/python3.8/site-packages/airflow/example_dags/example_task_group.py took 0.040 seconds
[2025-08-14T17:58:04.901+0000] {processor.py:161} INFO - Started process (PID=2415) to work on /home/airflow/.local/lib/python3.8/site-packages/airflow/example_dags/example_task_group.py
[2025-08-14T17:58:04.902+0000] {processor.py:830} INFO - Processing file /home/airflow/.local/lib/python3.8/site-packages/airflow/example_dags/example_task_group.py for tasks to queue
[2025-08-14T17:58:04.903+0000] {logging_mixin.py:188} INFO - [2025-08-14T17:58:04.903+0000] {dagbag.py:540} INFO - Filling up the DagBag from /home/airflow/.local/lib/python3.8/site-packages/airflow/example_dags/example_task_group.py
[2025-08-14T17:58:04.906+0000] {processor.py:840} INFO - DAG(s) 'example_task_group' retrieved from /home/airflow/.local/lib/python3.8/site-packages/airflow/example_dags/example_task_group.py
[2025-08-14T17:58:04.920+0000] {logging_mixin.py:188} INFO - [2025-08-14T17:58:04.920+0000] {dag.py:3047} INFO - Sync 1 DAGs
[2025-08-14T17:58:04.938+0000] {logging_mixin.py:188} INFO - [2025-08-14T17:58:04.938+0000] {dag.py:3834} INFO - Setting next_dagrun for example_task_group to 2025-08-13 00:00:00+00:00, run_after=2025-08-14 00:00:00+00:00
[2025-08-14T17:58:04.948+0000] {processor.py:183} INFO - Processing /home/airflow/.local/lib/python3.8/site-packages/airflow/example_dags/example_task_group.py took 0.048 seconds
[2025-08-14T17:58:35.615+0000] {processor.py:161} INFO - Started process (PID=2472) to work on /home/airflow/.local/lib/python3.8/site-packages/airflow/example_dags/example_task_group.py
[2025-08-14T17:58:35.616+0000] {processor.py:830} INFO - Processing file /home/airflow/.local/lib/python3.8/site-packages/airflow/example_dags/example_task_group.py for tasks to queue
[2025-08-14T17:58:35.617+0000] {logging_mixin.py:188} INFO - [2025-08-14T17:58:35.617+0000] {dagbag.py:540} INFO - Filling up the DagBag from /home/airflow/.local/lib/python3.8/site-packages/airflow/example_dags/example_task_group.py
[2025-08-14T17:58:35.624+0000] {processor.py:840} INFO - DAG(s) 'example_task_group' retrieved from /home/airflow/.local/lib/python3.8/site-packages/airflow/example_dags/example_task_group.py
[2025-08-14T17:58:35.644+0000] {logging_mixin.py:188} INFO - [2025-08-14T17:58:35.644+0000] {dag.py:3047} INFO - Sync 1 DAGs
[2025-08-14T17:58:35.661+0000] {logging_mixin.py:188} INFO - [2025-08-14T17:58:35.661+0000] {dag.py:3834} INFO - Setting next_dagrun for example_task_group to 2025-08-13 00:00:00+00:00, run_after=2025-08-14 00:00:00+00:00
[2025-08-14T17:58:35.675+0000] {processor.py:183} INFO - Processing /home/airflow/.local/lib/python3.8/site-packages/airflow/example_dags/example_task_group.py took 0.062 seconds
[2025-08-14T17:59:06.201+0000] {processor.py:161} INFO - Started process (PID=2528) to work on /home/airflow/.local/lib/python3.8/site-packages/airflow/example_dags/example_task_group.py
[2025-08-14T17:59:06.202+0000] {processor.py:830} INFO - Processing file /home/airflow/.local/lib/python3.8/site-packages/airflow/example_dags/example_task_group.py for tasks to queue
[2025-08-14T17:59:06.204+0000] {logging_mixin.py:188} INFO - [2025-08-14T17:59:06.204+0000] {dagbag.py:540} INFO - Filling up the DagBag from /home/airflow/.local/lib/python3.8/site-packages/airflow/example_dags/example_task_group.py
[2025-08-14T17:59:06.210+0000] {processor.py:840} INFO - DAG(s) 'example_task_group' retrieved from /home/airflow/.local/lib/python3.8/site-packages/airflow/example_dags/example_task_group.py
[2025-08-14T17:59:06.228+0000] {logging_mixin.py:188} INFO - [2025-08-14T17:59:06.228+0000] {dag.py:3047} INFO - Sync 1 DAGs
[2025-08-14T17:59:06.239+0000] {logging_mixin.py:188} INFO - [2025-08-14T17:59:06.239+0000] {dag.py:3834} INFO - Setting next_dagrun for example_task_group to 2025-08-13 00:00:00+00:00, run_after=2025-08-14 00:00:00+00:00
[2025-08-14T17:59:06.248+0000] {processor.py:183} INFO - Processing /home/airflow/.local/lib/python3.8/site-packages/airflow/example_dags/example_task_group.py took 0.060 seconds
[2025-08-14T17:59:36.416+0000] {processor.py:161} INFO - Started process (PID=2584) to work on /home/airflow/.local/lib/python3.8/site-packages/airflow/example_dags/example_task_group.py
[2025-08-14T17:59:36.417+0000] {processor.py:830} INFO - Processing file /home/airflow/.local/lib/python3.8/site-packages/airflow/example_dags/example_task_group.py for tasks to queue
[2025-08-14T17:59:36.418+0000] {logging_mixin.py:188} INFO - [2025-08-14T17:59:36.417+0000] {dagbag.py:540} INFO - Filling up the DagBag from /home/airflow/.local/lib/python3.8/site-packages/airflow/example_dags/example_task_group.py
[2025-08-14T17:59:36.422+0000] {processor.py:840} INFO - DAG(s) 'example_task_group' retrieved from /home/airflow/.local/lib/python3.8/site-packages/airflow/example_dags/example_task_group.py
[2025-08-14T17:59:36.434+0000] {logging_mixin.py:188} INFO - [2025-08-14T17:59:36.434+0000] {dag.py:3047} INFO - Sync 1 DAGs
[2025-08-14T17:59:36.443+0000] {logging_mixin.py:188} INFO - [2025-08-14T17:59:36.443+0000] {dag.py:3834} INFO - Setting next_dagrun for example_task_group to 2025-08-13 00:00:00+00:00, run_after=2025-08-14 00:00:00+00:00
[2025-08-14T17:59:36.451+0000] {processor.py:183} INFO - Processing /home/airflow/.local/lib/python3.8/site-packages/airflow/example_dags/example_task_group.py took 0.036 seconds
[2025-08-14T18:00:06.723+0000] {processor.py:161} INFO - Started process (PID=2637) to work on /home/airflow/.local/lib/python3.8/site-packages/airflow/example_dags/example_task_group.py
[2025-08-14T18:00:06.724+0000] {processor.py:830} INFO - Processing file /home/airflow/.local/lib/python3.8/site-packages/airflow/example_dags/example_task_group.py for tasks to queue
[2025-08-14T18:00:06.724+0000] {logging_mixin.py:188} INFO - [2025-08-14T18:00:06.724+0000] {dagbag.py:540} INFO - Filling up the DagBag from /home/airflow/.local/lib/python3.8/site-packages/airflow/example_dags/example_task_group.py
[2025-08-14T18:00:06.728+0000] {processor.py:840} INFO - DAG(s) 'example_task_group' retrieved from /home/airflow/.local/lib/python3.8/site-packages/airflow/example_dags/example_task_group.py
[2025-08-14T18:00:06.743+0000] {logging_mixin.py:188} INFO - [2025-08-14T18:00:06.743+0000] {dag.py:3047} INFO - Sync 1 DAGs
[2025-08-14T18:00:06.756+0000] {logging_mixin.py:188} INFO - [2025-08-14T18:00:06.756+0000] {dag.py:3834} INFO - Setting next_dagrun for example_task_group to 2025-08-13 00:00:00+00:00, run_after=2025-08-14 00:00:00+00:00
[2025-08-14T18:00:06.765+0000] {processor.py:183} INFO - Processing /home/airflow/.local/lib/python3.8/site-packages/airflow/example_dags/example_task_group.py took 0.044 seconds
[2025-08-14T18:00:37.592+0000] {processor.py:161} INFO - Started process (PID=2693) to work on /home/airflow/.local/lib/python3.8/site-packages/airflow/example_dags/example_task_group.py
[2025-08-14T18:00:37.595+0000] {processor.py:830} INFO - Processing file /home/airflow/.local/lib/python3.8/site-packages/airflow/example_dags/example_task_group.py for tasks to queue
[2025-08-14T18:00:37.596+0000] {logging_mixin.py:188} INFO - [2025-08-14T18:00:37.596+0000] {dagbag.py:540} INFO - Filling up the DagBag from /home/airflow/.local/lib/python3.8/site-packages/airflow/example_dags/example_task_group.py
[2025-08-14T18:00:37.600+0000] {processor.py:840} INFO - DAG(s) 'example_task_group' retrieved from /home/airflow/.local/lib/python3.8/site-packages/airflow/example_dags/example_task_group.py
[2025-08-14T18:00:37.616+0000] {logging_mixin.py:188} INFO - [2025-08-14T18:00:37.616+0000] {dag.py:3047} INFO - Sync 1 DAGs
[2025-08-14T18:00:37.629+0000] {logging_mixin.py:188} INFO - [2025-08-14T18:00:37.629+0000] {dag.py:3834} INFO - Setting next_dagrun for example_task_group to 2025-08-13 00:00:00+00:00, run_after=2025-08-14 00:00:00+00:00
[2025-08-14T18:00:37.643+0000] {processor.py:183} INFO - Processing /home/airflow/.local/lib/python3.8/site-packages/airflow/example_dags/example_task_group.py took 0.053 seconds
[2025-08-14T18:01:08.516+0000] {processor.py:161} INFO - Started process (PID=2749) to work on /home/airflow/.local/lib/python3.8/site-packages/airflow/example_dags/example_task_group.py
[2025-08-14T18:01:08.517+0000] {processor.py:830} INFO - Processing file /home/airflow/.local/lib/python3.8/site-packages/airflow/example_dags/example_task_group.py for tasks to queue
[2025-08-14T18:01:08.519+0000] {logging_mixin.py:188} INFO - [2025-08-14T18:01:08.519+0000] {dagbag.py:540} INFO - Filling up the DagBag from /home/airflow/.local/lib/python3.8/site-packages/airflow/example_dags/example_task_group.py
[2025-08-14T18:01:08.526+0000] {processor.py:840} INFO - DAG(s) 'example_task_group' retrieved from /home/airflow/.local/lib/python3.8/site-packages/airflow/example_dags/example_task_group.py
[2025-08-14T18:01:08.539+0000] {logging_mixin.py:188} INFO - [2025-08-14T18:01:08.539+0000] {dag.py:3047} INFO - Sync 1 DAGs
[2025-08-14T18:01:08.554+0000] {logging_mixin.py:188} INFO - [2025-08-14T18:01:08.554+0000] {dag.py:3834} INFO - Setting next_dagrun for example_task_group to 2025-08-13 00:00:00+00:00, run_after=2025-08-14 00:00:00+00:00
[2025-08-14T18:01:08.571+0000] {processor.py:183} INFO - Processing /home/airflow/.local/lib/python3.8/site-packages/airflow/example_dags/example_task_group.py took 0.057 seconds
[2025-08-14T18:01:38.840+0000] {processor.py:161} INFO - Started process (PID=2805) to work on /home/airflow/.local/lib/python3.8/site-packages/airflow/example_dags/example_task_group.py
[2025-08-14T18:01:38.841+0000] {processor.py:830} INFO - Processing file /home/airflow/.local/lib/python3.8/site-packages/airflow/example_dags/example_task_group.py for tasks to queue
[2025-08-14T18:01:38.842+0000] {logging_mixin.py:188} INFO - [2025-08-14T18:01:38.842+0000] {dagbag.py:540} INFO - Filling up the DagBag from /home/airflow/.local/lib/python3.8/site-packages/airflow/example_dags/example_task_group.py
[2025-08-14T18:01:38.846+0000] {processor.py:840} INFO - DAG(s) 'example_task_group' retrieved from /home/airflow/.local/lib/python3.8/site-packages/airflow/example_dags/example_task_group.py
[2025-08-14T18:01:38.859+0000] {logging_mixin.py:188} INFO - [2025-08-14T18:01:38.859+0000] {dag.py:3047} INFO - Sync 1 DAGs
[2025-08-14T18:01:38.870+0000] {logging_mixin.py:188} INFO - [2025-08-14T18:01:38.870+0000] {dag.py:3834} INFO - Setting next_dagrun for example_task_group to 2025-08-13 00:00:00+00:00, run_after=2025-08-14 00:00:00+00:00
[2025-08-14T18:01:38.884+0000] {processor.py:183} INFO - Processing /home/airflow/.local/lib/python3.8/site-packages/airflow/example_dags/example_task_group.py took 0.046 seconds
[2025-08-14T18:02:09.465+0000] {processor.py:161} INFO - Started process (PID=2861) to work on /home/airflow/.local/lib/python3.8/site-packages/airflow/example_dags/example_task_group.py
[2025-08-14T18:02:09.466+0000] {processor.py:830} INFO - Processing file /home/airflow/.local/lib/python3.8/site-packages/airflow/example_dags/example_task_group.py for tasks to queue
[2025-08-14T18:02:09.467+0000] {logging_mixin.py:188} INFO - [2025-08-14T18:02:09.467+0000] {dagbag.py:540} INFO - Filling up the DagBag from /home/airflow/.local/lib/python3.8/site-packages/airflow/example_dags/example_task_group.py
[2025-08-14T18:02:09.472+0000] {processor.py:840} INFO - DAG(s) 'example_task_group' retrieved from /home/airflow/.local/lib/python3.8/site-packages/airflow/example_dags/example_task_group.py
[2025-08-14T18:02:09.494+0000] {logging_mixin.py:188} INFO - [2025-08-14T18:02:09.494+0000] {dag.py:3047} INFO - Sync 1 DAGs
[2025-08-14T18:02:09.514+0000] {logging_mixin.py:188} INFO - [2025-08-14T18:02:09.514+0000] {dag.py:3834} INFO - Setting next_dagrun for example_task_group to 2025-08-13 00:00:00+00:00, run_after=2025-08-14 00:00:00+00:00
[2025-08-14T18:02:09.534+0000] {processor.py:183} INFO - Processing /home/airflow/.local/lib/python3.8/site-packages/airflow/example_dags/example_task_group.py took 0.070 seconds
[2025-08-14T18:02:40.348+0000] {processor.py:161} INFO - Started process (PID=2917) to work on /home/airflow/.local/lib/python3.8/site-packages/airflow/example_dags/example_task_group.py
[2025-08-14T18:02:40.348+0000] {processor.py:830} INFO - Processing file /home/airflow/.local/lib/python3.8/site-packages/airflow/example_dags/example_task_group.py for tasks to queue
[2025-08-14T18:02:40.349+0000] {logging_mixin.py:188} INFO - [2025-08-14T18:02:40.349+0000] {dagbag.py:540} INFO - Filling up the DagBag from /home/airflow/.local/lib/python3.8/site-packages/airflow/example_dags/example_task_group.py
[2025-08-14T18:02:40.354+0000] {processor.py:840} INFO - DAG(s) 'example_task_group' retrieved from /home/airflow/.local/lib/python3.8/site-packages/airflow/example_dags/example_task_group.py
[2025-08-14T18:02:40.378+0000] {logging_mixin.py:188} INFO - [2025-08-14T18:02:40.378+0000] {dag.py:3047} INFO - Sync 1 DAGs
[2025-08-14T18:02:40.395+0000] {logging_mixin.py:188} INFO - [2025-08-14T18:02:40.394+0000] {dag.py:3834} INFO - Setting next_dagrun for example_task_group to 2025-08-13 00:00:00+00:00, run_after=2025-08-14 00:00:00+00:00
[2025-08-14T18:02:40.408+0000] {processor.py:183} INFO - Processing /home/airflow/.local/lib/python3.8/site-packages/airflow/example_dags/example_task_group.py took 0.062 seconds
[2025-08-14T18:03:11.054+0000] {processor.py:161} INFO - Started process (PID=2973) to work on /home/airflow/.local/lib/python3.8/site-packages/airflow/example_dags/example_task_group.py
[2025-08-14T18:03:11.055+0000] {processor.py:830} INFO - Processing file /home/airflow/.local/lib/python3.8/site-packages/airflow/example_dags/example_task_group.py for tasks to queue
[2025-08-14T18:03:11.057+0000] {logging_mixin.py:188} INFO - [2025-08-14T18:03:11.056+0000] {dagbag.py:540} INFO - Filling up the DagBag from /home/airflow/.local/lib/python3.8/site-packages/airflow/example_dags/example_task_group.py
[2025-08-14T18:03:11.062+0000] {processor.py:840} INFO - DAG(s) 'example_task_group' retrieved from /home/airflow/.local/lib/python3.8/site-packages/airflow/example_dags/example_task_group.py
[2025-08-14T18:03:11.095+0000] {logging_mixin.py:188} INFO - [2025-08-14T18:03:11.095+0000] {dag.py:3047} INFO - Sync 1 DAGs
[2025-08-14T18:03:11.121+0000] {logging_mixin.py:188} INFO - [2025-08-14T18:03:11.121+0000] {dag.py:3834} INFO - Setting next_dagrun for example_task_group to 2025-08-13 00:00:00+00:00, run_after=2025-08-14 00:00:00+00:00
[2025-08-14T18:03:11.141+0000] {processor.py:183} INFO - Processing /home/airflow/.local/lib/python3.8/site-packages/airflow/example_dags/example_task_group.py took 0.091 seconds
[2025-08-14T18:03:42.098+0000] {processor.py:161} INFO - Started process (PID=3029) to work on /home/airflow/.local/lib/python3.8/site-packages/airflow/example_dags/example_task_group.py
[2025-08-14T18:03:42.101+0000] {processor.py:830} INFO - Processing file /home/airflow/.local/lib/python3.8/site-packages/airflow/example_dags/example_task_group.py for tasks to queue
[2025-08-14T18:03:42.103+0000] {logging_mixin.py:188} INFO - [2025-08-14T18:03:42.103+0000] {dagbag.py:540} INFO - Filling up the DagBag from /home/airflow/.local/lib/python3.8/site-packages/airflow/example_dags/example_task_group.py
[2025-08-14T18:03:42.112+0000] {processor.py:840} INFO - DAG(s) 'example_task_group' retrieved from /home/airflow/.local/lib/python3.8/site-packages/airflow/example_dags/example_task_group.py
[2025-08-14T18:03:42.132+0000] {logging_mixin.py:188} INFO - [2025-08-14T18:03:42.132+0000] {dag.py:3047} INFO - Sync 1 DAGs
[2025-08-14T18:03:42.149+0000] {logging_mixin.py:188} INFO - [2025-08-14T18:03:42.149+0000] {dag.py:3834} INFO - Setting next_dagrun for example_task_group to 2025-08-13 00:00:00+00:00, run_after=2025-08-14 00:00:00+00:00
[2025-08-14T18:03:42.190+0000] {processor.py:183} INFO - Processing /home/airflow/.local/lib/python3.8/site-packages/airflow/example_dags/example_task_group.py took 0.097 seconds
[2025-08-14T18:04:12.250+0000] {processor.py:161} INFO - Started process (PID=3085) to work on /home/airflow/.local/lib/python3.8/site-packages/airflow/example_dags/example_task_group.py
[2025-08-14T18:04:12.251+0000] {processor.py:830} INFO - Processing file /home/airflow/.local/lib/python3.8/site-packages/airflow/example_dags/example_task_group.py for tasks to queue
[2025-08-14T18:04:12.254+0000] {logging_mixin.py:188} INFO - [2025-08-14T18:04:12.254+0000] {dagbag.py:540} INFO - Filling up the DagBag from /home/airflow/.local/lib/python3.8/site-packages/airflow/example_dags/example_task_group.py
[2025-08-14T18:04:12.260+0000] {processor.py:840} INFO - DAG(s) 'example_task_group' retrieved from /home/airflow/.local/lib/python3.8/site-packages/airflow/example_dags/example_task_group.py
[2025-08-14T18:04:12.276+0000] {logging_mixin.py:188} INFO - [2025-08-14T18:04:12.276+0000] {dag.py:3047} INFO - Sync 1 DAGs
[2025-08-14T18:04:12.289+0000] {logging_mixin.py:188} INFO - [2025-08-14T18:04:12.288+0000] {dag.py:3834} INFO - Setting next_dagrun for example_task_group to 2025-08-13 00:00:00+00:00, run_after=2025-08-14 00:00:00+00:00
[2025-08-14T18:04:12.302+0000] {processor.py:183} INFO - Processing /home/airflow/.local/lib/python3.8/site-packages/airflow/example_dags/example_task_group.py took 0.056 seconds
[2025-08-14T18:04:43.032+0000] {processor.py:161} INFO - Started process (PID=3141) to work on /home/airflow/.local/lib/python3.8/site-packages/airflow/example_dags/example_task_group.py
[2025-08-14T18:04:43.049+0000] {processor.py:830} INFO - Processing file /home/airflow/.local/lib/python3.8/site-packages/airflow/example_dags/example_task_group.py for tasks to queue
[2025-08-14T18:04:43.057+0000] {logging_mixin.py:188} INFO - [2025-08-14T18:04:43.056+0000] {dagbag.py:540} INFO - Filling up the DagBag from /home/airflow/.local/lib/python3.8/site-packages/airflow/example_dags/example_task_group.py
[2025-08-14T18:04:43.069+0000] {processor.py:840} INFO - DAG(s) 'example_task_group' retrieved from /home/airflow/.local/lib/python3.8/site-packages/airflow/example_dags/example_task_group.py
[2025-08-14T18:04:43.126+0000] {logging_mixin.py:188} INFO - [2025-08-14T18:04:43.125+0000] {dag.py:3047} INFO - Sync 1 DAGs
[2025-08-14T18:04:43.164+0000] {logging_mixin.py:188} INFO - [2025-08-14T18:04:43.164+0000] {dag.py:3834} INFO - Setting next_dagrun for example_task_group to 2025-08-13 00:00:00+00:00, run_after=2025-08-14 00:00:00+00:00
[2025-08-14T18:04:43.190+0000] {processor.py:183} INFO - Processing /home/airflow/.local/lib/python3.8/site-packages/airflow/example_dags/example_task_group.py took 0.170 seconds
[2025-08-14T18:05:13.544+0000] {processor.py:161} INFO - Started process (PID=3197) to work on /home/airflow/.local/lib/python3.8/site-packages/airflow/example_dags/example_task_group.py
[2025-08-14T18:05:13.545+0000] {processor.py:830} INFO - Processing file /home/airflow/.local/lib/python3.8/site-packages/airflow/example_dags/example_task_group.py for tasks to queue
[2025-08-14T18:05:13.547+0000] {logging_mixin.py:188} INFO - [2025-08-14T18:05:13.547+0000] {dagbag.py:540} INFO - Filling up the DagBag from /home/airflow/.local/lib/python3.8/site-packages/airflow/example_dags/example_task_group.py
[2025-08-14T18:05:13.553+0000] {processor.py:840} INFO - DAG(s) 'example_task_group' retrieved from /home/airflow/.local/lib/python3.8/site-packages/airflow/example_dags/example_task_group.py
[2025-08-14T18:05:13.594+0000] {logging_mixin.py:188} INFO - [2025-08-14T18:05:13.594+0000] {dag.py:3047} INFO - Sync 1 DAGs
[2025-08-14T18:05:13.625+0000] {logging_mixin.py:188} INFO - [2025-08-14T18:05:13.625+0000] {dag.py:3834} INFO - Setting next_dagrun for example_task_group to 2025-08-13 00:00:00+00:00, run_after=2025-08-14 00:00:00+00:00
[2025-08-14T18:05:13.647+0000] {processor.py:183} INFO - Processing /home/airflow/.local/lib/python3.8/site-packages/airflow/example_dags/example_task_group.py took 0.107 seconds
[2025-08-14T18:05:43.843+0000] {processor.py:161} INFO - Started process (PID=3253) to work on /home/airflow/.local/lib/python3.8/site-packages/airflow/example_dags/example_task_group.py
[2025-08-14T18:05:43.844+0000] {processor.py:830} INFO - Processing file /home/airflow/.local/lib/python3.8/site-packages/airflow/example_dags/example_task_group.py for tasks to queue
[2025-08-14T18:05:43.845+0000] {logging_mixin.py:188} INFO - [2025-08-14T18:05:43.845+0000] {dagbag.py:540} INFO - Filling up the DagBag from /home/airflow/.local/lib/python3.8/site-packages/airflow/example_dags/example_task_group.py
[2025-08-14T18:05:43.850+0000] {processor.py:840} INFO - DAG(s) 'example_task_group' retrieved from /home/airflow/.local/lib/python3.8/site-packages/airflow/example_dags/example_task_group.py
[2025-08-14T18:05:43.863+0000] {logging_mixin.py:188} INFO - [2025-08-14T18:05:43.863+0000] {dag.py:3047} INFO - Sync 1 DAGs
[2025-08-14T18:05:43.876+0000] {logging_mixin.py:188} INFO - [2025-08-14T18:05:43.876+0000] {dag.py:3834} INFO - Setting next_dagrun for example_task_group to 2025-08-13 00:00:00+00:00, run_after=2025-08-14 00:00:00+00:00
[2025-08-14T18:05:43.893+0000] {processor.py:183} INFO - Processing /home/airflow/.local/lib/python3.8/site-packages/airflow/example_dags/example_task_group.py took 0.053 seconds
