[2025-08-14T17:36:44.908+0000] {processor.py:161} INFO - Started process (PID=68) to work on /home/airflow/.local/lib/python3.8/site-packages/airflow/example_dags/example_params_ui_tutorial.py
[2025-08-14T17:36:44.914+0000] {processor.py:830} INFO - Processing file /home/airflow/.local/lib/python3.8/site-packages/airflow/example_dags/example_params_ui_tutorial.py for tasks to queue
[2025-08-14T17:36:44.926+0000] {logging_mixin.py:188} INFO - [2025-08-14T17:36:44.924+0000] {dagbag.py:540} INFO - Filling up the DagBag from /home/airflow/.local/lib/python3.8/site-packages/airflow/example_dags/example_params_ui_tutorial.py
[2025-08-14T17:36:44.987+0000] {processor.py:840} INFO - DAG(s) 'example_params_ui_tutorial' retrieved from /home/airflow/.local/lib/python3.8/site-packages/airflow/example_dags/example_params_ui_tutorial.py
[2025-08-14T17:36:45.079+0000] {logging_mixin.py:188} INFO - [2025-08-14T17:36:45.078+0000] {dag.py:3047} INFO - Sync 1 DAGs
[2025-08-14T17:36:45.256+0000] {logging_mixin.py:188} INFO - [2025-08-14T17:36:45.254+0000] {dag.py:3834} INFO - Setting next_dagrun for example_params_ui_tutorial to None, run_after=None
[2025-08-14T17:36:45.383+0000] {processor.py:183} INFO - Processing /home/airflow/.local/lib/python3.8/site-packages/airflow/example_dags/example_params_ui_tutorial.py took 0.496 seconds
[2025-08-14T17:37:15.926+0000] {processor.py:161} INFO - Started process (PID=124) to work on /home/airflow/.local/lib/python3.8/site-packages/airflow/example_dags/example_params_ui_tutorial.py
[2025-08-14T17:37:15.928+0000] {processor.py:830} INFO - Processing file /home/airflow/.local/lib/python3.8/site-packages/airflow/example_dags/example_params_ui_tutorial.py for tasks to queue
[2025-08-14T17:37:15.933+0000] {logging_mixin.py:188} INFO - [2025-08-14T17:37:15.933+0000] {dagbag.py:540} INFO - Filling up the DagBag from /home/airflow/.local/lib/python3.8/site-packages/airflow/example_dags/example_params_ui_tutorial.py
[2025-08-14T17:37:15.952+0000] {processor.py:840} INFO - DAG(s) 'example_params_ui_tutorial' retrieved from /home/airflow/.local/lib/python3.8/site-packages/airflow/example_dags/example_params_ui_tutorial.py
[2025-08-14T17:37:16.034+0000] {logging_mixin.py:188} INFO - [2025-08-14T17:37:16.034+0000] {dag.py:3047} INFO - Sync 1 DAGs
[2025-08-14T17:37:16.040+0000] {logging_mixin.py:188} INFO - [2025-08-14T17:37:16.040+0000] {dag.py:3834} INFO - Setting next_dagrun for example_params_ui_tutorial to None, run_after=None
[2025-08-14T17:37:16.051+0000] {processor.py:183} INFO - Processing /home/airflow/.local/lib/python3.8/site-packages/airflow/example_dags/example_params_ui_tutorial.py took 0.136 seconds
[2025-08-14T17:37:46.730+0000] {processor.py:161} INFO - Started process (PID=180) to work on /home/airflow/.local/lib/python3.8/site-packages/airflow/example_dags/example_params_ui_tutorial.py
[2025-08-14T17:37:46.732+0000] {processor.py:830} INFO - Processing file /home/airflow/.local/lib/python3.8/site-packages/airflow/example_dags/example_params_ui_tutorial.py for tasks to queue
[2025-08-14T17:37:46.734+0000] {logging_mixin.py:188} INFO - [2025-08-14T17:37:46.734+0000] {dagbag.py:540} INFO - Filling up the DagBag from /home/airflow/.local/lib/python3.8/site-packages/airflow/example_dags/example_params_ui_tutorial.py
[2025-08-14T17:37:46.759+0000] {processor.py:840} INFO - DAG(s) 'example_params_ui_tutorial' retrieved from /home/airflow/.local/lib/python3.8/site-packages/airflow/example_dags/example_params_ui_tutorial.py
[2025-08-14T17:37:46.819+0000] {logging_mixin.py:188} INFO - [2025-08-14T17:37:46.819+0000] {dag.py:3047} INFO - Sync 1 DAGs
[2025-08-14T17:37:46.831+0000] {logging_mixin.py:188} INFO - [2025-08-14T17:37:46.831+0000] {dag.py:3834} INFO - Setting next_dagrun for example_params_ui_tutorial to None, run_after=None
[2025-08-14T17:37:46.843+0000] {processor.py:183} INFO - Processing /home/airflow/.local/lib/python3.8/site-packages/airflow/example_dags/example_params_ui_tutorial.py took 0.119 seconds
[2025-08-14T17:38:17.738+0000] {processor.py:161} INFO - Started process (PID=236) to work on /home/airflow/.local/lib/python3.8/site-packages/airflow/example_dags/example_params_ui_tutorial.py
[2025-08-14T17:38:17.741+0000] {processor.py:830} INFO - Processing file /home/airflow/.local/lib/python3.8/site-packages/airflow/example_dags/example_params_ui_tutorial.py for tasks to queue
[2025-08-14T17:38:17.744+0000] {logging_mixin.py:188} INFO - [2025-08-14T17:38:17.743+0000] {dagbag.py:540} INFO - Filling up the DagBag from /home/airflow/.local/lib/python3.8/site-packages/airflow/example_dags/example_params_ui_tutorial.py
[2025-08-14T17:38:17.756+0000] {processor.py:840} INFO - DAG(s) 'example_params_ui_tutorial' retrieved from /home/airflow/.local/lib/python3.8/site-packages/airflow/example_dags/example_params_ui_tutorial.py
[2025-08-14T17:38:17.793+0000] {logging_mixin.py:188} INFO - [2025-08-14T17:38:17.793+0000] {dag.py:3047} INFO - Sync 1 DAGs
[2025-08-14T17:38:17.800+0000] {logging_mixin.py:188} INFO - [2025-08-14T17:38:17.800+0000] {dag.py:3834} INFO - Setting next_dagrun for example_params_ui_tutorial to None, run_after=None
[2025-08-14T17:38:17.809+0000] {processor.py:183} INFO - Processing /home/airflow/.local/lib/python3.8/site-packages/airflow/example_dags/example_params_ui_tutorial.py took 0.076 seconds
[2025-08-14T17:38:48.359+0000] {processor.py:161} INFO - Started process (PID=293) to work on /home/airflow/.local/lib/python3.8/site-packages/airflow/example_dags/example_params_ui_tutorial.py
[2025-08-14T17:38:48.362+0000] {processor.py:830} INFO - Processing file /home/airflow/.local/lib/python3.8/site-packages/airflow/example_dags/example_params_ui_tutorial.py for tasks to queue
[2025-08-14T17:38:48.365+0000] {logging_mixin.py:188} INFO - [2025-08-14T17:38:48.364+0000] {dagbag.py:540} INFO - Filling up the DagBag from /home/airflow/.local/lib/python3.8/site-packages/airflow/example_dags/example_params_ui_tutorial.py
[2025-08-14T17:38:48.378+0000] {processor.py:840} INFO - DAG(s) 'example_params_ui_tutorial' retrieved from /home/airflow/.local/lib/python3.8/site-packages/airflow/example_dags/example_params_ui_tutorial.py
[2025-08-14T17:38:48.417+0000] {logging_mixin.py:188} INFO - [2025-08-14T17:38:48.416+0000] {dag.py:3047} INFO - Sync 1 DAGs
[2025-08-14T17:38:48.423+0000] {logging_mixin.py:188} INFO - [2025-08-14T17:38:48.423+0000] {dag.py:3834} INFO - Setting next_dagrun for example_params_ui_tutorial to None, run_after=None
[2025-08-14T17:38:48.432+0000] {processor.py:183} INFO - Processing /home/airflow/.local/lib/python3.8/site-packages/airflow/example_dags/example_params_ui_tutorial.py took 0.077 seconds
[2025-08-14T17:39:18.602+0000] {processor.py:161} INFO - Started process (PID=349) to work on /home/airflow/.local/lib/python3.8/site-packages/airflow/example_dags/example_params_ui_tutorial.py
[2025-08-14T17:39:18.603+0000] {processor.py:830} INFO - Processing file /home/airflow/.local/lib/python3.8/site-packages/airflow/example_dags/example_params_ui_tutorial.py for tasks to queue
[2025-08-14T17:39:18.604+0000] {logging_mixin.py:188} INFO - [2025-08-14T17:39:18.604+0000] {dagbag.py:540} INFO - Filling up the DagBag from /home/airflow/.local/lib/python3.8/site-packages/airflow/example_dags/example_params_ui_tutorial.py
[2025-08-14T17:39:18.613+0000] {processor.py:840} INFO - DAG(s) 'example_params_ui_tutorial' retrieved from /home/airflow/.local/lib/python3.8/site-packages/airflow/example_dags/example_params_ui_tutorial.py
[2025-08-14T17:39:18.662+0000] {logging_mixin.py:188} INFO - [2025-08-14T17:39:18.661+0000] {dag.py:3047} INFO - Sync 1 DAGs
[2025-08-14T17:39:18.668+0000] {logging_mixin.py:188} INFO - [2025-08-14T17:39:18.668+0000] {dag.py:3834} INFO - Setting next_dagrun for example_params_ui_tutorial to None, run_after=None
[2025-08-14T17:39:18.685+0000] {processor.py:183} INFO - Processing /home/airflow/.local/lib/python3.8/site-packages/airflow/example_dags/example_params_ui_tutorial.py took 0.085 seconds
[2025-08-14T17:39:49.177+0000] {processor.py:161} INFO - Started process (PID=405) to work on /home/airflow/.local/lib/python3.8/site-packages/airflow/example_dags/example_params_ui_tutorial.py
[2025-08-14T17:39:49.184+0000] {processor.py:830} INFO - Processing file /home/airflow/.local/lib/python3.8/site-packages/airflow/example_dags/example_params_ui_tutorial.py for tasks to queue
[2025-08-14T17:39:49.187+0000] {logging_mixin.py:188} INFO - [2025-08-14T17:39:49.186+0000] {dagbag.py:540} INFO - Filling up the DagBag from /home/airflow/.local/lib/python3.8/site-packages/airflow/example_dags/example_params_ui_tutorial.py
[2025-08-14T17:39:49.206+0000] {processor.py:840} INFO - DAG(s) 'example_params_ui_tutorial' retrieved from /home/airflow/.local/lib/python3.8/site-packages/airflow/example_dags/example_params_ui_tutorial.py
[2025-08-14T17:39:49.357+0000] {logging_mixin.py:188} INFO - [2025-08-14T17:39:49.356+0000] {dag.py:3047} INFO - Sync 1 DAGs
[2025-08-14T17:39:49.393+0000] {logging_mixin.py:188} INFO - [2025-08-14T17:39:49.393+0000] {dag.py:3834} INFO - Setting next_dagrun for example_params_ui_tutorial to None, run_after=None
[2025-08-14T17:39:49.423+0000] {processor.py:183} INFO - Processing /home/airflow/.local/lib/python3.8/site-packages/airflow/example_dags/example_params_ui_tutorial.py took 0.254 seconds
[2025-08-14T17:40:19.971+0000] {processor.py:161} INFO - Started process (PID=461) to work on /home/airflow/.local/lib/python3.8/site-packages/airflow/example_dags/example_params_ui_tutorial.py
[2025-08-14T17:40:19.974+0000] {processor.py:830} INFO - Processing file /home/airflow/.local/lib/python3.8/site-packages/airflow/example_dags/example_params_ui_tutorial.py for tasks to queue
[2025-08-14T17:40:19.981+0000] {logging_mixin.py:188} INFO - [2025-08-14T17:40:19.980+0000] {dagbag.py:540} INFO - Filling up the DagBag from /home/airflow/.local/lib/python3.8/site-packages/airflow/example_dags/example_params_ui_tutorial.py
[2025-08-14T17:40:20.015+0000] {processor.py:840} INFO - DAG(s) 'example_params_ui_tutorial' retrieved from /home/airflow/.local/lib/python3.8/site-packages/airflow/example_dags/example_params_ui_tutorial.py
[2025-08-14T17:40:20.088+0000] {logging_mixin.py:188} INFO - [2025-08-14T17:40:20.088+0000] {dag.py:3047} INFO - Sync 1 DAGs
[2025-08-14T17:40:20.100+0000] {logging_mixin.py:188} INFO - [2025-08-14T17:40:20.100+0000] {dag.py:3834} INFO - Setting next_dagrun for example_params_ui_tutorial to None, run_after=None
[2025-08-14T17:40:20.117+0000] {processor.py:183} INFO - Processing /home/airflow/.local/lib/python3.8/site-packages/airflow/example_dags/example_params_ui_tutorial.py took 0.150 seconds
[2025-08-14T17:40:50.688+0000] {processor.py:161} INFO - Started process (PID=517) to work on /home/airflow/.local/lib/python3.8/site-packages/airflow/example_dags/example_params_ui_tutorial.py
[2025-08-14T17:40:50.690+0000] {processor.py:830} INFO - Processing file /home/airflow/.local/lib/python3.8/site-packages/airflow/example_dags/example_params_ui_tutorial.py for tasks to queue
[2025-08-14T17:40:50.692+0000] {logging_mixin.py:188} INFO - [2025-08-14T17:40:50.691+0000] {dagbag.py:540} INFO - Filling up the DagBag from /home/airflow/.local/lib/python3.8/site-packages/airflow/example_dags/example_params_ui_tutorial.py
[2025-08-14T17:40:50.717+0000] {processor.py:840} INFO - DAG(s) 'example_params_ui_tutorial' retrieved from /home/airflow/.local/lib/python3.8/site-packages/airflow/example_dags/example_params_ui_tutorial.py
[2025-08-14T17:40:50.777+0000] {logging_mixin.py:188} INFO - [2025-08-14T17:40:50.777+0000] {dag.py:3047} INFO - Sync 1 DAGs
[2025-08-14T17:40:50.788+0000] {logging_mixin.py:188} INFO - [2025-08-14T17:40:50.788+0000] {dag.py:3834} INFO - Setting next_dagrun for example_params_ui_tutorial to None, run_after=None
[2025-08-14T17:40:50.802+0000] {processor.py:183} INFO - Processing /home/airflow/.local/lib/python3.8/site-packages/airflow/example_dags/example_params_ui_tutorial.py took 0.119 seconds
[2025-08-14T17:41:21.121+0000] {processor.py:161} INFO - Started process (PID=573) to work on /home/airflow/.local/lib/python3.8/site-packages/airflow/example_dags/example_params_ui_tutorial.py
[2025-08-14T17:41:21.122+0000] {processor.py:830} INFO - Processing file /home/airflow/.local/lib/python3.8/site-packages/airflow/example_dags/example_params_ui_tutorial.py for tasks to queue
[2025-08-14T17:41:21.124+0000] {logging_mixin.py:188} INFO - [2025-08-14T17:41:21.124+0000] {dagbag.py:540} INFO - Filling up the DagBag from /home/airflow/.local/lib/python3.8/site-packages/airflow/example_dags/example_params_ui_tutorial.py
[2025-08-14T17:41:21.137+0000] {processor.py:840} INFO - DAG(s) 'example_params_ui_tutorial' retrieved from /home/airflow/.local/lib/python3.8/site-packages/airflow/example_dags/example_params_ui_tutorial.py
[2025-08-14T17:41:21.186+0000] {logging_mixin.py:188} INFO - [2025-08-14T17:41:21.186+0000] {dag.py:3047} INFO - Sync 1 DAGs
[2025-08-14T17:41:21.195+0000] {logging_mixin.py:188} INFO - [2025-08-14T17:41:21.195+0000] {dag.py:3834} INFO - Setting next_dagrun for example_params_ui_tutorial to None, run_after=None
[2025-08-14T17:41:21.211+0000] {processor.py:183} INFO - Processing /home/airflow/.local/lib/python3.8/site-packages/airflow/example_dags/example_params_ui_tutorial.py took 0.095 seconds
[2025-08-14T17:41:51.531+0000] {processor.py:161} INFO - Started process (PID=629) to work on /home/airflow/.local/lib/python3.8/site-packages/airflow/example_dags/example_params_ui_tutorial.py
[2025-08-14T17:41:51.534+0000] {processor.py:830} INFO - Processing file /home/airflow/.local/lib/python3.8/site-packages/airflow/example_dags/example_params_ui_tutorial.py for tasks to queue
[2025-08-14T17:41:51.537+0000] {logging_mixin.py:188} INFO - [2025-08-14T17:41:51.536+0000] {dagbag.py:540} INFO - Filling up the DagBag from /home/airflow/.local/lib/python3.8/site-packages/airflow/example_dags/example_params_ui_tutorial.py
[2025-08-14T17:41:51.559+0000] {processor.py:840} INFO - DAG(s) 'example_params_ui_tutorial' retrieved from /home/airflow/.local/lib/python3.8/site-packages/airflow/example_dags/example_params_ui_tutorial.py
[2025-08-14T17:41:51.723+0000] {logging_mixin.py:188} INFO - [2025-08-14T17:41:51.722+0000] {dag.py:3047} INFO - Sync 1 DAGs
[2025-08-14T17:41:51.741+0000] {logging_mixin.py:188} INFO - [2025-08-14T17:41:51.741+0000] {dag.py:3834} INFO - Setting next_dagrun for example_params_ui_tutorial to None, run_after=None
[2025-08-14T17:41:51.760+0000] {processor.py:183} INFO - Processing /home/airflow/.local/lib/python3.8/site-packages/airflow/example_dags/example_params_ui_tutorial.py took 0.234 seconds
[2025-08-14T17:42:22.241+0000] {processor.py:161} INFO - Started process (PID=685) to work on /home/airflow/.local/lib/python3.8/site-packages/airflow/example_dags/example_params_ui_tutorial.py
[2025-08-14T17:42:22.251+0000] {processor.py:830} INFO - Processing file /home/airflow/.local/lib/python3.8/site-packages/airflow/example_dags/example_params_ui_tutorial.py for tasks to queue
[2025-08-14T17:42:22.278+0000] {logging_mixin.py:188} INFO - [2025-08-14T17:42:22.275+0000] {dagbag.py:540} INFO - Filling up the DagBag from /home/airflow/.local/lib/python3.8/site-packages/airflow/example_dags/example_params_ui_tutorial.py
[2025-08-14T17:42:22.309+0000] {processor.py:840} INFO - DAG(s) 'example_params_ui_tutorial' retrieved from /home/airflow/.local/lib/python3.8/site-packages/airflow/example_dags/example_params_ui_tutorial.py
[2025-08-14T17:42:22.403+0000] {logging_mixin.py:188} INFO - [2025-08-14T17:42:22.402+0000] {dag.py:3047} INFO - Sync 1 DAGs
[2025-08-14T17:42:22.412+0000] {logging_mixin.py:188} INFO - [2025-08-14T17:42:22.412+0000] {dag.py:3834} INFO - Setting next_dagrun for example_params_ui_tutorial to None, run_after=None
[2025-08-14T17:42:22.431+0000] {processor.py:183} INFO - Processing /home/airflow/.local/lib/python3.8/site-packages/airflow/example_dags/example_params_ui_tutorial.py took 0.217 seconds
[2025-08-14T17:42:52.802+0000] {processor.py:161} INFO - Started process (PID=741) to work on /home/airflow/.local/lib/python3.8/site-packages/airflow/example_dags/example_params_ui_tutorial.py
[2025-08-14T17:42:52.809+0000] {processor.py:830} INFO - Processing file /home/airflow/.local/lib/python3.8/site-packages/airflow/example_dags/example_params_ui_tutorial.py for tasks to queue
[2025-08-14T17:42:52.813+0000] {logging_mixin.py:188} INFO - [2025-08-14T17:42:52.813+0000] {dagbag.py:540} INFO - Filling up the DagBag from /home/airflow/.local/lib/python3.8/site-packages/airflow/example_dags/example_params_ui_tutorial.py
[2025-08-14T17:42:52.828+0000] {processor.py:840} INFO - DAG(s) 'example_params_ui_tutorial' retrieved from /home/airflow/.local/lib/python3.8/site-packages/airflow/example_dags/example_params_ui_tutorial.py
[2025-08-14T17:42:52.875+0000] {logging_mixin.py:188} INFO - [2025-08-14T17:42:52.875+0000] {dag.py:3047} INFO - Sync 1 DAGs
[2025-08-14T17:42:52.893+0000] {logging_mixin.py:188} INFO - [2025-08-14T17:42:52.893+0000] {dag.py:3834} INFO - Setting next_dagrun for example_params_ui_tutorial to None, run_after=None
[2025-08-14T17:42:52.909+0000] {processor.py:183} INFO - Processing /home/airflow/.local/lib/python3.8/site-packages/airflow/example_dags/example_params_ui_tutorial.py took 0.127 seconds
[2025-08-14T17:43:23.345+0000] {processor.py:161} INFO - Started process (PID=797) to work on /home/airflow/.local/lib/python3.8/site-packages/airflow/example_dags/example_params_ui_tutorial.py
[2025-08-14T17:43:23.346+0000] {processor.py:830} INFO - Processing file /home/airflow/.local/lib/python3.8/site-packages/airflow/example_dags/example_params_ui_tutorial.py for tasks to queue
[2025-08-14T17:43:23.348+0000] {logging_mixin.py:188} INFO - [2025-08-14T17:43:23.348+0000] {dagbag.py:540} INFO - Filling up the DagBag from /home/airflow/.local/lib/python3.8/site-packages/airflow/example_dags/example_params_ui_tutorial.py
[2025-08-14T17:43:23.362+0000] {processor.py:840} INFO - DAG(s) 'example_params_ui_tutorial' retrieved from /home/airflow/.local/lib/python3.8/site-packages/airflow/example_dags/example_params_ui_tutorial.py
[2025-08-14T17:43:23.403+0000] {logging_mixin.py:188} INFO - [2025-08-14T17:43:23.403+0000] {dag.py:3047} INFO - Sync 1 DAGs
[2025-08-14T17:43:23.411+0000] {logging_mixin.py:188} INFO - [2025-08-14T17:43:23.411+0000] {dag.py:3834} INFO - Setting next_dagrun for example_params_ui_tutorial to None, run_after=None
[2025-08-14T17:43:23.421+0000] {processor.py:183} INFO - Processing /home/airflow/.local/lib/python3.8/site-packages/airflow/example_dags/example_params_ui_tutorial.py took 0.080 seconds
[2025-08-14T17:43:53.867+0000] {processor.py:161} INFO - Started process (PID=853) to work on /home/airflow/.local/lib/python3.8/site-packages/airflow/example_dags/example_params_ui_tutorial.py
[2025-08-14T17:43:53.870+0000] {processor.py:830} INFO - Processing file /home/airflow/.local/lib/python3.8/site-packages/airflow/example_dags/example_params_ui_tutorial.py for tasks to queue
[2025-08-14T17:43:53.873+0000] {logging_mixin.py:188} INFO - [2025-08-14T17:43:53.872+0000] {dagbag.py:540} INFO - Filling up the DagBag from /home/airflow/.local/lib/python3.8/site-packages/airflow/example_dags/example_params_ui_tutorial.py
[2025-08-14T17:43:53.887+0000] {processor.py:840} INFO - DAG(s) 'example_params_ui_tutorial' retrieved from /home/airflow/.local/lib/python3.8/site-packages/airflow/example_dags/example_params_ui_tutorial.py
[2025-08-14T17:43:53.924+0000] {logging_mixin.py:188} INFO - [2025-08-14T17:43:53.923+0000] {dag.py:3047} INFO - Sync 1 DAGs
[2025-08-14T17:43:53.930+0000] {logging_mixin.py:188} INFO - [2025-08-14T17:43:53.930+0000] {dag.py:3834} INFO - Setting next_dagrun for example_params_ui_tutorial to None, run_after=None
[2025-08-14T17:43:53.941+0000] {processor.py:183} INFO - Processing /home/airflow/.local/lib/python3.8/site-packages/airflow/example_dags/example_params_ui_tutorial.py took 0.077 seconds
[2025-08-14T17:44:24.893+0000] {processor.py:161} INFO - Started process (PID=909) to work on /home/airflow/.local/lib/python3.8/site-packages/airflow/example_dags/example_params_ui_tutorial.py
[2025-08-14T17:44:24.900+0000] {processor.py:830} INFO - Processing file /home/airflow/.local/lib/python3.8/site-packages/airflow/example_dags/example_params_ui_tutorial.py for tasks to queue
[2025-08-14T17:44:24.902+0000] {logging_mixin.py:188} INFO - [2025-08-14T17:44:24.902+0000] {dagbag.py:540} INFO - Filling up the DagBag from /home/airflow/.local/lib/python3.8/site-packages/airflow/example_dags/example_params_ui_tutorial.py
[2025-08-14T17:44:24.937+0000] {processor.py:840} INFO - DAG(s) 'example_params_ui_tutorial' retrieved from /home/airflow/.local/lib/python3.8/site-packages/airflow/example_dags/example_params_ui_tutorial.py
[2025-08-14T17:44:25.006+0000] {logging_mixin.py:188} INFO - [2025-08-14T17:44:25.005+0000] {dag.py:3047} INFO - Sync 1 DAGs
[2025-08-14T17:44:25.018+0000] {logging_mixin.py:188} INFO - [2025-08-14T17:44:25.018+0000] {dag.py:3834} INFO - Setting next_dagrun for example_params_ui_tutorial to None, run_after=None
[2025-08-14T17:44:25.041+0000] {processor.py:183} INFO - Processing /home/airflow/.local/lib/python3.8/site-packages/airflow/example_dags/example_params_ui_tutorial.py took 0.152 seconds
[2025-08-14T17:44:55.352+0000] {processor.py:161} INFO - Started process (PID=965) to work on /home/airflow/.local/lib/python3.8/site-packages/airflow/example_dags/example_params_ui_tutorial.py
[2025-08-14T17:44:55.354+0000] {processor.py:830} INFO - Processing file /home/airflow/.local/lib/python3.8/site-packages/airflow/example_dags/example_params_ui_tutorial.py for tasks to queue
[2025-08-14T17:44:55.360+0000] {logging_mixin.py:188} INFO - [2025-08-14T17:44:55.360+0000] {dagbag.py:540} INFO - Filling up the DagBag from /home/airflow/.local/lib/python3.8/site-packages/airflow/example_dags/example_params_ui_tutorial.py
[2025-08-14T17:44:55.375+0000] {processor.py:840} INFO - DAG(s) 'example_params_ui_tutorial' retrieved from /home/airflow/.local/lib/python3.8/site-packages/airflow/example_dags/example_params_ui_tutorial.py
[2025-08-14T17:44:55.433+0000] {logging_mixin.py:188} INFO - [2025-08-14T17:44:55.432+0000] {dag.py:3047} INFO - Sync 1 DAGs
[2025-08-14T17:44:55.443+0000] {logging_mixin.py:188} INFO - [2025-08-14T17:44:55.443+0000] {dag.py:3834} INFO - Setting next_dagrun for example_params_ui_tutorial to None, run_after=None
[2025-08-14T17:44:55.456+0000] {processor.py:183} INFO - Processing /home/airflow/.local/lib/python3.8/site-packages/airflow/example_dags/example_params_ui_tutorial.py took 0.109 seconds
[2025-08-14T17:45:25.734+0000] {processor.py:161} INFO - Started process (PID=1021) to work on /home/airflow/.local/lib/python3.8/site-packages/airflow/example_dags/example_params_ui_tutorial.py
[2025-08-14T17:45:25.737+0000] {processor.py:830} INFO - Processing file /home/airflow/.local/lib/python3.8/site-packages/airflow/example_dags/example_params_ui_tutorial.py for tasks to queue
[2025-08-14T17:45:25.740+0000] {logging_mixin.py:188} INFO - [2025-08-14T17:45:25.739+0000] {dagbag.py:540} INFO - Filling up the DagBag from /home/airflow/.local/lib/python3.8/site-packages/airflow/example_dags/example_params_ui_tutorial.py
[2025-08-14T17:45:25.754+0000] {processor.py:840} INFO - DAG(s) 'example_params_ui_tutorial' retrieved from /home/airflow/.local/lib/python3.8/site-packages/airflow/example_dags/example_params_ui_tutorial.py
[2025-08-14T17:45:25.800+0000] {logging_mixin.py:188} INFO - [2025-08-14T17:45:25.800+0000] {dag.py:3047} INFO - Sync 1 DAGs
[2025-08-14T17:45:25.807+0000] {logging_mixin.py:188} INFO - [2025-08-14T17:45:25.807+0000] {dag.py:3834} INFO - Setting next_dagrun for example_params_ui_tutorial to None, run_after=None
[2025-08-14T17:45:25.820+0000] {processor.py:183} INFO - Processing /home/airflow/.local/lib/python3.8/site-packages/airflow/example_dags/example_params_ui_tutorial.py took 0.090 seconds
[2025-08-14T17:45:56.161+0000] {processor.py:161} INFO - Started process (PID=1077) to work on /home/airflow/.local/lib/python3.8/site-packages/airflow/example_dags/example_params_ui_tutorial.py
[2025-08-14T17:45:56.162+0000] {processor.py:830} INFO - Processing file /home/airflow/.local/lib/python3.8/site-packages/airflow/example_dags/example_params_ui_tutorial.py for tasks to queue
[2025-08-14T17:45:56.164+0000] {logging_mixin.py:188} INFO - [2025-08-14T17:45:56.163+0000] {dagbag.py:540} INFO - Filling up the DagBag from /home/airflow/.local/lib/python3.8/site-packages/airflow/example_dags/example_params_ui_tutorial.py
[2025-08-14T17:45:56.190+0000] {processor.py:840} INFO - DAG(s) 'example_params_ui_tutorial' retrieved from /home/airflow/.local/lib/python3.8/site-packages/airflow/example_dags/example_params_ui_tutorial.py
[2025-08-14T17:45:56.261+0000] {logging_mixin.py:188} INFO - [2025-08-14T17:45:56.260+0000] {dag.py:3047} INFO - Sync 1 DAGs
[2025-08-14T17:45:56.276+0000] {logging_mixin.py:188} INFO - [2025-08-14T17:45:56.276+0000] {dag.py:3834} INFO - Setting next_dagrun for example_params_ui_tutorial to None, run_after=None
[2025-08-14T17:45:56.295+0000] {processor.py:183} INFO - Processing /home/airflow/.local/lib/python3.8/site-packages/airflow/example_dags/example_params_ui_tutorial.py took 0.137 seconds
[2025-08-14T17:46:26.677+0000] {processor.py:161} INFO - Started process (PID=1133) to work on /home/airflow/.local/lib/python3.8/site-packages/airflow/example_dags/example_params_ui_tutorial.py
[2025-08-14T17:46:26.681+0000] {processor.py:830} INFO - Processing file /home/airflow/.local/lib/python3.8/site-packages/airflow/example_dags/example_params_ui_tutorial.py for tasks to queue
[2025-08-14T17:46:26.683+0000] {logging_mixin.py:188} INFO - [2025-08-14T17:46:26.683+0000] {dagbag.py:540} INFO - Filling up the DagBag from /home/airflow/.local/lib/python3.8/site-packages/airflow/example_dags/example_params_ui_tutorial.py
[2025-08-14T17:46:26.701+0000] {processor.py:840} INFO - DAG(s) 'example_params_ui_tutorial' retrieved from /home/airflow/.local/lib/python3.8/site-packages/airflow/example_dags/example_params_ui_tutorial.py
[2025-08-14T17:46:26.743+0000] {logging_mixin.py:188} INFO - [2025-08-14T17:46:26.743+0000] {dag.py:3047} INFO - Sync 1 DAGs
[2025-08-14T17:46:26.750+0000] {logging_mixin.py:188} INFO - [2025-08-14T17:46:26.750+0000] {dag.py:3834} INFO - Setting next_dagrun for example_params_ui_tutorial to None, run_after=None
[2025-08-14T17:46:26.767+0000] {processor.py:183} INFO - Processing /home/airflow/.local/lib/python3.8/site-packages/airflow/example_dags/example_params_ui_tutorial.py took 0.093 seconds
[2025-08-14T17:46:57.347+0000] {processor.py:161} INFO - Started process (PID=1189) to work on /home/airflow/.local/lib/python3.8/site-packages/airflow/example_dags/example_params_ui_tutorial.py
[2025-08-14T17:46:57.348+0000] {processor.py:830} INFO - Processing file /home/airflow/.local/lib/python3.8/site-packages/airflow/example_dags/example_params_ui_tutorial.py for tasks to queue
[2025-08-14T17:46:57.350+0000] {logging_mixin.py:188} INFO - [2025-08-14T17:46:57.350+0000] {dagbag.py:540} INFO - Filling up the DagBag from /home/airflow/.local/lib/python3.8/site-packages/airflow/example_dags/example_params_ui_tutorial.py
[2025-08-14T17:46:57.364+0000] {processor.py:840} INFO - DAG(s) 'example_params_ui_tutorial' retrieved from /home/airflow/.local/lib/python3.8/site-packages/airflow/example_dags/example_params_ui_tutorial.py
[2025-08-14T17:46:57.402+0000] {logging_mixin.py:188} INFO - [2025-08-14T17:46:57.402+0000] {dag.py:3047} INFO - Sync 1 DAGs
[2025-08-14T17:46:57.414+0000] {logging_mixin.py:188} INFO - [2025-08-14T17:46:57.414+0000] {dag.py:3834} INFO - Setting next_dagrun for example_params_ui_tutorial to None, run_after=None
[2025-08-14T17:46:57.429+0000] {processor.py:183} INFO - Processing /home/airflow/.local/lib/python3.8/site-packages/airflow/example_dags/example_params_ui_tutorial.py took 0.085 seconds
[2025-08-14T17:47:27.502+0000] {processor.py:161} INFO - Started process (PID=1245) to work on /home/airflow/.local/lib/python3.8/site-packages/airflow/example_dags/example_params_ui_tutorial.py
[2025-08-14T17:47:27.503+0000] {processor.py:830} INFO - Processing file /home/airflow/.local/lib/python3.8/site-packages/airflow/example_dags/example_params_ui_tutorial.py for tasks to queue
[2025-08-14T17:47:27.506+0000] {logging_mixin.py:188} INFO - [2025-08-14T17:47:27.505+0000] {dagbag.py:540} INFO - Filling up the DagBag from /home/airflow/.local/lib/python3.8/site-packages/airflow/example_dags/example_params_ui_tutorial.py
[2025-08-14T17:47:27.520+0000] {processor.py:840} INFO - DAG(s) 'example_params_ui_tutorial' retrieved from /home/airflow/.local/lib/python3.8/site-packages/airflow/example_dags/example_params_ui_tutorial.py
[2025-08-14T17:47:27.563+0000] {logging_mixin.py:188} INFO - [2025-08-14T17:47:27.562+0000] {dag.py:3047} INFO - Sync 1 DAGs
[2025-08-14T17:47:27.570+0000] {logging_mixin.py:188} INFO - [2025-08-14T17:47:27.570+0000] {dag.py:3834} INFO - Setting next_dagrun for example_params_ui_tutorial to None, run_after=None
[2025-08-14T17:47:27.580+0000] {processor.py:183} INFO - Processing /home/airflow/.local/lib/python3.8/site-packages/airflow/example_dags/example_params_ui_tutorial.py took 0.081 seconds
[2025-08-14T17:47:57.814+0000] {processor.py:161} INFO - Started process (PID=1301) to work on /home/airflow/.local/lib/python3.8/site-packages/airflow/example_dags/example_params_ui_tutorial.py
[2025-08-14T17:47:57.819+0000] {processor.py:830} INFO - Processing file /home/airflow/.local/lib/python3.8/site-packages/airflow/example_dags/example_params_ui_tutorial.py for tasks to queue
[2025-08-14T17:47:57.822+0000] {logging_mixin.py:188} INFO - [2025-08-14T17:47:57.822+0000] {dagbag.py:540} INFO - Filling up the DagBag from /home/airflow/.local/lib/python3.8/site-packages/airflow/example_dags/example_params_ui_tutorial.py
[2025-08-14T17:47:57.831+0000] {processor.py:840} INFO - DAG(s) 'example_params_ui_tutorial' retrieved from /home/airflow/.local/lib/python3.8/site-packages/airflow/example_dags/example_params_ui_tutorial.py
[2025-08-14T17:47:57.863+0000] {logging_mixin.py:188} INFO - [2025-08-14T17:47:57.863+0000] {dag.py:3047} INFO - Sync 1 DAGs
[2025-08-14T17:47:57.870+0000] {logging_mixin.py:188} INFO - [2025-08-14T17:47:57.869+0000] {dag.py:3834} INFO - Setting next_dagrun for example_params_ui_tutorial to None, run_after=None
[2025-08-14T17:47:57.881+0000] {processor.py:183} INFO - Processing /home/airflow/.local/lib/python3.8/site-packages/airflow/example_dags/example_params_ui_tutorial.py took 0.070 seconds
[2025-08-14T17:48:28.083+0000] {processor.py:161} INFO - Started process (PID=1357) to work on /home/airflow/.local/lib/python3.8/site-packages/airflow/example_dags/example_params_ui_tutorial.py
[2025-08-14T17:48:28.084+0000] {processor.py:830} INFO - Processing file /home/airflow/.local/lib/python3.8/site-packages/airflow/example_dags/example_params_ui_tutorial.py for tasks to queue
[2025-08-14T17:48:28.087+0000] {logging_mixin.py:188} INFO - [2025-08-14T17:48:28.087+0000] {dagbag.py:540} INFO - Filling up the DagBag from /home/airflow/.local/lib/python3.8/site-packages/airflow/example_dags/example_params_ui_tutorial.py
[2025-08-14T17:48:28.100+0000] {processor.py:840} INFO - DAG(s) 'example_params_ui_tutorial' retrieved from /home/airflow/.local/lib/python3.8/site-packages/airflow/example_dags/example_params_ui_tutorial.py
[2025-08-14T17:48:28.169+0000] {logging_mixin.py:188} INFO - [2025-08-14T17:48:28.168+0000] {dag.py:3047} INFO - Sync 1 DAGs
[2025-08-14T17:48:28.184+0000] {logging_mixin.py:188} INFO - [2025-08-14T17:48:28.183+0000] {dag.py:3834} INFO - Setting next_dagrun for example_params_ui_tutorial to None, run_after=None
[2025-08-14T17:48:28.201+0000] {processor.py:183} INFO - Processing /home/airflow/.local/lib/python3.8/site-packages/airflow/example_dags/example_params_ui_tutorial.py took 0.122 seconds
[2025-08-14T17:48:58.571+0000] {processor.py:161} INFO - Started process (PID=1413) to work on /home/airflow/.local/lib/python3.8/site-packages/airflow/example_dags/example_params_ui_tutorial.py
[2025-08-14T17:48:58.577+0000] {processor.py:830} INFO - Processing file /home/airflow/.local/lib/python3.8/site-packages/airflow/example_dags/example_params_ui_tutorial.py for tasks to queue
[2025-08-14T17:48:58.588+0000] {logging_mixin.py:188} INFO - [2025-08-14T17:48:58.586+0000] {dagbag.py:540} INFO - Filling up the DagBag from /home/airflow/.local/lib/python3.8/site-packages/airflow/example_dags/example_params_ui_tutorial.py
[2025-08-14T17:48:58.614+0000] {processor.py:840} INFO - DAG(s) 'example_params_ui_tutorial' retrieved from /home/airflow/.local/lib/python3.8/site-packages/airflow/example_dags/example_params_ui_tutorial.py
[2025-08-14T17:48:58.676+0000] {logging_mixin.py:188} INFO - [2025-08-14T17:48:58.675+0000] {dag.py:3047} INFO - Sync 1 DAGs
[2025-08-14T17:48:58.692+0000] {logging_mixin.py:188} INFO - [2025-08-14T17:48:58.692+0000] {dag.py:3834} INFO - Setting next_dagrun for example_params_ui_tutorial to None, run_after=None
[2025-08-14T17:48:58.718+0000] {processor.py:183} INFO - Processing /home/airflow/.local/lib/python3.8/site-packages/airflow/example_dags/example_params_ui_tutorial.py took 0.162 seconds
[2025-08-14T17:49:28.817+0000] {processor.py:161} INFO - Started process (PID=1469) to work on /home/airflow/.local/lib/python3.8/site-packages/airflow/example_dags/example_params_ui_tutorial.py
[2025-08-14T17:49:28.820+0000] {processor.py:830} INFO - Processing file /home/airflow/.local/lib/python3.8/site-packages/airflow/example_dags/example_params_ui_tutorial.py for tasks to queue
[2025-08-14T17:49:28.823+0000] {logging_mixin.py:188} INFO - [2025-08-14T17:49:28.823+0000] {dagbag.py:540} INFO - Filling up the DagBag from /home/airflow/.local/lib/python3.8/site-packages/airflow/example_dags/example_params_ui_tutorial.py
[2025-08-14T17:49:28.836+0000] {processor.py:840} INFO - DAG(s) 'example_params_ui_tutorial' retrieved from /home/airflow/.local/lib/python3.8/site-packages/airflow/example_dags/example_params_ui_tutorial.py
[2025-08-14T17:49:28.874+0000] {logging_mixin.py:188} INFO - [2025-08-14T17:49:28.874+0000] {dag.py:3047} INFO - Sync 1 DAGs
[2025-08-14T17:49:28.885+0000] {logging_mixin.py:188} INFO - [2025-08-14T17:49:28.884+0000] {dag.py:3834} INFO - Setting next_dagrun for example_params_ui_tutorial to None, run_after=None
[2025-08-14T17:49:28.897+0000] {processor.py:183} INFO - Processing /home/airflow/.local/lib/python3.8/site-packages/airflow/example_dags/example_params_ui_tutorial.py took 0.086 seconds
[2025-08-14T17:49:59.841+0000] {processor.py:161} INFO - Started process (PID=1525) to work on /home/airflow/.local/lib/python3.8/site-packages/airflow/example_dags/example_params_ui_tutorial.py
[2025-08-14T17:49:59.846+0000] {processor.py:830} INFO - Processing file /home/airflow/.local/lib/python3.8/site-packages/airflow/example_dags/example_params_ui_tutorial.py for tasks to queue
[2025-08-14T17:49:59.850+0000] {logging_mixin.py:188} INFO - [2025-08-14T17:49:59.850+0000] {dagbag.py:540} INFO - Filling up the DagBag from /home/airflow/.local/lib/python3.8/site-packages/airflow/example_dags/example_params_ui_tutorial.py
[2025-08-14T17:49:59.866+0000] {processor.py:840} INFO - DAG(s) 'example_params_ui_tutorial' retrieved from /home/airflow/.local/lib/python3.8/site-packages/airflow/example_dags/example_params_ui_tutorial.py
[2025-08-14T17:49:59.914+0000] {logging_mixin.py:188} INFO - [2025-08-14T17:49:59.914+0000] {dag.py:3047} INFO - Sync 1 DAGs
[2025-08-14T17:49:59.923+0000] {logging_mixin.py:188} INFO - [2025-08-14T17:49:59.923+0000] {dag.py:3834} INFO - Setting next_dagrun for example_params_ui_tutorial to None, run_after=None
[2025-08-14T17:49:59.936+0000] {processor.py:183} INFO - Processing /home/airflow/.local/lib/python3.8/site-packages/airflow/example_dags/example_params_ui_tutorial.py took 0.099 seconds
[2025-08-14T17:50:30.123+0000] {processor.py:161} INFO - Started process (PID=1581) to work on /home/airflow/.local/lib/python3.8/site-packages/airflow/example_dags/example_params_ui_tutorial.py
[2025-08-14T17:50:30.129+0000] {processor.py:830} INFO - Processing file /home/airflow/.local/lib/python3.8/site-packages/airflow/example_dags/example_params_ui_tutorial.py for tasks to queue
[2025-08-14T17:50:30.131+0000] {logging_mixin.py:188} INFO - [2025-08-14T17:50:30.130+0000] {dagbag.py:540} INFO - Filling up the DagBag from /home/airflow/.local/lib/python3.8/site-packages/airflow/example_dags/example_params_ui_tutorial.py
[2025-08-14T17:50:30.155+0000] {processor.py:840} INFO - DAG(s) 'example_params_ui_tutorial' retrieved from /home/airflow/.local/lib/python3.8/site-packages/airflow/example_dags/example_params_ui_tutorial.py
[2025-08-14T17:50:30.279+0000] {logging_mixin.py:188} INFO - [2025-08-14T17:50:30.279+0000] {dag.py:3047} INFO - Sync 1 DAGs
[2025-08-14T17:50:30.305+0000] {logging_mixin.py:188} INFO - [2025-08-14T17:50:30.304+0000] {dag.py:3834} INFO - Setting next_dagrun for example_params_ui_tutorial to None, run_after=None
[2025-08-14T17:50:30.375+0000] {processor.py:183} INFO - Processing /home/airflow/.local/lib/python3.8/site-packages/airflow/example_dags/example_params_ui_tutorial.py took 0.257 seconds
[2025-08-14T17:51:00.467+0000] {processor.py:161} INFO - Started process (PID=1637) to work on /home/airflow/.local/lib/python3.8/site-packages/airflow/example_dags/example_params_ui_tutorial.py
[2025-08-14T17:51:00.468+0000] {processor.py:830} INFO - Processing file /home/airflow/.local/lib/python3.8/site-packages/airflow/example_dags/example_params_ui_tutorial.py for tasks to queue
[2025-08-14T17:51:00.470+0000] {logging_mixin.py:188} INFO - [2025-08-14T17:51:00.469+0000] {dagbag.py:540} INFO - Filling up the DagBag from /home/airflow/.local/lib/python3.8/site-packages/airflow/example_dags/example_params_ui_tutorial.py
[2025-08-14T17:51:00.487+0000] {processor.py:840} INFO - DAG(s) 'example_params_ui_tutorial' retrieved from /home/airflow/.local/lib/python3.8/site-packages/airflow/example_dags/example_params_ui_tutorial.py
[2025-08-14T17:51:00.526+0000] {logging_mixin.py:188} INFO - [2025-08-14T17:51:00.526+0000] {dag.py:3047} INFO - Sync 1 DAGs
[2025-08-14T17:51:00.532+0000] {logging_mixin.py:188} INFO - [2025-08-14T17:51:00.531+0000] {dag.py:3834} INFO - Setting next_dagrun for example_params_ui_tutorial to None, run_after=None
[2025-08-14T17:51:00.543+0000] {processor.py:183} INFO - Processing /home/airflow/.local/lib/python3.8/site-packages/airflow/example_dags/example_params_ui_tutorial.py took 0.078 seconds
[2025-08-14T17:51:30.876+0000] {processor.py:161} INFO - Started process (PID=1693) to work on /home/airflow/.local/lib/python3.8/site-packages/airflow/example_dags/example_params_ui_tutorial.py
[2025-08-14T17:51:30.879+0000] {processor.py:830} INFO - Processing file /home/airflow/.local/lib/python3.8/site-packages/airflow/example_dags/example_params_ui_tutorial.py for tasks to queue
[2025-08-14T17:51:30.884+0000] {logging_mixin.py:188} INFO - [2025-08-14T17:51:30.884+0000] {dagbag.py:540} INFO - Filling up the DagBag from /home/airflow/.local/lib/python3.8/site-packages/airflow/example_dags/example_params_ui_tutorial.py
[2025-08-14T17:51:30.896+0000] {processor.py:840} INFO - DAG(s) 'example_params_ui_tutorial' retrieved from /home/airflow/.local/lib/python3.8/site-packages/airflow/example_dags/example_params_ui_tutorial.py
[2025-08-14T17:51:30.932+0000] {logging_mixin.py:188} INFO - [2025-08-14T17:51:30.932+0000] {dag.py:3047} INFO - Sync 1 DAGs
[2025-08-14T17:51:30.941+0000] {logging_mixin.py:188} INFO - [2025-08-14T17:51:30.941+0000] {dag.py:3834} INFO - Setting next_dagrun for example_params_ui_tutorial to None, run_after=None
[2025-08-14T17:51:30.949+0000] {processor.py:183} INFO - Processing /home/airflow/.local/lib/python3.8/site-packages/airflow/example_dags/example_params_ui_tutorial.py took 0.077 seconds
[2025-08-14T17:52:01.562+0000] {processor.py:161} INFO - Started process (PID=1749) to work on /home/airflow/.local/lib/python3.8/site-packages/airflow/example_dags/example_params_ui_tutorial.py
[2025-08-14T17:52:01.566+0000] {processor.py:830} INFO - Processing file /home/airflow/.local/lib/python3.8/site-packages/airflow/example_dags/example_params_ui_tutorial.py for tasks to queue
[2025-08-14T17:52:01.569+0000] {logging_mixin.py:188} INFO - [2025-08-14T17:52:01.569+0000] {dagbag.py:540} INFO - Filling up the DagBag from /home/airflow/.local/lib/python3.8/site-packages/airflow/example_dags/example_params_ui_tutorial.py
[2025-08-14T17:52:01.579+0000] {processor.py:840} INFO - DAG(s) 'example_params_ui_tutorial' retrieved from /home/airflow/.local/lib/python3.8/site-packages/airflow/example_dags/example_params_ui_tutorial.py
[2025-08-14T17:52:01.627+0000] {logging_mixin.py:188} INFO - [2025-08-14T17:52:01.626+0000] {dag.py:3047} INFO - Sync 1 DAGs
[2025-08-14T17:52:01.632+0000] {logging_mixin.py:188} INFO - [2025-08-14T17:52:01.632+0000] {dag.py:3834} INFO - Setting next_dagrun for example_params_ui_tutorial to None, run_after=None
[2025-08-14T17:52:01.643+0000] {processor.py:183} INFO - Processing /home/airflow/.local/lib/python3.8/site-packages/airflow/example_dags/example_params_ui_tutorial.py took 0.084 seconds
[2025-08-14T17:52:31.998+0000] {processor.py:161} INFO - Started process (PID=1805) to work on /home/airflow/.local/lib/python3.8/site-packages/airflow/example_dags/example_params_ui_tutorial.py
[2025-08-14T17:52:32.005+0000] {processor.py:830} INFO - Processing file /home/airflow/.local/lib/python3.8/site-packages/airflow/example_dags/example_params_ui_tutorial.py for tasks to queue
[2025-08-14T17:52:32.006+0000] {logging_mixin.py:188} INFO - [2025-08-14T17:52:32.006+0000] {dagbag.py:540} INFO - Filling up the DagBag from /home/airflow/.local/lib/python3.8/site-packages/airflow/example_dags/example_params_ui_tutorial.py
[2025-08-14T17:52:32.018+0000] {processor.py:840} INFO - DAG(s) 'example_params_ui_tutorial' retrieved from /home/airflow/.local/lib/python3.8/site-packages/airflow/example_dags/example_params_ui_tutorial.py
[2025-08-14T17:52:32.051+0000] {logging_mixin.py:188} INFO - [2025-08-14T17:52:32.051+0000] {dag.py:3047} INFO - Sync 1 DAGs
[2025-08-14T17:52:32.059+0000] {logging_mixin.py:188} INFO - [2025-08-14T17:52:32.059+0000] {dag.py:3834} INFO - Setting next_dagrun for example_params_ui_tutorial to None, run_after=None
[2025-08-14T17:52:32.070+0000] {processor.py:183} INFO - Processing /home/airflow/.local/lib/python3.8/site-packages/airflow/example_dags/example_params_ui_tutorial.py took 0.076 seconds
[2025-08-14T17:53:02.291+0000] {processor.py:161} INFO - Started process (PID=1861) to work on /home/airflow/.local/lib/python3.8/site-packages/airflow/example_dags/example_params_ui_tutorial.py
[2025-08-14T17:53:02.292+0000] {processor.py:830} INFO - Processing file /home/airflow/.local/lib/python3.8/site-packages/airflow/example_dags/example_params_ui_tutorial.py for tasks to queue
[2025-08-14T17:53:02.301+0000] {logging_mixin.py:188} INFO - [2025-08-14T17:53:02.300+0000] {dagbag.py:540} INFO - Filling up the DagBag from /home/airflow/.local/lib/python3.8/site-packages/airflow/example_dags/example_params_ui_tutorial.py
[2025-08-14T17:53:02.313+0000] {processor.py:840} INFO - DAG(s) 'example_params_ui_tutorial' retrieved from /home/airflow/.local/lib/python3.8/site-packages/airflow/example_dags/example_params_ui_tutorial.py
[2025-08-14T17:53:02.356+0000] {logging_mixin.py:188} INFO - [2025-08-14T17:53:02.356+0000] {dag.py:3047} INFO - Sync 1 DAGs
[2025-08-14T17:53:02.364+0000] {logging_mixin.py:188} INFO - [2025-08-14T17:53:02.364+0000] {dag.py:3834} INFO - Setting next_dagrun for example_params_ui_tutorial to None, run_after=None
[2025-08-14T17:53:02.374+0000] {processor.py:183} INFO - Processing /home/airflow/.local/lib/python3.8/site-packages/airflow/example_dags/example_params_ui_tutorial.py took 0.088 seconds
[2025-08-14T17:53:32.793+0000] {processor.py:161} INFO - Started process (PID=1917) to work on /home/airflow/.local/lib/python3.8/site-packages/airflow/example_dags/example_params_ui_tutorial.py
[2025-08-14T17:53:32.798+0000] {processor.py:830} INFO - Processing file /home/airflow/.local/lib/python3.8/site-packages/airflow/example_dags/example_params_ui_tutorial.py for tasks to queue
[2025-08-14T17:53:32.800+0000] {logging_mixin.py:188} INFO - [2025-08-14T17:53:32.800+0000] {dagbag.py:540} INFO - Filling up the DagBag from /home/airflow/.local/lib/python3.8/site-packages/airflow/example_dags/example_params_ui_tutorial.py
[2025-08-14T17:53:32.817+0000] {processor.py:840} INFO - DAG(s) 'example_params_ui_tutorial' retrieved from /home/airflow/.local/lib/python3.8/site-packages/airflow/example_dags/example_params_ui_tutorial.py
[2025-08-14T17:53:32.866+0000] {logging_mixin.py:188} INFO - [2025-08-14T17:53:32.866+0000] {dag.py:3047} INFO - Sync 1 DAGs
[2025-08-14T17:53:32.878+0000] {logging_mixin.py:188} INFO - [2025-08-14T17:53:32.878+0000] {dag.py:3834} INFO - Setting next_dagrun for example_params_ui_tutorial to None, run_after=None
[2025-08-14T17:53:32.892+0000] {processor.py:183} INFO - Processing /home/airflow/.local/lib/python3.8/site-packages/airflow/example_dags/example_params_ui_tutorial.py took 0.102 seconds
[2025-08-14T17:54:03.100+0000] {processor.py:161} INFO - Started process (PID=1972) to work on /home/airflow/.local/lib/python3.8/site-packages/airflow/example_dags/example_params_ui_tutorial.py
[2025-08-14T17:54:03.105+0000] {processor.py:830} INFO - Processing file /home/airflow/.local/lib/python3.8/site-packages/airflow/example_dags/example_params_ui_tutorial.py for tasks to queue
[2025-08-14T17:54:03.109+0000] {logging_mixin.py:188} INFO - [2025-08-14T17:54:03.109+0000] {dagbag.py:540} INFO - Filling up the DagBag from /home/airflow/.local/lib/python3.8/site-packages/airflow/example_dags/example_params_ui_tutorial.py
[2025-08-14T17:54:03.130+0000] {processor.py:840} INFO - DAG(s) 'example_params_ui_tutorial' retrieved from /home/airflow/.local/lib/python3.8/site-packages/airflow/example_dags/example_params_ui_tutorial.py
[2025-08-14T17:54:03.183+0000] {logging_mixin.py:188} INFO - [2025-08-14T17:54:03.182+0000] {dag.py:3047} INFO - Sync 1 DAGs
[2025-08-14T17:54:03.193+0000] {logging_mixin.py:188} INFO - [2025-08-14T17:54:03.193+0000] {dag.py:3834} INFO - Setting next_dagrun for example_params_ui_tutorial to None, run_after=None
[2025-08-14T17:54:03.209+0000] {processor.py:183} INFO - Processing /home/airflow/.local/lib/python3.8/site-packages/airflow/example_dags/example_params_ui_tutorial.py took 0.112 seconds
[2025-08-14T17:54:33.579+0000] {processor.py:161} INFO - Started process (PID=2028) to work on /home/airflow/.local/lib/python3.8/site-packages/airflow/example_dags/example_params_ui_tutorial.py
[2025-08-14T17:54:33.580+0000] {processor.py:830} INFO - Processing file /home/airflow/.local/lib/python3.8/site-packages/airflow/example_dags/example_params_ui_tutorial.py for tasks to queue
[2025-08-14T17:54:33.583+0000] {logging_mixin.py:188} INFO - [2025-08-14T17:54:33.583+0000] {dagbag.py:540} INFO - Filling up the DagBag from /home/airflow/.local/lib/python3.8/site-packages/airflow/example_dags/example_params_ui_tutorial.py
[2025-08-14T17:54:33.618+0000] {processor.py:840} INFO - DAG(s) 'example_params_ui_tutorial' retrieved from /home/airflow/.local/lib/python3.8/site-packages/airflow/example_dags/example_params_ui_tutorial.py
[2025-08-14T17:54:33.662+0000] {logging_mixin.py:188} INFO - [2025-08-14T17:54:33.662+0000] {dag.py:3047} INFO - Sync 1 DAGs
[2025-08-14T17:54:33.670+0000] {logging_mixin.py:188} INFO - [2025-08-14T17:54:33.670+0000] {dag.py:3834} INFO - Setting next_dagrun for example_params_ui_tutorial to None, run_after=None
[2025-08-14T17:54:33.683+0000] {processor.py:183} INFO - Processing /home/airflow/.local/lib/python3.8/site-packages/airflow/example_dags/example_params_ui_tutorial.py took 0.109 seconds
[2025-08-14T17:55:03.932+0000] {processor.py:161} INFO - Started process (PID=2084) to work on /home/airflow/.local/lib/python3.8/site-packages/airflow/example_dags/example_params_ui_tutorial.py
[2025-08-14T17:55:03.938+0000] {processor.py:830} INFO - Processing file /home/airflow/.local/lib/python3.8/site-packages/airflow/example_dags/example_params_ui_tutorial.py for tasks to queue
[2025-08-14T17:55:03.940+0000] {logging_mixin.py:188} INFO - [2025-08-14T17:55:03.940+0000] {dagbag.py:540} INFO - Filling up the DagBag from /home/airflow/.local/lib/python3.8/site-packages/airflow/example_dags/example_params_ui_tutorial.py
[2025-08-14T17:55:03.962+0000] {processor.py:840} INFO - DAG(s) 'example_params_ui_tutorial' retrieved from /home/airflow/.local/lib/python3.8/site-packages/airflow/example_dags/example_params_ui_tutorial.py
[2025-08-14T17:55:04.017+0000] {logging_mixin.py:188} INFO - [2025-08-14T17:55:04.017+0000] {dag.py:3047} INFO - Sync 1 DAGs
[2025-08-14T17:55:04.035+0000] {logging_mixin.py:188} INFO - [2025-08-14T17:55:04.035+0000] {dag.py:3834} INFO - Setting next_dagrun for example_params_ui_tutorial to None, run_after=None
[2025-08-14T17:55:04.051+0000] {processor.py:183} INFO - Processing /home/airflow/.local/lib/python3.8/site-packages/airflow/example_dags/example_params_ui_tutorial.py took 0.124 seconds
[2025-08-14T17:55:34.889+0000] {processor.py:161} INFO - Started process (PID=2140) to work on /home/airflow/.local/lib/python3.8/site-packages/airflow/example_dags/example_params_ui_tutorial.py
[2025-08-14T17:55:34.892+0000] {processor.py:830} INFO - Processing file /home/airflow/.local/lib/python3.8/site-packages/airflow/example_dags/example_params_ui_tutorial.py for tasks to queue
[2025-08-14T17:55:34.896+0000] {logging_mixin.py:188} INFO - [2025-08-14T17:55:34.895+0000] {dagbag.py:540} INFO - Filling up the DagBag from /home/airflow/.local/lib/python3.8/site-packages/airflow/example_dags/example_params_ui_tutorial.py
[2025-08-14T17:55:34.910+0000] {processor.py:840} INFO - DAG(s) 'example_params_ui_tutorial' retrieved from /home/airflow/.local/lib/python3.8/site-packages/airflow/example_dags/example_params_ui_tutorial.py
[2025-08-14T17:55:34.957+0000] {logging_mixin.py:188} INFO - [2025-08-14T17:55:34.956+0000] {dag.py:3047} INFO - Sync 1 DAGs
[2025-08-14T17:55:34.967+0000] {logging_mixin.py:188} INFO - [2025-08-14T17:55:34.966+0000] {dag.py:3834} INFO - Setting next_dagrun for example_params_ui_tutorial to None, run_after=None
[2025-08-14T17:55:34.981+0000] {processor.py:183} INFO - Processing /home/airflow/.local/lib/python3.8/site-packages/airflow/example_dags/example_params_ui_tutorial.py took 0.096 seconds
[2025-08-14T17:56:05.328+0000] {processor.py:161} INFO - Started process (PID=2196) to work on /home/airflow/.local/lib/python3.8/site-packages/airflow/example_dags/example_params_ui_tutorial.py
[2025-08-14T17:56:05.331+0000] {processor.py:830} INFO - Processing file /home/airflow/.local/lib/python3.8/site-packages/airflow/example_dags/example_params_ui_tutorial.py for tasks to queue
[2025-08-14T17:56:05.333+0000] {logging_mixin.py:188} INFO - [2025-08-14T17:56:05.333+0000] {dagbag.py:540} INFO - Filling up the DagBag from /home/airflow/.local/lib/python3.8/site-packages/airflow/example_dags/example_params_ui_tutorial.py
[2025-08-14T17:56:05.348+0000] {processor.py:840} INFO - DAG(s) 'example_params_ui_tutorial' retrieved from /home/airflow/.local/lib/python3.8/site-packages/airflow/example_dags/example_params_ui_tutorial.py
[2025-08-14T17:56:05.409+0000] {logging_mixin.py:188} INFO - [2025-08-14T17:56:05.408+0000] {dag.py:3047} INFO - Sync 1 DAGs
[2025-08-14T17:56:05.419+0000] {logging_mixin.py:188} INFO - [2025-08-14T17:56:05.419+0000] {dag.py:3834} INFO - Setting next_dagrun for example_params_ui_tutorial to None, run_after=None
[2025-08-14T17:56:05.431+0000] {processor.py:183} INFO - Processing /home/airflow/.local/lib/python3.8/site-packages/airflow/example_dags/example_params_ui_tutorial.py took 0.115 seconds
[2025-08-14T17:56:35.812+0000] {processor.py:161} INFO - Started process (PID=2252) to work on /home/airflow/.local/lib/python3.8/site-packages/airflow/example_dags/example_params_ui_tutorial.py
[2025-08-14T17:56:35.814+0000] {processor.py:830} INFO - Processing file /home/airflow/.local/lib/python3.8/site-packages/airflow/example_dags/example_params_ui_tutorial.py for tasks to queue
[2025-08-14T17:56:35.815+0000] {logging_mixin.py:188} INFO - [2025-08-14T17:56:35.815+0000] {dagbag.py:540} INFO - Filling up the DagBag from /home/airflow/.local/lib/python3.8/site-packages/airflow/example_dags/example_params_ui_tutorial.py
[2025-08-14T17:56:35.827+0000] {processor.py:840} INFO - DAG(s) 'example_params_ui_tutorial' retrieved from /home/airflow/.local/lib/python3.8/site-packages/airflow/example_dags/example_params_ui_tutorial.py
[2025-08-14T17:56:35.866+0000] {logging_mixin.py:188} INFO - [2025-08-14T17:56:35.865+0000] {dag.py:3047} INFO - Sync 1 DAGs
[2025-08-14T17:56:35.871+0000] {logging_mixin.py:188} INFO - [2025-08-14T17:56:35.871+0000] {dag.py:3834} INFO - Setting next_dagrun for example_params_ui_tutorial to None, run_after=None
[2025-08-14T17:56:35.879+0000] {processor.py:183} INFO - Processing /home/airflow/.local/lib/python3.8/site-packages/airflow/example_dags/example_params_ui_tutorial.py took 0.071 seconds
[2025-08-14T17:57:06.118+0000] {processor.py:161} INFO - Started process (PID=2308) to work on /home/airflow/.local/lib/python3.8/site-packages/airflow/example_dags/example_params_ui_tutorial.py
[2025-08-14T17:57:06.121+0000] {processor.py:830} INFO - Processing file /home/airflow/.local/lib/python3.8/site-packages/airflow/example_dags/example_params_ui_tutorial.py for tasks to queue
[2025-08-14T17:57:06.123+0000] {logging_mixin.py:188} INFO - [2025-08-14T17:57:06.123+0000] {dagbag.py:540} INFO - Filling up the DagBag from /home/airflow/.local/lib/python3.8/site-packages/airflow/example_dags/example_params_ui_tutorial.py
[2025-08-14T17:57:06.136+0000] {processor.py:840} INFO - DAG(s) 'example_params_ui_tutorial' retrieved from /home/airflow/.local/lib/python3.8/site-packages/airflow/example_dags/example_params_ui_tutorial.py
[2025-08-14T17:57:06.170+0000] {logging_mixin.py:188} INFO - [2025-08-14T17:57:06.170+0000] {dag.py:3047} INFO - Sync 1 DAGs
[2025-08-14T17:57:06.177+0000] {logging_mixin.py:188} INFO - [2025-08-14T17:57:06.177+0000] {dag.py:3834} INFO - Setting next_dagrun for example_params_ui_tutorial to None, run_after=None
[2025-08-14T17:57:06.200+0000] {processor.py:183} INFO - Processing /home/airflow/.local/lib/python3.8/site-packages/airflow/example_dags/example_params_ui_tutorial.py took 0.087 seconds
[2025-08-14T17:57:36.511+0000] {processor.py:161} INFO - Started process (PID=2364) to work on /home/airflow/.local/lib/python3.8/site-packages/airflow/example_dags/example_params_ui_tutorial.py
[2025-08-14T17:57:36.513+0000] {processor.py:830} INFO - Processing file /home/airflow/.local/lib/python3.8/site-packages/airflow/example_dags/example_params_ui_tutorial.py for tasks to queue
[2025-08-14T17:57:36.517+0000] {logging_mixin.py:188} INFO - [2025-08-14T17:57:36.517+0000] {dagbag.py:540} INFO - Filling up the DagBag from /home/airflow/.local/lib/python3.8/site-packages/airflow/example_dags/example_params_ui_tutorial.py
[2025-08-14T17:57:36.530+0000] {processor.py:840} INFO - DAG(s) 'example_params_ui_tutorial' retrieved from /home/airflow/.local/lib/python3.8/site-packages/airflow/example_dags/example_params_ui_tutorial.py
[2025-08-14T17:57:36.565+0000] {logging_mixin.py:188} INFO - [2025-08-14T17:57:36.564+0000] {dag.py:3047} INFO - Sync 1 DAGs
[2025-08-14T17:57:36.575+0000] {logging_mixin.py:188} INFO - [2025-08-14T17:57:36.575+0000] {dag.py:3834} INFO - Setting next_dagrun for example_params_ui_tutorial to None, run_after=None
[2025-08-14T17:57:36.589+0000] {processor.py:183} INFO - Processing /home/airflow/.local/lib/python3.8/site-packages/airflow/example_dags/example_params_ui_tutorial.py took 0.082 seconds
[2025-08-14T17:58:07.155+0000] {processor.py:161} INFO - Started process (PID=2420) to work on /home/airflow/.local/lib/python3.8/site-packages/airflow/example_dags/example_params_ui_tutorial.py
[2025-08-14T17:58:07.160+0000] {processor.py:830} INFO - Processing file /home/airflow/.local/lib/python3.8/site-packages/airflow/example_dags/example_params_ui_tutorial.py for tasks to queue
[2025-08-14T17:58:07.163+0000] {logging_mixin.py:188} INFO - [2025-08-14T17:58:07.162+0000] {dagbag.py:540} INFO - Filling up the DagBag from /home/airflow/.local/lib/python3.8/site-packages/airflow/example_dags/example_params_ui_tutorial.py
[2025-08-14T17:58:07.177+0000] {processor.py:840} INFO - DAG(s) 'example_params_ui_tutorial' retrieved from /home/airflow/.local/lib/python3.8/site-packages/airflow/example_dags/example_params_ui_tutorial.py
[2025-08-14T17:58:07.216+0000] {logging_mixin.py:188} INFO - [2025-08-14T17:58:07.216+0000] {dag.py:3047} INFO - Sync 1 DAGs
[2025-08-14T17:58:07.223+0000] {logging_mixin.py:188} INFO - [2025-08-14T17:58:07.223+0000] {dag.py:3834} INFO - Setting next_dagrun for example_params_ui_tutorial to None, run_after=None
[2025-08-14T17:58:07.234+0000] {processor.py:183} INFO - Processing /home/airflow/.local/lib/python3.8/site-packages/airflow/example_dags/example_params_ui_tutorial.py took 0.082 seconds
[2025-08-14T17:58:37.874+0000] {processor.py:161} INFO - Started process (PID=2477) to work on /home/airflow/.local/lib/python3.8/site-packages/airflow/example_dags/example_params_ui_tutorial.py
[2025-08-14T17:58:37.879+0000] {processor.py:830} INFO - Processing file /home/airflow/.local/lib/python3.8/site-packages/airflow/example_dags/example_params_ui_tutorial.py for tasks to queue
[2025-08-14T17:58:37.881+0000] {logging_mixin.py:188} INFO - [2025-08-14T17:58:37.881+0000] {dagbag.py:540} INFO - Filling up the DagBag from /home/airflow/.local/lib/python3.8/site-packages/airflow/example_dags/example_params_ui_tutorial.py
[2025-08-14T17:58:37.898+0000] {processor.py:840} INFO - DAG(s) 'example_params_ui_tutorial' retrieved from /home/airflow/.local/lib/python3.8/site-packages/airflow/example_dags/example_params_ui_tutorial.py
[2025-08-14T17:58:37.940+0000] {logging_mixin.py:188} INFO - [2025-08-14T17:58:37.940+0000] {dag.py:3047} INFO - Sync 1 DAGs
[2025-08-14T17:58:37.950+0000] {logging_mixin.py:188} INFO - [2025-08-14T17:58:37.950+0000] {dag.py:3834} INFO - Setting next_dagrun for example_params_ui_tutorial to None, run_after=None
[2025-08-14T17:58:37.962+0000] {processor.py:183} INFO - Processing /home/airflow/.local/lib/python3.8/site-packages/airflow/example_dags/example_params_ui_tutorial.py took 0.092 seconds
[2025-08-14T17:59:08.433+0000] {processor.py:161} INFO - Started process (PID=2533) to work on /home/airflow/.local/lib/python3.8/site-packages/airflow/example_dags/example_params_ui_tutorial.py
[2025-08-14T17:59:08.438+0000] {processor.py:830} INFO - Processing file /home/airflow/.local/lib/python3.8/site-packages/airflow/example_dags/example_params_ui_tutorial.py for tasks to queue
[2025-08-14T17:59:08.441+0000] {logging_mixin.py:188} INFO - [2025-08-14T17:59:08.441+0000] {dagbag.py:540} INFO - Filling up the DagBag from /home/airflow/.local/lib/python3.8/site-packages/airflow/example_dags/example_params_ui_tutorial.py
[2025-08-14T17:59:08.473+0000] {processor.py:840} INFO - DAG(s) 'example_params_ui_tutorial' retrieved from /home/airflow/.local/lib/python3.8/site-packages/airflow/example_dags/example_params_ui_tutorial.py
[2025-08-14T17:59:08.539+0000] {logging_mixin.py:188} INFO - [2025-08-14T17:59:08.539+0000] {dag.py:3047} INFO - Sync 1 DAGs
[2025-08-14T17:59:08.549+0000] {logging_mixin.py:188} INFO - [2025-08-14T17:59:08.548+0000] {dag.py:3834} INFO - Setting next_dagrun for example_params_ui_tutorial to None, run_after=None
[2025-08-14T17:59:08.564+0000] {processor.py:183} INFO - Processing /home/airflow/.local/lib/python3.8/site-packages/airflow/example_dags/example_params_ui_tutorial.py took 0.134 seconds
[2025-08-14T17:59:38.714+0000] {processor.py:161} INFO - Started process (PID=2589) to work on /home/airflow/.local/lib/python3.8/site-packages/airflow/example_dags/example_params_ui_tutorial.py
[2025-08-14T17:59:38.716+0000] {processor.py:830} INFO - Processing file /home/airflow/.local/lib/python3.8/site-packages/airflow/example_dags/example_params_ui_tutorial.py for tasks to queue
[2025-08-14T17:59:38.717+0000] {logging_mixin.py:188} INFO - [2025-08-14T17:59:38.717+0000] {dagbag.py:540} INFO - Filling up the DagBag from /home/airflow/.local/lib/python3.8/site-packages/airflow/example_dags/example_params_ui_tutorial.py
[2025-08-14T17:59:38.729+0000] {processor.py:840} INFO - DAG(s) 'example_params_ui_tutorial' retrieved from /home/airflow/.local/lib/python3.8/site-packages/airflow/example_dags/example_params_ui_tutorial.py
[2025-08-14T17:59:38.785+0000] {logging_mixin.py:188} INFO - [2025-08-14T17:59:38.785+0000] {dag.py:3047} INFO - Sync 1 DAGs
[2025-08-14T17:59:38.795+0000] {logging_mixin.py:188} INFO - [2025-08-14T17:59:38.795+0000] {dag.py:3834} INFO - Setting next_dagrun for example_params_ui_tutorial to None, run_after=None
[2025-08-14T17:59:38.808+0000] {processor.py:183} INFO - Processing /home/airflow/.local/lib/python3.8/site-packages/airflow/example_dags/example_params_ui_tutorial.py took 0.096 seconds
[2025-08-14T18:00:09.262+0000] {processor.py:161} INFO - Started process (PID=2644) to work on /home/airflow/.local/lib/python3.8/site-packages/airflow/example_dags/example_params_ui_tutorial.py
[2025-08-14T18:00:09.264+0000] {processor.py:830} INFO - Processing file /home/airflow/.local/lib/python3.8/site-packages/airflow/example_dags/example_params_ui_tutorial.py for tasks to queue
[2025-08-14T18:00:09.265+0000] {logging_mixin.py:188} INFO - [2025-08-14T18:00:09.265+0000] {dagbag.py:540} INFO - Filling up the DagBag from /home/airflow/.local/lib/python3.8/site-packages/airflow/example_dags/example_params_ui_tutorial.py
[2025-08-14T18:00:09.272+0000] {processor.py:840} INFO - DAG(s) 'example_params_ui_tutorial' retrieved from /home/airflow/.local/lib/python3.8/site-packages/airflow/example_dags/example_params_ui_tutorial.py
[2025-08-14T18:00:09.309+0000] {logging_mixin.py:188} INFO - [2025-08-14T18:00:09.308+0000] {dag.py:3047} INFO - Sync 1 DAGs
[2025-08-14T18:00:09.317+0000] {logging_mixin.py:188} INFO - [2025-08-14T18:00:09.317+0000] {dag.py:3834} INFO - Setting next_dagrun for example_params_ui_tutorial to None, run_after=None
[2025-08-14T18:00:09.329+0000] {processor.py:183} INFO - Processing /home/airflow/.local/lib/python3.8/site-packages/airflow/example_dags/example_params_ui_tutorial.py took 0.070 seconds
[2025-08-14T18:00:39.424+0000] {processor.py:161} INFO - Started process (PID=2700) to work on /home/airflow/.local/lib/python3.8/site-packages/airflow/example_dags/example_params_ui_tutorial.py
[2025-08-14T18:00:39.428+0000] {processor.py:830} INFO - Processing file /home/airflow/.local/lib/python3.8/site-packages/airflow/example_dags/example_params_ui_tutorial.py for tasks to queue
[2025-08-14T18:00:39.431+0000] {logging_mixin.py:188} INFO - [2025-08-14T18:00:39.431+0000] {dagbag.py:540} INFO - Filling up the DagBag from /home/airflow/.local/lib/python3.8/site-packages/airflow/example_dags/example_params_ui_tutorial.py
[2025-08-14T18:00:39.446+0000] {processor.py:840} INFO - DAG(s) 'example_params_ui_tutorial' retrieved from /home/airflow/.local/lib/python3.8/site-packages/airflow/example_dags/example_params_ui_tutorial.py
[2025-08-14T18:00:39.520+0000] {logging_mixin.py:188} INFO - [2025-08-14T18:00:39.520+0000] {dag.py:3047} INFO - Sync 1 DAGs
[2025-08-14T18:00:39.542+0000] {logging_mixin.py:188} INFO - [2025-08-14T18:00:39.542+0000] {dag.py:3834} INFO - Setting next_dagrun for example_params_ui_tutorial to None, run_after=None
[2025-08-14T18:00:39.561+0000] {processor.py:183} INFO - Processing /home/airflow/.local/lib/python3.8/site-packages/airflow/example_dags/example_params_ui_tutorial.py took 0.141 seconds
[2025-08-14T18:01:09.737+0000] {processor.py:161} INFO - Started process (PID=2755) to work on /home/airflow/.local/lib/python3.8/site-packages/airflow/example_dags/example_params_ui_tutorial.py
[2025-08-14T18:01:09.739+0000] {processor.py:830} INFO - Processing file /home/airflow/.local/lib/python3.8/site-packages/airflow/example_dags/example_params_ui_tutorial.py for tasks to queue
[2025-08-14T18:01:09.741+0000] {logging_mixin.py:188} INFO - [2025-08-14T18:01:09.741+0000] {dagbag.py:540} INFO - Filling up the DagBag from /home/airflow/.local/lib/python3.8/site-packages/airflow/example_dags/example_params_ui_tutorial.py
[2025-08-14T18:01:09.760+0000] {processor.py:840} INFO - DAG(s) 'example_params_ui_tutorial' retrieved from /home/airflow/.local/lib/python3.8/site-packages/airflow/example_dags/example_params_ui_tutorial.py
[2025-08-14T18:01:09.805+0000] {logging_mixin.py:188} INFO - [2025-08-14T18:01:09.805+0000] {dag.py:3047} INFO - Sync 1 DAGs
[2025-08-14T18:01:09.813+0000] {logging_mixin.py:188} INFO - [2025-08-14T18:01:09.813+0000] {dag.py:3834} INFO - Setting next_dagrun for example_params_ui_tutorial to None, run_after=None
[2025-08-14T18:01:09.824+0000] {processor.py:183} INFO - Processing /home/airflow/.local/lib/python3.8/site-packages/airflow/example_dags/example_params_ui_tutorial.py took 0.091 seconds
[2025-08-14T18:01:39.949+0000] {processor.py:161} INFO - Started process (PID=2809) to work on /home/airflow/.local/lib/python3.8/site-packages/airflow/example_dags/example_params_ui_tutorial.py
[2025-08-14T18:01:39.958+0000] {processor.py:830} INFO - Processing file /home/airflow/.local/lib/python3.8/site-packages/airflow/example_dags/example_params_ui_tutorial.py for tasks to queue
[2025-08-14T18:01:39.960+0000] {logging_mixin.py:188} INFO - [2025-08-14T18:01:39.960+0000] {dagbag.py:540} INFO - Filling up the DagBag from /home/airflow/.local/lib/python3.8/site-packages/airflow/example_dags/example_params_ui_tutorial.py
[2025-08-14T18:01:39.978+0000] {processor.py:840} INFO - DAG(s) 'example_params_ui_tutorial' retrieved from /home/airflow/.local/lib/python3.8/site-packages/airflow/example_dags/example_params_ui_tutorial.py
[2025-08-14T18:01:40.029+0000] {logging_mixin.py:188} INFO - [2025-08-14T18:01:40.029+0000] {dag.py:3047} INFO - Sync 1 DAGs
[2025-08-14T18:01:40.040+0000] {logging_mixin.py:188} INFO - [2025-08-14T18:01:40.040+0000] {dag.py:3834} INFO - Setting next_dagrun for example_params_ui_tutorial to None, run_after=None
[2025-08-14T18:01:40.053+0000] {processor.py:183} INFO - Processing /home/airflow/.local/lib/python3.8/site-packages/airflow/example_dags/example_params_ui_tutorial.py took 0.107 seconds
[2025-08-14T18:02:10.721+0000] {processor.py:161} INFO - Started process (PID=2866) to work on /home/airflow/.local/lib/python3.8/site-packages/airflow/example_dags/example_params_ui_tutorial.py
[2025-08-14T18:02:10.722+0000] {processor.py:830} INFO - Processing file /home/airflow/.local/lib/python3.8/site-packages/airflow/example_dags/example_params_ui_tutorial.py for tasks to queue
[2025-08-14T18:02:10.725+0000] {logging_mixin.py:188} INFO - [2025-08-14T18:02:10.725+0000] {dagbag.py:540} INFO - Filling up the DagBag from /home/airflow/.local/lib/python3.8/site-packages/airflow/example_dags/example_params_ui_tutorial.py
[2025-08-14T18:02:10.739+0000] {processor.py:840} INFO - DAG(s) 'example_params_ui_tutorial' retrieved from /home/airflow/.local/lib/python3.8/site-packages/airflow/example_dags/example_params_ui_tutorial.py
[2025-08-14T18:02:10.801+0000] {logging_mixin.py:188} INFO - [2025-08-14T18:02:10.800+0000] {dag.py:3047} INFO - Sync 1 DAGs
[2025-08-14T18:02:10.811+0000] {logging_mixin.py:188} INFO - [2025-08-14T18:02:10.811+0000] {dag.py:3834} INFO - Setting next_dagrun for example_params_ui_tutorial to None, run_after=None
[2025-08-14T18:02:10.826+0000] {processor.py:183} INFO - Processing /home/airflow/.local/lib/python3.8/site-packages/airflow/example_dags/example_params_ui_tutorial.py took 0.107 seconds
[2025-08-14T18:02:41.731+0000] {processor.py:161} INFO - Started process (PID=2922) to work on /home/airflow/.local/lib/python3.8/site-packages/airflow/example_dags/example_params_ui_tutorial.py
[2025-08-14T18:02:41.732+0000] {processor.py:830} INFO - Processing file /home/airflow/.local/lib/python3.8/site-packages/airflow/example_dags/example_params_ui_tutorial.py for tasks to queue
[2025-08-14T18:02:41.734+0000] {logging_mixin.py:188} INFO - [2025-08-14T18:02:41.734+0000] {dagbag.py:540} INFO - Filling up the DagBag from /home/airflow/.local/lib/python3.8/site-packages/airflow/example_dags/example_params_ui_tutorial.py
[2025-08-14T18:02:41.745+0000] {processor.py:840} INFO - DAG(s) 'example_params_ui_tutorial' retrieved from /home/airflow/.local/lib/python3.8/site-packages/airflow/example_dags/example_params_ui_tutorial.py
[2025-08-14T18:02:41.809+0000] {logging_mixin.py:188} INFO - [2025-08-14T18:02:41.808+0000] {dag.py:3047} INFO - Sync 1 DAGs
[2025-08-14T18:02:41.851+0000] {logging_mixin.py:188} INFO - [2025-08-14T18:02:41.849+0000] {dag.py:3834} INFO - Setting next_dagrun for example_params_ui_tutorial to None, run_after=None
[2025-08-14T18:02:41.908+0000] {processor.py:183} INFO - Processing /home/airflow/.local/lib/python3.8/site-packages/airflow/example_dags/example_params_ui_tutorial.py took 0.184 seconds
[2025-08-14T18:03:12.255+0000] {processor.py:161} INFO - Started process (PID=2977) to work on /home/airflow/.local/lib/python3.8/site-packages/airflow/example_dags/example_params_ui_tutorial.py
[2025-08-14T18:03:12.260+0000] {processor.py:830} INFO - Processing file /home/airflow/.local/lib/python3.8/site-packages/airflow/example_dags/example_params_ui_tutorial.py for tasks to queue
[2025-08-14T18:03:12.269+0000] {logging_mixin.py:188} INFO - [2025-08-14T18:03:12.268+0000] {dagbag.py:540} INFO - Filling up the DagBag from /home/airflow/.local/lib/python3.8/site-packages/airflow/example_dags/example_params_ui_tutorial.py
[2025-08-14T18:03:12.300+0000] {processor.py:840} INFO - DAG(s) 'example_params_ui_tutorial' retrieved from /home/airflow/.local/lib/python3.8/site-packages/airflow/example_dags/example_params_ui_tutorial.py
[2025-08-14T18:03:12.415+0000] {logging_mixin.py:188} INFO - [2025-08-14T18:03:12.415+0000] {dag.py:3047} INFO - Sync 1 DAGs
[2025-08-14T18:03:12.424+0000] {logging_mixin.py:188} INFO - [2025-08-14T18:03:12.424+0000] {dag.py:3834} INFO - Setting next_dagrun for example_params_ui_tutorial to None, run_after=None
[2025-08-14T18:03:12.436+0000] {processor.py:183} INFO - Processing /home/airflow/.local/lib/python3.8/site-packages/airflow/example_dags/example_params_ui_tutorial.py took 0.195 seconds
[2025-08-14T18:03:43.411+0000] {processor.py:161} INFO - Started process (PID=3034) to work on /home/airflow/.local/lib/python3.8/site-packages/airflow/example_dags/example_params_ui_tutorial.py
[2025-08-14T18:03:43.413+0000] {processor.py:830} INFO - Processing file /home/airflow/.local/lib/python3.8/site-packages/airflow/example_dags/example_params_ui_tutorial.py for tasks to queue
[2025-08-14T18:03:43.415+0000] {logging_mixin.py:188} INFO - [2025-08-14T18:03:43.415+0000] {dagbag.py:540} INFO - Filling up the DagBag from /home/airflow/.local/lib/python3.8/site-packages/airflow/example_dags/example_params_ui_tutorial.py
[2025-08-14T18:03:43.438+0000] {processor.py:840} INFO - DAG(s) 'example_params_ui_tutorial' retrieved from /home/airflow/.local/lib/python3.8/site-packages/airflow/example_dags/example_params_ui_tutorial.py
[2025-08-14T18:03:43.516+0000] {logging_mixin.py:188} INFO - [2025-08-14T18:03:43.515+0000] {dag.py:3047} INFO - Sync 1 DAGs
[2025-08-14T18:03:43.531+0000] {logging_mixin.py:188} INFO - [2025-08-14T18:03:43.531+0000] {dag.py:3834} INFO - Setting next_dagrun for example_params_ui_tutorial to None, run_after=None
[2025-08-14T18:03:43.552+0000] {processor.py:183} INFO - Processing /home/airflow/.local/lib/python3.8/site-packages/airflow/example_dags/example_params_ui_tutorial.py took 0.147 seconds
[2025-08-14T18:04:14.498+0000] {processor.py:161} INFO - Started process (PID=3090) to work on /home/airflow/.local/lib/python3.8/site-packages/airflow/example_dags/example_params_ui_tutorial.py
[2025-08-14T18:04:14.500+0000] {processor.py:830} INFO - Processing file /home/airflow/.local/lib/python3.8/site-packages/airflow/example_dags/example_params_ui_tutorial.py for tasks to queue
[2025-08-14T18:04:14.503+0000] {logging_mixin.py:188} INFO - [2025-08-14T18:04:14.503+0000] {dagbag.py:540} INFO - Filling up the DagBag from /home/airflow/.local/lib/python3.8/site-packages/airflow/example_dags/example_params_ui_tutorial.py
[2025-08-14T18:04:14.521+0000] {processor.py:840} INFO - DAG(s) 'example_params_ui_tutorial' retrieved from /home/airflow/.local/lib/python3.8/site-packages/airflow/example_dags/example_params_ui_tutorial.py
[2025-08-14T18:04:14.570+0000] {logging_mixin.py:188} INFO - [2025-08-14T18:04:14.570+0000] {dag.py:3047} INFO - Sync 1 DAGs
[2025-08-14T18:04:14.583+0000] {logging_mixin.py:188} INFO - [2025-08-14T18:04:14.583+0000] {dag.py:3834} INFO - Setting next_dagrun for example_params_ui_tutorial to None, run_after=None
[2025-08-14T18:04:14.602+0000] {processor.py:183} INFO - Processing /home/airflow/.local/lib/python3.8/site-packages/airflow/example_dags/example_params_ui_tutorial.py took 0.107 seconds
[2025-08-14T18:04:45.654+0000] {processor.py:161} INFO - Started process (PID=3146) to work on /home/airflow/.local/lib/python3.8/site-packages/airflow/example_dags/example_params_ui_tutorial.py
[2025-08-14T18:04:45.656+0000] {processor.py:830} INFO - Processing file /home/airflow/.local/lib/python3.8/site-packages/airflow/example_dags/example_params_ui_tutorial.py for tasks to queue
[2025-08-14T18:04:45.657+0000] {logging_mixin.py:188} INFO - [2025-08-14T18:04:45.657+0000] {dagbag.py:540} INFO - Filling up the DagBag from /home/airflow/.local/lib/python3.8/site-packages/airflow/example_dags/example_params_ui_tutorial.py
[2025-08-14T18:04:45.667+0000] {processor.py:840} INFO - DAG(s) 'example_params_ui_tutorial' retrieved from /home/airflow/.local/lib/python3.8/site-packages/airflow/example_dags/example_params_ui_tutorial.py
[2025-08-14T18:04:45.773+0000] {logging_mixin.py:188} INFO - [2025-08-14T18:04:45.773+0000] {dag.py:3047} INFO - Sync 1 DAGs
[2025-08-14T18:04:45.809+0000] {logging_mixin.py:188} INFO - [2025-08-14T18:04:45.808+0000] {dag.py:3834} INFO - Setting next_dagrun for example_params_ui_tutorial to None, run_after=None
[2025-08-14T18:04:45.960+0000] {processor.py:183} INFO - Processing /home/airflow/.local/lib/python3.8/site-packages/airflow/example_dags/example_params_ui_tutorial.py took 0.316 seconds
[2025-08-14T18:05:16.766+0000] {processor.py:161} INFO - Started process (PID=3202) to work on /home/airflow/.local/lib/python3.8/site-packages/airflow/example_dags/example_params_ui_tutorial.py
[2025-08-14T18:05:16.770+0000] {processor.py:830} INFO - Processing file /home/airflow/.local/lib/python3.8/site-packages/airflow/example_dags/example_params_ui_tutorial.py for tasks to queue
[2025-08-14T18:05:16.774+0000] {logging_mixin.py:188} INFO - [2025-08-14T18:05:16.773+0000] {dagbag.py:540} INFO - Filling up the DagBag from /home/airflow/.local/lib/python3.8/site-packages/airflow/example_dags/example_params_ui_tutorial.py
[2025-08-14T18:05:16.783+0000] {processor.py:840} INFO - DAG(s) 'example_params_ui_tutorial' retrieved from /home/airflow/.local/lib/python3.8/site-packages/airflow/example_dags/example_params_ui_tutorial.py
[2025-08-14T18:05:16.827+0000] {logging_mixin.py:188} INFO - [2025-08-14T18:05:16.827+0000] {dag.py:3047} INFO - Sync 1 DAGs
[2025-08-14T18:05:16.836+0000] {logging_mixin.py:188} INFO - [2025-08-14T18:05:16.836+0000] {dag.py:3834} INFO - Setting next_dagrun for example_params_ui_tutorial to None, run_after=None
[2025-08-14T18:05:16.849+0000] {processor.py:183} INFO - Processing /home/airflow/.local/lib/python3.8/site-packages/airflow/example_dags/example_params_ui_tutorial.py took 0.086 seconds
[2025-08-14T18:05:46.986+0000] {processor.py:161} INFO - Started process (PID=3257) to work on /home/airflow/.local/lib/python3.8/site-packages/airflow/example_dags/example_params_ui_tutorial.py
[2025-08-14T18:05:46.987+0000] {processor.py:830} INFO - Processing file /home/airflow/.local/lib/python3.8/site-packages/airflow/example_dags/example_params_ui_tutorial.py for tasks to queue
[2025-08-14T18:05:46.988+0000] {logging_mixin.py:188} INFO - [2025-08-14T18:05:46.988+0000] {dagbag.py:540} INFO - Filling up the DagBag from /home/airflow/.local/lib/python3.8/site-packages/airflow/example_dags/example_params_ui_tutorial.py
[2025-08-14T18:05:46.997+0000] {processor.py:840} INFO - DAG(s) 'example_params_ui_tutorial' retrieved from /home/airflow/.local/lib/python3.8/site-packages/airflow/example_dags/example_params_ui_tutorial.py
[2025-08-14T18:05:47.027+0000] {logging_mixin.py:188} INFO - [2025-08-14T18:05:47.027+0000] {dag.py:3047} INFO - Sync 1 DAGs
[2025-08-14T18:05:47.033+0000] {logging_mixin.py:188} INFO - [2025-08-14T18:05:47.032+0000] {dag.py:3834} INFO - Setting next_dagrun for example_params_ui_tutorial to None, run_after=None
[2025-08-14T18:05:47.042+0000] {processor.py:183} INFO - Processing /home/airflow/.local/lib/python3.8/site-packages/airflow/example_dags/example_params_ui_tutorial.py took 0.058 seconds
