[2025-08-14T17:36:42.881+0000] {processor.py:161} INFO - Started process (PID=51) to work on /home/airflow/.local/lib/python3.8/site-packages/airflow/example_dags/example_latest_only.py
[2025-08-14T17:36:42.883+0000] {processor.py:830} INFO - Processing file /home/airflow/.local/lib/python3.8/site-packages/airflow/example_dags/example_latest_only.py for tasks to queue
[2025-08-14T17:36:42.885+0000] {logging_mixin.py:188} INFO - [2025-08-14T17:36:42.884+0000] {dagbag.py:540} INFO - Filling up the DagBag from /home/airflow/.local/lib/python3.8/site-packages/airflow/example_dags/example_latest_only.py
[2025-08-14T17:36:42.893+0000] {processor.py:840} INFO - DAG(s) 'latest_only' retrieved from /home/airflow/.local/lib/python3.8/site-packages/airflow/example_dags/example_latest_only.py
[2025-08-14T17:36:43.476+0000] {logging_mixin.py:188} INFO - [2025-08-14T17:36:43.474+0000] {dag.py:3047} INFO - Sync 1 DAGs
[2025-08-14T17:36:43.638+0000] {logging_mixin.py:188} INFO - [2025-08-14T17:36:43.637+0000] {dag.py:3834} INFO - Setting next_dagrun for latest_only to 2025-08-14 12:00:00+00:00, run_after=2025-08-14 16:00:00+00:00
[2025-08-14T17:36:43.730+0000] {processor.py:183} INFO - Processing /home/airflow/.local/lib/python3.8/site-packages/airflow/example_dags/example_latest_only.py took 0.866 seconds
[2025-08-14T17:37:14.414+0000] {processor.py:161} INFO - Started process (PID=117) to work on /home/airflow/.local/lib/python3.8/site-packages/airflow/example_dags/example_latest_only.py
[2025-08-14T17:37:14.416+0000] {processor.py:830} INFO - Processing file /home/airflow/.local/lib/python3.8/site-packages/airflow/example_dags/example_latest_only.py for tasks to queue
[2025-08-14T17:37:14.420+0000] {logging_mixin.py:188} INFO - [2025-08-14T17:37:14.419+0000] {dagbag.py:540} INFO - Filling up the DagBag from /home/airflow/.local/lib/python3.8/site-packages/airflow/example_dags/example_latest_only.py
[2025-08-14T17:37:14.432+0000] {processor.py:840} INFO - DAG(s) 'latest_only' retrieved from /home/airflow/.local/lib/python3.8/site-packages/airflow/example_dags/example_latest_only.py
[2025-08-14T17:37:14.499+0000] {logging_mixin.py:188} INFO - [2025-08-14T17:37:14.499+0000] {dag.py:3047} INFO - Sync 1 DAGs
[2025-08-14T17:37:14.511+0000] {logging_mixin.py:188} INFO - [2025-08-14T17:37:14.511+0000] {dag.py:3834} INFO - Setting next_dagrun for latest_only to 2025-08-14 12:00:00+00:00, run_after=2025-08-14 16:00:00+00:00
[2025-08-14T17:37:14.530+0000] {processor.py:183} INFO - Processing /home/airflow/.local/lib/python3.8/site-packages/airflow/example_dags/example_latest_only.py took 0.122 seconds
[2025-08-14T17:37:45.185+0000] {processor.py:161} INFO - Started process (PID=173) to work on /home/airflow/.local/lib/python3.8/site-packages/airflow/example_dags/example_latest_only.py
[2025-08-14T17:37:45.188+0000] {processor.py:830} INFO - Processing file /home/airflow/.local/lib/python3.8/site-packages/airflow/example_dags/example_latest_only.py for tasks to queue
[2025-08-14T17:37:45.192+0000] {logging_mixin.py:188} INFO - [2025-08-14T17:37:45.192+0000] {dagbag.py:540} INFO - Filling up the DagBag from /home/airflow/.local/lib/python3.8/site-packages/airflow/example_dags/example_latest_only.py
[2025-08-14T17:37:45.201+0000] {processor.py:840} INFO - DAG(s) 'latest_only' retrieved from /home/airflow/.local/lib/python3.8/site-packages/airflow/example_dags/example_latest_only.py
[2025-08-14T17:37:45.215+0000] {logging_mixin.py:188} INFO - [2025-08-14T17:37:45.215+0000] {dag.py:3047} INFO - Sync 1 DAGs
[2025-08-14T17:37:45.226+0000] {logging_mixin.py:188} INFO - [2025-08-14T17:37:45.226+0000] {dag.py:3834} INFO - Setting next_dagrun for latest_only to 2025-08-14 12:00:00+00:00, run_after=2025-08-14 16:00:00+00:00
[2025-08-14T17:37:45.236+0000] {processor.py:183} INFO - Processing /home/airflow/.local/lib/python3.8/site-packages/airflow/example_dags/example_latest_only.py took 0.056 seconds
[2025-08-14T17:38:15.321+0000] {processor.py:161} INFO - Started process (PID=228) to work on /home/airflow/.local/lib/python3.8/site-packages/airflow/example_dags/example_latest_only.py
[2025-08-14T17:38:15.323+0000] {processor.py:830} INFO - Processing file /home/airflow/.local/lib/python3.8/site-packages/airflow/example_dags/example_latest_only.py for tasks to queue
[2025-08-14T17:38:15.325+0000] {logging_mixin.py:188} INFO - [2025-08-14T17:38:15.325+0000] {dagbag.py:540} INFO - Filling up the DagBag from /home/airflow/.local/lib/python3.8/site-packages/airflow/example_dags/example_latest_only.py
[2025-08-14T17:38:15.331+0000] {processor.py:840} INFO - DAG(s) 'latest_only' retrieved from /home/airflow/.local/lib/python3.8/site-packages/airflow/example_dags/example_latest_only.py
[2025-08-14T17:38:15.349+0000] {logging_mixin.py:188} INFO - [2025-08-14T17:38:15.349+0000] {dag.py:3047} INFO - Sync 1 DAGs
[2025-08-14T17:38:15.362+0000] {logging_mixin.py:188} INFO - [2025-08-14T17:38:15.362+0000] {dag.py:3834} INFO - Setting next_dagrun for latest_only to 2025-08-14 12:00:00+00:00, run_after=2025-08-14 16:00:00+00:00
[2025-08-14T17:38:15.372+0000] {processor.py:183} INFO - Processing /home/airflow/.local/lib/python3.8/site-packages/airflow/example_dags/example_latest_only.py took 0.057 seconds
[2025-08-14T17:38:45.918+0000] {processor.py:161} INFO - Started process (PID=285) to work on /home/airflow/.local/lib/python3.8/site-packages/airflow/example_dags/example_latest_only.py
[2025-08-14T17:38:45.919+0000] {processor.py:830} INFO - Processing file /home/airflow/.local/lib/python3.8/site-packages/airflow/example_dags/example_latest_only.py for tasks to queue
[2025-08-14T17:38:45.922+0000] {logging_mixin.py:188} INFO - [2025-08-14T17:38:45.922+0000] {dagbag.py:540} INFO - Filling up the DagBag from /home/airflow/.local/lib/python3.8/site-packages/airflow/example_dags/example_latest_only.py
[2025-08-14T17:38:45.929+0000] {processor.py:840} INFO - DAG(s) 'latest_only' retrieved from /home/airflow/.local/lib/python3.8/site-packages/airflow/example_dags/example_latest_only.py
[2025-08-14T17:38:45.957+0000] {logging_mixin.py:188} INFO - [2025-08-14T17:38:45.957+0000] {dag.py:3047} INFO - Sync 1 DAGs
[2025-08-14T17:38:45.973+0000] {logging_mixin.py:188} INFO - [2025-08-14T17:38:45.973+0000] {dag.py:3834} INFO - Setting next_dagrun for latest_only to 2025-08-14 12:00:00+00:00, run_after=2025-08-14 16:00:00+00:00
[2025-08-14T17:38:45.983+0000] {processor.py:183} INFO - Processing /home/airflow/.local/lib/python3.8/site-packages/airflow/example_dags/example_latest_only.py took 0.069 seconds
[2025-08-14T17:39:16.241+0000] {processor.py:161} INFO - Started process (PID=341) to work on /home/airflow/.local/lib/python3.8/site-packages/airflow/example_dags/example_latest_only.py
[2025-08-14T17:39:16.243+0000] {processor.py:830} INFO - Processing file /home/airflow/.local/lib/python3.8/site-packages/airflow/example_dags/example_latest_only.py for tasks to queue
[2025-08-14T17:39:16.245+0000] {logging_mixin.py:188} INFO - [2025-08-14T17:39:16.244+0000] {dagbag.py:540} INFO - Filling up the DagBag from /home/airflow/.local/lib/python3.8/site-packages/airflow/example_dags/example_latest_only.py
[2025-08-14T17:39:16.251+0000] {processor.py:840} INFO - DAG(s) 'latest_only' retrieved from /home/airflow/.local/lib/python3.8/site-packages/airflow/example_dags/example_latest_only.py
[2025-08-14T17:39:16.269+0000] {logging_mixin.py:188} INFO - [2025-08-14T17:39:16.268+0000] {dag.py:3047} INFO - Sync 1 DAGs
[2025-08-14T17:39:16.283+0000] {logging_mixin.py:188} INFO - [2025-08-14T17:39:16.282+0000] {dag.py:3834} INFO - Setting next_dagrun for latest_only to 2025-08-14 12:00:00+00:00, run_after=2025-08-14 16:00:00+00:00
[2025-08-14T17:39:16.292+0000] {processor.py:183} INFO - Processing /home/airflow/.local/lib/python3.8/site-packages/airflow/example_dags/example_latest_only.py took 0.056 seconds
[2025-08-14T17:39:46.774+0000] {processor.py:161} INFO - Started process (PID=397) to work on /home/airflow/.local/lib/python3.8/site-packages/airflow/example_dags/example_latest_only.py
[2025-08-14T17:39:46.776+0000] {processor.py:830} INFO - Processing file /home/airflow/.local/lib/python3.8/site-packages/airflow/example_dags/example_latest_only.py for tasks to queue
[2025-08-14T17:39:46.779+0000] {logging_mixin.py:188} INFO - [2025-08-14T17:39:46.779+0000] {dagbag.py:540} INFO - Filling up the DagBag from /home/airflow/.local/lib/python3.8/site-packages/airflow/example_dags/example_latest_only.py
[2025-08-14T17:39:46.786+0000] {processor.py:840} INFO - DAG(s) 'latest_only' retrieved from /home/airflow/.local/lib/python3.8/site-packages/airflow/example_dags/example_latest_only.py
[2025-08-14T17:39:46.804+0000] {logging_mixin.py:188} INFO - [2025-08-14T17:39:46.804+0000] {dag.py:3047} INFO - Sync 1 DAGs
[2025-08-14T17:39:46.815+0000] {logging_mixin.py:188} INFO - [2025-08-14T17:39:46.815+0000] {dag.py:3834} INFO - Setting next_dagrun for latest_only to 2025-08-14 12:00:00+00:00, run_after=2025-08-14 16:00:00+00:00
[2025-08-14T17:39:46.823+0000] {processor.py:183} INFO - Processing /home/airflow/.local/lib/python3.8/site-packages/airflow/example_dags/example_latest_only.py took 0.055 seconds
[2025-08-14T17:40:17.569+0000] {processor.py:161} INFO - Started process (PID=453) to work on /home/airflow/.local/lib/python3.8/site-packages/airflow/example_dags/example_latest_only.py
[2025-08-14T17:40:17.570+0000] {processor.py:830} INFO - Processing file /home/airflow/.local/lib/python3.8/site-packages/airflow/example_dags/example_latest_only.py for tasks to queue
[2025-08-14T17:40:17.571+0000] {logging_mixin.py:188} INFO - [2025-08-14T17:40:17.571+0000] {dagbag.py:540} INFO - Filling up the DagBag from /home/airflow/.local/lib/python3.8/site-packages/airflow/example_dags/example_latest_only.py
[2025-08-14T17:40:17.575+0000] {processor.py:840} INFO - DAG(s) 'latest_only' retrieved from /home/airflow/.local/lib/python3.8/site-packages/airflow/example_dags/example_latest_only.py
[2025-08-14T17:40:17.587+0000] {logging_mixin.py:188} INFO - [2025-08-14T17:40:17.587+0000] {dag.py:3047} INFO - Sync 1 DAGs
[2025-08-14T17:40:17.601+0000] {logging_mixin.py:188} INFO - [2025-08-14T17:40:17.601+0000] {dag.py:3834} INFO - Setting next_dagrun for latest_only to 2025-08-14 12:00:00+00:00, run_after=2025-08-14 16:00:00+00:00
[2025-08-14T17:40:17.610+0000] {processor.py:183} INFO - Processing /home/airflow/.local/lib/python3.8/site-packages/airflow/example_dags/example_latest_only.py took 0.044 seconds
[2025-08-14T17:40:48.223+0000] {processor.py:161} INFO - Started process (PID=509) to work on /home/airflow/.local/lib/python3.8/site-packages/airflow/example_dags/example_latest_only.py
[2025-08-14T17:40:48.225+0000] {processor.py:830} INFO - Processing file /home/airflow/.local/lib/python3.8/site-packages/airflow/example_dags/example_latest_only.py for tasks to queue
[2025-08-14T17:40:48.228+0000] {logging_mixin.py:188} INFO - [2025-08-14T17:40:48.227+0000] {dagbag.py:540} INFO - Filling up the DagBag from /home/airflow/.local/lib/python3.8/site-packages/airflow/example_dags/example_latest_only.py
[2025-08-14T17:40:48.235+0000] {processor.py:840} INFO - DAG(s) 'latest_only' retrieved from /home/airflow/.local/lib/python3.8/site-packages/airflow/example_dags/example_latest_only.py
[2025-08-14T17:40:48.279+0000] {logging_mixin.py:188} INFO - [2025-08-14T17:40:48.278+0000] {dag.py:3047} INFO - Sync 1 DAGs
[2025-08-14T17:40:48.301+0000] {logging_mixin.py:188} INFO - [2025-08-14T17:40:48.300+0000] {dag.py:3834} INFO - Setting next_dagrun for latest_only to 2025-08-14 12:00:00+00:00, run_after=2025-08-14 16:00:00+00:00
[2025-08-14T17:40:48.312+0000] {processor.py:183} INFO - Processing /home/airflow/.local/lib/python3.8/site-packages/airflow/example_dags/example_latest_only.py took 0.094 seconds
[2025-08-14T17:41:18.649+0000] {processor.py:161} INFO - Started process (PID=565) to work on /home/airflow/.local/lib/python3.8/site-packages/airflow/example_dags/example_latest_only.py
[2025-08-14T17:41:18.649+0000] {processor.py:830} INFO - Processing file /home/airflow/.local/lib/python3.8/site-packages/airflow/example_dags/example_latest_only.py for tasks to queue
[2025-08-14T17:41:18.651+0000] {logging_mixin.py:188} INFO - [2025-08-14T17:41:18.650+0000] {dagbag.py:540} INFO - Filling up the DagBag from /home/airflow/.local/lib/python3.8/site-packages/airflow/example_dags/example_latest_only.py
[2025-08-14T17:41:18.654+0000] {processor.py:840} INFO - DAG(s) 'latest_only' retrieved from /home/airflow/.local/lib/python3.8/site-packages/airflow/example_dags/example_latest_only.py
[2025-08-14T17:41:18.665+0000] {logging_mixin.py:188} INFO - [2025-08-14T17:41:18.665+0000] {dag.py:3047} INFO - Sync 1 DAGs
[2025-08-14T17:41:18.676+0000] {logging_mixin.py:188} INFO - [2025-08-14T17:41:18.676+0000] {dag.py:3834} INFO - Setting next_dagrun for latest_only to 2025-08-14 12:00:00+00:00, run_after=2025-08-14 16:00:00+00:00
[2025-08-14T17:41:18.685+0000] {processor.py:183} INFO - Processing /home/airflow/.local/lib/python3.8/site-packages/airflow/example_dags/example_latest_only.py took 0.039 seconds
[2025-08-14T17:41:49.014+0000] {processor.py:161} INFO - Started process (PID=621) to work on /home/airflow/.local/lib/python3.8/site-packages/airflow/example_dags/example_latest_only.py
[2025-08-14T17:41:49.015+0000] {processor.py:830} INFO - Processing file /home/airflow/.local/lib/python3.8/site-packages/airflow/example_dags/example_latest_only.py for tasks to queue
[2025-08-14T17:41:49.016+0000] {logging_mixin.py:188} INFO - [2025-08-14T17:41:49.016+0000] {dagbag.py:540} INFO - Filling up the DagBag from /home/airflow/.local/lib/python3.8/site-packages/airflow/example_dags/example_latest_only.py
[2025-08-14T17:41:49.020+0000] {processor.py:840} INFO - DAG(s) 'latest_only' retrieved from /home/airflow/.local/lib/python3.8/site-packages/airflow/example_dags/example_latest_only.py
[2025-08-14T17:41:49.032+0000] {logging_mixin.py:188} INFO - [2025-08-14T17:41:49.032+0000] {dag.py:3047} INFO - Sync 1 DAGs
[2025-08-14T17:41:49.043+0000] {logging_mixin.py:188} INFO - [2025-08-14T17:41:49.042+0000] {dag.py:3834} INFO - Setting next_dagrun for latest_only to 2025-08-14 12:00:00+00:00, run_after=2025-08-14 16:00:00+00:00
[2025-08-14T17:41:49.052+0000] {processor.py:183} INFO - Processing /home/airflow/.local/lib/python3.8/site-packages/airflow/example_dags/example_latest_only.py took 0.040 seconds
[2025-08-14T17:42:19.564+0000] {processor.py:161} INFO - Started process (PID=677) to work on /home/airflow/.local/lib/python3.8/site-packages/airflow/example_dags/example_latest_only.py
[2025-08-14T17:42:19.565+0000] {processor.py:830} INFO - Processing file /home/airflow/.local/lib/python3.8/site-packages/airflow/example_dags/example_latest_only.py for tasks to queue
[2025-08-14T17:42:19.566+0000] {logging_mixin.py:188} INFO - [2025-08-14T17:42:19.566+0000] {dagbag.py:540} INFO - Filling up the DagBag from /home/airflow/.local/lib/python3.8/site-packages/airflow/example_dags/example_latest_only.py
[2025-08-14T17:42:19.569+0000] {processor.py:840} INFO - DAG(s) 'latest_only' retrieved from /home/airflow/.local/lib/python3.8/site-packages/airflow/example_dags/example_latest_only.py
[2025-08-14T17:42:19.581+0000] {logging_mixin.py:188} INFO - [2025-08-14T17:42:19.581+0000] {dag.py:3047} INFO - Sync 1 DAGs
[2025-08-14T17:42:19.593+0000] {logging_mixin.py:188} INFO - [2025-08-14T17:42:19.593+0000] {dag.py:3834} INFO - Setting next_dagrun for latest_only to 2025-08-14 12:00:00+00:00, run_after=2025-08-14 16:00:00+00:00
[2025-08-14T17:42:19.602+0000] {processor.py:183} INFO - Processing /home/airflow/.local/lib/python3.8/site-packages/airflow/example_dags/example_latest_only.py took 0.041 seconds
[2025-08-14T17:42:50.317+0000] {processor.py:161} INFO - Started process (PID=733) to work on /home/airflow/.local/lib/python3.8/site-packages/airflow/example_dags/example_latest_only.py
[2025-08-14T17:42:50.319+0000] {processor.py:830} INFO - Processing file /home/airflow/.local/lib/python3.8/site-packages/airflow/example_dags/example_latest_only.py for tasks to queue
[2025-08-14T17:42:50.322+0000] {logging_mixin.py:188} INFO - [2025-08-14T17:42:50.322+0000] {dagbag.py:540} INFO - Filling up the DagBag from /home/airflow/.local/lib/python3.8/site-packages/airflow/example_dags/example_latest_only.py
[2025-08-14T17:42:50.329+0000] {processor.py:840} INFO - DAG(s) 'latest_only' retrieved from /home/airflow/.local/lib/python3.8/site-packages/airflow/example_dags/example_latest_only.py
[2025-08-14T17:42:50.351+0000] {logging_mixin.py:188} INFO - [2025-08-14T17:42:50.351+0000] {dag.py:3047} INFO - Sync 1 DAGs
[2025-08-14T17:42:50.368+0000] {logging_mixin.py:188} INFO - [2025-08-14T17:42:50.368+0000] {dag.py:3834} INFO - Setting next_dagrun for latest_only to 2025-08-14 12:00:00+00:00, run_after=2025-08-14 16:00:00+00:00
[2025-08-14T17:42:50.378+0000] {processor.py:183} INFO - Processing /home/airflow/.local/lib/python3.8/site-packages/airflow/example_dags/example_latest_only.py took 0.066 seconds
[2025-08-14T17:43:20.798+0000] {processor.py:161} INFO - Started process (PID=789) to work on /home/airflow/.local/lib/python3.8/site-packages/airflow/example_dags/example_latest_only.py
[2025-08-14T17:43:20.800+0000] {processor.py:830} INFO - Processing file /home/airflow/.local/lib/python3.8/site-packages/airflow/example_dags/example_latest_only.py for tasks to queue
[2025-08-14T17:43:20.801+0000] {logging_mixin.py:188} INFO - [2025-08-14T17:43:20.801+0000] {dagbag.py:540} INFO - Filling up the DagBag from /home/airflow/.local/lib/python3.8/site-packages/airflow/example_dags/example_latest_only.py
[2025-08-14T17:43:20.804+0000] {processor.py:840} INFO - DAG(s) 'latest_only' retrieved from /home/airflow/.local/lib/python3.8/site-packages/airflow/example_dags/example_latest_only.py
[2025-08-14T17:43:20.815+0000] {logging_mixin.py:188} INFO - [2025-08-14T17:43:20.814+0000] {dag.py:3047} INFO - Sync 1 DAGs
[2025-08-14T17:43:20.825+0000] {logging_mixin.py:188} INFO - [2025-08-14T17:43:20.825+0000] {dag.py:3834} INFO - Setting next_dagrun for latest_only to 2025-08-14 12:00:00+00:00, run_after=2025-08-14 16:00:00+00:00
[2025-08-14T17:43:20.833+0000] {processor.py:183} INFO - Processing /home/airflow/.local/lib/python3.8/site-packages/airflow/example_dags/example_latest_only.py took 0.037 seconds
[2025-08-14T17:43:51.444+0000] {processor.py:161} INFO - Started process (PID=845) to work on /home/airflow/.local/lib/python3.8/site-packages/airflow/example_dags/example_latest_only.py
[2025-08-14T17:43:51.444+0000] {processor.py:830} INFO - Processing file /home/airflow/.local/lib/python3.8/site-packages/airflow/example_dags/example_latest_only.py for tasks to queue
[2025-08-14T17:43:51.445+0000] {logging_mixin.py:188} INFO - [2025-08-14T17:43:51.445+0000] {dagbag.py:540} INFO - Filling up the DagBag from /home/airflow/.local/lib/python3.8/site-packages/airflow/example_dags/example_latest_only.py
[2025-08-14T17:43:51.448+0000] {processor.py:840} INFO - DAG(s) 'latest_only' retrieved from /home/airflow/.local/lib/python3.8/site-packages/airflow/example_dags/example_latest_only.py
[2025-08-14T17:43:51.458+0000] {logging_mixin.py:188} INFO - [2025-08-14T17:43:51.457+0000] {dag.py:3047} INFO - Sync 1 DAGs
[2025-08-14T17:43:51.468+0000] {logging_mixin.py:188} INFO - [2025-08-14T17:43:51.468+0000] {dag.py:3834} INFO - Setting next_dagrun for latest_only to 2025-08-14 12:00:00+00:00, run_after=2025-08-14 16:00:00+00:00
[2025-08-14T17:43:51.478+0000] {processor.py:183} INFO - Processing /home/airflow/.local/lib/python3.8/site-packages/airflow/example_dags/example_latest_only.py took 0.036 seconds
[2025-08-14T17:44:22.409+0000] {processor.py:161} INFO - Started process (PID=901) to work on /home/airflow/.local/lib/python3.8/site-packages/airflow/example_dags/example_latest_only.py
[2025-08-14T17:44:22.410+0000] {processor.py:830} INFO - Processing file /home/airflow/.local/lib/python3.8/site-packages/airflow/example_dags/example_latest_only.py for tasks to queue
[2025-08-14T17:44:22.411+0000] {logging_mixin.py:188} INFO - [2025-08-14T17:44:22.411+0000] {dagbag.py:540} INFO - Filling up the DagBag from /home/airflow/.local/lib/python3.8/site-packages/airflow/example_dags/example_latest_only.py
[2025-08-14T17:44:22.414+0000] {processor.py:840} INFO - DAG(s) 'latest_only' retrieved from /home/airflow/.local/lib/python3.8/site-packages/airflow/example_dags/example_latest_only.py
[2025-08-14T17:44:22.431+0000] {logging_mixin.py:188} INFO - [2025-08-14T17:44:22.431+0000] {dag.py:3047} INFO - Sync 1 DAGs
[2025-08-14T17:44:22.442+0000] {logging_mixin.py:188} INFO - [2025-08-14T17:44:22.442+0000] {dag.py:3834} INFO - Setting next_dagrun for latest_only to 2025-08-14 12:00:00+00:00, run_after=2025-08-14 16:00:00+00:00
[2025-08-14T17:44:22.451+0000] {processor.py:183} INFO - Processing /home/airflow/.local/lib/python3.8/site-packages/airflow/example_dags/example_latest_only.py took 0.043 seconds
[2025-08-14T17:44:52.759+0000] {processor.py:161} INFO - Started process (PID=957) to work on /home/airflow/.local/lib/python3.8/site-packages/airflow/example_dags/example_latest_only.py
[2025-08-14T17:44:52.761+0000] {processor.py:830} INFO - Processing file /home/airflow/.local/lib/python3.8/site-packages/airflow/example_dags/example_latest_only.py for tasks to queue
[2025-08-14T17:44:52.762+0000] {logging_mixin.py:188} INFO - [2025-08-14T17:44:52.762+0000] {dagbag.py:540} INFO - Filling up the DagBag from /home/airflow/.local/lib/python3.8/site-packages/airflow/example_dags/example_latest_only.py
[2025-08-14T17:44:52.766+0000] {processor.py:840} INFO - DAG(s) 'latest_only' retrieved from /home/airflow/.local/lib/python3.8/site-packages/airflow/example_dags/example_latest_only.py
[2025-08-14T17:44:52.779+0000] {logging_mixin.py:188} INFO - [2025-08-14T17:44:52.779+0000] {dag.py:3047} INFO - Sync 1 DAGs
[2025-08-14T17:44:52.798+0000] {logging_mixin.py:188} INFO - [2025-08-14T17:44:52.798+0000] {dag.py:3834} INFO - Setting next_dagrun for latest_only to 2025-08-14 12:00:00+00:00, run_after=2025-08-14 16:00:00+00:00
[2025-08-14T17:44:52.809+0000] {processor.py:183} INFO - Processing /home/airflow/.local/lib/python3.8/site-packages/airflow/example_dags/example_latest_only.py took 0.053 seconds
[2025-08-14T17:45:23.351+0000] {processor.py:161} INFO - Started process (PID=1013) to work on /home/airflow/.local/lib/python3.8/site-packages/airflow/example_dags/example_latest_only.py
[2025-08-14T17:45:23.352+0000] {processor.py:830} INFO - Processing file /home/airflow/.local/lib/python3.8/site-packages/airflow/example_dags/example_latest_only.py for tasks to queue
[2025-08-14T17:45:23.353+0000] {logging_mixin.py:188} INFO - [2025-08-14T17:45:23.353+0000] {dagbag.py:540} INFO - Filling up the DagBag from /home/airflow/.local/lib/python3.8/site-packages/airflow/example_dags/example_latest_only.py
[2025-08-14T17:45:23.358+0000] {processor.py:840} INFO - DAG(s) 'latest_only' retrieved from /home/airflow/.local/lib/python3.8/site-packages/airflow/example_dags/example_latest_only.py
[2025-08-14T17:45:23.373+0000] {logging_mixin.py:188} INFO - [2025-08-14T17:45:23.372+0000] {dag.py:3047} INFO - Sync 1 DAGs
[2025-08-14T17:45:23.386+0000] {logging_mixin.py:188} INFO - [2025-08-14T17:45:23.386+0000] {dag.py:3834} INFO - Setting next_dagrun for latest_only to 2025-08-14 12:00:00+00:00, run_after=2025-08-14 16:00:00+00:00
[2025-08-14T17:45:23.398+0000] {processor.py:183} INFO - Processing /home/airflow/.local/lib/python3.8/site-packages/airflow/example_dags/example_latest_only.py took 0.048 seconds
[2025-08-14T17:45:53.729+0000] {processor.py:161} INFO - Started process (PID=1069) to work on /home/airflow/.local/lib/python3.8/site-packages/airflow/example_dags/example_latest_only.py
[2025-08-14T17:45:53.729+0000] {processor.py:830} INFO - Processing file /home/airflow/.local/lib/python3.8/site-packages/airflow/example_dags/example_latest_only.py for tasks to queue
[2025-08-14T17:45:53.730+0000] {logging_mixin.py:188} INFO - [2025-08-14T17:45:53.730+0000] {dagbag.py:540} INFO - Filling up the DagBag from /home/airflow/.local/lib/python3.8/site-packages/airflow/example_dags/example_latest_only.py
[2025-08-14T17:45:53.733+0000] {processor.py:840} INFO - DAG(s) 'latest_only' retrieved from /home/airflow/.local/lib/python3.8/site-packages/airflow/example_dags/example_latest_only.py
[2025-08-14T17:45:53.750+0000] {logging_mixin.py:188} INFO - [2025-08-14T17:45:53.749+0000] {dag.py:3047} INFO - Sync 1 DAGs
[2025-08-14T17:45:53.760+0000] {logging_mixin.py:188} INFO - [2025-08-14T17:45:53.760+0000] {dag.py:3834} INFO - Setting next_dagrun for latest_only to 2025-08-14 12:00:00+00:00, run_after=2025-08-14 16:00:00+00:00
[2025-08-14T17:45:53.768+0000] {processor.py:183} INFO - Processing /home/airflow/.local/lib/python3.8/site-packages/airflow/example_dags/example_latest_only.py took 0.041 seconds
[2025-08-14T17:46:24.289+0000] {processor.py:161} INFO - Started process (PID=1125) to work on /home/airflow/.local/lib/python3.8/site-packages/airflow/example_dags/example_latest_only.py
[2025-08-14T17:46:24.290+0000] {processor.py:830} INFO - Processing file /home/airflow/.local/lib/python3.8/site-packages/airflow/example_dags/example_latest_only.py for tasks to queue
[2025-08-14T17:46:24.293+0000] {logging_mixin.py:188} INFO - [2025-08-14T17:46:24.293+0000] {dagbag.py:540} INFO - Filling up the DagBag from /home/airflow/.local/lib/python3.8/site-packages/airflow/example_dags/example_latest_only.py
[2025-08-14T17:46:24.297+0000] {processor.py:840} INFO - DAG(s) 'latest_only' retrieved from /home/airflow/.local/lib/python3.8/site-packages/airflow/example_dags/example_latest_only.py
[2025-08-14T17:46:24.307+0000] {logging_mixin.py:188} INFO - [2025-08-14T17:46:24.307+0000] {dag.py:3047} INFO - Sync 1 DAGs
[2025-08-14T17:46:24.318+0000] {logging_mixin.py:188} INFO - [2025-08-14T17:46:24.317+0000] {dag.py:3834} INFO - Setting next_dagrun for latest_only to 2025-08-14 12:00:00+00:00, run_after=2025-08-14 16:00:00+00:00
[2025-08-14T17:46:24.331+0000] {processor.py:183} INFO - Processing /home/airflow/.local/lib/python3.8/site-packages/airflow/example_dags/example_latest_only.py took 0.043 seconds
[2025-08-14T17:46:54.939+0000] {processor.py:161} INFO - Started process (PID=1181) to work on /home/airflow/.local/lib/python3.8/site-packages/airflow/example_dags/example_latest_only.py
[2025-08-14T17:46:54.940+0000] {processor.py:830} INFO - Processing file /home/airflow/.local/lib/python3.8/site-packages/airflow/example_dags/example_latest_only.py for tasks to queue
[2025-08-14T17:46:54.941+0000] {logging_mixin.py:188} INFO - [2025-08-14T17:46:54.941+0000] {dagbag.py:540} INFO - Filling up the DagBag from /home/airflow/.local/lib/python3.8/site-packages/airflow/example_dags/example_latest_only.py
[2025-08-14T17:46:54.945+0000] {processor.py:840} INFO - DAG(s) 'latest_only' retrieved from /home/airflow/.local/lib/python3.8/site-packages/airflow/example_dags/example_latest_only.py
[2025-08-14T17:46:54.967+0000] {logging_mixin.py:188} INFO - [2025-08-14T17:46:54.967+0000] {dag.py:3047} INFO - Sync 1 DAGs
[2025-08-14T17:46:54.988+0000] {logging_mixin.py:188} INFO - [2025-08-14T17:46:54.988+0000] {dag.py:3834} INFO - Setting next_dagrun for latest_only to 2025-08-14 12:00:00+00:00, run_after=2025-08-14 16:00:00+00:00
[2025-08-14T17:46:54.997+0000] {processor.py:183} INFO - Processing /home/airflow/.local/lib/python3.8/site-packages/airflow/example_dags/example_latest_only.py took 0.060 seconds
[2025-08-14T17:47:25.089+0000] {processor.py:161} INFO - Started process (PID=1237) to work on /home/airflow/.local/lib/python3.8/site-packages/airflow/example_dags/example_latest_only.py
[2025-08-14T17:47:25.090+0000] {processor.py:830} INFO - Processing file /home/airflow/.local/lib/python3.8/site-packages/airflow/example_dags/example_latest_only.py for tasks to queue
[2025-08-14T17:47:25.092+0000] {logging_mixin.py:188} INFO - [2025-08-14T17:47:25.092+0000] {dagbag.py:540} INFO - Filling up the DagBag from /home/airflow/.local/lib/python3.8/site-packages/airflow/example_dags/example_latest_only.py
[2025-08-14T17:47:25.096+0000] {processor.py:840} INFO - DAG(s) 'latest_only' retrieved from /home/airflow/.local/lib/python3.8/site-packages/airflow/example_dags/example_latest_only.py
[2025-08-14T17:47:25.112+0000] {logging_mixin.py:188} INFO - [2025-08-14T17:47:25.111+0000] {dag.py:3047} INFO - Sync 1 DAGs
[2025-08-14T17:47:25.124+0000] {logging_mixin.py:188} INFO - [2025-08-14T17:47:25.124+0000] {dag.py:3834} INFO - Setting next_dagrun for latest_only to 2025-08-14 12:00:00+00:00, run_after=2025-08-14 16:00:00+00:00
[2025-08-14T17:47:25.133+0000] {processor.py:183} INFO - Processing /home/airflow/.local/lib/python3.8/site-packages/airflow/example_dags/example_latest_only.py took 0.045 seconds
[2025-08-14T17:47:55.433+0000] {processor.py:161} INFO - Started process (PID=1293) to work on /home/airflow/.local/lib/python3.8/site-packages/airflow/example_dags/example_latest_only.py
[2025-08-14T17:47:55.434+0000] {processor.py:830} INFO - Processing file /home/airflow/.local/lib/python3.8/site-packages/airflow/example_dags/example_latest_only.py for tasks to queue
[2025-08-14T17:47:55.435+0000] {logging_mixin.py:188} INFO - [2025-08-14T17:47:55.434+0000] {dagbag.py:540} INFO - Filling up the DagBag from /home/airflow/.local/lib/python3.8/site-packages/airflow/example_dags/example_latest_only.py
[2025-08-14T17:47:55.437+0000] {processor.py:840} INFO - DAG(s) 'latest_only' retrieved from /home/airflow/.local/lib/python3.8/site-packages/airflow/example_dags/example_latest_only.py
[2025-08-14T17:47:55.458+0000] {logging_mixin.py:188} INFO - [2025-08-14T17:47:55.457+0000] {dag.py:3047} INFO - Sync 1 DAGs
[2025-08-14T17:47:55.469+0000] {logging_mixin.py:188} INFO - [2025-08-14T17:47:55.468+0000] {dag.py:3834} INFO - Setting next_dagrun for latest_only to 2025-08-14 12:00:00+00:00, run_after=2025-08-14 16:00:00+00:00
[2025-08-14T17:47:55.478+0000] {processor.py:183} INFO - Processing /home/airflow/.local/lib/python3.8/site-packages/airflow/example_dags/example_latest_only.py took 0.047 seconds
[2025-08-14T17:48:25.727+0000] {processor.py:161} INFO - Started process (PID=1349) to work on /home/airflow/.local/lib/python3.8/site-packages/airflow/example_dags/example_latest_only.py
[2025-08-14T17:48:25.728+0000] {processor.py:830} INFO - Processing file /home/airflow/.local/lib/python3.8/site-packages/airflow/example_dags/example_latest_only.py for tasks to queue
[2025-08-14T17:48:25.729+0000] {logging_mixin.py:188} INFO - [2025-08-14T17:48:25.729+0000] {dagbag.py:540} INFO - Filling up the DagBag from /home/airflow/.local/lib/python3.8/site-packages/airflow/example_dags/example_latest_only.py
[2025-08-14T17:48:25.733+0000] {processor.py:840} INFO - DAG(s) 'latest_only' retrieved from /home/airflow/.local/lib/python3.8/site-packages/airflow/example_dags/example_latest_only.py
[2025-08-14T17:48:25.746+0000] {logging_mixin.py:188} INFO - [2025-08-14T17:48:25.746+0000] {dag.py:3047} INFO - Sync 1 DAGs
[2025-08-14T17:48:25.761+0000] {logging_mixin.py:188} INFO - [2025-08-14T17:48:25.761+0000] {dag.py:3834} INFO - Setting next_dagrun for latest_only to 2025-08-14 12:00:00+00:00, run_after=2025-08-14 16:00:00+00:00
[2025-08-14T17:48:25.769+0000] {processor.py:183} INFO - Processing /home/airflow/.local/lib/python3.8/site-packages/airflow/example_dags/example_latest_only.py took 0.044 seconds
[2025-08-14T17:48:56.128+0000] {processor.py:161} INFO - Started process (PID=1405) to work on /home/airflow/.local/lib/python3.8/site-packages/airflow/example_dags/example_latest_only.py
[2025-08-14T17:48:56.129+0000] {processor.py:830} INFO - Processing file /home/airflow/.local/lib/python3.8/site-packages/airflow/example_dags/example_latest_only.py for tasks to queue
[2025-08-14T17:48:56.133+0000] {logging_mixin.py:188} INFO - [2025-08-14T17:48:56.132+0000] {dagbag.py:540} INFO - Filling up the DagBag from /home/airflow/.local/lib/python3.8/site-packages/airflow/example_dags/example_latest_only.py
[2025-08-14T17:48:56.139+0000] {processor.py:840} INFO - DAG(s) 'latest_only' retrieved from /home/airflow/.local/lib/python3.8/site-packages/airflow/example_dags/example_latest_only.py
[2025-08-14T17:48:56.156+0000] {logging_mixin.py:188} INFO - [2025-08-14T17:48:56.156+0000] {dag.py:3047} INFO - Sync 1 DAGs
[2025-08-14T17:48:56.171+0000] {logging_mixin.py:188} INFO - [2025-08-14T17:48:56.171+0000] {dag.py:3834} INFO - Setting next_dagrun for latest_only to 2025-08-14 12:00:00+00:00, run_after=2025-08-14 16:00:00+00:00
[2025-08-14T17:48:56.185+0000] {processor.py:183} INFO - Processing /home/airflow/.local/lib/python3.8/site-packages/airflow/example_dags/example_latest_only.py took 0.060 seconds
[2025-08-14T17:49:26.342+0000] {processor.py:161} INFO - Started process (PID=1461) to work on /home/airflow/.local/lib/python3.8/site-packages/airflow/example_dags/example_latest_only.py
[2025-08-14T17:49:26.344+0000] {processor.py:830} INFO - Processing file /home/airflow/.local/lib/python3.8/site-packages/airflow/example_dags/example_latest_only.py for tasks to queue
[2025-08-14T17:49:26.346+0000] {logging_mixin.py:188} INFO - [2025-08-14T17:49:26.346+0000] {dagbag.py:540} INFO - Filling up the DagBag from /home/airflow/.local/lib/python3.8/site-packages/airflow/example_dags/example_latest_only.py
[2025-08-14T17:49:26.350+0000] {processor.py:840} INFO - DAG(s) 'latest_only' retrieved from /home/airflow/.local/lib/python3.8/site-packages/airflow/example_dags/example_latest_only.py
[2025-08-14T17:49:26.370+0000] {logging_mixin.py:188} INFO - [2025-08-14T17:49:26.370+0000] {dag.py:3047} INFO - Sync 1 DAGs
[2025-08-14T17:49:26.393+0000] {logging_mixin.py:188} INFO - [2025-08-14T17:49:26.393+0000] {dag.py:3834} INFO - Setting next_dagrun for latest_only to 2025-08-14 12:00:00+00:00, run_after=2025-08-14 16:00:00+00:00
[2025-08-14T17:49:26.408+0000] {processor.py:183} INFO - Processing /home/airflow/.local/lib/python3.8/site-packages/airflow/example_dags/example_latest_only.py took 0.071 seconds
[2025-08-14T17:49:57.414+0000] {processor.py:161} INFO - Started process (PID=1517) to work on /home/airflow/.local/lib/python3.8/site-packages/airflow/example_dags/example_latest_only.py
[2025-08-14T17:49:57.415+0000] {processor.py:830} INFO - Processing file /home/airflow/.local/lib/python3.8/site-packages/airflow/example_dags/example_latest_only.py for tasks to queue
[2025-08-14T17:49:57.416+0000] {logging_mixin.py:188} INFO - [2025-08-14T17:49:57.416+0000] {dagbag.py:540} INFO - Filling up the DagBag from /home/airflow/.local/lib/python3.8/site-packages/airflow/example_dags/example_latest_only.py
[2025-08-14T17:49:57.420+0000] {processor.py:840} INFO - DAG(s) 'latest_only' retrieved from /home/airflow/.local/lib/python3.8/site-packages/airflow/example_dags/example_latest_only.py
[2025-08-14T17:49:57.441+0000] {logging_mixin.py:188} INFO - [2025-08-14T17:49:57.441+0000] {dag.py:3047} INFO - Sync 1 DAGs
[2025-08-14T17:49:57.454+0000] {logging_mixin.py:188} INFO - [2025-08-14T17:49:57.453+0000] {dag.py:3834} INFO - Setting next_dagrun for latest_only to 2025-08-14 12:00:00+00:00, run_after=2025-08-14 16:00:00+00:00
[2025-08-14T17:49:57.466+0000] {processor.py:183} INFO - Processing /home/airflow/.local/lib/python3.8/site-packages/airflow/example_dags/example_latest_only.py took 0.054 seconds
[2025-08-14T17:50:27.605+0000] {processor.py:161} INFO - Started process (PID=1573) to work on /home/airflow/.local/lib/python3.8/site-packages/airflow/example_dags/example_latest_only.py
[2025-08-14T17:50:27.605+0000] {processor.py:830} INFO - Processing file /home/airflow/.local/lib/python3.8/site-packages/airflow/example_dags/example_latest_only.py for tasks to queue
[2025-08-14T17:50:27.606+0000] {logging_mixin.py:188} INFO - [2025-08-14T17:50:27.606+0000] {dagbag.py:540} INFO - Filling up the DagBag from /home/airflow/.local/lib/python3.8/site-packages/airflow/example_dags/example_latest_only.py
[2025-08-14T17:50:27.609+0000] {processor.py:840} INFO - DAG(s) 'latest_only' retrieved from /home/airflow/.local/lib/python3.8/site-packages/airflow/example_dags/example_latest_only.py
[2025-08-14T17:50:27.619+0000] {logging_mixin.py:188} INFO - [2025-08-14T17:50:27.619+0000] {dag.py:3047} INFO - Sync 1 DAGs
[2025-08-14T17:50:27.629+0000] {logging_mixin.py:188} INFO - [2025-08-14T17:50:27.629+0000] {dag.py:3834} INFO - Setting next_dagrun for latest_only to 2025-08-14 12:00:00+00:00, run_after=2025-08-14 16:00:00+00:00
[2025-08-14T17:50:27.637+0000] {processor.py:183} INFO - Processing /home/airflow/.local/lib/python3.8/site-packages/airflow/example_dags/example_latest_only.py took 0.034 seconds
[2025-08-14T17:50:58.125+0000] {processor.py:161} INFO - Started process (PID=1629) to work on /home/airflow/.local/lib/python3.8/site-packages/airflow/example_dags/example_latest_only.py
[2025-08-14T17:50:58.126+0000] {processor.py:830} INFO - Processing file /home/airflow/.local/lib/python3.8/site-packages/airflow/example_dags/example_latest_only.py for tasks to queue
[2025-08-14T17:50:58.126+0000] {logging_mixin.py:188} INFO - [2025-08-14T17:50:58.126+0000] {dagbag.py:540} INFO - Filling up the DagBag from /home/airflow/.local/lib/python3.8/site-packages/airflow/example_dags/example_latest_only.py
[2025-08-14T17:50:58.129+0000] {processor.py:840} INFO - DAG(s) 'latest_only' retrieved from /home/airflow/.local/lib/python3.8/site-packages/airflow/example_dags/example_latest_only.py
[2025-08-14T17:50:58.140+0000] {logging_mixin.py:188} INFO - [2025-08-14T17:50:58.140+0000] {dag.py:3047} INFO - Sync 1 DAGs
[2025-08-14T17:50:58.149+0000] {logging_mixin.py:188} INFO - [2025-08-14T17:50:58.149+0000] {dag.py:3834} INFO - Setting next_dagrun for latest_only to 2025-08-14 12:00:00+00:00, run_after=2025-08-14 16:00:00+00:00
[2025-08-14T17:50:58.158+0000] {processor.py:183} INFO - Processing /home/airflow/.local/lib/python3.8/site-packages/airflow/example_dags/example_latest_only.py took 0.034 seconds
[2025-08-14T17:51:28.521+0000] {processor.py:161} INFO - Started process (PID=1685) to work on /home/airflow/.local/lib/python3.8/site-packages/airflow/example_dags/example_latest_only.py
[2025-08-14T17:51:28.521+0000] {processor.py:830} INFO - Processing file /home/airflow/.local/lib/python3.8/site-packages/airflow/example_dags/example_latest_only.py for tasks to queue
[2025-08-14T17:51:28.523+0000] {logging_mixin.py:188} INFO - [2025-08-14T17:51:28.522+0000] {dagbag.py:540} INFO - Filling up the DagBag from /home/airflow/.local/lib/python3.8/site-packages/airflow/example_dags/example_latest_only.py
[2025-08-14T17:51:28.525+0000] {processor.py:840} INFO - DAG(s) 'latest_only' retrieved from /home/airflow/.local/lib/python3.8/site-packages/airflow/example_dags/example_latest_only.py
[2025-08-14T17:51:28.535+0000] {logging_mixin.py:188} INFO - [2025-08-14T17:51:28.535+0000] {dag.py:3047} INFO - Sync 1 DAGs
[2025-08-14T17:51:28.544+0000] {logging_mixin.py:188} INFO - [2025-08-14T17:51:28.544+0000] {dag.py:3834} INFO - Setting next_dagrun for latest_only to 2025-08-14 12:00:00+00:00, run_after=2025-08-14 16:00:00+00:00
[2025-08-14T17:51:28.552+0000] {processor.py:183} INFO - Processing /home/airflow/.local/lib/python3.8/site-packages/airflow/example_dags/example_latest_only.py took 0.035 seconds
[2025-08-14T17:51:59.176+0000] {processor.py:161} INFO - Started process (PID=1741) to work on /home/airflow/.local/lib/python3.8/site-packages/airflow/example_dags/example_latest_only.py
[2025-08-14T17:51:59.177+0000] {processor.py:830} INFO - Processing file /home/airflow/.local/lib/python3.8/site-packages/airflow/example_dags/example_latest_only.py for tasks to queue
[2025-08-14T17:51:59.178+0000] {logging_mixin.py:188} INFO - [2025-08-14T17:51:59.178+0000] {dagbag.py:540} INFO - Filling up the DagBag from /home/airflow/.local/lib/python3.8/site-packages/airflow/example_dags/example_latest_only.py
[2025-08-14T17:51:59.181+0000] {processor.py:840} INFO - DAG(s) 'latest_only' retrieved from /home/airflow/.local/lib/python3.8/site-packages/airflow/example_dags/example_latest_only.py
[2025-08-14T17:51:59.198+0000] {logging_mixin.py:188} INFO - [2025-08-14T17:51:59.198+0000] {dag.py:3047} INFO - Sync 1 DAGs
[2025-08-14T17:51:59.211+0000] {logging_mixin.py:188} INFO - [2025-08-14T17:51:59.211+0000] {dag.py:3834} INFO - Setting next_dagrun for latest_only to 2025-08-14 12:00:00+00:00, run_after=2025-08-14 16:00:00+00:00
[2025-08-14T17:51:59.226+0000] {processor.py:183} INFO - Processing /home/airflow/.local/lib/python3.8/site-packages/airflow/example_dags/example_latest_only.py took 0.051 seconds
[2025-08-14T17:52:29.692+0000] {processor.py:161} INFO - Started process (PID=1797) to work on /home/airflow/.local/lib/python3.8/site-packages/airflow/example_dags/example_latest_only.py
[2025-08-14T17:52:29.693+0000] {processor.py:830} INFO - Processing file /home/airflow/.local/lib/python3.8/site-packages/airflow/example_dags/example_latest_only.py for tasks to queue
[2025-08-14T17:52:29.694+0000] {logging_mixin.py:188} INFO - [2025-08-14T17:52:29.694+0000] {dagbag.py:540} INFO - Filling up the DagBag from /home/airflow/.local/lib/python3.8/site-packages/airflow/example_dags/example_latest_only.py
[2025-08-14T17:52:29.697+0000] {processor.py:840} INFO - DAG(s) 'latest_only' retrieved from /home/airflow/.local/lib/python3.8/site-packages/airflow/example_dags/example_latest_only.py
[2025-08-14T17:52:29.709+0000] {logging_mixin.py:188} INFO - [2025-08-14T17:52:29.709+0000] {dag.py:3047} INFO - Sync 1 DAGs
[2025-08-14T17:52:29.720+0000] {logging_mixin.py:188} INFO - [2025-08-14T17:52:29.720+0000] {dag.py:3834} INFO - Setting next_dagrun for latest_only to 2025-08-14 12:00:00+00:00, run_after=2025-08-14 16:00:00+00:00
[2025-08-14T17:52:29.730+0000] {processor.py:183} INFO - Processing /home/airflow/.local/lib/python3.8/site-packages/airflow/example_dags/example_latest_only.py took 0.040 seconds
[2025-08-14T17:52:59.816+0000] {processor.py:161} INFO - Started process (PID=1853) to work on /home/airflow/.local/lib/python3.8/site-packages/airflow/example_dags/example_latest_only.py
[2025-08-14T17:52:59.817+0000] {processor.py:830} INFO - Processing file /home/airflow/.local/lib/python3.8/site-packages/airflow/example_dags/example_latest_only.py for tasks to queue
[2025-08-14T17:52:59.819+0000] {logging_mixin.py:188} INFO - [2025-08-14T17:52:59.818+0000] {dagbag.py:540} INFO - Filling up the DagBag from /home/airflow/.local/lib/python3.8/site-packages/airflow/example_dags/example_latest_only.py
[2025-08-14T17:52:59.821+0000] {processor.py:840} INFO - DAG(s) 'latest_only' retrieved from /home/airflow/.local/lib/python3.8/site-packages/airflow/example_dags/example_latest_only.py
[2025-08-14T17:52:59.839+0000] {logging_mixin.py:188} INFO - [2025-08-14T17:52:59.839+0000] {dag.py:3047} INFO - Sync 1 DAGs
[2025-08-14T17:52:59.859+0000] {logging_mixin.py:188} INFO - [2025-08-14T17:52:59.858+0000] {dag.py:3834} INFO - Setting next_dagrun for latest_only to 2025-08-14 12:00:00+00:00, run_after=2025-08-14 16:00:00+00:00
[2025-08-14T17:52:59.871+0000] {processor.py:183} INFO - Processing /home/airflow/.local/lib/python3.8/site-packages/airflow/example_dags/example_latest_only.py took 0.058 seconds
[2025-08-14T17:53:30.359+0000] {processor.py:161} INFO - Started process (PID=1909) to work on /home/airflow/.local/lib/python3.8/site-packages/airflow/example_dags/example_latest_only.py
[2025-08-14T17:53:30.362+0000] {processor.py:830} INFO - Processing file /home/airflow/.local/lib/python3.8/site-packages/airflow/example_dags/example_latest_only.py for tasks to queue
[2025-08-14T17:53:30.363+0000] {logging_mixin.py:188} INFO - [2025-08-14T17:53:30.363+0000] {dagbag.py:540} INFO - Filling up the DagBag from /home/airflow/.local/lib/python3.8/site-packages/airflow/example_dags/example_latest_only.py
[2025-08-14T17:53:30.368+0000] {processor.py:840} INFO - DAG(s) 'latest_only' retrieved from /home/airflow/.local/lib/python3.8/site-packages/airflow/example_dags/example_latest_only.py
[2025-08-14T17:53:30.384+0000] {logging_mixin.py:188} INFO - [2025-08-14T17:53:30.384+0000] {dag.py:3047} INFO - Sync 1 DAGs
[2025-08-14T17:53:30.397+0000] {logging_mixin.py:188} INFO - [2025-08-14T17:53:30.397+0000] {dag.py:3834} INFO - Setting next_dagrun for latest_only to 2025-08-14 12:00:00+00:00, run_after=2025-08-14 16:00:00+00:00
[2025-08-14T17:53:30.413+0000] {processor.py:183} INFO - Processing /home/airflow/.local/lib/python3.8/site-packages/airflow/example_dags/example_latest_only.py took 0.056 seconds
[2025-08-14T17:54:00.706+0000] {processor.py:161} INFO - Started process (PID=1964) to work on /home/airflow/.local/lib/python3.8/site-packages/airflow/example_dags/example_latest_only.py
[2025-08-14T17:54:00.707+0000] {processor.py:830} INFO - Processing file /home/airflow/.local/lib/python3.8/site-packages/airflow/example_dags/example_latest_only.py for tasks to queue
[2025-08-14T17:54:00.708+0000] {logging_mixin.py:188} INFO - [2025-08-14T17:54:00.708+0000] {dagbag.py:540} INFO - Filling up the DagBag from /home/airflow/.local/lib/python3.8/site-packages/airflow/example_dags/example_latest_only.py
[2025-08-14T17:54:00.711+0000] {processor.py:840} INFO - DAG(s) 'latest_only' retrieved from /home/airflow/.local/lib/python3.8/site-packages/airflow/example_dags/example_latest_only.py
[2025-08-14T17:54:00.725+0000] {logging_mixin.py:188} INFO - [2025-08-14T17:54:00.725+0000] {dag.py:3047} INFO - Sync 1 DAGs
[2025-08-14T17:54:00.739+0000] {logging_mixin.py:188} INFO - [2025-08-14T17:54:00.739+0000] {dag.py:3834} INFO - Setting next_dagrun for latest_only to 2025-08-14 12:00:00+00:00, run_after=2025-08-14 16:00:00+00:00
[2025-08-14T17:54:00.749+0000] {processor.py:183} INFO - Processing /home/airflow/.local/lib/python3.8/site-packages/airflow/example_dags/example_latest_only.py took 0.045 seconds
[2025-08-14T17:54:31.062+0000] {processor.py:161} INFO - Started process (PID=2020) to work on /home/airflow/.local/lib/python3.8/site-packages/airflow/example_dags/example_latest_only.py
[2025-08-14T17:54:31.063+0000] {processor.py:830} INFO - Processing file /home/airflow/.local/lib/python3.8/site-packages/airflow/example_dags/example_latest_only.py for tasks to queue
[2025-08-14T17:54:31.064+0000] {logging_mixin.py:188} INFO - [2025-08-14T17:54:31.064+0000] {dagbag.py:540} INFO - Filling up the DagBag from /home/airflow/.local/lib/python3.8/site-packages/airflow/example_dags/example_latest_only.py
[2025-08-14T17:54:31.068+0000] {processor.py:840} INFO - DAG(s) 'latest_only' retrieved from /home/airflow/.local/lib/python3.8/site-packages/airflow/example_dags/example_latest_only.py
[2025-08-14T17:54:31.085+0000] {logging_mixin.py:188} INFO - [2025-08-14T17:54:31.085+0000] {dag.py:3047} INFO - Sync 1 DAGs
[2025-08-14T17:54:31.098+0000] {logging_mixin.py:188} INFO - [2025-08-14T17:54:31.098+0000] {dag.py:3834} INFO - Setting next_dagrun for latest_only to 2025-08-14 12:00:00+00:00, run_after=2025-08-14 16:00:00+00:00
[2025-08-14T17:54:31.108+0000] {processor.py:183} INFO - Processing /home/airflow/.local/lib/python3.8/site-packages/airflow/example_dags/example_latest_only.py took 0.048 seconds
[2025-08-14T17:55:01.289+0000] {processor.py:161} INFO - Started process (PID=2076) to work on /home/airflow/.local/lib/python3.8/site-packages/airflow/example_dags/example_latest_only.py
[2025-08-14T17:55:01.289+0000] {processor.py:830} INFO - Processing file /home/airflow/.local/lib/python3.8/site-packages/airflow/example_dags/example_latest_only.py for tasks to queue
[2025-08-14T17:55:01.290+0000] {logging_mixin.py:188} INFO - [2025-08-14T17:55:01.290+0000] {dagbag.py:540} INFO - Filling up the DagBag from /home/airflow/.local/lib/python3.8/site-packages/airflow/example_dags/example_latest_only.py
[2025-08-14T17:55:01.293+0000] {processor.py:840} INFO - DAG(s) 'latest_only' retrieved from /home/airflow/.local/lib/python3.8/site-packages/airflow/example_dags/example_latest_only.py
[2025-08-14T17:55:01.303+0000] {logging_mixin.py:188} INFO - [2025-08-14T17:55:01.303+0000] {dag.py:3047} INFO - Sync 1 DAGs
[2025-08-14T17:55:01.312+0000] {logging_mixin.py:188} INFO - [2025-08-14T17:55:01.312+0000] {dag.py:3834} INFO - Setting next_dagrun for latest_only to 2025-08-14 12:00:00+00:00, run_after=2025-08-14 16:00:00+00:00
[2025-08-14T17:55:01.320+0000] {processor.py:183} INFO - Processing /home/airflow/.local/lib/python3.8/site-packages/airflow/example_dags/example_latest_only.py took 0.033 seconds
[2025-08-14T17:55:31.549+0000] {processor.py:161} INFO - Started process (PID=2132) to work on /home/airflow/.local/lib/python3.8/site-packages/airflow/example_dags/example_latest_only.py
[2025-08-14T17:55:31.550+0000] {processor.py:830} INFO - Processing file /home/airflow/.local/lib/python3.8/site-packages/airflow/example_dags/example_latest_only.py for tasks to queue
[2025-08-14T17:55:31.551+0000] {logging_mixin.py:188} INFO - [2025-08-14T17:55:31.551+0000] {dagbag.py:540} INFO - Filling up the DagBag from /home/airflow/.local/lib/python3.8/site-packages/airflow/example_dags/example_latest_only.py
[2025-08-14T17:55:31.553+0000] {processor.py:840} INFO - DAG(s) 'latest_only' retrieved from /home/airflow/.local/lib/python3.8/site-packages/airflow/example_dags/example_latest_only.py
[2025-08-14T17:55:31.563+0000] {logging_mixin.py:188} INFO - [2025-08-14T17:55:31.563+0000] {dag.py:3047} INFO - Sync 1 DAGs
[2025-08-14T17:55:31.572+0000] {logging_mixin.py:188} INFO - [2025-08-14T17:55:31.572+0000] {dag.py:3834} INFO - Setting next_dagrun for latest_only to 2025-08-14 12:00:00+00:00, run_after=2025-08-14 16:00:00+00:00
[2025-08-14T17:55:31.580+0000] {processor.py:183} INFO - Processing /home/airflow/.local/lib/python3.8/site-packages/airflow/example_dags/example_latest_only.py took 0.033 seconds
[2025-08-14T17:56:01.765+0000] {processor.py:161} INFO - Started process (PID=2188) to work on /home/airflow/.local/lib/python3.8/site-packages/airflow/example_dags/example_latest_only.py
[2025-08-14T17:56:01.765+0000] {processor.py:830} INFO - Processing file /home/airflow/.local/lib/python3.8/site-packages/airflow/example_dags/example_latest_only.py for tasks to queue
[2025-08-14T17:56:01.767+0000] {logging_mixin.py:188} INFO - [2025-08-14T17:56:01.767+0000] {dagbag.py:540} INFO - Filling up the DagBag from /home/airflow/.local/lib/python3.8/site-packages/airflow/example_dags/example_latest_only.py
[2025-08-14T17:56:01.769+0000] {processor.py:840} INFO - DAG(s) 'latest_only' retrieved from /home/airflow/.local/lib/python3.8/site-packages/airflow/example_dags/example_latest_only.py
[2025-08-14T17:56:01.780+0000] {logging_mixin.py:188} INFO - [2025-08-14T17:56:01.779+0000] {dag.py:3047} INFO - Sync 1 DAGs
[2025-08-14T17:56:01.792+0000] {logging_mixin.py:188} INFO - [2025-08-14T17:56:01.791+0000] {dag.py:3834} INFO - Setting next_dagrun for latest_only to 2025-08-14 12:00:00+00:00, run_after=2025-08-14 16:00:00+00:00
[2025-08-14T17:56:01.801+0000] {processor.py:183} INFO - Processing /home/airflow/.local/lib/python3.8/site-packages/airflow/example_dags/example_latest_only.py took 0.038 seconds
[2025-08-14T17:56:32.452+0000] {processor.py:161} INFO - Started process (PID=2244) to work on /home/airflow/.local/lib/python3.8/site-packages/airflow/example_dags/example_latest_only.py
[2025-08-14T17:56:32.453+0000] {processor.py:830} INFO - Processing file /home/airflow/.local/lib/python3.8/site-packages/airflow/example_dags/example_latest_only.py for tasks to queue
[2025-08-14T17:56:32.453+0000] {logging_mixin.py:188} INFO - [2025-08-14T17:56:32.453+0000] {dagbag.py:540} INFO - Filling up the DagBag from /home/airflow/.local/lib/python3.8/site-packages/airflow/example_dags/example_latest_only.py
[2025-08-14T17:56:32.456+0000] {processor.py:840} INFO - DAG(s) 'latest_only' retrieved from /home/airflow/.local/lib/python3.8/site-packages/airflow/example_dags/example_latest_only.py
[2025-08-14T17:56:32.466+0000] {logging_mixin.py:188} INFO - [2025-08-14T17:56:32.465+0000] {dag.py:3047} INFO - Sync 1 DAGs
[2025-08-14T17:56:32.475+0000] {logging_mixin.py:188} INFO - [2025-08-14T17:56:32.475+0000] {dag.py:3834} INFO - Setting next_dagrun for latest_only to 2025-08-14 12:00:00+00:00, run_after=2025-08-14 16:00:00+00:00
[2025-08-14T17:56:32.483+0000] {processor.py:183} INFO - Processing /home/airflow/.local/lib/python3.8/site-packages/airflow/example_dags/example_latest_only.py took 0.033 seconds
[2025-08-14T17:57:02.629+0000] {processor.py:161} INFO - Started process (PID=2300) to work on /home/airflow/.local/lib/python3.8/site-packages/airflow/example_dags/example_latest_only.py
[2025-08-14T17:57:02.630+0000] {processor.py:830} INFO - Processing file /home/airflow/.local/lib/python3.8/site-packages/airflow/example_dags/example_latest_only.py for tasks to queue
[2025-08-14T17:57:02.633+0000] {logging_mixin.py:188} INFO - [2025-08-14T17:57:02.632+0000] {dagbag.py:540} INFO - Filling up the DagBag from /home/airflow/.local/lib/python3.8/site-packages/airflow/example_dags/example_latest_only.py
[2025-08-14T17:57:02.635+0000] {processor.py:840} INFO - DAG(s) 'latest_only' retrieved from /home/airflow/.local/lib/python3.8/site-packages/airflow/example_dags/example_latest_only.py
[2025-08-14T17:57:02.654+0000] {logging_mixin.py:188} INFO - [2025-08-14T17:57:02.654+0000] {dag.py:3047} INFO - Sync 1 DAGs
[2025-08-14T17:57:02.666+0000] {logging_mixin.py:188} INFO - [2025-08-14T17:57:02.665+0000] {dag.py:3834} INFO - Setting next_dagrun for latest_only to 2025-08-14 12:00:00+00:00, run_after=2025-08-14 16:00:00+00:00
[2025-08-14T17:57:02.673+0000] {processor.py:183} INFO - Processing /home/airflow/.local/lib/python3.8/site-packages/airflow/example_dags/example_latest_only.py took 0.047 seconds
[2025-08-14T17:57:33.160+0000] {processor.py:161} INFO - Started process (PID=2356) to work on /home/airflow/.local/lib/python3.8/site-packages/airflow/example_dags/example_latest_only.py
[2025-08-14T17:57:33.161+0000] {processor.py:830} INFO - Processing file /home/airflow/.local/lib/python3.8/site-packages/airflow/example_dags/example_latest_only.py for tasks to queue
[2025-08-14T17:57:33.162+0000] {logging_mixin.py:188} INFO - [2025-08-14T17:57:33.162+0000] {dagbag.py:540} INFO - Filling up the DagBag from /home/airflow/.local/lib/python3.8/site-packages/airflow/example_dags/example_latest_only.py
[2025-08-14T17:57:33.164+0000] {processor.py:840} INFO - DAG(s) 'latest_only' retrieved from /home/airflow/.local/lib/python3.8/site-packages/airflow/example_dags/example_latest_only.py
[2025-08-14T17:57:33.174+0000] {logging_mixin.py:188} INFO - [2025-08-14T17:57:33.174+0000] {dag.py:3047} INFO - Sync 1 DAGs
[2025-08-14T17:57:33.183+0000] {logging_mixin.py:188} INFO - [2025-08-14T17:57:33.183+0000] {dag.py:3834} INFO - Setting next_dagrun for latest_only to 2025-08-14 12:00:00+00:00, run_after=2025-08-14 16:00:00+00:00
[2025-08-14T17:57:33.191+0000] {processor.py:183} INFO - Processing /home/airflow/.local/lib/python3.8/site-packages/airflow/example_dags/example_latest_only.py took 0.032 seconds
[2025-08-14T17:58:03.727+0000] {processor.py:161} INFO - Started process (PID=2412) to work on /home/airflow/.local/lib/python3.8/site-packages/airflow/example_dags/example_latest_only.py
[2025-08-14T17:58:03.728+0000] {processor.py:830} INFO - Processing file /home/airflow/.local/lib/python3.8/site-packages/airflow/example_dags/example_latest_only.py for tasks to queue
[2025-08-14T17:58:03.729+0000] {logging_mixin.py:188} INFO - [2025-08-14T17:58:03.729+0000] {dagbag.py:540} INFO - Filling up the DagBag from /home/airflow/.local/lib/python3.8/site-packages/airflow/example_dags/example_latest_only.py
[2025-08-14T17:58:03.731+0000] {processor.py:840} INFO - DAG(s) 'latest_only' retrieved from /home/airflow/.local/lib/python3.8/site-packages/airflow/example_dags/example_latest_only.py
[2025-08-14T17:58:03.741+0000] {logging_mixin.py:188} INFO - [2025-08-14T17:58:03.741+0000] {dag.py:3047} INFO - Sync 1 DAGs
[2025-08-14T17:58:03.751+0000] {logging_mixin.py:188} INFO - [2025-08-14T17:58:03.750+0000] {dag.py:3834} INFO - Setting next_dagrun for latest_only to 2025-08-14 12:00:00+00:00, run_after=2025-08-14 16:00:00+00:00
[2025-08-14T17:58:03.758+0000] {processor.py:183} INFO - Processing /home/airflow/.local/lib/python3.8/site-packages/airflow/example_dags/example_latest_only.py took 0.033 seconds
[2025-08-14T17:58:34.450+0000] {processor.py:161} INFO - Started process (PID=2469) to work on /home/airflow/.local/lib/python3.8/site-packages/airflow/example_dags/example_latest_only.py
[2025-08-14T17:58:34.451+0000] {processor.py:830} INFO - Processing file /home/airflow/.local/lib/python3.8/site-packages/airflow/example_dags/example_latest_only.py for tasks to queue
[2025-08-14T17:58:34.451+0000] {logging_mixin.py:188} INFO - [2025-08-14T17:58:34.451+0000] {dagbag.py:540} INFO - Filling up the DagBag from /home/airflow/.local/lib/python3.8/site-packages/airflow/example_dags/example_latest_only.py
[2025-08-14T17:58:34.454+0000] {processor.py:840} INFO - DAG(s) 'latest_only' retrieved from /home/airflow/.local/lib/python3.8/site-packages/airflow/example_dags/example_latest_only.py
[2025-08-14T17:58:34.464+0000] {logging_mixin.py:188} INFO - [2025-08-14T17:58:34.464+0000] {dag.py:3047} INFO - Sync 1 DAGs
[2025-08-14T17:58:34.474+0000] {logging_mixin.py:188} INFO - [2025-08-14T17:58:34.474+0000] {dag.py:3834} INFO - Setting next_dagrun for latest_only to 2025-08-14 12:00:00+00:00, run_after=2025-08-14 16:00:00+00:00
[2025-08-14T17:58:34.482+0000] {processor.py:183} INFO - Processing /home/airflow/.local/lib/python3.8/site-packages/airflow/example_dags/example_latest_only.py took 0.034 seconds
[2025-08-14T17:59:04.801+0000] {processor.py:161} INFO - Started process (PID=2525) to work on /home/airflow/.local/lib/python3.8/site-packages/airflow/example_dags/example_latest_only.py
[2025-08-14T17:59:04.803+0000] {processor.py:830} INFO - Processing file /home/airflow/.local/lib/python3.8/site-packages/airflow/example_dags/example_latest_only.py for tasks to queue
[2025-08-14T17:59:04.804+0000] {logging_mixin.py:188} INFO - [2025-08-14T17:59:04.804+0000] {dagbag.py:540} INFO - Filling up the DagBag from /home/airflow/.local/lib/python3.8/site-packages/airflow/example_dags/example_latest_only.py
[2025-08-14T17:59:04.807+0000] {processor.py:840} INFO - DAG(s) 'latest_only' retrieved from /home/airflow/.local/lib/python3.8/site-packages/airflow/example_dags/example_latest_only.py
[2025-08-14T17:59:04.823+0000] {logging_mixin.py:188} INFO - [2025-08-14T17:59:04.823+0000] {dag.py:3047} INFO - Sync 1 DAGs
[2025-08-14T17:59:04.835+0000] {logging_mixin.py:188} INFO - [2025-08-14T17:59:04.835+0000] {dag.py:3834} INFO - Setting next_dagrun for latest_only to 2025-08-14 12:00:00+00:00, run_after=2025-08-14 16:00:00+00:00
[2025-08-14T17:59:04.843+0000] {processor.py:183} INFO - Processing /home/airflow/.local/lib/python3.8/site-packages/airflow/example_dags/example_latest_only.py took 0.044 seconds
[2025-08-14T17:59:35.781+0000] {processor.py:161} INFO - Started process (PID=2579) to work on /home/airflow/.local/lib/python3.8/site-packages/airflow/example_dags/example_latest_only.py
[2025-08-14T17:59:35.782+0000] {processor.py:830} INFO - Processing file /home/airflow/.local/lib/python3.8/site-packages/airflow/example_dags/example_latest_only.py for tasks to queue
[2025-08-14T17:59:35.784+0000] {logging_mixin.py:188} INFO - [2025-08-14T17:59:35.784+0000] {dagbag.py:540} INFO - Filling up the DagBag from /home/airflow/.local/lib/python3.8/site-packages/airflow/example_dags/example_latest_only.py
[2025-08-14T17:59:35.791+0000] {processor.py:840} INFO - DAG(s) 'latest_only' retrieved from /home/airflow/.local/lib/python3.8/site-packages/airflow/example_dags/example_latest_only.py
[2025-08-14T17:59:35.833+0000] {logging_mixin.py:188} INFO - [2025-08-14T17:59:35.832+0000] {dag.py:3047} INFO - Sync 1 DAGs
[2025-08-14T17:59:35.864+0000] {logging_mixin.py:188} INFO - [2025-08-14T17:59:35.864+0000] {dag.py:3834} INFO - Setting next_dagrun for latest_only to 2025-08-14 12:00:00+00:00, run_after=2025-08-14 16:00:00+00:00
[2025-08-14T17:59:35.955+0000] {processor.py:183} INFO - Processing /home/airflow/.local/lib/python3.8/site-packages/airflow/example_dags/example_latest_only.py took 0.177 seconds
[2025-08-14T18:00:06.610+0000] {processor.py:161} INFO - Started process (PID=2634) to work on /home/airflow/.local/lib/python3.8/site-packages/airflow/example_dags/example_latest_only.py
[2025-08-14T18:00:06.611+0000] {processor.py:830} INFO - Processing file /home/airflow/.local/lib/python3.8/site-packages/airflow/example_dags/example_latest_only.py for tasks to queue
[2025-08-14T18:00:06.612+0000] {logging_mixin.py:188} INFO - [2025-08-14T18:00:06.612+0000] {dagbag.py:540} INFO - Filling up the DagBag from /home/airflow/.local/lib/python3.8/site-packages/airflow/example_dags/example_latest_only.py
[2025-08-14T18:00:06.616+0000] {processor.py:840} INFO - DAG(s) 'latest_only' retrieved from /home/airflow/.local/lib/python3.8/site-packages/airflow/example_dags/example_latest_only.py
[2025-08-14T18:00:06.632+0000] {logging_mixin.py:188} INFO - [2025-08-14T18:00:06.632+0000] {dag.py:3047} INFO - Sync 1 DAGs
[2025-08-14T18:00:06.646+0000] {logging_mixin.py:188} INFO - [2025-08-14T18:00:06.645+0000] {dag.py:3834} INFO - Setting next_dagrun for latest_only to 2025-08-14 12:00:00+00:00, run_after=2025-08-14 16:00:00+00:00
[2025-08-14T18:00:06.658+0000] {processor.py:183} INFO - Processing /home/airflow/.local/lib/python3.8/site-packages/airflow/example_dags/example_latest_only.py took 0.051 seconds
[2025-08-14T18:00:37.464+0000] {processor.py:161} INFO - Started process (PID=2690) to work on /home/airflow/.local/lib/python3.8/site-packages/airflow/example_dags/example_latest_only.py
[2025-08-14T18:00:37.466+0000] {processor.py:830} INFO - Processing file /home/airflow/.local/lib/python3.8/site-packages/airflow/example_dags/example_latest_only.py for tasks to queue
[2025-08-14T18:00:37.467+0000] {logging_mixin.py:188} INFO - [2025-08-14T18:00:37.467+0000] {dagbag.py:540} INFO - Filling up the DagBag from /home/airflow/.local/lib/python3.8/site-packages/airflow/example_dags/example_latest_only.py
[2025-08-14T18:00:37.471+0000] {processor.py:840} INFO - DAG(s) 'latest_only' retrieved from /home/airflow/.local/lib/python3.8/site-packages/airflow/example_dags/example_latest_only.py
[2025-08-14T18:00:37.491+0000] {logging_mixin.py:188} INFO - [2025-08-14T18:00:37.491+0000] {dag.py:3047} INFO - Sync 1 DAGs
[2025-08-14T18:00:37.503+0000] {logging_mixin.py:188} INFO - [2025-08-14T18:00:37.503+0000] {dag.py:3834} INFO - Setting next_dagrun for latest_only to 2025-08-14 12:00:00+00:00, run_after=2025-08-14 16:00:00+00:00
[2025-08-14T18:00:37.526+0000] {processor.py:183} INFO - Processing /home/airflow/.local/lib/python3.8/site-packages/airflow/example_dags/example_latest_only.py took 0.063 seconds
[2025-08-14T18:01:08.389+0000] {processor.py:161} INFO - Started process (PID=2746) to work on /home/airflow/.local/lib/python3.8/site-packages/airflow/example_dags/example_latest_only.py
[2025-08-14T18:01:08.391+0000] {processor.py:830} INFO - Processing file /home/airflow/.local/lib/python3.8/site-packages/airflow/example_dags/example_latest_only.py for tasks to queue
[2025-08-14T18:01:08.392+0000] {logging_mixin.py:188} INFO - [2025-08-14T18:01:08.392+0000] {dagbag.py:540} INFO - Filling up the DagBag from /home/airflow/.local/lib/python3.8/site-packages/airflow/example_dags/example_latest_only.py
[2025-08-14T18:01:08.399+0000] {processor.py:840} INFO - DAG(s) 'latest_only' retrieved from /home/airflow/.local/lib/python3.8/site-packages/airflow/example_dags/example_latest_only.py
[2025-08-14T18:01:08.421+0000] {logging_mixin.py:188} INFO - [2025-08-14T18:01:08.421+0000] {dag.py:3047} INFO - Sync 1 DAGs
[2025-08-14T18:01:08.436+0000] {logging_mixin.py:188} INFO - [2025-08-14T18:01:08.436+0000] {dag.py:3834} INFO - Setting next_dagrun for latest_only to 2025-08-14 12:00:00+00:00, run_after=2025-08-14 16:00:00+00:00
[2025-08-14T18:01:08.447+0000] {processor.py:183} INFO - Processing /home/airflow/.local/lib/python3.8/site-packages/airflow/example_dags/example_latest_only.py took 0.061 seconds
[2025-08-14T18:01:38.713+0000] {processor.py:161} INFO - Started process (PID=2802) to work on /home/airflow/.local/lib/python3.8/site-packages/airflow/example_dags/example_latest_only.py
[2025-08-14T18:01:38.714+0000] {processor.py:830} INFO - Processing file /home/airflow/.local/lib/python3.8/site-packages/airflow/example_dags/example_latest_only.py for tasks to queue
[2025-08-14T18:01:38.715+0000] {logging_mixin.py:188} INFO - [2025-08-14T18:01:38.715+0000] {dagbag.py:540} INFO - Filling up the DagBag from /home/airflow/.local/lib/python3.8/site-packages/airflow/example_dags/example_latest_only.py
[2025-08-14T18:01:38.722+0000] {processor.py:840} INFO - DAG(s) 'latest_only' retrieved from /home/airflow/.local/lib/python3.8/site-packages/airflow/example_dags/example_latest_only.py
[2025-08-14T18:01:38.741+0000] {logging_mixin.py:188} INFO - [2025-08-14T18:01:38.741+0000] {dag.py:3047} INFO - Sync 1 DAGs
[2025-08-14T18:01:38.753+0000] {logging_mixin.py:188} INFO - [2025-08-14T18:01:38.753+0000] {dag.py:3834} INFO - Setting next_dagrun for latest_only to 2025-08-14 12:00:00+00:00, run_after=2025-08-14 16:00:00+00:00
[2025-08-14T18:01:38.765+0000] {processor.py:183} INFO - Processing /home/airflow/.local/lib/python3.8/site-packages/airflow/example_dags/example_latest_only.py took 0.054 seconds
[2025-08-14T18:02:09.394+0000] {processor.py:161} INFO - Started process (PID=2858) to work on /home/airflow/.local/lib/python3.8/site-packages/airflow/example_dags/example_latest_only.py
[2025-08-14T18:02:09.394+0000] {processor.py:830} INFO - Processing file /home/airflow/.local/lib/python3.8/site-packages/airflow/example_dags/example_latest_only.py for tasks to queue
[2025-08-14T18:02:09.395+0000] {logging_mixin.py:188} INFO - [2025-08-14T18:02:09.395+0000] {dagbag.py:540} INFO - Filling up the DagBag from /home/airflow/.local/lib/python3.8/site-packages/airflow/example_dags/example_latest_only.py
[2025-08-14T18:02:09.398+0000] {processor.py:840} INFO - DAG(s) 'latest_only' retrieved from /home/airflow/.local/lib/python3.8/site-packages/airflow/example_dags/example_latest_only.py
[2025-08-14T18:02:09.415+0000] {logging_mixin.py:188} INFO - [2025-08-14T18:02:09.414+0000] {dag.py:3047} INFO - Sync 1 DAGs
[2025-08-14T18:02:09.429+0000] {logging_mixin.py:188} INFO - [2025-08-14T18:02:09.429+0000] {dag.py:3834} INFO - Setting next_dagrun for latest_only to 2025-08-14 12:00:00+00:00, run_after=2025-08-14 16:00:00+00:00
[2025-08-14T18:02:09.443+0000] {processor.py:183} INFO - Processing /home/airflow/.local/lib/python3.8/site-packages/airflow/example_dags/example_latest_only.py took 0.051 seconds
[2025-08-14T18:02:40.195+0000] {processor.py:161} INFO - Started process (PID=2914) to work on /home/airflow/.local/lib/python3.8/site-packages/airflow/example_dags/example_latest_only.py
[2025-08-14T18:02:40.196+0000] {processor.py:830} INFO - Processing file /home/airflow/.local/lib/python3.8/site-packages/airflow/example_dags/example_latest_only.py for tasks to queue
[2025-08-14T18:02:40.200+0000] {logging_mixin.py:188} INFO - [2025-08-14T18:02:40.199+0000] {dagbag.py:540} INFO - Filling up the DagBag from /home/airflow/.local/lib/python3.8/site-packages/airflow/example_dags/example_latest_only.py
[2025-08-14T18:02:40.203+0000] {processor.py:840} INFO - DAG(s) 'latest_only' retrieved from /home/airflow/.local/lib/python3.8/site-packages/airflow/example_dags/example_latest_only.py
[2025-08-14T18:02:40.230+0000] {logging_mixin.py:188} INFO - [2025-08-14T18:02:40.229+0000] {dag.py:3047} INFO - Sync 1 DAGs
[2025-08-14T18:02:40.246+0000] {logging_mixin.py:188} INFO - [2025-08-14T18:02:40.246+0000] {dag.py:3834} INFO - Setting next_dagrun for latest_only to 2025-08-14 12:00:00+00:00, run_after=2025-08-14 16:00:00+00:00
[2025-08-14T18:02:40.260+0000] {processor.py:183} INFO - Processing /home/airflow/.local/lib/python3.8/site-packages/airflow/example_dags/example_latest_only.py took 0.067 seconds
[2025-08-14T18:03:10.901+0000] {processor.py:161} INFO - Started process (PID=2970) to work on /home/airflow/.local/lib/python3.8/site-packages/airflow/example_dags/example_latest_only.py
[2025-08-14T18:03:10.903+0000] {processor.py:830} INFO - Processing file /home/airflow/.local/lib/python3.8/site-packages/airflow/example_dags/example_latest_only.py for tasks to queue
[2025-08-14T18:03:10.904+0000] {logging_mixin.py:188} INFO - [2025-08-14T18:03:10.904+0000] {dagbag.py:540} INFO - Filling up the DagBag from /home/airflow/.local/lib/python3.8/site-packages/airflow/example_dags/example_latest_only.py
[2025-08-14T18:03:10.907+0000] {processor.py:840} INFO - DAG(s) 'latest_only' retrieved from /home/airflow/.local/lib/python3.8/site-packages/airflow/example_dags/example_latest_only.py
[2025-08-14T18:03:10.922+0000] {logging_mixin.py:188} INFO - [2025-08-14T18:03:10.922+0000] {dag.py:3047} INFO - Sync 1 DAGs
[2025-08-14T18:03:10.943+0000] {logging_mixin.py:188} INFO - [2025-08-14T18:03:10.943+0000] {dag.py:3834} INFO - Setting next_dagrun for latest_only to 2025-08-14 12:00:00+00:00, run_after=2025-08-14 16:00:00+00:00
[2025-08-14T18:03:10.970+0000] {processor.py:183} INFO - Processing /home/airflow/.local/lib/python3.8/site-packages/airflow/example_dags/example_latest_only.py took 0.073 seconds
[2025-08-14T18:03:41.021+0000] {processor.py:161} INFO - Started process (PID=3026) to work on /home/airflow/.local/lib/python3.8/site-packages/airflow/example_dags/example_latest_only.py
[2025-08-14T18:03:41.022+0000] {processor.py:830} INFO - Processing file /home/airflow/.local/lib/python3.8/site-packages/airflow/example_dags/example_latest_only.py for tasks to queue
[2025-08-14T18:03:41.022+0000] {logging_mixin.py:188} INFO - [2025-08-14T18:03:41.022+0000] {dagbag.py:540} INFO - Filling up the DagBag from /home/airflow/.local/lib/python3.8/site-packages/airflow/example_dags/example_latest_only.py
[2025-08-14T18:03:41.025+0000] {processor.py:840} INFO - DAG(s) 'latest_only' retrieved from /home/airflow/.local/lib/python3.8/site-packages/airflow/example_dags/example_latest_only.py
[2025-08-14T18:03:41.035+0000] {logging_mixin.py:188} INFO - [2025-08-14T18:03:41.034+0000] {dag.py:3047} INFO - Sync 1 DAGs
[2025-08-14T18:03:41.044+0000] {logging_mixin.py:188} INFO - [2025-08-14T18:03:41.044+0000] {dag.py:3834} INFO - Setting next_dagrun for latest_only to 2025-08-14 12:00:00+00:00, run_after=2025-08-14 16:00:00+00:00
[2025-08-14T18:03:41.051+0000] {processor.py:183} INFO - Processing /home/airflow/.local/lib/python3.8/site-packages/airflow/example_dags/example_latest_only.py took 0.032 seconds
[2025-08-14T18:04:11.099+0000] {processor.py:161} INFO - Started process (PID=3082) to work on /home/airflow/.local/lib/python3.8/site-packages/airflow/example_dags/example_latest_only.py
[2025-08-14T18:04:11.100+0000] {processor.py:830} INFO - Processing file /home/airflow/.local/lib/python3.8/site-packages/airflow/example_dags/example_latest_only.py for tasks to queue
[2025-08-14T18:04:11.101+0000] {logging_mixin.py:188} INFO - [2025-08-14T18:04:11.101+0000] {dagbag.py:540} INFO - Filling up the DagBag from /home/airflow/.local/lib/python3.8/site-packages/airflow/example_dags/example_latest_only.py
[2025-08-14T18:04:11.105+0000] {processor.py:840} INFO - DAG(s) 'latest_only' retrieved from /home/airflow/.local/lib/python3.8/site-packages/airflow/example_dags/example_latest_only.py
[2025-08-14T18:04:11.121+0000] {logging_mixin.py:188} INFO - [2025-08-14T18:04:11.121+0000] {dag.py:3047} INFO - Sync 1 DAGs
[2025-08-14T18:04:11.133+0000] {logging_mixin.py:188} INFO - [2025-08-14T18:04:11.133+0000] {dag.py:3834} INFO - Setting next_dagrun for latest_only to 2025-08-14 12:00:00+00:00, run_after=2025-08-14 16:00:00+00:00
[2025-08-14T18:04:11.144+0000] {processor.py:183} INFO - Processing /home/airflow/.local/lib/python3.8/site-packages/airflow/example_dags/example_latest_only.py took 0.047 seconds
[2025-08-14T18:04:41.910+0000] {processor.py:161} INFO - Started process (PID=3138) to work on /home/airflow/.local/lib/python3.8/site-packages/airflow/example_dags/example_latest_only.py
[2025-08-14T18:04:41.911+0000] {processor.py:830} INFO - Processing file /home/airflow/.local/lib/python3.8/site-packages/airflow/example_dags/example_latest_only.py for tasks to queue
[2025-08-14T18:04:41.913+0000] {logging_mixin.py:188} INFO - [2025-08-14T18:04:41.913+0000] {dagbag.py:540} INFO - Filling up the DagBag from /home/airflow/.local/lib/python3.8/site-packages/airflow/example_dags/example_latest_only.py
[2025-08-14T18:04:41.917+0000] {processor.py:840} INFO - DAG(s) 'latest_only' retrieved from /home/airflow/.local/lib/python3.8/site-packages/airflow/example_dags/example_latest_only.py
[2025-08-14T18:04:41.934+0000] {logging_mixin.py:188} INFO - [2025-08-14T18:04:41.934+0000] {dag.py:3047} INFO - Sync 1 DAGs
[2025-08-14T18:04:41.953+0000] {logging_mixin.py:188} INFO - [2025-08-14T18:04:41.952+0000] {dag.py:3834} INFO - Setting next_dagrun for latest_only to 2025-08-14 12:00:00+00:00, run_after=2025-08-14 16:00:00+00:00
[2025-08-14T18:04:41.969+0000] {processor.py:183} INFO - Processing /home/airflow/.local/lib/python3.8/site-packages/airflow/example_dags/example_latest_only.py took 0.061 seconds
[2025-08-14T18:05:12.455+0000] {processor.py:161} INFO - Started process (PID=3194) to work on /home/airflow/.local/lib/python3.8/site-packages/airflow/example_dags/example_latest_only.py
[2025-08-14T18:05:12.456+0000] {processor.py:830} INFO - Processing file /home/airflow/.local/lib/python3.8/site-packages/airflow/example_dags/example_latest_only.py for tasks to queue
[2025-08-14T18:05:12.457+0000] {logging_mixin.py:188} INFO - [2025-08-14T18:05:12.457+0000] {dagbag.py:540} INFO - Filling up the DagBag from /home/airflow/.local/lib/python3.8/site-packages/airflow/example_dags/example_latest_only.py
[2025-08-14T18:05:12.459+0000] {processor.py:840} INFO - DAG(s) 'latest_only' retrieved from /home/airflow/.local/lib/python3.8/site-packages/airflow/example_dags/example_latest_only.py
[2025-08-14T18:05:12.474+0000] {logging_mixin.py:188} INFO - [2025-08-14T18:05:12.474+0000] {dag.py:3047} INFO - Sync 1 DAGs
[2025-08-14T18:05:12.486+0000] {logging_mixin.py:188} INFO - [2025-08-14T18:05:12.486+0000] {dag.py:3834} INFO - Setting next_dagrun for latest_only to 2025-08-14 12:00:00+00:00, run_after=2025-08-14 16:00:00+00:00
[2025-08-14T18:05:12.495+0000] {processor.py:183} INFO - Processing /home/airflow/.local/lib/python3.8/site-packages/airflow/example_dags/example_latest_only.py took 0.043 seconds
[2025-08-14T18:05:43.474+0000] {processor.py:161} INFO - Started process (PID=3250) to work on /home/airflow/.local/lib/python3.8/site-packages/airflow/example_dags/example_latest_only.py
[2025-08-14T18:05:43.475+0000] {processor.py:830} INFO - Processing file /home/airflow/.local/lib/python3.8/site-packages/airflow/example_dags/example_latest_only.py for tasks to queue
[2025-08-14T18:05:43.476+0000] {logging_mixin.py:188} INFO - [2025-08-14T18:05:43.476+0000] {dagbag.py:540} INFO - Filling up the DagBag from /home/airflow/.local/lib/python3.8/site-packages/airflow/example_dags/example_latest_only.py
[2025-08-14T18:05:43.480+0000] {processor.py:840} INFO - DAG(s) 'latest_only' retrieved from /home/airflow/.local/lib/python3.8/site-packages/airflow/example_dags/example_latest_only.py
[2025-08-14T18:05:43.506+0000] {logging_mixin.py:188} INFO - [2025-08-14T18:05:43.506+0000] {dag.py:3047} INFO - Sync 1 DAGs
[2025-08-14T18:05:43.525+0000] {logging_mixin.py:188} INFO - [2025-08-14T18:05:43.525+0000] {dag.py:3834} INFO - Setting next_dagrun for latest_only to 2025-08-14 12:00:00+00:00, run_after=2025-08-14 16:00:00+00:00
[2025-08-14T18:05:43.542+0000] {processor.py:183} INFO - Processing /home/airflow/.local/lib/python3.8/site-packages/airflow/example_dags/example_latest_only.py took 0.073 seconds
