[2025-08-14T17:36:50.081+0000] {processor.py:161} INFO - Started process (PID=96) to work on /home/airflow/.local/lib/python3.8/site-packages/airflow/example_dags/example_external_task_marker_dag.py
[2025-08-14T17:36:50.087+0000] {processor.py:830} INFO - Processing file /home/airflow/.local/lib/python3.8/site-packages/airflow/example_dags/example_external_task_marker_dag.py for tasks to queue
[2025-08-14T17:36:50.089+0000] {logging_mixin.py:188} INFO - [2025-08-14T17:36:50.089+0000] {dagbag.py:540} INFO - Filling up the DagBag from /home/airflow/.local/lib/python3.8/site-packages/airflow/example_dags/example_external_task_marker_dag.py
[2025-08-14T17:36:50.105+0000] {processor.py:840} INFO - DAG(s) 'example_external_task_marker_child', 'example_external_task_marker_parent' retrieved from /home/airflow/.local/lib/python3.8/site-packages/airflow/example_dags/example_external_task_marker_dag.py
[2025-08-14T17:36:50.139+0000] {logging_mixin.py:188} INFO - [2025-08-14T17:36:50.138+0000] {dag.py:3047} INFO - Sync 2 DAGs
[2025-08-14T17:36:50.155+0000] {logging_mixin.py:188} INFO - [2025-08-14T17:36:50.154+0000] {dag.py:3834} INFO - Setting next_dagrun for example_external_task_marker_child to None, run_after=None
[2025-08-14T17:36:50.159+0000] {logging_mixin.py:188} INFO - [2025-08-14T17:36:50.158+0000] {dag.py:3834} INFO - Setting next_dagrun for example_external_task_marker_parent to None, run_after=None
[2025-08-14T17:36:50.196+0000] {processor.py:183} INFO - Processing /home/airflow/.local/lib/python3.8/site-packages/airflow/example_dags/example_external_task_marker_dag.py took 0.133 seconds
[2025-08-14T17:37:20.740+0000] {processor.py:161} INFO - Started process (PID=152) to work on /home/airflow/.local/lib/python3.8/site-packages/airflow/example_dags/example_external_task_marker_dag.py
[2025-08-14T17:37:20.741+0000] {processor.py:830} INFO - Processing file /home/airflow/.local/lib/python3.8/site-packages/airflow/example_dags/example_external_task_marker_dag.py for tasks to queue
[2025-08-14T17:37:20.742+0000] {logging_mixin.py:188} INFO - [2025-08-14T17:37:20.742+0000] {dagbag.py:540} INFO - Filling up the DagBag from /home/airflow/.local/lib/python3.8/site-packages/airflow/example_dags/example_external_task_marker_dag.py
[2025-08-14T17:37:20.750+0000] {processor.py:840} INFO - DAG(s) 'example_external_task_marker_parent', 'example_external_task_marker_child' retrieved from /home/airflow/.local/lib/python3.8/site-packages/airflow/example_dags/example_external_task_marker_dag.py
[2025-08-14T17:37:20.815+0000] {logging_mixin.py:188} INFO - [2025-08-14T17:37:20.815+0000] {dag.py:3047} INFO - Sync 2 DAGs
[2025-08-14T17:37:20.821+0000] {logging_mixin.py:188} INFO - [2025-08-14T17:37:20.821+0000] {dag.py:3834} INFO - Setting next_dagrun for example_external_task_marker_child to None, run_after=None
[2025-08-14T17:37:20.823+0000] {logging_mixin.py:188} INFO - [2025-08-14T17:37:20.823+0000] {dag.py:3834} INFO - Setting next_dagrun for example_external_task_marker_parent to None, run_after=None
[2025-08-14T17:37:20.832+0000] {processor.py:183} INFO - Processing /home/airflow/.local/lib/python3.8/site-packages/airflow/example_dags/example_external_task_marker_dag.py took 0.094 seconds
[2025-08-14T17:37:51.272+0000] {processor.py:161} INFO - Started process (PID=208) to work on /home/airflow/.local/lib/python3.8/site-packages/airflow/example_dags/example_external_task_marker_dag.py
[2025-08-14T17:37:51.273+0000] {processor.py:830} INFO - Processing file /home/airflow/.local/lib/python3.8/site-packages/airflow/example_dags/example_external_task_marker_dag.py for tasks to queue
[2025-08-14T17:37:51.275+0000] {logging_mixin.py:188} INFO - [2025-08-14T17:37:51.274+0000] {dagbag.py:540} INFO - Filling up the DagBag from /home/airflow/.local/lib/python3.8/site-packages/airflow/example_dags/example_external_task_marker_dag.py
[2025-08-14T17:37:51.282+0000] {processor.py:840} INFO - DAG(s) 'example_external_task_marker_child', 'example_external_task_marker_parent' retrieved from /home/airflow/.local/lib/python3.8/site-packages/airflow/example_dags/example_external_task_marker_dag.py
[2025-08-14T17:37:51.354+0000] {logging_mixin.py:188} INFO - [2025-08-14T17:37:51.353+0000] {dag.py:3047} INFO - Sync 2 DAGs
[2025-08-14T17:37:51.386+0000] {logging_mixin.py:188} INFO - [2025-08-14T17:37:51.386+0000] {dag.py:3834} INFO - Setting next_dagrun for example_external_task_marker_child to None, run_after=None
[2025-08-14T17:37:51.393+0000] {logging_mixin.py:188} INFO - [2025-08-14T17:37:51.393+0000] {dag.py:3834} INFO - Setting next_dagrun for example_external_task_marker_parent to None, run_after=None
[2025-08-14T17:37:51.410+0000] {processor.py:183} INFO - Processing /home/airflow/.local/lib/python3.8/site-packages/airflow/example_dags/example_external_task_marker_dag.py took 0.144 seconds
[2025-08-14T17:38:21.919+0000] {processor.py:161} INFO - Started process (PID=264) to work on /home/airflow/.local/lib/python3.8/site-packages/airflow/example_dags/example_external_task_marker_dag.py
[2025-08-14T17:38:21.920+0000] {processor.py:830} INFO - Processing file /home/airflow/.local/lib/python3.8/site-packages/airflow/example_dags/example_external_task_marker_dag.py for tasks to queue
[2025-08-14T17:38:21.922+0000] {logging_mixin.py:188} INFO - [2025-08-14T17:38:21.921+0000] {dagbag.py:540} INFO - Filling up the DagBag from /home/airflow/.local/lib/python3.8/site-packages/airflow/example_dags/example_external_task_marker_dag.py
[2025-08-14T17:38:21.929+0000] {processor.py:840} INFO - DAG(s) 'example_external_task_marker_parent', 'example_external_task_marker_child' retrieved from /home/airflow/.local/lib/python3.8/site-packages/airflow/example_dags/example_external_task_marker_dag.py
[2025-08-14T17:38:22.003+0000] {logging_mixin.py:188} INFO - [2025-08-14T17:38:22.003+0000] {dag.py:3047} INFO - Sync 2 DAGs
[2025-08-14T17:38:22.025+0000] {logging_mixin.py:188} INFO - [2025-08-14T17:38:22.024+0000] {dag.py:3834} INFO - Setting next_dagrun for example_external_task_marker_child to None, run_after=None
[2025-08-14T17:38:22.031+0000] {logging_mixin.py:188} INFO - [2025-08-14T17:38:22.031+0000] {dag.py:3834} INFO - Setting next_dagrun for example_external_task_marker_parent to None, run_after=None
[2025-08-14T17:38:22.064+0000] {processor.py:183} INFO - Processing /home/airflow/.local/lib/python3.8/site-packages/airflow/example_dags/example_external_task_marker_dag.py took 0.147 seconds
[2025-08-14T17:38:52.409+0000] {processor.py:161} INFO - Started process (PID=321) to work on /home/airflow/.local/lib/python3.8/site-packages/airflow/example_dags/example_external_task_marker_dag.py
[2025-08-14T17:38:52.411+0000] {processor.py:830} INFO - Processing file /home/airflow/.local/lib/python3.8/site-packages/airflow/example_dags/example_external_task_marker_dag.py for tasks to queue
[2025-08-14T17:38:52.412+0000] {logging_mixin.py:188} INFO - [2025-08-14T17:38:52.412+0000] {dagbag.py:540} INFO - Filling up the DagBag from /home/airflow/.local/lib/python3.8/site-packages/airflow/example_dags/example_external_task_marker_dag.py
[2025-08-14T17:38:52.416+0000] {processor.py:840} INFO - DAG(s) 'example_external_task_marker_parent', 'example_external_task_marker_child' retrieved from /home/airflow/.local/lib/python3.8/site-packages/airflow/example_dags/example_external_task_marker_dag.py
[2025-08-14T17:38:52.439+0000] {logging_mixin.py:188} INFO - [2025-08-14T17:38:52.438+0000] {dag.py:3047} INFO - Sync 2 DAGs
[2025-08-14T17:38:52.446+0000] {logging_mixin.py:188} INFO - [2025-08-14T17:38:52.446+0000] {dag.py:3834} INFO - Setting next_dagrun for example_external_task_marker_child to None, run_after=None
[2025-08-14T17:38:52.448+0000] {logging_mixin.py:188} INFO - [2025-08-14T17:38:52.448+0000] {dag.py:3834} INFO - Setting next_dagrun for example_external_task_marker_parent to None, run_after=None
[2025-08-14T17:38:52.461+0000] {processor.py:183} INFO - Processing /home/airflow/.local/lib/python3.8/site-packages/airflow/example_dags/example_external_task_marker_dag.py took 0.054 seconds
[2025-08-14T17:39:22.804+0000] {processor.py:161} INFO - Started process (PID=377) to work on /home/airflow/.local/lib/python3.8/site-packages/airflow/example_dags/example_external_task_marker_dag.py
[2025-08-14T17:39:22.805+0000] {processor.py:830} INFO - Processing file /home/airflow/.local/lib/python3.8/site-packages/airflow/example_dags/example_external_task_marker_dag.py for tasks to queue
[2025-08-14T17:39:22.806+0000] {logging_mixin.py:188} INFO - [2025-08-14T17:39:22.806+0000] {dagbag.py:540} INFO - Filling up the DagBag from /home/airflow/.local/lib/python3.8/site-packages/airflow/example_dags/example_external_task_marker_dag.py
[2025-08-14T17:39:22.809+0000] {processor.py:840} INFO - DAG(s) 'example_external_task_marker_parent', 'example_external_task_marker_child' retrieved from /home/airflow/.local/lib/python3.8/site-packages/airflow/example_dags/example_external_task_marker_dag.py
[2025-08-14T17:39:22.832+0000] {logging_mixin.py:188} INFO - [2025-08-14T17:39:22.832+0000] {dag.py:3047} INFO - Sync 2 DAGs
[2025-08-14T17:39:22.857+0000] {logging_mixin.py:188} INFO - [2025-08-14T17:39:22.856+0000] {dag.py:3834} INFO - Setting next_dagrun for example_external_task_marker_child to None, run_after=None
[2025-08-14T17:39:22.860+0000] {logging_mixin.py:188} INFO - [2025-08-14T17:39:22.860+0000] {dag.py:3834} INFO - Setting next_dagrun for example_external_task_marker_parent to None, run_after=None
[2025-08-14T17:39:22.872+0000] {processor.py:183} INFO - Processing /home/airflow/.local/lib/python3.8/site-packages/airflow/example_dags/example_external_task_marker_dag.py took 0.070 seconds
[2025-08-14T17:39:53.740+0000] {processor.py:161} INFO - Started process (PID=433) to work on /home/airflow/.local/lib/python3.8/site-packages/airflow/example_dags/example_external_task_marker_dag.py
[2025-08-14T17:39:53.744+0000] {processor.py:830} INFO - Processing file /home/airflow/.local/lib/python3.8/site-packages/airflow/example_dags/example_external_task_marker_dag.py for tasks to queue
[2025-08-14T17:39:53.745+0000] {logging_mixin.py:188} INFO - [2025-08-14T17:39:53.745+0000] {dagbag.py:540} INFO - Filling up the DagBag from /home/airflow/.local/lib/python3.8/site-packages/airflow/example_dags/example_external_task_marker_dag.py
[2025-08-14T17:39:53.749+0000] {processor.py:840} INFO - DAG(s) 'example_external_task_marker_parent', 'example_external_task_marker_child' retrieved from /home/airflow/.local/lib/python3.8/site-packages/airflow/example_dags/example_external_task_marker_dag.py
[2025-08-14T17:39:53.770+0000] {logging_mixin.py:188} INFO - [2025-08-14T17:39:53.770+0000] {dag.py:3047} INFO - Sync 2 DAGs
[2025-08-14T17:39:53.778+0000] {logging_mixin.py:188} INFO - [2025-08-14T17:39:53.778+0000] {dag.py:3834} INFO - Setting next_dagrun for example_external_task_marker_child to None, run_after=None
[2025-08-14T17:39:53.781+0000] {logging_mixin.py:188} INFO - [2025-08-14T17:39:53.781+0000] {dag.py:3834} INFO - Setting next_dagrun for example_external_task_marker_parent to None, run_after=None
[2025-08-14T17:39:53.789+0000] {processor.py:183} INFO - Processing /home/airflow/.local/lib/python3.8/site-packages/airflow/example_dags/example_external_task_marker_dag.py took 0.051 seconds
[2025-08-14T17:40:24.373+0000] {processor.py:161} INFO - Started process (PID=489) to work on /home/airflow/.local/lib/python3.8/site-packages/airflow/example_dags/example_external_task_marker_dag.py
[2025-08-14T17:40:24.373+0000] {processor.py:830} INFO - Processing file /home/airflow/.local/lib/python3.8/site-packages/airflow/example_dags/example_external_task_marker_dag.py for tasks to queue
[2025-08-14T17:40:24.375+0000] {logging_mixin.py:188} INFO - [2025-08-14T17:40:24.375+0000] {dagbag.py:540} INFO - Filling up the DagBag from /home/airflow/.local/lib/python3.8/site-packages/airflow/example_dags/example_external_task_marker_dag.py
[2025-08-14T17:40:24.379+0000] {processor.py:840} INFO - DAG(s) 'example_external_task_marker_parent', 'example_external_task_marker_child' retrieved from /home/airflow/.local/lib/python3.8/site-packages/airflow/example_dags/example_external_task_marker_dag.py
[2025-08-14T17:40:24.396+0000] {logging_mixin.py:188} INFO - [2025-08-14T17:40:24.396+0000] {dag.py:3047} INFO - Sync 2 DAGs
[2025-08-14T17:40:24.410+0000] {logging_mixin.py:188} INFO - [2025-08-14T17:40:24.409+0000] {dag.py:3834} INFO - Setting next_dagrun for example_external_task_marker_child to None, run_after=None
[2025-08-14T17:40:24.413+0000] {logging_mixin.py:188} INFO - [2025-08-14T17:40:24.412+0000] {dag.py:3834} INFO - Setting next_dagrun for example_external_task_marker_parent to None, run_after=None
[2025-08-14T17:40:24.429+0000] {processor.py:183} INFO - Processing /home/airflow/.local/lib/python3.8/site-packages/airflow/example_dags/example_external_task_marker_dag.py took 0.059 seconds
[2025-08-14T17:40:54.998+0000] {processor.py:161} INFO - Started process (PID=545) to work on /home/airflow/.local/lib/python3.8/site-packages/airflow/example_dags/example_external_task_marker_dag.py
[2025-08-14T17:40:54.999+0000] {processor.py:830} INFO - Processing file /home/airflow/.local/lib/python3.8/site-packages/airflow/example_dags/example_external_task_marker_dag.py for tasks to queue
[2025-08-14T17:40:55.000+0000] {logging_mixin.py:188} INFO - [2025-08-14T17:40:55.000+0000] {dagbag.py:540} INFO - Filling up the DagBag from /home/airflow/.local/lib/python3.8/site-packages/airflow/example_dags/example_external_task_marker_dag.py
[2025-08-14T17:40:55.007+0000] {processor.py:840} INFO - DAG(s) 'example_external_task_marker_child', 'example_external_task_marker_parent' retrieved from /home/airflow/.local/lib/python3.8/site-packages/airflow/example_dags/example_external_task_marker_dag.py
[2025-08-14T17:40:55.030+0000] {logging_mixin.py:188} INFO - [2025-08-14T17:40:55.030+0000] {dag.py:3047} INFO - Sync 2 DAGs
[2025-08-14T17:40:55.045+0000] {logging_mixin.py:188} INFO - [2025-08-14T17:40:55.045+0000] {dag.py:3834} INFO - Setting next_dagrun for example_external_task_marker_child to None, run_after=None
[2025-08-14T17:40:55.048+0000] {logging_mixin.py:188} INFO - [2025-08-14T17:40:55.048+0000] {dag.py:3834} INFO - Setting next_dagrun for example_external_task_marker_parent to None, run_after=None
[2025-08-14T17:40:55.059+0000] {processor.py:183} INFO - Processing /home/airflow/.local/lib/python3.8/site-packages/airflow/example_dags/example_external_task_marker_dag.py took 0.064 seconds
[2025-08-14T17:41:25.309+0000] {processor.py:161} INFO - Started process (PID=601) to work on /home/airflow/.local/lib/python3.8/site-packages/airflow/example_dags/example_external_task_marker_dag.py
[2025-08-14T17:41:25.312+0000] {processor.py:830} INFO - Processing file /home/airflow/.local/lib/python3.8/site-packages/airflow/example_dags/example_external_task_marker_dag.py for tasks to queue
[2025-08-14T17:41:25.318+0000] {logging_mixin.py:188} INFO - [2025-08-14T17:41:25.318+0000] {dagbag.py:540} INFO - Filling up the DagBag from /home/airflow/.local/lib/python3.8/site-packages/airflow/example_dags/example_external_task_marker_dag.py
[2025-08-14T17:41:25.322+0000] {processor.py:840} INFO - DAG(s) 'example_external_task_marker_parent', 'example_external_task_marker_child' retrieved from /home/airflow/.local/lib/python3.8/site-packages/airflow/example_dags/example_external_task_marker_dag.py
[2025-08-14T17:41:25.342+0000] {logging_mixin.py:188} INFO - [2025-08-14T17:41:25.342+0000] {dag.py:3047} INFO - Sync 2 DAGs
[2025-08-14T17:41:25.359+0000] {logging_mixin.py:188} INFO - [2025-08-14T17:41:25.359+0000] {dag.py:3834} INFO - Setting next_dagrun for example_external_task_marker_child to None, run_after=None
[2025-08-14T17:41:25.361+0000] {logging_mixin.py:188} INFO - [2025-08-14T17:41:25.361+0000] {dag.py:3834} INFO - Setting next_dagrun for example_external_task_marker_parent to None, run_after=None
[2025-08-14T17:41:25.370+0000] {processor.py:183} INFO - Processing /home/airflow/.local/lib/python3.8/site-packages/airflow/example_dags/example_external_task_marker_dag.py took 0.067 seconds
[2025-08-14T17:41:56.217+0000] {processor.py:161} INFO - Started process (PID=657) to work on /home/airflow/.local/lib/python3.8/site-packages/airflow/example_dags/example_external_task_marker_dag.py
[2025-08-14T17:41:56.221+0000] {processor.py:830} INFO - Processing file /home/airflow/.local/lib/python3.8/site-packages/airflow/example_dags/example_external_task_marker_dag.py for tasks to queue
[2025-08-14T17:41:56.227+0000] {logging_mixin.py:188} INFO - [2025-08-14T17:41:56.225+0000] {dagbag.py:540} INFO - Filling up the DagBag from /home/airflow/.local/lib/python3.8/site-packages/airflow/example_dags/example_external_task_marker_dag.py
[2025-08-14T17:41:56.277+0000] {processor.py:840} INFO - DAG(s) 'example_external_task_marker_parent', 'example_external_task_marker_child' retrieved from /home/airflow/.local/lib/python3.8/site-packages/airflow/example_dags/example_external_task_marker_dag.py
[2025-08-14T17:41:56.431+0000] {logging_mixin.py:188} INFO - [2025-08-14T17:41:56.430+0000] {dag.py:3047} INFO - Sync 2 DAGs
[2025-08-14T17:41:56.484+0000] {logging_mixin.py:188} INFO - [2025-08-14T17:41:56.483+0000] {dag.py:3834} INFO - Setting next_dagrun for example_external_task_marker_child to None, run_after=None
[2025-08-14T17:41:56.496+0000] {logging_mixin.py:188} INFO - [2025-08-14T17:41:56.496+0000] {dag.py:3834} INFO - Setting next_dagrun for example_external_task_marker_parent to None, run_after=None
[2025-08-14T17:41:56.528+0000] {processor.py:183} INFO - Processing /home/airflow/.local/lib/python3.8/site-packages/airflow/example_dags/example_external_task_marker_dag.py took 0.318 seconds
[2025-08-14T17:42:26.815+0000] {processor.py:161} INFO - Started process (PID=713) to work on /home/airflow/.local/lib/python3.8/site-packages/airflow/example_dags/example_external_task_marker_dag.py
[2025-08-14T17:42:26.816+0000] {processor.py:830} INFO - Processing file /home/airflow/.local/lib/python3.8/site-packages/airflow/example_dags/example_external_task_marker_dag.py for tasks to queue
[2025-08-14T17:42:26.818+0000] {logging_mixin.py:188} INFO - [2025-08-14T17:42:26.817+0000] {dagbag.py:540} INFO - Filling up the DagBag from /home/airflow/.local/lib/python3.8/site-packages/airflow/example_dags/example_external_task_marker_dag.py
[2025-08-14T17:42:26.824+0000] {processor.py:840} INFO - DAG(s) 'example_external_task_marker_child', 'example_external_task_marker_parent' retrieved from /home/airflow/.local/lib/python3.8/site-packages/airflow/example_dags/example_external_task_marker_dag.py
[2025-08-14T17:42:26.842+0000] {logging_mixin.py:188} INFO - [2025-08-14T17:42:26.842+0000] {dag.py:3047} INFO - Sync 2 DAGs
[2025-08-14T17:42:26.849+0000] {logging_mixin.py:188} INFO - [2025-08-14T17:42:26.849+0000] {dag.py:3834} INFO - Setting next_dagrun for example_external_task_marker_child to None, run_after=None
[2025-08-14T17:42:26.853+0000] {logging_mixin.py:188} INFO - [2025-08-14T17:42:26.853+0000] {dag.py:3834} INFO - Setting next_dagrun for example_external_task_marker_parent to None, run_after=None
[2025-08-14T17:42:26.865+0000] {processor.py:183} INFO - Processing /home/airflow/.local/lib/python3.8/site-packages/airflow/example_dags/example_external_task_marker_dag.py took 0.052 seconds
[2025-08-14T17:42:57.010+0000] {processor.py:161} INFO - Started process (PID=769) to work on /home/airflow/.local/lib/python3.8/site-packages/airflow/example_dags/example_external_task_marker_dag.py
[2025-08-14T17:42:57.011+0000] {processor.py:830} INFO - Processing file /home/airflow/.local/lib/python3.8/site-packages/airflow/example_dags/example_external_task_marker_dag.py for tasks to queue
[2025-08-14T17:42:57.013+0000] {logging_mixin.py:188} INFO - [2025-08-14T17:42:57.013+0000] {dagbag.py:540} INFO - Filling up the DagBag from /home/airflow/.local/lib/python3.8/site-packages/airflow/example_dags/example_external_task_marker_dag.py
[2025-08-14T17:42:57.021+0000] {processor.py:840} INFO - DAG(s) 'example_external_task_marker_parent', 'example_external_task_marker_child' retrieved from /home/airflow/.local/lib/python3.8/site-packages/airflow/example_dags/example_external_task_marker_dag.py
[2025-08-14T17:42:57.047+0000] {logging_mixin.py:188} INFO - [2025-08-14T17:42:57.047+0000] {dag.py:3047} INFO - Sync 2 DAGs
[2025-08-14T17:42:57.057+0000] {logging_mixin.py:188} INFO - [2025-08-14T17:42:57.057+0000] {dag.py:3834} INFO - Setting next_dagrun for example_external_task_marker_child to None, run_after=None
[2025-08-14T17:42:57.059+0000] {logging_mixin.py:188} INFO - [2025-08-14T17:42:57.059+0000] {dag.py:3834} INFO - Setting next_dagrun for example_external_task_marker_parent to None, run_after=None
[2025-08-14T17:42:57.072+0000] {processor.py:183} INFO - Processing /home/airflow/.local/lib/python3.8/site-packages/airflow/example_dags/example_external_task_marker_dag.py took 0.066 seconds
[2025-08-14T17:43:27.838+0000] {processor.py:161} INFO - Started process (PID=825) to work on /home/airflow/.local/lib/python3.8/site-packages/airflow/example_dags/example_external_task_marker_dag.py
[2025-08-14T17:43:27.839+0000] {processor.py:830} INFO - Processing file /home/airflow/.local/lib/python3.8/site-packages/airflow/example_dags/example_external_task_marker_dag.py for tasks to queue
[2025-08-14T17:43:27.840+0000] {logging_mixin.py:188} INFO - [2025-08-14T17:43:27.840+0000] {dagbag.py:540} INFO - Filling up the DagBag from /home/airflow/.local/lib/python3.8/site-packages/airflow/example_dags/example_external_task_marker_dag.py
[2025-08-14T17:43:27.847+0000] {processor.py:840} INFO - DAG(s) 'example_external_task_marker_child', 'example_external_task_marker_parent' retrieved from /home/airflow/.local/lib/python3.8/site-packages/airflow/example_dags/example_external_task_marker_dag.py
[2025-08-14T17:43:27.871+0000] {logging_mixin.py:188} INFO - [2025-08-14T17:43:27.871+0000] {dag.py:3047} INFO - Sync 2 DAGs
[2025-08-14T17:43:27.880+0000] {logging_mixin.py:188} INFO - [2025-08-14T17:43:27.880+0000] {dag.py:3834} INFO - Setting next_dagrun for example_external_task_marker_child to None, run_after=None
[2025-08-14T17:43:27.887+0000] {logging_mixin.py:188} INFO - [2025-08-14T17:43:27.887+0000] {dag.py:3834} INFO - Setting next_dagrun for example_external_task_marker_parent to None, run_after=None
[2025-08-14T17:43:27.901+0000] {processor.py:183} INFO - Processing /home/airflow/.local/lib/python3.8/site-packages/airflow/example_dags/example_external_task_marker_dag.py took 0.066 seconds
[2025-08-14T17:43:58.159+0000] {processor.py:161} INFO - Started process (PID=881) to work on /home/airflow/.local/lib/python3.8/site-packages/airflow/example_dags/example_external_task_marker_dag.py
[2025-08-14T17:43:58.161+0000] {processor.py:830} INFO - Processing file /home/airflow/.local/lib/python3.8/site-packages/airflow/example_dags/example_external_task_marker_dag.py for tasks to queue
[2025-08-14T17:43:58.162+0000] {logging_mixin.py:188} INFO - [2025-08-14T17:43:58.162+0000] {dagbag.py:540} INFO - Filling up the DagBag from /home/airflow/.local/lib/python3.8/site-packages/airflow/example_dags/example_external_task_marker_dag.py
[2025-08-14T17:43:58.169+0000] {processor.py:840} INFO - DAG(s) 'example_external_task_marker_parent', 'example_external_task_marker_child' retrieved from /home/airflow/.local/lib/python3.8/site-packages/airflow/example_dags/example_external_task_marker_dag.py
[2025-08-14T17:43:58.190+0000] {logging_mixin.py:188} INFO - [2025-08-14T17:43:58.189+0000] {dag.py:3047} INFO - Sync 2 DAGs
[2025-08-14T17:43:58.202+0000] {logging_mixin.py:188} INFO - [2025-08-14T17:43:58.202+0000] {dag.py:3834} INFO - Setting next_dagrun for example_external_task_marker_child to None, run_after=None
[2025-08-14T17:43:58.205+0000] {logging_mixin.py:188} INFO - [2025-08-14T17:43:58.205+0000] {dag.py:3834} INFO - Setting next_dagrun for example_external_task_marker_parent to None, run_after=None
[2025-08-14T17:43:58.219+0000] {processor.py:183} INFO - Processing /home/airflow/.local/lib/python3.8/site-packages/airflow/example_dags/example_external_task_marker_dag.py took 0.064 seconds
[2025-08-14T17:44:28.268+0000] {processor.py:161} INFO - Started process (PID=937) to work on /home/airflow/.local/lib/python3.8/site-packages/airflow/example_dags/example_external_task_marker_dag.py
[2025-08-14T17:44:28.269+0000] {processor.py:830} INFO - Processing file /home/airflow/.local/lib/python3.8/site-packages/airflow/example_dags/example_external_task_marker_dag.py for tasks to queue
[2025-08-14T17:44:28.270+0000] {logging_mixin.py:188} INFO - [2025-08-14T17:44:28.270+0000] {dagbag.py:540} INFO - Filling up the DagBag from /home/airflow/.local/lib/python3.8/site-packages/airflow/example_dags/example_external_task_marker_dag.py
[2025-08-14T17:44:28.275+0000] {processor.py:840} INFO - DAG(s) 'example_external_task_marker_parent', 'example_external_task_marker_child' retrieved from /home/airflow/.local/lib/python3.8/site-packages/airflow/example_dags/example_external_task_marker_dag.py
[2025-08-14T17:44:28.307+0000] {logging_mixin.py:188} INFO - [2025-08-14T17:44:28.307+0000] {dag.py:3047} INFO - Sync 2 DAGs
[2025-08-14T17:44:28.321+0000] {logging_mixin.py:188} INFO - [2025-08-14T17:44:28.320+0000] {dag.py:3834} INFO - Setting next_dagrun for example_external_task_marker_child to None, run_after=None
[2025-08-14T17:44:28.324+0000] {logging_mixin.py:188} INFO - [2025-08-14T17:44:28.324+0000] {dag.py:3834} INFO - Setting next_dagrun for example_external_task_marker_parent to None, run_after=None
[2025-08-14T17:44:28.335+0000] {processor.py:183} INFO - Processing /home/airflow/.local/lib/python3.8/site-packages/airflow/example_dags/example_external_task_marker_dag.py took 0.071 seconds
[2025-08-14T17:44:58.491+0000] {processor.py:161} INFO - Started process (PID=993) to work on /home/airflow/.local/lib/python3.8/site-packages/airflow/example_dags/example_external_task_marker_dag.py
[2025-08-14T17:44:58.493+0000] {processor.py:830} INFO - Processing file /home/airflow/.local/lib/python3.8/site-packages/airflow/example_dags/example_external_task_marker_dag.py for tasks to queue
[2025-08-14T17:44:58.494+0000] {logging_mixin.py:188} INFO - [2025-08-14T17:44:58.494+0000] {dagbag.py:540} INFO - Filling up the DagBag from /home/airflow/.local/lib/python3.8/site-packages/airflow/example_dags/example_external_task_marker_dag.py
[2025-08-14T17:44:58.497+0000] {processor.py:840} INFO - DAG(s) 'example_external_task_marker_parent', 'example_external_task_marker_child' retrieved from /home/airflow/.local/lib/python3.8/site-packages/airflow/example_dags/example_external_task_marker_dag.py
[2025-08-14T17:44:58.520+0000] {logging_mixin.py:188} INFO - [2025-08-14T17:44:58.519+0000] {dag.py:3047} INFO - Sync 2 DAGs
[2025-08-14T17:44:58.527+0000] {logging_mixin.py:188} INFO - [2025-08-14T17:44:58.526+0000] {dag.py:3834} INFO - Setting next_dagrun for example_external_task_marker_child to None, run_after=None
[2025-08-14T17:44:58.530+0000] {logging_mixin.py:188} INFO - [2025-08-14T17:44:58.530+0000] {dag.py:3834} INFO - Setting next_dagrun for example_external_task_marker_parent to None, run_after=None
[2025-08-14T17:44:58.539+0000] {processor.py:183} INFO - Processing /home/airflow/.local/lib/python3.8/site-packages/airflow/example_dags/example_external_task_marker_dag.py took 0.051 seconds
[2025-08-14T17:45:28.813+0000] {processor.py:161} INFO - Started process (PID=1049) to work on /home/airflow/.local/lib/python3.8/site-packages/airflow/example_dags/example_external_task_marker_dag.py
[2025-08-14T17:45:28.814+0000] {processor.py:830} INFO - Processing file /home/airflow/.local/lib/python3.8/site-packages/airflow/example_dags/example_external_task_marker_dag.py for tasks to queue
[2025-08-14T17:45:28.815+0000] {logging_mixin.py:188} INFO - [2025-08-14T17:45:28.815+0000] {dagbag.py:540} INFO - Filling up the DagBag from /home/airflow/.local/lib/python3.8/site-packages/airflow/example_dags/example_external_task_marker_dag.py
[2025-08-14T17:45:28.823+0000] {processor.py:840} INFO - DAG(s) 'example_external_task_marker_child', 'example_external_task_marker_parent' retrieved from /home/airflow/.local/lib/python3.8/site-packages/airflow/example_dags/example_external_task_marker_dag.py
[2025-08-14T17:45:28.840+0000] {logging_mixin.py:188} INFO - [2025-08-14T17:45:28.840+0000] {dag.py:3047} INFO - Sync 2 DAGs
[2025-08-14T17:45:28.848+0000] {logging_mixin.py:188} INFO - [2025-08-14T17:45:28.848+0000] {dag.py:3834} INFO - Setting next_dagrun for example_external_task_marker_child to None, run_after=None
[2025-08-14T17:45:28.853+0000] {logging_mixin.py:188} INFO - [2025-08-14T17:45:28.853+0000] {dag.py:3834} INFO - Setting next_dagrun for example_external_task_marker_parent to None, run_after=None
[2025-08-14T17:45:28.866+0000] {processor.py:183} INFO - Processing /home/airflow/.local/lib/python3.8/site-packages/airflow/example_dags/example_external_task_marker_dag.py took 0.055 seconds
[2025-08-14T17:45:59.502+0000] {processor.py:161} INFO - Started process (PID=1105) to work on /home/airflow/.local/lib/python3.8/site-packages/airflow/example_dags/example_external_task_marker_dag.py
[2025-08-14T17:45:59.504+0000] {processor.py:830} INFO - Processing file /home/airflow/.local/lib/python3.8/site-packages/airflow/example_dags/example_external_task_marker_dag.py for tasks to queue
[2025-08-14T17:45:59.505+0000] {logging_mixin.py:188} INFO - [2025-08-14T17:45:59.505+0000] {dagbag.py:540} INFO - Filling up the DagBag from /home/airflow/.local/lib/python3.8/site-packages/airflow/example_dags/example_external_task_marker_dag.py
[2025-08-14T17:45:59.509+0000] {processor.py:840} INFO - DAG(s) 'example_external_task_marker_child', 'example_external_task_marker_parent' retrieved from /home/airflow/.local/lib/python3.8/site-packages/airflow/example_dags/example_external_task_marker_dag.py
[2025-08-14T17:45:59.543+0000] {logging_mixin.py:188} INFO - [2025-08-14T17:45:59.542+0000] {dag.py:3047} INFO - Sync 2 DAGs
[2025-08-14T17:45:59.552+0000] {logging_mixin.py:188} INFO - [2025-08-14T17:45:59.552+0000] {dag.py:3834} INFO - Setting next_dagrun for example_external_task_marker_child to None, run_after=None
[2025-08-14T17:45:59.554+0000] {logging_mixin.py:188} INFO - [2025-08-14T17:45:59.554+0000] {dag.py:3834} INFO - Setting next_dagrun for example_external_task_marker_parent to None, run_after=None
[2025-08-14T17:45:59.565+0000] {processor.py:183} INFO - Processing /home/airflow/.local/lib/python3.8/site-packages/airflow/example_dags/example_external_task_marker_dag.py took 0.065 seconds
[2025-08-14T17:46:29.707+0000] {processor.py:161} INFO - Started process (PID=1161) to work on /home/airflow/.local/lib/python3.8/site-packages/airflow/example_dags/example_external_task_marker_dag.py
[2025-08-14T17:46:29.708+0000] {processor.py:830} INFO - Processing file /home/airflow/.local/lib/python3.8/site-packages/airflow/example_dags/example_external_task_marker_dag.py for tasks to queue
[2025-08-14T17:46:29.709+0000] {logging_mixin.py:188} INFO - [2025-08-14T17:46:29.709+0000] {dagbag.py:540} INFO - Filling up the DagBag from /home/airflow/.local/lib/python3.8/site-packages/airflow/example_dags/example_external_task_marker_dag.py
[2025-08-14T17:46:29.714+0000] {processor.py:840} INFO - DAG(s) 'example_external_task_marker_child', 'example_external_task_marker_parent' retrieved from /home/airflow/.local/lib/python3.8/site-packages/airflow/example_dags/example_external_task_marker_dag.py
[2025-08-14T17:46:29.736+0000] {logging_mixin.py:188} INFO - [2025-08-14T17:46:29.736+0000] {dag.py:3047} INFO - Sync 2 DAGs
[2025-08-14T17:46:29.749+0000] {logging_mixin.py:188} INFO - [2025-08-14T17:46:29.749+0000] {dag.py:3834} INFO - Setting next_dagrun for example_external_task_marker_child to None, run_after=None
[2025-08-14T17:46:29.754+0000] {logging_mixin.py:188} INFO - [2025-08-14T17:46:29.754+0000] {dag.py:3834} INFO - Setting next_dagrun for example_external_task_marker_parent to None, run_after=None
[2025-08-14T17:46:29.769+0000] {processor.py:183} INFO - Processing /home/airflow/.local/lib/python3.8/site-packages/airflow/example_dags/example_external_task_marker_dag.py took 0.065 seconds
[2025-08-14T17:46:59.886+0000] {processor.py:161} INFO - Started process (PID=1217) to work on /home/airflow/.local/lib/python3.8/site-packages/airflow/example_dags/example_external_task_marker_dag.py
[2025-08-14T17:46:59.887+0000] {processor.py:830} INFO - Processing file /home/airflow/.local/lib/python3.8/site-packages/airflow/example_dags/example_external_task_marker_dag.py for tasks to queue
[2025-08-14T17:46:59.891+0000] {logging_mixin.py:188} INFO - [2025-08-14T17:46:59.891+0000] {dagbag.py:540} INFO - Filling up the DagBag from /home/airflow/.local/lib/python3.8/site-packages/airflow/example_dags/example_external_task_marker_dag.py
[2025-08-14T17:46:59.895+0000] {processor.py:840} INFO - DAG(s) 'example_external_task_marker_parent', 'example_external_task_marker_child' retrieved from /home/airflow/.local/lib/python3.8/site-packages/airflow/example_dags/example_external_task_marker_dag.py
[2025-08-14T17:46:59.908+0000] {logging_mixin.py:188} INFO - [2025-08-14T17:46:59.908+0000] {dag.py:3047} INFO - Sync 2 DAGs
[2025-08-14T17:46:59.917+0000] {logging_mixin.py:188} INFO - [2025-08-14T17:46:59.917+0000] {dag.py:3834} INFO - Setting next_dagrun for example_external_task_marker_child to None, run_after=None
[2025-08-14T17:46:59.920+0000] {logging_mixin.py:188} INFO - [2025-08-14T17:46:59.920+0000] {dag.py:3834} INFO - Setting next_dagrun for example_external_task_marker_parent to None, run_after=None
[2025-08-14T17:46:59.935+0000] {processor.py:183} INFO - Processing /home/airflow/.local/lib/python3.8/site-packages/airflow/example_dags/example_external_task_marker_dag.py took 0.052 seconds
[2025-08-14T17:47:30.632+0000] {processor.py:161} INFO - Started process (PID=1273) to work on /home/airflow/.local/lib/python3.8/site-packages/airflow/example_dags/example_external_task_marker_dag.py
[2025-08-14T17:47:30.633+0000] {processor.py:830} INFO - Processing file /home/airflow/.local/lib/python3.8/site-packages/airflow/example_dags/example_external_task_marker_dag.py for tasks to queue
[2025-08-14T17:47:30.633+0000] {logging_mixin.py:188} INFO - [2025-08-14T17:47:30.633+0000] {dagbag.py:540} INFO - Filling up the DagBag from /home/airflow/.local/lib/python3.8/site-packages/airflow/example_dags/example_external_task_marker_dag.py
[2025-08-14T17:47:30.636+0000] {processor.py:840} INFO - DAG(s) 'example_external_task_marker_parent', 'example_external_task_marker_child' retrieved from /home/airflow/.local/lib/python3.8/site-packages/airflow/example_dags/example_external_task_marker_dag.py
[2025-08-14T17:47:30.655+0000] {logging_mixin.py:188} INFO - [2025-08-14T17:47:30.655+0000] {dag.py:3047} INFO - Sync 2 DAGs
[2025-08-14T17:47:30.665+0000] {logging_mixin.py:188} INFO - [2025-08-14T17:47:30.665+0000] {dag.py:3834} INFO - Setting next_dagrun for example_external_task_marker_child to None, run_after=None
[2025-08-14T17:47:30.668+0000] {logging_mixin.py:188} INFO - [2025-08-14T17:47:30.668+0000] {dag.py:3834} INFO - Setting next_dagrun for example_external_task_marker_parent to None, run_after=None
[2025-08-14T17:47:30.684+0000] {processor.py:183} INFO - Processing /home/airflow/.local/lib/python3.8/site-packages/airflow/example_dags/example_external_task_marker_dag.py took 0.054 seconds
[2025-08-14T17:48:00.911+0000] {processor.py:161} INFO - Started process (PID=1329) to work on /home/airflow/.local/lib/python3.8/site-packages/airflow/example_dags/example_external_task_marker_dag.py
[2025-08-14T17:48:00.912+0000] {processor.py:830} INFO - Processing file /home/airflow/.local/lib/python3.8/site-packages/airflow/example_dags/example_external_task_marker_dag.py for tasks to queue
[2025-08-14T17:48:00.914+0000] {logging_mixin.py:188} INFO - [2025-08-14T17:48:00.914+0000] {dagbag.py:540} INFO - Filling up the DagBag from /home/airflow/.local/lib/python3.8/site-packages/airflow/example_dags/example_external_task_marker_dag.py
[2025-08-14T17:48:00.917+0000] {processor.py:840} INFO - DAG(s) 'example_external_task_marker_parent', 'example_external_task_marker_child' retrieved from /home/airflow/.local/lib/python3.8/site-packages/airflow/example_dags/example_external_task_marker_dag.py
[2025-08-14T17:48:00.933+0000] {logging_mixin.py:188} INFO - [2025-08-14T17:48:00.933+0000] {dag.py:3047} INFO - Sync 2 DAGs
[2025-08-14T17:48:00.940+0000] {logging_mixin.py:188} INFO - [2025-08-14T17:48:00.940+0000] {dag.py:3834} INFO - Setting next_dagrun for example_external_task_marker_child to None, run_after=None
[2025-08-14T17:48:00.943+0000] {logging_mixin.py:188} INFO - [2025-08-14T17:48:00.943+0000] {dag.py:3834} INFO - Setting next_dagrun for example_external_task_marker_parent to None, run_after=None
[2025-08-14T17:48:00.953+0000] {processor.py:183} INFO - Processing /home/airflow/.local/lib/python3.8/site-packages/airflow/example_dags/example_external_task_marker_dag.py took 0.043 seconds
[2025-08-14T17:48:31.266+0000] {processor.py:161} INFO - Started process (PID=1385) to work on /home/airflow/.local/lib/python3.8/site-packages/airflow/example_dags/example_external_task_marker_dag.py
[2025-08-14T17:48:31.266+0000] {processor.py:830} INFO - Processing file /home/airflow/.local/lib/python3.8/site-packages/airflow/example_dags/example_external_task_marker_dag.py for tasks to queue
[2025-08-14T17:48:31.268+0000] {logging_mixin.py:188} INFO - [2025-08-14T17:48:31.267+0000] {dagbag.py:540} INFO - Filling up the DagBag from /home/airflow/.local/lib/python3.8/site-packages/airflow/example_dags/example_external_task_marker_dag.py
[2025-08-14T17:48:31.272+0000] {processor.py:840} INFO - DAG(s) 'example_external_task_marker_child', 'example_external_task_marker_parent' retrieved from /home/airflow/.local/lib/python3.8/site-packages/airflow/example_dags/example_external_task_marker_dag.py
[2025-08-14T17:48:31.288+0000] {logging_mixin.py:188} INFO - [2025-08-14T17:48:31.288+0000] {dag.py:3047} INFO - Sync 2 DAGs
[2025-08-14T17:48:31.297+0000] {logging_mixin.py:188} INFO - [2025-08-14T17:48:31.297+0000] {dag.py:3834} INFO - Setting next_dagrun for example_external_task_marker_child to None, run_after=None
[2025-08-14T17:48:31.299+0000] {logging_mixin.py:188} INFO - [2025-08-14T17:48:31.299+0000] {dag.py:3834} INFO - Setting next_dagrun for example_external_task_marker_parent to None, run_after=None
[2025-08-14T17:48:31.314+0000] {processor.py:183} INFO - Processing /home/airflow/.local/lib/python3.8/site-packages/airflow/example_dags/example_external_task_marker_dag.py took 0.051 seconds
[2025-08-14T17:49:01.976+0000] {processor.py:161} INFO - Started process (PID=1441) to work on /home/airflow/.local/lib/python3.8/site-packages/airflow/example_dags/example_external_task_marker_dag.py
[2025-08-14T17:49:01.977+0000] {processor.py:830} INFO - Processing file /home/airflow/.local/lib/python3.8/site-packages/airflow/example_dags/example_external_task_marker_dag.py for tasks to queue
[2025-08-14T17:49:01.978+0000] {logging_mixin.py:188} INFO - [2025-08-14T17:49:01.978+0000] {dagbag.py:540} INFO - Filling up the DagBag from /home/airflow/.local/lib/python3.8/site-packages/airflow/example_dags/example_external_task_marker_dag.py
[2025-08-14T17:49:01.982+0000] {processor.py:840} INFO - DAG(s) 'example_external_task_marker_child', 'example_external_task_marker_parent' retrieved from /home/airflow/.local/lib/python3.8/site-packages/airflow/example_dags/example_external_task_marker_dag.py
[2025-08-14T17:49:01.995+0000] {logging_mixin.py:188} INFO - [2025-08-14T17:49:01.995+0000] {dag.py:3047} INFO - Sync 2 DAGs
[2025-08-14T17:49:02.002+0000] {logging_mixin.py:188} INFO - [2025-08-14T17:49:02.002+0000] {dag.py:3834} INFO - Setting next_dagrun for example_external_task_marker_child to None, run_after=None
[2025-08-14T17:49:02.005+0000] {logging_mixin.py:188} INFO - [2025-08-14T17:49:02.005+0000] {dag.py:3834} INFO - Setting next_dagrun for example_external_task_marker_parent to None, run_after=None
[2025-08-14T17:49:02.022+0000] {processor.py:183} INFO - Processing /home/airflow/.local/lib/python3.8/site-packages/airflow/example_dags/example_external_task_marker_dag.py took 0.047 seconds
[2025-08-14T17:49:32.246+0000] {processor.py:161} INFO - Started process (PID=1497) to work on /home/airflow/.local/lib/python3.8/site-packages/airflow/example_dags/example_external_task_marker_dag.py
[2025-08-14T17:49:32.247+0000] {processor.py:830} INFO - Processing file /home/airflow/.local/lib/python3.8/site-packages/airflow/example_dags/example_external_task_marker_dag.py for tasks to queue
[2025-08-14T17:49:32.249+0000] {logging_mixin.py:188} INFO - [2025-08-14T17:49:32.249+0000] {dagbag.py:540} INFO - Filling up the DagBag from /home/airflow/.local/lib/python3.8/site-packages/airflow/example_dags/example_external_task_marker_dag.py
[2025-08-14T17:49:32.253+0000] {processor.py:840} INFO - DAG(s) 'example_external_task_marker_child', 'example_external_task_marker_parent' retrieved from /home/airflow/.local/lib/python3.8/site-packages/airflow/example_dags/example_external_task_marker_dag.py
[2025-08-14T17:49:32.267+0000] {logging_mixin.py:188} INFO - [2025-08-14T17:49:32.267+0000] {dag.py:3047} INFO - Sync 2 DAGs
[2025-08-14T17:49:32.275+0000] {logging_mixin.py:188} INFO - [2025-08-14T17:49:32.274+0000] {dag.py:3834} INFO - Setting next_dagrun for example_external_task_marker_child to None, run_after=None
[2025-08-14T17:49:32.277+0000] {logging_mixin.py:188} INFO - [2025-08-14T17:49:32.277+0000] {dag.py:3834} INFO - Setting next_dagrun for example_external_task_marker_parent to None, run_after=None
[2025-08-14T17:49:32.288+0000] {processor.py:183} INFO - Processing /home/airflow/.local/lib/python3.8/site-packages/airflow/example_dags/example_external_task_marker_dag.py took 0.044 seconds
[2025-08-14T17:50:03.460+0000] {processor.py:161} INFO - Started process (PID=1553) to work on /home/airflow/.local/lib/python3.8/site-packages/airflow/example_dags/example_external_task_marker_dag.py
[2025-08-14T17:50:03.461+0000] {processor.py:830} INFO - Processing file /home/airflow/.local/lib/python3.8/site-packages/airflow/example_dags/example_external_task_marker_dag.py for tasks to queue
[2025-08-14T17:50:03.462+0000] {logging_mixin.py:188} INFO - [2025-08-14T17:50:03.462+0000] {dagbag.py:540} INFO - Filling up the DagBag from /home/airflow/.local/lib/python3.8/site-packages/airflow/example_dags/example_external_task_marker_dag.py
[2025-08-14T17:50:03.467+0000] {processor.py:840} INFO - DAG(s) 'example_external_task_marker_child', 'example_external_task_marker_parent' retrieved from /home/airflow/.local/lib/python3.8/site-packages/airflow/example_dags/example_external_task_marker_dag.py
[2025-08-14T17:50:03.535+0000] {logging_mixin.py:188} INFO - [2025-08-14T17:50:03.534+0000] {dag.py:3047} INFO - Sync 2 DAGs
[2025-08-14T17:50:03.560+0000] {logging_mixin.py:188} INFO - [2025-08-14T17:50:03.560+0000] {dag.py:3834} INFO - Setting next_dagrun for example_external_task_marker_child to None, run_after=None
[2025-08-14T17:50:03.564+0000] {logging_mixin.py:188} INFO - [2025-08-14T17:50:03.564+0000] {dag.py:3834} INFO - Setting next_dagrun for example_external_task_marker_parent to None, run_after=None
[2025-08-14T17:50:03.589+0000] {processor.py:183} INFO - Processing /home/airflow/.local/lib/python3.8/site-packages/airflow/example_dags/example_external_task_marker_dag.py took 0.131 seconds
[2025-08-14T17:50:33.734+0000] {processor.py:161} INFO - Started process (PID=1609) to work on /home/airflow/.local/lib/python3.8/site-packages/airflow/example_dags/example_external_task_marker_dag.py
[2025-08-14T17:50:33.737+0000] {processor.py:830} INFO - Processing file /home/airflow/.local/lib/python3.8/site-packages/airflow/example_dags/example_external_task_marker_dag.py for tasks to queue
[2025-08-14T17:50:33.739+0000] {logging_mixin.py:188} INFO - [2025-08-14T17:50:33.739+0000] {dagbag.py:540} INFO - Filling up the DagBag from /home/airflow/.local/lib/python3.8/site-packages/airflow/example_dags/example_external_task_marker_dag.py
[2025-08-14T17:50:33.744+0000] {processor.py:840} INFO - DAG(s) 'example_external_task_marker_parent', 'example_external_task_marker_child' retrieved from /home/airflow/.local/lib/python3.8/site-packages/airflow/example_dags/example_external_task_marker_dag.py
[2025-08-14T17:50:33.758+0000] {logging_mixin.py:188} INFO - [2025-08-14T17:50:33.758+0000] {dag.py:3047} INFO - Sync 2 DAGs
[2025-08-14T17:50:33.765+0000] {logging_mixin.py:188} INFO - [2025-08-14T17:50:33.765+0000] {dag.py:3834} INFO - Setting next_dagrun for example_external_task_marker_child to None, run_after=None
[2025-08-14T17:50:33.767+0000] {logging_mixin.py:188} INFO - [2025-08-14T17:50:33.767+0000] {dag.py:3834} INFO - Setting next_dagrun for example_external_task_marker_parent to None, run_after=None
[2025-08-14T17:50:33.776+0000] {processor.py:183} INFO - Processing /home/airflow/.local/lib/python3.8/site-packages/airflow/example_dags/example_external_task_marker_dag.py took 0.044 seconds
[2025-08-14T17:51:04.592+0000] {processor.py:161} INFO - Started process (PID=1665) to work on /home/airflow/.local/lib/python3.8/site-packages/airflow/example_dags/example_external_task_marker_dag.py
[2025-08-14T17:51:04.593+0000] {processor.py:830} INFO - Processing file /home/airflow/.local/lib/python3.8/site-packages/airflow/example_dags/example_external_task_marker_dag.py for tasks to queue
[2025-08-14T17:51:04.594+0000] {logging_mixin.py:188} INFO - [2025-08-14T17:51:04.594+0000] {dagbag.py:540} INFO - Filling up the DagBag from /home/airflow/.local/lib/python3.8/site-packages/airflow/example_dags/example_external_task_marker_dag.py
[2025-08-14T17:51:04.597+0000] {processor.py:840} INFO - DAG(s) 'example_external_task_marker_parent', 'example_external_task_marker_child' retrieved from /home/airflow/.local/lib/python3.8/site-packages/airflow/example_dags/example_external_task_marker_dag.py
[2025-08-14T17:51:04.614+0000] {logging_mixin.py:188} INFO - [2025-08-14T17:51:04.614+0000] {dag.py:3047} INFO - Sync 2 DAGs
[2025-08-14T17:51:04.619+0000] {logging_mixin.py:188} INFO - [2025-08-14T17:51:04.619+0000] {dag.py:3834} INFO - Setting next_dagrun for example_external_task_marker_child to None, run_after=None
[2025-08-14T17:51:04.621+0000] {logging_mixin.py:188} INFO - [2025-08-14T17:51:04.621+0000] {dag.py:3834} INFO - Setting next_dagrun for example_external_task_marker_parent to None, run_after=None
[2025-08-14T17:51:04.628+0000] {processor.py:183} INFO - Processing /home/airflow/.local/lib/python3.8/site-packages/airflow/example_dags/example_external_task_marker_dag.py took 0.038 seconds
[2025-08-14T17:51:35.115+0000] {processor.py:161} INFO - Started process (PID=1721) to work on /home/airflow/.local/lib/python3.8/site-packages/airflow/example_dags/example_external_task_marker_dag.py
[2025-08-14T17:51:35.117+0000] {processor.py:830} INFO - Processing file /home/airflow/.local/lib/python3.8/site-packages/airflow/example_dags/example_external_task_marker_dag.py for tasks to queue
[2025-08-14T17:51:35.118+0000] {logging_mixin.py:188} INFO - [2025-08-14T17:51:35.118+0000] {dagbag.py:540} INFO - Filling up the DagBag from /home/airflow/.local/lib/python3.8/site-packages/airflow/example_dags/example_external_task_marker_dag.py
[2025-08-14T17:51:35.122+0000] {processor.py:840} INFO - DAG(s) 'example_external_task_marker_parent', 'example_external_task_marker_child' retrieved from /home/airflow/.local/lib/python3.8/site-packages/airflow/example_dags/example_external_task_marker_dag.py
[2025-08-14T17:51:35.136+0000] {logging_mixin.py:188} INFO - [2025-08-14T17:51:35.136+0000] {dag.py:3047} INFO - Sync 2 DAGs
[2025-08-14T17:51:35.142+0000] {logging_mixin.py:188} INFO - [2025-08-14T17:51:35.142+0000] {dag.py:3834} INFO - Setting next_dagrun for example_external_task_marker_child to None, run_after=None
[2025-08-14T17:51:35.144+0000] {logging_mixin.py:188} INFO - [2025-08-14T17:51:35.144+0000] {dag.py:3834} INFO - Setting next_dagrun for example_external_task_marker_parent to None, run_after=None
[2025-08-14T17:51:35.155+0000] {processor.py:183} INFO - Processing /home/airflow/.local/lib/python3.8/site-packages/airflow/example_dags/example_external_task_marker_dag.py took 0.042 seconds
[2025-08-14T17:52:05.848+0000] {processor.py:161} INFO - Started process (PID=1777) to work on /home/airflow/.local/lib/python3.8/site-packages/airflow/example_dags/example_external_task_marker_dag.py
[2025-08-14T17:52:05.850+0000] {processor.py:830} INFO - Processing file /home/airflow/.local/lib/python3.8/site-packages/airflow/example_dags/example_external_task_marker_dag.py for tasks to queue
[2025-08-14T17:52:05.852+0000] {logging_mixin.py:188} INFO - [2025-08-14T17:52:05.852+0000] {dagbag.py:540} INFO - Filling up the DagBag from /home/airflow/.local/lib/python3.8/site-packages/airflow/example_dags/example_external_task_marker_dag.py
[2025-08-14T17:52:05.858+0000] {processor.py:840} INFO - DAG(s) 'example_external_task_marker_parent', 'example_external_task_marker_child' retrieved from /home/airflow/.local/lib/python3.8/site-packages/airflow/example_dags/example_external_task_marker_dag.py
[2025-08-14T17:52:05.877+0000] {logging_mixin.py:188} INFO - [2025-08-14T17:52:05.876+0000] {dag.py:3047} INFO - Sync 2 DAGs
[2025-08-14T17:52:05.885+0000] {logging_mixin.py:188} INFO - [2025-08-14T17:52:05.884+0000] {dag.py:3834} INFO - Setting next_dagrun for example_external_task_marker_child to None, run_after=None
[2025-08-14T17:52:05.887+0000] {logging_mixin.py:188} INFO - [2025-08-14T17:52:05.887+0000] {dag.py:3834} INFO - Setting next_dagrun for example_external_task_marker_parent to None, run_after=None
[2025-08-14T17:52:05.910+0000] {processor.py:183} INFO - Processing /home/airflow/.local/lib/python3.8/site-packages/airflow/example_dags/example_external_task_marker_dag.py took 0.069 seconds
[2025-08-14T17:52:36.025+0000] {processor.py:161} INFO - Started process (PID=1833) to work on /home/airflow/.local/lib/python3.8/site-packages/airflow/example_dags/example_external_task_marker_dag.py
[2025-08-14T17:52:36.027+0000] {processor.py:830} INFO - Processing file /home/airflow/.local/lib/python3.8/site-packages/airflow/example_dags/example_external_task_marker_dag.py for tasks to queue
[2025-08-14T17:52:36.029+0000] {logging_mixin.py:188} INFO - [2025-08-14T17:52:36.028+0000] {dagbag.py:540} INFO - Filling up the DagBag from /home/airflow/.local/lib/python3.8/site-packages/airflow/example_dags/example_external_task_marker_dag.py
[2025-08-14T17:52:36.033+0000] {processor.py:840} INFO - DAG(s) 'example_external_task_marker_parent', 'example_external_task_marker_child' retrieved from /home/airflow/.local/lib/python3.8/site-packages/airflow/example_dags/example_external_task_marker_dag.py
[2025-08-14T17:52:36.048+0000] {logging_mixin.py:188} INFO - [2025-08-14T17:52:36.048+0000] {dag.py:3047} INFO - Sync 2 DAGs
[2025-08-14T17:52:36.054+0000] {logging_mixin.py:188} INFO - [2025-08-14T17:52:36.054+0000] {dag.py:3834} INFO - Setting next_dagrun for example_external_task_marker_child to None, run_after=None
[2025-08-14T17:52:36.059+0000] {logging_mixin.py:188} INFO - [2025-08-14T17:52:36.059+0000] {dag.py:3834} INFO - Setting next_dagrun for example_external_task_marker_parent to None, run_after=None
[2025-08-14T17:52:36.075+0000] {processor.py:183} INFO - Processing /home/airflow/.local/lib/python3.8/site-packages/airflow/example_dags/example_external_task_marker_dag.py took 0.051 seconds
[2025-08-14T17:53:07.003+0000] {processor.py:161} INFO - Started process (PID=1889) to work on /home/airflow/.local/lib/python3.8/site-packages/airflow/example_dags/example_external_task_marker_dag.py
[2025-08-14T17:53:07.006+0000] {processor.py:830} INFO - Processing file /home/airflow/.local/lib/python3.8/site-packages/airflow/example_dags/example_external_task_marker_dag.py for tasks to queue
[2025-08-14T17:53:07.007+0000] {logging_mixin.py:188} INFO - [2025-08-14T17:53:07.007+0000] {dagbag.py:540} INFO - Filling up the DagBag from /home/airflow/.local/lib/python3.8/site-packages/airflow/example_dags/example_external_task_marker_dag.py
[2025-08-14T17:53:07.011+0000] {processor.py:840} INFO - DAG(s) 'example_external_task_marker_parent', 'example_external_task_marker_child' retrieved from /home/airflow/.local/lib/python3.8/site-packages/airflow/example_dags/example_external_task_marker_dag.py
[2025-08-14T17:53:07.023+0000] {logging_mixin.py:188} INFO - [2025-08-14T17:53:07.023+0000] {dag.py:3047} INFO - Sync 2 DAGs
[2025-08-14T17:53:07.029+0000] {logging_mixin.py:188} INFO - [2025-08-14T17:53:07.029+0000] {dag.py:3834} INFO - Setting next_dagrun for example_external_task_marker_child to None, run_after=None
[2025-08-14T17:53:07.032+0000] {logging_mixin.py:188} INFO - [2025-08-14T17:53:07.032+0000] {dag.py:3834} INFO - Setting next_dagrun for example_external_task_marker_parent to None, run_after=None
[2025-08-14T17:53:07.049+0000] {processor.py:183} INFO - Processing /home/airflow/.local/lib/python3.8/site-packages/airflow/example_dags/example_external_task_marker_dag.py took 0.048 seconds
[2025-08-14T17:53:37.216+0000] {processor.py:161} INFO - Started process (PID=1945) to work on /home/airflow/.local/lib/python3.8/site-packages/airflow/example_dags/example_external_task_marker_dag.py
[2025-08-14T17:53:37.219+0000] {processor.py:830} INFO - Processing file /home/airflow/.local/lib/python3.8/site-packages/airflow/example_dags/example_external_task_marker_dag.py for tasks to queue
[2025-08-14T17:53:37.220+0000] {logging_mixin.py:188} INFO - [2025-08-14T17:53:37.220+0000] {dagbag.py:540} INFO - Filling up the DagBag from /home/airflow/.local/lib/python3.8/site-packages/airflow/example_dags/example_external_task_marker_dag.py
[2025-08-14T17:53:37.223+0000] {processor.py:840} INFO - DAG(s) 'example_external_task_marker_child', 'example_external_task_marker_parent' retrieved from /home/airflow/.local/lib/python3.8/site-packages/airflow/example_dags/example_external_task_marker_dag.py
[2025-08-14T17:53:37.236+0000] {logging_mixin.py:188} INFO - [2025-08-14T17:53:37.236+0000] {dag.py:3047} INFO - Sync 2 DAGs
[2025-08-14T17:53:37.246+0000] {logging_mixin.py:188} INFO - [2025-08-14T17:53:37.246+0000] {dag.py:3834} INFO - Setting next_dagrun for example_external_task_marker_child to None, run_after=None
[2025-08-14T17:53:37.250+0000] {logging_mixin.py:188} INFO - [2025-08-14T17:53:37.250+0000] {dag.py:3834} INFO - Setting next_dagrun for example_external_task_marker_parent to None, run_after=None
[2025-08-14T17:53:37.261+0000] {processor.py:183} INFO - Processing /home/airflow/.local/lib/python3.8/site-packages/airflow/example_dags/example_external_task_marker_dag.py took 0.047 seconds
[2025-08-14T17:54:07.430+0000] {processor.py:161} INFO - Started process (PID=2001) to work on /home/airflow/.local/lib/python3.8/site-packages/airflow/example_dags/example_external_task_marker_dag.py
[2025-08-14T17:54:07.431+0000] {processor.py:830} INFO - Processing file /home/airflow/.local/lib/python3.8/site-packages/airflow/example_dags/example_external_task_marker_dag.py for tasks to queue
[2025-08-14T17:54:07.432+0000] {logging_mixin.py:188} INFO - [2025-08-14T17:54:07.432+0000] {dagbag.py:540} INFO - Filling up the DagBag from /home/airflow/.local/lib/python3.8/site-packages/airflow/example_dags/example_external_task_marker_dag.py
[2025-08-14T17:54:07.437+0000] {processor.py:840} INFO - DAG(s) 'example_external_task_marker_child', 'example_external_task_marker_parent' retrieved from /home/airflow/.local/lib/python3.8/site-packages/airflow/example_dags/example_external_task_marker_dag.py
[2025-08-14T17:54:07.458+0000] {logging_mixin.py:188} INFO - [2025-08-14T17:54:07.458+0000] {dag.py:3047} INFO - Sync 2 DAGs
[2025-08-14T17:54:07.466+0000] {logging_mixin.py:188} INFO - [2025-08-14T17:54:07.466+0000] {dag.py:3834} INFO - Setting next_dagrun for example_external_task_marker_child to None, run_after=None
[2025-08-14T17:54:07.468+0000] {logging_mixin.py:188} INFO - [2025-08-14T17:54:07.468+0000] {dag.py:3834} INFO - Setting next_dagrun for example_external_task_marker_parent to None, run_after=None
[2025-08-14T17:54:07.481+0000] {processor.py:183} INFO - Processing /home/airflow/.local/lib/python3.8/site-packages/airflow/example_dags/example_external_task_marker_dag.py took 0.052 seconds
[2025-08-14T17:54:37.803+0000] {processor.py:161} INFO - Started process (PID=2057) to work on /home/airflow/.local/lib/python3.8/site-packages/airflow/example_dags/example_external_task_marker_dag.py
[2025-08-14T17:54:37.805+0000] {processor.py:830} INFO - Processing file /home/airflow/.local/lib/python3.8/site-packages/airflow/example_dags/example_external_task_marker_dag.py for tasks to queue
[2025-08-14T17:54:37.806+0000] {logging_mixin.py:188} INFO - [2025-08-14T17:54:37.806+0000] {dagbag.py:540} INFO - Filling up the DagBag from /home/airflow/.local/lib/python3.8/site-packages/airflow/example_dags/example_external_task_marker_dag.py
[2025-08-14T17:54:37.809+0000] {processor.py:840} INFO - DAG(s) 'example_external_task_marker_child', 'example_external_task_marker_parent' retrieved from /home/airflow/.local/lib/python3.8/site-packages/airflow/example_dags/example_external_task_marker_dag.py
[2025-08-14T17:54:37.824+0000] {logging_mixin.py:188} INFO - [2025-08-14T17:54:37.824+0000] {dag.py:3047} INFO - Sync 2 DAGs
[2025-08-14T17:54:37.831+0000] {logging_mixin.py:188} INFO - [2025-08-14T17:54:37.831+0000] {dag.py:3834} INFO - Setting next_dagrun for example_external_task_marker_child to None, run_after=None
[2025-08-14T17:54:37.834+0000] {logging_mixin.py:188} INFO - [2025-08-14T17:54:37.834+0000] {dag.py:3834} INFO - Setting next_dagrun for example_external_task_marker_parent to None, run_after=None
[2025-08-14T17:54:37.842+0000] {processor.py:183} INFO - Processing /home/airflow/.local/lib/python3.8/site-packages/airflow/example_dags/example_external_task_marker_dag.py took 0.041 seconds
[2025-08-14T17:55:08.357+0000] {processor.py:161} INFO - Started process (PID=2113) to work on /home/airflow/.local/lib/python3.8/site-packages/airflow/example_dags/example_external_task_marker_dag.py
[2025-08-14T17:55:08.358+0000] {processor.py:830} INFO - Processing file /home/airflow/.local/lib/python3.8/site-packages/airflow/example_dags/example_external_task_marker_dag.py for tasks to queue
[2025-08-14T17:55:08.359+0000] {logging_mixin.py:188} INFO - [2025-08-14T17:55:08.359+0000] {dagbag.py:540} INFO - Filling up the DagBag from /home/airflow/.local/lib/python3.8/site-packages/airflow/example_dags/example_external_task_marker_dag.py
[2025-08-14T17:55:08.362+0000] {processor.py:840} INFO - DAG(s) 'example_external_task_marker_child', 'example_external_task_marker_parent' retrieved from /home/airflow/.local/lib/python3.8/site-packages/airflow/example_dags/example_external_task_marker_dag.py
[2025-08-14T17:55:08.380+0000] {logging_mixin.py:188} INFO - [2025-08-14T17:55:08.380+0000] {dag.py:3047} INFO - Sync 2 DAGs
[2025-08-14T17:55:08.388+0000] {logging_mixin.py:188} INFO - [2025-08-14T17:55:08.388+0000] {dag.py:3834} INFO - Setting next_dagrun for example_external_task_marker_child to None, run_after=None
[2025-08-14T17:55:08.392+0000] {logging_mixin.py:188} INFO - [2025-08-14T17:55:08.392+0000] {dag.py:3834} INFO - Setting next_dagrun for example_external_task_marker_parent to None, run_after=None
[2025-08-14T17:55:08.407+0000] {processor.py:183} INFO - Processing /home/airflow/.local/lib/python3.8/site-packages/airflow/example_dags/example_external_task_marker_dag.py took 0.051 seconds
[2025-08-14T17:55:38.965+0000] {processor.py:161} INFO - Started process (PID=2169) to work on /home/airflow/.local/lib/python3.8/site-packages/airflow/example_dags/example_external_task_marker_dag.py
[2025-08-14T17:55:38.966+0000] {processor.py:830} INFO - Processing file /home/airflow/.local/lib/python3.8/site-packages/airflow/example_dags/example_external_task_marker_dag.py for tasks to queue
[2025-08-14T17:55:38.968+0000] {logging_mixin.py:188} INFO - [2025-08-14T17:55:38.968+0000] {dagbag.py:540} INFO - Filling up the DagBag from /home/airflow/.local/lib/python3.8/site-packages/airflow/example_dags/example_external_task_marker_dag.py
[2025-08-14T17:55:38.971+0000] {processor.py:840} INFO - DAG(s) 'example_external_task_marker_parent', 'example_external_task_marker_child' retrieved from /home/airflow/.local/lib/python3.8/site-packages/airflow/example_dags/example_external_task_marker_dag.py
[2025-08-14T17:55:38.989+0000] {logging_mixin.py:188} INFO - [2025-08-14T17:55:38.989+0000] {dag.py:3047} INFO - Sync 2 DAGs
[2025-08-14T17:55:39.000+0000] {logging_mixin.py:188} INFO - [2025-08-14T17:55:39.000+0000] {dag.py:3834} INFO - Setting next_dagrun for example_external_task_marker_child to None, run_after=None
[2025-08-14T17:55:39.004+0000] {logging_mixin.py:188} INFO - [2025-08-14T17:55:39.004+0000] {dag.py:3834} INFO - Setting next_dagrun for example_external_task_marker_parent to None, run_after=None
[2025-08-14T17:55:39.019+0000] {processor.py:183} INFO - Processing /home/airflow/.local/lib/python3.8/site-packages/airflow/example_dags/example_external_task_marker_dag.py took 0.056 seconds
[2025-08-14T17:56:09.528+0000] {processor.py:161} INFO - Started process (PID=2225) to work on /home/airflow/.local/lib/python3.8/site-packages/airflow/example_dags/example_external_task_marker_dag.py
[2025-08-14T17:56:09.530+0000] {processor.py:830} INFO - Processing file /home/airflow/.local/lib/python3.8/site-packages/airflow/example_dags/example_external_task_marker_dag.py for tasks to queue
[2025-08-14T17:56:09.531+0000] {logging_mixin.py:188} INFO - [2025-08-14T17:56:09.531+0000] {dagbag.py:540} INFO - Filling up the DagBag from /home/airflow/.local/lib/python3.8/site-packages/airflow/example_dags/example_external_task_marker_dag.py
[2025-08-14T17:56:09.534+0000] {processor.py:840} INFO - DAG(s) 'example_external_task_marker_parent', 'example_external_task_marker_child' retrieved from /home/airflow/.local/lib/python3.8/site-packages/airflow/example_dags/example_external_task_marker_dag.py
[2025-08-14T17:56:09.557+0000] {logging_mixin.py:188} INFO - [2025-08-14T17:56:09.557+0000] {dag.py:3047} INFO - Sync 2 DAGs
[2025-08-14T17:56:09.565+0000] {logging_mixin.py:188} INFO - [2025-08-14T17:56:09.564+0000] {dag.py:3834} INFO - Setting next_dagrun for example_external_task_marker_child to None, run_after=None
[2025-08-14T17:56:09.569+0000] {logging_mixin.py:188} INFO - [2025-08-14T17:56:09.569+0000] {dag.py:3834} INFO - Setting next_dagrun for example_external_task_marker_parent to None, run_after=None
[2025-08-14T17:56:09.583+0000] {processor.py:183} INFO - Processing /home/airflow/.local/lib/python3.8/site-packages/airflow/example_dags/example_external_task_marker_dag.py took 0.057 seconds
[2025-08-14T17:56:39.826+0000] {processor.py:161} INFO - Started process (PID=2281) to work on /home/airflow/.local/lib/python3.8/site-packages/airflow/example_dags/example_external_task_marker_dag.py
[2025-08-14T17:56:39.827+0000] {processor.py:830} INFO - Processing file /home/airflow/.local/lib/python3.8/site-packages/airflow/example_dags/example_external_task_marker_dag.py for tasks to queue
[2025-08-14T17:56:39.828+0000] {logging_mixin.py:188} INFO - [2025-08-14T17:56:39.828+0000] {dagbag.py:540} INFO - Filling up the DagBag from /home/airflow/.local/lib/python3.8/site-packages/airflow/example_dags/example_external_task_marker_dag.py
[2025-08-14T17:56:39.833+0000] {processor.py:840} INFO - DAG(s) 'example_external_task_marker_parent', 'example_external_task_marker_child' retrieved from /home/airflow/.local/lib/python3.8/site-packages/airflow/example_dags/example_external_task_marker_dag.py
[2025-08-14T17:56:39.852+0000] {logging_mixin.py:188} INFO - [2025-08-14T17:56:39.851+0000] {dag.py:3047} INFO - Sync 2 DAGs
[2025-08-14T17:56:39.860+0000] {logging_mixin.py:188} INFO - [2025-08-14T17:56:39.860+0000] {dag.py:3834} INFO - Setting next_dagrun for example_external_task_marker_child to None, run_after=None
[2025-08-14T17:56:39.863+0000] {logging_mixin.py:188} INFO - [2025-08-14T17:56:39.863+0000] {dag.py:3834} INFO - Setting next_dagrun for example_external_task_marker_parent to None, run_after=None
[2025-08-14T17:56:39.878+0000] {processor.py:183} INFO - Processing /home/airflow/.local/lib/python3.8/site-packages/airflow/example_dags/example_external_task_marker_dag.py took 0.055 seconds
[2025-08-14T17:57:10.216+0000] {processor.py:161} INFO - Started process (PID=2337) to work on /home/airflow/.local/lib/python3.8/site-packages/airflow/example_dags/example_external_task_marker_dag.py
[2025-08-14T17:57:10.218+0000] {processor.py:830} INFO - Processing file /home/airflow/.local/lib/python3.8/site-packages/airflow/example_dags/example_external_task_marker_dag.py for tasks to queue
[2025-08-14T17:57:10.220+0000] {logging_mixin.py:188} INFO - [2025-08-14T17:57:10.219+0000] {dagbag.py:540} INFO - Filling up the DagBag from /home/airflow/.local/lib/python3.8/site-packages/airflow/example_dags/example_external_task_marker_dag.py
[2025-08-14T17:57:10.224+0000] {processor.py:840} INFO - DAG(s) 'example_external_task_marker_parent', 'example_external_task_marker_child' retrieved from /home/airflow/.local/lib/python3.8/site-packages/airflow/example_dags/example_external_task_marker_dag.py
[2025-08-14T17:57:10.239+0000] {logging_mixin.py:188} INFO - [2025-08-14T17:57:10.239+0000] {dag.py:3047} INFO - Sync 2 DAGs
[2025-08-14T17:57:10.246+0000] {logging_mixin.py:188} INFO - [2025-08-14T17:57:10.246+0000] {dag.py:3834} INFO - Setting next_dagrun for example_external_task_marker_child to None, run_after=None
[2025-08-14T17:57:10.253+0000] {logging_mixin.py:188} INFO - [2025-08-14T17:57:10.252+0000] {dag.py:3834} INFO - Setting next_dagrun for example_external_task_marker_parent to None, run_after=None
[2025-08-14T17:57:10.271+0000] {processor.py:183} INFO - Processing /home/airflow/.local/lib/python3.8/site-packages/airflow/example_dags/example_external_task_marker_dag.py took 0.057 seconds
[2025-08-14T17:57:40.668+0000] {processor.py:161} INFO - Started process (PID=2393) to work on /home/airflow/.local/lib/python3.8/site-packages/airflow/example_dags/example_external_task_marker_dag.py
[2025-08-14T17:57:40.669+0000] {processor.py:830} INFO - Processing file /home/airflow/.local/lib/python3.8/site-packages/airflow/example_dags/example_external_task_marker_dag.py for tasks to queue
[2025-08-14T17:57:40.670+0000] {logging_mixin.py:188} INFO - [2025-08-14T17:57:40.670+0000] {dagbag.py:540} INFO - Filling up the DagBag from /home/airflow/.local/lib/python3.8/site-packages/airflow/example_dags/example_external_task_marker_dag.py
[2025-08-14T17:57:40.674+0000] {processor.py:840} INFO - DAG(s) 'example_external_task_marker_parent', 'example_external_task_marker_child' retrieved from /home/airflow/.local/lib/python3.8/site-packages/airflow/example_dags/example_external_task_marker_dag.py
[2025-08-14T17:57:40.689+0000] {logging_mixin.py:188} INFO - [2025-08-14T17:57:40.689+0000] {dag.py:3047} INFO - Sync 2 DAGs
[2025-08-14T17:57:40.695+0000] {logging_mixin.py:188} INFO - [2025-08-14T17:57:40.695+0000] {dag.py:3834} INFO - Setting next_dagrun for example_external_task_marker_child to None, run_after=None
[2025-08-14T17:57:40.697+0000] {logging_mixin.py:188} INFO - [2025-08-14T17:57:40.697+0000] {dag.py:3834} INFO - Setting next_dagrun for example_external_task_marker_parent to None, run_after=None
[2025-08-14T17:57:40.710+0000] {processor.py:183} INFO - Processing /home/airflow/.local/lib/python3.8/site-packages/airflow/example_dags/example_external_task_marker_dag.py took 0.044 seconds
[2025-08-14T17:58:11.568+0000] {processor.py:161} INFO - Started process (PID=2449) to work on /home/airflow/.local/lib/python3.8/site-packages/airflow/example_dags/example_external_task_marker_dag.py
[2025-08-14T17:58:11.569+0000] {processor.py:830} INFO - Processing file /home/airflow/.local/lib/python3.8/site-packages/airflow/example_dags/example_external_task_marker_dag.py for tasks to queue
[2025-08-14T17:58:11.570+0000] {logging_mixin.py:188} INFO - [2025-08-14T17:58:11.570+0000] {dagbag.py:540} INFO - Filling up the DagBag from /home/airflow/.local/lib/python3.8/site-packages/airflow/example_dags/example_external_task_marker_dag.py
[2025-08-14T17:58:11.578+0000] {processor.py:840} INFO - DAG(s) 'example_external_task_marker_child', 'example_external_task_marker_parent' retrieved from /home/airflow/.local/lib/python3.8/site-packages/airflow/example_dags/example_external_task_marker_dag.py
[2025-08-14T17:58:11.602+0000] {logging_mixin.py:188} INFO - [2025-08-14T17:58:11.601+0000] {dag.py:3047} INFO - Sync 2 DAGs
[2025-08-14T17:58:11.611+0000] {logging_mixin.py:188} INFO - [2025-08-14T17:58:11.611+0000] {dag.py:3834} INFO - Setting next_dagrun for example_external_task_marker_child to None, run_after=None
[2025-08-14T17:58:11.613+0000] {logging_mixin.py:188} INFO - [2025-08-14T17:58:11.613+0000] {dag.py:3834} INFO - Setting next_dagrun for example_external_task_marker_parent to None, run_after=None
[2025-08-14T17:58:11.630+0000] {processor.py:183} INFO - Processing /home/airflow/.local/lib/python3.8/site-packages/airflow/example_dags/example_external_task_marker_dag.py took 0.065 seconds
[2025-08-14T17:58:42.455+0000] {processor.py:161} INFO - Started process (PID=2505) to work on /home/airflow/.local/lib/python3.8/site-packages/airflow/example_dags/example_external_task_marker_dag.py
[2025-08-14T17:58:42.456+0000] {processor.py:830} INFO - Processing file /home/airflow/.local/lib/python3.8/site-packages/airflow/example_dags/example_external_task_marker_dag.py for tasks to queue
[2025-08-14T17:58:42.459+0000] {logging_mixin.py:188} INFO - [2025-08-14T17:58:42.458+0000] {dagbag.py:540} INFO - Filling up the DagBag from /home/airflow/.local/lib/python3.8/site-packages/airflow/example_dags/example_external_task_marker_dag.py
[2025-08-14T17:58:42.462+0000] {processor.py:840} INFO - DAG(s) 'example_external_task_marker_parent', 'example_external_task_marker_child' retrieved from /home/airflow/.local/lib/python3.8/site-packages/airflow/example_dags/example_external_task_marker_dag.py
[2025-08-14T17:58:42.482+0000] {logging_mixin.py:188} INFO - [2025-08-14T17:58:42.482+0000] {dag.py:3047} INFO - Sync 2 DAGs
[2025-08-14T17:58:42.491+0000] {logging_mixin.py:188} INFO - [2025-08-14T17:58:42.490+0000] {dag.py:3834} INFO - Setting next_dagrun for example_external_task_marker_child to None, run_after=None
[2025-08-14T17:58:42.496+0000] {logging_mixin.py:188} INFO - [2025-08-14T17:58:42.496+0000] {dag.py:3834} INFO - Setting next_dagrun for example_external_task_marker_parent to None, run_after=None
[2025-08-14T17:58:42.511+0000] {processor.py:183} INFO - Processing /home/airflow/.local/lib/python3.8/site-packages/airflow/example_dags/example_external_task_marker_dag.py took 0.058 seconds
[2025-08-14T17:59:12.754+0000] {processor.py:161} INFO - Started process (PID=2561) to work on /home/airflow/.local/lib/python3.8/site-packages/airflow/example_dags/example_external_task_marker_dag.py
[2025-08-14T17:59:12.755+0000] {processor.py:830} INFO - Processing file /home/airflow/.local/lib/python3.8/site-packages/airflow/example_dags/example_external_task_marker_dag.py for tasks to queue
[2025-08-14T17:59:12.756+0000] {logging_mixin.py:188} INFO - [2025-08-14T17:59:12.756+0000] {dagbag.py:540} INFO - Filling up the DagBag from /home/airflow/.local/lib/python3.8/site-packages/airflow/example_dags/example_external_task_marker_dag.py
[2025-08-14T17:59:12.759+0000] {processor.py:840} INFO - DAG(s) 'example_external_task_marker_parent', 'example_external_task_marker_child' retrieved from /home/airflow/.local/lib/python3.8/site-packages/airflow/example_dags/example_external_task_marker_dag.py
[2025-08-14T17:59:12.772+0000] {logging_mixin.py:188} INFO - [2025-08-14T17:59:12.772+0000] {dag.py:3047} INFO - Sync 2 DAGs
[2025-08-14T17:59:12.779+0000] {logging_mixin.py:188} INFO - [2025-08-14T17:59:12.778+0000] {dag.py:3834} INFO - Setting next_dagrun for example_external_task_marker_child to None, run_after=None
[2025-08-14T17:59:12.781+0000] {logging_mixin.py:188} INFO - [2025-08-14T17:59:12.781+0000] {dag.py:3834} INFO - Setting next_dagrun for example_external_task_marker_parent to None, run_after=None
[2025-08-14T17:59:12.793+0000] {processor.py:183} INFO - Processing /home/airflow/.local/lib/python3.8/site-packages/airflow/example_dags/example_external_task_marker_dag.py took 0.040 seconds
[2025-08-14T17:59:42.876+0000] {processor.py:161} INFO - Started process (PID=2617) to work on /home/airflow/.local/lib/python3.8/site-packages/airflow/example_dags/example_external_task_marker_dag.py
[2025-08-14T17:59:42.877+0000] {processor.py:830} INFO - Processing file /home/airflow/.local/lib/python3.8/site-packages/airflow/example_dags/example_external_task_marker_dag.py for tasks to queue
[2025-08-14T17:59:42.880+0000] {logging_mixin.py:188} INFO - [2025-08-14T17:59:42.880+0000] {dagbag.py:540} INFO - Filling up the DagBag from /home/airflow/.local/lib/python3.8/site-packages/airflow/example_dags/example_external_task_marker_dag.py
[2025-08-14T17:59:42.884+0000] {processor.py:840} INFO - DAG(s) 'example_external_task_marker_parent', 'example_external_task_marker_child' retrieved from /home/airflow/.local/lib/python3.8/site-packages/airflow/example_dags/example_external_task_marker_dag.py
[2025-08-14T17:59:42.898+0000] {logging_mixin.py:188} INFO - [2025-08-14T17:59:42.898+0000] {dag.py:3047} INFO - Sync 2 DAGs
[2025-08-14T17:59:42.908+0000] {logging_mixin.py:188} INFO - [2025-08-14T17:59:42.908+0000] {dag.py:3834} INFO - Setting next_dagrun for example_external_task_marker_child to None, run_after=None
[2025-08-14T17:59:42.911+0000] {logging_mixin.py:188} INFO - [2025-08-14T17:59:42.911+0000] {dag.py:3834} INFO - Setting next_dagrun for example_external_task_marker_parent to None, run_after=None
[2025-08-14T17:59:42.928+0000] {processor.py:183} INFO - Processing /home/airflow/.local/lib/python3.8/site-packages/airflow/example_dags/example_external_task_marker_dag.py took 0.054 seconds
[2025-08-14T18:00:13.378+0000] {processor.py:161} INFO - Started process (PID=2672) to work on /home/airflow/.local/lib/python3.8/site-packages/airflow/example_dags/example_external_task_marker_dag.py
[2025-08-14T18:00:13.379+0000] {processor.py:830} INFO - Processing file /home/airflow/.local/lib/python3.8/site-packages/airflow/example_dags/example_external_task_marker_dag.py for tasks to queue
[2025-08-14T18:00:13.381+0000] {logging_mixin.py:188} INFO - [2025-08-14T18:00:13.381+0000] {dagbag.py:540} INFO - Filling up the DagBag from /home/airflow/.local/lib/python3.8/site-packages/airflow/example_dags/example_external_task_marker_dag.py
[2025-08-14T18:00:13.385+0000] {processor.py:840} INFO - DAG(s) 'example_external_task_marker_child', 'example_external_task_marker_parent' retrieved from /home/airflow/.local/lib/python3.8/site-packages/airflow/example_dags/example_external_task_marker_dag.py
[2025-08-14T18:00:13.398+0000] {logging_mixin.py:188} INFO - [2025-08-14T18:00:13.398+0000] {dag.py:3047} INFO - Sync 2 DAGs
[2025-08-14T18:00:13.404+0000] {logging_mixin.py:188} INFO - [2025-08-14T18:00:13.404+0000] {dag.py:3834} INFO - Setting next_dagrun for example_external_task_marker_child to None, run_after=None
[2025-08-14T18:00:13.410+0000] {logging_mixin.py:188} INFO - [2025-08-14T18:00:13.410+0000] {dag.py:3834} INFO - Setting next_dagrun for example_external_task_marker_parent to None, run_after=None
[2025-08-14T18:00:13.424+0000] {processor.py:183} INFO - Processing /home/airflow/.local/lib/python3.8/site-packages/airflow/example_dags/example_external_task_marker_dag.py took 0.048 seconds
[2025-08-14T18:00:43.668+0000] {processor.py:161} INFO - Started process (PID=2728) to work on /home/airflow/.local/lib/python3.8/site-packages/airflow/example_dags/example_external_task_marker_dag.py
[2025-08-14T18:00:43.669+0000] {processor.py:830} INFO - Processing file /home/airflow/.local/lib/python3.8/site-packages/airflow/example_dags/example_external_task_marker_dag.py for tasks to queue
[2025-08-14T18:00:43.671+0000] {logging_mixin.py:188} INFO - [2025-08-14T18:00:43.670+0000] {dagbag.py:540} INFO - Filling up the DagBag from /home/airflow/.local/lib/python3.8/site-packages/airflow/example_dags/example_external_task_marker_dag.py
[2025-08-14T18:00:43.675+0000] {processor.py:840} INFO - DAG(s) 'example_external_task_marker_parent', 'example_external_task_marker_child' retrieved from /home/airflow/.local/lib/python3.8/site-packages/airflow/example_dags/example_external_task_marker_dag.py
[2025-08-14T18:00:43.700+0000] {logging_mixin.py:188} INFO - [2025-08-14T18:00:43.700+0000] {dag.py:3047} INFO - Sync 2 DAGs
[2025-08-14T18:00:43.711+0000] {logging_mixin.py:188} INFO - [2025-08-14T18:00:43.710+0000] {dag.py:3834} INFO - Setting next_dagrun for example_external_task_marker_child to None, run_after=None
[2025-08-14T18:00:43.714+0000] {logging_mixin.py:188} INFO - [2025-08-14T18:00:43.713+0000] {dag.py:3834} INFO - Setting next_dagrun for example_external_task_marker_parent to None, run_after=None
[2025-08-14T18:00:43.726+0000] {processor.py:183} INFO - Processing /home/airflow/.local/lib/python3.8/site-packages/airflow/example_dags/example_external_task_marker_dag.py took 0.060 seconds
[2025-08-14T18:01:13.999+0000] {processor.py:161} INFO - Started process (PID=2784) to work on /home/airflow/.local/lib/python3.8/site-packages/airflow/example_dags/example_external_task_marker_dag.py
[2025-08-14T18:01:14.000+0000] {processor.py:830} INFO - Processing file /home/airflow/.local/lib/python3.8/site-packages/airflow/example_dags/example_external_task_marker_dag.py for tasks to queue
[2025-08-14T18:01:14.001+0000] {logging_mixin.py:188} INFO - [2025-08-14T18:01:14.001+0000] {dagbag.py:540} INFO - Filling up the DagBag from /home/airflow/.local/lib/python3.8/site-packages/airflow/example_dags/example_external_task_marker_dag.py
[2025-08-14T18:01:14.004+0000] {processor.py:840} INFO - DAG(s) 'example_external_task_marker_parent', 'example_external_task_marker_child' retrieved from /home/airflow/.local/lib/python3.8/site-packages/airflow/example_dags/example_external_task_marker_dag.py
[2025-08-14T18:01:14.015+0000] {logging_mixin.py:188} INFO - [2025-08-14T18:01:14.015+0000] {dag.py:3047} INFO - Sync 2 DAGs
[2025-08-14T18:01:14.023+0000] {logging_mixin.py:188} INFO - [2025-08-14T18:01:14.023+0000] {dag.py:3834} INFO - Setting next_dagrun for example_external_task_marker_child to None, run_after=None
[2025-08-14T18:01:14.026+0000] {logging_mixin.py:188} INFO - [2025-08-14T18:01:14.025+0000] {dag.py:3834} INFO - Setting next_dagrun for example_external_task_marker_parent to None, run_after=None
[2025-08-14T18:01:14.034+0000] {processor.py:183} INFO - Processing /home/airflow/.local/lib/python3.8/site-packages/airflow/example_dags/example_external_task_marker_dag.py took 0.036 seconds
[2025-08-14T18:01:44.545+0000] {processor.py:161} INFO - Started process (PID=2840) to work on /home/airflow/.local/lib/python3.8/site-packages/airflow/example_dags/example_external_task_marker_dag.py
[2025-08-14T18:01:44.547+0000] {processor.py:830} INFO - Processing file /home/airflow/.local/lib/python3.8/site-packages/airflow/example_dags/example_external_task_marker_dag.py for tasks to queue
[2025-08-14T18:01:44.548+0000] {logging_mixin.py:188} INFO - [2025-08-14T18:01:44.548+0000] {dagbag.py:540} INFO - Filling up the DagBag from /home/airflow/.local/lib/python3.8/site-packages/airflow/example_dags/example_external_task_marker_dag.py
[2025-08-14T18:01:44.553+0000] {processor.py:840} INFO - DAG(s) 'example_external_task_marker_parent', 'example_external_task_marker_child' retrieved from /home/airflow/.local/lib/python3.8/site-packages/airflow/example_dags/example_external_task_marker_dag.py
[2025-08-14T18:01:44.568+0000] {logging_mixin.py:188} INFO - [2025-08-14T18:01:44.567+0000] {dag.py:3047} INFO - Sync 2 DAGs
[2025-08-14T18:01:44.578+0000] {logging_mixin.py:188} INFO - [2025-08-14T18:01:44.578+0000] {dag.py:3834} INFO - Setting next_dagrun for example_external_task_marker_child to None, run_after=None
[2025-08-14T18:01:44.582+0000] {logging_mixin.py:188} INFO - [2025-08-14T18:01:44.582+0000] {dag.py:3834} INFO - Setting next_dagrun for example_external_task_marker_parent to None, run_after=None
[2025-08-14T18:01:44.600+0000] {processor.py:183} INFO - Processing /home/airflow/.local/lib/python3.8/site-packages/airflow/example_dags/example_external_task_marker_dag.py took 0.056 seconds
[2025-08-14T18:02:15.166+0000] {processor.py:161} INFO - Started process (PID=2896) to work on /home/airflow/.local/lib/python3.8/site-packages/airflow/example_dags/example_external_task_marker_dag.py
[2025-08-14T18:02:15.170+0000] {processor.py:830} INFO - Processing file /home/airflow/.local/lib/python3.8/site-packages/airflow/example_dags/example_external_task_marker_dag.py for tasks to queue
[2025-08-14T18:02:15.172+0000] {logging_mixin.py:188} INFO - [2025-08-14T18:02:15.171+0000] {dagbag.py:540} INFO - Filling up the DagBag from /home/airflow/.local/lib/python3.8/site-packages/airflow/example_dags/example_external_task_marker_dag.py
[2025-08-14T18:02:15.175+0000] {processor.py:840} INFO - DAG(s) 'example_external_task_marker_parent', 'example_external_task_marker_child' retrieved from /home/airflow/.local/lib/python3.8/site-packages/airflow/example_dags/example_external_task_marker_dag.py
[2025-08-14T18:02:15.193+0000] {logging_mixin.py:188} INFO - [2025-08-14T18:02:15.193+0000] {dag.py:3047} INFO - Sync 2 DAGs
[2025-08-14T18:02:15.206+0000] {logging_mixin.py:188} INFO - [2025-08-14T18:02:15.206+0000] {dag.py:3834} INFO - Setting next_dagrun for example_external_task_marker_child to None, run_after=None
[2025-08-14T18:02:15.210+0000] {logging_mixin.py:188} INFO - [2025-08-14T18:02:15.210+0000] {dag.py:3834} INFO - Setting next_dagrun for example_external_task_marker_parent to None, run_after=None
[2025-08-14T18:02:15.225+0000] {processor.py:183} INFO - Processing /home/airflow/.local/lib/python3.8/site-packages/airflow/example_dags/example_external_task_marker_dag.py took 0.061 seconds
[2025-08-14T18:02:45.906+0000] {processor.py:161} INFO - Started process (PID=2952) to work on /home/airflow/.local/lib/python3.8/site-packages/airflow/example_dags/example_external_task_marker_dag.py
[2025-08-14T18:02:45.907+0000] {processor.py:830} INFO - Processing file /home/airflow/.local/lib/python3.8/site-packages/airflow/example_dags/example_external_task_marker_dag.py for tasks to queue
[2025-08-14T18:02:45.907+0000] {logging_mixin.py:188} INFO - [2025-08-14T18:02:45.907+0000] {dagbag.py:540} INFO - Filling up the DagBag from /home/airflow/.local/lib/python3.8/site-packages/airflow/example_dags/example_external_task_marker_dag.py
[2025-08-14T18:02:45.911+0000] {processor.py:840} INFO - DAG(s) 'example_external_task_marker_parent', 'example_external_task_marker_child' retrieved from /home/airflow/.local/lib/python3.8/site-packages/airflow/example_dags/example_external_task_marker_dag.py
[2025-08-14T18:02:45.926+0000] {logging_mixin.py:188} INFO - [2025-08-14T18:02:45.926+0000] {dag.py:3047} INFO - Sync 2 DAGs
[2025-08-14T18:02:45.934+0000] {logging_mixin.py:188} INFO - [2025-08-14T18:02:45.934+0000] {dag.py:3834} INFO - Setting next_dagrun for example_external_task_marker_child to None, run_after=None
[2025-08-14T18:02:45.938+0000] {logging_mixin.py:188} INFO - [2025-08-14T18:02:45.938+0000] {dag.py:3834} INFO - Setting next_dagrun for example_external_task_marker_parent to None, run_after=None
[2025-08-14T18:02:45.952+0000] {processor.py:183} INFO - Processing /home/airflow/.local/lib/python3.8/site-packages/airflow/example_dags/example_external_task_marker_dag.py took 0.048 seconds
[2025-08-14T18:03:16.017+0000] {processor.py:161} INFO - Started process (PID=3008) to work on /home/airflow/.local/lib/python3.8/site-packages/airflow/example_dags/example_external_task_marker_dag.py
[2025-08-14T18:03:16.018+0000] {processor.py:830} INFO - Processing file /home/airflow/.local/lib/python3.8/site-packages/airflow/example_dags/example_external_task_marker_dag.py for tasks to queue
[2025-08-14T18:03:16.019+0000] {logging_mixin.py:188} INFO - [2025-08-14T18:03:16.019+0000] {dagbag.py:540} INFO - Filling up the DagBag from /home/airflow/.local/lib/python3.8/site-packages/airflow/example_dags/example_external_task_marker_dag.py
[2025-08-14T18:03:16.023+0000] {processor.py:840} INFO - DAG(s) 'example_external_task_marker_child', 'example_external_task_marker_parent' retrieved from /home/airflow/.local/lib/python3.8/site-packages/airflow/example_dags/example_external_task_marker_dag.py
[2025-08-14T18:03:16.038+0000] {logging_mixin.py:188} INFO - [2025-08-14T18:03:16.038+0000] {dag.py:3047} INFO - Sync 2 DAGs
[2025-08-14T18:03:16.045+0000] {logging_mixin.py:188} INFO - [2025-08-14T18:03:16.045+0000] {dag.py:3834} INFO - Setting next_dagrun for example_external_task_marker_child to None, run_after=None
[2025-08-14T18:03:16.049+0000] {logging_mixin.py:188} INFO - [2025-08-14T18:03:16.049+0000] {dag.py:3834} INFO - Setting next_dagrun for example_external_task_marker_parent to None, run_after=None
[2025-08-14T18:03:16.060+0000] {processor.py:183} INFO - Processing /home/airflow/.local/lib/python3.8/site-packages/airflow/example_dags/example_external_task_marker_dag.py took 0.045 seconds
[2025-08-14T18:03:46.267+0000] {processor.py:161} INFO - Started process (PID=3064) to work on /home/airflow/.local/lib/python3.8/site-packages/airflow/example_dags/example_external_task_marker_dag.py
[2025-08-14T18:03:46.268+0000] {processor.py:830} INFO - Processing file /home/airflow/.local/lib/python3.8/site-packages/airflow/example_dags/example_external_task_marker_dag.py for tasks to queue
[2025-08-14T18:03:46.269+0000] {logging_mixin.py:188} INFO - [2025-08-14T18:03:46.269+0000] {dagbag.py:540} INFO - Filling up the DagBag from /home/airflow/.local/lib/python3.8/site-packages/airflow/example_dags/example_external_task_marker_dag.py
[2025-08-14T18:03:46.274+0000] {processor.py:840} INFO - DAG(s) 'example_external_task_marker_parent', 'example_external_task_marker_child' retrieved from /home/airflow/.local/lib/python3.8/site-packages/airflow/example_dags/example_external_task_marker_dag.py
[2025-08-14T18:03:46.292+0000] {logging_mixin.py:188} INFO - [2025-08-14T18:03:46.292+0000] {dag.py:3047} INFO - Sync 2 DAGs
[2025-08-14T18:03:46.299+0000] {logging_mixin.py:188} INFO - [2025-08-14T18:03:46.299+0000] {dag.py:3834} INFO - Setting next_dagrun for example_external_task_marker_child to None, run_after=None
[2025-08-14T18:03:46.301+0000] {logging_mixin.py:188} INFO - [2025-08-14T18:03:46.301+0000] {dag.py:3834} INFO - Setting next_dagrun for example_external_task_marker_parent to None, run_after=None
[2025-08-14T18:03:46.313+0000] {processor.py:183} INFO - Processing /home/airflow/.local/lib/python3.8/site-packages/airflow/example_dags/example_external_task_marker_dag.py took 0.048 seconds
[2025-08-14T18:04:17.032+0000] {processor.py:161} INFO - Started process (PID=3120) to work on /home/airflow/.local/lib/python3.8/site-packages/airflow/example_dags/example_external_task_marker_dag.py
[2025-08-14T18:04:17.033+0000] {processor.py:830} INFO - Processing file /home/airflow/.local/lib/python3.8/site-packages/airflow/example_dags/example_external_task_marker_dag.py for tasks to queue
[2025-08-14T18:04:17.034+0000] {logging_mixin.py:188} INFO - [2025-08-14T18:04:17.034+0000] {dagbag.py:540} INFO - Filling up the DagBag from /home/airflow/.local/lib/python3.8/site-packages/airflow/example_dags/example_external_task_marker_dag.py
[2025-08-14T18:04:17.037+0000] {processor.py:840} INFO - DAG(s) 'example_external_task_marker_child', 'example_external_task_marker_parent' retrieved from /home/airflow/.local/lib/python3.8/site-packages/airflow/example_dags/example_external_task_marker_dag.py
[2025-08-14T18:04:17.052+0000] {logging_mixin.py:188} INFO - [2025-08-14T18:04:17.052+0000] {dag.py:3047} INFO - Sync 2 DAGs
[2025-08-14T18:04:17.060+0000] {logging_mixin.py:188} INFO - [2025-08-14T18:04:17.060+0000] {dag.py:3834} INFO - Setting next_dagrun for example_external_task_marker_child to None, run_after=None
[2025-08-14T18:04:17.062+0000] {logging_mixin.py:188} INFO - [2025-08-14T18:04:17.062+0000] {dag.py:3834} INFO - Setting next_dagrun for example_external_task_marker_parent to None, run_after=None
[2025-08-14T18:04:17.071+0000] {processor.py:183} INFO - Processing /home/airflow/.local/lib/python3.8/site-packages/airflow/example_dags/example_external_task_marker_dag.py took 0.041 seconds
[2025-08-14T18:04:47.466+0000] {processor.py:161} INFO - Started process (PID=3176) to work on /home/airflow/.local/lib/python3.8/site-packages/airflow/example_dags/example_external_task_marker_dag.py
[2025-08-14T18:04:47.467+0000] {processor.py:830} INFO - Processing file /home/airflow/.local/lib/python3.8/site-packages/airflow/example_dags/example_external_task_marker_dag.py for tasks to queue
[2025-08-14T18:04:47.469+0000] {logging_mixin.py:188} INFO - [2025-08-14T18:04:47.468+0000] {dagbag.py:540} INFO - Filling up the DagBag from /home/airflow/.local/lib/python3.8/site-packages/airflow/example_dags/example_external_task_marker_dag.py
[2025-08-14T18:04:47.472+0000] {processor.py:840} INFO - DAG(s) 'example_external_task_marker_child', 'example_external_task_marker_parent' retrieved from /home/airflow/.local/lib/python3.8/site-packages/airflow/example_dags/example_external_task_marker_dag.py
[2025-08-14T18:04:47.485+0000] {logging_mixin.py:188} INFO - [2025-08-14T18:04:47.485+0000] {dag.py:3047} INFO - Sync 2 DAGs
[2025-08-14T18:04:47.494+0000] {logging_mixin.py:188} INFO - [2025-08-14T18:04:47.494+0000] {dag.py:3834} INFO - Setting next_dagrun for example_external_task_marker_child to None, run_after=None
[2025-08-14T18:04:47.496+0000] {logging_mixin.py:188} INFO - [2025-08-14T18:04:47.496+0000] {dag.py:3834} INFO - Setting next_dagrun for example_external_task_marker_parent to None, run_after=None
[2025-08-14T18:04:47.505+0000] {processor.py:183} INFO - Processing /home/airflow/.local/lib/python3.8/site-packages/airflow/example_dags/example_external_task_marker_dag.py took 0.041 seconds
[2025-08-14T18:05:18.331+0000] {processor.py:161} INFO - Started process (PID=3231) to work on /home/airflow/.local/lib/python3.8/site-packages/airflow/example_dags/example_external_task_marker_dag.py
[2025-08-14T18:05:18.335+0000] {processor.py:830} INFO - Processing file /home/airflow/.local/lib/python3.8/site-packages/airflow/example_dags/example_external_task_marker_dag.py for tasks to queue
[2025-08-14T18:05:18.337+0000] {logging_mixin.py:188} INFO - [2025-08-14T18:05:18.337+0000] {dagbag.py:540} INFO - Filling up the DagBag from /home/airflow/.local/lib/python3.8/site-packages/airflow/example_dags/example_external_task_marker_dag.py
[2025-08-14T18:05:18.343+0000] {processor.py:840} INFO - DAG(s) 'example_external_task_marker_parent', 'example_external_task_marker_child' retrieved from /home/airflow/.local/lib/python3.8/site-packages/airflow/example_dags/example_external_task_marker_dag.py
[2025-08-14T18:05:18.362+0000] {logging_mixin.py:188} INFO - [2025-08-14T18:05:18.361+0000] {dag.py:3047} INFO - Sync 2 DAGs
[2025-08-14T18:05:18.372+0000] {logging_mixin.py:188} INFO - [2025-08-14T18:05:18.371+0000] {dag.py:3834} INFO - Setting next_dagrun for example_external_task_marker_child to None, run_after=None
[2025-08-14T18:05:18.374+0000] {logging_mixin.py:188} INFO - [2025-08-14T18:05:18.374+0000] {dag.py:3834} INFO - Setting next_dagrun for example_external_task_marker_parent to None, run_after=None
[2025-08-14T18:05:18.386+0000] {processor.py:183} INFO - Processing /home/airflow/.local/lib/python3.8/site-packages/airflow/example_dags/example_external_task_marker_dag.py took 0.058 seconds
[2025-08-14T18:05:49.283+0000] {processor.py:161} INFO - Started process (PID=3286) to work on /home/airflow/.local/lib/python3.8/site-packages/airflow/example_dags/example_external_task_marker_dag.py
[2025-08-14T18:05:49.284+0000] {processor.py:830} INFO - Processing file /home/airflow/.local/lib/python3.8/site-packages/airflow/example_dags/example_external_task_marker_dag.py for tasks to queue
[2025-08-14T18:05:49.286+0000] {logging_mixin.py:188} INFO - [2025-08-14T18:05:49.285+0000] {dagbag.py:540} INFO - Filling up the DagBag from /home/airflow/.local/lib/python3.8/site-packages/airflow/example_dags/example_external_task_marker_dag.py
[2025-08-14T18:05:49.289+0000] {processor.py:840} INFO - DAG(s) 'example_external_task_marker_child', 'example_external_task_marker_parent' retrieved from /home/airflow/.local/lib/python3.8/site-packages/airflow/example_dags/example_external_task_marker_dag.py
[2025-08-14T18:05:49.310+0000] {logging_mixin.py:188} INFO - [2025-08-14T18:05:49.310+0000] {dag.py:3047} INFO - Sync 2 DAGs
[2025-08-14T18:05:49.317+0000] {logging_mixin.py:188} INFO - [2025-08-14T18:05:49.317+0000] {dag.py:3834} INFO - Setting next_dagrun for example_external_task_marker_child to None, run_after=None
[2025-08-14T18:05:49.319+0000] {logging_mixin.py:188} INFO - [2025-08-14T18:05:49.319+0000] {dag.py:3834} INFO - Setting next_dagrun for example_external_task_marker_parent to None, run_after=None
[2025-08-14T18:05:49.334+0000] {processor.py:183} INFO - Processing /home/airflow/.local/lib/python3.8/site-packages/airflow/example_dags/example_external_task_marker_dag.py took 0.053 seconds
