[2025-08-14T17:36:48.659+0000] {processor.py:161} INFO - Started process (PID=86) to work on /home/airflow/.local/lib/python3.8/site-packages/airflow/example_dags/example_python_decorator.py
[2025-08-14T17:36:48.660+0000] {processor.py:830} INFO - Processing file /home/airflow/.local/lib/python3.8/site-packages/airflow/example_dags/example_python_decorator.py for tasks to queue
[2025-08-14T17:36:48.663+0000] {logging_mixin.py:188} INFO - [2025-08-14T17:36:48.663+0000] {dagbag.py:540} INFO - Filling up the DagBag from /home/airflow/.local/lib/python3.8/site-packages/airflow/example_dags/example_python_decorator.py
[2025-08-14T17:36:48.711+0000] {processor.py:840} INFO - DAG(s) 'example_python_decorator' retrieved from /home/airflow/.local/lib/python3.8/site-packages/airflow/example_dags/example_python_decorator.py
[2025-08-14T17:36:48.772+0000] {logging_mixin.py:188} INFO - [2025-08-14T17:36:48.771+0000] {dag.py:3047} INFO - Sync 1 DAGs
[2025-08-14T17:36:48.809+0000] {logging_mixin.py:188} INFO - [2025-08-14T17:36:48.809+0000] {dag.py:3834} INFO - Setting next_dagrun for example_python_decorator to None, run_after=None
[2025-08-14T17:36:48.836+0000] {processor.py:183} INFO - Processing /home/airflow/.local/lib/python3.8/site-packages/airflow/example_dags/example_python_decorator.py took 0.180 seconds
[2025-08-14T17:37:19.161+0000] {processor.py:161} INFO - Started process (PID=142) to work on /home/airflow/.local/lib/python3.8/site-packages/airflow/example_dags/example_python_decorator.py
[2025-08-14T17:37:19.166+0000] {processor.py:830} INFO - Processing file /home/airflow/.local/lib/python3.8/site-packages/airflow/example_dags/example_python_decorator.py for tasks to queue
[2025-08-14T17:37:19.168+0000] {logging_mixin.py:188} INFO - [2025-08-14T17:37:19.168+0000] {dagbag.py:540} INFO - Filling up the DagBag from /home/airflow/.local/lib/python3.8/site-packages/airflow/example_dags/example_python_decorator.py
[2025-08-14T17:37:19.178+0000] {processor.py:840} INFO - DAG(s) 'example_python_decorator' retrieved from /home/airflow/.local/lib/python3.8/site-packages/airflow/example_dags/example_python_decorator.py
[2025-08-14T17:37:19.242+0000] {logging_mixin.py:188} INFO - [2025-08-14T17:37:19.242+0000] {dag.py:3047} INFO - Sync 1 DAGs
[2025-08-14T17:37:19.249+0000] {logging_mixin.py:188} INFO - [2025-08-14T17:37:19.249+0000] {dag.py:3834} INFO - Setting next_dagrun for example_python_decorator to None, run_after=None
[2025-08-14T17:37:19.260+0000] {processor.py:183} INFO - Processing /home/airflow/.local/lib/python3.8/site-packages/airflow/example_dags/example_python_decorator.py took 0.104 seconds
[2025-08-14T17:37:49.659+0000] {processor.py:161} INFO - Started process (PID=198) to work on /home/airflow/.local/lib/python3.8/site-packages/airflow/example_dags/example_python_decorator.py
[2025-08-14T17:37:49.660+0000] {processor.py:830} INFO - Processing file /home/airflow/.local/lib/python3.8/site-packages/airflow/example_dags/example_python_decorator.py for tasks to queue
[2025-08-14T17:37:49.661+0000] {logging_mixin.py:188} INFO - [2025-08-14T17:37:49.661+0000] {dagbag.py:540} INFO - Filling up the DagBag from /home/airflow/.local/lib/python3.8/site-packages/airflow/example_dags/example_python_decorator.py
[2025-08-14T17:37:49.672+0000] {processor.py:840} INFO - DAG(s) 'example_python_decorator' retrieved from /home/airflow/.local/lib/python3.8/site-packages/airflow/example_dags/example_python_decorator.py
[2025-08-14T17:37:49.691+0000] {logging_mixin.py:188} INFO - [2025-08-14T17:37:49.691+0000] {dag.py:3047} INFO - Sync 1 DAGs
[2025-08-14T17:37:49.704+0000] {logging_mixin.py:188} INFO - [2025-08-14T17:37:49.703+0000] {dag.py:3834} INFO - Setting next_dagrun for example_python_decorator to None, run_after=None
[2025-08-14T17:37:49.721+0000] {processor.py:183} INFO - Processing /home/airflow/.local/lib/python3.8/site-packages/airflow/example_dags/example_python_decorator.py took 0.065 seconds
[2025-08-14T17:38:20.552+0000] {processor.py:161} INFO - Started process (PID=254) to work on /home/airflow/.local/lib/python3.8/site-packages/airflow/example_dags/example_python_decorator.py
[2025-08-14T17:38:20.553+0000] {processor.py:830} INFO - Processing file /home/airflow/.local/lib/python3.8/site-packages/airflow/example_dags/example_python_decorator.py for tasks to queue
[2025-08-14T17:38:20.554+0000] {logging_mixin.py:188} INFO - [2025-08-14T17:38:20.554+0000] {dagbag.py:540} INFO - Filling up the DagBag from /home/airflow/.local/lib/python3.8/site-packages/airflow/example_dags/example_python_decorator.py
[2025-08-14T17:38:20.564+0000] {processor.py:840} INFO - DAG(s) 'example_python_decorator' retrieved from /home/airflow/.local/lib/python3.8/site-packages/airflow/example_dags/example_python_decorator.py
[2025-08-14T17:38:20.582+0000] {logging_mixin.py:188} INFO - [2025-08-14T17:38:20.582+0000] {dag.py:3047} INFO - Sync 1 DAGs
[2025-08-14T17:38:20.591+0000] {logging_mixin.py:188} INFO - [2025-08-14T17:38:20.591+0000] {dag.py:3834} INFO - Setting next_dagrun for example_python_decorator to None, run_after=None
[2025-08-14T17:38:20.601+0000] {processor.py:183} INFO - Processing /home/airflow/.local/lib/python3.8/site-packages/airflow/example_dags/example_python_decorator.py took 0.051 seconds
[2025-08-14T17:38:51.067+0000] {processor.py:161} INFO - Started process (PID=311) to work on /home/airflow/.local/lib/python3.8/site-packages/airflow/example_dags/example_python_decorator.py
[2025-08-14T17:38:51.068+0000] {processor.py:830} INFO - Processing file /home/airflow/.local/lib/python3.8/site-packages/airflow/example_dags/example_python_decorator.py for tasks to queue
[2025-08-14T17:38:51.069+0000] {logging_mixin.py:188} INFO - [2025-08-14T17:38:51.069+0000] {dagbag.py:540} INFO - Filling up the DagBag from /home/airflow/.local/lib/python3.8/site-packages/airflow/example_dags/example_python_decorator.py
[2025-08-14T17:38:51.076+0000] {processor.py:840} INFO - DAG(s) 'example_python_decorator' retrieved from /home/airflow/.local/lib/python3.8/site-packages/airflow/example_dags/example_python_decorator.py
[2025-08-14T17:38:51.096+0000] {logging_mixin.py:188} INFO - [2025-08-14T17:38:51.096+0000] {dag.py:3047} INFO - Sync 1 DAGs
[2025-08-14T17:38:51.102+0000] {logging_mixin.py:188} INFO - [2025-08-14T17:38:51.102+0000] {dag.py:3834} INFO - Setting next_dagrun for example_python_decorator to None, run_after=None
[2025-08-14T17:38:51.119+0000] {processor.py:183} INFO - Processing /home/airflow/.local/lib/python3.8/site-packages/airflow/example_dags/example_python_decorator.py took 0.054 seconds
[2025-08-14T17:39:21.362+0000] {processor.py:161} INFO - Started process (PID=367) to work on /home/airflow/.local/lib/python3.8/site-packages/airflow/example_dags/example_python_decorator.py
[2025-08-14T17:39:21.367+0000] {processor.py:830} INFO - Processing file /home/airflow/.local/lib/python3.8/site-packages/airflow/example_dags/example_python_decorator.py for tasks to queue
[2025-08-14T17:39:21.371+0000] {logging_mixin.py:188} INFO - [2025-08-14T17:39:21.371+0000] {dagbag.py:540} INFO - Filling up the DagBag from /home/airflow/.local/lib/python3.8/site-packages/airflow/example_dags/example_python_decorator.py
[2025-08-14T17:39:21.378+0000] {processor.py:840} INFO - DAG(s) 'example_python_decorator' retrieved from /home/airflow/.local/lib/python3.8/site-packages/airflow/example_dags/example_python_decorator.py
[2025-08-14T17:39:21.400+0000] {logging_mixin.py:188} INFO - [2025-08-14T17:39:21.400+0000] {dag.py:3047} INFO - Sync 1 DAGs
[2025-08-14T17:39:21.412+0000] {logging_mixin.py:188} INFO - [2025-08-14T17:39:21.411+0000] {dag.py:3834} INFO - Setting next_dagrun for example_python_decorator to None, run_after=None
[2025-08-14T17:39:21.430+0000] {processor.py:183} INFO - Processing /home/airflow/.local/lib/python3.8/site-packages/airflow/example_dags/example_python_decorator.py took 0.070 seconds
[2025-08-14T17:39:52.401+0000] {processor.py:161} INFO - Started process (PID=423) to work on /home/airflow/.local/lib/python3.8/site-packages/airflow/example_dags/example_python_decorator.py
[2025-08-14T17:39:52.402+0000] {processor.py:830} INFO - Processing file /home/airflow/.local/lib/python3.8/site-packages/airflow/example_dags/example_python_decorator.py for tasks to queue
[2025-08-14T17:39:52.405+0000] {logging_mixin.py:188} INFO - [2025-08-14T17:39:52.405+0000] {dagbag.py:540} INFO - Filling up the DagBag from /home/airflow/.local/lib/python3.8/site-packages/airflow/example_dags/example_python_decorator.py
[2025-08-14T17:39:52.420+0000] {processor.py:840} INFO - DAG(s) 'example_python_decorator' retrieved from /home/airflow/.local/lib/python3.8/site-packages/airflow/example_dags/example_python_decorator.py
[2025-08-14T17:39:52.439+0000] {logging_mixin.py:188} INFO - [2025-08-14T17:39:52.438+0000] {dag.py:3047} INFO - Sync 1 DAGs
[2025-08-14T17:39:52.447+0000] {logging_mixin.py:188} INFO - [2025-08-14T17:39:52.446+0000] {dag.py:3834} INFO - Setting next_dagrun for example_python_decorator to None, run_after=None
[2025-08-14T17:39:52.462+0000] {processor.py:183} INFO - Processing /home/airflow/.local/lib/python3.8/site-packages/airflow/example_dags/example_python_decorator.py took 0.063 seconds
[2025-08-14T17:40:22.887+0000] {processor.py:161} INFO - Started process (PID=479) to work on /home/airflow/.local/lib/python3.8/site-packages/airflow/example_dags/example_python_decorator.py
[2025-08-14T17:40:22.888+0000] {processor.py:830} INFO - Processing file /home/airflow/.local/lib/python3.8/site-packages/airflow/example_dags/example_python_decorator.py for tasks to queue
[2025-08-14T17:40:22.889+0000] {logging_mixin.py:188} INFO - [2025-08-14T17:40:22.889+0000] {dagbag.py:540} INFO - Filling up the DagBag from /home/airflow/.local/lib/python3.8/site-packages/airflow/example_dags/example_python_decorator.py
[2025-08-14T17:40:22.901+0000] {processor.py:840} INFO - DAG(s) 'example_python_decorator' retrieved from /home/airflow/.local/lib/python3.8/site-packages/airflow/example_dags/example_python_decorator.py
[2025-08-14T17:40:22.918+0000] {logging_mixin.py:188} INFO - [2025-08-14T17:40:22.918+0000] {dag.py:3047} INFO - Sync 1 DAGs
[2025-08-14T17:40:22.925+0000] {logging_mixin.py:188} INFO - [2025-08-14T17:40:22.924+0000] {dag.py:3834} INFO - Setting next_dagrun for example_python_decorator to None, run_after=None
[2025-08-14T17:40:22.935+0000] {processor.py:183} INFO - Processing /home/airflow/.local/lib/python3.8/site-packages/airflow/example_dags/example_python_decorator.py took 0.050 seconds
[2025-08-14T17:40:53.689+0000] {processor.py:161} INFO - Started process (PID=535) to work on /home/airflow/.local/lib/python3.8/site-packages/airflow/example_dags/example_python_decorator.py
[2025-08-14T17:40:53.690+0000] {processor.py:830} INFO - Processing file /home/airflow/.local/lib/python3.8/site-packages/airflow/example_dags/example_python_decorator.py for tasks to queue
[2025-08-14T17:40:53.691+0000] {logging_mixin.py:188} INFO - [2025-08-14T17:40:53.691+0000] {dagbag.py:540} INFO - Filling up the DagBag from /home/airflow/.local/lib/python3.8/site-packages/airflow/example_dags/example_python_decorator.py
[2025-08-14T17:40:53.700+0000] {processor.py:840} INFO - DAG(s) 'example_python_decorator' retrieved from /home/airflow/.local/lib/python3.8/site-packages/airflow/example_dags/example_python_decorator.py
[2025-08-14T17:40:53.715+0000] {logging_mixin.py:188} INFO - [2025-08-14T17:40:53.715+0000] {dag.py:3047} INFO - Sync 1 DAGs
[2025-08-14T17:40:53.724+0000] {logging_mixin.py:188} INFO - [2025-08-14T17:40:53.724+0000] {dag.py:3834} INFO - Setting next_dagrun for example_python_decorator to None, run_after=None
[2025-08-14T17:40:53.735+0000] {processor.py:183} INFO - Processing /home/airflow/.local/lib/python3.8/site-packages/airflow/example_dags/example_python_decorator.py took 0.048 seconds
[2025-08-14T17:41:23.956+0000] {processor.py:161} INFO - Started process (PID=591) to work on /home/airflow/.local/lib/python3.8/site-packages/airflow/example_dags/example_python_decorator.py
[2025-08-14T17:41:23.959+0000] {processor.py:830} INFO - Processing file /home/airflow/.local/lib/python3.8/site-packages/airflow/example_dags/example_python_decorator.py for tasks to queue
[2025-08-14T17:41:23.960+0000] {logging_mixin.py:188} INFO - [2025-08-14T17:41:23.960+0000] {dagbag.py:540} INFO - Filling up the DagBag from /home/airflow/.local/lib/python3.8/site-packages/airflow/example_dags/example_python_decorator.py
[2025-08-14T17:41:23.967+0000] {processor.py:840} INFO - DAG(s) 'example_python_decorator' retrieved from /home/airflow/.local/lib/python3.8/site-packages/airflow/example_dags/example_python_decorator.py
[2025-08-14T17:41:23.983+0000] {logging_mixin.py:188} INFO - [2025-08-14T17:41:23.983+0000] {dag.py:3047} INFO - Sync 1 DAGs
[2025-08-14T17:41:23.998+0000] {logging_mixin.py:188} INFO - [2025-08-14T17:41:23.998+0000] {dag.py:3834} INFO - Setting next_dagrun for example_python_decorator to None, run_after=None
[2025-08-14T17:41:24.009+0000] {processor.py:183} INFO - Processing /home/airflow/.local/lib/python3.8/site-packages/airflow/example_dags/example_python_decorator.py took 0.056 seconds
[2025-08-14T17:41:54.673+0000] {processor.py:161} INFO - Started process (PID=647) to work on /home/airflow/.local/lib/python3.8/site-packages/airflow/example_dags/example_python_decorator.py
[2025-08-14T17:41:54.674+0000] {processor.py:830} INFO - Processing file /home/airflow/.local/lib/python3.8/site-packages/airflow/example_dags/example_python_decorator.py for tasks to queue
[2025-08-14T17:41:54.675+0000] {logging_mixin.py:188} INFO - [2025-08-14T17:41:54.675+0000] {dagbag.py:540} INFO - Filling up the DagBag from /home/airflow/.local/lib/python3.8/site-packages/airflow/example_dags/example_python_decorator.py
[2025-08-14T17:41:54.685+0000] {processor.py:840} INFO - DAG(s) 'example_python_decorator' retrieved from /home/airflow/.local/lib/python3.8/site-packages/airflow/example_dags/example_python_decorator.py
[2025-08-14T17:41:54.698+0000] {logging_mixin.py:188} INFO - [2025-08-14T17:41:54.698+0000] {dag.py:3047} INFO - Sync 1 DAGs
[2025-08-14T17:41:54.706+0000] {logging_mixin.py:188} INFO - [2025-08-14T17:41:54.706+0000] {dag.py:3834} INFO - Setting next_dagrun for example_python_decorator to None, run_after=None
[2025-08-14T17:41:54.718+0000] {processor.py:183} INFO - Processing /home/airflow/.local/lib/python3.8/site-packages/airflow/example_dags/example_python_decorator.py took 0.047 seconds
[2025-08-14T17:42:25.463+0000] {processor.py:161} INFO - Started process (PID=703) to work on /home/airflow/.local/lib/python3.8/site-packages/airflow/example_dags/example_python_decorator.py
[2025-08-14T17:42:25.464+0000] {processor.py:830} INFO - Processing file /home/airflow/.local/lib/python3.8/site-packages/airflow/example_dags/example_python_decorator.py for tasks to queue
[2025-08-14T17:42:25.466+0000] {logging_mixin.py:188} INFO - [2025-08-14T17:42:25.465+0000] {dagbag.py:540} INFO - Filling up the DagBag from /home/airflow/.local/lib/python3.8/site-packages/airflow/example_dags/example_python_decorator.py
[2025-08-14T17:42:25.474+0000] {processor.py:840} INFO - DAG(s) 'example_python_decorator' retrieved from /home/airflow/.local/lib/python3.8/site-packages/airflow/example_dags/example_python_decorator.py
[2025-08-14T17:42:25.494+0000] {logging_mixin.py:188} INFO - [2025-08-14T17:42:25.493+0000] {dag.py:3047} INFO - Sync 1 DAGs
[2025-08-14T17:42:25.501+0000] {logging_mixin.py:188} INFO - [2025-08-14T17:42:25.501+0000] {dag.py:3834} INFO - Setting next_dagrun for example_python_decorator to None, run_after=None
[2025-08-14T17:42:25.517+0000] {processor.py:183} INFO - Processing /home/airflow/.local/lib/python3.8/site-packages/airflow/example_dags/example_python_decorator.py took 0.057 seconds
[2025-08-14T17:42:55.667+0000] {processor.py:161} INFO - Started process (PID=759) to work on /home/airflow/.local/lib/python3.8/site-packages/airflow/example_dags/example_python_decorator.py
[2025-08-14T17:42:55.668+0000] {processor.py:830} INFO - Processing file /home/airflow/.local/lib/python3.8/site-packages/airflow/example_dags/example_python_decorator.py for tasks to queue
[2025-08-14T17:42:55.669+0000] {logging_mixin.py:188} INFO - [2025-08-14T17:42:55.669+0000] {dagbag.py:540} INFO - Filling up the DagBag from /home/airflow/.local/lib/python3.8/site-packages/airflow/example_dags/example_python_decorator.py
[2025-08-14T17:42:55.676+0000] {processor.py:840} INFO - DAG(s) 'example_python_decorator' retrieved from /home/airflow/.local/lib/python3.8/site-packages/airflow/example_dags/example_python_decorator.py
[2025-08-14T17:42:55.690+0000] {logging_mixin.py:188} INFO - [2025-08-14T17:42:55.690+0000] {dag.py:3047} INFO - Sync 1 DAGs
[2025-08-14T17:42:55.696+0000] {logging_mixin.py:188} INFO - [2025-08-14T17:42:55.696+0000] {dag.py:3834} INFO - Setting next_dagrun for example_python_decorator to None, run_after=None
[2025-08-14T17:42:55.712+0000] {processor.py:183} INFO - Processing /home/airflow/.local/lib/python3.8/site-packages/airflow/example_dags/example_python_decorator.py took 0.048 seconds
[2025-08-14T17:43:26.340+0000] {processor.py:161} INFO - Started process (PID=815) to work on /home/airflow/.local/lib/python3.8/site-packages/airflow/example_dags/example_python_decorator.py
[2025-08-14T17:43:26.340+0000] {processor.py:830} INFO - Processing file /home/airflow/.local/lib/python3.8/site-packages/airflow/example_dags/example_python_decorator.py for tasks to queue
[2025-08-14T17:43:26.341+0000] {logging_mixin.py:188} INFO - [2025-08-14T17:43:26.341+0000] {dagbag.py:540} INFO - Filling up the DagBag from /home/airflow/.local/lib/python3.8/site-packages/airflow/example_dags/example_python_decorator.py
[2025-08-14T17:43:26.350+0000] {processor.py:840} INFO - DAG(s) 'example_python_decorator' retrieved from /home/airflow/.local/lib/python3.8/site-packages/airflow/example_dags/example_python_decorator.py
[2025-08-14T17:43:26.363+0000] {logging_mixin.py:188} INFO - [2025-08-14T17:43:26.363+0000] {dag.py:3047} INFO - Sync 1 DAGs
[2025-08-14T17:43:26.370+0000] {logging_mixin.py:188} INFO - [2025-08-14T17:43:26.370+0000] {dag.py:3834} INFO - Setting next_dagrun for example_python_decorator to None, run_after=None
[2025-08-14T17:43:26.382+0000] {processor.py:183} INFO - Processing /home/airflow/.local/lib/python3.8/site-packages/airflow/example_dags/example_python_decorator.py took 0.044 seconds
[2025-08-14T17:43:56.605+0000] {processor.py:161} INFO - Started process (PID=871) to work on /home/airflow/.local/lib/python3.8/site-packages/airflow/example_dags/example_python_decorator.py
[2025-08-14T17:43:56.606+0000] {processor.py:830} INFO - Processing file /home/airflow/.local/lib/python3.8/site-packages/airflow/example_dags/example_python_decorator.py for tasks to queue
[2025-08-14T17:43:56.607+0000] {logging_mixin.py:188} INFO - [2025-08-14T17:43:56.607+0000] {dagbag.py:540} INFO - Filling up the DagBag from /home/airflow/.local/lib/python3.8/site-packages/airflow/example_dags/example_python_decorator.py
[2025-08-14T17:43:56.614+0000] {processor.py:840} INFO - DAG(s) 'example_python_decorator' retrieved from /home/airflow/.local/lib/python3.8/site-packages/airflow/example_dags/example_python_decorator.py
[2025-08-14T17:43:56.627+0000] {logging_mixin.py:188} INFO - [2025-08-14T17:43:56.627+0000] {dag.py:3047} INFO - Sync 1 DAGs
[2025-08-14T17:43:56.634+0000] {logging_mixin.py:188} INFO - [2025-08-14T17:43:56.633+0000] {dag.py:3834} INFO - Setting next_dagrun for example_python_decorator to None, run_after=None
[2025-08-14T17:43:56.649+0000] {processor.py:183} INFO - Processing /home/airflow/.local/lib/python3.8/site-packages/airflow/example_dags/example_python_decorator.py took 0.046 seconds
[2025-08-14T17:44:26.898+0000] {processor.py:161} INFO - Started process (PID=927) to work on /home/airflow/.local/lib/python3.8/site-packages/airflow/example_dags/example_python_decorator.py
[2025-08-14T17:44:26.899+0000] {processor.py:830} INFO - Processing file /home/airflow/.local/lib/python3.8/site-packages/airflow/example_dags/example_python_decorator.py for tasks to queue
[2025-08-14T17:44:26.900+0000] {logging_mixin.py:188} INFO - [2025-08-14T17:44:26.900+0000] {dagbag.py:540} INFO - Filling up the DagBag from /home/airflow/.local/lib/python3.8/site-packages/airflow/example_dags/example_python_decorator.py
[2025-08-14T17:44:26.909+0000] {processor.py:840} INFO - DAG(s) 'example_python_decorator' retrieved from /home/airflow/.local/lib/python3.8/site-packages/airflow/example_dags/example_python_decorator.py
[2025-08-14T17:44:26.924+0000] {logging_mixin.py:188} INFO - [2025-08-14T17:44:26.924+0000] {dag.py:3047} INFO - Sync 1 DAGs
[2025-08-14T17:44:26.932+0000] {logging_mixin.py:188} INFO - [2025-08-14T17:44:26.932+0000] {dag.py:3834} INFO - Setting next_dagrun for example_python_decorator to None, run_after=None
[2025-08-14T17:44:26.946+0000] {processor.py:183} INFO - Processing /home/airflow/.local/lib/python3.8/site-packages/airflow/example_dags/example_python_decorator.py took 0.050 seconds
[2025-08-14T17:44:57.170+0000] {processor.py:161} INFO - Started process (PID=983) to work on /home/airflow/.local/lib/python3.8/site-packages/airflow/example_dags/example_python_decorator.py
[2025-08-14T17:44:57.171+0000] {processor.py:830} INFO - Processing file /home/airflow/.local/lib/python3.8/site-packages/airflow/example_dags/example_python_decorator.py for tasks to queue
[2025-08-14T17:44:57.172+0000] {logging_mixin.py:188} INFO - [2025-08-14T17:44:57.171+0000] {dagbag.py:540} INFO - Filling up the DagBag from /home/airflow/.local/lib/python3.8/site-packages/airflow/example_dags/example_python_decorator.py
[2025-08-14T17:44:57.179+0000] {processor.py:840} INFO - DAG(s) 'example_python_decorator' retrieved from /home/airflow/.local/lib/python3.8/site-packages/airflow/example_dags/example_python_decorator.py
[2025-08-14T17:44:57.190+0000] {logging_mixin.py:188} INFO - [2025-08-14T17:44:57.190+0000] {dag.py:3047} INFO - Sync 1 DAGs
[2025-08-14T17:44:57.195+0000] {logging_mixin.py:188} INFO - [2025-08-14T17:44:57.195+0000] {dag.py:3834} INFO - Setting next_dagrun for example_python_decorator to None, run_after=None
[2025-08-14T17:44:57.203+0000] {processor.py:183} INFO - Processing /home/airflow/.local/lib/python3.8/site-packages/airflow/example_dags/example_python_decorator.py took 0.034 seconds
[2025-08-14T17:45:27.426+0000] {processor.py:161} INFO - Started process (PID=1039) to work on /home/airflow/.local/lib/python3.8/site-packages/airflow/example_dags/example_python_decorator.py
[2025-08-14T17:45:27.427+0000] {processor.py:830} INFO - Processing file /home/airflow/.local/lib/python3.8/site-packages/airflow/example_dags/example_python_decorator.py for tasks to queue
[2025-08-14T17:45:27.428+0000] {logging_mixin.py:188} INFO - [2025-08-14T17:45:27.428+0000] {dagbag.py:540} INFO - Filling up the DagBag from /home/airflow/.local/lib/python3.8/site-packages/airflow/example_dags/example_python_decorator.py
[2025-08-14T17:45:27.435+0000] {processor.py:840} INFO - DAG(s) 'example_python_decorator' retrieved from /home/airflow/.local/lib/python3.8/site-packages/airflow/example_dags/example_python_decorator.py
[2025-08-14T17:45:27.451+0000] {logging_mixin.py:188} INFO - [2025-08-14T17:45:27.451+0000] {dag.py:3047} INFO - Sync 1 DAGs
[2025-08-14T17:45:27.458+0000] {logging_mixin.py:188} INFO - [2025-08-14T17:45:27.458+0000] {dag.py:3834} INFO - Setting next_dagrun for example_python_decorator to None, run_after=None
[2025-08-14T17:45:27.469+0000] {processor.py:183} INFO - Processing /home/airflow/.local/lib/python3.8/site-packages/airflow/example_dags/example_python_decorator.py took 0.046 seconds
[2025-08-14T17:45:58.110+0000] {processor.py:161} INFO - Started process (PID=1095) to work on /home/airflow/.local/lib/python3.8/site-packages/airflow/example_dags/example_python_decorator.py
[2025-08-14T17:45:58.113+0000] {processor.py:830} INFO - Processing file /home/airflow/.local/lib/python3.8/site-packages/airflow/example_dags/example_python_decorator.py for tasks to queue
[2025-08-14T17:45:58.115+0000] {logging_mixin.py:188} INFO - [2025-08-14T17:45:58.115+0000] {dagbag.py:540} INFO - Filling up the DagBag from /home/airflow/.local/lib/python3.8/site-packages/airflow/example_dags/example_python_decorator.py
[2025-08-14T17:45:58.125+0000] {processor.py:840} INFO - DAG(s) 'example_python_decorator' retrieved from /home/airflow/.local/lib/python3.8/site-packages/airflow/example_dags/example_python_decorator.py
[2025-08-14T17:45:58.138+0000] {logging_mixin.py:188} INFO - [2025-08-14T17:45:58.138+0000] {dag.py:3047} INFO - Sync 1 DAGs
[2025-08-14T17:45:58.147+0000] {logging_mixin.py:188} INFO - [2025-08-14T17:45:58.147+0000] {dag.py:3834} INFO - Setting next_dagrun for example_python_decorator to None, run_after=None
[2025-08-14T17:45:58.165+0000] {processor.py:183} INFO - Processing /home/airflow/.local/lib/python3.8/site-packages/airflow/example_dags/example_python_decorator.py took 0.057 seconds
[2025-08-14T17:46:28.360+0000] {processor.py:161} INFO - Started process (PID=1151) to work on /home/airflow/.local/lib/python3.8/site-packages/airflow/example_dags/example_python_decorator.py
[2025-08-14T17:46:28.361+0000] {processor.py:830} INFO - Processing file /home/airflow/.local/lib/python3.8/site-packages/airflow/example_dags/example_python_decorator.py for tasks to queue
[2025-08-14T17:46:28.363+0000] {logging_mixin.py:188} INFO - [2025-08-14T17:46:28.363+0000] {dagbag.py:540} INFO - Filling up the DagBag from /home/airflow/.local/lib/python3.8/site-packages/airflow/example_dags/example_python_decorator.py
[2025-08-14T17:46:28.376+0000] {processor.py:840} INFO - DAG(s) 'example_python_decorator' retrieved from /home/airflow/.local/lib/python3.8/site-packages/airflow/example_dags/example_python_decorator.py
[2025-08-14T17:46:28.389+0000] {logging_mixin.py:188} INFO - [2025-08-14T17:46:28.388+0000] {dag.py:3047} INFO - Sync 1 DAGs
[2025-08-14T17:46:28.396+0000] {logging_mixin.py:188} INFO - [2025-08-14T17:46:28.396+0000] {dag.py:3834} INFO - Setting next_dagrun for example_python_decorator to None, run_after=None
[2025-08-14T17:46:28.411+0000] {processor.py:183} INFO - Processing /home/airflow/.local/lib/python3.8/site-packages/airflow/example_dags/example_python_decorator.py took 0.054 seconds
[2025-08-14T17:46:59.528+0000] {processor.py:161} INFO - Started process (PID=1207) to work on /home/airflow/.local/lib/python3.8/site-packages/airflow/example_dags/example_python_decorator.py
[2025-08-14T17:46:59.529+0000] {processor.py:830} INFO - Processing file /home/airflow/.local/lib/python3.8/site-packages/airflow/example_dags/example_python_decorator.py for tasks to queue
[2025-08-14T17:46:59.530+0000] {logging_mixin.py:188} INFO - [2025-08-14T17:46:59.530+0000] {dagbag.py:540} INFO - Filling up the DagBag from /home/airflow/.local/lib/python3.8/site-packages/airflow/example_dags/example_python_decorator.py
[2025-08-14T17:46:59.537+0000] {processor.py:840} INFO - DAG(s) 'example_python_decorator' retrieved from /home/airflow/.local/lib/python3.8/site-packages/airflow/example_dags/example_python_decorator.py
[2025-08-14T17:46:59.549+0000] {logging_mixin.py:188} INFO - [2025-08-14T17:46:59.549+0000] {dag.py:3047} INFO - Sync 1 DAGs
[2025-08-14T17:46:59.556+0000] {logging_mixin.py:188} INFO - [2025-08-14T17:46:59.556+0000] {dag.py:3834} INFO - Setting next_dagrun for example_python_decorator to None, run_after=None
[2025-08-14T17:46:59.577+0000] {processor.py:183} INFO - Processing /home/airflow/.local/lib/python3.8/site-packages/airflow/example_dags/example_python_decorator.py took 0.051 seconds
[2025-08-14T17:47:30.268+0000] {processor.py:161} INFO - Started process (PID=1263) to work on /home/airflow/.local/lib/python3.8/site-packages/airflow/example_dags/example_python_decorator.py
[2025-08-14T17:47:30.268+0000] {processor.py:830} INFO - Processing file /home/airflow/.local/lib/python3.8/site-packages/airflow/example_dags/example_python_decorator.py for tasks to queue
[2025-08-14T17:47:30.269+0000] {logging_mixin.py:188} INFO - [2025-08-14T17:47:30.269+0000] {dagbag.py:540} INFO - Filling up the DagBag from /home/airflow/.local/lib/python3.8/site-packages/airflow/example_dags/example_python_decorator.py
[2025-08-14T17:47:30.277+0000] {processor.py:840} INFO - DAG(s) 'example_python_decorator' retrieved from /home/airflow/.local/lib/python3.8/site-packages/airflow/example_dags/example_python_decorator.py
[2025-08-14T17:47:30.288+0000] {logging_mixin.py:188} INFO - [2025-08-14T17:47:30.288+0000] {dag.py:3047} INFO - Sync 1 DAGs
[2025-08-14T17:47:30.296+0000] {logging_mixin.py:188} INFO - [2025-08-14T17:47:30.296+0000] {dag.py:3834} INFO - Setting next_dagrun for example_python_decorator to None, run_after=None
[2025-08-14T17:47:30.311+0000] {processor.py:183} INFO - Processing /home/airflow/.local/lib/python3.8/site-packages/airflow/example_dags/example_python_decorator.py took 0.045 seconds
[2025-08-14T17:48:00.560+0000] {processor.py:161} INFO - Started process (PID=1319) to work on /home/airflow/.local/lib/python3.8/site-packages/airflow/example_dags/example_python_decorator.py
[2025-08-14T17:48:00.561+0000] {processor.py:830} INFO - Processing file /home/airflow/.local/lib/python3.8/site-packages/airflow/example_dags/example_python_decorator.py for tasks to queue
[2025-08-14T17:48:00.562+0000] {logging_mixin.py:188} INFO - [2025-08-14T17:48:00.562+0000] {dagbag.py:540} INFO - Filling up the DagBag from /home/airflow/.local/lib/python3.8/site-packages/airflow/example_dags/example_python_decorator.py
[2025-08-14T17:48:00.570+0000] {processor.py:840} INFO - DAG(s) 'example_python_decorator' retrieved from /home/airflow/.local/lib/python3.8/site-packages/airflow/example_dags/example_python_decorator.py
[2025-08-14T17:48:00.594+0000] {logging_mixin.py:188} INFO - [2025-08-14T17:48:00.594+0000] {dag.py:3047} INFO - Sync 1 DAGs
[2025-08-14T17:48:00.602+0000] {logging_mixin.py:188} INFO - [2025-08-14T17:48:00.602+0000] {dag.py:3834} INFO - Setting next_dagrun for example_python_decorator to None, run_after=None
[2025-08-14T17:48:00.615+0000] {processor.py:183} INFO - Processing /home/airflow/.local/lib/python3.8/site-packages/airflow/example_dags/example_python_decorator.py took 0.057 seconds
[2025-08-14T17:48:30.968+0000] {processor.py:161} INFO - Started process (PID=1375) to work on /home/airflow/.local/lib/python3.8/site-packages/airflow/example_dags/example_python_decorator.py
[2025-08-14T17:48:30.971+0000] {processor.py:830} INFO - Processing file /home/airflow/.local/lib/python3.8/site-packages/airflow/example_dags/example_python_decorator.py for tasks to queue
[2025-08-14T17:48:30.972+0000] {logging_mixin.py:188} INFO - [2025-08-14T17:48:30.972+0000] {dagbag.py:540} INFO - Filling up the DagBag from /home/airflow/.local/lib/python3.8/site-packages/airflow/example_dags/example_python_decorator.py
[2025-08-14T17:48:30.981+0000] {processor.py:840} INFO - DAG(s) 'example_python_decorator' retrieved from /home/airflow/.local/lib/python3.8/site-packages/airflow/example_dags/example_python_decorator.py
[2025-08-14T17:48:31.000+0000] {logging_mixin.py:188} INFO - [2025-08-14T17:48:31.000+0000] {dag.py:3047} INFO - Sync 1 DAGs
[2025-08-14T17:48:31.007+0000] {logging_mixin.py:188} INFO - [2025-08-14T17:48:31.007+0000] {dag.py:3834} INFO - Setting next_dagrun for example_python_decorator to None, run_after=None
[2025-08-14T17:48:31.023+0000] {processor.py:183} INFO - Processing /home/airflow/.local/lib/python3.8/site-packages/airflow/example_dags/example_python_decorator.py took 0.058 seconds
[2025-08-14T17:49:01.681+0000] {processor.py:161} INFO - Started process (PID=1431) to work on /home/airflow/.local/lib/python3.8/site-packages/airflow/example_dags/example_python_decorator.py
[2025-08-14T17:49:01.681+0000] {processor.py:830} INFO - Processing file /home/airflow/.local/lib/python3.8/site-packages/airflow/example_dags/example_python_decorator.py for tasks to queue
[2025-08-14T17:49:01.682+0000] {logging_mixin.py:188} INFO - [2025-08-14T17:49:01.682+0000] {dagbag.py:540} INFO - Filling up the DagBag from /home/airflow/.local/lib/python3.8/site-packages/airflow/example_dags/example_python_decorator.py
[2025-08-14T17:49:01.690+0000] {processor.py:840} INFO - DAG(s) 'example_python_decorator' retrieved from /home/airflow/.local/lib/python3.8/site-packages/airflow/example_dags/example_python_decorator.py
[2025-08-14T17:49:01.705+0000] {logging_mixin.py:188} INFO - [2025-08-14T17:49:01.705+0000] {dag.py:3047} INFO - Sync 1 DAGs
[2025-08-14T17:49:01.711+0000] {logging_mixin.py:188} INFO - [2025-08-14T17:49:01.711+0000] {dag.py:3834} INFO - Setting next_dagrun for example_python_decorator to None, run_after=None
[2025-08-14T17:49:01.722+0000] {processor.py:183} INFO - Processing /home/airflow/.local/lib/python3.8/site-packages/airflow/example_dags/example_python_decorator.py took 0.044 seconds
[2025-08-14T17:49:31.830+0000] {processor.py:161} INFO - Started process (PID=1487) to work on /home/airflow/.local/lib/python3.8/site-packages/airflow/example_dags/example_python_decorator.py
[2025-08-14T17:49:31.832+0000] {processor.py:830} INFO - Processing file /home/airflow/.local/lib/python3.8/site-packages/airflow/example_dags/example_python_decorator.py for tasks to queue
[2025-08-14T17:49:31.833+0000] {logging_mixin.py:188} INFO - [2025-08-14T17:49:31.833+0000] {dagbag.py:540} INFO - Filling up the DagBag from /home/airflow/.local/lib/python3.8/site-packages/airflow/example_dags/example_python_decorator.py
[2025-08-14T17:49:31.854+0000] {processor.py:840} INFO - DAG(s) 'example_python_decorator' retrieved from /home/airflow/.local/lib/python3.8/site-packages/airflow/example_dags/example_python_decorator.py
[2025-08-14T17:49:31.880+0000] {logging_mixin.py:188} INFO - [2025-08-14T17:49:31.880+0000] {dag.py:3047} INFO - Sync 1 DAGs
[2025-08-14T17:49:31.887+0000] {logging_mixin.py:188} INFO - [2025-08-14T17:49:31.887+0000] {dag.py:3834} INFO - Setting next_dagrun for example_python_decorator to None, run_after=None
[2025-08-14T17:49:31.902+0000] {processor.py:183} INFO - Processing /home/airflow/.local/lib/python3.8/site-packages/airflow/example_dags/example_python_decorator.py took 0.080 seconds
[2025-08-14T17:50:02.556+0000] {processor.py:161} INFO - Started process (PID=1543) to work on /home/airflow/.local/lib/python3.8/site-packages/airflow/example_dags/example_python_decorator.py
[2025-08-14T17:50:02.558+0000] {processor.py:830} INFO - Processing file /home/airflow/.local/lib/python3.8/site-packages/airflow/example_dags/example_python_decorator.py for tasks to queue
[2025-08-14T17:50:02.559+0000] {logging_mixin.py:188} INFO - [2025-08-14T17:50:02.559+0000] {dagbag.py:540} INFO - Filling up the DagBag from /home/airflow/.local/lib/python3.8/site-packages/airflow/example_dags/example_python_decorator.py
[2025-08-14T17:50:02.573+0000] {processor.py:840} INFO - DAG(s) 'example_python_decorator' retrieved from /home/airflow/.local/lib/python3.8/site-packages/airflow/example_dags/example_python_decorator.py
[2025-08-14T17:50:02.603+0000] {logging_mixin.py:188} INFO - [2025-08-14T17:50:02.603+0000] {dag.py:3047} INFO - Sync 1 DAGs
[2025-08-14T17:50:02.614+0000] {logging_mixin.py:188} INFO - [2025-08-14T17:50:02.614+0000] {dag.py:3834} INFO - Setting next_dagrun for example_python_decorator to None, run_after=None
[2025-08-14T17:50:02.629+0000] {processor.py:183} INFO - Processing /home/airflow/.local/lib/python3.8/site-packages/airflow/example_dags/example_python_decorator.py took 0.076 seconds
[2025-08-14T17:50:33.417+0000] {processor.py:161} INFO - Started process (PID=1599) to work on /home/airflow/.local/lib/python3.8/site-packages/airflow/example_dags/example_python_decorator.py
[2025-08-14T17:50:33.418+0000] {processor.py:830} INFO - Processing file /home/airflow/.local/lib/python3.8/site-packages/airflow/example_dags/example_python_decorator.py for tasks to queue
[2025-08-14T17:50:33.420+0000] {logging_mixin.py:188} INFO - [2025-08-14T17:50:33.420+0000] {dagbag.py:540} INFO - Filling up the DagBag from /home/airflow/.local/lib/python3.8/site-packages/airflow/example_dags/example_python_decorator.py
[2025-08-14T17:50:33.430+0000] {processor.py:840} INFO - DAG(s) 'example_python_decorator' retrieved from /home/airflow/.local/lib/python3.8/site-packages/airflow/example_dags/example_python_decorator.py
[2025-08-14T17:50:33.444+0000] {logging_mixin.py:188} INFO - [2025-08-14T17:50:33.444+0000] {dag.py:3047} INFO - Sync 1 DAGs
[2025-08-14T17:50:33.450+0000] {logging_mixin.py:188} INFO - [2025-08-14T17:50:33.450+0000] {dag.py:3834} INFO - Setting next_dagrun for example_python_decorator to None, run_after=None
[2025-08-14T17:50:33.465+0000] {processor.py:183} INFO - Processing /home/airflow/.local/lib/python3.8/site-packages/airflow/example_dags/example_python_decorator.py took 0.051 seconds
[2025-08-14T17:51:04.248+0000] {processor.py:161} INFO - Started process (PID=1655) to work on /home/airflow/.local/lib/python3.8/site-packages/airflow/example_dags/example_python_decorator.py
[2025-08-14T17:51:04.249+0000] {processor.py:830} INFO - Processing file /home/airflow/.local/lib/python3.8/site-packages/airflow/example_dags/example_python_decorator.py for tasks to queue
[2025-08-14T17:51:04.250+0000] {logging_mixin.py:188} INFO - [2025-08-14T17:51:04.250+0000] {dagbag.py:540} INFO - Filling up the DagBag from /home/airflow/.local/lib/python3.8/site-packages/airflow/example_dags/example_python_decorator.py
[2025-08-14T17:51:04.260+0000] {processor.py:840} INFO - DAG(s) 'example_python_decorator' retrieved from /home/airflow/.local/lib/python3.8/site-packages/airflow/example_dags/example_python_decorator.py
[2025-08-14T17:51:04.274+0000] {logging_mixin.py:188} INFO - [2025-08-14T17:51:04.273+0000] {dag.py:3047} INFO - Sync 1 DAGs
[2025-08-14T17:51:04.286+0000] {logging_mixin.py:188} INFO - [2025-08-14T17:51:04.285+0000] {dag.py:3834} INFO - Setting next_dagrun for example_python_decorator to None, run_after=None
[2025-08-14T17:51:04.321+0000] {processor.py:183} INFO - Processing /home/airflow/.local/lib/python3.8/site-packages/airflow/example_dags/example_python_decorator.py took 0.075 seconds
[2025-08-14T17:51:34.741+0000] {processor.py:161} INFO - Started process (PID=1711) to work on /home/airflow/.local/lib/python3.8/site-packages/airflow/example_dags/example_python_decorator.py
[2025-08-14T17:51:34.742+0000] {processor.py:830} INFO - Processing file /home/airflow/.local/lib/python3.8/site-packages/airflow/example_dags/example_python_decorator.py for tasks to queue
[2025-08-14T17:51:34.743+0000] {logging_mixin.py:188} INFO - [2025-08-14T17:51:34.743+0000] {dagbag.py:540} INFO - Filling up the DagBag from /home/airflow/.local/lib/python3.8/site-packages/airflow/example_dags/example_python_decorator.py
[2025-08-14T17:51:34.757+0000] {processor.py:840} INFO - DAG(s) 'example_python_decorator' retrieved from /home/airflow/.local/lib/python3.8/site-packages/airflow/example_dags/example_python_decorator.py
[2025-08-14T17:51:34.790+0000] {logging_mixin.py:188} INFO - [2025-08-14T17:51:34.789+0000] {dag.py:3047} INFO - Sync 1 DAGs
[2025-08-14T17:51:34.809+0000] {logging_mixin.py:188} INFO - [2025-08-14T17:51:34.809+0000] {dag.py:3834} INFO - Setting next_dagrun for example_python_decorator to None, run_after=None
[2025-08-14T17:51:34.837+0000] {processor.py:183} INFO - Processing /home/airflow/.local/lib/python3.8/site-packages/airflow/example_dags/example_python_decorator.py took 0.100 seconds
[2025-08-14T17:52:05.494+0000] {processor.py:161} INFO - Started process (PID=1767) to work on /home/airflow/.local/lib/python3.8/site-packages/airflow/example_dags/example_python_decorator.py
[2025-08-14T17:52:05.495+0000] {processor.py:830} INFO - Processing file /home/airflow/.local/lib/python3.8/site-packages/airflow/example_dags/example_python_decorator.py for tasks to queue
[2025-08-14T17:52:05.496+0000] {logging_mixin.py:188} INFO - [2025-08-14T17:52:05.495+0000] {dagbag.py:540} INFO - Filling up the DagBag from /home/airflow/.local/lib/python3.8/site-packages/airflow/example_dags/example_python_decorator.py
[2025-08-14T17:52:05.504+0000] {processor.py:840} INFO - DAG(s) 'example_python_decorator' retrieved from /home/airflow/.local/lib/python3.8/site-packages/airflow/example_dags/example_python_decorator.py
[2025-08-14T17:52:05.529+0000] {logging_mixin.py:188} INFO - [2025-08-14T17:52:05.529+0000] {dag.py:3047} INFO - Sync 1 DAGs
[2025-08-14T17:52:05.539+0000] {logging_mixin.py:188} INFO - [2025-08-14T17:52:05.539+0000] {dag.py:3834} INFO - Setting next_dagrun for example_python_decorator to None, run_after=None
[2025-08-14T17:52:05.555+0000] {processor.py:183} INFO - Processing /home/airflow/.local/lib/python3.8/site-packages/airflow/example_dags/example_python_decorator.py took 0.064 seconds
[2025-08-14T17:52:35.712+0000] {processor.py:161} INFO - Started process (PID=1823) to work on /home/airflow/.local/lib/python3.8/site-packages/airflow/example_dags/example_python_decorator.py
[2025-08-14T17:52:35.713+0000] {processor.py:830} INFO - Processing file /home/airflow/.local/lib/python3.8/site-packages/airflow/example_dags/example_python_decorator.py for tasks to queue
[2025-08-14T17:52:35.714+0000] {logging_mixin.py:188} INFO - [2025-08-14T17:52:35.714+0000] {dagbag.py:540} INFO - Filling up the DagBag from /home/airflow/.local/lib/python3.8/site-packages/airflow/example_dags/example_python_decorator.py
[2025-08-14T17:52:35.722+0000] {processor.py:840} INFO - DAG(s) 'example_python_decorator' retrieved from /home/airflow/.local/lib/python3.8/site-packages/airflow/example_dags/example_python_decorator.py
[2025-08-14T17:52:35.741+0000] {logging_mixin.py:188} INFO - [2025-08-14T17:52:35.741+0000] {dag.py:3047} INFO - Sync 1 DAGs
[2025-08-14T17:52:35.748+0000] {logging_mixin.py:188} INFO - [2025-08-14T17:52:35.748+0000] {dag.py:3834} INFO - Setting next_dagrun for example_python_decorator to None, run_after=None
[2025-08-14T17:52:35.762+0000] {processor.py:183} INFO - Processing /home/airflow/.local/lib/python3.8/site-packages/airflow/example_dags/example_python_decorator.py took 0.051 seconds
[2025-08-14T17:53:06.715+0000] {processor.py:161} INFO - Started process (PID=1879) to work on /home/airflow/.local/lib/python3.8/site-packages/airflow/example_dags/example_python_decorator.py
[2025-08-14T17:53:06.716+0000] {processor.py:830} INFO - Processing file /home/airflow/.local/lib/python3.8/site-packages/airflow/example_dags/example_python_decorator.py for tasks to queue
[2025-08-14T17:53:06.717+0000] {logging_mixin.py:188} INFO - [2025-08-14T17:53:06.717+0000] {dagbag.py:540} INFO - Filling up the DagBag from /home/airflow/.local/lib/python3.8/site-packages/airflow/example_dags/example_python_decorator.py
[2025-08-14T17:53:06.725+0000] {processor.py:840} INFO - DAG(s) 'example_python_decorator' retrieved from /home/airflow/.local/lib/python3.8/site-packages/airflow/example_dags/example_python_decorator.py
[2025-08-14T17:53:06.743+0000] {logging_mixin.py:188} INFO - [2025-08-14T17:53:06.743+0000] {dag.py:3047} INFO - Sync 1 DAGs
[2025-08-14T17:53:06.753+0000] {logging_mixin.py:188} INFO - [2025-08-14T17:53:06.753+0000] {dag.py:3834} INFO - Setting next_dagrun for example_python_decorator to None, run_after=None
[2025-08-14T17:53:06.763+0000] {processor.py:183} INFO - Processing /home/airflow/.local/lib/python3.8/site-packages/airflow/example_dags/example_python_decorator.py took 0.050 seconds
[2025-08-14T17:53:36.912+0000] {processor.py:161} INFO - Started process (PID=1935) to work on /home/airflow/.local/lib/python3.8/site-packages/airflow/example_dags/example_python_decorator.py
[2025-08-14T17:53:36.913+0000] {processor.py:830} INFO - Processing file /home/airflow/.local/lib/python3.8/site-packages/airflow/example_dags/example_python_decorator.py for tasks to queue
[2025-08-14T17:53:36.914+0000] {logging_mixin.py:188} INFO - [2025-08-14T17:53:36.913+0000] {dagbag.py:540} INFO - Filling up the DagBag from /home/airflow/.local/lib/python3.8/site-packages/airflow/example_dags/example_python_decorator.py
[2025-08-14T17:53:36.922+0000] {processor.py:840} INFO - DAG(s) 'example_python_decorator' retrieved from /home/airflow/.local/lib/python3.8/site-packages/airflow/example_dags/example_python_decorator.py
[2025-08-14T17:53:36.935+0000] {logging_mixin.py:188} INFO - [2025-08-14T17:53:36.935+0000] {dag.py:3047} INFO - Sync 1 DAGs
[2025-08-14T17:53:36.941+0000] {logging_mixin.py:188} INFO - [2025-08-14T17:53:36.941+0000] {dag.py:3834} INFO - Setting next_dagrun for example_python_decorator to None, run_after=None
[2025-08-14T17:53:36.959+0000] {processor.py:183} INFO - Processing /home/airflow/.local/lib/python3.8/site-packages/airflow/example_dags/example_python_decorator.py took 0.050 seconds
[2025-08-14T17:54:07.075+0000] {processor.py:161} INFO - Started process (PID=1991) to work on /home/airflow/.local/lib/python3.8/site-packages/airflow/example_dags/example_python_decorator.py
[2025-08-14T17:54:07.077+0000] {processor.py:830} INFO - Processing file /home/airflow/.local/lib/python3.8/site-packages/airflow/example_dags/example_python_decorator.py for tasks to queue
[2025-08-14T17:54:07.077+0000] {logging_mixin.py:188} INFO - [2025-08-14T17:54:07.077+0000] {dagbag.py:540} INFO - Filling up the DagBag from /home/airflow/.local/lib/python3.8/site-packages/airflow/example_dags/example_python_decorator.py
[2025-08-14T17:54:07.086+0000] {processor.py:840} INFO - DAG(s) 'example_python_decorator' retrieved from /home/airflow/.local/lib/python3.8/site-packages/airflow/example_dags/example_python_decorator.py
[2025-08-14T17:54:07.101+0000] {logging_mixin.py:188} INFO - [2025-08-14T17:54:07.101+0000] {dag.py:3047} INFO - Sync 1 DAGs
[2025-08-14T17:54:07.107+0000] {logging_mixin.py:188} INFO - [2025-08-14T17:54:07.107+0000] {dag.py:3834} INFO - Setting next_dagrun for example_python_decorator to None, run_after=None
[2025-08-14T17:54:07.118+0000] {processor.py:183} INFO - Processing /home/airflow/.local/lib/python3.8/site-packages/airflow/example_dags/example_python_decorator.py took 0.045 seconds
[2025-08-14T17:54:37.521+0000] {processor.py:161} INFO - Started process (PID=2047) to work on /home/airflow/.local/lib/python3.8/site-packages/airflow/example_dags/example_python_decorator.py
[2025-08-14T17:54:37.521+0000] {processor.py:830} INFO - Processing file /home/airflow/.local/lib/python3.8/site-packages/airflow/example_dags/example_python_decorator.py for tasks to queue
[2025-08-14T17:54:37.522+0000] {logging_mixin.py:188} INFO - [2025-08-14T17:54:37.522+0000] {dagbag.py:540} INFO - Filling up the DagBag from /home/airflow/.local/lib/python3.8/site-packages/airflow/example_dags/example_python_decorator.py
[2025-08-14T17:54:37.529+0000] {processor.py:840} INFO - DAG(s) 'example_python_decorator' retrieved from /home/airflow/.local/lib/python3.8/site-packages/airflow/example_dags/example_python_decorator.py
[2025-08-14T17:54:37.539+0000] {logging_mixin.py:188} INFO - [2025-08-14T17:54:37.539+0000] {dag.py:3047} INFO - Sync 1 DAGs
[2025-08-14T17:54:37.544+0000] {logging_mixin.py:188} INFO - [2025-08-14T17:54:37.544+0000] {dag.py:3834} INFO - Setting next_dagrun for example_python_decorator to None, run_after=None
[2025-08-14T17:54:37.552+0000] {processor.py:183} INFO - Processing /home/airflow/.local/lib/python3.8/site-packages/airflow/example_dags/example_python_decorator.py took 0.033 seconds
[2025-08-14T17:55:08.055+0000] {processor.py:161} INFO - Started process (PID=2103) to work on /home/airflow/.local/lib/python3.8/site-packages/airflow/example_dags/example_python_decorator.py
[2025-08-14T17:55:08.056+0000] {processor.py:830} INFO - Processing file /home/airflow/.local/lib/python3.8/site-packages/airflow/example_dags/example_python_decorator.py for tasks to queue
[2025-08-14T17:55:08.057+0000] {logging_mixin.py:188} INFO - [2025-08-14T17:55:08.057+0000] {dagbag.py:540} INFO - Filling up the DagBag from /home/airflow/.local/lib/python3.8/site-packages/airflow/example_dags/example_python_decorator.py
[2025-08-14T17:55:08.064+0000] {processor.py:840} INFO - DAG(s) 'example_python_decorator' retrieved from /home/airflow/.local/lib/python3.8/site-packages/airflow/example_dags/example_python_decorator.py
[2025-08-14T17:55:08.084+0000] {logging_mixin.py:188} INFO - [2025-08-14T17:55:08.084+0000] {dag.py:3047} INFO - Sync 1 DAGs
[2025-08-14T17:55:08.096+0000] {logging_mixin.py:188} INFO - [2025-08-14T17:55:08.095+0000] {dag.py:3834} INFO - Setting next_dagrun for example_python_decorator to None, run_after=None
[2025-08-14T17:55:08.114+0000] {processor.py:183} INFO - Processing /home/airflow/.local/lib/python3.8/site-packages/airflow/example_dags/example_python_decorator.py took 0.061 seconds
[2025-08-14T17:55:38.691+0000] {processor.py:161} INFO - Started process (PID=2159) to work on /home/airflow/.local/lib/python3.8/site-packages/airflow/example_dags/example_python_decorator.py
[2025-08-14T17:55:38.692+0000] {processor.py:830} INFO - Processing file /home/airflow/.local/lib/python3.8/site-packages/airflow/example_dags/example_python_decorator.py for tasks to queue
[2025-08-14T17:55:38.693+0000] {logging_mixin.py:188} INFO - [2025-08-14T17:55:38.693+0000] {dagbag.py:540} INFO - Filling up the DagBag from /home/airflow/.local/lib/python3.8/site-packages/airflow/example_dags/example_python_decorator.py
[2025-08-14T17:55:38.702+0000] {processor.py:840} INFO - DAG(s) 'example_python_decorator' retrieved from /home/airflow/.local/lib/python3.8/site-packages/airflow/example_dags/example_python_decorator.py
[2025-08-14T17:55:38.717+0000] {logging_mixin.py:188} INFO - [2025-08-14T17:55:38.717+0000] {dag.py:3047} INFO - Sync 1 DAGs
[2025-08-14T17:55:38.725+0000] {logging_mixin.py:188} INFO - [2025-08-14T17:55:38.725+0000] {dag.py:3834} INFO - Setting next_dagrun for example_python_decorator to None, run_after=None
[2025-08-14T17:55:38.740+0000] {processor.py:183} INFO - Processing /home/airflow/.local/lib/python3.8/site-packages/airflow/example_dags/example_python_decorator.py took 0.051 seconds
[2025-08-14T17:56:09.222+0000] {processor.py:161} INFO - Started process (PID=2215) to work on /home/airflow/.local/lib/python3.8/site-packages/airflow/example_dags/example_python_decorator.py
[2025-08-14T17:56:09.223+0000] {processor.py:830} INFO - Processing file /home/airflow/.local/lib/python3.8/site-packages/airflow/example_dags/example_python_decorator.py for tasks to queue
[2025-08-14T17:56:09.224+0000] {logging_mixin.py:188} INFO - [2025-08-14T17:56:09.224+0000] {dagbag.py:540} INFO - Filling up the DagBag from /home/airflow/.local/lib/python3.8/site-packages/airflow/example_dags/example_python_decorator.py
[2025-08-14T17:56:09.231+0000] {processor.py:840} INFO - DAG(s) 'example_python_decorator' retrieved from /home/airflow/.local/lib/python3.8/site-packages/airflow/example_dags/example_python_decorator.py
[2025-08-14T17:56:09.247+0000] {logging_mixin.py:188} INFO - [2025-08-14T17:56:09.247+0000] {dag.py:3047} INFO - Sync 1 DAGs
[2025-08-14T17:56:09.254+0000] {logging_mixin.py:188} INFO - [2025-08-14T17:56:09.254+0000] {dag.py:3834} INFO - Setting next_dagrun for example_python_decorator to None, run_after=None
[2025-08-14T17:56:09.265+0000] {processor.py:183} INFO - Processing /home/airflow/.local/lib/python3.8/site-packages/airflow/example_dags/example_python_decorator.py took 0.045 seconds
[2025-08-14T17:56:39.554+0000] {processor.py:161} INFO - Started process (PID=2271) to work on /home/airflow/.local/lib/python3.8/site-packages/airflow/example_dags/example_python_decorator.py
[2025-08-14T17:56:39.555+0000] {processor.py:830} INFO - Processing file /home/airflow/.local/lib/python3.8/site-packages/airflow/example_dags/example_python_decorator.py for tasks to queue
[2025-08-14T17:56:39.556+0000] {logging_mixin.py:188} INFO - [2025-08-14T17:56:39.556+0000] {dagbag.py:540} INFO - Filling up the DagBag from /home/airflow/.local/lib/python3.8/site-packages/airflow/example_dags/example_python_decorator.py
[2025-08-14T17:56:39.564+0000] {processor.py:840} INFO - DAG(s) 'example_python_decorator' retrieved from /home/airflow/.local/lib/python3.8/site-packages/airflow/example_dags/example_python_decorator.py
[2025-08-14T17:56:39.577+0000] {logging_mixin.py:188} INFO - [2025-08-14T17:56:39.577+0000] {dag.py:3047} INFO - Sync 1 DAGs
[2025-08-14T17:56:39.583+0000] {logging_mixin.py:188} INFO - [2025-08-14T17:56:39.583+0000] {dag.py:3834} INFO - Setting next_dagrun for example_python_decorator to None, run_after=None
[2025-08-14T17:56:39.595+0000] {processor.py:183} INFO - Processing /home/airflow/.local/lib/python3.8/site-packages/airflow/example_dags/example_python_decorator.py took 0.042 seconds
[2025-08-14T17:57:09.928+0000] {processor.py:161} INFO - Started process (PID=2327) to work on /home/airflow/.local/lib/python3.8/site-packages/airflow/example_dags/example_python_decorator.py
[2025-08-14T17:57:09.929+0000] {processor.py:830} INFO - Processing file /home/airflow/.local/lib/python3.8/site-packages/airflow/example_dags/example_python_decorator.py for tasks to queue
[2025-08-14T17:57:09.930+0000] {logging_mixin.py:188} INFO - [2025-08-14T17:57:09.930+0000] {dagbag.py:540} INFO - Filling up the DagBag from /home/airflow/.local/lib/python3.8/site-packages/airflow/example_dags/example_python_decorator.py
[2025-08-14T17:57:09.938+0000] {processor.py:840} INFO - DAG(s) 'example_python_decorator' retrieved from /home/airflow/.local/lib/python3.8/site-packages/airflow/example_dags/example_python_decorator.py
[2025-08-14T17:57:09.955+0000] {logging_mixin.py:188} INFO - [2025-08-14T17:57:09.955+0000] {dag.py:3047} INFO - Sync 1 DAGs
[2025-08-14T17:57:09.962+0000] {logging_mixin.py:188} INFO - [2025-08-14T17:57:09.962+0000] {dag.py:3834} INFO - Setting next_dagrun for example_python_decorator to None, run_after=None
[2025-08-14T17:57:09.971+0000] {processor.py:183} INFO - Processing /home/airflow/.local/lib/python3.8/site-packages/airflow/example_dags/example_python_decorator.py took 0.045 seconds
[2025-08-14T17:57:40.367+0000] {processor.py:161} INFO - Started process (PID=2383) to work on /home/airflow/.local/lib/python3.8/site-packages/airflow/example_dags/example_python_decorator.py
[2025-08-14T17:57:40.368+0000] {processor.py:830} INFO - Processing file /home/airflow/.local/lib/python3.8/site-packages/airflow/example_dags/example_python_decorator.py for tasks to queue
[2025-08-14T17:57:40.369+0000] {logging_mixin.py:188} INFO - [2025-08-14T17:57:40.369+0000] {dagbag.py:540} INFO - Filling up the DagBag from /home/airflow/.local/lib/python3.8/site-packages/airflow/example_dags/example_python_decorator.py
[2025-08-14T17:57:40.376+0000] {processor.py:840} INFO - DAG(s) 'example_python_decorator' retrieved from /home/airflow/.local/lib/python3.8/site-packages/airflow/example_dags/example_python_decorator.py
[2025-08-14T17:57:40.389+0000] {logging_mixin.py:188} INFO - [2025-08-14T17:57:40.389+0000] {dag.py:3047} INFO - Sync 1 DAGs
[2025-08-14T17:57:40.398+0000] {logging_mixin.py:188} INFO - [2025-08-14T17:57:40.398+0000] {dag.py:3834} INFO - Setting next_dagrun for example_python_decorator to None, run_after=None
[2025-08-14T17:57:40.409+0000] {processor.py:183} INFO - Processing /home/airflow/.local/lib/python3.8/site-packages/airflow/example_dags/example_python_decorator.py took 0.044 seconds
[2025-08-14T17:58:11.162+0000] {processor.py:161} INFO - Started process (PID=2439) to work on /home/airflow/.local/lib/python3.8/site-packages/airflow/example_dags/example_python_decorator.py
[2025-08-14T17:58:11.163+0000] {processor.py:830} INFO - Processing file /home/airflow/.local/lib/python3.8/site-packages/airflow/example_dags/example_python_decorator.py for tasks to queue
[2025-08-14T17:58:11.164+0000] {logging_mixin.py:188} INFO - [2025-08-14T17:58:11.164+0000] {dagbag.py:540} INFO - Filling up the DagBag from /home/airflow/.local/lib/python3.8/site-packages/airflow/example_dags/example_python_decorator.py
[2025-08-14T17:58:11.171+0000] {processor.py:840} INFO - DAG(s) 'example_python_decorator' retrieved from /home/airflow/.local/lib/python3.8/site-packages/airflow/example_dags/example_python_decorator.py
[2025-08-14T17:58:11.194+0000] {logging_mixin.py:188} INFO - [2025-08-14T17:58:11.194+0000] {dag.py:3047} INFO - Sync 1 DAGs
[2025-08-14T17:58:11.206+0000] {logging_mixin.py:188} INFO - [2025-08-14T17:58:11.206+0000] {dag.py:3834} INFO - Setting next_dagrun for example_python_decorator to None, run_after=None
[2025-08-14T17:58:11.218+0000] {processor.py:183} INFO - Processing /home/airflow/.local/lib/python3.8/site-packages/airflow/example_dags/example_python_decorator.py took 0.058 seconds
[2025-08-14T17:58:41.946+0000] {processor.py:161} INFO - Started process (PID=2495) to work on /home/airflow/.local/lib/python3.8/site-packages/airflow/example_dags/example_python_decorator.py
[2025-08-14T17:58:41.947+0000] {processor.py:830} INFO - Processing file /home/airflow/.local/lib/python3.8/site-packages/airflow/example_dags/example_python_decorator.py for tasks to queue
[2025-08-14T17:58:41.948+0000] {logging_mixin.py:188} INFO - [2025-08-14T17:58:41.948+0000] {dagbag.py:540} INFO - Filling up the DagBag from /home/airflow/.local/lib/python3.8/site-packages/airflow/example_dags/example_python_decorator.py
[2025-08-14T17:58:41.956+0000] {processor.py:840} INFO - DAG(s) 'example_python_decorator' retrieved from /home/airflow/.local/lib/python3.8/site-packages/airflow/example_dags/example_python_decorator.py
[2025-08-14T17:58:41.969+0000] {logging_mixin.py:188} INFO - [2025-08-14T17:58:41.969+0000] {dag.py:3047} INFO - Sync 1 DAGs
[2025-08-14T17:58:41.975+0000] {logging_mixin.py:188} INFO - [2025-08-14T17:58:41.975+0000] {dag.py:3834} INFO - Setting next_dagrun for example_python_decorator to None, run_after=None
[2025-08-14T17:58:41.986+0000] {processor.py:183} INFO - Processing /home/airflow/.local/lib/python3.8/site-packages/airflow/example_dags/example_python_decorator.py took 0.043 seconds
[2025-08-14T17:59:12.327+0000] {processor.py:161} INFO - Started process (PID=2551) to work on /home/airflow/.local/lib/python3.8/site-packages/airflow/example_dags/example_python_decorator.py
[2025-08-14T17:59:12.328+0000] {processor.py:830} INFO - Processing file /home/airflow/.local/lib/python3.8/site-packages/airflow/example_dags/example_python_decorator.py for tasks to queue
[2025-08-14T17:59:12.331+0000] {logging_mixin.py:188} INFO - [2025-08-14T17:59:12.330+0000] {dagbag.py:540} INFO - Filling up the DagBag from /home/airflow/.local/lib/python3.8/site-packages/airflow/example_dags/example_python_decorator.py
[2025-08-14T17:59:12.341+0000] {processor.py:840} INFO - DAG(s) 'example_python_decorator' retrieved from /home/airflow/.local/lib/python3.8/site-packages/airflow/example_dags/example_python_decorator.py
[2025-08-14T17:59:12.361+0000] {logging_mixin.py:188} INFO - [2025-08-14T17:59:12.361+0000] {dag.py:3047} INFO - Sync 1 DAGs
[2025-08-14T17:59:12.385+0000] {logging_mixin.py:188} INFO - [2025-08-14T17:59:12.385+0000] {dag.py:3834} INFO - Setting next_dagrun for example_python_decorator to None, run_after=None
[2025-08-14T17:59:12.399+0000] {processor.py:183} INFO - Processing /home/airflow/.local/lib/python3.8/site-packages/airflow/example_dags/example_python_decorator.py took 0.074 seconds
[2025-08-14T17:59:42.517+0000] {processor.py:161} INFO - Started process (PID=2607) to work on /home/airflow/.local/lib/python3.8/site-packages/airflow/example_dags/example_python_decorator.py
[2025-08-14T17:59:42.521+0000] {processor.py:830} INFO - Processing file /home/airflow/.local/lib/python3.8/site-packages/airflow/example_dags/example_python_decorator.py for tasks to queue
[2025-08-14T17:59:42.522+0000] {logging_mixin.py:188} INFO - [2025-08-14T17:59:42.522+0000] {dagbag.py:540} INFO - Filling up the DagBag from /home/airflow/.local/lib/python3.8/site-packages/airflow/example_dags/example_python_decorator.py
[2025-08-14T17:59:42.531+0000] {processor.py:840} INFO - DAG(s) 'example_python_decorator' retrieved from /home/airflow/.local/lib/python3.8/site-packages/airflow/example_dags/example_python_decorator.py
[2025-08-14T17:59:42.549+0000] {logging_mixin.py:188} INFO - [2025-08-14T17:59:42.549+0000] {dag.py:3047} INFO - Sync 1 DAGs
[2025-08-14T17:59:42.560+0000] {logging_mixin.py:188} INFO - [2025-08-14T17:59:42.560+0000] {dag.py:3834} INFO - Setting next_dagrun for example_python_decorator to None, run_after=None
[2025-08-14T17:59:42.598+0000] {processor.py:183} INFO - Processing /home/airflow/.local/lib/python3.8/site-packages/airflow/example_dags/example_python_decorator.py took 0.083 seconds
[2025-08-14T18:00:13.044+0000] {processor.py:161} INFO - Started process (PID=2662) to work on /home/airflow/.local/lib/python3.8/site-packages/airflow/example_dags/example_python_decorator.py
[2025-08-14T18:00:13.045+0000] {processor.py:830} INFO - Processing file /home/airflow/.local/lib/python3.8/site-packages/airflow/example_dags/example_python_decorator.py for tasks to queue
[2025-08-14T18:00:13.047+0000] {logging_mixin.py:188} INFO - [2025-08-14T18:00:13.047+0000] {dagbag.py:540} INFO - Filling up the DagBag from /home/airflow/.local/lib/python3.8/site-packages/airflow/example_dags/example_python_decorator.py
[2025-08-14T18:00:13.055+0000] {processor.py:840} INFO - DAG(s) 'example_python_decorator' retrieved from /home/airflow/.local/lib/python3.8/site-packages/airflow/example_dags/example_python_decorator.py
[2025-08-14T18:00:13.077+0000] {logging_mixin.py:188} INFO - [2025-08-14T18:00:13.076+0000] {dag.py:3047} INFO - Sync 1 DAGs
[2025-08-14T18:00:13.086+0000] {logging_mixin.py:188} INFO - [2025-08-14T18:00:13.086+0000] {dag.py:3834} INFO - Setting next_dagrun for example_python_decorator to None, run_after=None
[2025-08-14T18:00:13.097+0000] {processor.py:183} INFO - Processing /home/airflow/.local/lib/python3.8/site-packages/airflow/example_dags/example_python_decorator.py took 0.056 seconds
[2025-08-14T18:00:43.301+0000] {processor.py:161} INFO - Started process (PID=2718) to work on /home/airflow/.local/lib/python3.8/site-packages/airflow/example_dags/example_python_decorator.py
[2025-08-14T18:00:43.302+0000] {processor.py:830} INFO - Processing file /home/airflow/.local/lib/python3.8/site-packages/airflow/example_dags/example_python_decorator.py for tasks to queue
[2025-08-14T18:00:43.303+0000] {logging_mixin.py:188} INFO - [2025-08-14T18:00:43.303+0000] {dagbag.py:540} INFO - Filling up the DagBag from /home/airflow/.local/lib/python3.8/site-packages/airflow/example_dags/example_python_decorator.py
[2025-08-14T18:00:43.326+0000] {processor.py:840} INFO - DAG(s) 'example_python_decorator' retrieved from /home/airflow/.local/lib/python3.8/site-packages/airflow/example_dags/example_python_decorator.py
[2025-08-14T18:00:43.356+0000] {logging_mixin.py:188} INFO - [2025-08-14T18:00:43.356+0000] {dag.py:3047} INFO - Sync 1 DAGs
[2025-08-14T18:00:43.364+0000] {logging_mixin.py:188} INFO - [2025-08-14T18:00:43.364+0000] {dag.py:3834} INFO - Setting next_dagrun for example_python_decorator to None, run_after=None
[2025-08-14T18:00:43.376+0000] {processor.py:183} INFO - Processing /home/airflow/.local/lib/python3.8/site-packages/airflow/example_dags/example_python_decorator.py took 0.077 seconds
[2025-08-14T18:01:13.653+0000] {processor.py:161} INFO - Started process (PID=2774) to work on /home/airflow/.local/lib/python3.8/site-packages/airflow/example_dags/example_python_decorator.py
[2025-08-14T18:01:13.654+0000] {processor.py:830} INFO - Processing file /home/airflow/.local/lib/python3.8/site-packages/airflow/example_dags/example_python_decorator.py for tasks to queue
[2025-08-14T18:01:13.655+0000] {logging_mixin.py:188} INFO - [2025-08-14T18:01:13.655+0000] {dagbag.py:540} INFO - Filling up the DagBag from /home/airflow/.local/lib/python3.8/site-packages/airflow/example_dags/example_python_decorator.py
[2025-08-14T18:01:13.666+0000] {processor.py:840} INFO - DAG(s) 'example_python_decorator' retrieved from /home/airflow/.local/lib/python3.8/site-packages/airflow/example_dags/example_python_decorator.py
[2025-08-14T18:01:13.684+0000] {logging_mixin.py:188} INFO - [2025-08-14T18:01:13.684+0000] {dag.py:3047} INFO - Sync 1 DAGs
[2025-08-14T18:01:13.695+0000] {logging_mixin.py:188} INFO - [2025-08-14T18:01:13.695+0000] {dag.py:3834} INFO - Setting next_dagrun for example_python_decorator to None, run_after=None
[2025-08-14T18:01:13.711+0000] {processor.py:183} INFO - Processing /home/airflow/.local/lib/python3.8/site-packages/airflow/example_dags/example_python_decorator.py took 0.062 seconds
[2025-08-14T18:01:44.236+0000] {processor.py:161} INFO - Started process (PID=2830) to work on /home/airflow/.local/lib/python3.8/site-packages/airflow/example_dags/example_python_decorator.py
[2025-08-14T18:01:44.239+0000] {processor.py:830} INFO - Processing file /home/airflow/.local/lib/python3.8/site-packages/airflow/example_dags/example_python_decorator.py for tasks to queue
[2025-08-14T18:01:44.241+0000] {logging_mixin.py:188} INFO - [2025-08-14T18:01:44.241+0000] {dagbag.py:540} INFO - Filling up the DagBag from /home/airflow/.local/lib/python3.8/site-packages/airflow/example_dags/example_python_decorator.py
[2025-08-14T18:01:44.247+0000] {processor.py:840} INFO - DAG(s) 'example_python_decorator' retrieved from /home/airflow/.local/lib/python3.8/site-packages/airflow/example_dags/example_python_decorator.py
[2025-08-14T18:01:44.262+0000] {logging_mixin.py:188} INFO - [2025-08-14T18:01:44.262+0000] {dag.py:3047} INFO - Sync 1 DAGs
[2025-08-14T18:01:44.270+0000] {logging_mixin.py:188} INFO - [2025-08-14T18:01:44.270+0000] {dag.py:3834} INFO - Setting next_dagrun for example_python_decorator to None, run_after=None
[2025-08-14T18:01:44.282+0000] {processor.py:183} INFO - Processing /home/airflow/.local/lib/python3.8/site-packages/airflow/example_dags/example_python_decorator.py took 0.049 seconds
[2025-08-14T18:02:14.854+0000] {processor.py:161} INFO - Started process (PID=2886) to work on /home/airflow/.local/lib/python3.8/site-packages/airflow/example_dags/example_python_decorator.py
[2025-08-14T18:02:14.855+0000] {processor.py:830} INFO - Processing file /home/airflow/.local/lib/python3.8/site-packages/airflow/example_dags/example_python_decorator.py for tasks to queue
[2025-08-14T18:02:14.855+0000] {logging_mixin.py:188} INFO - [2025-08-14T18:02:14.855+0000] {dagbag.py:540} INFO - Filling up the DagBag from /home/airflow/.local/lib/python3.8/site-packages/airflow/example_dags/example_python_decorator.py
[2025-08-14T18:02:14.862+0000] {processor.py:840} INFO - DAG(s) 'example_python_decorator' retrieved from /home/airflow/.local/lib/python3.8/site-packages/airflow/example_dags/example_python_decorator.py
[2025-08-14T18:02:14.873+0000] {logging_mixin.py:188} INFO - [2025-08-14T18:02:14.873+0000] {dag.py:3047} INFO - Sync 1 DAGs
[2025-08-14T18:02:14.878+0000] {logging_mixin.py:188} INFO - [2025-08-14T18:02:14.878+0000] {dag.py:3834} INFO - Setting next_dagrun for example_python_decorator to None, run_after=None
[2025-08-14T18:02:14.886+0000] {processor.py:183} INFO - Processing /home/airflow/.local/lib/python3.8/site-packages/airflow/example_dags/example_python_decorator.py took 0.033 seconds
[2025-08-14T18:02:45.585+0000] {processor.py:161} INFO - Started process (PID=2942) to work on /home/airflow/.local/lib/python3.8/site-packages/airflow/example_dags/example_python_decorator.py
[2025-08-14T18:02:45.586+0000] {processor.py:830} INFO - Processing file /home/airflow/.local/lib/python3.8/site-packages/airflow/example_dags/example_python_decorator.py for tasks to queue
[2025-08-14T18:02:45.587+0000] {logging_mixin.py:188} INFO - [2025-08-14T18:02:45.587+0000] {dagbag.py:540} INFO - Filling up the DagBag from /home/airflow/.local/lib/python3.8/site-packages/airflow/example_dags/example_python_decorator.py
[2025-08-14T18:02:45.595+0000] {processor.py:840} INFO - DAG(s) 'example_python_decorator' retrieved from /home/airflow/.local/lib/python3.8/site-packages/airflow/example_dags/example_python_decorator.py
[2025-08-14T18:02:45.614+0000] {logging_mixin.py:188} INFO - [2025-08-14T18:02:45.614+0000] {dag.py:3047} INFO - Sync 1 DAGs
[2025-08-14T18:02:45.624+0000] {logging_mixin.py:188} INFO - [2025-08-14T18:02:45.623+0000] {dag.py:3834} INFO - Setting next_dagrun for example_python_decorator to None, run_after=None
[2025-08-14T18:02:45.640+0000] {processor.py:183} INFO - Processing /home/airflow/.local/lib/python3.8/site-packages/airflow/example_dags/example_python_decorator.py took 0.057 seconds
[2025-08-14T18:03:15.719+0000] {processor.py:161} INFO - Started process (PID=2998) to work on /home/airflow/.local/lib/python3.8/site-packages/airflow/example_dags/example_python_decorator.py
[2025-08-14T18:03:15.721+0000] {processor.py:830} INFO - Processing file /home/airflow/.local/lib/python3.8/site-packages/airflow/example_dags/example_python_decorator.py for tasks to queue
[2025-08-14T18:03:15.722+0000] {logging_mixin.py:188} INFO - [2025-08-14T18:03:15.722+0000] {dagbag.py:540} INFO - Filling up the DagBag from /home/airflow/.local/lib/python3.8/site-packages/airflow/example_dags/example_python_decorator.py
[2025-08-14T18:03:15.732+0000] {processor.py:840} INFO - DAG(s) 'example_python_decorator' retrieved from /home/airflow/.local/lib/python3.8/site-packages/airflow/example_dags/example_python_decorator.py
[2025-08-14T18:03:15.748+0000] {logging_mixin.py:188} INFO - [2025-08-14T18:03:15.748+0000] {dag.py:3047} INFO - Sync 1 DAGs
[2025-08-14T18:03:15.756+0000] {logging_mixin.py:188} INFO - [2025-08-14T18:03:15.755+0000] {dag.py:3834} INFO - Setting next_dagrun for example_python_decorator to None, run_after=None
[2025-08-14T18:03:15.766+0000] {processor.py:183} INFO - Processing /home/airflow/.local/lib/python3.8/site-packages/airflow/example_dags/example_python_decorator.py took 0.050 seconds
[2025-08-14T18:03:45.839+0000] {processor.py:161} INFO - Started process (PID=3054) to work on /home/airflow/.local/lib/python3.8/site-packages/airflow/example_dags/example_python_decorator.py
[2025-08-14T18:03:45.840+0000] {processor.py:830} INFO - Processing file /home/airflow/.local/lib/python3.8/site-packages/airflow/example_dags/example_python_decorator.py for tasks to queue
[2025-08-14T18:03:45.841+0000] {logging_mixin.py:188} INFO - [2025-08-14T18:03:45.841+0000] {dagbag.py:540} INFO - Filling up the DagBag from /home/airflow/.local/lib/python3.8/site-packages/airflow/example_dags/example_python_decorator.py
[2025-08-14T18:03:45.858+0000] {processor.py:840} INFO - DAG(s) 'example_python_decorator' retrieved from /home/airflow/.local/lib/python3.8/site-packages/airflow/example_dags/example_python_decorator.py
[2025-08-14T18:03:45.875+0000] {logging_mixin.py:188} INFO - [2025-08-14T18:03:45.874+0000] {dag.py:3047} INFO - Sync 1 DAGs
[2025-08-14T18:03:45.885+0000] {logging_mixin.py:188} INFO - [2025-08-14T18:03:45.885+0000] {dag.py:3834} INFO - Setting next_dagrun for example_python_decorator to None, run_after=None
[2025-08-14T18:03:45.900+0000] {processor.py:183} INFO - Processing /home/airflow/.local/lib/python3.8/site-packages/airflow/example_dags/example_python_decorator.py took 0.064 seconds
[2025-08-14T18:04:16.550+0000] {processor.py:161} INFO - Started process (PID=3110) to work on /home/airflow/.local/lib/python3.8/site-packages/airflow/example_dags/example_python_decorator.py
[2025-08-14T18:04:16.551+0000] {processor.py:830} INFO - Processing file /home/airflow/.local/lib/python3.8/site-packages/airflow/example_dags/example_python_decorator.py for tasks to queue
[2025-08-14T18:04:16.553+0000] {logging_mixin.py:188} INFO - [2025-08-14T18:04:16.552+0000] {dagbag.py:540} INFO - Filling up the DagBag from /home/airflow/.local/lib/python3.8/site-packages/airflow/example_dags/example_python_decorator.py
[2025-08-14T18:04:16.561+0000] {processor.py:840} INFO - DAG(s) 'example_python_decorator' retrieved from /home/airflow/.local/lib/python3.8/site-packages/airflow/example_dags/example_python_decorator.py
[2025-08-14T18:04:16.575+0000] {logging_mixin.py:188} INFO - [2025-08-14T18:04:16.574+0000] {dag.py:3047} INFO - Sync 1 DAGs
[2025-08-14T18:04:16.582+0000] {logging_mixin.py:188} INFO - [2025-08-14T18:04:16.582+0000] {dag.py:3834} INFO - Setting next_dagrun for example_python_decorator to None, run_after=None
[2025-08-14T18:04:16.602+0000] {processor.py:183} INFO - Processing /home/airflow/.local/lib/python3.8/site-packages/airflow/example_dags/example_python_decorator.py took 0.055 seconds
[2025-08-14T18:04:47.121+0000] {processor.py:161} INFO - Started process (PID=3166) to work on /home/airflow/.local/lib/python3.8/site-packages/airflow/example_dags/example_python_decorator.py
[2025-08-14T18:04:47.122+0000] {processor.py:830} INFO - Processing file /home/airflow/.local/lib/python3.8/site-packages/airflow/example_dags/example_python_decorator.py for tasks to queue
[2025-08-14T18:04:47.124+0000] {logging_mixin.py:188} INFO - [2025-08-14T18:04:47.124+0000] {dagbag.py:540} INFO - Filling up the DagBag from /home/airflow/.local/lib/python3.8/site-packages/airflow/example_dags/example_python_decorator.py
[2025-08-14T18:04:47.132+0000] {processor.py:840} INFO - DAG(s) 'example_python_decorator' retrieved from /home/airflow/.local/lib/python3.8/site-packages/airflow/example_dags/example_python_decorator.py
[2025-08-14T18:04:47.145+0000] {logging_mixin.py:188} INFO - [2025-08-14T18:04:47.145+0000] {dag.py:3047} INFO - Sync 1 DAGs
[2025-08-14T18:04:47.151+0000] {logging_mixin.py:188} INFO - [2025-08-14T18:04:47.151+0000] {dag.py:3834} INFO - Setting next_dagrun for example_python_decorator to None, run_after=None
[2025-08-14T18:04:47.160+0000] {processor.py:183} INFO - Processing /home/airflow/.local/lib/python3.8/site-packages/airflow/example_dags/example_python_decorator.py took 0.041 seconds
[2025-08-14T18:05:17.750+0000] {processor.py:161} INFO - Started process (PID=3220) to work on /home/airflow/.local/lib/python3.8/site-packages/airflow/example_dags/example_python_decorator.py
[2025-08-14T18:05:17.751+0000] {processor.py:830} INFO - Processing file /home/airflow/.local/lib/python3.8/site-packages/airflow/example_dags/example_python_decorator.py for tasks to queue
[2025-08-14T18:05:17.753+0000] {logging_mixin.py:188} INFO - [2025-08-14T18:05:17.752+0000] {dagbag.py:540} INFO - Filling up the DagBag from /home/airflow/.local/lib/python3.8/site-packages/airflow/example_dags/example_python_decorator.py
[2025-08-14T18:05:17.762+0000] {processor.py:840} INFO - DAG(s) 'example_python_decorator' retrieved from /home/airflow/.local/lib/python3.8/site-packages/airflow/example_dags/example_python_decorator.py
[2025-08-14T18:05:17.778+0000] {logging_mixin.py:188} INFO - [2025-08-14T18:05:17.777+0000] {dag.py:3047} INFO - Sync 1 DAGs
[2025-08-14T18:05:17.790+0000] {logging_mixin.py:188} INFO - [2025-08-14T18:05:17.789+0000] {dag.py:3834} INFO - Setting next_dagrun for example_python_decorator to None, run_after=None
[2025-08-14T18:05:17.814+0000] {processor.py:183} INFO - Processing /home/airflow/.local/lib/python3.8/site-packages/airflow/example_dags/example_python_decorator.py took 0.067 seconds
[2025-08-14T18:05:48.906+0000] {processor.py:161} INFO - Started process (PID=3276) to work on /home/airflow/.local/lib/python3.8/site-packages/airflow/example_dags/example_python_decorator.py
[2025-08-14T18:05:48.907+0000] {processor.py:830} INFO - Processing file /home/airflow/.local/lib/python3.8/site-packages/airflow/example_dags/example_python_decorator.py for tasks to queue
[2025-08-14T18:05:48.909+0000] {logging_mixin.py:188} INFO - [2025-08-14T18:05:48.909+0000] {dagbag.py:540} INFO - Filling up the DagBag from /home/airflow/.local/lib/python3.8/site-packages/airflow/example_dags/example_python_decorator.py
[2025-08-14T18:05:48.916+0000] {processor.py:840} INFO - DAG(s) 'example_python_decorator' retrieved from /home/airflow/.local/lib/python3.8/site-packages/airflow/example_dags/example_python_decorator.py
[2025-08-14T18:05:48.941+0000] {logging_mixin.py:188} INFO - [2025-08-14T18:05:48.941+0000] {dag.py:3047} INFO - Sync 1 DAGs
[2025-08-14T18:05:48.950+0000] {logging_mixin.py:188} INFO - [2025-08-14T18:05:48.950+0000] {dag.py:3834} INFO - Setting next_dagrun for example_python_decorator to None, run_after=None
[2025-08-14T18:05:48.962+0000] {processor.py:183} INFO - Processing /home/airflow/.local/lib/python3.8/site-packages/airflow/example_dags/example_python_decorator.py took 0.058 seconds
