[2025-08-14T17:36:46.404+0000] {processor.py:161} INFO - Started process (PID=77) to work on /home/airflow/.local/lib/python3.8/site-packages/airflow/example_dags/example_latest_only_with_trigger.py
[2025-08-14T17:36:46.412+0000] {processor.py:830} INFO - Processing file /home/airflow/.local/lib/python3.8/site-packages/airflow/example_dags/example_latest_only_with_trigger.py for tasks to queue
[2025-08-14T17:36:46.420+0000] {logging_mixin.py:188} INFO - [2025-08-14T17:36:46.419+0000] {dagbag.py:540} INFO - Filling up the DagBag from /home/airflow/.local/lib/python3.8/site-packages/airflow/example_dags/example_latest_only_with_trigger.py
[2025-08-14T17:36:46.500+0000] {processor.py:840} INFO - DAG(s) 'latest_only_with_trigger' retrieved from /home/airflow/.local/lib/python3.8/site-packages/airflow/example_dags/example_latest_only_with_trigger.py
[2025-08-14T17:36:46.572+0000] {logging_mixin.py:188} INFO - [2025-08-14T17:36:46.572+0000] {dag.py:3047} INFO - Sync 1 DAGs
[2025-08-14T17:36:46.646+0000] {logging_mixin.py:188} INFO - [2025-08-14T17:36:46.645+0000] {dag.py:3834} INFO - Setting next_dagrun for latest_only_with_trigger to 2025-08-14 12:00:00+00:00, run_after=2025-08-14 16:00:00+00:00
[2025-08-14T17:36:46.724+0000] {processor.py:183} INFO - Processing /home/airflow/.local/lib/python3.8/site-packages/airflow/example_dags/example_latest_only_with_trigger.py took 0.331 seconds
[2025-08-14T17:37:17.451+0000] {processor.py:161} INFO - Started process (PID=133) to work on /home/airflow/.local/lib/python3.8/site-packages/airflow/example_dags/example_latest_only_with_trigger.py
[2025-08-14T17:37:17.461+0000] {processor.py:830} INFO - Processing file /home/airflow/.local/lib/python3.8/site-packages/airflow/example_dags/example_latest_only_with_trigger.py for tasks to queue
[2025-08-14T17:37:17.464+0000] {logging_mixin.py:188} INFO - [2025-08-14T17:37:17.463+0000] {dagbag.py:540} INFO - Filling up the DagBag from /home/airflow/.local/lib/python3.8/site-packages/airflow/example_dags/example_latest_only_with_trigger.py
[2025-08-14T17:37:17.472+0000] {processor.py:840} INFO - DAG(s) 'latest_only_with_trigger' retrieved from /home/airflow/.local/lib/python3.8/site-packages/airflow/example_dags/example_latest_only_with_trigger.py
[2025-08-14T17:37:17.541+0000] {logging_mixin.py:188} INFO - [2025-08-14T17:37:17.541+0000] {dag.py:3047} INFO - Sync 1 DAGs
[2025-08-14T17:37:17.553+0000] {logging_mixin.py:188} INFO - [2025-08-14T17:37:17.553+0000] {dag.py:3834} INFO - Setting next_dagrun for latest_only_with_trigger to 2025-08-14 12:00:00+00:00, run_after=2025-08-14 16:00:00+00:00
[2025-08-14T17:37:17.571+0000] {processor.py:183} INFO - Processing /home/airflow/.local/lib/python3.8/site-packages/airflow/example_dags/example_latest_only_with_trigger.py took 0.124 seconds
[2025-08-14T17:37:48.178+0000] {processor.py:161} INFO - Started process (PID=189) to work on /home/airflow/.local/lib/python3.8/site-packages/airflow/example_dags/example_latest_only_with_trigger.py
[2025-08-14T17:37:48.186+0000] {processor.py:830} INFO - Processing file /home/airflow/.local/lib/python3.8/site-packages/airflow/example_dags/example_latest_only_with_trigger.py for tasks to queue
[2025-08-14T17:37:48.190+0000] {logging_mixin.py:188} INFO - [2025-08-14T17:37:48.189+0000] {dagbag.py:540} INFO - Filling up the DagBag from /home/airflow/.local/lib/python3.8/site-packages/airflow/example_dags/example_latest_only_with_trigger.py
[2025-08-14T17:37:48.196+0000] {processor.py:840} INFO - DAG(s) 'latest_only_with_trigger' retrieved from /home/airflow/.local/lib/python3.8/site-packages/airflow/example_dags/example_latest_only_with_trigger.py
[2025-08-14T17:37:48.216+0000] {logging_mixin.py:188} INFO - [2025-08-14T17:37:48.216+0000] {dag.py:3047} INFO - Sync 1 DAGs
[2025-08-14T17:37:48.231+0000] {logging_mixin.py:188} INFO - [2025-08-14T17:37:48.230+0000] {dag.py:3834} INFO - Setting next_dagrun for latest_only_with_trigger to 2025-08-14 12:00:00+00:00, run_after=2025-08-14 16:00:00+00:00
[2025-08-14T17:37:48.243+0000] {processor.py:183} INFO - Processing /home/airflow/.local/lib/python3.8/site-packages/airflow/example_dags/example_latest_only_with_trigger.py took 0.069 seconds
[2025-08-14T17:38:19.023+0000] {processor.py:161} INFO - Started process (PID=245) to work on /home/airflow/.local/lib/python3.8/site-packages/airflow/example_dags/example_latest_only_with_trigger.py
[2025-08-14T17:38:19.024+0000] {processor.py:830} INFO - Processing file /home/airflow/.local/lib/python3.8/site-packages/airflow/example_dags/example_latest_only_with_trigger.py for tasks to queue
[2025-08-14T17:38:19.026+0000] {logging_mixin.py:188} INFO - [2025-08-14T17:38:19.026+0000] {dagbag.py:540} INFO - Filling up the DagBag from /home/airflow/.local/lib/python3.8/site-packages/airflow/example_dags/example_latest_only_with_trigger.py
[2025-08-14T17:38:19.036+0000] {processor.py:840} INFO - DAG(s) 'latest_only_with_trigger' retrieved from /home/airflow/.local/lib/python3.8/site-packages/airflow/example_dags/example_latest_only_with_trigger.py
[2025-08-14T17:38:19.058+0000] {logging_mixin.py:188} INFO - [2025-08-14T17:38:19.058+0000] {dag.py:3047} INFO - Sync 1 DAGs
[2025-08-14T17:38:19.092+0000] {logging_mixin.py:188} INFO - [2025-08-14T17:38:19.092+0000] {dag.py:3834} INFO - Setting next_dagrun for latest_only_with_trigger to 2025-08-14 12:00:00+00:00, run_after=2025-08-14 16:00:00+00:00
[2025-08-14T17:38:19.147+0000] {processor.py:183} INFO - Processing /home/airflow/.local/lib/python3.8/site-packages/airflow/example_dags/example_latest_only_with_trigger.py took 0.128 seconds
[2025-08-14T17:38:49.661+0000] {processor.py:161} INFO - Started process (PID=302) to work on /home/airflow/.local/lib/python3.8/site-packages/airflow/example_dags/example_latest_only_with_trigger.py
[2025-08-14T17:38:49.664+0000] {processor.py:830} INFO - Processing file /home/airflow/.local/lib/python3.8/site-packages/airflow/example_dags/example_latest_only_with_trigger.py for tasks to queue
[2025-08-14T17:38:49.667+0000] {logging_mixin.py:188} INFO - [2025-08-14T17:38:49.667+0000] {dagbag.py:540} INFO - Filling up the DagBag from /home/airflow/.local/lib/python3.8/site-packages/airflow/example_dags/example_latest_only_with_trigger.py
[2025-08-14T17:38:49.676+0000] {processor.py:840} INFO - DAG(s) 'latest_only_with_trigger' retrieved from /home/airflow/.local/lib/python3.8/site-packages/airflow/example_dags/example_latest_only_with_trigger.py
[2025-08-14T17:38:49.696+0000] {logging_mixin.py:188} INFO - [2025-08-14T17:38:49.696+0000] {dag.py:3047} INFO - Sync 1 DAGs
[2025-08-14T17:38:49.710+0000] {logging_mixin.py:188} INFO - [2025-08-14T17:38:49.710+0000] {dag.py:3834} INFO - Setting next_dagrun for latest_only_with_trigger to 2025-08-14 12:00:00+00:00, run_after=2025-08-14 16:00:00+00:00
[2025-08-14T17:38:49.727+0000] {processor.py:183} INFO - Processing /home/airflow/.local/lib/python3.8/site-packages/airflow/example_dags/example_latest_only_with_trigger.py took 0.070 seconds
[2025-08-14T17:39:19.925+0000] {processor.py:161} INFO - Started process (PID=358) to work on /home/airflow/.local/lib/python3.8/site-packages/airflow/example_dags/example_latest_only_with_trigger.py
[2025-08-14T17:39:19.931+0000] {processor.py:830} INFO - Processing file /home/airflow/.local/lib/python3.8/site-packages/airflow/example_dags/example_latest_only_with_trigger.py for tasks to queue
[2025-08-14T17:39:19.935+0000] {logging_mixin.py:188} INFO - [2025-08-14T17:39:19.934+0000] {dagbag.py:540} INFO - Filling up the DagBag from /home/airflow/.local/lib/python3.8/site-packages/airflow/example_dags/example_latest_only_with_trigger.py
[2025-08-14T17:39:19.942+0000] {processor.py:840} INFO - DAG(s) 'latest_only_with_trigger' retrieved from /home/airflow/.local/lib/python3.8/site-packages/airflow/example_dags/example_latest_only_with_trigger.py
[2025-08-14T17:39:19.966+0000] {logging_mixin.py:188} INFO - [2025-08-14T17:39:19.966+0000] {dag.py:3047} INFO - Sync 1 DAGs
[2025-08-14T17:39:19.983+0000] {logging_mixin.py:188} INFO - [2025-08-14T17:39:19.983+0000] {dag.py:3834} INFO - Setting next_dagrun for latest_only_with_trigger to 2025-08-14 12:00:00+00:00, run_after=2025-08-14 16:00:00+00:00
[2025-08-14T17:39:20.001+0000] {processor.py:183} INFO - Processing /home/airflow/.local/lib/python3.8/site-packages/airflow/example_dags/example_latest_only_with_trigger.py took 0.081 seconds
[2025-08-14T17:39:50.830+0000] {processor.py:161} INFO - Started process (PID=414) to work on /home/airflow/.local/lib/python3.8/site-packages/airflow/example_dags/example_latest_only_with_trigger.py
[2025-08-14T17:39:50.836+0000] {processor.py:830} INFO - Processing file /home/airflow/.local/lib/python3.8/site-packages/airflow/example_dags/example_latest_only_with_trigger.py for tasks to queue
[2025-08-14T17:39:50.840+0000] {logging_mixin.py:188} INFO - [2025-08-14T17:39:50.839+0000] {dagbag.py:540} INFO - Filling up the DagBag from /home/airflow/.local/lib/python3.8/site-packages/airflow/example_dags/example_latest_only_with_trigger.py
[2025-08-14T17:39:50.849+0000] {processor.py:840} INFO - DAG(s) 'latest_only_with_trigger' retrieved from /home/airflow/.local/lib/python3.8/site-packages/airflow/example_dags/example_latest_only_with_trigger.py
[2025-08-14T17:39:50.878+0000] {logging_mixin.py:188} INFO - [2025-08-14T17:39:50.878+0000] {dag.py:3047} INFO - Sync 1 DAGs
[2025-08-14T17:39:50.898+0000] {logging_mixin.py:188} INFO - [2025-08-14T17:39:50.897+0000] {dag.py:3834} INFO - Setting next_dagrun for latest_only_with_trigger to 2025-08-14 12:00:00+00:00, run_after=2025-08-14 16:00:00+00:00
[2025-08-14T17:39:50.926+0000] {processor.py:183} INFO - Processing /home/airflow/.local/lib/python3.8/site-packages/airflow/example_dags/example_latest_only_with_trigger.py took 0.101 seconds
[2025-08-14T17:40:21.392+0000] {processor.py:161} INFO - Started process (PID=470) to work on /home/airflow/.local/lib/python3.8/site-packages/airflow/example_dags/example_latest_only_with_trigger.py
[2025-08-14T17:40:21.399+0000] {processor.py:830} INFO - Processing file /home/airflow/.local/lib/python3.8/site-packages/airflow/example_dags/example_latest_only_with_trigger.py for tasks to queue
[2025-08-14T17:40:21.402+0000] {logging_mixin.py:188} INFO - [2025-08-14T17:40:21.402+0000] {dagbag.py:540} INFO - Filling up the DagBag from /home/airflow/.local/lib/python3.8/site-packages/airflow/example_dags/example_latest_only_with_trigger.py
[2025-08-14T17:40:21.409+0000] {processor.py:840} INFO - DAG(s) 'latest_only_with_trigger' retrieved from /home/airflow/.local/lib/python3.8/site-packages/airflow/example_dags/example_latest_only_with_trigger.py
[2025-08-14T17:40:21.429+0000] {logging_mixin.py:188} INFO - [2025-08-14T17:40:21.429+0000] {dag.py:3047} INFO - Sync 1 DAGs
[2025-08-14T17:40:21.445+0000] {logging_mixin.py:188} INFO - [2025-08-14T17:40:21.445+0000] {dag.py:3834} INFO - Setting next_dagrun for latest_only_with_trigger to 2025-08-14 12:00:00+00:00, run_after=2025-08-14 16:00:00+00:00
[2025-08-14T17:40:21.468+0000] {processor.py:183} INFO - Processing /home/airflow/.local/lib/python3.8/site-packages/airflow/example_dags/example_latest_only_with_trigger.py took 0.080 seconds
[2025-08-14T17:40:52.124+0000] {processor.py:161} INFO - Started process (PID=526) to work on /home/airflow/.local/lib/python3.8/site-packages/airflow/example_dags/example_latest_only_with_trigger.py
[2025-08-14T17:40:52.126+0000] {processor.py:830} INFO - Processing file /home/airflow/.local/lib/python3.8/site-packages/airflow/example_dags/example_latest_only_with_trigger.py for tasks to queue
[2025-08-14T17:40:52.129+0000] {logging_mixin.py:188} INFO - [2025-08-14T17:40:52.128+0000] {dagbag.py:540} INFO - Filling up the DagBag from /home/airflow/.local/lib/python3.8/site-packages/airflow/example_dags/example_latest_only_with_trigger.py
[2025-08-14T17:40:52.143+0000] {processor.py:840} INFO - DAG(s) 'latest_only_with_trigger' retrieved from /home/airflow/.local/lib/python3.8/site-packages/airflow/example_dags/example_latest_only_with_trigger.py
[2025-08-14T17:40:52.220+0000] {logging_mixin.py:188} INFO - [2025-08-14T17:40:52.220+0000] {dag.py:3047} INFO - Sync 1 DAGs
[2025-08-14T17:40:52.238+0000] {logging_mixin.py:188} INFO - [2025-08-14T17:40:52.238+0000] {dag.py:3834} INFO - Setting next_dagrun for latest_only_with_trigger to 2025-08-14 12:00:00+00:00, run_after=2025-08-14 16:00:00+00:00
[2025-08-14T17:40:52.252+0000] {processor.py:183} INFO - Processing /home/airflow/.local/lib/python3.8/site-packages/airflow/example_dags/example_latest_only_with_trigger.py took 0.132 seconds
[2025-08-14T17:41:22.502+0000] {processor.py:161} INFO - Started process (PID=582) to work on /home/airflow/.local/lib/python3.8/site-packages/airflow/example_dags/example_latest_only_with_trigger.py
[2025-08-14T17:41:22.505+0000] {processor.py:830} INFO - Processing file /home/airflow/.local/lib/python3.8/site-packages/airflow/example_dags/example_latest_only_with_trigger.py for tasks to queue
[2025-08-14T17:41:22.510+0000] {logging_mixin.py:188} INFO - [2025-08-14T17:41:22.509+0000] {dagbag.py:540} INFO - Filling up the DagBag from /home/airflow/.local/lib/python3.8/site-packages/airflow/example_dags/example_latest_only_with_trigger.py
[2025-08-14T17:41:22.525+0000] {processor.py:840} INFO - DAG(s) 'latest_only_with_trigger' retrieved from /home/airflow/.local/lib/python3.8/site-packages/airflow/example_dags/example_latest_only_with_trigger.py
[2025-08-14T17:41:22.567+0000] {logging_mixin.py:188} INFO - [2025-08-14T17:41:22.567+0000] {dag.py:3047} INFO - Sync 1 DAGs
[2025-08-14T17:41:22.587+0000] {logging_mixin.py:188} INFO - [2025-08-14T17:41:22.587+0000] {dag.py:3834} INFO - Setting next_dagrun for latest_only_with_trigger to 2025-08-14 12:00:00+00:00, run_after=2025-08-14 16:00:00+00:00
[2025-08-14T17:41:22.605+0000] {processor.py:183} INFO - Processing /home/airflow/.local/lib/python3.8/site-packages/airflow/example_dags/example_latest_only_with_trigger.py took 0.106 seconds
[2025-08-14T17:41:53.110+0000] {processor.py:161} INFO - Started process (PID=638) to work on /home/airflow/.local/lib/python3.8/site-packages/airflow/example_dags/example_latest_only_with_trigger.py
[2025-08-14T17:41:53.114+0000] {processor.py:830} INFO - Processing file /home/airflow/.local/lib/python3.8/site-packages/airflow/example_dags/example_latest_only_with_trigger.py for tasks to queue
[2025-08-14T17:41:53.125+0000] {logging_mixin.py:188} INFO - [2025-08-14T17:41:53.117+0000] {dagbag.py:540} INFO - Filling up the DagBag from /home/airflow/.local/lib/python3.8/site-packages/airflow/example_dags/example_latest_only_with_trigger.py
[2025-08-14T17:41:53.141+0000] {processor.py:840} INFO - DAG(s) 'latest_only_with_trigger' retrieved from /home/airflow/.local/lib/python3.8/site-packages/airflow/example_dags/example_latest_only_with_trigger.py
[2025-08-14T17:41:53.179+0000] {logging_mixin.py:188} INFO - [2025-08-14T17:41:53.179+0000] {dag.py:3047} INFO - Sync 1 DAGs
[2025-08-14T17:41:53.224+0000] {logging_mixin.py:188} INFO - [2025-08-14T17:41:53.224+0000] {dag.py:3834} INFO - Setting next_dagrun for latest_only_with_trigger to 2025-08-14 12:00:00+00:00, run_after=2025-08-14 16:00:00+00:00
[2025-08-14T17:41:53.245+0000] {processor.py:183} INFO - Processing /home/airflow/.local/lib/python3.8/site-packages/airflow/example_dags/example_latest_only_with_trigger.py took 0.143 seconds
[2025-08-14T17:42:23.822+0000] {processor.py:161} INFO - Started process (PID=694) to work on /home/airflow/.local/lib/python3.8/site-packages/airflow/example_dags/example_latest_only_with_trigger.py
[2025-08-14T17:42:23.825+0000] {processor.py:830} INFO - Processing file /home/airflow/.local/lib/python3.8/site-packages/airflow/example_dags/example_latest_only_with_trigger.py for tasks to queue
[2025-08-14T17:42:23.828+0000] {logging_mixin.py:188} INFO - [2025-08-14T17:42:23.828+0000] {dagbag.py:540} INFO - Filling up the DagBag from /home/airflow/.local/lib/python3.8/site-packages/airflow/example_dags/example_latest_only_with_trigger.py
[2025-08-14T17:42:23.837+0000] {processor.py:840} INFO - DAG(s) 'latest_only_with_trigger' retrieved from /home/airflow/.local/lib/python3.8/site-packages/airflow/example_dags/example_latest_only_with_trigger.py
[2025-08-14T17:42:23.890+0000] {logging_mixin.py:188} INFO - [2025-08-14T17:42:23.890+0000] {dag.py:3047} INFO - Sync 1 DAGs
[2025-08-14T17:42:23.917+0000] {logging_mixin.py:188} INFO - [2025-08-14T17:42:23.917+0000] {dag.py:3834} INFO - Setting next_dagrun for latest_only_with_trigger to 2025-08-14 12:00:00+00:00, run_after=2025-08-14 16:00:00+00:00
[2025-08-14T17:42:23.946+0000] {processor.py:183} INFO - Processing /home/airflow/.local/lib/python3.8/site-packages/airflow/example_dags/example_latest_only_with_trigger.py took 0.131 seconds
[2025-08-14T17:42:54.244+0000] {processor.py:161} INFO - Started process (PID=750) to work on /home/airflow/.local/lib/python3.8/site-packages/airflow/example_dags/example_latest_only_with_trigger.py
[2025-08-14T17:42:54.246+0000] {processor.py:830} INFO - Processing file /home/airflow/.local/lib/python3.8/site-packages/airflow/example_dags/example_latest_only_with_trigger.py for tasks to queue
[2025-08-14T17:42:54.249+0000] {logging_mixin.py:188} INFO - [2025-08-14T17:42:54.249+0000] {dagbag.py:540} INFO - Filling up the DagBag from /home/airflow/.local/lib/python3.8/site-packages/airflow/example_dags/example_latest_only_with_trigger.py
[2025-08-14T17:42:54.255+0000] {processor.py:840} INFO - DAG(s) 'latest_only_with_trigger' retrieved from /home/airflow/.local/lib/python3.8/site-packages/airflow/example_dags/example_latest_only_with_trigger.py
[2025-08-14T17:42:54.276+0000] {logging_mixin.py:188} INFO - [2025-08-14T17:42:54.276+0000] {dag.py:3047} INFO - Sync 1 DAGs
[2025-08-14T17:42:54.291+0000] {logging_mixin.py:188} INFO - [2025-08-14T17:42:54.291+0000] {dag.py:3834} INFO - Setting next_dagrun for latest_only_with_trigger to 2025-08-14 12:00:00+00:00, run_after=2025-08-14 16:00:00+00:00
[2025-08-14T17:42:54.306+0000] {processor.py:183} INFO - Processing /home/airflow/.local/lib/python3.8/site-packages/airflow/example_dags/example_latest_only_with_trigger.py took 0.068 seconds
[2025-08-14T17:43:24.647+0000] {processor.py:161} INFO - Started process (PID=806) to work on /home/airflow/.local/lib/python3.8/site-packages/airflow/example_dags/example_latest_only_with_trigger.py
[2025-08-14T17:43:24.655+0000] {processor.py:830} INFO - Processing file /home/airflow/.local/lib/python3.8/site-packages/airflow/example_dags/example_latest_only_with_trigger.py for tasks to queue
[2025-08-14T17:43:24.659+0000] {logging_mixin.py:188} INFO - [2025-08-14T17:43:24.659+0000] {dagbag.py:540} INFO - Filling up the DagBag from /home/airflow/.local/lib/python3.8/site-packages/airflow/example_dags/example_latest_only_with_trigger.py
[2025-08-14T17:43:24.666+0000] {processor.py:840} INFO - DAG(s) 'latest_only_with_trigger' retrieved from /home/airflow/.local/lib/python3.8/site-packages/airflow/example_dags/example_latest_only_with_trigger.py
[2025-08-14T17:43:24.687+0000] {logging_mixin.py:188} INFO - [2025-08-14T17:43:24.687+0000] {dag.py:3047} INFO - Sync 1 DAGs
[2025-08-14T17:43:24.717+0000] {logging_mixin.py:188} INFO - [2025-08-14T17:43:24.717+0000] {dag.py:3834} INFO - Setting next_dagrun for latest_only_with_trigger to 2025-08-14 12:00:00+00:00, run_after=2025-08-14 16:00:00+00:00
[2025-08-14T17:43:24.734+0000] {processor.py:183} INFO - Processing /home/airflow/.local/lib/python3.8/site-packages/airflow/example_dags/example_latest_only_with_trigger.py took 0.091 seconds
[2025-08-14T17:43:55.205+0000] {processor.py:161} INFO - Started process (PID=862) to work on /home/airflow/.local/lib/python3.8/site-packages/airflow/example_dags/example_latest_only_with_trigger.py
[2025-08-14T17:43:55.211+0000] {processor.py:830} INFO - Processing file /home/airflow/.local/lib/python3.8/site-packages/airflow/example_dags/example_latest_only_with_trigger.py for tasks to queue
[2025-08-14T17:43:55.213+0000] {logging_mixin.py:188} INFO - [2025-08-14T17:43:55.212+0000] {dagbag.py:540} INFO - Filling up the DagBag from /home/airflow/.local/lib/python3.8/site-packages/airflow/example_dags/example_latest_only_with_trigger.py
[2025-08-14T17:43:55.219+0000] {processor.py:840} INFO - DAG(s) 'latest_only_with_trigger' retrieved from /home/airflow/.local/lib/python3.8/site-packages/airflow/example_dags/example_latest_only_with_trigger.py
[2025-08-14T17:43:55.240+0000] {logging_mixin.py:188} INFO - [2025-08-14T17:43:55.240+0000] {dag.py:3047} INFO - Sync 1 DAGs
[2025-08-14T17:43:55.255+0000] {logging_mixin.py:188} INFO - [2025-08-14T17:43:55.254+0000] {dag.py:3834} INFO - Setting next_dagrun for latest_only_with_trigger to 2025-08-14 12:00:00+00:00, run_after=2025-08-14 16:00:00+00:00
[2025-08-14T17:43:55.270+0000] {processor.py:183} INFO - Processing /home/airflow/.local/lib/python3.8/site-packages/airflow/example_dags/example_latest_only_with_trigger.py took 0.070 seconds
[2025-08-14T17:44:25.439+0000] {processor.py:161} INFO - Started process (PID=918) to work on /home/airflow/.local/lib/python3.8/site-packages/airflow/example_dags/example_latest_only_with_trigger.py
[2025-08-14T17:44:25.440+0000] {processor.py:830} INFO - Processing file /home/airflow/.local/lib/python3.8/site-packages/airflow/example_dags/example_latest_only_with_trigger.py for tasks to queue
[2025-08-14T17:44:25.442+0000] {logging_mixin.py:188} INFO - [2025-08-14T17:44:25.442+0000] {dagbag.py:540} INFO - Filling up the DagBag from /home/airflow/.local/lib/python3.8/site-packages/airflow/example_dags/example_latest_only_with_trigger.py
[2025-08-14T17:44:25.446+0000] {processor.py:840} INFO - DAG(s) 'latest_only_with_trigger' retrieved from /home/airflow/.local/lib/python3.8/site-packages/airflow/example_dags/example_latest_only_with_trigger.py
[2025-08-14T17:44:25.469+0000] {logging_mixin.py:188} INFO - [2025-08-14T17:44:25.468+0000] {dag.py:3047} INFO - Sync 1 DAGs
[2025-08-14T17:44:25.485+0000] {logging_mixin.py:188} INFO - [2025-08-14T17:44:25.485+0000] {dag.py:3834} INFO - Setting next_dagrun for latest_only_with_trigger to 2025-08-14 12:00:00+00:00, run_after=2025-08-14 16:00:00+00:00
[2025-08-14T17:44:25.500+0000] {processor.py:183} INFO - Processing /home/airflow/.local/lib/python3.8/site-packages/airflow/example_dags/example_latest_only_with_trigger.py took 0.064 seconds
[2025-08-14T17:44:55.774+0000] {processor.py:161} INFO - Started process (PID=974) to work on /home/airflow/.local/lib/python3.8/site-packages/airflow/example_dags/example_latest_only_with_trigger.py
[2025-08-14T17:44:55.774+0000] {processor.py:830} INFO - Processing file /home/airflow/.local/lib/python3.8/site-packages/airflow/example_dags/example_latest_only_with_trigger.py for tasks to queue
[2025-08-14T17:44:55.775+0000] {logging_mixin.py:188} INFO - [2025-08-14T17:44:55.775+0000] {dagbag.py:540} INFO - Filling up the DagBag from /home/airflow/.local/lib/python3.8/site-packages/airflow/example_dags/example_latest_only_with_trigger.py
[2025-08-14T17:44:55.778+0000] {processor.py:840} INFO - DAG(s) 'latest_only_with_trigger' retrieved from /home/airflow/.local/lib/python3.8/site-packages/airflow/example_dags/example_latest_only_with_trigger.py
[2025-08-14T17:44:55.792+0000] {logging_mixin.py:188} INFO - [2025-08-14T17:44:55.792+0000] {dag.py:3047} INFO - Sync 1 DAGs
[2025-08-14T17:44:55.810+0000] {logging_mixin.py:188} INFO - [2025-08-14T17:44:55.809+0000] {dag.py:3834} INFO - Setting next_dagrun for latest_only_with_trigger to 2025-08-14 12:00:00+00:00, run_after=2025-08-14 16:00:00+00:00
[2025-08-14T17:44:55.827+0000] {processor.py:183} INFO - Processing /home/airflow/.local/lib/python3.8/site-packages/airflow/example_dags/example_latest_only_with_trigger.py took 0.056 seconds
[2025-08-14T17:45:26.103+0000] {processor.py:161} INFO - Started process (PID=1030) to work on /home/airflow/.local/lib/python3.8/site-packages/airflow/example_dags/example_latest_only_with_trigger.py
[2025-08-14T17:45:26.105+0000] {processor.py:830} INFO - Processing file /home/airflow/.local/lib/python3.8/site-packages/airflow/example_dags/example_latest_only_with_trigger.py for tasks to queue
[2025-08-14T17:45:26.106+0000] {logging_mixin.py:188} INFO - [2025-08-14T17:45:26.106+0000] {dagbag.py:540} INFO - Filling up the DagBag from /home/airflow/.local/lib/python3.8/site-packages/airflow/example_dags/example_latest_only_with_trigger.py
[2025-08-14T17:45:26.109+0000] {processor.py:840} INFO - DAG(s) 'latest_only_with_trigger' retrieved from /home/airflow/.local/lib/python3.8/site-packages/airflow/example_dags/example_latest_only_with_trigger.py
[2025-08-14T17:45:26.123+0000] {logging_mixin.py:188} INFO - [2025-08-14T17:45:26.123+0000] {dag.py:3047} INFO - Sync 1 DAGs
[2025-08-14T17:45:26.135+0000] {logging_mixin.py:188} INFO - [2025-08-14T17:45:26.134+0000] {dag.py:3834} INFO - Setting next_dagrun for latest_only_with_trigger to 2025-08-14 12:00:00+00:00, run_after=2025-08-14 16:00:00+00:00
[2025-08-14T17:45:26.144+0000] {processor.py:183} INFO - Processing /home/airflow/.local/lib/python3.8/site-packages/airflow/example_dags/example_latest_only_with_trigger.py took 0.044 seconds
[2025-08-14T17:45:56.696+0000] {processor.py:161} INFO - Started process (PID=1086) to work on /home/airflow/.local/lib/python3.8/site-packages/airflow/example_dags/example_latest_only_with_trigger.py
[2025-08-14T17:45:56.699+0000] {processor.py:830} INFO - Processing file /home/airflow/.local/lib/python3.8/site-packages/airflow/example_dags/example_latest_only_with_trigger.py for tasks to queue
[2025-08-14T17:45:56.703+0000] {logging_mixin.py:188} INFO - [2025-08-14T17:45:56.703+0000] {dagbag.py:540} INFO - Filling up the DagBag from /home/airflow/.local/lib/python3.8/site-packages/airflow/example_dags/example_latest_only_with_trigger.py
[2025-08-14T17:45:56.710+0000] {processor.py:840} INFO - DAG(s) 'latest_only_with_trigger' retrieved from /home/airflow/.local/lib/python3.8/site-packages/airflow/example_dags/example_latest_only_with_trigger.py
[2025-08-14T17:45:56.727+0000] {logging_mixin.py:188} INFO - [2025-08-14T17:45:56.727+0000] {dag.py:3047} INFO - Sync 1 DAGs
[2025-08-14T17:45:56.741+0000] {logging_mixin.py:188} INFO - [2025-08-14T17:45:56.740+0000] {dag.py:3834} INFO - Setting next_dagrun for latest_only_with_trigger to 2025-08-14 12:00:00+00:00, run_after=2025-08-14 16:00:00+00:00
[2025-08-14T17:45:56.756+0000] {processor.py:183} INFO - Processing /home/airflow/.local/lib/python3.8/site-packages/airflow/example_dags/example_latest_only_with_trigger.py took 0.070 seconds
[2025-08-14T17:46:27.005+0000] {processor.py:161} INFO - Started process (PID=1142) to work on /home/airflow/.local/lib/python3.8/site-packages/airflow/example_dags/example_latest_only_with_trigger.py
[2025-08-14T17:46:27.008+0000] {processor.py:830} INFO - Processing file /home/airflow/.local/lib/python3.8/site-packages/airflow/example_dags/example_latest_only_with_trigger.py for tasks to queue
[2025-08-14T17:46:27.009+0000] {logging_mixin.py:188} INFO - [2025-08-14T17:46:27.009+0000] {dagbag.py:540} INFO - Filling up the DagBag from /home/airflow/.local/lib/python3.8/site-packages/airflow/example_dags/example_latest_only_with_trigger.py
[2025-08-14T17:46:27.012+0000] {processor.py:840} INFO - DAG(s) 'latest_only_with_trigger' retrieved from /home/airflow/.local/lib/python3.8/site-packages/airflow/example_dags/example_latest_only_with_trigger.py
[2025-08-14T17:46:27.024+0000] {logging_mixin.py:188} INFO - [2025-08-14T17:46:27.024+0000] {dag.py:3047} INFO - Sync 1 DAGs
[2025-08-14T17:46:27.034+0000] {logging_mixin.py:188} INFO - [2025-08-14T17:46:27.033+0000] {dag.py:3834} INFO - Setting next_dagrun for latest_only_with_trigger to 2025-08-14 12:00:00+00:00, run_after=2025-08-14 16:00:00+00:00
[2025-08-14T17:46:27.045+0000] {processor.py:183} INFO - Processing /home/airflow/.local/lib/python3.8/site-packages/airflow/example_dags/example_latest_only_with_trigger.py took 0.042 seconds
[2025-08-14T17:46:57.853+0000] {processor.py:161} INFO - Started process (PID=1198) to work on /home/airflow/.local/lib/python3.8/site-packages/airflow/example_dags/example_latest_only_with_trigger.py
[2025-08-14T17:46:57.854+0000] {processor.py:830} INFO - Processing file /home/airflow/.local/lib/python3.8/site-packages/airflow/example_dags/example_latest_only_with_trigger.py for tasks to queue
[2025-08-14T17:46:57.856+0000] {logging_mixin.py:188} INFO - [2025-08-14T17:46:57.856+0000] {dagbag.py:540} INFO - Filling up the DagBag from /home/airflow/.local/lib/python3.8/site-packages/airflow/example_dags/example_latest_only_with_trigger.py
[2025-08-14T17:46:57.864+0000] {processor.py:840} INFO - DAG(s) 'latest_only_with_trigger' retrieved from /home/airflow/.local/lib/python3.8/site-packages/airflow/example_dags/example_latest_only_with_trigger.py
[2025-08-14T17:46:57.890+0000] {logging_mixin.py:188} INFO - [2025-08-14T17:46:57.890+0000] {dag.py:3047} INFO - Sync 1 DAGs
[2025-08-14T17:46:57.933+0000] {logging_mixin.py:188} INFO - [2025-08-14T17:46:57.932+0000] {dag.py:3834} INFO - Setting next_dagrun for latest_only_with_trigger to 2025-08-14 12:00:00+00:00, run_after=2025-08-14 16:00:00+00:00
[2025-08-14T17:46:57.966+0000] {processor.py:183} INFO - Processing /home/airflow/.local/lib/python3.8/site-packages/airflow/example_dags/example_latest_only_with_trigger.py took 0.117 seconds
[2025-08-14T17:47:28.891+0000] {processor.py:161} INFO - Started process (PID=1254) to work on /home/airflow/.local/lib/python3.8/site-packages/airflow/example_dags/example_latest_only_with_trigger.py
[2025-08-14T17:47:28.892+0000] {processor.py:830} INFO - Processing file /home/airflow/.local/lib/python3.8/site-packages/airflow/example_dags/example_latest_only_with_trigger.py for tasks to queue
[2025-08-14T17:47:28.893+0000] {logging_mixin.py:188} INFO - [2025-08-14T17:47:28.893+0000] {dagbag.py:540} INFO - Filling up the DagBag from /home/airflow/.local/lib/python3.8/site-packages/airflow/example_dags/example_latest_only_with_trigger.py
[2025-08-14T17:47:28.898+0000] {processor.py:840} INFO - DAG(s) 'latest_only_with_trigger' retrieved from /home/airflow/.local/lib/python3.8/site-packages/airflow/example_dags/example_latest_only_with_trigger.py
[2025-08-14T17:47:28.917+0000] {logging_mixin.py:188} INFO - [2025-08-14T17:47:28.917+0000] {dag.py:3047} INFO - Sync 1 DAGs
[2025-08-14T17:47:28.938+0000] {logging_mixin.py:188} INFO - [2025-08-14T17:47:28.937+0000] {dag.py:3834} INFO - Setting next_dagrun for latest_only_with_trigger to 2025-08-14 12:00:00+00:00, run_after=2025-08-14 16:00:00+00:00
[2025-08-14T17:47:28.953+0000] {processor.py:183} INFO - Processing /home/airflow/.local/lib/python3.8/site-packages/airflow/example_dags/example_latest_only_with_trigger.py took 0.064 seconds
[2025-08-14T17:47:59.236+0000] {processor.py:161} INFO - Started process (PID=1310) to work on /home/airflow/.local/lib/python3.8/site-packages/airflow/example_dags/example_latest_only_with_trigger.py
[2025-08-14T17:47:59.237+0000] {processor.py:830} INFO - Processing file /home/airflow/.local/lib/python3.8/site-packages/airflow/example_dags/example_latest_only_with_trigger.py for tasks to queue
[2025-08-14T17:47:59.238+0000] {logging_mixin.py:188} INFO - [2025-08-14T17:47:59.238+0000] {dagbag.py:540} INFO - Filling up the DagBag from /home/airflow/.local/lib/python3.8/site-packages/airflow/example_dags/example_latest_only_with_trigger.py
[2025-08-14T17:47:59.244+0000] {processor.py:840} INFO - DAG(s) 'latest_only_with_trigger' retrieved from /home/airflow/.local/lib/python3.8/site-packages/airflow/example_dags/example_latest_only_with_trigger.py
[2025-08-14T17:47:59.270+0000] {logging_mixin.py:188} INFO - [2025-08-14T17:47:59.269+0000] {dag.py:3047} INFO - Sync 1 DAGs
[2025-08-14T17:47:59.284+0000] {logging_mixin.py:188} INFO - [2025-08-14T17:47:59.283+0000] {dag.py:3834} INFO - Setting next_dagrun for latest_only_with_trigger to 2025-08-14 12:00:00+00:00, run_after=2025-08-14 16:00:00+00:00
[2025-08-14T17:47:59.297+0000] {processor.py:183} INFO - Processing /home/airflow/.local/lib/python3.8/site-packages/airflow/example_dags/example_latest_only_with_trigger.py took 0.063 seconds
[2025-08-14T17:48:29.600+0000] {processor.py:161} INFO - Started process (PID=1366) to work on /home/airflow/.local/lib/python3.8/site-packages/airflow/example_dags/example_latest_only_with_trigger.py
[2025-08-14T17:48:29.602+0000] {processor.py:830} INFO - Processing file /home/airflow/.local/lib/python3.8/site-packages/airflow/example_dags/example_latest_only_with_trigger.py for tasks to queue
[2025-08-14T17:48:29.604+0000] {logging_mixin.py:188} INFO - [2025-08-14T17:48:29.603+0000] {dagbag.py:540} INFO - Filling up the DagBag from /home/airflow/.local/lib/python3.8/site-packages/airflow/example_dags/example_latest_only_with_trigger.py
[2025-08-14T17:48:29.607+0000] {processor.py:840} INFO - DAG(s) 'latest_only_with_trigger' retrieved from /home/airflow/.local/lib/python3.8/site-packages/airflow/example_dags/example_latest_only_with_trigger.py
[2025-08-14T17:48:29.619+0000] {logging_mixin.py:188} INFO - [2025-08-14T17:48:29.619+0000] {dag.py:3047} INFO - Sync 1 DAGs
[2025-08-14T17:48:29.636+0000] {logging_mixin.py:188} INFO - [2025-08-14T17:48:29.636+0000] {dag.py:3834} INFO - Setting next_dagrun for latest_only_with_trigger to 2025-08-14 12:00:00+00:00, run_after=2025-08-14 16:00:00+00:00
[2025-08-14T17:48:29.653+0000] {processor.py:183} INFO - Processing /home/airflow/.local/lib/python3.8/site-packages/airflow/example_dags/example_latest_only_with_trigger.py took 0.055 seconds
[2025-08-14T17:49:00.171+0000] {processor.py:161} INFO - Started process (PID=1422) to work on /home/airflow/.local/lib/python3.8/site-packages/airflow/example_dags/example_latest_only_with_trigger.py
[2025-08-14T17:49:00.174+0000] {processor.py:830} INFO - Processing file /home/airflow/.local/lib/python3.8/site-packages/airflow/example_dags/example_latest_only_with_trigger.py for tasks to queue
[2025-08-14T17:49:00.178+0000] {logging_mixin.py:188} INFO - [2025-08-14T17:49:00.177+0000] {dagbag.py:540} INFO - Filling up the DagBag from /home/airflow/.local/lib/python3.8/site-packages/airflow/example_dags/example_latest_only_with_trigger.py
[2025-08-14T17:49:00.199+0000] {processor.py:840} INFO - DAG(s) 'latest_only_with_trigger' retrieved from /home/airflow/.local/lib/python3.8/site-packages/airflow/example_dags/example_latest_only_with_trigger.py
[2025-08-14T17:49:00.241+0000] {logging_mixin.py:188} INFO - [2025-08-14T17:49:00.240+0000] {dag.py:3047} INFO - Sync 1 DAGs
[2025-08-14T17:49:00.264+0000] {logging_mixin.py:188} INFO - [2025-08-14T17:49:00.263+0000] {dag.py:3834} INFO - Setting next_dagrun for latest_only_with_trigger to 2025-08-14 12:00:00+00:00, run_after=2025-08-14 16:00:00+00:00
[2025-08-14T17:49:00.283+0000] {processor.py:183} INFO - Processing /home/airflow/.local/lib/python3.8/site-packages/airflow/example_dags/example_latest_only_with_trigger.py took 0.123 seconds
[2025-08-14T17:49:30.369+0000] {processor.py:161} INFO - Started process (PID=1478) to work on /home/airflow/.local/lib/python3.8/site-packages/airflow/example_dags/example_latest_only_with_trigger.py
[2025-08-14T17:49:30.373+0000] {processor.py:830} INFO - Processing file /home/airflow/.local/lib/python3.8/site-packages/airflow/example_dags/example_latest_only_with_trigger.py for tasks to queue
[2025-08-14T17:49:30.377+0000] {logging_mixin.py:188} INFO - [2025-08-14T17:49:30.377+0000] {dagbag.py:540} INFO - Filling up the DagBag from /home/airflow/.local/lib/python3.8/site-packages/airflow/example_dags/example_latest_only_with_trigger.py
[2025-08-14T17:49:30.386+0000] {processor.py:840} INFO - DAG(s) 'latest_only_with_trigger' retrieved from /home/airflow/.local/lib/python3.8/site-packages/airflow/example_dags/example_latest_only_with_trigger.py
[2025-08-14T17:49:30.409+0000] {logging_mixin.py:188} INFO - [2025-08-14T17:49:30.409+0000] {dag.py:3047} INFO - Sync 1 DAGs
[2025-08-14T17:49:30.430+0000] {logging_mixin.py:188} INFO - [2025-08-14T17:49:30.430+0000] {dag.py:3834} INFO - Setting next_dagrun for latest_only_with_trigger to 2025-08-14 12:00:00+00:00, run_after=2025-08-14 16:00:00+00:00
[2025-08-14T17:49:30.450+0000] {processor.py:183} INFO - Processing /home/airflow/.local/lib/python3.8/site-packages/airflow/example_dags/example_latest_only_with_trigger.py took 0.088 seconds
[2025-08-14T17:50:01.713+0000] {processor.py:161} INFO - Started process (PID=1534) to work on /home/airflow/.local/lib/python3.8/site-packages/airflow/example_dags/example_latest_only_with_trigger.py
[2025-08-14T17:50:01.716+0000] {processor.py:830} INFO - Processing file /home/airflow/.local/lib/python3.8/site-packages/airflow/example_dags/example_latest_only_with_trigger.py for tasks to queue
[2025-08-14T17:50:01.719+0000] {logging_mixin.py:188} INFO - [2025-08-14T17:50:01.719+0000] {dagbag.py:540} INFO - Filling up the DagBag from /home/airflow/.local/lib/python3.8/site-packages/airflow/example_dags/example_latest_only_with_trigger.py
[2025-08-14T17:50:01.741+0000] {processor.py:840} INFO - DAG(s) 'latest_only_with_trigger' retrieved from /home/airflow/.local/lib/python3.8/site-packages/airflow/example_dags/example_latest_only_with_trigger.py
[2025-08-14T17:50:01.779+0000] {logging_mixin.py:188} INFO - [2025-08-14T17:50:01.778+0000] {dag.py:3047} INFO - Sync 1 DAGs
[2025-08-14T17:50:01.820+0000] {logging_mixin.py:188} INFO - [2025-08-14T17:50:01.819+0000] {dag.py:3834} INFO - Setting next_dagrun for latest_only_with_trigger to 2025-08-14 12:00:00+00:00, run_after=2025-08-14 16:00:00+00:00
[2025-08-14T17:50:01.837+0000] {processor.py:183} INFO - Processing /home/airflow/.local/lib/python3.8/site-packages/airflow/example_dags/example_latest_only_with_trigger.py took 0.141 seconds
[2025-08-14T17:50:32.023+0000] {processor.py:161} INFO - Started process (PID=1590) to work on /home/airflow/.local/lib/python3.8/site-packages/airflow/example_dags/example_latest_only_with_trigger.py
[2025-08-14T17:50:32.029+0000] {processor.py:830} INFO - Processing file /home/airflow/.local/lib/python3.8/site-packages/airflow/example_dags/example_latest_only_with_trigger.py for tasks to queue
[2025-08-14T17:50:32.031+0000] {logging_mixin.py:188} INFO - [2025-08-14T17:50:32.030+0000] {dagbag.py:540} INFO - Filling up the DagBag from /home/airflow/.local/lib/python3.8/site-packages/airflow/example_dags/example_latest_only_with_trigger.py
[2025-08-14T17:50:32.036+0000] {processor.py:840} INFO - DAG(s) 'latest_only_with_trigger' retrieved from /home/airflow/.local/lib/python3.8/site-packages/airflow/example_dags/example_latest_only_with_trigger.py
[2025-08-14T17:50:32.049+0000] {logging_mixin.py:188} INFO - [2025-08-14T17:50:32.049+0000] {dag.py:3047} INFO - Sync 1 DAGs
[2025-08-14T17:50:32.062+0000] {logging_mixin.py:188} INFO - [2025-08-14T17:50:32.062+0000] {dag.py:3834} INFO - Setting next_dagrun for latest_only_with_trigger to 2025-08-14 12:00:00+00:00, run_after=2025-08-14 16:00:00+00:00
[2025-08-14T17:50:32.076+0000] {processor.py:183} INFO - Processing /home/airflow/.local/lib/python3.8/site-packages/airflow/example_dags/example_latest_only_with_trigger.py took 0.064 seconds
[2025-08-14T17:51:02.894+0000] {processor.py:161} INFO - Started process (PID=1646) to work on /home/airflow/.local/lib/python3.8/site-packages/airflow/example_dags/example_latest_only_with_trigger.py
[2025-08-14T17:51:02.895+0000] {processor.py:830} INFO - Processing file /home/airflow/.local/lib/python3.8/site-packages/airflow/example_dags/example_latest_only_with_trigger.py for tasks to queue
[2025-08-14T17:51:02.897+0000] {logging_mixin.py:188} INFO - [2025-08-14T17:51:02.897+0000] {dagbag.py:540} INFO - Filling up the DagBag from /home/airflow/.local/lib/python3.8/site-packages/airflow/example_dags/example_latest_only_with_trigger.py
[2025-08-14T17:51:02.901+0000] {processor.py:840} INFO - DAG(s) 'latest_only_with_trigger' retrieved from /home/airflow/.local/lib/python3.8/site-packages/airflow/example_dags/example_latest_only_with_trigger.py
[2025-08-14T17:51:02.915+0000] {logging_mixin.py:188} INFO - [2025-08-14T17:51:02.915+0000] {dag.py:3047} INFO - Sync 1 DAGs
[2025-08-14T17:51:02.931+0000] {logging_mixin.py:188} INFO - [2025-08-14T17:51:02.931+0000] {dag.py:3834} INFO - Setting next_dagrun for latest_only_with_trigger to 2025-08-14 12:00:00+00:00, run_after=2025-08-14 16:00:00+00:00
[2025-08-14T17:51:02.945+0000] {processor.py:183} INFO - Processing /home/airflow/.local/lib/python3.8/site-packages/airflow/example_dags/example_latest_only_with_trigger.py took 0.055 seconds
[2025-08-14T17:51:33.278+0000] {processor.py:161} INFO - Started process (PID=1702) to work on /home/airflow/.local/lib/python3.8/site-packages/airflow/example_dags/example_latest_only_with_trigger.py
[2025-08-14T17:51:33.278+0000] {processor.py:830} INFO - Processing file /home/airflow/.local/lib/python3.8/site-packages/airflow/example_dags/example_latest_only_with_trigger.py for tasks to queue
[2025-08-14T17:51:33.279+0000] {logging_mixin.py:188} INFO - [2025-08-14T17:51:33.279+0000] {dagbag.py:540} INFO - Filling up the DagBag from /home/airflow/.local/lib/python3.8/site-packages/airflow/example_dags/example_latest_only_with_trigger.py
[2025-08-14T17:51:33.293+0000] {processor.py:840} INFO - DAG(s) 'latest_only_with_trigger' retrieved from /home/airflow/.local/lib/python3.8/site-packages/airflow/example_dags/example_latest_only_with_trigger.py
[2025-08-14T17:51:33.317+0000] {logging_mixin.py:188} INFO - [2025-08-14T17:51:33.317+0000] {dag.py:3047} INFO - Sync 1 DAGs
[2025-08-14T17:51:33.336+0000] {logging_mixin.py:188} INFO - [2025-08-14T17:51:33.336+0000] {dag.py:3834} INFO - Setting next_dagrun for latest_only_with_trigger to 2025-08-14 12:00:00+00:00, run_after=2025-08-14 16:00:00+00:00
[2025-08-14T17:51:33.375+0000] {processor.py:183} INFO - Processing /home/airflow/.local/lib/python3.8/site-packages/airflow/example_dags/example_latest_only_with_trigger.py took 0.099 seconds
[2025-08-14T17:52:04.067+0000] {processor.py:161} INFO - Started process (PID=1758) to work on /home/airflow/.local/lib/python3.8/site-packages/airflow/example_dags/example_latest_only_with_trigger.py
[2025-08-14T17:52:04.068+0000] {processor.py:830} INFO - Processing file /home/airflow/.local/lib/python3.8/site-packages/airflow/example_dags/example_latest_only_with_trigger.py for tasks to queue
[2025-08-14T17:52:04.069+0000] {logging_mixin.py:188} INFO - [2025-08-14T17:52:04.069+0000] {dagbag.py:540} INFO - Filling up the DagBag from /home/airflow/.local/lib/python3.8/site-packages/airflow/example_dags/example_latest_only_with_trigger.py
[2025-08-14T17:52:04.073+0000] {processor.py:840} INFO - DAG(s) 'latest_only_with_trigger' retrieved from /home/airflow/.local/lib/python3.8/site-packages/airflow/example_dags/example_latest_only_with_trigger.py
[2025-08-14T17:52:04.087+0000] {logging_mixin.py:188} INFO - [2025-08-14T17:52:04.087+0000] {dag.py:3047} INFO - Sync 1 DAGs
[2025-08-14T17:52:04.100+0000] {logging_mixin.py:188} INFO - [2025-08-14T17:52:04.100+0000] {dag.py:3834} INFO - Setting next_dagrun for latest_only_with_trigger to 2025-08-14 12:00:00+00:00, run_after=2025-08-14 16:00:00+00:00
[2025-08-14T17:52:04.136+0000] {processor.py:183} INFO - Processing /home/airflow/.local/lib/python3.8/site-packages/airflow/example_dags/example_latest_only_with_trigger.py took 0.071 seconds
[2025-08-14T17:52:34.403+0000] {processor.py:161} INFO - Started process (PID=1814) to work on /home/airflow/.local/lib/python3.8/site-packages/airflow/example_dags/example_latest_only_with_trigger.py
[2025-08-14T17:52:34.406+0000] {processor.py:830} INFO - Processing file /home/airflow/.local/lib/python3.8/site-packages/airflow/example_dags/example_latest_only_with_trigger.py for tasks to queue
[2025-08-14T17:52:34.408+0000] {logging_mixin.py:188} INFO - [2025-08-14T17:52:34.407+0000] {dagbag.py:540} INFO - Filling up the DagBag from /home/airflow/.local/lib/python3.8/site-packages/airflow/example_dags/example_latest_only_with_trigger.py
[2025-08-14T17:52:34.411+0000] {processor.py:840} INFO - DAG(s) 'latest_only_with_trigger' retrieved from /home/airflow/.local/lib/python3.8/site-packages/airflow/example_dags/example_latest_only_with_trigger.py
[2025-08-14T17:52:34.422+0000] {logging_mixin.py:188} INFO - [2025-08-14T17:52:34.422+0000] {dag.py:3047} INFO - Sync 1 DAGs
[2025-08-14T17:52:34.435+0000] {logging_mixin.py:188} INFO - [2025-08-14T17:52:34.435+0000] {dag.py:3834} INFO - Setting next_dagrun for latest_only_with_trigger to 2025-08-14 12:00:00+00:00, run_after=2025-08-14 16:00:00+00:00
[2025-08-14T17:52:34.449+0000] {processor.py:183} INFO - Processing /home/airflow/.local/lib/python3.8/site-packages/airflow/example_dags/example_latest_only_with_trigger.py took 0.048 seconds
[2025-08-14T17:53:05.234+0000] {processor.py:161} INFO - Started process (PID=1870) to work on /home/airflow/.local/lib/python3.8/site-packages/airflow/example_dags/example_latest_only_with_trigger.py
[2025-08-14T17:53:05.235+0000] {processor.py:830} INFO - Processing file /home/airflow/.local/lib/python3.8/site-packages/airflow/example_dags/example_latest_only_with_trigger.py for tasks to queue
[2025-08-14T17:53:05.237+0000] {logging_mixin.py:188} INFO - [2025-08-14T17:53:05.236+0000] {dagbag.py:540} INFO - Filling up the DagBag from /home/airflow/.local/lib/python3.8/site-packages/airflow/example_dags/example_latest_only_with_trigger.py
[2025-08-14T17:53:05.243+0000] {processor.py:840} INFO - DAG(s) 'latest_only_with_trigger' retrieved from /home/airflow/.local/lib/python3.8/site-packages/airflow/example_dags/example_latest_only_with_trigger.py
[2025-08-14T17:53:05.269+0000] {logging_mixin.py:188} INFO - [2025-08-14T17:53:05.269+0000] {dag.py:3047} INFO - Sync 1 DAGs
[2025-08-14T17:53:05.284+0000] {logging_mixin.py:188} INFO - [2025-08-14T17:53:05.284+0000] {dag.py:3834} INFO - Setting next_dagrun for latest_only_with_trigger to 2025-08-14 12:00:00+00:00, run_after=2025-08-14 16:00:00+00:00
[2025-08-14T17:53:05.296+0000] {processor.py:183} INFO - Processing /home/airflow/.local/lib/python3.8/site-packages/airflow/example_dags/example_latest_only_with_trigger.py took 0.067 seconds
[2025-08-14T17:53:35.355+0000] {processor.py:161} INFO - Started process (PID=1926) to work on /home/airflow/.local/lib/python3.8/site-packages/airflow/example_dags/example_latest_only_with_trigger.py
[2025-08-14T17:53:35.358+0000] {processor.py:830} INFO - Processing file /home/airflow/.local/lib/python3.8/site-packages/airflow/example_dags/example_latest_only_with_trigger.py for tasks to queue
[2025-08-14T17:53:35.365+0000] {logging_mixin.py:188} INFO - [2025-08-14T17:53:35.362+0000] {dagbag.py:540} INFO - Filling up the DagBag from /home/airflow/.local/lib/python3.8/site-packages/airflow/example_dags/example_latest_only_with_trigger.py
[2025-08-14T17:53:35.380+0000] {processor.py:840} INFO - DAG(s) 'latest_only_with_trigger' retrieved from /home/airflow/.local/lib/python3.8/site-packages/airflow/example_dags/example_latest_only_with_trigger.py
[2025-08-14T17:53:35.421+0000] {logging_mixin.py:188} INFO - [2025-08-14T17:53:35.421+0000] {dag.py:3047} INFO - Sync 1 DAGs
[2025-08-14T17:53:35.440+0000] {logging_mixin.py:188} INFO - [2025-08-14T17:53:35.439+0000] {dag.py:3834} INFO - Setting next_dagrun for latest_only_with_trigger to 2025-08-14 12:00:00+00:00, run_after=2025-08-14 16:00:00+00:00
[2025-08-14T17:53:35.456+0000] {processor.py:183} INFO - Processing /home/airflow/.local/lib/python3.8/site-packages/airflow/example_dags/example_latest_only_with_trigger.py took 0.106 seconds
[2025-08-14T17:54:05.686+0000] {processor.py:161} INFO - Started process (PID=1982) to work on /home/airflow/.local/lib/python3.8/site-packages/airflow/example_dags/example_latest_only_with_trigger.py
[2025-08-14T17:54:05.687+0000] {processor.py:830} INFO - Processing file /home/airflow/.local/lib/python3.8/site-packages/airflow/example_dags/example_latest_only_with_trigger.py for tasks to queue
[2025-08-14T17:54:05.691+0000] {logging_mixin.py:188} INFO - [2025-08-14T17:54:05.690+0000] {dagbag.py:540} INFO - Filling up the DagBag from /home/airflow/.local/lib/python3.8/site-packages/airflow/example_dags/example_latest_only_with_trigger.py
[2025-08-14T17:54:05.697+0000] {processor.py:840} INFO - DAG(s) 'latest_only_with_trigger' retrieved from /home/airflow/.local/lib/python3.8/site-packages/airflow/example_dags/example_latest_only_with_trigger.py
[2025-08-14T17:54:05.715+0000] {logging_mixin.py:188} INFO - [2025-08-14T17:54:05.715+0000] {dag.py:3047} INFO - Sync 1 DAGs
[2025-08-14T17:54:05.736+0000] {logging_mixin.py:188} INFO - [2025-08-14T17:54:05.736+0000] {dag.py:3834} INFO - Setting next_dagrun for latest_only_with_trigger to 2025-08-14 12:00:00+00:00, run_after=2025-08-14 16:00:00+00:00
[2025-08-14T17:54:05.754+0000] {processor.py:183} INFO - Processing /home/airflow/.local/lib/python3.8/site-packages/airflow/example_dags/example_latest_only_with_trigger.py took 0.071 seconds
[2025-08-14T17:54:36.116+0000] {processor.py:161} INFO - Started process (PID=2038) to work on /home/airflow/.local/lib/python3.8/site-packages/airflow/example_dags/example_latest_only_with_trigger.py
[2025-08-14T17:54:36.117+0000] {processor.py:830} INFO - Processing file /home/airflow/.local/lib/python3.8/site-packages/airflow/example_dags/example_latest_only_with_trigger.py for tasks to queue
[2025-08-14T17:54:36.118+0000] {logging_mixin.py:188} INFO - [2025-08-14T17:54:36.118+0000] {dagbag.py:540} INFO - Filling up the DagBag from /home/airflow/.local/lib/python3.8/site-packages/airflow/example_dags/example_latest_only_with_trigger.py
[2025-08-14T17:54:36.129+0000] {processor.py:840} INFO - DAG(s) 'latest_only_with_trigger' retrieved from /home/airflow/.local/lib/python3.8/site-packages/airflow/example_dags/example_latest_only_with_trigger.py
[2025-08-14T17:54:36.161+0000] {logging_mixin.py:188} INFO - [2025-08-14T17:54:36.161+0000] {dag.py:3047} INFO - Sync 1 DAGs
[2025-08-14T17:54:36.177+0000] {logging_mixin.py:188} INFO - [2025-08-14T17:54:36.177+0000] {dag.py:3834} INFO - Setting next_dagrun for latest_only_with_trigger to 2025-08-14 12:00:00+00:00, run_after=2025-08-14 16:00:00+00:00
[2025-08-14T17:54:36.207+0000] {processor.py:183} INFO - Processing /home/airflow/.local/lib/python3.8/site-packages/airflow/example_dags/example_latest_only_with_trigger.py took 0.092 seconds
[2025-08-14T17:55:06.637+0000] {processor.py:161} INFO - Started process (PID=2094) to work on /home/airflow/.local/lib/python3.8/site-packages/airflow/example_dags/example_latest_only_with_trigger.py
[2025-08-14T17:55:06.639+0000] {processor.py:830} INFO - Processing file /home/airflow/.local/lib/python3.8/site-packages/airflow/example_dags/example_latest_only_with_trigger.py for tasks to queue
[2025-08-14T17:55:06.640+0000] {logging_mixin.py:188} INFO - [2025-08-14T17:55:06.640+0000] {dagbag.py:540} INFO - Filling up the DagBag from /home/airflow/.local/lib/python3.8/site-packages/airflow/example_dags/example_latest_only_with_trigger.py
[2025-08-14T17:55:06.643+0000] {processor.py:840} INFO - DAG(s) 'latest_only_with_trigger' retrieved from /home/airflow/.local/lib/python3.8/site-packages/airflow/example_dags/example_latest_only_with_trigger.py
[2025-08-14T17:55:06.662+0000] {logging_mixin.py:188} INFO - [2025-08-14T17:55:06.662+0000] {dag.py:3047} INFO - Sync 1 DAGs
[2025-08-14T17:55:06.677+0000] {logging_mixin.py:188} INFO - [2025-08-14T17:55:06.677+0000] {dag.py:3834} INFO - Setting next_dagrun for latest_only_with_trigger to 2025-08-14 12:00:00+00:00, run_after=2025-08-14 16:00:00+00:00
[2025-08-14T17:55:06.694+0000] {processor.py:183} INFO - Processing /home/airflow/.local/lib/python3.8/site-packages/airflow/example_dags/example_latest_only_with_trigger.py took 0.058 seconds
[2025-08-14T17:55:37.345+0000] {processor.py:161} INFO - Started process (PID=2150) to work on /home/airflow/.local/lib/python3.8/site-packages/airflow/example_dags/example_latest_only_with_trigger.py
[2025-08-14T17:55:37.346+0000] {processor.py:830} INFO - Processing file /home/airflow/.local/lib/python3.8/site-packages/airflow/example_dags/example_latest_only_with_trigger.py for tasks to queue
[2025-08-14T17:55:37.346+0000] {logging_mixin.py:188} INFO - [2025-08-14T17:55:37.346+0000] {dagbag.py:540} INFO - Filling up the DagBag from /home/airflow/.local/lib/python3.8/site-packages/airflow/example_dags/example_latest_only_with_trigger.py
[2025-08-14T17:55:37.350+0000] {processor.py:840} INFO - DAG(s) 'latest_only_with_trigger' retrieved from /home/airflow/.local/lib/python3.8/site-packages/airflow/example_dags/example_latest_only_with_trigger.py
[2025-08-14T17:55:37.366+0000] {logging_mixin.py:188} INFO - [2025-08-14T17:55:37.366+0000] {dag.py:3047} INFO - Sync 1 DAGs
[2025-08-14T17:55:37.378+0000] {logging_mixin.py:188} INFO - [2025-08-14T17:55:37.378+0000] {dag.py:3834} INFO - Setting next_dagrun for latest_only_with_trigger to 2025-08-14 12:00:00+00:00, run_after=2025-08-14 16:00:00+00:00
[2025-08-14T17:55:37.391+0000] {processor.py:183} INFO - Processing /home/airflow/.local/lib/python3.8/site-packages/airflow/example_dags/example_latest_only_with_trigger.py took 0.048 seconds
[2025-08-14T17:56:07.796+0000] {processor.py:161} INFO - Started process (PID=2206) to work on /home/airflow/.local/lib/python3.8/site-packages/airflow/example_dags/example_latest_only_with_trigger.py
[2025-08-14T17:56:07.797+0000] {processor.py:830} INFO - Processing file /home/airflow/.local/lib/python3.8/site-packages/airflow/example_dags/example_latest_only_with_trigger.py for tasks to queue
[2025-08-14T17:56:07.798+0000] {logging_mixin.py:188} INFO - [2025-08-14T17:56:07.798+0000] {dagbag.py:540} INFO - Filling up the DagBag from /home/airflow/.local/lib/python3.8/site-packages/airflow/example_dags/example_latest_only_with_trigger.py
[2025-08-14T17:56:07.801+0000] {processor.py:840} INFO - DAG(s) 'latest_only_with_trigger' retrieved from /home/airflow/.local/lib/python3.8/site-packages/airflow/example_dags/example_latest_only_with_trigger.py
[2025-08-14T17:56:07.814+0000] {logging_mixin.py:188} INFO - [2025-08-14T17:56:07.814+0000] {dag.py:3047} INFO - Sync 1 DAGs
[2025-08-14T17:56:07.827+0000] {logging_mixin.py:188} INFO - [2025-08-14T17:56:07.827+0000] {dag.py:3834} INFO - Setting next_dagrun for latest_only_with_trigger to 2025-08-14 12:00:00+00:00, run_after=2025-08-14 16:00:00+00:00
[2025-08-14T17:56:07.839+0000] {processor.py:183} INFO - Processing /home/airflow/.local/lib/python3.8/site-packages/airflow/example_dags/example_latest_only_with_trigger.py took 0.045 seconds
[2025-08-14T17:56:38.187+0000] {processor.py:161} INFO - Started process (PID=2262) to work on /home/airflow/.local/lib/python3.8/site-packages/airflow/example_dags/example_latest_only_with_trigger.py
[2025-08-14T17:56:38.190+0000] {processor.py:830} INFO - Processing file /home/airflow/.local/lib/python3.8/site-packages/airflow/example_dags/example_latest_only_with_trigger.py for tasks to queue
[2025-08-14T17:56:38.192+0000] {logging_mixin.py:188} INFO - [2025-08-14T17:56:38.192+0000] {dagbag.py:540} INFO - Filling up the DagBag from /home/airflow/.local/lib/python3.8/site-packages/airflow/example_dags/example_latest_only_with_trigger.py
[2025-08-14T17:56:38.196+0000] {processor.py:840} INFO - DAG(s) 'latest_only_with_trigger' retrieved from /home/airflow/.local/lib/python3.8/site-packages/airflow/example_dags/example_latest_only_with_trigger.py
[2025-08-14T17:56:38.209+0000] {logging_mixin.py:188} INFO - [2025-08-14T17:56:38.208+0000] {dag.py:3047} INFO - Sync 1 DAGs
[2025-08-14T17:56:38.221+0000] {logging_mixin.py:188} INFO - [2025-08-14T17:56:38.221+0000] {dag.py:3834} INFO - Setting next_dagrun for latest_only_with_trigger to 2025-08-14 12:00:00+00:00, run_after=2025-08-14 16:00:00+00:00
[2025-08-14T17:56:38.235+0000] {processor.py:183} INFO - Processing /home/airflow/.local/lib/python3.8/site-packages/airflow/example_dags/example_latest_only_with_trigger.py took 0.049 seconds
[2025-08-14T17:57:08.633+0000] {processor.py:161} INFO - Started process (PID=2318) to work on /home/airflow/.local/lib/python3.8/site-packages/airflow/example_dags/example_latest_only_with_trigger.py
[2025-08-14T17:57:08.634+0000] {processor.py:830} INFO - Processing file /home/airflow/.local/lib/python3.8/site-packages/airflow/example_dags/example_latest_only_with_trigger.py for tasks to queue
[2025-08-14T17:57:08.635+0000] {logging_mixin.py:188} INFO - [2025-08-14T17:57:08.634+0000] {dagbag.py:540} INFO - Filling up the DagBag from /home/airflow/.local/lib/python3.8/site-packages/airflow/example_dags/example_latest_only_with_trigger.py
[2025-08-14T17:57:08.637+0000] {processor.py:840} INFO - DAG(s) 'latest_only_with_trigger' retrieved from /home/airflow/.local/lib/python3.8/site-packages/airflow/example_dags/example_latest_only_with_trigger.py
[2025-08-14T17:57:08.653+0000] {logging_mixin.py:188} INFO - [2025-08-14T17:57:08.653+0000] {dag.py:3047} INFO - Sync 1 DAGs
[2025-08-14T17:57:08.672+0000] {logging_mixin.py:188} INFO - [2025-08-14T17:57:08.672+0000] {dag.py:3834} INFO - Setting next_dagrun for latest_only_with_trigger to 2025-08-14 12:00:00+00:00, run_after=2025-08-14 16:00:00+00:00
[2025-08-14T17:57:08.686+0000] {processor.py:183} INFO - Processing /home/airflow/.local/lib/python3.8/site-packages/airflow/example_dags/example_latest_only_with_trigger.py took 0.055 seconds
[2025-08-14T17:57:39.000+0000] {processor.py:161} INFO - Started process (PID=2374) to work on /home/airflow/.local/lib/python3.8/site-packages/airflow/example_dags/example_latest_only_with_trigger.py
[2025-08-14T17:57:39.002+0000] {processor.py:830} INFO - Processing file /home/airflow/.local/lib/python3.8/site-packages/airflow/example_dags/example_latest_only_with_trigger.py for tasks to queue
[2025-08-14T17:57:39.004+0000] {logging_mixin.py:188} INFO - [2025-08-14T17:57:39.004+0000] {dagbag.py:540} INFO - Filling up the DagBag from /home/airflow/.local/lib/python3.8/site-packages/airflow/example_dags/example_latest_only_with_trigger.py
[2025-08-14T17:57:39.008+0000] {processor.py:840} INFO - DAG(s) 'latest_only_with_trigger' retrieved from /home/airflow/.local/lib/python3.8/site-packages/airflow/example_dags/example_latest_only_with_trigger.py
[2025-08-14T17:57:39.027+0000] {logging_mixin.py:188} INFO - [2025-08-14T17:57:39.027+0000] {dag.py:3047} INFO - Sync 1 DAGs
[2025-08-14T17:57:39.042+0000] {logging_mixin.py:188} INFO - [2025-08-14T17:57:39.042+0000] {dag.py:3834} INFO - Setting next_dagrun for latest_only_with_trigger to 2025-08-14 12:00:00+00:00, run_after=2025-08-14 16:00:00+00:00
[2025-08-14T17:57:39.054+0000] {processor.py:183} INFO - Processing /home/airflow/.local/lib/python3.8/site-packages/airflow/example_dags/example_latest_only_with_trigger.py took 0.056 seconds
[2025-08-14T17:58:09.734+0000] {processor.py:161} INFO - Started process (PID=2430) to work on /home/airflow/.local/lib/python3.8/site-packages/airflow/example_dags/example_latest_only_with_trigger.py
[2025-08-14T17:58:09.734+0000] {processor.py:830} INFO - Processing file /home/airflow/.local/lib/python3.8/site-packages/airflow/example_dags/example_latest_only_with_trigger.py for tasks to queue
[2025-08-14T17:58:09.735+0000] {logging_mixin.py:188} INFO - [2025-08-14T17:58:09.735+0000] {dagbag.py:540} INFO - Filling up the DagBag from /home/airflow/.local/lib/python3.8/site-packages/airflow/example_dags/example_latest_only_with_trigger.py
[2025-08-14T17:58:09.739+0000] {processor.py:840} INFO - DAG(s) 'latest_only_with_trigger' retrieved from /home/airflow/.local/lib/python3.8/site-packages/airflow/example_dags/example_latest_only_with_trigger.py
[2025-08-14T17:58:09.758+0000] {logging_mixin.py:188} INFO - [2025-08-14T17:58:09.758+0000] {dag.py:3047} INFO - Sync 1 DAGs
[2025-08-14T17:58:09.769+0000] {logging_mixin.py:188} INFO - [2025-08-14T17:58:09.769+0000] {dag.py:3834} INFO - Setting next_dagrun for latest_only_with_trigger to 2025-08-14 12:00:00+00:00, run_after=2025-08-14 16:00:00+00:00
[2025-08-14T17:58:09.781+0000] {processor.py:183} INFO - Processing /home/airflow/.local/lib/python3.8/site-packages/airflow/example_dags/example_latest_only_with_trigger.py took 0.049 seconds
[2025-08-14T17:58:40.519+0000] {processor.py:161} INFO - Started process (PID=2486) to work on /home/airflow/.local/lib/python3.8/site-packages/airflow/example_dags/example_latest_only_with_trigger.py
[2025-08-14T17:58:40.520+0000] {processor.py:830} INFO - Processing file /home/airflow/.local/lib/python3.8/site-packages/airflow/example_dags/example_latest_only_with_trigger.py for tasks to queue
[2025-08-14T17:58:40.522+0000] {logging_mixin.py:188} INFO - [2025-08-14T17:58:40.522+0000] {dagbag.py:540} INFO - Filling up the DagBag from /home/airflow/.local/lib/python3.8/site-packages/airflow/example_dags/example_latest_only_with_trigger.py
[2025-08-14T17:58:40.525+0000] {processor.py:840} INFO - DAG(s) 'latest_only_with_trigger' retrieved from /home/airflow/.local/lib/python3.8/site-packages/airflow/example_dags/example_latest_only_with_trigger.py
[2025-08-14T17:58:40.548+0000] {logging_mixin.py:188} INFO - [2025-08-14T17:58:40.548+0000] {dag.py:3047} INFO - Sync 1 DAGs
[2025-08-14T17:58:40.563+0000] {logging_mixin.py:188} INFO - [2025-08-14T17:58:40.563+0000] {dag.py:3834} INFO - Setting next_dagrun for latest_only_with_trigger to 2025-08-14 12:00:00+00:00, run_after=2025-08-14 16:00:00+00:00
[2025-08-14T17:58:40.576+0000] {processor.py:183} INFO - Processing /home/airflow/.local/lib/python3.8/site-packages/airflow/example_dags/example_latest_only_with_trigger.py took 0.060 seconds
[2025-08-14T17:59:10.950+0000] {processor.py:161} INFO - Started process (PID=2542) to work on /home/airflow/.local/lib/python3.8/site-packages/airflow/example_dags/example_latest_only_with_trigger.py
[2025-08-14T17:59:10.952+0000] {processor.py:830} INFO - Processing file /home/airflow/.local/lib/python3.8/site-packages/airflow/example_dags/example_latest_only_with_trigger.py for tasks to queue
[2025-08-14T17:59:10.953+0000] {logging_mixin.py:188} INFO - [2025-08-14T17:59:10.953+0000] {dagbag.py:540} INFO - Filling up the DagBag from /home/airflow/.local/lib/python3.8/site-packages/airflow/example_dags/example_latest_only_with_trigger.py
[2025-08-14T17:59:10.958+0000] {processor.py:840} INFO - DAG(s) 'latest_only_with_trigger' retrieved from /home/airflow/.local/lib/python3.8/site-packages/airflow/example_dags/example_latest_only_with_trigger.py
[2025-08-14T17:59:10.972+0000] {logging_mixin.py:188} INFO - [2025-08-14T17:59:10.972+0000] {dag.py:3047} INFO - Sync 1 DAGs
[2025-08-14T17:59:10.988+0000] {logging_mixin.py:188} INFO - [2025-08-14T17:59:10.988+0000] {dag.py:3834} INFO - Setting next_dagrun for latest_only_with_trigger to 2025-08-14 12:00:00+00:00, run_after=2025-08-14 16:00:00+00:00
[2025-08-14T17:59:11.005+0000] {processor.py:183} INFO - Processing /home/airflow/.local/lib/python3.8/site-packages/airflow/example_dags/example_latest_only_with_trigger.py took 0.057 seconds
[2025-08-14T17:59:41.202+0000] {processor.py:161} INFO - Started process (PID=2598) to work on /home/airflow/.local/lib/python3.8/site-packages/airflow/example_dags/example_latest_only_with_trigger.py
[2025-08-14T17:59:41.203+0000] {processor.py:830} INFO - Processing file /home/airflow/.local/lib/python3.8/site-packages/airflow/example_dags/example_latest_only_with_trigger.py for tasks to queue
[2025-08-14T17:59:41.204+0000] {logging_mixin.py:188} INFO - [2025-08-14T17:59:41.204+0000] {dagbag.py:540} INFO - Filling up the DagBag from /home/airflow/.local/lib/python3.8/site-packages/airflow/example_dags/example_latest_only_with_trigger.py
[2025-08-14T17:59:41.209+0000] {processor.py:840} INFO - DAG(s) 'latest_only_with_trigger' retrieved from /home/airflow/.local/lib/python3.8/site-packages/airflow/example_dags/example_latest_only_with_trigger.py
[2025-08-14T17:59:41.228+0000] {logging_mixin.py:188} INFO - [2025-08-14T17:59:41.228+0000] {dag.py:3047} INFO - Sync 1 DAGs
[2025-08-14T17:59:41.245+0000] {logging_mixin.py:188} INFO - [2025-08-14T17:59:41.245+0000] {dag.py:3834} INFO - Setting next_dagrun for latest_only_with_trigger to 2025-08-14 12:00:00+00:00, run_after=2025-08-14 16:00:00+00:00
[2025-08-14T17:59:41.261+0000] {processor.py:183} INFO - Processing /home/airflow/.local/lib/python3.8/site-packages/airflow/example_dags/example_latest_only_with_trigger.py took 0.062 seconds
[2025-08-14T18:00:11.705+0000] {processor.py:161} INFO - Started process (PID=2653) to work on /home/airflow/.local/lib/python3.8/site-packages/airflow/example_dags/example_latest_only_with_trigger.py
[2025-08-14T18:00:11.706+0000] {processor.py:830} INFO - Processing file /home/airflow/.local/lib/python3.8/site-packages/airflow/example_dags/example_latest_only_with_trigger.py for tasks to queue
[2025-08-14T18:00:11.707+0000] {logging_mixin.py:188} INFO - [2025-08-14T18:00:11.707+0000] {dagbag.py:540} INFO - Filling up the DagBag from /home/airflow/.local/lib/python3.8/site-packages/airflow/example_dags/example_latest_only_with_trigger.py
[2025-08-14T18:00:11.715+0000] {processor.py:840} INFO - DAG(s) 'latest_only_with_trigger' retrieved from /home/airflow/.local/lib/python3.8/site-packages/airflow/example_dags/example_latest_only_with_trigger.py
[2025-08-14T18:00:11.733+0000] {logging_mixin.py:188} INFO - [2025-08-14T18:00:11.732+0000] {dag.py:3047} INFO - Sync 1 DAGs
[2025-08-14T18:00:11.747+0000] {logging_mixin.py:188} INFO - [2025-08-14T18:00:11.747+0000] {dag.py:3834} INFO - Setting next_dagrun for latest_only_with_trigger to 2025-08-14 12:00:00+00:00, run_after=2025-08-14 16:00:00+00:00
[2025-08-14T18:00:11.756+0000] {processor.py:183} INFO - Processing /home/airflow/.local/lib/python3.8/site-packages/airflow/example_dags/example_latest_only_with_trigger.py took 0.055 seconds
[2025-08-14T18:00:41.872+0000] {processor.py:161} INFO - Started process (PID=2709) to work on /home/airflow/.local/lib/python3.8/site-packages/airflow/example_dags/example_latest_only_with_trigger.py
[2025-08-14T18:00:41.875+0000] {processor.py:830} INFO - Processing file /home/airflow/.local/lib/python3.8/site-packages/airflow/example_dags/example_latest_only_with_trigger.py for tasks to queue
[2025-08-14T18:00:41.877+0000] {logging_mixin.py:188} INFO - [2025-08-14T18:00:41.877+0000] {dagbag.py:540} INFO - Filling up the DagBag from /home/airflow/.local/lib/python3.8/site-packages/airflow/example_dags/example_latest_only_with_trigger.py
[2025-08-14T18:00:41.882+0000] {processor.py:840} INFO - DAG(s) 'latest_only_with_trigger' retrieved from /home/airflow/.local/lib/python3.8/site-packages/airflow/example_dags/example_latest_only_with_trigger.py
[2025-08-14T18:00:41.896+0000] {logging_mixin.py:188} INFO - [2025-08-14T18:00:41.896+0000] {dag.py:3047} INFO - Sync 1 DAGs
[2025-08-14T18:00:41.908+0000] {logging_mixin.py:188} INFO - [2025-08-14T18:00:41.908+0000] {dag.py:3834} INFO - Setting next_dagrun for latest_only_with_trigger to 2025-08-14 12:00:00+00:00, run_after=2025-08-14 16:00:00+00:00
[2025-08-14T18:00:41.916+0000] {processor.py:183} INFO - Processing /home/airflow/.local/lib/python3.8/site-packages/airflow/example_dags/example_latest_only_with_trigger.py took 0.046 seconds
[2025-08-14T18:01:12.198+0000] {processor.py:161} INFO - Started process (PID=2765) to work on /home/airflow/.local/lib/python3.8/site-packages/airflow/example_dags/example_latest_only_with_trigger.py
[2025-08-14T18:01:12.200+0000] {processor.py:830} INFO - Processing file /home/airflow/.local/lib/python3.8/site-packages/airflow/example_dags/example_latest_only_with_trigger.py for tasks to queue
[2025-08-14T18:01:12.202+0000] {logging_mixin.py:188} INFO - [2025-08-14T18:01:12.201+0000] {dagbag.py:540} INFO - Filling up the DagBag from /home/airflow/.local/lib/python3.8/site-packages/airflow/example_dags/example_latest_only_with_trigger.py
[2025-08-14T18:01:12.207+0000] {processor.py:840} INFO - DAG(s) 'latest_only_with_trigger' retrieved from /home/airflow/.local/lib/python3.8/site-packages/airflow/example_dags/example_latest_only_with_trigger.py
[2025-08-14T18:01:12.223+0000] {logging_mixin.py:188} INFO - [2025-08-14T18:01:12.223+0000] {dag.py:3047} INFO - Sync 1 DAGs
[2025-08-14T18:01:12.240+0000] {logging_mixin.py:188} INFO - [2025-08-14T18:01:12.240+0000] {dag.py:3834} INFO - Setting next_dagrun for latest_only_with_trigger to 2025-08-14 12:00:00+00:00, run_after=2025-08-14 16:00:00+00:00
[2025-08-14T18:01:12.251+0000] {processor.py:183} INFO - Processing /home/airflow/.local/lib/python3.8/site-packages/airflow/example_dags/example_latest_only_with_trigger.py took 0.055 seconds
[2025-08-14T18:01:42.828+0000] {processor.py:161} INFO - Started process (PID=2821) to work on /home/airflow/.local/lib/python3.8/site-packages/airflow/example_dags/example_latest_only_with_trigger.py
[2025-08-14T18:01:42.829+0000] {processor.py:830} INFO - Processing file /home/airflow/.local/lib/python3.8/site-packages/airflow/example_dags/example_latest_only_with_trigger.py for tasks to queue
[2025-08-14T18:01:42.830+0000] {logging_mixin.py:188} INFO - [2025-08-14T18:01:42.830+0000] {dagbag.py:540} INFO - Filling up the DagBag from /home/airflow/.local/lib/python3.8/site-packages/airflow/example_dags/example_latest_only_with_trigger.py
[2025-08-14T18:01:42.834+0000] {processor.py:840} INFO - DAG(s) 'latest_only_with_trigger' retrieved from /home/airflow/.local/lib/python3.8/site-packages/airflow/example_dags/example_latest_only_with_trigger.py
[2025-08-14T18:01:42.847+0000] {logging_mixin.py:188} INFO - [2025-08-14T18:01:42.846+0000] {dag.py:3047} INFO - Sync 1 DAGs
[2025-08-14T18:01:42.861+0000] {logging_mixin.py:188} INFO - [2025-08-14T18:01:42.860+0000] {dag.py:3834} INFO - Setting next_dagrun for latest_only_with_trigger to 2025-08-14 12:00:00+00:00, run_after=2025-08-14 16:00:00+00:00
[2025-08-14T18:01:42.871+0000] {processor.py:183} INFO - Processing /home/airflow/.local/lib/python3.8/site-packages/airflow/example_dags/example_latest_only_with_trigger.py took 0.045 seconds
[2025-08-14T18:02:13.402+0000] {processor.py:161} INFO - Started process (PID=2877) to work on /home/airflow/.local/lib/python3.8/site-packages/airflow/example_dags/example_latest_only_with_trigger.py
[2025-08-14T18:02:13.403+0000] {processor.py:830} INFO - Processing file /home/airflow/.local/lib/python3.8/site-packages/airflow/example_dags/example_latest_only_with_trigger.py for tasks to queue
[2025-08-14T18:02:13.405+0000] {logging_mixin.py:188} INFO - [2025-08-14T18:02:13.405+0000] {dagbag.py:540} INFO - Filling up the DagBag from /home/airflow/.local/lib/python3.8/site-packages/airflow/example_dags/example_latest_only_with_trigger.py
[2025-08-14T18:02:13.413+0000] {processor.py:840} INFO - DAG(s) 'latest_only_with_trigger' retrieved from /home/airflow/.local/lib/python3.8/site-packages/airflow/example_dags/example_latest_only_with_trigger.py
[2025-08-14T18:02:13.436+0000] {logging_mixin.py:188} INFO - [2025-08-14T18:02:13.435+0000] {dag.py:3047} INFO - Sync 1 DAGs
[2025-08-14T18:02:13.490+0000] {logging_mixin.py:188} INFO - [2025-08-14T18:02:13.490+0000] {dag.py:3834} INFO - Setting next_dagrun for latest_only_with_trigger to 2025-08-14 12:00:00+00:00, run_after=2025-08-14 16:00:00+00:00
[2025-08-14T18:02:13.513+0000] {processor.py:183} INFO - Processing /home/airflow/.local/lib/python3.8/site-packages/airflow/example_dags/example_latest_only_with_trigger.py took 0.115 seconds
[2025-08-14T18:02:44.029+0000] {processor.py:161} INFO - Started process (PID=2933) to work on /home/airflow/.local/lib/python3.8/site-packages/airflow/example_dags/example_latest_only_with_trigger.py
[2025-08-14T18:02:44.030+0000] {processor.py:830} INFO - Processing file /home/airflow/.local/lib/python3.8/site-packages/airflow/example_dags/example_latest_only_with_trigger.py for tasks to queue
[2025-08-14T18:02:44.033+0000] {logging_mixin.py:188} INFO - [2025-08-14T18:02:44.033+0000] {dagbag.py:540} INFO - Filling up the DagBag from /home/airflow/.local/lib/python3.8/site-packages/airflow/example_dags/example_latest_only_with_trigger.py
[2025-08-14T18:02:44.050+0000] {processor.py:840} INFO - DAG(s) 'latest_only_with_trigger' retrieved from /home/airflow/.local/lib/python3.8/site-packages/airflow/example_dags/example_latest_only_with_trigger.py
[2025-08-14T18:02:44.074+0000] {logging_mixin.py:188} INFO - [2025-08-14T18:02:44.074+0000] {dag.py:3047} INFO - Sync 1 DAGs
[2025-08-14T18:02:44.103+0000] {logging_mixin.py:188} INFO - [2025-08-14T18:02:44.103+0000] {dag.py:3834} INFO - Setting next_dagrun for latest_only_with_trigger to 2025-08-14 12:00:00+00:00, run_after=2025-08-14 16:00:00+00:00
[2025-08-14T18:02:44.134+0000] {processor.py:183} INFO - Processing /home/airflow/.local/lib/python3.8/site-packages/airflow/example_dags/example_latest_only_with_trigger.py took 0.108 seconds
[2025-08-14T18:03:14.177+0000] {processor.py:161} INFO - Started process (PID=2989) to work on /home/airflow/.local/lib/python3.8/site-packages/airflow/example_dags/example_latest_only_with_trigger.py
[2025-08-14T18:03:14.179+0000] {processor.py:830} INFO - Processing file /home/airflow/.local/lib/python3.8/site-packages/airflow/example_dags/example_latest_only_with_trigger.py for tasks to queue
[2025-08-14T18:03:14.183+0000] {logging_mixin.py:188} INFO - [2025-08-14T18:03:14.183+0000] {dagbag.py:540} INFO - Filling up the DagBag from /home/airflow/.local/lib/python3.8/site-packages/airflow/example_dags/example_latest_only_with_trigger.py
[2025-08-14T18:03:14.189+0000] {processor.py:840} INFO - DAG(s) 'latest_only_with_trigger' retrieved from /home/airflow/.local/lib/python3.8/site-packages/airflow/example_dags/example_latest_only_with_trigger.py
[2025-08-14T18:03:14.216+0000] {logging_mixin.py:188} INFO - [2025-08-14T18:03:14.216+0000] {dag.py:3047} INFO - Sync 1 DAGs
[2025-08-14T18:03:14.250+0000] {logging_mixin.py:188} INFO - [2025-08-14T18:03:14.250+0000] {dag.py:3834} INFO - Setting next_dagrun for latest_only_with_trigger to 2025-08-14 12:00:00+00:00, run_after=2025-08-14 16:00:00+00:00
[2025-08-14T18:03:14.264+0000] {processor.py:183} INFO - Processing /home/airflow/.local/lib/python3.8/site-packages/airflow/example_dags/example_latest_only_with_trigger.py took 0.095 seconds
[2025-08-14T18:03:44.350+0000] {processor.py:161} INFO - Started process (PID=3045) to work on /home/airflow/.local/lib/python3.8/site-packages/airflow/example_dags/example_latest_only_with_trigger.py
[2025-08-14T18:03:44.352+0000] {processor.py:830} INFO - Processing file /home/airflow/.local/lib/python3.8/site-packages/airflow/example_dags/example_latest_only_with_trigger.py for tasks to queue
[2025-08-14T18:03:44.353+0000] {logging_mixin.py:188} INFO - [2025-08-14T18:03:44.353+0000] {dagbag.py:540} INFO - Filling up the DagBag from /home/airflow/.local/lib/python3.8/site-packages/airflow/example_dags/example_latest_only_with_trigger.py
[2025-08-14T18:03:44.357+0000] {processor.py:840} INFO - DAG(s) 'latest_only_with_trigger' retrieved from /home/airflow/.local/lib/python3.8/site-packages/airflow/example_dags/example_latest_only_with_trigger.py
[2025-08-14T18:03:44.376+0000] {logging_mixin.py:188} INFO - [2025-08-14T18:03:44.376+0000] {dag.py:3047} INFO - Sync 1 DAGs
[2025-08-14T18:03:44.397+0000] {logging_mixin.py:188} INFO - [2025-08-14T18:03:44.396+0000] {dag.py:3834} INFO - Setting next_dagrun for latest_only_with_trigger to 2025-08-14 12:00:00+00:00, run_after=2025-08-14 16:00:00+00:00
[2025-08-14T18:03:44.546+0000] {processor.py:183} INFO - Processing /home/airflow/.local/lib/python3.8/site-packages/airflow/example_dags/example_latest_only_with_trigger.py took 0.198 seconds
[2025-08-14T18:04:15.038+0000] {processor.py:161} INFO - Started process (PID=3100) to work on /home/airflow/.local/lib/python3.8/site-packages/airflow/example_dags/example_latest_only_with_trigger.py
[2025-08-14T18:04:15.039+0000] {processor.py:830} INFO - Processing file /home/airflow/.local/lib/python3.8/site-packages/airflow/example_dags/example_latest_only_with_trigger.py for tasks to queue
[2025-08-14T18:04:15.042+0000] {logging_mixin.py:188} INFO - [2025-08-14T18:04:15.041+0000] {dagbag.py:540} INFO - Filling up the DagBag from /home/airflow/.local/lib/python3.8/site-packages/airflow/example_dags/example_latest_only_with_trigger.py
[2025-08-14T18:04:15.047+0000] {processor.py:840} INFO - DAG(s) 'latest_only_with_trigger' retrieved from /home/airflow/.local/lib/python3.8/site-packages/airflow/example_dags/example_latest_only_with_trigger.py
[2025-08-14T18:04:15.060+0000] {logging_mixin.py:188} INFO - [2025-08-14T18:04:15.060+0000] {dag.py:3047} INFO - Sync 1 DAGs
[2025-08-14T18:04:15.073+0000] {logging_mixin.py:188} INFO - [2025-08-14T18:04:15.073+0000] {dag.py:3834} INFO - Setting next_dagrun for latest_only_with_trigger to 2025-08-14 12:00:00+00:00, run_after=2025-08-14 16:00:00+00:00
[2025-08-14T18:04:15.084+0000] {processor.py:183} INFO - Processing /home/airflow/.local/lib/python3.8/site-packages/airflow/example_dags/example_latest_only_with_trigger.py took 0.051 seconds
[2025-08-14T18:04:46.525+0000] {processor.py:161} INFO - Started process (PID=3155) to work on /home/airflow/.local/lib/python3.8/site-packages/airflow/example_dags/example_latest_only_with_trigger.py
[2025-08-14T18:04:46.526+0000] {processor.py:830} INFO - Processing file /home/airflow/.local/lib/python3.8/site-packages/airflow/example_dags/example_latest_only_with_trigger.py for tasks to queue
[2025-08-14T18:04:46.528+0000] {logging_mixin.py:188} INFO - [2025-08-14T18:04:46.527+0000] {dagbag.py:540} INFO - Filling up the DagBag from /home/airflow/.local/lib/python3.8/site-packages/airflow/example_dags/example_latest_only_with_trigger.py
[2025-08-14T18:04:46.533+0000] {processor.py:840} INFO - DAG(s) 'latest_only_with_trigger' retrieved from /home/airflow/.local/lib/python3.8/site-packages/airflow/example_dags/example_latest_only_with_trigger.py
[2025-08-14T18:04:46.549+0000] {logging_mixin.py:188} INFO - [2025-08-14T18:04:46.548+0000] {dag.py:3047} INFO - Sync 1 DAGs
[2025-08-14T18:04:46.576+0000] {logging_mixin.py:188} INFO - [2025-08-14T18:04:46.576+0000] {dag.py:3834} INFO - Setting next_dagrun for latest_only_with_trigger to 2025-08-14 12:00:00+00:00, run_after=2025-08-14 16:00:00+00:00
[2025-08-14T18:04:46.593+0000] {processor.py:183} INFO - Processing /home/airflow/.local/lib/python3.8/site-packages/airflow/example_dags/example_latest_only_with_trigger.py took 0.071 seconds
[2025-08-14T18:05:17.377+0000] {processor.py:161} INFO - Started process (PID=3211) to work on /home/airflow/.local/lib/python3.8/site-packages/airflow/example_dags/example_latest_only_with_trigger.py
[2025-08-14T18:05:17.378+0000] {processor.py:830} INFO - Processing file /home/airflow/.local/lib/python3.8/site-packages/airflow/example_dags/example_latest_only_with_trigger.py for tasks to queue
[2025-08-14T18:05:17.379+0000] {logging_mixin.py:188} INFO - [2025-08-14T18:05:17.379+0000] {dagbag.py:540} INFO - Filling up the DagBag from /home/airflow/.local/lib/python3.8/site-packages/airflow/example_dags/example_latest_only_with_trigger.py
[2025-08-14T18:05:17.383+0000] {processor.py:840} INFO - DAG(s) 'latest_only_with_trigger' retrieved from /home/airflow/.local/lib/python3.8/site-packages/airflow/example_dags/example_latest_only_with_trigger.py
[2025-08-14T18:05:17.394+0000] {logging_mixin.py:188} INFO - [2025-08-14T18:05:17.394+0000] {dag.py:3047} INFO - Sync 1 DAGs
[2025-08-14T18:05:17.405+0000] {logging_mixin.py:188} INFO - [2025-08-14T18:05:17.405+0000] {dag.py:3834} INFO - Setting next_dagrun for latest_only_with_trigger to 2025-08-14 12:00:00+00:00, run_after=2025-08-14 16:00:00+00:00
[2025-08-14T18:05:17.419+0000] {processor.py:183} INFO - Processing /home/airflow/.local/lib/python3.8/site-packages/airflow/example_dags/example_latest_only_with_trigger.py took 0.045 seconds
[2025-08-14T18:05:48.573+0000] {processor.py:161} INFO - Started process (PID=3267) to work on /home/airflow/.local/lib/python3.8/site-packages/airflow/example_dags/example_latest_only_with_trigger.py
[2025-08-14T18:05:48.574+0000] {processor.py:830} INFO - Processing file /home/airflow/.local/lib/python3.8/site-packages/airflow/example_dags/example_latest_only_with_trigger.py for tasks to queue
[2025-08-14T18:05:48.576+0000] {logging_mixin.py:188} INFO - [2025-08-14T18:05:48.575+0000] {dagbag.py:540} INFO - Filling up the DagBag from /home/airflow/.local/lib/python3.8/site-packages/airflow/example_dags/example_latest_only_with_trigger.py
[2025-08-14T18:05:48.579+0000] {processor.py:840} INFO - DAG(s) 'latest_only_with_trigger' retrieved from /home/airflow/.local/lib/python3.8/site-packages/airflow/example_dags/example_latest_only_with_trigger.py
[2025-08-14T18:05:48.593+0000] {logging_mixin.py:188} INFO - [2025-08-14T18:05:48.593+0000] {dag.py:3047} INFO - Sync 1 DAGs
[2025-08-14T18:05:48.611+0000] {logging_mixin.py:188} INFO - [2025-08-14T18:05:48.610+0000] {dag.py:3834} INFO - Setting next_dagrun for latest_only_with_trigger to 2025-08-14 12:00:00+00:00, run_after=2025-08-14 16:00:00+00:00
[2025-08-14T18:05:48.628+0000] {processor.py:183} INFO - Processing /home/airflow/.local/lib/python3.8/site-packages/airflow/example_dags/example_latest_only_with_trigger.py took 0.057 seconds
