[2025-08-14T17:36:48.607+0000] {processor.py:161} INFO - Started process (PID=85) to work on /home/airflow/.local/lib/python3.8/site-packages/airflow/example_dags/example_skip_dag.py
[2025-08-14T17:36:48.611+0000] {processor.py:830} INFO - Processing file /home/airflow/.local/lib/python3.8/site-packages/airflow/example_dags/example_skip_dag.py for tasks to queue
[2025-08-14T17:36:48.621+0000] {logging_mixin.py:188} INFO - [2025-08-14T17:36:48.620+0000] {dagbag.py:540} INFO - Filling up the DagBag from /home/airflow/.local/lib/python3.8/site-packages/airflow/example_dags/example_skip_dag.py
[2025-08-14T17:36:48.646+0000] {processor.py:840} INFO - DAG(s) 'example_skip_dag' retrieved from /home/airflow/.local/lib/python3.8/site-packages/airflow/example_dags/example_skip_dag.py
[2025-08-14T17:36:48.675+0000] {logging_mixin.py:188} INFO - [2025-08-14T17:36:48.675+0000] {dag.py:3047} INFO - Sync 1 DAGs
[2025-08-14T17:36:48.753+0000] {logging_mixin.py:188} INFO - [2025-08-14T17:36:48.753+0000] {dag.py:3834} INFO - Setting next_dagrun for example_skip_dag to 2025-08-13 00:00:00+00:00, run_after=2025-08-14 00:00:00+00:00
[2025-08-14T17:36:48.803+0000] {processor.py:183} INFO - Processing /home/airflow/.local/lib/python3.8/site-packages/airflow/example_dags/example_skip_dag.py took 0.202 seconds
[2025-08-14T17:37:19.136+0000] {processor.py:161} INFO - Started process (PID=141) to work on /home/airflow/.local/lib/python3.8/site-packages/airflow/example_dags/example_skip_dag.py
[2025-08-14T17:37:19.138+0000] {processor.py:830} INFO - Processing file /home/airflow/.local/lib/python3.8/site-packages/airflow/example_dags/example_skip_dag.py for tasks to queue
[2025-08-14T17:37:19.140+0000] {logging_mixin.py:188} INFO - [2025-08-14T17:37:19.139+0000] {dagbag.py:540} INFO - Filling up the DagBag from /home/airflow/.local/lib/python3.8/site-packages/airflow/example_dags/example_skip_dag.py
[2025-08-14T17:37:19.146+0000] {processor.py:840} INFO - DAG(s) 'example_skip_dag' retrieved from /home/airflow/.local/lib/python3.8/site-packages/airflow/example_dags/example_skip_dag.py
[2025-08-14T17:37:19.220+0000] {logging_mixin.py:188} INFO - [2025-08-14T17:37:19.219+0000] {dag.py:3047} INFO - Sync 1 DAGs
[2025-08-14T17:37:19.230+0000] {logging_mixin.py:188} INFO - [2025-08-14T17:37:19.230+0000] {dag.py:3834} INFO - Setting next_dagrun for example_skip_dag to 2025-08-13 00:00:00+00:00, run_after=2025-08-14 00:00:00+00:00
[2025-08-14T17:37:19.246+0000] {processor.py:183} INFO - Processing /home/airflow/.local/lib/python3.8/site-packages/airflow/example_dags/example_skip_dag.py took 0.120 seconds
[2025-08-14T17:37:49.592+0000] {processor.py:161} INFO - Started process (PID=197) to work on /home/airflow/.local/lib/python3.8/site-packages/airflow/example_dags/example_skip_dag.py
[2025-08-14T17:37:49.592+0000] {processor.py:830} INFO - Processing file /home/airflow/.local/lib/python3.8/site-packages/airflow/example_dags/example_skip_dag.py for tasks to queue
[2025-08-14T17:37:49.593+0000] {logging_mixin.py:188} INFO - [2025-08-14T17:37:49.593+0000] {dagbag.py:540} INFO - Filling up the DagBag from /home/airflow/.local/lib/python3.8/site-packages/airflow/example_dags/example_skip_dag.py
[2025-08-14T17:37:49.598+0000] {processor.py:840} INFO - DAG(s) 'example_skip_dag' retrieved from /home/airflow/.local/lib/python3.8/site-packages/airflow/example_dags/example_skip_dag.py
[2025-08-14T17:37:49.616+0000] {logging_mixin.py:188} INFO - [2025-08-14T17:37:49.616+0000] {dag.py:3047} INFO - Sync 1 DAGs
[2025-08-14T17:37:49.633+0000] {logging_mixin.py:188} INFO - [2025-08-14T17:37:49.633+0000] {dag.py:3834} INFO - Setting next_dagrun for example_skip_dag to 2025-08-13 00:00:00+00:00, run_after=2025-08-14 00:00:00+00:00
[2025-08-14T17:37:49.646+0000] {processor.py:183} INFO - Processing /home/airflow/.local/lib/python3.8/site-packages/airflow/example_dags/example_skip_dag.py took 0.056 seconds
[2025-08-14T17:38:20.508+0000] {processor.py:161} INFO - Started process (PID=253) to work on /home/airflow/.local/lib/python3.8/site-packages/airflow/example_dags/example_skip_dag.py
[2025-08-14T17:38:20.509+0000] {processor.py:830} INFO - Processing file /home/airflow/.local/lib/python3.8/site-packages/airflow/example_dags/example_skip_dag.py for tasks to queue
[2025-08-14T17:38:20.509+0000] {logging_mixin.py:188} INFO - [2025-08-14T17:38:20.509+0000] {dagbag.py:540} INFO - Filling up the DagBag from /home/airflow/.local/lib/python3.8/site-packages/airflow/example_dags/example_skip_dag.py
[2025-08-14T17:38:20.513+0000] {processor.py:840} INFO - DAG(s) 'example_skip_dag' retrieved from /home/airflow/.local/lib/python3.8/site-packages/airflow/example_dags/example_skip_dag.py
[2025-08-14T17:38:20.525+0000] {logging_mixin.py:188} INFO - [2025-08-14T17:38:20.524+0000] {dag.py:3047} INFO - Sync 1 DAGs
[2025-08-14T17:38:20.534+0000] {logging_mixin.py:188} INFO - [2025-08-14T17:38:20.534+0000] {dag.py:3834} INFO - Setting next_dagrun for example_skip_dag to 2025-08-13 00:00:00+00:00, run_after=2025-08-14 00:00:00+00:00
[2025-08-14T17:38:20.542+0000] {processor.py:183} INFO - Processing /home/airflow/.local/lib/python3.8/site-packages/airflow/example_dags/example_skip_dag.py took 0.035 seconds
[2025-08-14T17:38:51.058+0000] {processor.py:161} INFO - Started process (PID=310) to work on /home/airflow/.local/lib/python3.8/site-packages/airflow/example_dags/example_skip_dag.py
[2025-08-14T17:38:51.059+0000] {processor.py:830} INFO - Processing file /home/airflow/.local/lib/python3.8/site-packages/airflow/example_dags/example_skip_dag.py for tasks to queue
[2025-08-14T17:38:51.060+0000] {logging_mixin.py:188} INFO - [2025-08-14T17:38:51.060+0000] {dagbag.py:540} INFO - Filling up the DagBag from /home/airflow/.local/lib/python3.8/site-packages/airflow/example_dags/example_skip_dag.py
[2025-08-14T17:38:51.064+0000] {processor.py:840} INFO - DAG(s) 'example_skip_dag' retrieved from /home/airflow/.local/lib/python3.8/site-packages/airflow/example_dags/example_skip_dag.py
[2025-08-14T17:38:51.078+0000] {logging_mixin.py:188} INFO - [2025-08-14T17:38:51.078+0000] {dag.py:3047} INFO - Sync 1 DAGs
[2025-08-14T17:38:51.092+0000] {logging_mixin.py:188} INFO - [2025-08-14T17:38:51.092+0000] {dag.py:3834} INFO - Setting next_dagrun for example_skip_dag to 2025-08-13 00:00:00+00:00, run_after=2025-08-14 00:00:00+00:00
[2025-08-14T17:38:51.110+0000] {processor.py:183} INFO - Processing /home/airflow/.local/lib/python3.8/site-packages/airflow/example_dags/example_skip_dag.py took 0.053 seconds
[2025-08-14T17:39:21.339+0000] {processor.py:161} INFO - Started process (PID=366) to work on /home/airflow/.local/lib/python3.8/site-packages/airflow/example_dags/example_skip_dag.py
[2025-08-14T17:39:21.340+0000] {processor.py:830} INFO - Processing file /home/airflow/.local/lib/python3.8/site-packages/airflow/example_dags/example_skip_dag.py for tasks to queue
[2025-08-14T17:39:21.341+0000] {logging_mixin.py:188} INFO - [2025-08-14T17:39:21.341+0000] {dagbag.py:540} INFO - Filling up the DagBag from /home/airflow/.local/lib/python3.8/site-packages/airflow/example_dags/example_skip_dag.py
[2025-08-14T17:39:21.347+0000] {processor.py:840} INFO - DAG(s) 'example_skip_dag' retrieved from /home/airflow/.local/lib/python3.8/site-packages/airflow/example_dags/example_skip_dag.py
[2025-08-14T17:39:21.362+0000] {logging_mixin.py:188} INFO - [2025-08-14T17:39:21.362+0000] {dag.py:3047} INFO - Sync 1 DAGs
[2025-08-14T17:39:21.374+0000] {logging_mixin.py:188} INFO - [2025-08-14T17:39:21.374+0000] {dag.py:3834} INFO - Setting next_dagrun for example_skip_dag to 2025-08-13 00:00:00+00:00, run_after=2025-08-14 00:00:00+00:00
[2025-08-14T17:39:21.400+0000] {processor.py:183} INFO - Processing /home/airflow/.local/lib/python3.8/site-packages/airflow/example_dags/example_skip_dag.py took 0.064 seconds
[2025-08-14T17:39:52.372+0000] {processor.py:161} INFO - Started process (PID=422) to work on /home/airflow/.local/lib/python3.8/site-packages/airflow/example_dags/example_skip_dag.py
[2025-08-14T17:39:52.373+0000] {processor.py:830} INFO - Processing file /home/airflow/.local/lib/python3.8/site-packages/airflow/example_dags/example_skip_dag.py for tasks to queue
[2025-08-14T17:39:52.375+0000] {logging_mixin.py:188} INFO - [2025-08-14T17:39:52.375+0000] {dagbag.py:540} INFO - Filling up the DagBag from /home/airflow/.local/lib/python3.8/site-packages/airflow/example_dags/example_skip_dag.py
[2025-08-14T17:39:52.383+0000] {processor.py:840} INFO - DAG(s) 'example_skip_dag' retrieved from /home/airflow/.local/lib/python3.8/site-packages/airflow/example_dags/example_skip_dag.py
[2025-08-14T17:39:52.403+0000] {logging_mixin.py:188} INFO - [2025-08-14T17:39:52.403+0000] {dag.py:3047} INFO - Sync 1 DAGs
[2025-08-14T17:39:52.416+0000] {logging_mixin.py:188} INFO - [2025-08-14T17:39:52.416+0000] {dag.py:3834} INFO - Setting next_dagrun for example_skip_dag to 2025-08-13 00:00:00+00:00, run_after=2025-08-14 00:00:00+00:00
[2025-08-14T17:39:52.428+0000] {processor.py:183} INFO - Processing /home/airflow/.local/lib/python3.8/site-packages/airflow/example_dags/example_skip_dag.py took 0.059 seconds
[2025-08-14T17:40:22.879+0000] {processor.py:161} INFO - Started process (PID=478) to work on /home/airflow/.local/lib/python3.8/site-packages/airflow/example_dags/example_skip_dag.py
[2025-08-14T17:40:22.880+0000] {processor.py:830} INFO - Processing file /home/airflow/.local/lib/python3.8/site-packages/airflow/example_dags/example_skip_dag.py for tasks to queue
[2025-08-14T17:40:22.881+0000] {logging_mixin.py:188} INFO - [2025-08-14T17:40:22.881+0000] {dagbag.py:540} INFO - Filling up the DagBag from /home/airflow/.local/lib/python3.8/site-packages/airflow/example_dags/example_skip_dag.py
[2025-08-14T17:40:22.884+0000] {processor.py:840} INFO - DAG(s) 'example_skip_dag' retrieved from /home/airflow/.local/lib/python3.8/site-packages/airflow/example_dags/example_skip_dag.py
[2025-08-14T17:40:22.899+0000] {logging_mixin.py:188} INFO - [2025-08-14T17:40:22.899+0000] {dag.py:3047} INFO - Sync 1 DAGs
[2025-08-14T17:40:22.912+0000] {logging_mixin.py:188} INFO - [2025-08-14T17:40:22.912+0000] {dag.py:3834} INFO - Setting next_dagrun for example_skip_dag to 2025-08-13 00:00:00+00:00, run_after=2025-08-14 00:00:00+00:00
[2025-08-14T17:40:22.926+0000] {processor.py:183} INFO - Processing /home/airflow/.local/lib/python3.8/site-packages/airflow/example_dags/example_skip_dag.py took 0.048 seconds
[2025-08-14T17:40:53.646+0000] {processor.py:161} INFO - Started process (PID=534) to work on /home/airflow/.local/lib/python3.8/site-packages/airflow/example_dags/example_skip_dag.py
[2025-08-14T17:40:53.647+0000] {processor.py:830} INFO - Processing file /home/airflow/.local/lib/python3.8/site-packages/airflow/example_dags/example_skip_dag.py for tasks to queue
[2025-08-14T17:40:53.648+0000] {logging_mixin.py:188} INFO - [2025-08-14T17:40:53.648+0000] {dagbag.py:540} INFO - Filling up the DagBag from /home/airflow/.local/lib/python3.8/site-packages/airflow/example_dags/example_skip_dag.py
[2025-08-14T17:40:53.651+0000] {processor.py:840} INFO - DAG(s) 'example_skip_dag' retrieved from /home/airflow/.local/lib/python3.8/site-packages/airflow/example_dags/example_skip_dag.py
[2025-08-14T17:40:53.662+0000] {logging_mixin.py:188} INFO - [2025-08-14T17:40:53.662+0000] {dag.py:3047} INFO - Sync 1 DAGs
[2025-08-14T17:40:53.671+0000] {logging_mixin.py:188} INFO - [2025-08-14T17:40:53.671+0000] {dag.py:3834} INFO - Setting next_dagrun for example_skip_dag to 2025-08-13 00:00:00+00:00, run_after=2025-08-14 00:00:00+00:00
[2025-08-14T17:40:53.679+0000] {processor.py:183} INFO - Processing /home/airflow/.local/lib/python3.8/site-packages/airflow/example_dags/example_skip_dag.py took 0.034 seconds
[2025-08-14T17:41:23.939+0000] {processor.py:161} INFO - Started process (PID=590) to work on /home/airflow/.local/lib/python3.8/site-packages/airflow/example_dags/example_skip_dag.py
[2025-08-14T17:41:23.940+0000] {processor.py:830} INFO - Processing file /home/airflow/.local/lib/python3.8/site-packages/airflow/example_dags/example_skip_dag.py for tasks to queue
[2025-08-14T17:41:23.942+0000] {logging_mixin.py:188} INFO - [2025-08-14T17:41:23.942+0000] {dagbag.py:540} INFO - Filling up the DagBag from /home/airflow/.local/lib/python3.8/site-packages/airflow/example_dags/example_skip_dag.py
[2025-08-14T17:41:23.947+0000] {processor.py:840} INFO - DAG(s) 'example_skip_dag' retrieved from /home/airflow/.local/lib/python3.8/site-packages/airflow/example_dags/example_skip_dag.py
[2025-08-14T17:41:23.961+0000] {logging_mixin.py:188} INFO - [2025-08-14T17:41:23.960+0000] {dag.py:3047} INFO - Sync 1 DAGs
[2025-08-14T17:41:23.977+0000] {logging_mixin.py:188} INFO - [2025-08-14T17:41:23.977+0000] {dag.py:3834} INFO - Setting next_dagrun for example_skip_dag to 2025-08-13 00:00:00+00:00, run_after=2025-08-14 00:00:00+00:00
[2025-08-14T17:41:23.994+0000] {processor.py:183} INFO - Processing /home/airflow/.local/lib/python3.8/site-packages/airflow/example_dags/example_skip_dag.py took 0.057 seconds
[2025-08-14T17:41:54.631+0000] {processor.py:161} INFO - Started process (PID=646) to work on /home/airflow/.local/lib/python3.8/site-packages/airflow/example_dags/example_skip_dag.py
[2025-08-14T17:41:54.631+0000] {processor.py:830} INFO - Processing file /home/airflow/.local/lib/python3.8/site-packages/airflow/example_dags/example_skip_dag.py for tasks to queue
[2025-08-14T17:41:54.632+0000] {logging_mixin.py:188} INFO - [2025-08-14T17:41:54.632+0000] {dagbag.py:540} INFO - Filling up the DagBag from /home/airflow/.local/lib/python3.8/site-packages/airflow/example_dags/example_skip_dag.py
[2025-08-14T17:41:54.635+0000] {processor.py:840} INFO - DAG(s) 'example_skip_dag' retrieved from /home/airflow/.local/lib/python3.8/site-packages/airflow/example_dags/example_skip_dag.py
[2025-08-14T17:41:54.646+0000] {logging_mixin.py:188} INFO - [2025-08-14T17:41:54.646+0000] {dag.py:3047} INFO - Sync 1 DAGs
[2025-08-14T17:41:54.656+0000] {logging_mixin.py:188} INFO - [2025-08-14T17:41:54.656+0000] {dag.py:3834} INFO - Setting next_dagrun for example_skip_dag to 2025-08-13 00:00:00+00:00, run_after=2025-08-14 00:00:00+00:00
[2025-08-14T17:41:54.663+0000] {processor.py:183} INFO - Processing /home/airflow/.local/lib/python3.8/site-packages/airflow/example_dags/example_skip_dag.py took 0.034 seconds
[2025-08-14T17:42:25.403+0000] {processor.py:161} INFO - Started process (PID=702) to work on /home/airflow/.local/lib/python3.8/site-packages/airflow/example_dags/example_skip_dag.py
[2025-08-14T17:42:25.406+0000] {processor.py:830} INFO - Processing file /home/airflow/.local/lib/python3.8/site-packages/airflow/example_dags/example_skip_dag.py for tasks to queue
[2025-08-14T17:42:25.408+0000] {logging_mixin.py:188} INFO - [2025-08-14T17:42:25.407+0000] {dagbag.py:540} INFO - Filling up the DagBag from /home/airflow/.local/lib/python3.8/site-packages/airflow/example_dags/example_skip_dag.py
[2025-08-14T17:42:25.414+0000] {processor.py:840} INFO - DAG(s) 'example_skip_dag' retrieved from /home/airflow/.local/lib/python3.8/site-packages/airflow/example_dags/example_skip_dag.py
[2025-08-14T17:42:25.429+0000] {logging_mixin.py:188} INFO - [2025-08-14T17:42:25.429+0000] {dag.py:3047} INFO - Sync 1 DAGs
[2025-08-14T17:42:25.440+0000] {logging_mixin.py:188} INFO - [2025-08-14T17:42:25.440+0000] {dag.py:3834} INFO - Setting next_dagrun for example_skip_dag to 2025-08-13 00:00:00+00:00, run_after=2025-08-14 00:00:00+00:00
[2025-08-14T17:42:25.449+0000] {processor.py:183} INFO - Processing /home/airflow/.local/lib/python3.8/site-packages/airflow/example_dags/example_skip_dag.py took 0.051 seconds
[2025-08-14T17:42:55.613+0000] {processor.py:161} INFO - Started process (PID=758) to work on /home/airflow/.local/lib/python3.8/site-packages/airflow/example_dags/example_skip_dag.py
[2025-08-14T17:42:55.614+0000] {processor.py:830} INFO - Processing file /home/airflow/.local/lib/python3.8/site-packages/airflow/example_dags/example_skip_dag.py for tasks to queue
[2025-08-14T17:42:55.615+0000] {logging_mixin.py:188} INFO - [2025-08-14T17:42:55.615+0000] {dagbag.py:540} INFO - Filling up the DagBag from /home/airflow/.local/lib/python3.8/site-packages/airflow/example_dags/example_skip_dag.py
[2025-08-14T17:42:55.619+0000] {processor.py:840} INFO - DAG(s) 'example_skip_dag' retrieved from /home/airflow/.local/lib/python3.8/site-packages/airflow/example_dags/example_skip_dag.py
[2025-08-14T17:42:55.636+0000] {logging_mixin.py:188} INFO - [2025-08-14T17:42:55.635+0000] {dag.py:3047} INFO - Sync 1 DAGs
[2025-08-14T17:42:55.647+0000] {logging_mixin.py:188} INFO - [2025-08-14T17:42:55.646+0000] {dag.py:3834} INFO - Setting next_dagrun for example_skip_dag to 2025-08-13 00:00:00+00:00, run_after=2025-08-14 00:00:00+00:00
[2025-08-14T17:42:55.655+0000] {processor.py:183} INFO - Processing /home/airflow/.local/lib/python3.8/site-packages/airflow/example_dags/example_skip_dag.py took 0.043 seconds
[2025-08-14T17:43:26.293+0000] {processor.py:161} INFO - Started process (PID=814) to work on /home/airflow/.local/lib/python3.8/site-packages/airflow/example_dags/example_skip_dag.py
[2025-08-14T17:43:26.294+0000] {processor.py:830} INFO - Processing file /home/airflow/.local/lib/python3.8/site-packages/airflow/example_dags/example_skip_dag.py for tasks to queue
[2025-08-14T17:43:26.295+0000] {logging_mixin.py:188} INFO - [2025-08-14T17:43:26.295+0000] {dagbag.py:540} INFO - Filling up the DagBag from /home/airflow/.local/lib/python3.8/site-packages/airflow/example_dags/example_skip_dag.py
[2025-08-14T17:43:26.299+0000] {processor.py:840} INFO - DAG(s) 'example_skip_dag' retrieved from /home/airflow/.local/lib/python3.8/site-packages/airflow/example_dags/example_skip_dag.py
[2025-08-14T17:43:26.311+0000] {logging_mixin.py:188} INFO - [2025-08-14T17:43:26.311+0000] {dag.py:3047} INFO - Sync 1 DAGs
[2025-08-14T17:43:26.321+0000] {logging_mixin.py:188} INFO - [2025-08-14T17:43:26.321+0000] {dag.py:3834} INFO - Setting next_dagrun for example_skip_dag to 2025-08-13 00:00:00+00:00, run_after=2025-08-14 00:00:00+00:00
[2025-08-14T17:43:26.329+0000] {processor.py:183} INFO - Processing /home/airflow/.local/lib/python3.8/site-packages/airflow/example_dags/example_skip_dag.py took 0.038 seconds
[2025-08-14T17:43:56.558+0000] {processor.py:161} INFO - Started process (PID=870) to work on /home/airflow/.local/lib/python3.8/site-packages/airflow/example_dags/example_skip_dag.py
[2025-08-14T17:43:56.559+0000] {processor.py:830} INFO - Processing file /home/airflow/.local/lib/python3.8/site-packages/airflow/example_dags/example_skip_dag.py for tasks to queue
[2025-08-14T17:43:56.560+0000] {logging_mixin.py:188} INFO - [2025-08-14T17:43:56.560+0000] {dagbag.py:540} INFO - Filling up the DagBag from /home/airflow/.local/lib/python3.8/site-packages/airflow/example_dags/example_skip_dag.py
[2025-08-14T17:43:56.564+0000] {processor.py:840} INFO - DAG(s) 'example_skip_dag' retrieved from /home/airflow/.local/lib/python3.8/site-packages/airflow/example_dags/example_skip_dag.py
[2025-08-14T17:43:56.575+0000] {logging_mixin.py:188} INFO - [2025-08-14T17:43:56.575+0000] {dag.py:3047} INFO - Sync 1 DAGs
[2025-08-14T17:43:56.586+0000] {logging_mixin.py:188} INFO - [2025-08-14T17:43:56.585+0000] {dag.py:3834} INFO - Setting next_dagrun for example_skip_dag to 2025-08-13 00:00:00+00:00, run_after=2025-08-14 00:00:00+00:00
[2025-08-14T17:43:56.593+0000] {processor.py:183} INFO - Processing /home/airflow/.local/lib/python3.8/site-packages/airflow/example_dags/example_skip_dag.py took 0.036 seconds
[2025-08-14T17:44:26.847+0000] {processor.py:161} INFO - Started process (PID=926) to work on /home/airflow/.local/lib/python3.8/site-packages/airflow/example_dags/example_skip_dag.py
[2025-08-14T17:44:26.848+0000] {processor.py:830} INFO - Processing file /home/airflow/.local/lib/python3.8/site-packages/airflow/example_dags/example_skip_dag.py for tasks to queue
[2025-08-14T17:44:26.849+0000] {logging_mixin.py:188} INFO - [2025-08-14T17:44:26.849+0000] {dagbag.py:540} INFO - Filling up the DagBag from /home/airflow/.local/lib/python3.8/site-packages/airflow/example_dags/example_skip_dag.py
[2025-08-14T17:44:26.854+0000] {processor.py:840} INFO - DAG(s) 'example_skip_dag' retrieved from /home/airflow/.local/lib/python3.8/site-packages/airflow/example_dags/example_skip_dag.py
[2025-08-14T17:44:26.869+0000] {logging_mixin.py:188} INFO - [2025-08-14T17:44:26.869+0000] {dag.py:3047} INFO - Sync 1 DAGs
[2025-08-14T17:44:26.879+0000] {logging_mixin.py:188} INFO - [2025-08-14T17:44:26.879+0000] {dag.py:3834} INFO - Setting next_dagrun for example_skip_dag to 2025-08-13 00:00:00+00:00, run_after=2025-08-14 00:00:00+00:00
[2025-08-14T17:44:26.887+0000] {processor.py:183} INFO - Processing /home/airflow/.local/lib/python3.8/site-packages/airflow/example_dags/example_skip_dag.py took 0.042 seconds
[2025-08-14T17:44:57.100+0000] {processor.py:161} INFO - Started process (PID=982) to work on /home/airflow/.local/lib/python3.8/site-packages/airflow/example_dags/example_skip_dag.py
[2025-08-14T17:44:57.101+0000] {processor.py:830} INFO - Processing file /home/airflow/.local/lib/python3.8/site-packages/airflow/example_dags/example_skip_dag.py for tasks to queue
[2025-08-14T17:44:57.102+0000] {logging_mixin.py:188} INFO - [2025-08-14T17:44:57.102+0000] {dagbag.py:540} INFO - Filling up the DagBag from /home/airflow/.local/lib/python3.8/site-packages/airflow/example_dags/example_skip_dag.py
[2025-08-14T17:44:57.109+0000] {processor.py:840} INFO - DAG(s) 'example_skip_dag' retrieved from /home/airflow/.local/lib/python3.8/site-packages/airflow/example_dags/example_skip_dag.py
[2025-08-14T17:44:57.130+0000] {logging_mixin.py:188} INFO - [2025-08-14T17:44:57.129+0000] {dag.py:3047} INFO - Sync 1 DAGs
[2025-08-14T17:44:57.143+0000] {logging_mixin.py:188} INFO - [2025-08-14T17:44:57.143+0000] {dag.py:3834} INFO - Setting next_dagrun for example_skip_dag to 2025-08-13 00:00:00+00:00, run_after=2025-08-14 00:00:00+00:00
[2025-08-14T17:44:57.159+0000] {processor.py:183} INFO - Processing /home/airflow/.local/lib/python3.8/site-packages/airflow/example_dags/example_skip_dag.py took 0.061 seconds
[2025-08-14T17:45:27.415+0000] {processor.py:161} INFO - Started process (PID=1038) to work on /home/airflow/.local/lib/python3.8/site-packages/airflow/example_dags/example_skip_dag.py
[2025-08-14T17:45:27.415+0000] {processor.py:830} INFO - Processing file /home/airflow/.local/lib/python3.8/site-packages/airflow/example_dags/example_skip_dag.py for tasks to queue
[2025-08-14T17:45:27.417+0000] {logging_mixin.py:188} INFO - [2025-08-14T17:45:27.416+0000] {dagbag.py:540} INFO - Filling up the DagBag from /home/airflow/.local/lib/python3.8/site-packages/airflow/example_dags/example_skip_dag.py
[2025-08-14T17:45:27.420+0000] {processor.py:840} INFO - DAG(s) 'example_skip_dag' retrieved from /home/airflow/.local/lib/python3.8/site-packages/airflow/example_dags/example_skip_dag.py
[2025-08-14T17:45:27.434+0000] {logging_mixin.py:188} INFO - [2025-08-14T17:45:27.434+0000] {dag.py:3047} INFO - Sync 1 DAGs
[2025-08-14T17:45:27.448+0000] {logging_mixin.py:188} INFO - [2025-08-14T17:45:27.448+0000] {dag.py:3834} INFO - Setting next_dagrun for example_skip_dag to 2025-08-13 00:00:00+00:00, run_after=2025-08-14 00:00:00+00:00
[2025-08-14T17:45:27.463+0000] {processor.py:183} INFO - Processing /home/airflow/.local/lib/python3.8/site-packages/airflow/example_dags/example_skip_dag.py took 0.051 seconds
[2025-08-14T17:45:58.060+0000] {processor.py:161} INFO - Started process (PID=1094) to work on /home/airflow/.local/lib/python3.8/site-packages/airflow/example_dags/example_skip_dag.py
[2025-08-14T17:45:58.061+0000] {processor.py:830} INFO - Processing file /home/airflow/.local/lib/python3.8/site-packages/airflow/example_dags/example_skip_dag.py for tasks to queue
[2025-08-14T17:45:58.062+0000] {logging_mixin.py:188} INFO - [2025-08-14T17:45:58.062+0000] {dagbag.py:540} INFO - Filling up the DagBag from /home/airflow/.local/lib/python3.8/site-packages/airflow/example_dags/example_skip_dag.py
[2025-08-14T17:45:58.066+0000] {processor.py:840} INFO - DAG(s) 'example_skip_dag' retrieved from /home/airflow/.local/lib/python3.8/site-packages/airflow/example_dags/example_skip_dag.py
[2025-08-14T17:45:58.081+0000] {logging_mixin.py:188} INFO - [2025-08-14T17:45:58.081+0000] {dag.py:3047} INFO - Sync 1 DAGs
[2025-08-14T17:45:58.091+0000] {logging_mixin.py:188} INFO - [2025-08-14T17:45:58.091+0000] {dag.py:3834} INFO - Setting next_dagrun for example_skip_dag to 2025-08-13 00:00:00+00:00, run_after=2025-08-14 00:00:00+00:00
[2025-08-14T17:45:58.099+0000] {processor.py:183} INFO - Processing /home/airflow/.local/lib/python3.8/site-packages/airflow/example_dags/example_skip_dag.py took 0.041 seconds
[2025-08-14T17:46:28.350+0000] {processor.py:161} INFO - Started process (PID=1150) to work on /home/airflow/.local/lib/python3.8/site-packages/airflow/example_dags/example_skip_dag.py
[2025-08-14T17:46:28.351+0000] {processor.py:830} INFO - Processing file /home/airflow/.local/lib/python3.8/site-packages/airflow/example_dags/example_skip_dag.py for tasks to queue
[2025-08-14T17:46:28.352+0000] {logging_mixin.py:188} INFO - [2025-08-14T17:46:28.352+0000] {dagbag.py:540} INFO - Filling up the DagBag from /home/airflow/.local/lib/python3.8/site-packages/airflow/example_dags/example_skip_dag.py
[2025-08-14T17:46:28.358+0000] {processor.py:840} INFO - DAG(s) 'example_skip_dag' retrieved from /home/airflow/.local/lib/python3.8/site-packages/airflow/example_dags/example_skip_dag.py
[2025-08-14T17:46:28.376+0000] {logging_mixin.py:188} INFO - [2025-08-14T17:46:28.376+0000] {dag.py:3047} INFO - Sync 1 DAGs
[2025-08-14T17:46:28.393+0000] {logging_mixin.py:188} INFO - [2025-08-14T17:46:28.393+0000] {dag.py:3834} INFO - Setting next_dagrun for example_skip_dag to 2025-08-13 00:00:00+00:00, run_after=2025-08-14 00:00:00+00:00
[2025-08-14T17:46:28.407+0000] {processor.py:183} INFO - Processing /home/airflow/.local/lib/python3.8/site-packages/airflow/example_dags/example_skip_dag.py took 0.059 seconds
[2025-08-14T17:46:59.478+0000] {processor.py:161} INFO - Started process (PID=1206) to work on /home/airflow/.local/lib/python3.8/site-packages/airflow/example_dags/example_skip_dag.py
[2025-08-14T17:46:59.479+0000] {processor.py:830} INFO - Processing file /home/airflow/.local/lib/python3.8/site-packages/airflow/example_dags/example_skip_dag.py for tasks to queue
[2025-08-14T17:46:59.480+0000] {logging_mixin.py:188} INFO - [2025-08-14T17:46:59.480+0000] {dagbag.py:540} INFO - Filling up the DagBag from /home/airflow/.local/lib/python3.8/site-packages/airflow/example_dags/example_skip_dag.py
[2025-08-14T17:46:59.484+0000] {processor.py:840} INFO - DAG(s) 'example_skip_dag' retrieved from /home/airflow/.local/lib/python3.8/site-packages/airflow/example_dags/example_skip_dag.py
[2025-08-14T17:46:59.497+0000] {logging_mixin.py:188} INFO - [2025-08-14T17:46:59.496+0000] {dag.py:3047} INFO - Sync 1 DAGs
[2025-08-14T17:46:59.508+0000] {logging_mixin.py:188} INFO - [2025-08-14T17:46:59.508+0000] {dag.py:3834} INFO - Setting next_dagrun for example_skip_dag to 2025-08-13 00:00:00+00:00, run_after=2025-08-14 00:00:00+00:00
[2025-08-14T17:46:59.516+0000] {processor.py:183} INFO - Processing /home/airflow/.local/lib/python3.8/site-packages/airflow/example_dags/example_skip_dag.py took 0.040 seconds
[2025-08-14T17:47:30.225+0000] {processor.py:161} INFO - Started process (PID=1262) to work on /home/airflow/.local/lib/python3.8/site-packages/airflow/example_dags/example_skip_dag.py
[2025-08-14T17:47:30.225+0000] {processor.py:830} INFO - Processing file /home/airflow/.local/lib/python3.8/site-packages/airflow/example_dags/example_skip_dag.py for tasks to queue
[2025-08-14T17:47:30.226+0000] {logging_mixin.py:188} INFO - [2025-08-14T17:47:30.226+0000] {dagbag.py:540} INFO - Filling up the DagBag from /home/airflow/.local/lib/python3.8/site-packages/airflow/example_dags/example_skip_dag.py
[2025-08-14T17:47:30.230+0000] {processor.py:840} INFO - DAG(s) 'example_skip_dag' retrieved from /home/airflow/.local/lib/python3.8/site-packages/airflow/example_dags/example_skip_dag.py
[2025-08-14T17:47:30.240+0000] {logging_mixin.py:188} INFO - [2025-08-14T17:47:30.240+0000] {dag.py:3047} INFO - Sync 1 DAGs
[2025-08-14T17:47:30.250+0000] {logging_mixin.py:188} INFO - [2025-08-14T17:47:30.250+0000] {dag.py:3834} INFO - Setting next_dagrun for example_skip_dag to 2025-08-13 00:00:00+00:00, run_after=2025-08-14 00:00:00+00:00
[2025-08-14T17:47:30.257+0000] {processor.py:183} INFO - Processing /home/airflow/.local/lib/python3.8/site-packages/airflow/example_dags/example_skip_dag.py took 0.034 seconds
[2025-08-14T17:48:00.551+0000] {processor.py:161} INFO - Started process (PID=1318) to work on /home/airflow/.local/lib/python3.8/site-packages/airflow/example_dags/example_skip_dag.py
[2025-08-14T17:48:00.552+0000] {processor.py:830} INFO - Processing file /home/airflow/.local/lib/python3.8/site-packages/airflow/example_dags/example_skip_dag.py for tasks to queue
[2025-08-14T17:48:00.553+0000] {logging_mixin.py:188} INFO - [2025-08-14T17:48:00.553+0000] {dagbag.py:540} INFO - Filling up the DagBag from /home/airflow/.local/lib/python3.8/site-packages/airflow/example_dags/example_skip_dag.py
[2025-08-14T17:48:00.556+0000] {processor.py:840} INFO - DAG(s) 'example_skip_dag' retrieved from /home/airflow/.local/lib/python3.8/site-packages/airflow/example_dags/example_skip_dag.py
[2025-08-14T17:48:00.572+0000] {logging_mixin.py:188} INFO - [2025-08-14T17:48:00.572+0000] {dag.py:3047} INFO - Sync 1 DAGs
[2025-08-14T17:48:00.589+0000] {logging_mixin.py:188} INFO - [2025-08-14T17:48:00.589+0000] {dag.py:3834} INFO - Setting next_dagrun for example_skip_dag to 2025-08-13 00:00:00+00:00, run_after=2025-08-14 00:00:00+00:00
[2025-08-14T17:48:00.608+0000] {processor.py:183} INFO - Processing /home/airflow/.local/lib/python3.8/site-packages/airflow/example_dags/example_skip_dag.py took 0.059 seconds
[2025-08-14T17:48:30.923+0000] {processor.py:161} INFO - Started process (PID=1374) to work on /home/airflow/.local/lib/python3.8/site-packages/airflow/example_dags/example_skip_dag.py
[2025-08-14T17:48:30.924+0000] {processor.py:830} INFO - Processing file /home/airflow/.local/lib/python3.8/site-packages/airflow/example_dags/example_skip_dag.py for tasks to queue
[2025-08-14T17:48:30.926+0000] {logging_mixin.py:188} INFO - [2025-08-14T17:48:30.926+0000] {dagbag.py:540} INFO - Filling up the DagBag from /home/airflow/.local/lib/python3.8/site-packages/airflow/example_dags/example_skip_dag.py
[2025-08-14T17:48:30.930+0000] {processor.py:840} INFO - DAG(s) 'example_skip_dag' retrieved from /home/airflow/.local/lib/python3.8/site-packages/airflow/example_dags/example_skip_dag.py
[2025-08-14T17:48:30.941+0000] {logging_mixin.py:188} INFO - [2025-08-14T17:48:30.941+0000] {dag.py:3047} INFO - Sync 1 DAGs
[2025-08-14T17:48:30.950+0000] {logging_mixin.py:188} INFO - [2025-08-14T17:48:30.950+0000] {dag.py:3834} INFO - Setting next_dagrun for example_skip_dag to 2025-08-13 00:00:00+00:00, run_after=2025-08-14 00:00:00+00:00
[2025-08-14T17:48:30.957+0000] {processor.py:183} INFO - Processing /home/airflow/.local/lib/python3.8/site-packages/airflow/example_dags/example_skip_dag.py took 0.036 seconds
[2025-08-14T17:49:01.636+0000] {processor.py:161} INFO - Started process (PID=1430) to work on /home/airflow/.local/lib/python3.8/site-packages/airflow/example_dags/example_skip_dag.py
[2025-08-14T17:49:01.637+0000] {processor.py:830} INFO - Processing file /home/airflow/.local/lib/python3.8/site-packages/airflow/example_dags/example_skip_dag.py for tasks to queue
[2025-08-14T17:49:01.637+0000] {logging_mixin.py:188} INFO - [2025-08-14T17:49:01.637+0000] {dagbag.py:540} INFO - Filling up the DagBag from /home/airflow/.local/lib/python3.8/site-packages/airflow/example_dags/example_skip_dag.py
[2025-08-14T17:49:01.641+0000] {processor.py:840} INFO - DAG(s) 'example_skip_dag' retrieved from /home/airflow/.local/lib/python3.8/site-packages/airflow/example_dags/example_skip_dag.py
[2025-08-14T17:49:01.652+0000] {logging_mixin.py:188} INFO - [2025-08-14T17:49:01.652+0000] {dag.py:3047} INFO - Sync 1 DAGs
[2025-08-14T17:49:01.662+0000] {logging_mixin.py:188} INFO - [2025-08-14T17:49:01.662+0000] {dag.py:3834} INFO - Setting next_dagrun for example_skip_dag to 2025-08-13 00:00:00+00:00, run_after=2025-08-14 00:00:00+00:00
[2025-08-14T17:49:01.670+0000] {processor.py:183} INFO - Processing /home/airflow/.local/lib/python3.8/site-packages/airflow/example_dags/example_skip_dag.py took 0.036 seconds
[2025-08-14T17:49:31.804+0000] {processor.py:161} INFO - Started process (PID=1486) to work on /home/airflow/.local/lib/python3.8/site-packages/airflow/example_dags/example_skip_dag.py
[2025-08-14T17:49:31.806+0000] {processor.py:830} INFO - Processing file /home/airflow/.local/lib/python3.8/site-packages/airflow/example_dags/example_skip_dag.py for tasks to queue
[2025-08-14T17:49:31.809+0000] {logging_mixin.py:188} INFO - [2025-08-14T17:49:31.808+0000] {dagbag.py:540} INFO - Filling up the DagBag from /home/airflow/.local/lib/python3.8/site-packages/airflow/example_dags/example_skip_dag.py
[2025-08-14T17:49:31.817+0000] {processor.py:840} INFO - DAG(s) 'example_skip_dag' retrieved from /home/airflow/.local/lib/python3.8/site-packages/airflow/example_dags/example_skip_dag.py
[2025-08-14T17:49:31.843+0000] {logging_mixin.py:188} INFO - [2025-08-14T17:49:31.842+0000] {dag.py:3047} INFO - Sync 1 DAGs
[2025-08-14T17:49:31.862+0000] {logging_mixin.py:188} INFO - [2025-08-14T17:49:31.862+0000] {dag.py:3834} INFO - Setting next_dagrun for example_skip_dag to 2025-08-13 00:00:00+00:00, run_after=2025-08-14 00:00:00+00:00
[2025-08-14T17:49:31.884+0000] {processor.py:183} INFO - Processing /home/airflow/.local/lib/python3.8/site-packages/airflow/example_dags/example_skip_dag.py took 0.087 seconds
[2025-08-14T17:50:02.544+0000] {processor.py:161} INFO - Started process (PID=1542) to work on /home/airflow/.local/lib/python3.8/site-packages/airflow/example_dags/example_skip_dag.py
[2025-08-14T17:50:02.545+0000] {processor.py:830} INFO - Processing file /home/airflow/.local/lib/python3.8/site-packages/airflow/example_dags/example_skip_dag.py for tasks to queue
[2025-08-14T17:50:02.547+0000] {logging_mixin.py:188} INFO - [2025-08-14T17:50:02.547+0000] {dagbag.py:540} INFO - Filling up the DagBag from /home/airflow/.local/lib/python3.8/site-packages/airflow/example_dags/example_skip_dag.py
[2025-08-14T17:50:02.553+0000] {processor.py:840} INFO - DAG(s) 'example_skip_dag' retrieved from /home/airflow/.local/lib/python3.8/site-packages/airflow/example_dags/example_skip_dag.py
[2025-08-14T17:50:02.578+0000] {logging_mixin.py:188} INFO - [2025-08-14T17:50:02.578+0000] {dag.py:3047} INFO - Sync 1 DAGs
[2025-08-14T17:50:02.602+0000] {logging_mixin.py:188} INFO - [2025-08-14T17:50:02.602+0000] {dag.py:3834} INFO - Setting next_dagrun for example_skip_dag to 2025-08-13 00:00:00+00:00, run_after=2025-08-14 00:00:00+00:00
[2025-08-14T17:50:02.621+0000] {processor.py:183} INFO - Processing /home/airflow/.local/lib/python3.8/site-packages/airflow/example_dags/example_skip_dag.py took 0.081 seconds
[2025-08-14T17:50:33.357+0000] {processor.py:161} INFO - Started process (PID=1598) to work on /home/airflow/.local/lib/python3.8/site-packages/airflow/example_dags/example_skip_dag.py
[2025-08-14T17:50:33.357+0000] {processor.py:830} INFO - Processing file /home/airflow/.local/lib/python3.8/site-packages/airflow/example_dags/example_skip_dag.py for tasks to queue
[2025-08-14T17:50:33.358+0000] {logging_mixin.py:188} INFO - [2025-08-14T17:50:33.358+0000] {dagbag.py:540} INFO - Filling up the DagBag from /home/airflow/.local/lib/python3.8/site-packages/airflow/example_dags/example_skip_dag.py
[2025-08-14T17:50:33.362+0000] {processor.py:840} INFO - DAG(s) 'example_skip_dag' retrieved from /home/airflow/.local/lib/python3.8/site-packages/airflow/example_dags/example_skip_dag.py
[2025-08-14T17:50:33.377+0000] {logging_mixin.py:188} INFO - [2025-08-14T17:50:33.377+0000] {dag.py:3047} INFO - Sync 1 DAGs
[2025-08-14T17:50:33.389+0000] {logging_mixin.py:188} INFO - [2025-08-14T17:50:33.389+0000] {dag.py:3834} INFO - Setting next_dagrun for example_skip_dag to 2025-08-13 00:00:00+00:00, run_after=2025-08-14 00:00:00+00:00
[2025-08-14T17:50:33.402+0000] {processor.py:183} INFO - Processing /home/airflow/.local/lib/python3.8/site-packages/airflow/example_dags/example_skip_dag.py took 0.047 seconds
[2025-08-14T17:51:04.188+0000] {processor.py:161} INFO - Started process (PID=1654) to work on /home/airflow/.local/lib/python3.8/site-packages/airflow/example_dags/example_skip_dag.py
[2025-08-14T17:51:04.189+0000] {processor.py:830} INFO - Processing file /home/airflow/.local/lib/python3.8/site-packages/airflow/example_dags/example_skip_dag.py for tasks to queue
[2025-08-14T17:51:04.190+0000] {logging_mixin.py:188} INFO - [2025-08-14T17:51:04.190+0000] {dagbag.py:540} INFO - Filling up the DagBag from /home/airflow/.local/lib/python3.8/site-packages/airflow/example_dags/example_skip_dag.py
[2025-08-14T17:51:04.197+0000] {processor.py:840} INFO - DAG(s) 'example_skip_dag' retrieved from /home/airflow/.local/lib/python3.8/site-packages/airflow/example_dags/example_skip_dag.py
[2025-08-14T17:51:04.213+0000] {logging_mixin.py:188} INFO - [2025-08-14T17:51:04.213+0000] {dag.py:3047} INFO - Sync 1 DAGs
[2025-08-14T17:51:04.227+0000] {logging_mixin.py:188} INFO - [2025-08-14T17:51:04.227+0000] {dag.py:3834} INFO - Setting next_dagrun for example_skip_dag to 2025-08-13 00:00:00+00:00, run_after=2025-08-14 00:00:00+00:00
[2025-08-14T17:51:04.242+0000] {processor.py:183} INFO - Processing /home/airflow/.local/lib/python3.8/site-packages/airflow/example_dags/example_skip_dag.py took 0.055 seconds
[2025-08-14T17:51:34.693+0000] {processor.py:161} INFO - Started process (PID=1710) to work on /home/airflow/.local/lib/python3.8/site-packages/airflow/example_dags/example_skip_dag.py
[2025-08-14T17:51:34.694+0000] {processor.py:830} INFO - Processing file /home/airflow/.local/lib/python3.8/site-packages/airflow/example_dags/example_skip_dag.py for tasks to queue
[2025-08-14T17:51:34.695+0000] {logging_mixin.py:188} INFO - [2025-08-14T17:51:34.695+0000] {dagbag.py:540} INFO - Filling up the DagBag from /home/airflow/.local/lib/python3.8/site-packages/airflow/example_dags/example_skip_dag.py
[2025-08-14T17:51:34.699+0000] {processor.py:840} INFO - DAG(s) 'example_skip_dag' retrieved from /home/airflow/.local/lib/python3.8/site-packages/airflow/example_dags/example_skip_dag.py
[2025-08-14T17:51:34.711+0000] {logging_mixin.py:188} INFO - [2025-08-14T17:51:34.711+0000] {dag.py:3047} INFO - Sync 1 DAGs
[2025-08-14T17:51:34.720+0000] {logging_mixin.py:188} INFO - [2025-08-14T17:51:34.720+0000] {dag.py:3834} INFO - Setting next_dagrun for example_skip_dag to 2025-08-13 00:00:00+00:00, run_after=2025-08-14 00:00:00+00:00
[2025-08-14T17:51:34.728+0000] {processor.py:183} INFO - Processing /home/airflow/.local/lib/python3.8/site-packages/airflow/example_dags/example_skip_dag.py took 0.037 seconds
[2025-08-14T17:52:05.446+0000] {processor.py:161} INFO - Started process (PID=1766) to work on /home/airflow/.local/lib/python3.8/site-packages/airflow/example_dags/example_skip_dag.py
[2025-08-14T17:52:05.446+0000] {processor.py:830} INFO - Processing file /home/airflow/.local/lib/python3.8/site-packages/airflow/example_dags/example_skip_dag.py for tasks to queue
[2025-08-14T17:52:05.447+0000] {logging_mixin.py:188} INFO - [2025-08-14T17:52:05.447+0000] {dagbag.py:540} INFO - Filling up the DagBag from /home/airflow/.local/lib/python3.8/site-packages/airflow/example_dags/example_skip_dag.py
[2025-08-14T17:52:05.451+0000] {processor.py:840} INFO - DAG(s) 'example_skip_dag' retrieved from /home/airflow/.local/lib/python3.8/site-packages/airflow/example_dags/example_skip_dag.py
[2025-08-14T17:52:05.462+0000] {logging_mixin.py:188} INFO - [2025-08-14T17:52:05.462+0000] {dag.py:3047} INFO - Sync 1 DAGs
[2025-08-14T17:52:05.473+0000] {logging_mixin.py:188} INFO - [2025-08-14T17:52:05.473+0000] {dag.py:3834} INFO - Setting next_dagrun for example_skip_dag to 2025-08-13 00:00:00+00:00, run_after=2025-08-14 00:00:00+00:00
[2025-08-14T17:52:05.482+0000] {processor.py:183} INFO - Processing /home/airflow/.local/lib/python3.8/site-packages/airflow/example_dags/example_skip_dag.py took 0.038 seconds
[2025-08-14T17:52:35.704+0000] {processor.py:161} INFO - Started process (PID=1822) to work on /home/airflow/.local/lib/python3.8/site-packages/airflow/example_dags/example_skip_dag.py
[2025-08-14T17:52:35.704+0000] {processor.py:830} INFO - Processing file /home/airflow/.local/lib/python3.8/site-packages/airflow/example_dags/example_skip_dag.py for tasks to queue
[2025-08-14T17:52:35.706+0000] {logging_mixin.py:188} INFO - [2025-08-14T17:52:35.705+0000] {dagbag.py:540} INFO - Filling up the DagBag from /home/airflow/.local/lib/python3.8/site-packages/airflow/example_dags/example_skip_dag.py
[2025-08-14T17:52:35.709+0000] {processor.py:840} INFO - DAG(s) 'example_skip_dag' retrieved from /home/airflow/.local/lib/python3.8/site-packages/airflow/example_dags/example_skip_dag.py
[2025-08-14T17:52:35.725+0000] {logging_mixin.py:188} INFO - [2025-08-14T17:52:35.725+0000] {dag.py:3047} INFO - Sync 1 DAGs
[2025-08-14T17:52:35.739+0000] {logging_mixin.py:188} INFO - [2025-08-14T17:52:35.739+0000] {dag.py:3834} INFO - Setting next_dagrun for example_skip_dag to 2025-08-13 00:00:00+00:00, run_after=2025-08-14 00:00:00+00:00
[2025-08-14T17:52:35.755+0000] {processor.py:183} INFO - Processing /home/airflow/.local/lib/python3.8/site-packages/airflow/example_dags/example_skip_dag.py took 0.053 seconds
[2025-08-14T17:53:06.663+0000] {processor.py:161} INFO - Started process (PID=1878) to work on /home/airflow/.local/lib/python3.8/site-packages/airflow/example_dags/example_skip_dag.py
[2025-08-14T17:53:06.664+0000] {processor.py:830} INFO - Processing file /home/airflow/.local/lib/python3.8/site-packages/airflow/example_dags/example_skip_dag.py for tasks to queue
[2025-08-14T17:53:06.666+0000] {logging_mixin.py:188} INFO - [2025-08-14T17:53:06.665+0000] {dagbag.py:540} INFO - Filling up the DagBag from /home/airflow/.local/lib/python3.8/site-packages/airflow/example_dags/example_skip_dag.py
[2025-08-14T17:53:06.670+0000] {processor.py:840} INFO - DAG(s) 'example_skip_dag' retrieved from /home/airflow/.local/lib/python3.8/site-packages/airflow/example_dags/example_skip_dag.py
[2025-08-14T17:53:06.684+0000] {logging_mixin.py:188} INFO - [2025-08-14T17:53:06.683+0000] {dag.py:3047} INFO - Sync 1 DAGs
[2025-08-14T17:53:06.695+0000] {logging_mixin.py:188} INFO - [2025-08-14T17:53:06.695+0000] {dag.py:3834} INFO - Setting next_dagrun for example_skip_dag to 2025-08-13 00:00:00+00:00, run_after=2025-08-14 00:00:00+00:00
[2025-08-14T17:53:06.704+0000] {processor.py:183} INFO - Processing /home/airflow/.local/lib/python3.8/site-packages/airflow/example_dags/example_skip_dag.py took 0.043 seconds
[2025-08-14T17:53:36.852+0000] {processor.py:161} INFO - Started process (PID=1934) to work on /home/airflow/.local/lib/python3.8/site-packages/airflow/example_dags/example_skip_dag.py
[2025-08-14T17:53:36.853+0000] {processor.py:830} INFO - Processing file /home/airflow/.local/lib/python3.8/site-packages/airflow/example_dags/example_skip_dag.py for tasks to queue
[2025-08-14T17:53:36.854+0000] {logging_mixin.py:188} INFO - [2025-08-14T17:53:36.854+0000] {dagbag.py:540} INFO - Filling up the DagBag from /home/airflow/.local/lib/python3.8/site-packages/airflow/example_dags/example_skip_dag.py
[2025-08-14T17:53:36.861+0000] {processor.py:840} INFO - DAG(s) 'example_skip_dag' retrieved from /home/airflow/.local/lib/python3.8/site-packages/airflow/example_dags/example_skip_dag.py
[2025-08-14T17:53:36.879+0000] {logging_mixin.py:188} INFO - [2025-08-14T17:53:36.879+0000] {dag.py:3047} INFO - Sync 1 DAGs
[2025-08-14T17:53:36.891+0000] {logging_mixin.py:188} INFO - [2025-08-14T17:53:36.891+0000] {dag.py:3834} INFO - Setting next_dagrun for example_skip_dag to 2025-08-13 00:00:00+00:00, run_after=2025-08-14 00:00:00+00:00
[2025-08-14T17:53:36.900+0000] {processor.py:183} INFO - Processing /home/airflow/.local/lib/python3.8/site-packages/airflow/example_dags/example_skip_dag.py took 0.051 seconds
[2025-08-14T17:54:07.065+0000] {processor.py:161} INFO - Started process (PID=1990) to work on /home/airflow/.local/lib/python3.8/site-packages/airflow/example_dags/example_skip_dag.py
[2025-08-14T17:54:07.066+0000] {processor.py:830} INFO - Processing file /home/airflow/.local/lib/python3.8/site-packages/airflow/example_dags/example_skip_dag.py for tasks to queue
[2025-08-14T17:54:07.067+0000] {logging_mixin.py:188} INFO - [2025-08-14T17:54:07.067+0000] {dagbag.py:540} INFO - Filling up the DagBag from /home/airflow/.local/lib/python3.8/site-packages/airflow/example_dags/example_skip_dag.py
[2025-08-14T17:54:07.071+0000] {processor.py:840} INFO - DAG(s) 'example_skip_dag' retrieved from /home/airflow/.local/lib/python3.8/site-packages/airflow/example_dags/example_skip_dag.py
[2025-08-14T17:54:07.090+0000] {logging_mixin.py:188} INFO - [2025-08-14T17:54:07.090+0000] {dag.py:3047} INFO - Sync 1 DAGs
[2025-08-14T17:54:07.101+0000] {logging_mixin.py:188} INFO - [2025-08-14T17:54:07.101+0000] {dag.py:3834} INFO - Setting next_dagrun for example_skip_dag to 2025-08-13 00:00:00+00:00, run_after=2025-08-14 00:00:00+00:00
[2025-08-14T17:54:07.116+0000] {processor.py:183} INFO - Processing /home/airflow/.local/lib/python3.8/site-packages/airflow/example_dags/example_skip_dag.py took 0.053 seconds
[2025-08-14T17:54:37.460+0000] {processor.py:161} INFO - Started process (PID=2046) to work on /home/airflow/.local/lib/python3.8/site-packages/airflow/example_dags/example_skip_dag.py
[2025-08-14T17:54:37.462+0000] {processor.py:830} INFO - Processing file /home/airflow/.local/lib/python3.8/site-packages/airflow/example_dags/example_skip_dag.py for tasks to queue
[2025-08-14T17:54:37.464+0000] {logging_mixin.py:188} INFO - [2025-08-14T17:54:37.464+0000] {dagbag.py:540} INFO - Filling up the DagBag from /home/airflow/.local/lib/python3.8/site-packages/airflow/example_dags/example_skip_dag.py
[2025-08-14T17:54:37.471+0000] {processor.py:840} INFO - DAG(s) 'example_skip_dag' retrieved from /home/airflow/.local/lib/python3.8/site-packages/airflow/example_dags/example_skip_dag.py
[2025-08-14T17:54:37.488+0000] {logging_mixin.py:188} INFO - [2025-08-14T17:54:37.488+0000] {dag.py:3047} INFO - Sync 1 DAGs
[2025-08-14T17:54:37.499+0000] {logging_mixin.py:188} INFO - [2025-08-14T17:54:37.498+0000] {dag.py:3834} INFO - Setting next_dagrun for example_skip_dag to 2025-08-13 00:00:00+00:00, run_after=2025-08-14 00:00:00+00:00
[2025-08-14T17:54:37.510+0000] {processor.py:183} INFO - Processing /home/airflow/.local/lib/python3.8/site-packages/airflow/example_dags/example_skip_dag.py took 0.052 seconds
[2025-08-14T17:55:08.011+0000] {processor.py:161} INFO - Started process (PID=2102) to work on /home/airflow/.local/lib/python3.8/site-packages/airflow/example_dags/example_skip_dag.py
[2025-08-14T17:55:08.012+0000] {processor.py:830} INFO - Processing file /home/airflow/.local/lib/python3.8/site-packages/airflow/example_dags/example_skip_dag.py for tasks to queue
[2025-08-14T17:55:08.012+0000] {logging_mixin.py:188} INFO - [2025-08-14T17:55:08.012+0000] {dagbag.py:540} INFO - Filling up the DagBag from /home/airflow/.local/lib/python3.8/site-packages/airflow/example_dags/example_skip_dag.py
[2025-08-14T17:55:08.016+0000] {processor.py:840} INFO - DAG(s) 'example_skip_dag' retrieved from /home/airflow/.local/lib/python3.8/site-packages/airflow/example_dags/example_skip_dag.py
[2025-08-14T17:55:08.027+0000] {logging_mixin.py:188} INFO - [2025-08-14T17:55:08.027+0000] {dag.py:3047} INFO - Sync 1 DAGs
[2025-08-14T17:55:08.037+0000] {logging_mixin.py:188} INFO - [2025-08-14T17:55:08.036+0000] {dag.py:3834} INFO - Setting next_dagrun for example_skip_dag to 2025-08-13 00:00:00+00:00, run_after=2025-08-14 00:00:00+00:00
[2025-08-14T17:55:08.045+0000] {processor.py:183} INFO - Processing /home/airflow/.local/lib/python3.8/site-packages/airflow/example_dags/example_skip_dag.py took 0.036 seconds
[2025-08-14T17:55:38.648+0000] {processor.py:161} INFO - Started process (PID=2158) to work on /home/airflow/.local/lib/python3.8/site-packages/airflow/example_dags/example_skip_dag.py
[2025-08-14T17:55:38.649+0000] {processor.py:830} INFO - Processing file /home/airflow/.local/lib/python3.8/site-packages/airflow/example_dags/example_skip_dag.py for tasks to queue
[2025-08-14T17:55:38.649+0000] {logging_mixin.py:188} INFO - [2025-08-14T17:55:38.649+0000] {dagbag.py:540} INFO - Filling up the DagBag from /home/airflow/.local/lib/python3.8/site-packages/airflow/example_dags/example_skip_dag.py
[2025-08-14T17:55:38.653+0000] {processor.py:840} INFO - DAG(s) 'example_skip_dag' retrieved from /home/airflow/.local/lib/python3.8/site-packages/airflow/example_dags/example_skip_dag.py
[2025-08-14T17:55:38.663+0000] {logging_mixin.py:188} INFO - [2025-08-14T17:55:38.663+0000] {dag.py:3047} INFO - Sync 1 DAGs
[2025-08-14T17:55:38.673+0000] {logging_mixin.py:188} INFO - [2025-08-14T17:55:38.673+0000] {dag.py:3834} INFO - Setting next_dagrun for example_skip_dag to 2025-08-13 00:00:00+00:00, run_after=2025-08-14 00:00:00+00:00
[2025-08-14T17:55:38.680+0000] {processor.py:183} INFO - Processing /home/airflow/.local/lib/python3.8/site-packages/airflow/example_dags/example_skip_dag.py took 0.034 seconds
[2025-08-14T17:56:09.209+0000] {processor.py:161} INFO - Started process (PID=2214) to work on /home/airflow/.local/lib/python3.8/site-packages/airflow/example_dags/example_skip_dag.py
[2025-08-14T17:56:09.211+0000] {processor.py:830} INFO - Processing file /home/airflow/.local/lib/python3.8/site-packages/airflow/example_dags/example_skip_dag.py for tasks to queue
[2025-08-14T17:56:09.213+0000] {logging_mixin.py:188} INFO - [2025-08-14T17:56:09.212+0000] {dagbag.py:540} INFO - Filling up the DagBag from /home/airflow/.local/lib/python3.8/site-packages/airflow/example_dags/example_skip_dag.py
[2025-08-14T17:56:09.216+0000] {processor.py:840} INFO - DAG(s) 'example_skip_dag' retrieved from /home/airflow/.local/lib/python3.8/site-packages/airflow/example_dags/example_skip_dag.py
[2025-08-14T17:56:09.228+0000] {logging_mixin.py:188} INFO - [2025-08-14T17:56:09.228+0000] {dag.py:3047} INFO - Sync 1 DAGs
[2025-08-14T17:56:09.242+0000] {logging_mixin.py:188} INFO - [2025-08-14T17:56:09.242+0000] {dag.py:3834} INFO - Setting next_dagrun for example_skip_dag to 2025-08-13 00:00:00+00:00, run_after=2025-08-14 00:00:00+00:00
[2025-08-14T17:56:09.253+0000] {processor.py:183} INFO - Processing /home/airflow/.local/lib/python3.8/site-packages/airflow/example_dags/example_skip_dag.py took 0.047 seconds
[2025-08-14T17:56:39.511+0000] {processor.py:161} INFO - Started process (PID=2270) to work on /home/airflow/.local/lib/python3.8/site-packages/airflow/example_dags/example_skip_dag.py
[2025-08-14T17:56:39.512+0000] {processor.py:830} INFO - Processing file /home/airflow/.local/lib/python3.8/site-packages/airflow/example_dags/example_skip_dag.py for tasks to queue
[2025-08-14T17:56:39.513+0000] {logging_mixin.py:188} INFO - [2025-08-14T17:56:39.513+0000] {dagbag.py:540} INFO - Filling up the DagBag from /home/airflow/.local/lib/python3.8/site-packages/airflow/example_dags/example_skip_dag.py
[2025-08-14T17:56:39.516+0000] {processor.py:840} INFO - DAG(s) 'example_skip_dag' retrieved from /home/airflow/.local/lib/python3.8/site-packages/airflow/example_dags/example_skip_dag.py
[2025-08-14T17:56:39.527+0000] {logging_mixin.py:188} INFO - [2025-08-14T17:56:39.527+0000] {dag.py:3047} INFO - Sync 1 DAGs
[2025-08-14T17:56:39.536+0000] {logging_mixin.py:188} INFO - [2025-08-14T17:56:39.536+0000] {dag.py:3834} INFO - Setting next_dagrun for example_skip_dag to 2025-08-13 00:00:00+00:00, run_after=2025-08-14 00:00:00+00:00
[2025-08-14T17:56:39.544+0000] {processor.py:183} INFO - Processing /home/airflow/.local/lib/python3.8/site-packages/airflow/example_dags/example_skip_dag.py took 0.035 seconds
[2025-08-14T17:57:09.909+0000] {processor.py:161} INFO - Started process (PID=2326) to work on /home/airflow/.local/lib/python3.8/site-packages/airflow/example_dags/example_skip_dag.py
[2025-08-14T17:57:09.910+0000] {processor.py:830} INFO - Processing file /home/airflow/.local/lib/python3.8/site-packages/airflow/example_dags/example_skip_dag.py for tasks to queue
[2025-08-14T17:57:09.911+0000] {logging_mixin.py:188} INFO - [2025-08-14T17:57:09.910+0000] {dagbag.py:540} INFO - Filling up the DagBag from /home/airflow/.local/lib/python3.8/site-packages/airflow/example_dags/example_skip_dag.py
[2025-08-14T17:57:09.916+0000] {processor.py:840} INFO - DAG(s) 'example_skip_dag' retrieved from /home/airflow/.local/lib/python3.8/site-packages/airflow/example_dags/example_skip_dag.py
[2025-08-14T17:57:09.930+0000] {logging_mixin.py:188} INFO - [2025-08-14T17:57:09.930+0000] {dag.py:3047} INFO - Sync 1 DAGs
[2025-08-14T17:57:09.941+0000] {logging_mixin.py:188} INFO - [2025-08-14T17:57:09.941+0000] {dag.py:3834} INFO - Setting next_dagrun for example_skip_dag to 2025-08-13 00:00:00+00:00, run_after=2025-08-14 00:00:00+00:00
[2025-08-14T17:57:09.953+0000] {processor.py:183} INFO - Processing /home/airflow/.local/lib/python3.8/site-packages/airflow/example_dags/example_skip_dag.py took 0.046 seconds
[2025-08-14T17:57:40.355+0000] {processor.py:161} INFO - Started process (PID=2382) to work on /home/airflow/.local/lib/python3.8/site-packages/airflow/example_dags/example_skip_dag.py
[2025-08-14T17:57:40.356+0000] {processor.py:830} INFO - Processing file /home/airflow/.local/lib/python3.8/site-packages/airflow/example_dags/example_skip_dag.py for tasks to queue
[2025-08-14T17:57:40.357+0000] {logging_mixin.py:188} INFO - [2025-08-14T17:57:40.357+0000] {dagbag.py:540} INFO - Filling up the DagBag from /home/airflow/.local/lib/python3.8/site-packages/airflow/example_dags/example_skip_dag.py
[2025-08-14T17:57:40.361+0000] {processor.py:840} INFO - DAG(s) 'example_skip_dag' retrieved from /home/airflow/.local/lib/python3.8/site-packages/airflow/example_dags/example_skip_dag.py
[2025-08-14T17:57:40.374+0000] {logging_mixin.py:188} INFO - [2025-08-14T17:57:40.374+0000] {dag.py:3047} INFO - Sync 1 DAGs
[2025-08-14T17:57:40.388+0000] {logging_mixin.py:188} INFO - [2025-08-14T17:57:40.388+0000] {dag.py:3834} INFO - Setting next_dagrun for example_skip_dag to 2025-08-13 00:00:00+00:00, run_after=2025-08-14 00:00:00+00:00
[2025-08-14T17:57:40.403+0000] {processor.py:183} INFO - Processing /home/airflow/.local/lib/python3.8/site-packages/airflow/example_dags/example_skip_dag.py took 0.051 seconds
[2025-08-14T17:58:11.116+0000] {processor.py:161} INFO - Started process (PID=2438) to work on /home/airflow/.local/lib/python3.8/site-packages/airflow/example_dags/example_skip_dag.py
[2025-08-14T17:58:11.117+0000] {processor.py:830} INFO - Processing file /home/airflow/.local/lib/python3.8/site-packages/airflow/example_dags/example_skip_dag.py for tasks to queue
[2025-08-14T17:58:11.118+0000] {logging_mixin.py:188} INFO - [2025-08-14T17:58:11.118+0000] {dagbag.py:540} INFO - Filling up the DagBag from /home/airflow/.local/lib/python3.8/site-packages/airflow/example_dags/example_skip_dag.py
[2025-08-14T17:58:11.121+0000] {processor.py:840} INFO - DAG(s) 'example_skip_dag' retrieved from /home/airflow/.local/lib/python3.8/site-packages/airflow/example_dags/example_skip_dag.py
[2025-08-14T17:58:11.133+0000] {logging_mixin.py:188} INFO - [2025-08-14T17:58:11.133+0000] {dag.py:3047} INFO - Sync 1 DAGs
[2025-08-14T17:58:11.143+0000] {logging_mixin.py:188} INFO - [2025-08-14T17:58:11.143+0000] {dag.py:3834} INFO - Setting next_dagrun for example_skip_dag to 2025-08-13 00:00:00+00:00, run_after=2025-08-14 00:00:00+00:00
[2025-08-14T17:58:11.151+0000] {processor.py:183} INFO - Processing /home/airflow/.local/lib/python3.8/site-packages/airflow/example_dags/example_skip_dag.py took 0.036 seconds
[2025-08-14T17:58:41.879+0000] {processor.py:161} INFO - Started process (PID=2494) to work on /home/airflow/.local/lib/python3.8/site-packages/airflow/example_dags/example_skip_dag.py
[2025-08-14T17:58:41.880+0000] {processor.py:830} INFO - Processing file /home/airflow/.local/lib/python3.8/site-packages/airflow/example_dags/example_skip_dag.py for tasks to queue
[2025-08-14T17:58:41.881+0000] {logging_mixin.py:188} INFO - [2025-08-14T17:58:41.881+0000] {dagbag.py:540} INFO - Filling up the DagBag from /home/airflow/.local/lib/python3.8/site-packages/airflow/example_dags/example_skip_dag.py
[2025-08-14T17:58:41.889+0000] {processor.py:840} INFO - DAG(s) 'example_skip_dag' retrieved from /home/airflow/.local/lib/python3.8/site-packages/airflow/example_dags/example_skip_dag.py
[2025-08-14T17:58:41.902+0000] {logging_mixin.py:188} INFO - [2025-08-14T17:58:41.902+0000] {dag.py:3047} INFO - Sync 1 DAGs
[2025-08-14T17:58:41.918+0000] {logging_mixin.py:188} INFO - [2025-08-14T17:58:41.918+0000] {dag.py:3834} INFO - Setting next_dagrun for example_skip_dag to 2025-08-13 00:00:00+00:00, run_after=2025-08-14 00:00:00+00:00
[2025-08-14T17:58:41.929+0000] {processor.py:183} INFO - Processing /home/airflow/.local/lib/python3.8/site-packages/airflow/example_dags/example_skip_dag.py took 0.051 seconds
[2025-08-14T17:59:12.264+0000] {processor.py:161} INFO - Started process (PID=2550) to work on /home/airflow/.local/lib/python3.8/site-packages/airflow/example_dags/example_skip_dag.py
[2025-08-14T17:59:12.265+0000] {processor.py:830} INFO - Processing file /home/airflow/.local/lib/python3.8/site-packages/airflow/example_dags/example_skip_dag.py for tasks to queue
[2025-08-14T17:59:12.265+0000] {logging_mixin.py:188} INFO - [2025-08-14T17:59:12.265+0000] {dagbag.py:540} INFO - Filling up the DagBag from /home/airflow/.local/lib/python3.8/site-packages/airflow/example_dags/example_skip_dag.py
[2025-08-14T17:59:12.269+0000] {processor.py:840} INFO - DAG(s) 'example_skip_dag' retrieved from /home/airflow/.local/lib/python3.8/site-packages/airflow/example_dags/example_skip_dag.py
[2025-08-14T17:59:12.280+0000] {logging_mixin.py:188} INFO - [2025-08-14T17:59:12.279+0000] {dag.py:3047} INFO - Sync 1 DAGs
[2025-08-14T17:59:12.300+0000] {logging_mixin.py:188} INFO - [2025-08-14T17:59:12.300+0000] {dag.py:3834} INFO - Setting next_dagrun for example_skip_dag to 2025-08-13 00:00:00+00:00, run_after=2025-08-14 00:00:00+00:00
[2025-08-14T17:59:12.312+0000] {processor.py:183} INFO - Processing /home/airflow/.local/lib/python3.8/site-packages/airflow/example_dags/example_skip_dag.py took 0.050 seconds
[2025-08-14T17:59:42.498+0000] {processor.py:161} INFO - Started process (PID=2606) to work on /home/airflow/.local/lib/python3.8/site-packages/airflow/example_dags/example_skip_dag.py
[2025-08-14T17:59:42.499+0000] {processor.py:830} INFO - Processing file /home/airflow/.local/lib/python3.8/site-packages/airflow/example_dags/example_skip_dag.py for tasks to queue
[2025-08-14T17:59:42.500+0000] {logging_mixin.py:188} INFO - [2025-08-14T17:59:42.500+0000] {dagbag.py:540} INFO - Filling up the DagBag from /home/airflow/.local/lib/python3.8/site-packages/airflow/example_dags/example_skip_dag.py
[2025-08-14T17:59:42.505+0000] {processor.py:840} INFO - DAG(s) 'example_skip_dag' retrieved from /home/airflow/.local/lib/python3.8/site-packages/airflow/example_dags/example_skip_dag.py
[2025-08-14T17:59:42.517+0000] {logging_mixin.py:188} INFO - [2025-08-14T17:59:42.517+0000] {dag.py:3047} INFO - Sync 1 DAGs
[2025-08-14T17:59:42.533+0000] {logging_mixin.py:188} INFO - [2025-08-14T17:59:42.533+0000] {dag.py:3834} INFO - Setting next_dagrun for example_skip_dag to 2025-08-13 00:00:00+00:00, run_after=2025-08-14 00:00:00+00:00
[2025-08-14T17:59:42.552+0000] {processor.py:183} INFO - Processing /home/airflow/.local/lib/python3.8/site-packages/airflow/example_dags/example_skip_dag.py took 0.056 seconds
[2025-08-14T18:00:13.033+0000] {processor.py:161} INFO - Started process (PID=2661) to work on /home/airflow/.local/lib/python3.8/site-packages/airflow/example_dags/example_skip_dag.py
[2025-08-14T18:00:13.034+0000] {processor.py:830} INFO - Processing file /home/airflow/.local/lib/python3.8/site-packages/airflow/example_dags/example_skip_dag.py for tasks to queue
[2025-08-14T18:00:13.036+0000] {logging_mixin.py:188} INFO - [2025-08-14T18:00:13.035+0000] {dagbag.py:540} INFO - Filling up the DagBag from /home/airflow/.local/lib/python3.8/site-packages/airflow/example_dags/example_skip_dag.py
[2025-08-14T18:00:13.040+0000] {processor.py:840} INFO - DAG(s) 'example_skip_dag' retrieved from /home/airflow/.local/lib/python3.8/site-packages/airflow/example_dags/example_skip_dag.py
[2025-08-14T18:00:13.055+0000] {logging_mixin.py:188} INFO - [2025-08-14T18:00:13.055+0000] {dag.py:3047} INFO - Sync 1 DAGs
[2025-08-14T18:00:13.067+0000] {logging_mixin.py:188} INFO - [2025-08-14T18:00:13.067+0000] {dag.py:3834} INFO - Setting next_dagrun for example_skip_dag to 2025-08-13 00:00:00+00:00, run_after=2025-08-14 00:00:00+00:00
[2025-08-14T18:00:13.083+0000] {processor.py:183} INFO - Processing /home/airflow/.local/lib/python3.8/site-packages/airflow/example_dags/example_skip_dag.py took 0.052 seconds
[2025-08-14T18:00:43.296+0000] {processor.py:161} INFO - Started process (PID=2717) to work on /home/airflow/.local/lib/python3.8/site-packages/airflow/example_dags/example_skip_dag.py
[2025-08-14T18:00:43.297+0000] {processor.py:830} INFO - Processing file /home/airflow/.local/lib/python3.8/site-packages/airflow/example_dags/example_skip_dag.py for tasks to queue
[2025-08-14T18:00:43.298+0000] {logging_mixin.py:188} INFO - [2025-08-14T18:00:43.298+0000] {dagbag.py:540} INFO - Filling up the DagBag from /home/airflow/.local/lib/python3.8/site-packages/airflow/example_dags/example_skip_dag.py
[2025-08-14T18:00:43.303+0000] {processor.py:840} INFO - DAG(s) 'example_skip_dag' retrieved from /home/airflow/.local/lib/python3.8/site-packages/airflow/example_dags/example_skip_dag.py
[2025-08-14T18:00:43.318+0000] {logging_mixin.py:188} INFO - [2025-08-14T18:00:43.318+0000] {dag.py:3047} INFO - Sync 1 DAGs
[2025-08-14T18:00:43.335+0000] {logging_mixin.py:188} INFO - [2025-08-14T18:00:43.335+0000] {dag.py:3834} INFO - Setting next_dagrun for example_skip_dag to 2025-08-13 00:00:00+00:00, run_after=2025-08-14 00:00:00+00:00
[2025-08-14T18:00:43.349+0000] {processor.py:183} INFO - Processing /home/airflow/.local/lib/python3.8/site-packages/airflow/example_dags/example_skip_dag.py took 0.054 seconds
[2025-08-14T18:01:13.607+0000] {processor.py:161} INFO - Started process (PID=2773) to work on /home/airflow/.local/lib/python3.8/site-packages/airflow/example_dags/example_skip_dag.py
[2025-08-14T18:01:13.607+0000] {processor.py:830} INFO - Processing file /home/airflow/.local/lib/python3.8/site-packages/airflow/example_dags/example_skip_dag.py for tasks to queue
[2025-08-14T18:01:13.609+0000] {logging_mixin.py:188} INFO - [2025-08-14T18:01:13.608+0000] {dagbag.py:540} INFO - Filling up the DagBag from /home/airflow/.local/lib/python3.8/site-packages/airflow/example_dags/example_skip_dag.py
[2025-08-14T18:01:13.612+0000] {processor.py:840} INFO - DAG(s) 'example_skip_dag' retrieved from /home/airflow/.local/lib/python3.8/site-packages/airflow/example_dags/example_skip_dag.py
[2025-08-14T18:01:13.623+0000] {logging_mixin.py:188} INFO - [2025-08-14T18:01:13.623+0000] {dag.py:3047} INFO - Sync 1 DAGs
[2025-08-14T18:01:13.633+0000] {logging_mixin.py:188} INFO - [2025-08-14T18:01:13.632+0000] {dag.py:3834} INFO - Setting next_dagrun for example_skip_dag to 2025-08-13 00:00:00+00:00, run_after=2025-08-14 00:00:00+00:00
[2025-08-14T18:01:13.640+0000] {processor.py:183} INFO - Processing /home/airflow/.local/lib/python3.8/site-packages/airflow/example_dags/example_skip_dag.py took 0.035 seconds
[2025-08-14T18:01:44.189+0000] {processor.py:161} INFO - Started process (PID=2829) to work on /home/airflow/.local/lib/python3.8/site-packages/airflow/example_dags/example_skip_dag.py
[2025-08-14T18:01:44.190+0000] {processor.py:830} INFO - Processing file /home/airflow/.local/lib/python3.8/site-packages/airflow/example_dags/example_skip_dag.py for tasks to queue
[2025-08-14T18:01:44.191+0000] {logging_mixin.py:188} INFO - [2025-08-14T18:01:44.190+0000] {dagbag.py:540} INFO - Filling up the DagBag from /home/airflow/.local/lib/python3.8/site-packages/airflow/example_dags/example_skip_dag.py
[2025-08-14T18:01:44.194+0000] {processor.py:840} INFO - DAG(s) 'example_skip_dag' retrieved from /home/airflow/.local/lib/python3.8/site-packages/airflow/example_dags/example_skip_dag.py
[2025-08-14T18:01:44.206+0000] {logging_mixin.py:188} INFO - [2025-08-14T18:01:44.206+0000] {dag.py:3047} INFO - Sync 1 DAGs
[2025-08-14T18:01:44.216+0000] {logging_mixin.py:188} INFO - [2025-08-14T18:01:44.216+0000] {dag.py:3834} INFO - Setting next_dagrun for example_skip_dag to 2025-08-13 00:00:00+00:00, run_after=2025-08-14 00:00:00+00:00
[2025-08-14T18:01:44.225+0000] {processor.py:183} INFO - Processing /home/airflow/.local/lib/python3.8/site-packages/airflow/example_dags/example_skip_dag.py took 0.038 seconds
[2025-08-14T18:02:14.793+0000] {processor.py:161} INFO - Started process (PID=2885) to work on /home/airflow/.local/lib/python3.8/site-packages/airflow/example_dags/example_skip_dag.py
[2025-08-14T18:02:14.795+0000] {processor.py:830} INFO - Processing file /home/airflow/.local/lib/python3.8/site-packages/airflow/example_dags/example_skip_dag.py for tasks to queue
[2025-08-14T18:02:14.796+0000] {logging_mixin.py:188} INFO - [2025-08-14T18:02:14.796+0000] {dagbag.py:540} INFO - Filling up the DagBag from /home/airflow/.local/lib/python3.8/site-packages/airflow/example_dags/example_skip_dag.py
[2025-08-14T18:02:14.801+0000] {processor.py:840} INFO - DAG(s) 'example_skip_dag' retrieved from /home/airflow/.local/lib/python3.8/site-packages/airflow/example_dags/example_skip_dag.py
[2025-08-14T18:02:14.821+0000] {logging_mixin.py:188} INFO - [2025-08-14T18:02:14.821+0000] {dag.py:3047} INFO - Sync 1 DAGs
[2025-08-14T18:02:14.835+0000] {logging_mixin.py:188} INFO - [2025-08-14T18:02:14.834+0000] {dag.py:3834} INFO - Setting next_dagrun for example_skip_dag to 2025-08-13 00:00:00+00:00, run_after=2025-08-14 00:00:00+00:00
[2025-08-14T18:02:14.847+0000] {processor.py:183} INFO - Processing /home/airflow/.local/lib/python3.8/site-packages/airflow/example_dags/example_skip_dag.py took 0.057 seconds
[2025-08-14T18:02:45.516+0000] {processor.py:161} INFO - Started process (PID=2941) to work on /home/airflow/.local/lib/python3.8/site-packages/airflow/example_dags/example_skip_dag.py
[2025-08-14T18:02:45.517+0000] {processor.py:830} INFO - Processing file /home/airflow/.local/lib/python3.8/site-packages/airflow/example_dags/example_skip_dag.py for tasks to queue
[2025-08-14T18:02:45.519+0000] {logging_mixin.py:188} INFO - [2025-08-14T18:02:45.518+0000] {dagbag.py:540} INFO - Filling up the DagBag from /home/airflow/.local/lib/python3.8/site-packages/airflow/example_dags/example_skip_dag.py
[2025-08-14T18:02:45.525+0000] {processor.py:840} INFO - DAG(s) 'example_skip_dag' retrieved from /home/airflow/.local/lib/python3.8/site-packages/airflow/example_dags/example_skip_dag.py
[2025-08-14T18:02:45.556+0000] {logging_mixin.py:188} INFO - [2025-08-14T18:02:45.556+0000] {dag.py:3047} INFO - Sync 1 DAGs
[2025-08-14T18:02:45.567+0000] {logging_mixin.py:188} INFO - [2025-08-14T18:02:45.566+0000] {dag.py:3834} INFO - Setting next_dagrun for example_skip_dag to 2025-08-13 00:00:00+00:00, run_after=2025-08-14 00:00:00+00:00
[2025-08-14T18:02:45.574+0000] {processor.py:183} INFO - Processing /home/airflow/.local/lib/python3.8/site-packages/airflow/example_dags/example_skip_dag.py took 0.067 seconds
[2025-08-14T18:03:15.666+0000] {processor.py:161} INFO - Started process (PID=2997) to work on /home/airflow/.local/lib/python3.8/site-packages/airflow/example_dags/example_skip_dag.py
[2025-08-14T18:03:15.667+0000] {processor.py:830} INFO - Processing file /home/airflow/.local/lib/python3.8/site-packages/airflow/example_dags/example_skip_dag.py for tasks to queue
[2025-08-14T18:03:15.668+0000] {logging_mixin.py:188} INFO - [2025-08-14T18:03:15.668+0000] {dagbag.py:540} INFO - Filling up the DagBag from /home/airflow/.local/lib/python3.8/site-packages/airflow/example_dags/example_skip_dag.py
[2025-08-14T18:03:15.673+0000] {processor.py:840} INFO - DAG(s) 'example_skip_dag' retrieved from /home/airflow/.local/lib/python3.8/site-packages/airflow/example_dags/example_skip_dag.py
[2025-08-14T18:03:15.689+0000] {logging_mixin.py:188} INFO - [2025-08-14T18:03:15.689+0000] {dag.py:3047} INFO - Sync 1 DAGs
[2025-08-14T18:03:15.699+0000] {logging_mixin.py:188} INFO - [2025-08-14T18:03:15.699+0000] {dag.py:3834} INFO - Setting next_dagrun for example_skip_dag to 2025-08-13 00:00:00+00:00, run_after=2025-08-14 00:00:00+00:00
[2025-08-14T18:03:15.707+0000] {processor.py:183} INFO - Processing /home/airflow/.local/lib/python3.8/site-packages/airflow/example_dags/example_skip_dag.py took 0.043 seconds
[2025-08-14T18:03:45.792+0000] {processor.py:161} INFO - Started process (PID=3053) to work on /home/airflow/.local/lib/python3.8/site-packages/airflow/example_dags/example_skip_dag.py
[2025-08-14T18:03:45.793+0000] {processor.py:830} INFO - Processing file /home/airflow/.local/lib/python3.8/site-packages/airflow/example_dags/example_skip_dag.py for tasks to queue
[2025-08-14T18:03:45.794+0000] {logging_mixin.py:188} INFO - [2025-08-14T18:03:45.793+0000] {dagbag.py:540} INFO - Filling up the DagBag from /home/airflow/.local/lib/python3.8/site-packages/airflow/example_dags/example_skip_dag.py
[2025-08-14T18:03:45.799+0000] {processor.py:840} INFO - DAG(s) 'example_skip_dag' retrieved from /home/airflow/.local/lib/python3.8/site-packages/airflow/example_dags/example_skip_dag.py
[2025-08-14T18:03:45.810+0000] {logging_mixin.py:188} INFO - [2025-08-14T18:03:45.810+0000] {dag.py:3047} INFO - Sync 1 DAGs
[2025-08-14T18:03:45.820+0000] {logging_mixin.py:188} INFO - [2025-08-14T18:03:45.820+0000] {dag.py:3834} INFO - Setting next_dagrun for example_skip_dag to 2025-08-13 00:00:00+00:00, run_after=2025-08-14 00:00:00+00:00
[2025-08-14T18:03:45.827+0000] {processor.py:183} INFO - Processing /home/airflow/.local/lib/python3.8/site-packages/airflow/example_dags/example_skip_dag.py took 0.038 seconds
[2025-08-14T18:04:16.441+0000] {processor.py:161} INFO - Started process (PID=3109) to work on /home/airflow/.local/lib/python3.8/site-packages/airflow/example_dags/example_skip_dag.py
[2025-08-14T18:04:16.443+0000] {processor.py:830} INFO - Processing file /home/airflow/.local/lib/python3.8/site-packages/airflow/example_dags/example_skip_dag.py for tasks to queue
[2025-08-14T18:04:16.444+0000] {logging_mixin.py:188} INFO - [2025-08-14T18:04:16.444+0000] {dagbag.py:540} INFO - Filling up the DagBag from /home/airflow/.local/lib/python3.8/site-packages/airflow/example_dags/example_skip_dag.py
[2025-08-14T18:04:16.450+0000] {processor.py:840} INFO - DAG(s) 'example_skip_dag' retrieved from /home/airflow/.local/lib/python3.8/site-packages/airflow/example_dags/example_skip_dag.py
[2025-08-14T18:04:16.475+0000] {logging_mixin.py:188} INFO - [2025-08-14T18:04:16.475+0000] {dag.py:3047} INFO - Sync 1 DAGs
[2025-08-14T18:04:16.502+0000] {logging_mixin.py:188} INFO - [2025-08-14T18:04:16.501+0000] {dag.py:3834} INFO - Setting next_dagrun for example_skip_dag to 2025-08-13 00:00:00+00:00, run_after=2025-08-14 00:00:00+00:00
[2025-08-14T18:04:16.535+0000] {processor.py:183} INFO - Processing /home/airflow/.local/lib/python3.8/site-packages/airflow/example_dags/example_skip_dag.py took 0.097 seconds
[2025-08-14T18:04:47.056+0000] {processor.py:161} INFO - Started process (PID=3165) to work on /home/airflow/.local/lib/python3.8/site-packages/airflow/example_dags/example_skip_dag.py
[2025-08-14T18:04:47.057+0000] {processor.py:830} INFO - Processing file /home/airflow/.local/lib/python3.8/site-packages/airflow/example_dags/example_skip_dag.py for tasks to queue
[2025-08-14T18:04:47.059+0000] {logging_mixin.py:188} INFO - [2025-08-14T18:04:47.059+0000] {dagbag.py:540} INFO - Filling up the DagBag from /home/airflow/.local/lib/python3.8/site-packages/airflow/example_dags/example_skip_dag.py
[2025-08-14T18:04:47.064+0000] {processor.py:840} INFO - DAG(s) 'example_skip_dag' retrieved from /home/airflow/.local/lib/python3.8/site-packages/airflow/example_dags/example_skip_dag.py
[2025-08-14T18:04:47.081+0000] {logging_mixin.py:188} INFO - [2025-08-14T18:04:47.080+0000] {dag.py:3047} INFO - Sync 1 DAGs
[2025-08-14T18:04:47.093+0000] {logging_mixin.py:188} INFO - [2025-08-14T18:04:47.093+0000] {dag.py:3834} INFO - Setting next_dagrun for example_skip_dag to 2025-08-13 00:00:00+00:00, run_after=2025-08-14 00:00:00+00:00
[2025-08-14T18:04:47.103+0000] {processor.py:183} INFO - Processing /home/airflow/.local/lib/python3.8/site-packages/airflow/example_dags/example_skip_dag.py took 0.049 seconds
[2025-08-14T18:05:17.696+0000] {processor.py:161} INFO - Started process (PID=3219) to work on /home/airflow/.local/lib/python3.8/site-packages/airflow/example_dags/example_skip_dag.py
[2025-08-14T18:05:17.697+0000] {processor.py:830} INFO - Processing file /home/airflow/.local/lib/python3.8/site-packages/airflow/example_dags/example_skip_dag.py for tasks to queue
[2025-08-14T18:05:17.698+0000] {logging_mixin.py:188} INFO - [2025-08-14T18:05:17.697+0000] {dagbag.py:540} INFO - Filling up the DagBag from /home/airflow/.local/lib/python3.8/site-packages/airflow/example_dags/example_skip_dag.py
[2025-08-14T18:05:17.702+0000] {processor.py:840} INFO - DAG(s) 'example_skip_dag' retrieved from /home/airflow/.local/lib/python3.8/site-packages/airflow/example_dags/example_skip_dag.py
[2025-08-14T18:05:17.714+0000] {logging_mixin.py:188} INFO - [2025-08-14T18:05:17.714+0000] {dag.py:3047} INFO - Sync 1 DAGs
[2025-08-14T18:05:17.726+0000] {logging_mixin.py:188} INFO - [2025-08-14T18:05:17.725+0000] {dag.py:3834} INFO - Setting next_dagrun for example_skip_dag to 2025-08-13 00:00:00+00:00, run_after=2025-08-14 00:00:00+00:00
[2025-08-14T18:05:17.735+0000] {processor.py:183} INFO - Processing /home/airflow/.local/lib/python3.8/site-packages/airflow/example_dags/example_skip_dag.py took 0.040 seconds
[2025-08-14T18:05:48.894+0000] {processor.py:161} INFO - Started process (PID=3275) to work on /home/airflow/.local/lib/python3.8/site-packages/airflow/example_dags/example_skip_dag.py
[2025-08-14T18:05:48.895+0000] {processor.py:830} INFO - Processing file /home/airflow/.local/lib/python3.8/site-packages/airflow/example_dags/example_skip_dag.py for tasks to queue
[2025-08-14T18:05:48.896+0000] {logging_mixin.py:188} INFO - [2025-08-14T18:05:48.896+0000] {dagbag.py:540} INFO - Filling up the DagBag from /home/airflow/.local/lib/python3.8/site-packages/airflow/example_dags/example_skip_dag.py
[2025-08-14T18:05:48.900+0000] {processor.py:840} INFO - DAG(s) 'example_skip_dag' retrieved from /home/airflow/.local/lib/python3.8/site-packages/airflow/example_dags/example_skip_dag.py
[2025-08-14T18:05:48.919+0000] {logging_mixin.py:188} INFO - [2025-08-14T18:05:48.918+0000] {dag.py:3047} INFO - Sync 1 DAGs
[2025-08-14T18:05:48.934+0000] {logging_mixin.py:188} INFO - [2025-08-14T18:05:48.934+0000] {dag.py:3834} INFO - Setting next_dagrun for example_skip_dag to 2025-08-13 00:00:00+00:00, run_after=2025-08-14 00:00:00+00:00
[2025-08-14T18:05:48.948+0000] {processor.py:183} INFO - Processing /home/airflow/.local/lib/python3.8/site-packages/airflow/example_dags/example_skip_dag.py took 0.056 seconds
