[2025-08-14T17:36:45.985+0000] {processor.py:161} INFO - Started process (PID=74) to work on /home/airflow/.local/lib/python3.8/site-packages/airflow/example_dags/tutorial_dag.py
[2025-08-14T17:36:45.987+0000] {processor.py:830} INFO - Processing file /home/airflow/.local/lib/python3.8/site-packages/airflow/example_dags/tutorial_dag.py for tasks to queue
[2025-08-14T17:36:45.990+0000] {logging_mixin.py:188} INFO - [2025-08-14T17:36:45.989+0000] {dagbag.py:540} INFO - Filling up the DagBag from /home/airflow/.local/lib/python3.8/site-packages/airflow/example_dags/tutorial_dag.py
[2025-08-14T17:36:46.038+0000] {processor.py:840} INFO - DAG(s) 'tutorial_dag' retrieved from /home/airflow/.local/lib/python3.8/site-packages/airflow/example_dags/tutorial_dag.py
[2025-08-14T17:36:46.091+0000] {logging_mixin.py:188} INFO - [2025-08-14T17:36:46.091+0000] {dag.py:3047} INFO - Sync 1 DAGs
[2025-08-14T17:36:46.127+0000] {logging_mixin.py:188} INFO - [2025-08-14T17:36:46.126+0000] {dag.py:3834} INFO - Setting next_dagrun for tutorial_dag to None, run_after=None
[2025-08-14T17:36:46.168+0000] {processor.py:183} INFO - Processing /home/airflow/.local/lib/python3.8/site-packages/airflow/example_dags/tutorial_dag.py took 0.196 seconds
[2025-08-14T17:37:16.341+0000] {processor.py:161} INFO - Started process (PID=130) to work on /home/airflow/.local/lib/python3.8/site-packages/airflow/example_dags/tutorial_dag.py
[2025-08-14T17:37:16.342+0000] {processor.py:830} INFO - Processing file /home/airflow/.local/lib/python3.8/site-packages/airflow/example_dags/tutorial_dag.py for tasks to queue
[2025-08-14T17:37:16.343+0000] {logging_mixin.py:188} INFO - [2025-08-14T17:37:16.342+0000] {dagbag.py:540} INFO - Filling up the DagBag from /home/airflow/.local/lib/python3.8/site-packages/airflow/example_dags/tutorial_dag.py
[2025-08-14T17:37:16.345+0000] {processor.py:840} INFO - DAG(s) 'tutorial_dag' retrieved from /home/airflow/.local/lib/python3.8/site-packages/airflow/example_dags/tutorial_dag.py
[2025-08-14T17:37:16.395+0000] {logging_mixin.py:188} INFO - [2025-08-14T17:37:16.395+0000] {dag.py:3047} INFO - Sync 1 DAGs
[2025-08-14T17:37:16.400+0000] {logging_mixin.py:188} INFO - [2025-08-14T17:37:16.400+0000] {dag.py:3834} INFO - Setting next_dagrun for tutorial_dag to None, run_after=None
[2025-08-14T17:37:16.408+0000] {processor.py:183} INFO - Processing /home/airflow/.local/lib/python3.8/site-packages/airflow/example_dags/tutorial_dag.py took 0.068 seconds
[2025-08-14T17:37:47.087+0000] {processor.py:161} INFO - Started process (PID=186) to work on /home/airflow/.local/lib/python3.8/site-packages/airflow/example_dags/tutorial_dag.py
[2025-08-14T17:37:47.088+0000] {processor.py:830} INFO - Processing file /home/airflow/.local/lib/python3.8/site-packages/airflow/example_dags/tutorial_dag.py for tasks to queue
[2025-08-14T17:37:47.090+0000] {logging_mixin.py:188} INFO - [2025-08-14T17:37:47.089+0000] {dagbag.py:540} INFO - Filling up the DagBag from /home/airflow/.local/lib/python3.8/site-packages/airflow/example_dags/tutorial_dag.py
[2025-08-14T17:37:47.093+0000] {processor.py:840} INFO - DAG(s) 'tutorial_dag' retrieved from /home/airflow/.local/lib/python3.8/site-packages/airflow/example_dags/tutorial_dag.py
[2025-08-14T17:37:47.109+0000] {logging_mixin.py:188} INFO - [2025-08-14T17:37:47.109+0000] {dag.py:3047} INFO - Sync 1 DAGs
[2025-08-14T17:37:47.115+0000] {logging_mixin.py:188} INFO - [2025-08-14T17:37:47.115+0000] {dag.py:3834} INFO - Setting next_dagrun for tutorial_dag to None, run_after=None
[2025-08-14T17:37:47.132+0000] {processor.py:183} INFO - Processing /home/airflow/.local/lib/python3.8/site-packages/airflow/example_dags/tutorial_dag.py took 0.047 seconds
[2025-08-14T17:38:17.936+0000] {processor.py:161} INFO - Started process (PID=242) to work on /home/airflow/.local/lib/python3.8/site-packages/airflow/example_dags/tutorial_dag.py
[2025-08-14T17:38:17.938+0000] {processor.py:830} INFO - Processing file /home/airflow/.local/lib/python3.8/site-packages/airflow/example_dags/tutorial_dag.py for tasks to queue
[2025-08-14T17:38:17.939+0000] {logging_mixin.py:188} INFO - [2025-08-14T17:38:17.939+0000] {dagbag.py:540} INFO - Filling up the DagBag from /home/airflow/.local/lib/python3.8/site-packages/airflow/example_dags/tutorial_dag.py
[2025-08-14T17:38:17.942+0000] {processor.py:840} INFO - DAG(s) 'tutorial_dag' retrieved from /home/airflow/.local/lib/python3.8/site-packages/airflow/example_dags/tutorial_dag.py
[2025-08-14T17:38:17.958+0000] {logging_mixin.py:188} INFO - [2025-08-14T17:38:17.958+0000] {dag.py:3047} INFO - Sync 1 DAGs
[2025-08-14T17:38:17.964+0000] {logging_mixin.py:188} INFO - [2025-08-14T17:38:17.964+0000] {dag.py:3834} INFO - Setting next_dagrun for tutorial_dag to None, run_after=None
[2025-08-14T17:38:17.977+0000] {processor.py:183} INFO - Processing /home/airflow/.local/lib/python3.8/site-packages/airflow/example_dags/tutorial_dag.py took 0.042 seconds
[2025-08-14T17:38:48.588+0000] {processor.py:161} INFO - Started process (PID=299) to work on /home/airflow/.local/lib/python3.8/site-packages/airflow/example_dags/tutorial_dag.py
[2025-08-14T17:38:48.589+0000] {processor.py:830} INFO - Processing file /home/airflow/.local/lib/python3.8/site-packages/airflow/example_dags/tutorial_dag.py for tasks to queue
[2025-08-14T17:38:48.590+0000] {logging_mixin.py:188} INFO - [2025-08-14T17:38:48.590+0000] {dagbag.py:540} INFO - Filling up the DagBag from /home/airflow/.local/lib/python3.8/site-packages/airflow/example_dags/tutorial_dag.py
[2025-08-14T17:38:48.593+0000] {processor.py:840} INFO - DAG(s) 'tutorial_dag' retrieved from /home/airflow/.local/lib/python3.8/site-packages/airflow/example_dags/tutorial_dag.py
[2025-08-14T17:38:48.603+0000] {logging_mixin.py:188} INFO - [2025-08-14T17:38:48.603+0000] {dag.py:3047} INFO - Sync 1 DAGs
[2025-08-14T17:38:48.609+0000] {logging_mixin.py:188} INFO - [2025-08-14T17:38:48.609+0000] {dag.py:3834} INFO - Setting next_dagrun for tutorial_dag to None, run_after=None
[2025-08-14T17:38:48.623+0000] {processor.py:183} INFO - Processing /home/airflow/.local/lib/python3.8/site-packages/airflow/example_dags/tutorial_dag.py took 0.037 seconds
[2025-08-14T17:39:18.829+0000] {processor.py:161} INFO - Started process (PID=355) to work on /home/airflow/.local/lib/python3.8/site-packages/airflow/example_dags/tutorial_dag.py
[2025-08-14T17:39:18.832+0000] {processor.py:830} INFO - Processing file /home/airflow/.local/lib/python3.8/site-packages/airflow/example_dags/tutorial_dag.py for tasks to queue
[2025-08-14T17:39:18.833+0000] {logging_mixin.py:188} INFO - [2025-08-14T17:39:18.833+0000] {dagbag.py:540} INFO - Filling up the DagBag from /home/airflow/.local/lib/python3.8/site-packages/airflow/example_dags/tutorial_dag.py
[2025-08-14T17:39:18.836+0000] {processor.py:840} INFO - DAG(s) 'tutorial_dag' retrieved from /home/airflow/.local/lib/python3.8/site-packages/airflow/example_dags/tutorial_dag.py
[2025-08-14T17:39:18.851+0000] {logging_mixin.py:188} INFO - [2025-08-14T17:39:18.851+0000] {dag.py:3047} INFO - Sync 1 DAGs
[2025-08-14T17:39:18.864+0000] {logging_mixin.py:188} INFO - [2025-08-14T17:39:18.864+0000] {dag.py:3834} INFO - Setting next_dagrun for tutorial_dag to None, run_after=None
[2025-08-14T17:39:18.874+0000] {processor.py:183} INFO - Processing /home/airflow/.local/lib/python3.8/site-packages/airflow/example_dags/tutorial_dag.py took 0.047 seconds
[2025-08-14T17:39:49.751+0000] {processor.py:161} INFO - Started process (PID=411) to work on /home/airflow/.local/lib/python3.8/site-packages/airflow/example_dags/tutorial_dag.py
[2025-08-14T17:39:49.752+0000] {processor.py:830} INFO - Processing file /home/airflow/.local/lib/python3.8/site-packages/airflow/example_dags/tutorial_dag.py for tasks to queue
[2025-08-14T17:39:49.756+0000] {logging_mixin.py:188} INFO - [2025-08-14T17:39:49.756+0000] {dagbag.py:540} INFO - Filling up the DagBag from /home/airflow/.local/lib/python3.8/site-packages/airflow/example_dags/tutorial_dag.py
[2025-08-14T17:39:49.761+0000] {processor.py:840} INFO - DAG(s) 'tutorial_dag' retrieved from /home/airflow/.local/lib/python3.8/site-packages/airflow/example_dags/tutorial_dag.py
[2025-08-14T17:39:49.774+0000] {logging_mixin.py:188} INFO - [2025-08-14T17:39:49.773+0000] {dag.py:3047} INFO - Sync 1 DAGs
[2025-08-14T17:39:49.780+0000] {logging_mixin.py:188} INFO - [2025-08-14T17:39:49.780+0000] {dag.py:3834} INFO - Setting next_dagrun for tutorial_dag to None, run_after=None
[2025-08-14T17:39:49.794+0000] {processor.py:183} INFO - Processing /home/airflow/.local/lib/python3.8/site-packages/airflow/example_dags/tutorial_dag.py took 0.046 seconds
[2025-08-14T17:40:20.311+0000] {processor.py:161} INFO - Started process (PID=467) to work on /home/airflow/.local/lib/python3.8/site-packages/airflow/example_dags/tutorial_dag.py
[2025-08-14T17:40:20.313+0000] {processor.py:830} INFO - Processing file /home/airflow/.local/lib/python3.8/site-packages/airflow/example_dags/tutorial_dag.py for tasks to queue
[2025-08-14T17:40:20.314+0000] {logging_mixin.py:188} INFO - [2025-08-14T17:40:20.314+0000] {dagbag.py:540} INFO - Filling up the DagBag from /home/airflow/.local/lib/python3.8/site-packages/airflow/example_dags/tutorial_dag.py
[2025-08-14T17:40:20.317+0000] {processor.py:840} INFO - DAG(s) 'tutorial_dag' retrieved from /home/airflow/.local/lib/python3.8/site-packages/airflow/example_dags/tutorial_dag.py
[2025-08-14T17:40:20.328+0000] {logging_mixin.py:188} INFO - [2025-08-14T17:40:20.328+0000] {dag.py:3047} INFO - Sync 1 DAGs
[2025-08-14T17:40:20.335+0000] {logging_mixin.py:188} INFO - [2025-08-14T17:40:20.335+0000] {dag.py:3834} INFO - Setting next_dagrun for tutorial_dag to None, run_after=None
[2025-08-14T17:40:20.349+0000] {processor.py:183} INFO - Processing /home/airflow/.local/lib/python3.8/site-packages/airflow/example_dags/tutorial_dag.py took 0.039 seconds
[2025-08-14T17:40:51.022+0000] {processor.py:161} INFO - Started process (PID=523) to work on /home/airflow/.local/lib/python3.8/site-packages/airflow/example_dags/tutorial_dag.py
[2025-08-14T17:40:51.023+0000] {processor.py:830} INFO - Processing file /home/airflow/.local/lib/python3.8/site-packages/airflow/example_dags/tutorial_dag.py for tasks to queue
[2025-08-14T17:40:51.024+0000] {logging_mixin.py:188} INFO - [2025-08-14T17:40:51.024+0000] {dagbag.py:540} INFO - Filling up the DagBag from /home/airflow/.local/lib/python3.8/site-packages/airflow/example_dags/tutorial_dag.py
[2025-08-14T17:40:51.028+0000] {processor.py:840} INFO - DAG(s) 'tutorial_dag' retrieved from /home/airflow/.local/lib/python3.8/site-packages/airflow/example_dags/tutorial_dag.py
[2025-08-14T17:40:51.044+0000] {logging_mixin.py:188} INFO - [2025-08-14T17:40:51.044+0000] {dag.py:3047} INFO - Sync 1 DAGs
[2025-08-14T17:40:51.052+0000] {logging_mixin.py:188} INFO - [2025-08-14T17:40:51.052+0000] {dag.py:3834} INFO - Setting next_dagrun for tutorial_dag to None, run_after=None
[2025-08-14T17:40:51.067+0000] {processor.py:183} INFO - Processing /home/airflow/.local/lib/python3.8/site-packages/airflow/example_dags/tutorial_dag.py took 0.047 seconds
[2025-08-14T17:41:21.405+0000] {processor.py:161} INFO - Started process (PID=579) to work on /home/airflow/.local/lib/python3.8/site-packages/airflow/example_dags/tutorial_dag.py
[2025-08-14T17:41:21.406+0000] {processor.py:830} INFO - Processing file /home/airflow/.local/lib/python3.8/site-packages/airflow/example_dags/tutorial_dag.py for tasks to queue
[2025-08-14T17:41:21.407+0000] {logging_mixin.py:188} INFO - [2025-08-14T17:41:21.406+0000] {dagbag.py:540} INFO - Filling up the DagBag from /home/airflow/.local/lib/python3.8/site-packages/airflow/example_dags/tutorial_dag.py
[2025-08-14T17:41:21.409+0000] {processor.py:840} INFO - DAG(s) 'tutorial_dag' retrieved from /home/airflow/.local/lib/python3.8/site-packages/airflow/example_dags/tutorial_dag.py
[2025-08-14T17:41:21.423+0000] {logging_mixin.py:188} INFO - [2025-08-14T17:41:21.423+0000] {dag.py:3047} INFO - Sync 1 DAGs
[2025-08-14T17:41:21.433+0000] {logging_mixin.py:188} INFO - [2025-08-14T17:41:21.433+0000] {dag.py:3834} INFO - Setting next_dagrun for tutorial_dag to None, run_after=None
[2025-08-14T17:41:21.445+0000] {processor.py:183} INFO - Processing /home/airflow/.local/lib/python3.8/site-packages/airflow/example_dags/tutorial_dag.py took 0.042 seconds
[2025-08-14T17:41:51.976+0000] {processor.py:161} INFO - Started process (PID=635) to work on /home/airflow/.local/lib/python3.8/site-packages/airflow/example_dags/tutorial_dag.py
[2025-08-14T17:41:51.977+0000] {processor.py:830} INFO - Processing file /home/airflow/.local/lib/python3.8/site-packages/airflow/example_dags/tutorial_dag.py for tasks to queue
[2025-08-14T17:41:51.979+0000] {logging_mixin.py:188} INFO - [2025-08-14T17:41:51.979+0000] {dagbag.py:540} INFO - Filling up the DagBag from /home/airflow/.local/lib/python3.8/site-packages/airflow/example_dags/tutorial_dag.py
[2025-08-14T17:41:51.984+0000] {processor.py:840} INFO - DAG(s) 'tutorial_dag' retrieved from /home/airflow/.local/lib/python3.8/site-packages/airflow/example_dags/tutorial_dag.py
[2025-08-14T17:41:52.002+0000] {logging_mixin.py:188} INFO - [2025-08-14T17:41:52.002+0000] {dag.py:3047} INFO - Sync 1 DAGs
[2025-08-14T17:41:52.009+0000] {logging_mixin.py:188} INFO - [2025-08-14T17:41:52.009+0000] {dag.py:3834} INFO - Setting next_dagrun for tutorial_dag to None, run_after=None
[2025-08-14T17:41:52.023+0000] {processor.py:183} INFO - Processing /home/airflow/.local/lib/python3.8/site-packages/airflow/example_dags/tutorial_dag.py took 0.052 seconds
[2025-08-14T17:42:22.695+0000] {processor.py:161} INFO - Started process (PID=691) to work on /home/airflow/.local/lib/python3.8/site-packages/airflow/example_dags/tutorial_dag.py
[2025-08-14T17:42:22.698+0000] {processor.py:830} INFO - Processing file /home/airflow/.local/lib/python3.8/site-packages/airflow/example_dags/tutorial_dag.py for tasks to queue
[2025-08-14T17:42:22.699+0000] {logging_mixin.py:188} INFO - [2025-08-14T17:42:22.698+0000] {dagbag.py:540} INFO - Filling up the DagBag from /home/airflow/.local/lib/python3.8/site-packages/airflow/example_dags/tutorial_dag.py
[2025-08-14T17:42:22.703+0000] {processor.py:840} INFO - DAG(s) 'tutorial_dag' retrieved from /home/airflow/.local/lib/python3.8/site-packages/airflow/example_dags/tutorial_dag.py
[2025-08-14T17:42:22.717+0000] {logging_mixin.py:188} INFO - [2025-08-14T17:42:22.717+0000] {dag.py:3047} INFO - Sync 1 DAGs
[2025-08-14T17:42:22.724+0000] {logging_mixin.py:188} INFO - [2025-08-14T17:42:22.724+0000] {dag.py:3834} INFO - Setting next_dagrun for tutorial_dag to None, run_after=None
[2025-08-14T17:42:22.740+0000] {processor.py:183} INFO - Processing /home/airflow/.local/lib/python3.8/site-packages/airflow/example_dags/tutorial_dag.py took 0.047 seconds
[2025-08-14T17:42:53.155+0000] {processor.py:161} INFO - Started process (PID=747) to work on /home/airflow/.local/lib/python3.8/site-packages/airflow/example_dags/tutorial_dag.py
[2025-08-14T17:42:53.156+0000] {processor.py:830} INFO - Processing file /home/airflow/.local/lib/python3.8/site-packages/airflow/example_dags/tutorial_dag.py for tasks to queue
[2025-08-14T17:42:53.158+0000] {logging_mixin.py:188} INFO - [2025-08-14T17:42:53.158+0000] {dagbag.py:540} INFO - Filling up the DagBag from /home/airflow/.local/lib/python3.8/site-packages/airflow/example_dags/tutorial_dag.py
[2025-08-14T17:42:53.164+0000] {processor.py:840} INFO - DAG(s) 'tutorial_dag' retrieved from /home/airflow/.local/lib/python3.8/site-packages/airflow/example_dags/tutorial_dag.py
[2025-08-14T17:42:53.178+0000] {logging_mixin.py:188} INFO - [2025-08-14T17:42:53.178+0000] {dag.py:3047} INFO - Sync 1 DAGs
[2025-08-14T17:42:53.185+0000] {logging_mixin.py:188} INFO - [2025-08-14T17:42:53.184+0000] {dag.py:3834} INFO - Setting next_dagrun for tutorial_dag to None, run_after=None
[2025-08-14T17:42:53.196+0000] {processor.py:183} INFO - Processing /home/airflow/.local/lib/python3.8/site-packages/airflow/example_dags/tutorial_dag.py took 0.043 seconds
[2025-08-14T17:43:23.560+0000] {processor.py:161} INFO - Started process (PID=803) to work on /home/airflow/.local/lib/python3.8/site-packages/airflow/example_dags/tutorial_dag.py
[2025-08-14T17:43:23.561+0000] {processor.py:830} INFO - Processing file /home/airflow/.local/lib/python3.8/site-packages/airflow/example_dags/tutorial_dag.py for tasks to queue
[2025-08-14T17:43:23.562+0000] {logging_mixin.py:188} INFO - [2025-08-14T17:43:23.562+0000] {dagbag.py:540} INFO - Filling up the DagBag from /home/airflow/.local/lib/python3.8/site-packages/airflow/example_dags/tutorial_dag.py
[2025-08-14T17:43:23.565+0000] {processor.py:840} INFO - DAG(s) 'tutorial_dag' retrieved from /home/airflow/.local/lib/python3.8/site-packages/airflow/example_dags/tutorial_dag.py
[2025-08-14T17:43:23.576+0000] {logging_mixin.py:188} INFO - [2025-08-14T17:43:23.575+0000] {dag.py:3047} INFO - Sync 1 DAGs
[2025-08-14T17:43:23.582+0000] {logging_mixin.py:188} INFO - [2025-08-14T17:43:23.582+0000] {dag.py:3834} INFO - Setting next_dagrun for tutorial_dag to None, run_after=None
[2025-08-14T17:43:23.594+0000] {processor.py:183} INFO - Processing /home/airflow/.local/lib/python3.8/site-packages/airflow/example_dags/tutorial_dag.py took 0.036 seconds
[2025-08-14T17:43:54.108+0000] {processor.py:161} INFO - Started process (PID=859) to work on /home/airflow/.local/lib/python3.8/site-packages/airflow/example_dags/tutorial_dag.py
[2025-08-14T17:43:54.109+0000] {processor.py:830} INFO - Processing file /home/airflow/.local/lib/python3.8/site-packages/airflow/example_dags/tutorial_dag.py for tasks to queue
[2025-08-14T17:43:54.110+0000] {logging_mixin.py:188} INFO - [2025-08-14T17:43:54.110+0000] {dagbag.py:540} INFO - Filling up the DagBag from /home/airflow/.local/lib/python3.8/site-packages/airflow/example_dags/tutorial_dag.py
[2025-08-14T17:43:54.113+0000] {processor.py:840} INFO - DAG(s) 'tutorial_dag' retrieved from /home/airflow/.local/lib/python3.8/site-packages/airflow/example_dags/tutorial_dag.py
[2025-08-14T17:43:54.126+0000] {logging_mixin.py:188} INFO - [2025-08-14T17:43:54.126+0000] {dag.py:3047} INFO - Sync 1 DAGs
[2025-08-14T17:43:54.134+0000] {logging_mixin.py:188} INFO - [2025-08-14T17:43:54.134+0000] {dag.py:3834} INFO - Setting next_dagrun for tutorial_dag to None, run_after=None
[2025-08-14T17:43:54.147+0000] {processor.py:183} INFO - Processing /home/airflow/.local/lib/python3.8/site-packages/airflow/example_dags/tutorial_dag.py took 0.040 seconds
[2025-08-14T17:44:25.307+0000] {processor.py:161} INFO - Started process (PID=915) to work on /home/airflow/.local/lib/python3.8/site-packages/airflow/example_dags/tutorial_dag.py
[2025-08-14T17:44:25.309+0000] {processor.py:830} INFO - Processing file /home/airflow/.local/lib/python3.8/site-packages/airflow/example_dags/tutorial_dag.py for tasks to queue
[2025-08-14T17:44:25.310+0000] {logging_mixin.py:188} INFO - [2025-08-14T17:44:25.310+0000] {dagbag.py:540} INFO - Filling up the DagBag from /home/airflow/.local/lib/python3.8/site-packages/airflow/example_dags/tutorial_dag.py
[2025-08-14T17:44:25.315+0000] {processor.py:840} INFO - DAG(s) 'tutorial_dag' retrieved from /home/airflow/.local/lib/python3.8/site-packages/airflow/example_dags/tutorial_dag.py
[2025-08-14T17:44:25.335+0000] {logging_mixin.py:188} INFO - [2025-08-14T17:44:25.334+0000] {dag.py:3047} INFO - Sync 1 DAGs
[2025-08-14T17:44:25.346+0000] {logging_mixin.py:188} INFO - [2025-08-14T17:44:25.346+0000] {dag.py:3834} INFO - Setting next_dagrun for tutorial_dag to None, run_after=None
[2025-08-14T17:44:25.364+0000] {processor.py:183} INFO - Processing /home/airflow/.local/lib/python3.8/site-packages/airflow/example_dags/tutorial_dag.py took 0.060 seconds
[2025-08-14T17:44:55.662+0000] {processor.py:161} INFO - Started process (PID=971) to work on /home/airflow/.local/lib/python3.8/site-packages/airflow/example_dags/tutorial_dag.py
[2025-08-14T17:44:55.663+0000] {processor.py:830} INFO - Processing file /home/airflow/.local/lib/python3.8/site-packages/airflow/example_dags/tutorial_dag.py for tasks to queue
[2025-08-14T17:44:55.664+0000] {logging_mixin.py:188} INFO - [2025-08-14T17:44:55.664+0000] {dagbag.py:540} INFO - Filling up the DagBag from /home/airflow/.local/lib/python3.8/site-packages/airflow/example_dags/tutorial_dag.py
[2025-08-14T17:44:55.667+0000] {processor.py:840} INFO - DAG(s) 'tutorial_dag' retrieved from /home/airflow/.local/lib/python3.8/site-packages/airflow/example_dags/tutorial_dag.py
[2025-08-14T17:44:55.680+0000] {logging_mixin.py:188} INFO - [2025-08-14T17:44:55.680+0000] {dag.py:3047} INFO - Sync 1 DAGs
[2025-08-14T17:44:55.685+0000] {logging_mixin.py:188} INFO - [2025-08-14T17:44:55.685+0000] {dag.py:3834} INFO - Setting next_dagrun for tutorial_dag to None, run_after=None
[2025-08-14T17:44:55.693+0000] {processor.py:183} INFO - Processing /home/airflow/.local/lib/python3.8/site-packages/airflow/example_dags/tutorial_dag.py took 0.033 seconds
[2025-08-14T17:45:26.006+0000] {processor.py:161} INFO - Started process (PID=1027) to work on /home/airflow/.local/lib/python3.8/site-packages/airflow/example_dags/tutorial_dag.py
[2025-08-14T17:45:26.007+0000] {processor.py:830} INFO - Processing file /home/airflow/.local/lib/python3.8/site-packages/airflow/example_dags/tutorial_dag.py for tasks to queue
[2025-08-14T17:45:26.008+0000] {logging_mixin.py:188} INFO - [2025-08-14T17:45:26.008+0000] {dagbag.py:540} INFO - Filling up the DagBag from /home/airflow/.local/lib/python3.8/site-packages/airflow/example_dags/tutorial_dag.py
[2025-08-14T17:45:26.011+0000] {processor.py:840} INFO - DAG(s) 'tutorial_dag' retrieved from /home/airflow/.local/lib/python3.8/site-packages/airflow/example_dags/tutorial_dag.py
[2025-08-14T17:45:26.027+0000] {logging_mixin.py:188} INFO - [2025-08-14T17:45:26.027+0000] {dag.py:3047} INFO - Sync 1 DAGs
[2025-08-14T17:45:26.034+0000] {logging_mixin.py:188} INFO - [2025-08-14T17:45:26.033+0000] {dag.py:3834} INFO - Setting next_dagrun for tutorial_dag to None, run_after=None
[2025-08-14T17:45:26.042+0000] {processor.py:183} INFO - Processing /home/airflow/.local/lib/python3.8/site-packages/airflow/example_dags/tutorial_dag.py took 0.037 seconds
[2025-08-14T17:45:56.571+0000] {processor.py:161} INFO - Started process (PID=1083) to work on /home/airflow/.local/lib/python3.8/site-packages/airflow/example_dags/tutorial_dag.py
[2025-08-14T17:45:56.572+0000] {processor.py:830} INFO - Processing file /home/airflow/.local/lib/python3.8/site-packages/airflow/example_dags/tutorial_dag.py for tasks to queue
[2025-08-14T17:45:56.573+0000] {logging_mixin.py:188} INFO - [2025-08-14T17:45:56.573+0000] {dagbag.py:540} INFO - Filling up the DagBag from /home/airflow/.local/lib/python3.8/site-packages/airflow/example_dags/tutorial_dag.py
[2025-08-14T17:45:56.578+0000] {processor.py:840} INFO - DAG(s) 'tutorial_dag' retrieved from /home/airflow/.local/lib/python3.8/site-packages/airflow/example_dags/tutorial_dag.py
[2025-08-14T17:45:56.622+0000] {logging_mixin.py:188} INFO - [2025-08-14T17:45:56.622+0000] {dag.py:3047} INFO - Sync 1 DAGs
[2025-08-14T17:45:56.638+0000] {logging_mixin.py:188} INFO - [2025-08-14T17:45:56.638+0000] {dag.py:3834} INFO - Setting next_dagrun for tutorial_dag to None, run_after=None
[2025-08-14T17:45:56.659+0000] {processor.py:183} INFO - Processing /home/airflow/.local/lib/python3.8/site-packages/airflow/example_dags/tutorial_dag.py took 0.091 seconds
[2025-08-14T17:46:26.907+0000] {processor.py:161} INFO - Started process (PID=1139) to work on /home/airflow/.local/lib/python3.8/site-packages/airflow/example_dags/tutorial_dag.py
[2025-08-14T17:46:26.908+0000] {processor.py:830} INFO - Processing file /home/airflow/.local/lib/python3.8/site-packages/airflow/example_dags/tutorial_dag.py for tasks to queue
[2025-08-14T17:46:26.909+0000] {logging_mixin.py:188} INFO - [2025-08-14T17:46:26.909+0000] {dagbag.py:540} INFO - Filling up the DagBag from /home/airflow/.local/lib/python3.8/site-packages/airflow/example_dags/tutorial_dag.py
[2025-08-14T17:46:26.912+0000] {processor.py:840} INFO - DAG(s) 'tutorial_dag' retrieved from /home/airflow/.local/lib/python3.8/site-packages/airflow/example_dags/tutorial_dag.py
[2025-08-14T17:46:26.930+0000] {logging_mixin.py:188} INFO - [2025-08-14T17:46:26.930+0000] {dag.py:3047} INFO - Sync 1 DAGs
[2025-08-14T17:46:26.937+0000] {logging_mixin.py:188} INFO - [2025-08-14T17:46:26.936+0000] {dag.py:3834} INFO - Setting next_dagrun for tutorial_dag to None, run_after=None
[2025-08-14T17:46:26.949+0000] {processor.py:183} INFO - Processing /home/airflow/.local/lib/python3.8/site-packages/airflow/example_dags/tutorial_dag.py took 0.044 seconds
[2025-08-14T17:46:57.602+0000] {processor.py:161} INFO - Started process (PID=1195) to work on /home/airflow/.local/lib/python3.8/site-packages/airflow/example_dags/tutorial_dag.py
[2025-08-14T17:46:57.603+0000] {processor.py:830} INFO - Processing file /home/airflow/.local/lib/python3.8/site-packages/airflow/example_dags/tutorial_dag.py for tasks to queue
[2025-08-14T17:46:57.604+0000] {logging_mixin.py:188} INFO - [2025-08-14T17:46:57.603+0000] {dagbag.py:540} INFO - Filling up the DagBag from /home/airflow/.local/lib/python3.8/site-packages/airflow/example_dags/tutorial_dag.py
[2025-08-14T17:46:57.609+0000] {processor.py:840} INFO - DAG(s) 'tutorial_dag' retrieved from /home/airflow/.local/lib/python3.8/site-packages/airflow/example_dags/tutorial_dag.py
[2025-08-14T17:46:57.626+0000] {logging_mixin.py:188} INFO - [2025-08-14T17:46:57.625+0000] {dag.py:3047} INFO - Sync 1 DAGs
[2025-08-14T17:46:57.634+0000] {logging_mixin.py:188} INFO - [2025-08-14T17:46:57.634+0000] {dag.py:3834} INFO - Setting next_dagrun for tutorial_dag to None, run_after=None
[2025-08-14T17:46:57.651+0000] {processor.py:183} INFO - Processing /home/airflow/.local/lib/python3.8/site-packages/airflow/example_dags/tutorial_dag.py took 0.051 seconds
[2025-08-14T17:47:27.783+0000] {processor.py:161} INFO - Started process (PID=1251) to work on /home/airflow/.local/lib/python3.8/site-packages/airflow/example_dags/tutorial_dag.py
[2025-08-14T17:47:27.784+0000] {processor.py:830} INFO - Processing file /home/airflow/.local/lib/python3.8/site-packages/airflow/example_dags/tutorial_dag.py for tasks to queue
[2025-08-14T17:47:27.785+0000] {logging_mixin.py:188} INFO - [2025-08-14T17:47:27.785+0000] {dagbag.py:540} INFO - Filling up the DagBag from /home/airflow/.local/lib/python3.8/site-packages/airflow/example_dags/tutorial_dag.py
[2025-08-14T17:47:27.788+0000] {processor.py:840} INFO - DAG(s) 'tutorial_dag' retrieved from /home/airflow/.local/lib/python3.8/site-packages/airflow/example_dags/tutorial_dag.py
[2025-08-14T17:47:27.798+0000] {logging_mixin.py:188} INFO - [2025-08-14T17:47:27.798+0000] {dag.py:3047} INFO - Sync 1 DAGs
[2025-08-14T17:47:27.811+0000] {logging_mixin.py:188} INFO - [2025-08-14T17:47:27.811+0000] {dag.py:3834} INFO - Setting next_dagrun for tutorial_dag to None, run_after=None
[2025-08-14T17:47:27.822+0000] {processor.py:183} INFO - Processing /home/airflow/.local/lib/python3.8/site-packages/airflow/example_dags/tutorial_dag.py took 0.041 seconds
[2025-08-14T17:47:58.078+0000] {processor.py:161} INFO - Started process (PID=1307) to work on /home/airflow/.local/lib/python3.8/site-packages/airflow/example_dags/tutorial_dag.py
[2025-08-14T17:47:58.079+0000] {processor.py:830} INFO - Processing file /home/airflow/.local/lib/python3.8/site-packages/airflow/example_dags/tutorial_dag.py for tasks to queue
[2025-08-14T17:47:58.081+0000] {logging_mixin.py:188} INFO - [2025-08-14T17:47:58.080+0000] {dagbag.py:540} INFO - Filling up the DagBag from /home/airflow/.local/lib/python3.8/site-packages/airflow/example_dags/tutorial_dag.py
[2025-08-14T17:47:58.085+0000] {processor.py:840} INFO - DAG(s) 'tutorial_dag' retrieved from /home/airflow/.local/lib/python3.8/site-packages/airflow/example_dags/tutorial_dag.py
[2025-08-14T17:47:58.096+0000] {logging_mixin.py:188} INFO - [2025-08-14T17:47:58.095+0000] {dag.py:3047} INFO - Sync 1 DAGs
[2025-08-14T17:47:58.101+0000] {logging_mixin.py:188} INFO - [2025-08-14T17:47:58.101+0000] {dag.py:3834} INFO - Setting next_dagrun for tutorial_dag to None, run_after=None
[2025-08-14T17:47:58.108+0000] {processor.py:183} INFO - Processing /home/airflow/.local/lib/python3.8/site-packages/airflow/example_dags/tutorial_dag.py took 0.032 seconds
[2025-08-14T17:48:28.441+0000] {processor.py:161} INFO - Started process (PID=1363) to work on /home/airflow/.local/lib/python3.8/site-packages/airflow/example_dags/tutorial_dag.py
[2025-08-14T17:48:28.442+0000] {processor.py:830} INFO - Processing file /home/airflow/.local/lib/python3.8/site-packages/airflow/example_dags/tutorial_dag.py for tasks to queue
[2025-08-14T17:48:28.446+0000] {logging_mixin.py:188} INFO - [2025-08-14T17:48:28.446+0000] {dagbag.py:540} INFO - Filling up the DagBag from /home/airflow/.local/lib/python3.8/site-packages/airflow/example_dags/tutorial_dag.py
[2025-08-14T17:48:28.450+0000] {processor.py:840} INFO - DAG(s) 'tutorial_dag' retrieved from /home/airflow/.local/lib/python3.8/site-packages/airflow/example_dags/tutorial_dag.py
[2025-08-14T17:48:28.469+0000] {logging_mixin.py:188} INFO - [2025-08-14T17:48:28.469+0000] {dag.py:3047} INFO - Sync 1 DAGs
[2025-08-14T17:48:28.477+0000] {logging_mixin.py:188} INFO - [2025-08-14T17:48:28.477+0000] {dag.py:3834} INFO - Setting next_dagrun for tutorial_dag to None, run_after=None
[2025-08-14T17:48:28.492+0000] {processor.py:183} INFO - Processing /home/airflow/.local/lib/python3.8/site-packages/airflow/example_dags/tutorial_dag.py took 0.053 seconds
[2025-08-14T17:48:58.978+0000] {processor.py:161} INFO - Started process (PID=1419) to work on /home/airflow/.local/lib/python3.8/site-packages/airflow/example_dags/tutorial_dag.py
[2025-08-14T17:48:58.979+0000] {processor.py:830} INFO - Processing file /home/airflow/.local/lib/python3.8/site-packages/airflow/example_dags/tutorial_dag.py for tasks to queue
[2025-08-14T17:48:58.980+0000] {logging_mixin.py:188} INFO - [2025-08-14T17:48:58.979+0000] {dagbag.py:540} INFO - Filling up the DagBag from /home/airflow/.local/lib/python3.8/site-packages/airflow/example_dags/tutorial_dag.py
[2025-08-14T17:48:58.982+0000] {processor.py:840} INFO - DAG(s) 'tutorial_dag' retrieved from /home/airflow/.local/lib/python3.8/site-packages/airflow/example_dags/tutorial_dag.py
[2025-08-14T17:48:58.993+0000] {logging_mixin.py:188} INFO - [2025-08-14T17:48:58.993+0000] {dag.py:3047} INFO - Sync 1 DAGs
[2025-08-14T17:48:58.999+0000] {logging_mixin.py:188} INFO - [2025-08-14T17:48:58.999+0000] {dag.py:3834} INFO - Setting next_dagrun for tutorial_dag to None, run_after=None
[2025-08-14T17:48:59.008+0000] {processor.py:183} INFO - Processing /home/airflow/.local/lib/python3.8/site-packages/airflow/example_dags/tutorial_dag.py took 0.032 seconds
[2025-08-14T17:49:29.077+0000] {processor.py:161} INFO - Started process (PID=1475) to work on /home/airflow/.local/lib/python3.8/site-packages/airflow/example_dags/tutorial_dag.py
[2025-08-14T17:49:29.080+0000] {processor.py:830} INFO - Processing file /home/airflow/.local/lib/python3.8/site-packages/airflow/example_dags/tutorial_dag.py for tasks to queue
[2025-08-14T17:49:29.084+0000] {logging_mixin.py:188} INFO - [2025-08-14T17:49:29.083+0000] {dagbag.py:540} INFO - Filling up the DagBag from /home/airflow/.local/lib/python3.8/site-packages/airflow/example_dags/tutorial_dag.py
[2025-08-14T17:49:29.089+0000] {processor.py:840} INFO - DAG(s) 'tutorial_dag' retrieved from /home/airflow/.local/lib/python3.8/site-packages/airflow/example_dags/tutorial_dag.py
[2025-08-14T17:49:29.140+0000] {logging_mixin.py:188} INFO - [2025-08-14T17:49:29.140+0000] {dag.py:3047} INFO - Sync 1 DAGs
[2025-08-14T17:49:29.152+0000] {logging_mixin.py:188} INFO - [2025-08-14T17:49:29.152+0000] {dag.py:3834} INFO - Setting next_dagrun for tutorial_dag to None, run_after=None
[2025-08-14T17:49:29.166+0000] {processor.py:183} INFO - Processing /home/airflow/.local/lib/python3.8/site-packages/airflow/example_dags/tutorial_dag.py took 0.092 seconds
[2025-08-14T17:50:00.115+0000] {processor.py:161} INFO - Started process (PID=1531) to work on /home/airflow/.local/lib/python3.8/site-packages/airflow/example_dags/tutorial_dag.py
[2025-08-14T17:50:00.117+0000] {processor.py:830} INFO - Processing file /home/airflow/.local/lib/python3.8/site-packages/airflow/example_dags/tutorial_dag.py for tasks to queue
[2025-08-14T17:50:00.119+0000] {logging_mixin.py:188} INFO - [2025-08-14T17:50:00.118+0000] {dagbag.py:540} INFO - Filling up the DagBag from /home/airflow/.local/lib/python3.8/site-packages/airflow/example_dags/tutorial_dag.py
[2025-08-14T17:50:00.122+0000] {processor.py:840} INFO - DAG(s) 'tutorial_dag' retrieved from /home/airflow/.local/lib/python3.8/site-packages/airflow/example_dags/tutorial_dag.py
[2025-08-14T17:50:00.136+0000] {logging_mixin.py:188} INFO - [2025-08-14T17:50:00.135+0000] {dag.py:3047} INFO - Sync 1 DAGs
[2025-08-14T17:50:00.146+0000] {logging_mixin.py:188} INFO - [2025-08-14T17:50:00.146+0000] {dag.py:3834} INFO - Setting next_dagrun for tutorial_dag to None, run_after=None
[2025-08-14T17:50:00.161+0000] {processor.py:183} INFO - Processing /home/airflow/.local/lib/python3.8/site-packages/airflow/example_dags/tutorial_dag.py took 0.048 seconds
[2025-08-14T17:50:30.828+0000] {processor.py:161} INFO - Started process (PID=1587) to work on /home/airflow/.local/lib/python3.8/site-packages/airflow/example_dags/tutorial_dag.py
[2025-08-14T17:50:30.829+0000] {processor.py:830} INFO - Processing file /home/airflow/.local/lib/python3.8/site-packages/airflow/example_dags/tutorial_dag.py for tasks to queue
[2025-08-14T17:50:30.831+0000] {logging_mixin.py:188} INFO - [2025-08-14T17:50:30.831+0000] {dagbag.py:540} INFO - Filling up the DagBag from /home/airflow/.local/lib/python3.8/site-packages/airflow/example_dags/tutorial_dag.py
[2025-08-14T17:50:30.835+0000] {processor.py:840} INFO - DAG(s) 'tutorial_dag' retrieved from /home/airflow/.local/lib/python3.8/site-packages/airflow/example_dags/tutorial_dag.py
[2025-08-14T17:50:30.849+0000] {logging_mixin.py:188} INFO - [2025-08-14T17:50:30.849+0000] {dag.py:3047} INFO - Sync 1 DAGs
[2025-08-14T17:50:30.861+0000] {logging_mixin.py:188} INFO - [2025-08-14T17:50:30.861+0000] {dag.py:3834} INFO - Setting next_dagrun for tutorial_dag to None, run_after=None
[2025-08-14T17:50:30.890+0000] {processor.py:183} INFO - Processing /home/airflow/.local/lib/python3.8/site-packages/airflow/example_dags/tutorial_dag.py took 0.065 seconds
[2025-08-14T17:51:01.791+0000] {processor.py:161} INFO - Started process (PID=1643) to work on /home/airflow/.local/lib/python3.8/site-packages/airflow/example_dags/tutorial_dag.py
[2025-08-14T17:51:01.792+0000] {processor.py:830} INFO - Processing file /home/airflow/.local/lib/python3.8/site-packages/airflow/example_dags/tutorial_dag.py for tasks to queue
[2025-08-14T17:51:01.793+0000] {logging_mixin.py:188} INFO - [2025-08-14T17:51:01.792+0000] {dagbag.py:540} INFO - Filling up the DagBag from /home/airflow/.local/lib/python3.8/site-packages/airflow/example_dags/tutorial_dag.py
[2025-08-14T17:51:01.796+0000] {processor.py:840} INFO - DAG(s) 'tutorial_dag' retrieved from /home/airflow/.local/lib/python3.8/site-packages/airflow/example_dags/tutorial_dag.py
[2025-08-14T17:51:01.807+0000] {logging_mixin.py:188} INFO - [2025-08-14T17:51:01.807+0000] {dag.py:3047} INFO - Sync 1 DAGs
[2025-08-14T17:51:01.813+0000] {logging_mixin.py:188} INFO - [2025-08-14T17:51:01.813+0000] {dag.py:3834} INFO - Setting next_dagrun for tutorial_dag to None, run_after=None
[2025-08-14T17:51:01.822+0000] {processor.py:183} INFO - Processing /home/airflow/.local/lib/python3.8/site-packages/airflow/example_dags/tutorial_dag.py took 0.033 seconds
[2025-08-14T17:51:32.173+0000] {processor.py:161} INFO - Started process (PID=1699) to work on /home/airflow/.local/lib/python3.8/site-packages/airflow/example_dags/tutorial_dag.py
[2025-08-14T17:51:32.174+0000] {processor.py:830} INFO - Processing file /home/airflow/.local/lib/python3.8/site-packages/airflow/example_dags/tutorial_dag.py for tasks to queue
[2025-08-14T17:51:32.175+0000] {logging_mixin.py:188} INFO - [2025-08-14T17:51:32.175+0000] {dagbag.py:540} INFO - Filling up the DagBag from /home/airflow/.local/lib/python3.8/site-packages/airflow/example_dags/tutorial_dag.py
[2025-08-14T17:51:32.178+0000] {processor.py:840} INFO - DAG(s) 'tutorial_dag' retrieved from /home/airflow/.local/lib/python3.8/site-packages/airflow/example_dags/tutorial_dag.py
[2025-08-14T17:51:32.189+0000] {logging_mixin.py:188} INFO - [2025-08-14T17:51:32.189+0000] {dag.py:3047} INFO - Sync 1 DAGs
[2025-08-14T17:51:32.199+0000] {logging_mixin.py:188} INFO - [2025-08-14T17:51:32.198+0000] {dag.py:3834} INFO - Setting next_dagrun for tutorial_dag to None, run_after=None
[2025-08-14T17:51:32.209+0000] {processor.py:183} INFO - Processing /home/airflow/.local/lib/python3.8/site-packages/airflow/example_dags/tutorial_dag.py took 0.037 seconds
[2025-08-14T17:52:02.950+0000] {processor.py:161} INFO - Started process (PID=1755) to work on /home/airflow/.local/lib/python3.8/site-packages/airflow/example_dags/tutorial_dag.py
[2025-08-14T17:52:02.951+0000] {processor.py:830} INFO - Processing file /home/airflow/.local/lib/python3.8/site-packages/airflow/example_dags/tutorial_dag.py for tasks to queue
[2025-08-14T17:52:02.953+0000] {logging_mixin.py:188} INFO - [2025-08-14T17:52:02.953+0000] {dagbag.py:540} INFO - Filling up the DagBag from /home/airflow/.local/lib/python3.8/site-packages/airflow/example_dags/tutorial_dag.py
[2025-08-14T17:52:02.956+0000] {processor.py:840} INFO - DAG(s) 'tutorial_dag' retrieved from /home/airflow/.local/lib/python3.8/site-packages/airflow/example_dags/tutorial_dag.py
[2025-08-14T17:52:02.969+0000] {logging_mixin.py:188} INFO - [2025-08-14T17:52:02.969+0000] {dag.py:3047} INFO - Sync 1 DAGs
[2025-08-14T17:52:02.981+0000] {logging_mixin.py:188} INFO - [2025-08-14T17:52:02.980+0000] {dag.py:3834} INFO - Setting next_dagrun for tutorial_dag to None, run_after=None
[2025-08-14T17:52:02.992+0000] {processor.py:183} INFO - Processing /home/airflow/.local/lib/python3.8/site-packages/airflow/example_dags/tutorial_dag.py took 0.045 seconds
[2025-08-14T17:52:33.292+0000] {processor.py:161} INFO - Started process (PID=1811) to work on /home/airflow/.local/lib/python3.8/site-packages/airflow/example_dags/tutorial_dag.py
[2025-08-14T17:52:33.293+0000] {processor.py:830} INFO - Processing file /home/airflow/.local/lib/python3.8/site-packages/airflow/example_dags/tutorial_dag.py for tasks to queue
[2025-08-14T17:52:33.294+0000] {logging_mixin.py:188} INFO - [2025-08-14T17:52:33.294+0000] {dagbag.py:540} INFO - Filling up the DagBag from /home/airflow/.local/lib/python3.8/site-packages/airflow/example_dags/tutorial_dag.py
[2025-08-14T17:52:33.297+0000] {processor.py:840} INFO - DAG(s) 'tutorial_dag' retrieved from /home/airflow/.local/lib/python3.8/site-packages/airflow/example_dags/tutorial_dag.py
[2025-08-14T17:52:33.309+0000] {logging_mixin.py:188} INFO - [2025-08-14T17:52:33.309+0000] {dag.py:3047} INFO - Sync 1 DAGs
[2025-08-14T17:52:33.314+0000] {logging_mixin.py:188} INFO - [2025-08-14T17:52:33.314+0000] {dag.py:3834} INFO - Setting next_dagrun for tutorial_dag to None, run_after=None
[2025-08-14T17:52:33.322+0000] {processor.py:183} INFO - Processing /home/airflow/.local/lib/python3.8/site-packages/airflow/example_dags/tutorial_dag.py took 0.031 seconds
[2025-08-14T17:53:03.621+0000] {processor.py:161} INFO - Started process (PID=1867) to work on /home/airflow/.local/lib/python3.8/site-packages/airflow/example_dags/tutorial_dag.py
[2025-08-14T17:53:03.623+0000] {processor.py:830} INFO - Processing file /home/airflow/.local/lib/python3.8/site-packages/airflow/example_dags/tutorial_dag.py for tasks to queue
[2025-08-14T17:53:03.624+0000] {logging_mixin.py:188} INFO - [2025-08-14T17:53:03.623+0000] {dagbag.py:540} INFO - Filling up the DagBag from /home/airflow/.local/lib/python3.8/site-packages/airflow/example_dags/tutorial_dag.py
[2025-08-14T17:53:03.631+0000] {processor.py:840} INFO - DAG(s) 'tutorial_dag' retrieved from /home/airflow/.local/lib/python3.8/site-packages/airflow/example_dags/tutorial_dag.py
[2025-08-14T17:53:03.662+0000] {logging_mixin.py:188} INFO - [2025-08-14T17:53:03.662+0000] {dag.py:3047} INFO - Sync 1 DAGs
[2025-08-14T17:53:03.672+0000] {logging_mixin.py:188} INFO - [2025-08-14T17:53:03.672+0000] {dag.py:3834} INFO - Setting next_dagrun for tutorial_dag to None, run_after=None
[2025-08-14T17:53:03.686+0000] {processor.py:183} INFO - Processing /home/airflow/.local/lib/python3.8/site-packages/airflow/example_dags/tutorial_dag.py took 0.066 seconds
[2025-08-14T17:53:34.094+0000] {processor.py:161} INFO - Started process (PID=1923) to work on /home/airflow/.local/lib/python3.8/site-packages/airflow/example_dags/tutorial_dag.py
[2025-08-14T17:53:34.096+0000] {processor.py:830} INFO - Processing file /home/airflow/.local/lib/python3.8/site-packages/airflow/example_dags/tutorial_dag.py for tasks to queue
[2025-08-14T17:53:34.097+0000] {logging_mixin.py:188} INFO - [2025-08-14T17:53:34.097+0000] {dagbag.py:540} INFO - Filling up the DagBag from /home/airflow/.local/lib/python3.8/site-packages/airflow/example_dags/tutorial_dag.py
[2025-08-14T17:53:34.100+0000] {processor.py:840} INFO - DAG(s) 'tutorial_dag' retrieved from /home/airflow/.local/lib/python3.8/site-packages/airflow/example_dags/tutorial_dag.py
[2025-08-14T17:53:34.117+0000] {logging_mixin.py:188} INFO - [2025-08-14T17:53:34.117+0000] {dag.py:3047} INFO - Sync 1 DAGs
[2025-08-14T17:53:34.122+0000] {logging_mixin.py:188} INFO - [2025-08-14T17:53:34.122+0000] {dag.py:3834} INFO - Setting next_dagrun for tutorial_dag to None, run_after=None
[2025-08-14T17:53:34.140+0000] {processor.py:183} INFO - Processing /home/airflow/.local/lib/python3.8/site-packages/airflow/example_dags/tutorial_dag.py took 0.048 seconds
[2025-08-14T17:54:04.501+0000] {processor.py:161} INFO - Started process (PID=1978) to work on /home/airflow/.local/lib/python3.8/site-packages/airflow/example_dags/tutorial_dag.py
[2025-08-14T17:54:04.502+0000] {processor.py:830} INFO - Processing file /home/airflow/.local/lib/python3.8/site-packages/airflow/example_dags/tutorial_dag.py for tasks to queue
[2025-08-14T17:54:04.503+0000] {logging_mixin.py:188} INFO - [2025-08-14T17:54:04.503+0000] {dagbag.py:540} INFO - Filling up the DagBag from /home/airflow/.local/lib/python3.8/site-packages/airflow/example_dags/tutorial_dag.py
[2025-08-14T17:54:04.509+0000] {processor.py:840} INFO - DAG(s) 'tutorial_dag' retrieved from /home/airflow/.local/lib/python3.8/site-packages/airflow/example_dags/tutorial_dag.py
[2025-08-14T17:54:04.574+0000] {logging_mixin.py:188} INFO - [2025-08-14T17:54:04.573+0000] {dag.py:3047} INFO - Sync 1 DAGs
[2025-08-14T17:54:04.585+0000] {logging_mixin.py:188} INFO - [2025-08-14T17:54:04.585+0000] {dag.py:3834} INFO - Setting next_dagrun for tutorial_dag to None, run_after=None
[2025-08-14T17:54:04.599+0000] {processor.py:183} INFO - Processing /home/airflow/.local/lib/python3.8/site-packages/airflow/example_dags/tutorial_dag.py took 0.099 seconds
[2025-08-14T17:54:34.902+0000] {processor.py:161} INFO - Started process (PID=2034) to work on /home/airflow/.local/lib/python3.8/site-packages/airflow/example_dags/tutorial_dag.py
[2025-08-14T17:54:34.903+0000] {processor.py:830} INFO - Processing file /home/airflow/.local/lib/python3.8/site-packages/airflow/example_dags/tutorial_dag.py for tasks to queue
[2025-08-14T17:54:34.904+0000] {logging_mixin.py:188} INFO - [2025-08-14T17:54:34.904+0000] {dagbag.py:540} INFO - Filling up the DagBag from /home/airflow/.local/lib/python3.8/site-packages/airflow/example_dags/tutorial_dag.py
[2025-08-14T17:54:34.907+0000] {processor.py:840} INFO - DAG(s) 'tutorial_dag' retrieved from /home/airflow/.local/lib/python3.8/site-packages/airflow/example_dags/tutorial_dag.py
[2025-08-14T17:54:34.917+0000] {logging_mixin.py:188} INFO - [2025-08-14T17:54:34.916+0000] {dag.py:3047} INFO - Sync 1 DAGs
[2025-08-14T17:54:34.922+0000] {logging_mixin.py:188} INFO - [2025-08-14T17:54:34.922+0000] {dag.py:3834} INFO - Setting next_dagrun for tutorial_dag to None, run_after=None
[2025-08-14T17:54:34.931+0000] {processor.py:183} INFO - Processing /home/airflow/.local/lib/python3.8/site-packages/airflow/example_dags/tutorial_dag.py took 0.030 seconds
[2025-08-14T17:55:05.472+0000] {processor.py:161} INFO - Started process (PID=2090) to work on /home/airflow/.local/lib/python3.8/site-packages/airflow/example_dags/tutorial_dag.py
[2025-08-14T17:55:05.474+0000] {processor.py:830} INFO - Processing file /home/airflow/.local/lib/python3.8/site-packages/airflow/example_dags/tutorial_dag.py for tasks to queue
[2025-08-14T17:55:05.476+0000] {logging_mixin.py:188} INFO - [2025-08-14T17:55:05.476+0000] {dagbag.py:540} INFO - Filling up the DagBag from /home/airflow/.local/lib/python3.8/site-packages/airflow/example_dags/tutorial_dag.py
[2025-08-14T17:55:05.479+0000] {processor.py:840} INFO - DAG(s) 'tutorial_dag' retrieved from /home/airflow/.local/lib/python3.8/site-packages/airflow/example_dags/tutorial_dag.py
[2025-08-14T17:55:05.492+0000] {logging_mixin.py:188} INFO - [2025-08-14T17:55:05.492+0000] {dag.py:3047} INFO - Sync 1 DAGs
[2025-08-14T17:55:05.509+0000] {logging_mixin.py:188} INFO - [2025-08-14T17:55:05.509+0000] {dag.py:3834} INFO - Setting next_dagrun for tutorial_dag to None, run_after=None
[2025-08-14T17:55:05.519+0000] {processor.py:183} INFO - Processing /home/airflow/.local/lib/python3.8/site-packages/airflow/example_dags/tutorial_dag.py took 0.051 seconds
[2025-08-14T17:55:36.205+0000] {processor.py:161} INFO - Started process (PID=2146) to work on /home/airflow/.local/lib/python3.8/site-packages/airflow/example_dags/tutorial_dag.py
[2025-08-14T17:55:36.207+0000] {processor.py:830} INFO - Processing file /home/airflow/.local/lib/python3.8/site-packages/airflow/example_dags/tutorial_dag.py for tasks to queue
[2025-08-14T17:55:36.208+0000] {logging_mixin.py:188} INFO - [2025-08-14T17:55:36.208+0000] {dagbag.py:540} INFO - Filling up the DagBag from /home/airflow/.local/lib/python3.8/site-packages/airflow/example_dags/tutorial_dag.py
[2025-08-14T17:55:36.211+0000] {processor.py:840} INFO - DAG(s) 'tutorial_dag' retrieved from /home/airflow/.local/lib/python3.8/site-packages/airflow/example_dags/tutorial_dag.py
[2025-08-14T17:55:36.223+0000] {logging_mixin.py:188} INFO - [2025-08-14T17:55:36.223+0000] {dag.py:3047} INFO - Sync 1 DAGs
[2025-08-14T17:55:36.232+0000] {logging_mixin.py:188} INFO - [2025-08-14T17:55:36.232+0000] {dag.py:3834} INFO - Setting next_dagrun for tutorial_dag to None, run_after=None
[2025-08-14T17:55:36.243+0000] {processor.py:183} INFO - Processing /home/airflow/.local/lib/python3.8/site-packages/airflow/example_dags/tutorial_dag.py took 0.039 seconds
[2025-08-14T17:56:06.639+0000] {processor.py:161} INFO - Started process (PID=2202) to work on /home/airflow/.local/lib/python3.8/site-packages/airflow/example_dags/tutorial_dag.py
[2025-08-14T17:56:06.642+0000] {processor.py:830} INFO - Processing file /home/airflow/.local/lib/python3.8/site-packages/airflow/example_dags/tutorial_dag.py for tasks to queue
[2025-08-14T17:56:06.642+0000] {logging_mixin.py:188} INFO - [2025-08-14T17:56:06.642+0000] {dagbag.py:540} INFO - Filling up the DagBag from /home/airflow/.local/lib/python3.8/site-packages/airflow/example_dags/tutorial_dag.py
[2025-08-14T17:56:06.645+0000] {processor.py:840} INFO - DAG(s) 'tutorial_dag' retrieved from /home/airflow/.local/lib/python3.8/site-packages/airflow/example_dags/tutorial_dag.py
[2025-08-14T17:56:06.655+0000] {logging_mixin.py:188} INFO - [2025-08-14T17:56:06.655+0000] {dag.py:3047} INFO - Sync 1 DAGs
[2025-08-14T17:56:06.661+0000] {logging_mixin.py:188} INFO - [2025-08-14T17:56:06.660+0000] {dag.py:3834} INFO - Setting next_dagrun for tutorial_dag to None, run_after=None
[2025-08-14T17:56:06.668+0000] {processor.py:183} INFO - Processing /home/airflow/.local/lib/python3.8/site-packages/airflow/example_dags/tutorial_dag.py took 0.031 seconds
[2025-08-14T17:56:37.085+0000] {processor.py:161} INFO - Started process (PID=2258) to work on /home/airflow/.local/lib/python3.8/site-packages/airflow/example_dags/tutorial_dag.py
[2025-08-14T17:56:37.088+0000] {processor.py:830} INFO - Processing file /home/airflow/.local/lib/python3.8/site-packages/airflow/example_dags/tutorial_dag.py for tasks to queue
[2025-08-14T17:56:37.089+0000] {logging_mixin.py:188} INFO - [2025-08-14T17:56:37.088+0000] {dagbag.py:540} INFO - Filling up the DagBag from /home/airflow/.local/lib/python3.8/site-packages/airflow/example_dags/tutorial_dag.py
[2025-08-14T17:56:37.092+0000] {processor.py:840} INFO - DAG(s) 'tutorial_dag' retrieved from /home/airflow/.local/lib/python3.8/site-packages/airflow/example_dags/tutorial_dag.py
[2025-08-14T17:56:37.108+0000] {logging_mixin.py:188} INFO - [2025-08-14T17:56:37.108+0000] {dag.py:3047} INFO - Sync 1 DAGs
[2025-08-14T17:56:37.114+0000] {logging_mixin.py:188} INFO - [2025-08-14T17:56:37.114+0000] {dag.py:3834} INFO - Setting next_dagrun for tutorial_dag to None, run_after=None
[2025-08-14T17:56:37.122+0000] {processor.py:183} INFO - Processing /home/airflow/.local/lib/python3.8/site-packages/airflow/example_dags/tutorial_dag.py took 0.039 seconds
[2025-08-14T17:57:07.457+0000] {processor.py:161} INFO - Started process (PID=2314) to work on /home/airflow/.local/lib/python3.8/site-packages/airflow/example_dags/tutorial_dag.py
[2025-08-14T17:57:07.457+0000] {processor.py:830} INFO - Processing file /home/airflow/.local/lib/python3.8/site-packages/airflow/example_dags/tutorial_dag.py for tasks to queue
[2025-08-14T17:57:07.459+0000] {logging_mixin.py:188} INFO - [2025-08-14T17:57:07.459+0000] {dagbag.py:540} INFO - Filling up the DagBag from /home/airflow/.local/lib/python3.8/site-packages/airflow/example_dags/tutorial_dag.py
[2025-08-14T17:57:07.462+0000] {processor.py:840} INFO - DAG(s) 'tutorial_dag' retrieved from /home/airflow/.local/lib/python3.8/site-packages/airflow/example_dags/tutorial_dag.py
[2025-08-14T17:57:07.472+0000] {logging_mixin.py:188} INFO - [2025-08-14T17:57:07.472+0000] {dag.py:3047} INFO - Sync 1 DAGs
[2025-08-14T17:57:07.478+0000] {logging_mixin.py:188} INFO - [2025-08-14T17:57:07.478+0000] {dag.py:3834} INFO - Setting next_dagrun for tutorial_dag to None, run_after=None
[2025-08-14T17:57:07.485+0000] {processor.py:183} INFO - Processing /home/airflow/.local/lib/python3.8/site-packages/airflow/example_dags/tutorial_dag.py took 0.031 seconds
[2025-08-14T17:57:37.841+0000] {processor.py:161} INFO - Started process (PID=2370) to work on /home/airflow/.local/lib/python3.8/site-packages/airflow/example_dags/tutorial_dag.py
[2025-08-14T17:57:37.842+0000] {processor.py:830} INFO - Processing file /home/airflow/.local/lib/python3.8/site-packages/airflow/example_dags/tutorial_dag.py for tasks to queue
[2025-08-14T17:57:37.843+0000] {logging_mixin.py:188} INFO - [2025-08-14T17:57:37.843+0000] {dagbag.py:540} INFO - Filling up the DagBag from /home/airflow/.local/lib/python3.8/site-packages/airflow/example_dags/tutorial_dag.py
[2025-08-14T17:57:37.845+0000] {processor.py:840} INFO - DAG(s) 'tutorial_dag' retrieved from /home/airflow/.local/lib/python3.8/site-packages/airflow/example_dags/tutorial_dag.py
[2025-08-14T17:57:37.855+0000] {logging_mixin.py:188} INFO - [2025-08-14T17:57:37.855+0000] {dag.py:3047} INFO - Sync 1 DAGs
[2025-08-14T17:57:37.860+0000] {logging_mixin.py:188} INFO - [2025-08-14T17:57:37.860+0000] {dag.py:3834} INFO - Setting next_dagrun for tutorial_dag to None, run_after=None
[2025-08-14T17:57:37.868+0000] {processor.py:183} INFO - Processing /home/airflow/.local/lib/python3.8/site-packages/airflow/example_dags/tutorial_dag.py took 0.028 seconds
[2025-08-14T17:58:08.469+0000] {processor.py:161} INFO - Started process (PID=2426) to work on /home/airflow/.local/lib/python3.8/site-packages/airflow/example_dags/tutorial_dag.py
[2025-08-14T17:58:08.470+0000] {processor.py:830} INFO - Processing file /home/airflow/.local/lib/python3.8/site-packages/airflow/example_dags/tutorial_dag.py for tasks to queue
[2025-08-14T17:58:08.471+0000] {logging_mixin.py:188} INFO - [2025-08-14T17:58:08.471+0000] {dagbag.py:540} INFO - Filling up the DagBag from /home/airflow/.local/lib/python3.8/site-packages/airflow/example_dags/tutorial_dag.py
[2025-08-14T17:58:08.474+0000] {processor.py:840} INFO - DAG(s) 'tutorial_dag' retrieved from /home/airflow/.local/lib/python3.8/site-packages/airflow/example_dags/tutorial_dag.py
[2025-08-14T17:58:08.489+0000] {logging_mixin.py:188} INFO - [2025-08-14T17:58:08.489+0000] {dag.py:3047} INFO - Sync 1 DAGs
[2025-08-14T17:58:08.502+0000] {logging_mixin.py:188} INFO - [2025-08-14T17:58:08.501+0000] {dag.py:3834} INFO - Setting next_dagrun for tutorial_dag to None, run_after=None
[2025-08-14T17:58:08.516+0000] {processor.py:183} INFO - Processing /home/airflow/.local/lib/python3.8/site-packages/airflow/example_dags/tutorial_dag.py took 0.048 seconds
[2025-08-14T17:58:39.379+0000] {processor.py:161} INFO - Started process (PID=2483) to work on /home/airflow/.local/lib/python3.8/site-packages/airflow/example_dags/tutorial_dag.py
[2025-08-14T17:58:39.380+0000] {processor.py:830} INFO - Processing file /home/airflow/.local/lib/python3.8/site-packages/airflow/example_dags/tutorial_dag.py for tasks to queue
[2025-08-14T17:58:39.381+0000] {logging_mixin.py:188} INFO - [2025-08-14T17:58:39.380+0000] {dagbag.py:540} INFO - Filling up the DagBag from /home/airflow/.local/lib/python3.8/site-packages/airflow/example_dags/tutorial_dag.py
[2025-08-14T17:58:39.383+0000] {processor.py:840} INFO - DAG(s) 'tutorial_dag' retrieved from /home/airflow/.local/lib/python3.8/site-packages/airflow/example_dags/tutorial_dag.py
[2025-08-14T17:58:39.393+0000] {logging_mixin.py:188} INFO - [2025-08-14T17:58:39.393+0000] {dag.py:3047} INFO - Sync 1 DAGs
[2025-08-14T17:58:39.399+0000] {logging_mixin.py:188} INFO - [2025-08-14T17:58:39.399+0000] {dag.py:3834} INFO - Setting next_dagrun for tutorial_dag to None, run_after=None
[2025-08-14T17:58:39.407+0000] {processor.py:183} INFO - Processing /home/airflow/.local/lib/python3.8/site-packages/airflow/example_dags/tutorial_dag.py took 0.030 seconds
[2025-08-14T17:59:09.855+0000] {processor.py:161} INFO - Started process (PID=2539) to work on /home/airflow/.local/lib/python3.8/site-packages/airflow/example_dags/tutorial_dag.py
[2025-08-14T17:59:09.856+0000] {processor.py:830} INFO - Processing file /home/airflow/.local/lib/python3.8/site-packages/airflow/example_dags/tutorial_dag.py for tasks to queue
[2025-08-14T17:59:09.856+0000] {logging_mixin.py:188} INFO - [2025-08-14T17:59:09.856+0000] {dagbag.py:540} INFO - Filling up the DagBag from /home/airflow/.local/lib/python3.8/site-packages/airflow/example_dags/tutorial_dag.py
[2025-08-14T17:59:09.859+0000] {processor.py:840} INFO - DAG(s) 'tutorial_dag' retrieved from /home/airflow/.local/lib/python3.8/site-packages/airflow/example_dags/tutorial_dag.py
[2025-08-14T17:59:09.870+0000] {logging_mixin.py:188} INFO - [2025-08-14T17:59:09.869+0000] {dag.py:3047} INFO - Sync 1 DAGs
[2025-08-14T17:59:09.875+0000] {logging_mixin.py:188} INFO - [2025-08-14T17:59:09.875+0000] {dag.py:3834} INFO - Setting next_dagrun for tutorial_dag to None, run_after=None
[2025-08-14T17:59:09.884+0000] {processor.py:183} INFO - Processing /home/airflow/.local/lib/python3.8/site-packages/airflow/example_dags/tutorial_dag.py took 0.031 seconds
[2025-08-14T17:59:40.056+0000] {processor.py:161} INFO - Started process (PID=2595) to work on /home/airflow/.local/lib/python3.8/site-packages/airflow/example_dags/tutorial_dag.py
[2025-08-14T17:59:40.057+0000] {processor.py:830} INFO - Processing file /home/airflow/.local/lib/python3.8/site-packages/airflow/example_dags/tutorial_dag.py for tasks to queue
[2025-08-14T17:59:40.058+0000] {logging_mixin.py:188} INFO - [2025-08-14T17:59:40.058+0000] {dagbag.py:540} INFO - Filling up the DagBag from /home/airflow/.local/lib/python3.8/site-packages/airflow/example_dags/tutorial_dag.py
[2025-08-14T17:59:40.063+0000] {processor.py:840} INFO - DAG(s) 'tutorial_dag' retrieved from /home/airflow/.local/lib/python3.8/site-packages/airflow/example_dags/tutorial_dag.py
[2025-08-14T17:59:40.081+0000] {logging_mixin.py:188} INFO - [2025-08-14T17:59:40.080+0000] {dag.py:3047} INFO - Sync 1 DAGs
[2025-08-14T17:59:40.087+0000] {logging_mixin.py:188} INFO - [2025-08-14T17:59:40.087+0000] {dag.py:3834} INFO - Setting next_dagrun for tutorial_dag to None, run_after=None
[2025-08-14T17:59:40.100+0000] {processor.py:183} INFO - Processing /home/airflow/.local/lib/python3.8/site-packages/airflow/example_dags/tutorial_dag.py took 0.045 seconds
[2025-08-14T18:00:10.535+0000] {processor.py:161} INFO - Started process (PID=2650) to work on /home/airflow/.local/lib/python3.8/site-packages/airflow/example_dags/tutorial_dag.py
[2025-08-14T18:00:10.536+0000] {processor.py:830} INFO - Processing file /home/airflow/.local/lib/python3.8/site-packages/airflow/example_dags/tutorial_dag.py for tasks to queue
[2025-08-14T18:00:10.539+0000] {logging_mixin.py:188} INFO - [2025-08-14T18:00:10.539+0000] {dagbag.py:540} INFO - Filling up the DagBag from /home/airflow/.local/lib/python3.8/site-packages/airflow/example_dags/tutorial_dag.py
[2025-08-14T18:00:10.543+0000] {processor.py:840} INFO - DAG(s) 'tutorial_dag' retrieved from /home/airflow/.local/lib/python3.8/site-packages/airflow/example_dags/tutorial_dag.py
[2025-08-14T18:00:10.556+0000] {logging_mixin.py:188} INFO - [2025-08-14T18:00:10.556+0000] {dag.py:3047} INFO - Sync 1 DAGs
[2025-08-14T18:00:10.564+0000] {logging_mixin.py:188} INFO - [2025-08-14T18:00:10.564+0000] {dag.py:3834} INFO - Setting next_dagrun for tutorial_dag to None, run_after=None
[2025-08-14T18:00:10.578+0000] {processor.py:183} INFO - Processing /home/airflow/.local/lib/python3.8/site-packages/airflow/example_dags/tutorial_dag.py took 0.045 seconds
[2025-08-14T18:00:40.750+0000] {processor.py:161} INFO - Started process (PID=2706) to work on /home/airflow/.local/lib/python3.8/site-packages/airflow/example_dags/tutorial_dag.py
[2025-08-14T18:00:40.750+0000] {processor.py:830} INFO - Processing file /home/airflow/.local/lib/python3.8/site-packages/airflow/example_dags/tutorial_dag.py for tasks to queue
[2025-08-14T18:00:40.752+0000] {logging_mixin.py:188} INFO - [2025-08-14T18:00:40.752+0000] {dagbag.py:540} INFO - Filling up the DagBag from /home/airflow/.local/lib/python3.8/site-packages/airflow/example_dags/tutorial_dag.py
[2025-08-14T18:00:40.757+0000] {processor.py:840} INFO - DAG(s) 'tutorial_dag' retrieved from /home/airflow/.local/lib/python3.8/site-packages/airflow/example_dags/tutorial_dag.py
[2025-08-14T18:00:40.776+0000] {logging_mixin.py:188} INFO - [2025-08-14T18:00:40.776+0000] {dag.py:3047} INFO - Sync 1 DAGs
[2025-08-14T18:00:40.782+0000] {logging_mixin.py:188} INFO - [2025-08-14T18:00:40.782+0000] {dag.py:3834} INFO - Setting next_dagrun for tutorial_dag to None, run_after=None
[2025-08-14T18:00:40.795+0000] {processor.py:183} INFO - Processing /home/airflow/.local/lib/python3.8/site-packages/airflow/example_dags/tutorial_dag.py took 0.047 seconds
[2025-08-14T18:01:11.079+0000] {processor.py:161} INFO - Started process (PID=2762) to work on /home/airflow/.local/lib/python3.8/site-packages/airflow/example_dags/tutorial_dag.py
[2025-08-14T18:01:11.079+0000] {processor.py:830} INFO - Processing file /home/airflow/.local/lib/python3.8/site-packages/airflow/example_dags/tutorial_dag.py for tasks to queue
[2025-08-14T18:01:11.080+0000] {logging_mixin.py:188} INFO - [2025-08-14T18:01:11.080+0000] {dagbag.py:540} INFO - Filling up the DagBag from /home/airflow/.local/lib/python3.8/site-packages/airflow/example_dags/tutorial_dag.py
[2025-08-14T18:01:11.083+0000] {processor.py:840} INFO - DAG(s) 'tutorial_dag' retrieved from /home/airflow/.local/lib/python3.8/site-packages/airflow/example_dags/tutorial_dag.py
[2025-08-14T18:01:11.094+0000] {logging_mixin.py:188} INFO - [2025-08-14T18:01:11.094+0000] {dag.py:3047} INFO - Sync 1 DAGs
[2025-08-14T18:01:11.099+0000] {logging_mixin.py:188} INFO - [2025-08-14T18:01:11.099+0000] {dag.py:3834} INFO - Setting next_dagrun for tutorial_dag to None, run_after=None
[2025-08-14T18:01:11.108+0000] {processor.py:183} INFO - Processing /home/airflow/.local/lib/python3.8/site-packages/airflow/example_dags/tutorial_dag.py took 0.032 seconds
[2025-08-14T18:01:41.700+0000] {processor.py:161} INFO - Started process (PID=2818) to work on /home/airflow/.local/lib/python3.8/site-packages/airflow/example_dags/tutorial_dag.py
[2025-08-14T18:01:41.702+0000] {processor.py:830} INFO - Processing file /home/airflow/.local/lib/python3.8/site-packages/airflow/example_dags/tutorial_dag.py for tasks to queue
[2025-08-14T18:01:41.703+0000] {logging_mixin.py:188} INFO - [2025-08-14T18:01:41.703+0000] {dagbag.py:540} INFO - Filling up the DagBag from /home/airflow/.local/lib/python3.8/site-packages/airflow/example_dags/tutorial_dag.py
[2025-08-14T18:01:41.706+0000] {processor.py:840} INFO - DAG(s) 'tutorial_dag' retrieved from /home/airflow/.local/lib/python3.8/site-packages/airflow/example_dags/tutorial_dag.py
[2025-08-14T18:01:41.724+0000] {logging_mixin.py:188} INFO - [2025-08-14T18:01:41.724+0000] {dag.py:3047} INFO - Sync 1 DAGs
[2025-08-14T18:01:41.731+0000] {logging_mixin.py:188} INFO - [2025-08-14T18:01:41.731+0000] {dag.py:3834} INFO - Setting next_dagrun for tutorial_dag to None, run_after=None
[2025-08-14T18:01:41.741+0000] {processor.py:183} INFO - Processing /home/airflow/.local/lib/python3.8/site-packages/airflow/example_dags/tutorial_dag.py took 0.043 seconds
[2025-08-14T18:02:12.264+0000] {processor.py:161} INFO - Started process (PID=2874) to work on /home/airflow/.local/lib/python3.8/site-packages/airflow/example_dags/tutorial_dag.py
[2025-08-14T18:02:12.265+0000] {processor.py:830} INFO - Processing file /home/airflow/.local/lib/python3.8/site-packages/airflow/example_dags/tutorial_dag.py for tasks to queue
[2025-08-14T18:02:12.266+0000] {logging_mixin.py:188} INFO - [2025-08-14T18:02:12.266+0000] {dagbag.py:540} INFO - Filling up the DagBag from /home/airflow/.local/lib/python3.8/site-packages/airflow/example_dags/tutorial_dag.py
[2025-08-14T18:02:12.270+0000] {processor.py:840} INFO - DAG(s) 'tutorial_dag' retrieved from /home/airflow/.local/lib/python3.8/site-packages/airflow/example_dags/tutorial_dag.py
[2025-08-14T18:02:12.279+0000] {logging_mixin.py:188} INFO - [2025-08-14T18:02:12.279+0000] {dag.py:3047} INFO - Sync 1 DAGs
[2025-08-14T18:02:12.285+0000] {logging_mixin.py:188} INFO - [2025-08-14T18:02:12.285+0000] {dag.py:3834} INFO - Setting next_dagrun for tutorial_dag to None, run_after=None
[2025-08-14T18:02:12.294+0000] {processor.py:183} INFO - Processing /home/airflow/.local/lib/python3.8/site-packages/airflow/example_dags/tutorial_dag.py took 0.032 seconds
[2025-08-14T18:02:42.805+0000] {processor.py:161} INFO - Started process (PID=2930) to work on /home/airflow/.local/lib/python3.8/site-packages/airflow/example_dags/tutorial_dag.py
[2025-08-14T18:02:42.807+0000] {processor.py:830} INFO - Processing file /home/airflow/.local/lib/python3.8/site-packages/airflow/example_dags/tutorial_dag.py for tasks to queue
[2025-08-14T18:02:42.810+0000] {logging_mixin.py:188} INFO - [2025-08-14T18:02:42.809+0000] {dagbag.py:540} INFO - Filling up the DagBag from /home/airflow/.local/lib/python3.8/site-packages/airflow/example_dags/tutorial_dag.py
[2025-08-14T18:02:42.816+0000] {processor.py:840} INFO - DAG(s) 'tutorial_dag' retrieved from /home/airflow/.local/lib/python3.8/site-packages/airflow/example_dags/tutorial_dag.py
[2025-08-14T18:02:42.828+0000] {logging_mixin.py:188} INFO - [2025-08-14T18:02:42.828+0000] {dag.py:3047} INFO - Sync 1 DAGs
[2025-08-14T18:02:42.835+0000] {logging_mixin.py:188} INFO - [2025-08-14T18:02:42.835+0000] {dag.py:3834} INFO - Setting next_dagrun for tutorial_dag to None, run_after=None
[2025-08-14T18:02:42.844+0000] {processor.py:183} INFO - Processing /home/airflow/.local/lib/python3.8/site-packages/airflow/example_dags/tutorial_dag.py took 0.041 seconds
[2025-08-14T18:03:13.049+0000] {processor.py:161} INFO - Started process (PID=2985) to work on /home/airflow/.local/lib/python3.8/site-packages/airflow/example_dags/tutorial_dag.py
[2025-08-14T18:03:13.050+0000] {processor.py:830} INFO - Processing file /home/airflow/.local/lib/python3.8/site-packages/airflow/example_dags/tutorial_dag.py for tasks to queue
[2025-08-14T18:03:13.051+0000] {logging_mixin.py:188} INFO - [2025-08-14T18:03:13.051+0000] {dagbag.py:540} INFO - Filling up the DagBag from /home/airflow/.local/lib/python3.8/site-packages/airflow/example_dags/tutorial_dag.py
[2025-08-14T18:03:13.054+0000] {processor.py:840} INFO - DAG(s) 'tutorial_dag' retrieved from /home/airflow/.local/lib/python3.8/site-packages/airflow/example_dags/tutorial_dag.py
[2025-08-14T18:03:13.066+0000] {logging_mixin.py:188} INFO - [2025-08-14T18:03:13.065+0000] {dag.py:3047} INFO - Sync 1 DAGs
[2025-08-14T18:03:13.077+0000] {logging_mixin.py:188} INFO - [2025-08-14T18:03:13.077+0000] {dag.py:3834} INFO - Setting next_dagrun for tutorial_dag to None, run_after=None
[2025-08-14T18:03:13.091+0000] {processor.py:183} INFO - Processing /home/airflow/.local/lib/python3.8/site-packages/airflow/example_dags/tutorial_dag.py took 0.044 seconds
[2025-08-14T18:03:43.907+0000] {processor.py:161} INFO - Started process (PID=3040) to work on /home/airflow/.local/lib/python3.8/site-packages/airflow/example_dags/tutorial_dag.py
[2025-08-14T18:03:43.908+0000] {processor.py:830} INFO - Processing file /home/airflow/.local/lib/python3.8/site-packages/airflow/example_dags/tutorial_dag.py for tasks to queue
[2025-08-14T18:03:43.909+0000] {logging_mixin.py:188} INFO - [2025-08-14T18:03:43.909+0000] {dagbag.py:540} INFO - Filling up the DagBag from /home/airflow/.local/lib/python3.8/site-packages/airflow/example_dags/tutorial_dag.py
[2025-08-14T18:03:43.912+0000] {processor.py:840} INFO - DAG(s) 'tutorial_dag' retrieved from /home/airflow/.local/lib/python3.8/site-packages/airflow/example_dags/tutorial_dag.py
[2025-08-14T18:03:43.926+0000] {logging_mixin.py:188} INFO - [2025-08-14T18:03:43.925+0000] {dag.py:3047} INFO - Sync 1 DAGs
[2025-08-14T18:03:43.932+0000] {logging_mixin.py:188} INFO - [2025-08-14T18:03:43.932+0000] {dag.py:3834} INFO - Setting next_dagrun for tutorial_dag to None, run_after=None
[2025-08-14T18:03:43.940+0000] {processor.py:183} INFO - Processing /home/airflow/.local/lib/python3.8/site-packages/airflow/example_dags/tutorial_dag.py took 0.035 seconds
[2025-08-14T18:04:14.848+0000] {processor.py:161} INFO - Started process (PID=3096) to work on /home/airflow/.local/lib/python3.8/site-packages/airflow/example_dags/tutorial_dag.py
[2025-08-14T18:04:14.850+0000] {processor.py:830} INFO - Processing file /home/airflow/.local/lib/python3.8/site-packages/airflow/example_dags/tutorial_dag.py for tasks to queue
[2025-08-14T18:04:14.851+0000] {logging_mixin.py:188} INFO - [2025-08-14T18:04:14.851+0000] {dagbag.py:540} INFO - Filling up the DagBag from /home/airflow/.local/lib/python3.8/site-packages/airflow/example_dags/tutorial_dag.py
[2025-08-14T18:04:14.855+0000] {processor.py:840} INFO - DAG(s) 'tutorial_dag' retrieved from /home/airflow/.local/lib/python3.8/site-packages/airflow/example_dags/tutorial_dag.py
[2025-08-14T18:04:14.871+0000] {logging_mixin.py:188} INFO - [2025-08-14T18:04:14.871+0000] {dag.py:3047} INFO - Sync 1 DAGs
[2025-08-14T18:04:14.879+0000] {logging_mixin.py:188} INFO - [2025-08-14T18:04:14.879+0000] {dag.py:3834} INFO - Setting next_dagrun for tutorial_dag to None, run_after=None
[2025-08-14T18:04:14.890+0000] {processor.py:183} INFO - Processing /home/airflow/.local/lib/python3.8/site-packages/airflow/example_dags/tutorial_dag.py took 0.043 seconds
[2025-08-14T18:04:46.437+0000] {processor.py:161} INFO - Started process (PID=3152) to work on /home/airflow/.local/lib/python3.8/site-packages/airflow/example_dags/tutorial_dag.py
[2025-08-14T18:04:46.438+0000] {processor.py:830} INFO - Processing file /home/airflow/.local/lib/python3.8/site-packages/airflow/example_dags/tutorial_dag.py for tasks to queue
[2025-08-14T18:04:46.440+0000] {logging_mixin.py:188} INFO - [2025-08-14T18:04:46.440+0000] {dagbag.py:540} INFO - Filling up the DagBag from /home/airflow/.local/lib/python3.8/site-packages/airflow/example_dags/tutorial_dag.py
[2025-08-14T18:04:46.444+0000] {processor.py:840} INFO - DAG(s) 'tutorial_dag' retrieved from /home/airflow/.local/lib/python3.8/site-packages/airflow/example_dags/tutorial_dag.py
[2025-08-14T18:04:46.463+0000] {logging_mixin.py:188} INFO - [2025-08-14T18:04:46.463+0000] {dag.py:3047} INFO - Sync 1 DAGs
[2025-08-14T18:04:46.473+0000] {logging_mixin.py:188} INFO - [2025-08-14T18:04:46.473+0000] {dag.py:3834} INFO - Setting next_dagrun for tutorial_dag to None, run_after=None
[2025-08-14T18:04:46.486+0000] {processor.py:183} INFO - Processing /home/airflow/.local/lib/python3.8/site-packages/airflow/example_dags/tutorial_dag.py took 0.054 seconds
[2025-08-14T18:05:17.265+0000] {processor.py:161} INFO - Started process (PID=3208) to work on /home/airflow/.local/lib/python3.8/site-packages/airflow/example_dags/tutorial_dag.py
[2025-08-14T18:05:17.266+0000] {processor.py:830} INFO - Processing file /home/airflow/.local/lib/python3.8/site-packages/airflow/example_dags/tutorial_dag.py for tasks to queue
[2025-08-14T18:05:17.268+0000] {logging_mixin.py:188} INFO - [2025-08-14T18:05:17.267+0000] {dagbag.py:540} INFO - Filling up the DagBag from /home/airflow/.local/lib/python3.8/site-packages/airflow/example_dags/tutorial_dag.py
[2025-08-14T18:05:17.272+0000] {processor.py:840} INFO - DAG(s) 'tutorial_dag' retrieved from /home/airflow/.local/lib/python3.8/site-packages/airflow/example_dags/tutorial_dag.py
[2025-08-14T18:05:17.304+0000] {logging_mixin.py:188} INFO - [2025-08-14T18:05:17.304+0000] {dag.py:3047} INFO - Sync 1 DAGs
[2025-08-14T18:05:17.315+0000] {logging_mixin.py:188} INFO - [2025-08-14T18:05:17.315+0000] {dag.py:3834} INFO - Setting next_dagrun for tutorial_dag to None, run_after=None
[2025-08-14T18:05:17.335+0000] {processor.py:183} INFO - Processing /home/airflow/.local/lib/python3.8/site-packages/airflow/example_dags/tutorial_dag.py took 0.072 seconds
[2025-08-14T18:05:48.430+0000] {processor.py:161} INFO - Started process (PID=3264) to work on /home/airflow/.local/lib/python3.8/site-packages/airflow/example_dags/tutorial_dag.py
[2025-08-14T18:05:48.431+0000] {processor.py:830} INFO - Processing file /home/airflow/.local/lib/python3.8/site-packages/airflow/example_dags/tutorial_dag.py for tasks to queue
[2025-08-14T18:05:48.432+0000] {logging_mixin.py:188} INFO - [2025-08-14T18:05:48.431+0000] {dagbag.py:540} INFO - Filling up the DagBag from /home/airflow/.local/lib/python3.8/site-packages/airflow/example_dags/tutorial_dag.py
[2025-08-14T18:05:48.437+0000] {processor.py:840} INFO - DAG(s) 'tutorial_dag' retrieved from /home/airflow/.local/lib/python3.8/site-packages/airflow/example_dags/tutorial_dag.py
[2025-08-14T18:05:48.464+0000] {logging_mixin.py:188} INFO - [2025-08-14T18:05:48.464+0000] {dag.py:3047} INFO - Sync 1 DAGs
[2025-08-14T18:05:48.472+0000] {logging_mixin.py:188} INFO - [2025-08-14T18:05:48.472+0000] {dag.py:3834} INFO - Setting next_dagrun for tutorial_dag to None, run_after=None
[2025-08-14T18:05:48.489+0000] {processor.py:183} INFO - Processing /home/airflow/.local/lib/python3.8/site-packages/airflow/example_dags/tutorial_dag.py took 0.062 seconds
