[2025-08-14T17:36:42.050+0000] {processor.py:161} INFO - Started process (PID=47) to work on /home/airflow/.local/lib/python3.8/site-packages/airflow/example_dags/tutorial_taskflow_api.py
[2025-08-14T17:36:42.053+0000] {processor.py:830} INFO - Processing file /home/airflow/.local/lib/python3.8/site-packages/airflow/example_dags/tutorial_taskflow_api.py for tasks to queue
[2025-08-14T17:36:42.058+0000] {logging_mixin.py:188} INFO - [2025-08-14T17:36:42.057+0000] {dagbag.py:540} INFO - Filling up the DagBag from /home/airflow/.local/lib/python3.8/site-packages/airflow/example_dags/tutorial_taskflow_api.py
[2025-08-14T17:36:42.079+0000] {processor.py:840} INFO - DAG(s) 'tutorial_taskflow_api' retrieved from /home/airflow/.local/lib/python3.8/site-packages/airflow/example_dags/tutorial_taskflow_api.py
[2025-08-14T17:36:42.209+0000] {logging_mixin.py:188} INFO - [2025-08-14T17:36:42.208+0000] {dag.py:3047} INFO - Sync 1 DAGs
[2025-08-14T17:36:42.245+0000] {logging_mixin.py:188} INFO - [2025-08-14T17:36:42.244+0000] {dag.py:3834} INFO - Setting next_dagrun for tutorial_taskflow_api to None, run_after=None
[2025-08-14T17:36:42.308+0000] {processor.py:183} INFO - Processing /home/airflow/.local/lib/python3.8/site-packages/airflow/example_dags/tutorial_taskflow_api.py took 0.286 seconds
[2025-08-14T17:37:13.168+0000] {processor.py:161} INFO - Started process (PID=107) to work on /home/airflow/.local/lib/python3.8/site-packages/airflow/example_dags/tutorial_taskflow_api.py
[2025-08-14T17:37:13.172+0000] {processor.py:830} INFO - Processing file /home/airflow/.local/lib/python3.8/site-packages/airflow/example_dags/tutorial_taskflow_api.py for tasks to queue
[2025-08-14T17:37:13.174+0000] {logging_mixin.py:188} INFO - [2025-08-14T17:37:13.174+0000] {dagbag.py:540} INFO - Filling up the DagBag from /home/airflow/.local/lib/python3.8/site-packages/airflow/example_dags/tutorial_taskflow_api.py
[2025-08-14T17:37:13.182+0000] {processor.py:840} INFO - DAG(s) 'tutorial_taskflow_api' retrieved from /home/airflow/.local/lib/python3.8/site-packages/airflow/example_dags/tutorial_taskflow_api.py
[2025-08-14T17:37:13.267+0000] {logging_mixin.py:188} INFO - [2025-08-14T17:37:13.267+0000] {dag.py:3047} INFO - Sync 1 DAGs
[2025-08-14T17:37:13.276+0000] {logging_mixin.py:188} INFO - [2025-08-14T17:37:13.276+0000] {dag.py:3834} INFO - Setting next_dagrun for tutorial_taskflow_api to None, run_after=None
[2025-08-14T17:37:13.293+0000] {processor.py:183} INFO - Processing /home/airflow/.local/lib/python3.8/site-packages/airflow/example_dags/tutorial_taskflow_api.py took 0.130 seconds
[2025-08-14T17:37:43.823+0000] {processor.py:161} INFO - Started process (PID=163) to work on /home/airflow/.local/lib/python3.8/site-packages/airflow/example_dags/tutorial_taskflow_api.py
[2025-08-14T17:37:43.825+0000] {processor.py:830} INFO - Processing file /home/airflow/.local/lib/python3.8/site-packages/airflow/example_dags/tutorial_taskflow_api.py for tasks to queue
[2025-08-14T17:37:43.830+0000] {logging_mixin.py:188} INFO - [2025-08-14T17:37:43.829+0000] {dagbag.py:540} INFO - Filling up the DagBag from /home/airflow/.local/lib/python3.8/site-packages/airflow/example_dags/tutorial_taskflow_api.py
[2025-08-14T17:37:43.870+0000] {processor.py:840} INFO - DAG(s) 'tutorial_taskflow_api' retrieved from /home/airflow/.local/lib/python3.8/site-packages/airflow/example_dags/tutorial_taskflow_api.py
[2025-08-14T17:37:43.962+0000] {logging_mixin.py:188} INFO - [2025-08-14T17:37:43.961+0000] {dag.py:3047} INFO - Sync 1 DAGs
[2025-08-14T17:37:43.989+0000] {logging_mixin.py:188} INFO - [2025-08-14T17:37:43.989+0000] {dag.py:3834} INFO - Setting next_dagrun for tutorial_taskflow_api to None, run_after=None
[2025-08-14T17:37:44.025+0000] {processor.py:183} INFO - Processing /home/airflow/.local/lib/python3.8/site-packages/airflow/example_dags/tutorial_taskflow_api.py took 0.212 seconds
[2025-08-14T17:38:14.098+0000] {processor.py:161} INFO - Started process (PID=225) to work on /home/airflow/.local/lib/python3.8/site-packages/airflow/example_dags/tutorial_taskflow_api.py
[2025-08-14T17:38:14.102+0000] {processor.py:830} INFO - Processing file /home/airflow/.local/lib/python3.8/site-packages/airflow/example_dags/tutorial_taskflow_api.py for tasks to queue
[2025-08-14T17:38:14.106+0000] {logging_mixin.py:188} INFO - [2025-08-14T17:38:14.105+0000] {dagbag.py:540} INFO - Filling up the DagBag from /home/airflow/.local/lib/python3.8/site-packages/airflow/example_dags/tutorial_taskflow_api.py
[2025-08-14T17:38:14.111+0000] {processor.py:840} INFO - DAG(s) 'tutorial_taskflow_api' retrieved from /home/airflow/.local/lib/python3.8/site-packages/airflow/example_dags/tutorial_taskflow_api.py
[2025-08-14T17:38:14.163+0000] {logging_mixin.py:188} INFO - [2025-08-14T17:38:14.162+0000] {dag.py:3047} INFO - Sync 1 DAGs
[2025-08-14T17:38:14.185+0000] {logging_mixin.py:188} INFO - [2025-08-14T17:38:14.185+0000] {dag.py:3834} INFO - Setting next_dagrun for tutorial_taskflow_api to None, run_after=None
[2025-08-14T17:38:14.204+0000] {processor.py:183} INFO - Processing /home/airflow/.local/lib/python3.8/site-packages/airflow/example_dags/tutorial_taskflow_api.py took 0.111 seconds
[2025-08-14T17:38:44.720+0000] {processor.py:161} INFO - Started process (PID=282) to work on /home/airflow/.local/lib/python3.8/site-packages/airflow/example_dags/tutorial_taskflow_api.py
[2025-08-14T17:38:44.721+0000] {processor.py:830} INFO - Processing file /home/airflow/.local/lib/python3.8/site-packages/airflow/example_dags/tutorial_taskflow_api.py for tasks to queue
[2025-08-14T17:38:44.724+0000] {logging_mixin.py:188} INFO - [2025-08-14T17:38:44.724+0000] {dagbag.py:540} INFO - Filling up the DagBag from /home/airflow/.local/lib/python3.8/site-packages/airflow/example_dags/tutorial_taskflow_api.py
[2025-08-14T17:38:44.734+0000] {processor.py:840} INFO - DAG(s) 'tutorial_taskflow_api' retrieved from /home/airflow/.local/lib/python3.8/site-packages/airflow/example_dags/tutorial_taskflow_api.py
[2025-08-14T17:38:44.766+0000] {logging_mixin.py:188} INFO - [2025-08-14T17:38:44.766+0000] {dag.py:3047} INFO - Sync 1 DAGs
[2025-08-14T17:38:44.810+0000] {logging_mixin.py:188} INFO - [2025-08-14T17:38:44.810+0000] {dag.py:3834} INFO - Setting next_dagrun for tutorial_taskflow_api to None, run_after=None
[2025-08-14T17:38:44.829+0000] {processor.py:183} INFO - Processing /home/airflow/.local/lib/python3.8/site-packages/airflow/example_dags/tutorial_taskflow_api.py took 0.113 seconds
[2025-08-14T17:39:15.035+0000] {processor.py:161} INFO - Started process (PID=338) to work on /home/airflow/.local/lib/python3.8/site-packages/airflow/example_dags/tutorial_taskflow_api.py
[2025-08-14T17:39:15.039+0000] {processor.py:830} INFO - Processing file /home/airflow/.local/lib/python3.8/site-packages/airflow/example_dags/tutorial_taskflow_api.py for tasks to queue
[2025-08-14T17:39:15.042+0000] {logging_mixin.py:188} INFO - [2025-08-14T17:39:15.042+0000] {dagbag.py:540} INFO - Filling up the DagBag from /home/airflow/.local/lib/python3.8/site-packages/airflow/example_dags/tutorial_taskflow_api.py
[2025-08-14T17:39:15.053+0000] {processor.py:840} INFO - DAG(s) 'tutorial_taskflow_api' retrieved from /home/airflow/.local/lib/python3.8/site-packages/airflow/example_dags/tutorial_taskflow_api.py
[2025-08-14T17:39:15.101+0000] {logging_mixin.py:188} INFO - [2025-08-14T17:39:15.101+0000] {dag.py:3047} INFO - Sync 1 DAGs
[2025-08-14T17:39:15.115+0000] {logging_mixin.py:188} INFO - [2025-08-14T17:39:15.115+0000] {dag.py:3834} INFO - Setting next_dagrun for tutorial_taskflow_api to None, run_after=None
[2025-08-14T17:39:15.143+0000] {processor.py:183} INFO - Processing /home/airflow/.local/lib/python3.8/site-packages/airflow/example_dags/tutorial_taskflow_api.py took 0.131 seconds
[2025-08-14T17:39:45.586+0000] {processor.py:161} INFO - Started process (PID=394) to work on /home/airflow/.local/lib/python3.8/site-packages/airflow/example_dags/tutorial_taskflow_api.py
[2025-08-14T17:39:45.587+0000] {processor.py:830} INFO - Processing file /home/airflow/.local/lib/python3.8/site-packages/airflow/example_dags/tutorial_taskflow_api.py for tasks to queue
[2025-08-14T17:39:45.589+0000] {logging_mixin.py:188} INFO - [2025-08-14T17:39:45.589+0000] {dagbag.py:540} INFO - Filling up the DagBag from /home/airflow/.local/lib/python3.8/site-packages/airflow/example_dags/tutorial_taskflow_api.py
[2025-08-14T17:39:45.600+0000] {processor.py:840} INFO - DAG(s) 'tutorial_taskflow_api' retrieved from /home/airflow/.local/lib/python3.8/site-packages/airflow/example_dags/tutorial_taskflow_api.py
[2025-08-14T17:39:45.620+0000] {logging_mixin.py:188} INFO - [2025-08-14T17:39:45.619+0000] {dag.py:3047} INFO - Sync 1 DAGs
[2025-08-14T17:39:45.629+0000] {logging_mixin.py:188} INFO - [2025-08-14T17:39:45.629+0000] {dag.py:3834} INFO - Setting next_dagrun for tutorial_taskflow_api to None, run_after=None
[2025-08-14T17:39:45.647+0000] {processor.py:183} INFO - Processing /home/airflow/.local/lib/python3.8/site-packages/airflow/example_dags/tutorial_taskflow_api.py took 0.066 seconds
[2025-08-14T17:40:16.433+0000] {processor.py:161} INFO - Started process (PID=450) to work on /home/airflow/.local/lib/python3.8/site-packages/airflow/example_dags/tutorial_taskflow_api.py
[2025-08-14T17:40:16.439+0000] {processor.py:830} INFO - Processing file /home/airflow/.local/lib/python3.8/site-packages/airflow/example_dags/tutorial_taskflow_api.py for tasks to queue
[2025-08-14T17:40:16.441+0000] {logging_mixin.py:188} INFO - [2025-08-14T17:40:16.441+0000] {dagbag.py:540} INFO - Filling up the DagBag from /home/airflow/.local/lib/python3.8/site-packages/airflow/example_dags/tutorial_taskflow_api.py
[2025-08-14T17:40:16.448+0000] {processor.py:840} INFO - DAG(s) 'tutorial_taskflow_api' retrieved from /home/airflow/.local/lib/python3.8/site-packages/airflow/example_dags/tutorial_taskflow_api.py
[2025-08-14T17:40:16.470+0000] {logging_mixin.py:188} INFO - [2025-08-14T17:40:16.470+0000] {dag.py:3047} INFO - Sync 1 DAGs
[2025-08-14T17:40:16.482+0000] {logging_mixin.py:188} INFO - [2025-08-14T17:40:16.482+0000] {dag.py:3834} INFO - Setting next_dagrun for tutorial_taskflow_api to None, run_after=None
[2025-08-14T17:40:16.500+0000] {processor.py:183} INFO - Processing /home/airflow/.local/lib/python3.8/site-packages/airflow/example_dags/tutorial_taskflow_api.py took 0.071 seconds
[2025-08-14T17:40:47.047+0000] {processor.py:161} INFO - Started process (PID=506) to work on /home/airflow/.local/lib/python3.8/site-packages/airflow/example_dags/tutorial_taskflow_api.py
[2025-08-14T17:40:47.049+0000] {processor.py:830} INFO - Processing file /home/airflow/.local/lib/python3.8/site-packages/airflow/example_dags/tutorial_taskflow_api.py for tasks to queue
[2025-08-14T17:40:47.050+0000] {logging_mixin.py:188} INFO - [2025-08-14T17:40:47.049+0000] {dagbag.py:540} INFO - Filling up the DagBag from /home/airflow/.local/lib/python3.8/site-packages/airflow/example_dags/tutorial_taskflow_api.py
[2025-08-14T17:40:47.053+0000] {processor.py:840} INFO - DAG(s) 'tutorial_taskflow_api' retrieved from /home/airflow/.local/lib/python3.8/site-packages/airflow/example_dags/tutorial_taskflow_api.py
[2025-08-14T17:40:47.075+0000] {logging_mixin.py:188} INFO - [2025-08-14T17:40:47.075+0000] {dag.py:3047} INFO - Sync 1 DAGs
[2025-08-14T17:40:47.086+0000] {logging_mixin.py:188} INFO - [2025-08-14T17:40:47.086+0000] {dag.py:3834} INFO - Setting next_dagrun for tutorial_taskflow_api to None, run_after=None
[2025-08-14T17:40:47.102+0000] {processor.py:183} INFO - Processing /home/airflow/.local/lib/python3.8/site-packages/airflow/example_dags/tutorial_taskflow_api.py took 0.060 seconds
[2025-08-14T17:41:17.506+0000] {processor.py:161} INFO - Started process (PID=562) to work on /home/airflow/.local/lib/python3.8/site-packages/airflow/example_dags/tutorial_taskflow_api.py
[2025-08-14T17:41:17.507+0000] {processor.py:830} INFO - Processing file /home/airflow/.local/lib/python3.8/site-packages/airflow/example_dags/tutorial_taskflow_api.py for tasks to queue
[2025-08-14T17:41:17.508+0000] {logging_mixin.py:188} INFO - [2025-08-14T17:41:17.508+0000] {dagbag.py:540} INFO - Filling up the DagBag from /home/airflow/.local/lib/python3.8/site-packages/airflow/example_dags/tutorial_taskflow_api.py
[2025-08-14T17:41:17.512+0000] {processor.py:840} INFO - DAG(s) 'tutorial_taskflow_api' retrieved from /home/airflow/.local/lib/python3.8/site-packages/airflow/example_dags/tutorial_taskflow_api.py
[2025-08-14T17:41:17.532+0000] {logging_mixin.py:188} INFO - [2025-08-14T17:41:17.532+0000] {dag.py:3047} INFO - Sync 1 DAGs
[2025-08-14T17:41:17.543+0000] {logging_mixin.py:188} INFO - [2025-08-14T17:41:17.543+0000] {dag.py:3834} INFO - Setting next_dagrun for tutorial_taskflow_api to None, run_after=None
[2025-08-14T17:41:17.559+0000] {processor.py:183} INFO - Processing /home/airflow/.local/lib/python3.8/site-packages/airflow/example_dags/tutorial_taskflow_api.py took 0.054 seconds
[2025-08-14T17:41:47.875+0000] {processor.py:161} INFO - Started process (PID=618) to work on /home/airflow/.local/lib/python3.8/site-packages/airflow/example_dags/tutorial_taskflow_api.py
[2025-08-14T17:41:47.879+0000] {processor.py:830} INFO - Processing file /home/airflow/.local/lib/python3.8/site-packages/airflow/example_dags/tutorial_taskflow_api.py for tasks to queue
[2025-08-14T17:41:47.882+0000] {logging_mixin.py:188} INFO - [2025-08-14T17:41:47.882+0000] {dagbag.py:540} INFO - Filling up the DagBag from /home/airflow/.local/lib/python3.8/site-packages/airflow/example_dags/tutorial_taskflow_api.py
[2025-08-14T17:41:47.887+0000] {processor.py:840} INFO - DAG(s) 'tutorial_taskflow_api' retrieved from /home/airflow/.local/lib/python3.8/site-packages/airflow/example_dags/tutorial_taskflow_api.py
[2025-08-14T17:41:47.907+0000] {logging_mixin.py:188} INFO - [2025-08-14T17:41:47.907+0000] {dag.py:3047} INFO - Sync 1 DAGs
[2025-08-14T17:41:47.918+0000] {logging_mixin.py:188} INFO - [2025-08-14T17:41:47.918+0000] {dag.py:3834} INFO - Setting next_dagrun for tutorial_taskflow_api to None, run_after=None
[2025-08-14T17:41:47.935+0000] {processor.py:183} INFO - Processing /home/airflow/.local/lib/python3.8/site-packages/airflow/example_dags/tutorial_taskflow_api.py took 0.062 seconds
[2025-08-14T17:42:18.435+0000] {processor.py:161} INFO - Started process (PID=674) to work on /home/airflow/.local/lib/python3.8/site-packages/airflow/example_dags/tutorial_taskflow_api.py
[2025-08-14T17:42:18.436+0000] {processor.py:830} INFO - Processing file /home/airflow/.local/lib/python3.8/site-packages/airflow/example_dags/tutorial_taskflow_api.py for tasks to queue
[2025-08-14T17:42:18.438+0000] {logging_mixin.py:188} INFO - [2025-08-14T17:42:18.438+0000] {dagbag.py:540} INFO - Filling up the DagBag from /home/airflow/.local/lib/python3.8/site-packages/airflow/example_dags/tutorial_taskflow_api.py
[2025-08-14T17:42:18.443+0000] {processor.py:840} INFO - DAG(s) 'tutorial_taskflow_api' retrieved from /home/airflow/.local/lib/python3.8/site-packages/airflow/example_dags/tutorial_taskflow_api.py
[2025-08-14T17:42:18.464+0000] {logging_mixin.py:188} INFO - [2025-08-14T17:42:18.464+0000] {dag.py:3047} INFO - Sync 1 DAGs
[2025-08-14T17:42:18.474+0000] {logging_mixin.py:188} INFO - [2025-08-14T17:42:18.474+0000] {dag.py:3834} INFO - Setting next_dagrun for tutorial_taskflow_api to None, run_after=None
[2025-08-14T17:42:18.489+0000] {processor.py:183} INFO - Processing /home/airflow/.local/lib/python3.8/site-packages/airflow/example_dags/tutorial_taskflow_api.py took 0.060 seconds
[2025-08-14T17:42:49.095+0000] {processor.py:161} INFO - Started process (PID=730) to work on /home/airflow/.local/lib/python3.8/site-packages/airflow/example_dags/tutorial_taskflow_api.py
[2025-08-14T17:42:49.097+0000] {processor.py:830} INFO - Processing file /home/airflow/.local/lib/python3.8/site-packages/airflow/example_dags/tutorial_taskflow_api.py for tasks to queue
[2025-08-14T17:42:49.103+0000] {logging_mixin.py:188} INFO - [2025-08-14T17:42:49.102+0000] {dagbag.py:540} INFO - Filling up the DagBag from /home/airflow/.local/lib/python3.8/site-packages/airflow/example_dags/tutorial_taskflow_api.py
[2025-08-14T17:42:49.124+0000] {processor.py:840} INFO - DAG(s) 'tutorial_taskflow_api' retrieved from /home/airflow/.local/lib/python3.8/site-packages/airflow/example_dags/tutorial_taskflow_api.py
[2025-08-14T17:42:49.178+0000] {logging_mixin.py:188} INFO - [2025-08-14T17:42:49.177+0000] {dag.py:3047} INFO - Sync 1 DAGs
[2025-08-14T17:42:49.200+0000] {logging_mixin.py:188} INFO - [2025-08-14T17:42:49.199+0000] {dag.py:3834} INFO - Setting next_dagrun for tutorial_taskflow_api to None, run_after=None
[2025-08-14T17:42:49.224+0000] {processor.py:183} INFO - Processing /home/airflow/.local/lib/python3.8/site-packages/airflow/example_dags/tutorial_taskflow_api.py took 0.135 seconds
[2025-08-14T17:43:19.636+0000] {processor.py:161} INFO - Started process (PID=786) to work on /home/airflow/.local/lib/python3.8/site-packages/airflow/example_dags/tutorial_taskflow_api.py
[2025-08-14T17:43:19.637+0000] {processor.py:830} INFO - Processing file /home/airflow/.local/lib/python3.8/site-packages/airflow/example_dags/tutorial_taskflow_api.py for tasks to queue
[2025-08-14T17:43:19.639+0000] {logging_mixin.py:188} INFO - [2025-08-14T17:43:19.639+0000] {dagbag.py:540} INFO - Filling up the DagBag from /home/airflow/.local/lib/python3.8/site-packages/airflow/example_dags/tutorial_taskflow_api.py
[2025-08-14T17:43:19.647+0000] {processor.py:840} INFO - DAG(s) 'tutorial_taskflow_api' retrieved from /home/airflow/.local/lib/python3.8/site-packages/airflow/example_dags/tutorial_taskflow_api.py
[2025-08-14T17:43:19.670+0000] {logging_mixin.py:188} INFO - [2025-08-14T17:43:19.670+0000] {dag.py:3047} INFO - Sync 1 DAGs
[2025-08-14T17:43:19.686+0000] {logging_mixin.py:188} INFO - [2025-08-14T17:43:19.686+0000] {dag.py:3834} INFO - Setting next_dagrun for tutorial_taskflow_api to None, run_after=None
[2025-08-14T17:43:19.711+0000] {processor.py:183} INFO - Processing /home/airflow/.local/lib/python3.8/site-packages/airflow/example_dags/tutorial_taskflow_api.py took 0.079 seconds
[2025-08-14T17:43:50.349+0000] {processor.py:161} INFO - Started process (PID=842) to work on /home/airflow/.local/lib/python3.8/site-packages/airflow/example_dags/tutorial_taskflow_api.py
[2025-08-14T17:43:50.350+0000] {processor.py:830} INFO - Processing file /home/airflow/.local/lib/python3.8/site-packages/airflow/example_dags/tutorial_taskflow_api.py for tasks to queue
[2025-08-14T17:43:50.353+0000] {logging_mixin.py:188} INFO - [2025-08-14T17:43:50.353+0000] {dagbag.py:540} INFO - Filling up the DagBag from /home/airflow/.local/lib/python3.8/site-packages/airflow/example_dags/tutorial_taskflow_api.py
[2025-08-14T17:43:50.364+0000] {processor.py:840} INFO - DAG(s) 'tutorial_taskflow_api' retrieved from /home/airflow/.local/lib/python3.8/site-packages/airflow/example_dags/tutorial_taskflow_api.py
[2025-08-14T17:43:50.406+0000] {logging_mixin.py:188} INFO - [2025-08-14T17:43:50.405+0000] {dag.py:3047} INFO - Sync 1 DAGs
[2025-08-14T17:43:50.419+0000] {logging_mixin.py:188} INFO - [2025-08-14T17:43:50.419+0000] {dag.py:3834} INFO - Setting next_dagrun for tutorial_taskflow_api to None, run_after=None
[2025-08-14T17:43:50.439+0000] {processor.py:183} INFO - Processing /home/airflow/.local/lib/python3.8/site-packages/airflow/example_dags/tutorial_taskflow_api.py took 0.094 seconds
[2025-08-14T17:44:20.895+0000] {processor.py:161} INFO - Started process (PID=898) to work on /home/airflow/.local/lib/python3.8/site-packages/airflow/example_dags/tutorial_taskflow_api.py
[2025-08-14T17:44:20.898+0000] {processor.py:830} INFO - Processing file /home/airflow/.local/lib/python3.8/site-packages/airflow/example_dags/tutorial_taskflow_api.py for tasks to queue
[2025-08-14T17:44:20.899+0000] {logging_mixin.py:188} INFO - [2025-08-14T17:44:20.899+0000] {dagbag.py:540} INFO - Filling up the DagBag from /home/airflow/.local/lib/python3.8/site-packages/airflow/example_dags/tutorial_taskflow_api.py
[2025-08-14T17:44:20.910+0000] {processor.py:840} INFO - DAG(s) 'tutorial_taskflow_api' retrieved from /home/airflow/.local/lib/python3.8/site-packages/airflow/example_dags/tutorial_taskflow_api.py
[2025-08-14T17:44:20.939+0000] {logging_mixin.py:188} INFO - [2025-08-14T17:44:20.938+0000] {dag.py:3047} INFO - Sync 1 DAGs
[2025-08-14T17:44:20.961+0000] {logging_mixin.py:188} INFO - [2025-08-14T17:44:20.961+0000] {dag.py:3834} INFO - Setting next_dagrun for tutorial_taskflow_api to None, run_after=None
[2025-08-14T17:44:20.990+0000] {processor.py:183} INFO - Processing /home/airflow/.local/lib/python3.8/site-packages/airflow/example_dags/tutorial_taskflow_api.py took 0.098 seconds
[2025-08-14T17:44:51.421+0000] {processor.py:161} INFO - Started process (PID=954) to work on /home/airflow/.local/lib/python3.8/site-packages/airflow/example_dags/tutorial_taskflow_api.py
[2025-08-14T17:44:51.422+0000] {processor.py:830} INFO - Processing file /home/airflow/.local/lib/python3.8/site-packages/airflow/example_dags/tutorial_taskflow_api.py for tasks to queue
[2025-08-14T17:44:51.424+0000] {logging_mixin.py:188} INFO - [2025-08-14T17:44:51.424+0000] {dagbag.py:540} INFO - Filling up the DagBag from /home/airflow/.local/lib/python3.8/site-packages/airflow/example_dags/tutorial_taskflow_api.py
[2025-08-14T17:44:51.429+0000] {processor.py:840} INFO - DAG(s) 'tutorial_taskflow_api' retrieved from /home/airflow/.local/lib/python3.8/site-packages/airflow/example_dags/tutorial_taskflow_api.py
[2025-08-14T17:44:51.466+0000] {logging_mixin.py:188} INFO - [2025-08-14T17:44:51.465+0000] {dag.py:3047} INFO - Sync 1 DAGs
[2025-08-14T17:44:51.479+0000] {logging_mixin.py:188} INFO - [2025-08-14T17:44:51.479+0000] {dag.py:3834} INFO - Setting next_dagrun for tutorial_taskflow_api to None, run_after=None
[2025-08-14T17:44:51.500+0000] {processor.py:183} INFO - Processing /home/airflow/.local/lib/python3.8/site-packages/airflow/example_dags/tutorial_taskflow_api.py took 0.083 seconds
[2025-08-14T17:45:22.054+0000] {processor.py:161} INFO - Started process (PID=1010) to work on /home/airflow/.local/lib/python3.8/site-packages/airflow/example_dags/tutorial_taskflow_api.py
[2025-08-14T17:45:22.056+0000] {processor.py:830} INFO - Processing file /home/airflow/.local/lib/python3.8/site-packages/airflow/example_dags/tutorial_taskflow_api.py for tasks to queue
[2025-08-14T17:45:22.058+0000] {logging_mixin.py:188} INFO - [2025-08-14T17:45:22.058+0000] {dagbag.py:540} INFO - Filling up the DagBag from /home/airflow/.local/lib/python3.8/site-packages/airflow/example_dags/tutorial_taskflow_api.py
[2025-08-14T17:45:22.068+0000] {processor.py:840} INFO - DAG(s) 'tutorial_taskflow_api' retrieved from /home/airflow/.local/lib/python3.8/site-packages/airflow/example_dags/tutorial_taskflow_api.py
[2025-08-14T17:45:22.116+0000] {logging_mixin.py:188} INFO - [2025-08-14T17:45:22.116+0000] {dag.py:3047} INFO - Sync 1 DAGs
[2025-08-14T17:45:22.135+0000] {logging_mixin.py:188} INFO - [2025-08-14T17:45:22.135+0000] {dag.py:3834} INFO - Setting next_dagrun for tutorial_taskflow_api to None, run_after=None
[2025-08-14T17:45:22.158+0000] {processor.py:183} INFO - Processing /home/airflow/.local/lib/python3.8/site-packages/airflow/example_dags/tutorial_taskflow_api.py took 0.108 seconds
[2025-08-14T17:45:52.488+0000] {processor.py:161} INFO - Started process (PID=1066) to work on /home/airflow/.local/lib/python3.8/site-packages/airflow/example_dags/tutorial_taskflow_api.py
[2025-08-14T17:45:52.490+0000] {processor.py:830} INFO - Processing file /home/airflow/.local/lib/python3.8/site-packages/airflow/example_dags/tutorial_taskflow_api.py for tasks to queue
[2025-08-14T17:45:52.492+0000] {logging_mixin.py:188} INFO - [2025-08-14T17:45:52.492+0000] {dagbag.py:540} INFO - Filling up the DagBag from /home/airflow/.local/lib/python3.8/site-packages/airflow/example_dags/tutorial_taskflow_api.py
[2025-08-14T17:45:52.511+0000] {processor.py:840} INFO - DAG(s) 'tutorial_taskflow_api' retrieved from /home/airflow/.local/lib/python3.8/site-packages/airflow/example_dags/tutorial_taskflow_api.py
[2025-08-14T17:45:52.559+0000] {logging_mixin.py:188} INFO - [2025-08-14T17:45:52.559+0000] {dag.py:3047} INFO - Sync 1 DAGs
[2025-08-14T17:45:52.571+0000] {logging_mixin.py:188} INFO - [2025-08-14T17:45:52.571+0000] {dag.py:3834} INFO - Setting next_dagrun for tutorial_taskflow_api to None, run_after=None
[2025-08-14T17:45:52.588+0000] {processor.py:183} INFO - Processing /home/airflow/.local/lib/python3.8/site-packages/airflow/example_dags/tutorial_taskflow_api.py took 0.104 seconds
[2025-08-14T17:46:23.099+0000] {processor.py:161} INFO - Started process (PID=1122) to work on /home/airflow/.local/lib/python3.8/site-packages/airflow/example_dags/tutorial_taskflow_api.py
[2025-08-14T17:46:23.100+0000] {processor.py:830} INFO - Processing file /home/airflow/.local/lib/python3.8/site-packages/airflow/example_dags/tutorial_taskflow_api.py for tasks to queue
[2025-08-14T17:46:23.104+0000] {logging_mixin.py:188} INFO - [2025-08-14T17:46:23.103+0000] {dagbag.py:540} INFO - Filling up the DagBag from /home/airflow/.local/lib/python3.8/site-packages/airflow/example_dags/tutorial_taskflow_api.py
[2025-08-14T17:46:23.112+0000] {processor.py:840} INFO - DAG(s) 'tutorial_taskflow_api' retrieved from /home/airflow/.local/lib/python3.8/site-packages/airflow/example_dags/tutorial_taskflow_api.py
[2025-08-14T17:46:23.146+0000] {logging_mixin.py:188} INFO - [2025-08-14T17:46:23.146+0000] {dag.py:3047} INFO - Sync 1 DAGs
[2025-08-14T17:46:23.154+0000] {logging_mixin.py:188} INFO - [2025-08-14T17:46:23.154+0000] {dag.py:3834} INFO - Setting next_dagrun for tutorial_taskflow_api to None, run_after=None
[2025-08-14T17:46:23.171+0000] {processor.py:183} INFO - Processing /home/airflow/.local/lib/python3.8/site-packages/airflow/example_dags/tutorial_taskflow_api.py took 0.076 seconds
[2025-08-14T17:46:53.709+0000] {processor.py:161} INFO - Started process (PID=1178) to work on /home/airflow/.local/lib/python3.8/site-packages/airflow/example_dags/tutorial_taskflow_api.py
[2025-08-14T17:46:53.710+0000] {processor.py:830} INFO - Processing file /home/airflow/.local/lib/python3.8/site-packages/airflow/example_dags/tutorial_taskflow_api.py for tasks to queue
[2025-08-14T17:46:53.712+0000] {logging_mixin.py:188} INFO - [2025-08-14T17:46:53.712+0000] {dagbag.py:540} INFO - Filling up the DagBag from /home/airflow/.local/lib/python3.8/site-packages/airflow/example_dags/tutorial_taskflow_api.py
[2025-08-14T17:46:53.735+0000] {processor.py:840} INFO - DAG(s) 'tutorial_taskflow_api' retrieved from /home/airflow/.local/lib/python3.8/site-packages/airflow/example_dags/tutorial_taskflow_api.py
[2025-08-14T17:46:53.765+0000] {logging_mixin.py:188} INFO - [2025-08-14T17:46:53.765+0000] {dag.py:3047} INFO - Sync 1 DAGs
[2025-08-14T17:46:53.773+0000] {logging_mixin.py:188} INFO - [2025-08-14T17:46:53.773+0000] {dag.py:3834} INFO - Setting next_dagrun for tutorial_taskflow_api to None, run_after=None
[2025-08-14T17:46:53.789+0000] {processor.py:183} INFO - Processing /home/airflow/.local/lib/python3.8/site-packages/airflow/example_dags/tutorial_taskflow_api.py took 0.084 seconds
[2025-08-14T17:47:23.887+0000] {processor.py:161} INFO - Started process (PID=1234) to work on /home/airflow/.local/lib/python3.8/site-packages/airflow/example_dags/tutorial_taskflow_api.py
[2025-08-14T17:47:23.888+0000] {processor.py:830} INFO - Processing file /home/airflow/.local/lib/python3.8/site-packages/airflow/example_dags/tutorial_taskflow_api.py for tasks to queue
[2025-08-14T17:47:23.889+0000] {logging_mixin.py:188} INFO - [2025-08-14T17:47:23.889+0000] {dagbag.py:540} INFO - Filling up the DagBag from /home/airflow/.local/lib/python3.8/site-packages/airflow/example_dags/tutorial_taskflow_api.py
[2025-08-14T17:47:23.898+0000] {processor.py:840} INFO - DAG(s) 'tutorial_taskflow_api' retrieved from /home/airflow/.local/lib/python3.8/site-packages/airflow/example_dags/tutorial_taskflow_api.py
[2025-08-14T17:47:23.926+0000] {logging_mixin.py:188} INFO - [2025-08-14T17:47:23.926+0000] {dag.py:3047} INFO - Sync 1 DAGs
[2025-08-14T17:47:23.937+0000] {logging_mixin.py:188} INFO - [2025-08-14T17:47:23.936+0000] {dag.py:3834} INFO - Setting next_dagrun for tutorial_taskflow_api to None, run_after=None
[2025-08-14T17:47:23.971+0000] {processor.py:183} INFO - Processing /home/airflow/.local/lib/python3.8/site-packages/airflow/example_dags/tutorial_taskflow_api.py took 0.087 seconds
[2025-08-14T17:47:54.219+0000] {processor.py:161} INFO - Started process (PID=1290) to work on /home/airflow/.local/lib/python3.8/site-packages/airflow/example_dags/tutorial_taskflow_api.py
[2025-08-14T17:47:54.224+0000] {processor.py:830} INFO - Processing file /home/airflow/.local/lib/python3.8/site-packages/airflow/example_dags/tutorial_taskflow_api.py for tasks to queue
[2025-08-14T17:47:54.226+0000] {logging_mixin.py:188} INFO - [2025-08-14T17:47:54.226+0000] {dagbag.py:540} INFO - Filling up the DagBag from /home/airflow/.local/lib/python3.8/site-packages/airflow/example_dags/tutorial_taskflow_api.py
[2025-08-14T17:47:54.241+0000] {processor.py:840} INFO - DAG(s) 'tutorial_taskflow_api' retrieved from /home/airflow/.local/lib/python3.8/site-packages/airflow/example_dags/tutorial_taskflow_api.py
[2025-08-14T17:47:54.274+0000] {logging_mixin.py:188} INFO - [2025-08-14T17:47:54.273+0000] {dag.py:3047} INFO - Sync 1 DAGs
[2025-08-14T17:47:54.299+0000] {logging_mixin.py:188} INFO - [2025-08-14T17:47:54.298+0000] {dag.py:3834} INFO - Setting next_dagrun for tutorial_taskflow_api to None, run_after=None
[2025-08-14T17:47:54.315+0000] {processor.py:183} INFO - Processing /home/airflow/.local/lib/python3.8/site-packages/airflow/example_dags/tutorial_taskflow_api.py took 0.100 seconds
[2025-08-14T17:48:24.514+0000] {processor.py:161} INFO - Started process (PID=1346) to work on /home/airflow/.local/lib/python3.8/site-packages/airflow/example_dags/tutorial_taskflow_api.py
[2025-08-14T17:48:24.516+0000] {processor.py:830} INFO - Processing file /home/airflow/.local/lib/python3.8/site-packages/airflow/example_dags/tutorial_taskflow_api.py for tasks to queue
[2025-08-14T17:48:24.518+0000] {logging_mixin.py:188} INFO - [2025-08-14T17:48:24.518+0000] {dagbag.py:540} INFO - Filling up the DagBag from /home/airflow/.local/lib/python3.8/site-packages/airflow/example_dags/tutorial_taskflow_api.py
[2025-08-14T17:48:24.528+0000] {processor.py:840} INFO - DAG(s) 'tutorial_taskflow_api' retrieved from /home/airflow/.local/lib/python3.8/site-packages/airflow/example_dags/tutorial_taskflow_api.py
[2025-08-14T17:48:24.549+0000] {logging_mixin.py:188} INFO - [2025-08-14T17:48:24.549+0000] {dag.py:3047} INFO - Sync 1 DAGs
[2025-08-14T17:48:24.559+0000] {logging_mixin.py:188} INFO - [2025-08-14T17:48:24.559+0000] {dag.py:3834} INFO - Setting next_dagrun for tutorial_taskflow_api to None, run_after=None
[2025-08-14T17:48:24.575+0000] {processor.py:183} INFO - Processing /home/airflow/.local/lib/python3.8/site-packages/airflow/example_dags/tutorial_taskflow_api.py took 0.067 seconds
[2025-08-14T17:48:54.947+0000] {processor.py:161} INFO - Started process (PID=1402) to work on /home/airflow/.local/lib/python3.8/site-packages/airflow/example_dags/tutorial_taskflow_api.py
[2025-08-14T17:48:54.954+0000] {processor.py:830} INFO - Processing file /home/airflow/.local/lib/python3.8/site-packages/airflow/example_dags/tutorial_taskflow_api.py for tasks to queue
[2025-08-14T17:48:55.017+0000] {logging_mixin.py:188} INFO - [2025-08-14T17:48:55.008+0000] {dagbag.py:540} INFO - Filling up the DagBag from /home/airflow/.local/lib/python3.8/site-packages/airflow/example_dags/tutorial_taskflow_api.py
[2025-08-14T17:48:55.141+0000] {processor.py:840} INFO - DAG(s) 'tutorial_taskflow_api' retrieved from /home/airflow/.local/lib/python3.8/site-packages/airflow/example_dags/tutorial_taskflow_api.py
[2025-08-14T17:48:55.377+0000] {logging_mixin.py:188} INFO - [2025-08-14T17:48:55.375+0000] {dag.py:3047} INFO - Sync 1 DAGs
[2025-08-14T17:48:55.407+0000] {logging_mixin.py:188} INFO - [2025-08-14T17:48:55.407+0000] {dag.py:3834} INFO - Setting next_dagrun for tutorial_taskflow_api to None, run_after=None
[2025-08-14T17:48:55.426+0000] {processor.py:183} INFO - Processing /home/airflow/.local/lib/python3.8/site-packages/airflow/example_dags/tutorial_taskflow_api.py took 0.486 seconds
[2025-08-14T17:49:26.039+0000] {processor.py:161} INFO - Started process (PID=1458) to work on /home/airflow/.local/lib/python3.8/site-packages/airflow/example_dags/tutorial_taskflow_api.py
[2025-08-14T17:49:26.041+0000] {processor.py:830} INFO - Processing file /home/airflow/.local/lib/python3.8/site-packages/airflow/example_dags/tutorial_taskflow_api.py for tasks to queue
[2025-08-14T17:49:26.047+0000] {logging_mixin.py:188} INFO - [2025-08-14T17:49:26.046+0000] {dagbag.py:540} INFO - Filling up the DagBag from /home/airflow/.local/lib/python3.8/site-packages/airflow/example_dags/tutorial_taskflow_api.py
[2025-08-14T17:49:26.079+0000] {processor.py:840} INFO - DAG(s) 'tutorial_taskflow_api' retrieved from /home/airflow/.local/lib/python3.8/site-packages/airflow/example_dags/tutorial_taskflow_api.py
[2025-08-14T17:49:26.120+0000] {logging_mixin.py:188} INFO - [2025-08-14T17:49:26.120+0000] {dag.py:3047} INFO - Sync 1 DAGs
[2025-08-14T17:49:26.144+0000] {logging_mixin.py:188} INFO - [2025-08-14T17:49:26.144+0000] {dag.py:3834} INFO - Setting next_dagrun for tutorial_taskflow_api to None, run_after=None
[2025-08-14T17:49:26.193+0000] {processor.py:183} INFO - Processing /home/airflow/.local/lib/python3.8/site-packages/airflow/example_dags/tutorial_taskflow_api.py took 0.159 seconds
[2025-08-14T17:49:57.245+0000] {processor.py:161} INFO - Started process (PID=1514) to work on /home/airflow/.local/lib/python3.8/site-packages/airflow/example_dags/tutorial_taskflow_api.py
[2025-08-14T17:49:57.251+0000] {processor.py:830} INFO - Processing file /home/airflow/.local/lib/python3.8/site-packages/airflow/example_dags/tutorial_taskflow_api.py for tasks to queue
[2025-08-14T17:49:57.257+0000] {logging_mixin.py:188} INFO - [2025-08-14T17:49:57.257+0000] {dagbag.py:540} INFO - Filling up the DagBag from /home/airflow/.local/lib/python3.8/site-packages/airflow/example_dags/tutorial_taskflow_api.py
[2025-08-14T17:49:57.283+0000] {processor.py:840} INFO - DAG(s) 'tutorial_taskflow_api' retrieved from /home/airflow/.local/lib/python3.8/site-packages/airflow/example_dags/tutorial_taskflow_api.py
[2025-08-14T17:49:57.320+0000] {logging_mixin.py:188} INFO - [2025-08-14T17:49:57.319+0000] {dag.py:3047} INFO - Sync 1 DAGs
[2025-08-14T17:49:57.336+0000] {logging_mixin.py:188} INFO - [2025-08-14T17:49:57.335+0000] {dag.py:3834} INFO - Setting next_dagrun for tutorial_taskflow_api to None, run_after=None
[2025-08-14T17:49:57.391+0000] {processor.py:183} INFO - Processing /home/airflow/.local/lib/python3.8/site-packages/airflow/example_dags/tutorial_taskflow_api.py took 0.157 seconds
[2025-08-14T17:50:27.462+0000] {processor.py:161} INFO - Started process (PID=1570) to work on /home/airflow/.local/lib/python3.8/site-packages/airflow/example_dags/tutorial_taskflow_api.py
[2025-08-14T17:50:27.465+0000] {processor.py:830} INFO - Processing file /home/airflow/.local/lib/python3.8/site-packages/airflow/example_dags/tutorial_taskflow_api.py for tasks to queue
[2025-08-14T17:50:27.468+0000] {logging_mixin.py:188} INFO - [2025-08-14T17:50:27.468+0000] {dagbag.py:540} INFO - Filling up the DagBag from /home/airflow/.local/lib/python3.8/site-packages/airflow/example_dags/tutorial_taskflow_api.py
[2025-08-14T17:50:27.480+0000] {processor.py:840} INFO - DAG(s) 'tutorial_taskflow_api' retrieved from /home/airflow/.local/lib/python3.8/site-packages/airflow/example_dags/tutorial_taskflow_api.py
[2025-08-14T17:50:27.504+0000] {logging_mixin.py:188} INFO - [2025-08-14T17:50:27.504+0000] {dag.py:3047} INFO - Sync 1 DAGs
[2025-08-14T17:50:27.512+0000] {logging_mixin.py:188} INFO - [2025-08-14T17:50:27.512+0000] {dag.py:3834} INFO - Setting next_dagrun for tutorial_taskflow_api to None, run_after=None
[2025-08-14T17:50:27.528+0000] {processor.py:183} INFO - Processing /home/airflow/.local/lib/python3.8/site-packages/airflow/example_dags/tutorial_taskflow_api.py took 0.071 seconds
[2025-08-14T17:50:57.968+0000] {processor.py:161} INFO - Started process (PID=1626) to work on /home/airflow/.local/lib/python3.8/site-packages/airflow/example_dags/tutorial_taskflow_api.py
[2025-08-14T17:50:57.971+0000] {processor.py:830} INFO - Processing file /home/airflow/.local/lib/python3.8/site-packages/airflow/example_dags/tutorial_taskflow_api.py for tasks to queue
[2025-08-14T17:50:57.974+0000] {logging_mixin.py:188} INFO - [2025-08-14T17:50:57.974+0000] {dagbag.py:540} INFO - Filling up the DagBag from /home/airflow/.local/lib/python3.8/site-packages/airflow/example_dags/tutorial_taskflow_api.py
[2025-08-14T17:50:58.007+0000] {processor.py:840} INFO - DAG(s) 'tutorial_taskflow_api' retrieved from /home/airflow/.local/lib/python3.8/site-packages/airflow/example_dags/tutorial_taskflow_api.py
[2025-08-14T17:50:58.037+0000] {logging_mixin.py:188} INFO - [2025-08-14T17:50:58.036+0000] {dag.py:3047} INFO - Sync 1 DAGs
[2025-08-14T17:50:58.048+0000] {logging_mixin.py:188} INFO - [2025-08-14T17:50:58.048+0000] {dag.py:3834} INFO - Setting next_dagrun for tutorial_taskflow_api to None, run_after=None
[2025-08-14T17:50:58.063+0000] {processor.py:183} INFO - Processing /home/airflow/.local/lib/python3.8/site-packages/airflow/example_dags/tutorial_taskflow_api.py took 0.103 seconds
[2025-08-14T17:51:28.365+0000] {processor.py:161} INFO - Started process (PID=1682) to work on /home/airflow/.local/lib/python3.8/site-packages/airflow/example_dags/tutorial_taskflow_api.py
[2025-08-14T17:51:28.375+0000] {processor.py:830} INFO - Processing file /home/airflow/.local/lib/python3.8/site-packages/airflow/example_dags/tutorial_taskflow_api.py for tasks to queue
[2025-08-14T17:51:28.380+0000] {logging_mixin.py:188} INFO - [2025-08-14T17:51:28.379+0000] {dagbag.py:540} INFO - Filling up the DagBag from /home/airflow/.local/lib/python3.8/site-packages/airflow/example_dags/tutorial_taskflow_api.py
[2025-08-14T17:51:28.392+0000] {processor.py:840} INFO - DAG(s) 'tutorial_taskflow_api' retrieved from /home/airflow/.local/lib/python3.8/site-packages/airflow/example_dags/tutorial_taskflow_api.py
[2025-08-14T17:51:28.425+0000] {logging_mixin.py:188} INFO - [2025-08-14T17:51:28.425+0000] {dag.py:3047} INFO - Sync 1 DAGs
[2025-08-14T17:51:28.438+0000] {logging_mixin.py:188} INFO - [2025-08-14T17:51:28.437+0000] {dag.py:3834} INFO - Setting next_dagrun for tutorial_taskflow_api to None, run_after=None
[2025-08-14T17:51:28.459+0000] {processor.py:183} INFO - Processing /home/airflow/.local/lib/python3.8/site-packages/airflow/example_dags/tutorial_taskflow_api.py took 0.109 seconds
[2025-08-14T17:51:59.079+0000] {processor.py:161} INFO - Started process (PID=1738) to work on /home/airflow/.local/lib/python3.8/site-packages/airflow/example_dags/tutorial_taskflow_api.py
[2025-08-14T17:51:59.081+0000] {processor.py:830} INFO - Processing file /home/airflow/.local/lib/python3.8/site-packages/airflow/example_dags/tutorial_taskflow_api.py for tasks to queue
[2025-08-14T17:51:59.086+0000] {logging_mixin.py:188} INFO - [2025-08-14T17:51:59.085+0000] {dagbag.py:540} INFO - Filling up the DagBag from /home/airflow/.local/lib/python3.8/site-packages/airflow/example_dags/tutorial_taskflow_api.py
[2025-08-14T17:51:59.097+0000] {processor.py:840} INFO - DAG(s) 'tutorial_taskflow_api' retrieved from /home/airflow/.local/lib/python3.8/site-packages/airflow/example_dags/tutorial_taskflow_api.py
[2025-08-14T17:51:59.128+0000] {logging_mixin.py:188} INFO - [2025-08-14T17:51:59.127+0000] {dag.py:3047} INFO - Sync 1 DAGs
[2025-08-14T17:51:59.137+0000] {logging_mixin.py:188} INFO - [2025-08-14T17:51:59.137+0000] {dag.py:3834} INFO - Setting next_dagrun for tutorial_taskflow_api to None, run_after=None
[2025-08-14T17:51:59.152+0000] {processor.py:183} INFO - Processing /home/airflow/.local/lib/python3.8/site-packages/airflow/example_dags/tutorial_taskflow_api.py took 0.103 seconds
[2025-08-14T17:52:29.552+0000] {processor.py:161} INFO - Started process (PID=1794) to work on /home/airflow/.local/lib/python3.8/site-packages/airflow/example_dags/tutorial_taskflow_api.py
[2025-08-14T17:52:29.554+0000] {processor.py:830} INFO - Processing file /home/airflow/.local/lib/python3.8/site-packages/airflow/example_dags/tutorial_taskflow_api.py for tasks to queue
[2025-08-14T17:52:29.557+0000] {logging_mixin.py:188} INFO - [2025-08-14T17:52:29.557+0000] {dagbag.py:540} INFO - Filling up the DagBag from /home/airflow/.local/lib/python3.8/site-packages/airflow/example_dags/tutorial_taskflow_api.py
[2025-08-14T17:52:29.568+0000] {processor.py:840} INFO - DAG(s) 'tutorial_taskflow_api' retrieved from /home/airflow/.local/lib/python3.8/site-packages/airflow/example_dags/tutorial_taskflow_api.py
[2025-08-14T17:52:29.590+0000] {logging_mixin.py:188} INFO - [2025-08-14T17:52:29.589+0000] {dag.py:3047} INFO - Sync 1 DAGs
[2025-08-14T17:52:29.600+0000] {logging_mixin.py:188} INFO - [2025-08-14T17:52:29.599+0000] {dag.py:3834} INFO - Setting next_dagrun for tutorial_taskflow_api to None, run_after=None
[2025-08-14T17:52:29.623+0000] {processor.py:183} INFO - Processing /home/airflow/.local/lib/python3.8/site-packages/airflow/example_dags/tutorial_taskflow_api.py took 0.079 seconds
[2025-08-14T17:52:59.725+0000] {processor.py:161} INFO - Started process (PID=1850) to work on /home/airflow/.local/lib/python3.8/site-packages/airflow/example_dags/tutorial_taskflow_api.py
[2025-08-14T17:52:59.726+0000] {processor.py:830} INFO - Processing file /home/airflow/.local/lib/python3.8/site-packages/airflow/example_dags/tutorial_taskflow_api.py for tasks to queue
[2025-08-14T17:52:59.728+0000] {logging_mixin.py:188} INFO - [2025-08-14T17:52:59.727+0000] {dagbag.py:540} INFO - Filling up the DagBag from /home/airflow/.local/lib/python3.8/site-packages/airflow/example_dags/tutorial_taskflow_api.py
[2025-08-14T17:52:59.734+0000] {processor.py:840} INFO - DAG(s) 'tutorial_taskflow_api' retrieved from /home/airflow/.local/lib/python3.8/site-packages/airflow/example_dags/tutorial_taskflow_api.py
[2025-08-14T17:52:59.756+0000] {logging_mixin.py:188} INFO - [2025-08-14T17:52:59.756+0000] {dag.py:3047} INFO - Sync 1 DAGs
[2025-08-14T17:52:59.770+0000] {logging_mixin.py:188} INFO - [2025-08-14T17:52:59.770+0000] {dag.py:3834} INFO - Setting next_dagrun for tutorial_taskflow_api to None, run_after=None
[2025-08-14T17:52:59.786+0000] {processor.py:183} INFO - Processing /home/airflow/.local/lib/python3.8/site-packages/airflow/example_dags/tutorial_taskflow_api.py took 0.064 seconds
[2025-08-14T17:53:30.224+0000] {processor.py:161} INFO - Started process (PID=1906) to work on /home/airflow/.local/lib/python3.8/site-packages/airflow/example_dags/tutorial_taskflow_api.py
[2025-08-14T17:53:30.226+0000] {processor.py:830} INFO - Processing file /home/airflow/.local/lib/python3.8/site-packages/airflow/example_dags/tutorial_taskflow_api.py for tasks to queue
[2025-08-14T17:53:30.240+0000] {logging_mixin.py:188} INFO - [2025-08-14T17:53:30.238+0000] {dagbag.py:540} INFO - Filling up the DagBag from /home/airflow/.local/lib/python3.8/site-packages/airflow/example_dags/tutorial_taskflow_api.py
[2025-08-14T17:53:30.268+0000] {processor.py:840} INFO - DAG(s) 'tutorial_taskflow_api' retrieved from /home/airflow/.local/lib/python3.8/site-packages/airflow/example_dags/tutorial_taskflow_api.py
[2025-08-14T17:53:30.300+0000] {logging_mixin.py:188} INFO - [2025-08-14T17:53:30.300+0000] {dag.py:3047} INFO - Sync 1 DAGs
[2025-08-14T17:53:30.312+0000] {logging_mixin.py:188} INFO - [2025-08-14T17:53:30.312+0000] {dag.py:3834} INFO - Setting next_dagrun for tutorial_taskflow_api to None, run_after=None
[2025-08-14T17:53:30.328+0000] {processor.py:183} INFO - Processing /home/airflow/.local/lib/python3.8/site-packages/airflow/example_dags/tutorial_taskflow_api.py took 0.114 seconds
[2025-08-14T17:54:00.513+0000] {processor.py:161} INFO - Started process (PID=1961) to work on /home/airflow/.local/lib/python3.8/site-packages/airflow/example_dags/tutorial_taskflow_api.py
[2025-08-14T17:54:00.515+0000] {processor.py:830} INFO - Processing file /home/airflow/.local/lib/python3.8/site-packages/airflow/example_dags/tutorial_taskflow_api.py for tasks to queue
[2025-08-14T17:54:00.521+0000] {logging_mixin.py:188} INFO - [2025-08-14T17:54:00.521+0000] {dagbag.py:540} INFO - Filling up the DagBag from /home/airflow/.local/lib/python3.8/site-packages/airflow/example_dags/tutorial_taskflow_api.py
[2025-08-14T17:54:00.536+0000] {processor.py:840} INFO - DAG(s) 'tutorial_taskflow_api' retrieved from /home/airflow/.local/lib/python3.8/site-packages/airflow/example_dags/tutorial_taskflow_api.py
[2025-08-14T17:54:00.578+0000] {logging_mixin.py:188} INFO - [2025-08-14T17:54:00.578+0000] {dag.py:3047} INFO - Sync 1 DAGs
[2025-08-14T17:54:00.604+0000] {logging_mixin.py:188} INFO - [2025-08-14T17:54:00.603+0000] {dag.py:3834} INFO - Setting next_dagrun for tutorial_taskflow_api to None, run_after=None
[2025-08-14T17:54:00.630+0000] {processor.py:183} INFO - Processing /home/airflow/.local/lib/python3.8/site-packages/airflow/example_dags/tutorial_taskflow_api.py took 0.123 seconds
[2025-08-14T17:54:30.896+0000] {processor.py:161} INFO - Started process (PID=2017) to work on /home/airflow/.local/lib/python3.8/site-packages/airflow/example_dags/tutorial_taskflow_api.py
[2025-08-14T17:54:30.905+0000] {processor.py:830} INFO - Processing file /home/airflow/.local/lib/python3.8/site-packages/airflow/example_dags/tutorial_taskflow_api.py for tasks to queue
[2025-08-14T17:54:30.909+0000] {logging_mixin.py:188} INFO - [2025-08-14T17:54:30.908+0000] {dagbag.py:540} INFO - Filling up the DagBag from /home/airflow/.local/lib/python3.8/site-packages/airflow/example_dags/tutorial_taskflow_api.py
[2025-08-14T17:54:30.920+0000] {processor.py:840} INFO - DAG(s) 'tutorial_taskflow_api' retrieved from /home/airflow/.local/lib/python3.8/site-packages/airflow/example_dags/tutorial_taskflow_api.py
[2025-08-14T17:54:30.948+0000] {logging_mixin.py:188} INFO - [2025-08-14T17:54:30.948+0000] {dag.py:3047} INFO - Sync 1 DAGs
[2025-08-14T17:54:30.972+0000] {logging_mixin.py:188} INFO - [2025-08-14T17:54:30.972+0000] {dag.py:3834} INFO - Setting next_dagrun for tutorial_taskflow_api to None, run_after=None
[2025-08-14T17:54:30.991+0000] {processor.py:183} INFO - Processing /home/airflow/.local/lib/python3.8/site-packages/airflow/example_dags/tutorial_taskflow_api.py took 0.107 seconds
[2025-08-14T17:55:01.133+0000] {processor.py:161} INFO - Started process (PID=2073) to work on /home/airflow/.local/lib/python3.8/site-packages/airflow/example_dags/tutorial_taskflow_api.py
[2025-08-14T17:55:01.138+0000] {processor.py:830} INFO - Processing file /home/airflow/.local/lib/python3.8/site-packages/airflow/example_dags/tutorial_taskflow_api.py for tasks to queue
[2025-08-14T17:55:01.144+0000] {logging_mixin.py:188} INFO - [2025-08-14T17:55:01.143+0000] {dagbag.py:540} INFO - Filling up the DagBag from /home/airflow/.local/lib/python3.8/site-packages/airflow/example_dags/tutorial_taskflow_api.py
[2025-08-14T17:55:01.169+0000] {processor.py:840} INFO - DAG(s) 'tutorial_taskflow_api' retrieved from /home/airflow/.local/lib/python3.8/site-packages/airflow/example_dags/tutorial_taskflow_api.py
[2025-08-14T17:55:01.193+0000] {logging_mixin.py:188} INFO - [2025-08-14T17:55:01.193+0000] {dag.py:3047} INFO - Sync 1 DAGs
[2025-08-14T17:55:01.203+0000] {logging_mixin.py:188} INFO - [2025-08-14T17:55:01.203+0000] {dag.py:3834} INFO - Setting next_dagrun for tutorial_taskflow_api to None, run_after=None
[2025-08-14T17:55:01.219+0000] {processor.py:183} INFO - Processing /home/airflow/.local/lib/python3.8/site-packages/airflow/example_dags/tutorial_taskflow_api.py took 0.119 seconds
[2025-08-14T17:55:31.430+0000] {processor.py:161} INFO - Started process (PID=2129) to work on /home/airflow/.local/lib/python3.8/site-packages/airflow/example_dags/tutorial_taskflow_api.py
[2025-08-14T17:55:31.433+0000] {processor.py:830} INFO - Processing file /home/airflow/.local/lib/python3.8/site-packages/airflow/example_dags/tutorial_taskflow_api.py for tasks to queue
[2025-08-14T17:55:31.436+0000] {logging_mixin.py:188} INFO - [2025-08-14T17:55:31.435+0000] {dagbag.py:540} INFO - Filling up the DagBag from /home/airflow/.local/lib/python3.8/site-packages/airflow/example_dags/tutorial_taskflow_api.py
[2025-08-14T17:55:31.443+0000] {processor.py:840} INFO - DAG(s) 'tutorial_taskflow_api' retrieved from /home/airflow/.local/lib/python3.8/site-packages/airflow/example_dags/tutorial_taskflow_api.py
[2025-08-14T17:55:31.463+0000] {logging_mixin.py:188} INFO - [2025-08-14T17:55:31.463+0000] {dag.py:3047} INFO - Sync 1 DAGs
[2025-08-14T17:55:31.473+0000] {logging_mixin.py:188} INFO - [2025-08-14T17:55:31.473+0000] {dag.py:3834} INFO - Setting next_dagrun for tutorial_taskflow_api to None, run_after=None
[2025-08-14T17:55:31.489+0000] {processor.py:183} INFO - Processing /home/airflow/.local/lib/python3.8/site-packages/airflow/example_dags/tutorial_taskflow_api.py took 0.064 seconds
[2025-08-14T17:56:01.687+0000] {processor.py:161} INFO - Started process (PID=2185) to work on /home/airflow/.local/lib/python3.8/site-packages/airflow/example_dags/tutorial_taskflow_api.py
[2025-08-14T17:56:01.689+0000] {processor.py:830} INFO - Processing file /home/airflow/.local/lib/python3.8/site-packages/airflow/example_dags/tutorial_taskflow_api.py for tasks to queue
[2025-08-14T17:56:01.691+0000] {logging_mixin.py:188} INFO - [2025-08-14T17:56:01.690+0000] {dagbag.py:540} INFO - Filling up the DagBag from /home/airflow/.local/lib/python3.8/site-packages/airflow/example_dags/tutorial_taskflow_api.py
[2025-08-14T17:56:01.698+0000] {processor.py:840} INFO - DAG(s) 'tutorial_taskflow_api' retrieved from /home/airflow/.local/lib/python3.8/site-packages/airflow/example_dags/tutorial_taskflow_api.py
[2025-08-14T17:56:01.718+0000] {logging_mixin.py:188} INFO - [2025-08-14T17:56:01.718+0000] {dag.py:3047} INFO - Sync 1 DAGs
[2025-08-14T17:56:01.726+0000] {logging_mixin.py:188} INFO - [2025-08-14T17:56:01.726+0000] {dag.py:3834} INFO - Setting next_dagrun for tutorial_taskflow_api to None, run_after=None
[2025-08-14T17:56:01.739+0000] {processor.py:183} INFO - Processing /home/airflow/.local/lib/python3.8/site-packages/airflow/example_dags/tutorial_taskflow_api.py took 0.057 seconds
[2025-08-14T17:56:32.324+0000] {processor.py:161} INFO - Started process (PID=2241) to work on /home/airflow/.local/lib/python3.8/site-packages/airflow/example_dags/tutorial_taskflow_api.py
[2025-08-14T17:56:32.326+0000] {processor.py:830} INFO - Processing file /home/airflow/.local/lib/python3.8/site-packages/airflow/example_dags/tutorial_taskflow_api.py for tasks to queue
[2025-08-14T17:56:32.329+0000] {logging_mixin.py:188} INFO - [2025-08-14T17:56:32.328+0000] {dagbag.py:540} INFO - Filling up the DagBag from /home/airflow/.local/lib/python3.8/site-packages/airflow/example_dags/tutorial_taskflow_api.py
[2025-08-14T17:56:32.336+0000] {processor.py:840} INFO - DAG(s) 'tutorial_taskflow_api' retrieved from /home/airflow/.local/lib/python3.8/site-packages/airflow/example_dags/tutorial_taskflow_api.py
[2025-08-14T17:56:32.358+0000] {logging_mixin.py:188} INFO - [2025-08-14T17:56:32.358+0000] {dag.py:3047} INFO - Sync 1 DAGs
[2025-08-14T17:56:32.373+0000] {logging_mixin.py:188} INFO - [2025-08-14T17:56:32.373+0000] {dag.py:3834} INFO - Setting next_dagrun for tutorial_taskflow_api to None, run_after=None
[2025-08-14T17:56:32.388+0000] {processor.py:183} INFO - Processing /home/airflow/.local/lib/python3.8/site-packages/airflow/example_dags/tutorial_taskflow_api.py took 0.068 seconds
[2025-08-14T17:57:02.518+0000] {processor.py:161} INFO - Started process (PID=2297) to work on /home/airflow/.local/lib/python3.8/site-packages/airflow/example_dags/tutorial_taskflow_api.py
[2025-08-14T17:57:02.520+0000] {processor.py:830} INFO - Processing file /home/airflow/.local/lib/python3.8/site-packages/airflow/example_dags/tutorial_taskflow_api.py for tasks to queue
[2025-08-14T17:57:02.523+0000] {logging_mixin.py:188} INFO - [2025-08-14T17:57:02.522+0000] {dagbag.py:540} INFO - Filling up the DagBag from /home/airflow/.local/lib/python3.8/site-packages/airflow/example_dags/tutorial_taskflow_api.py
[2025-08-14T17:57:02.534+0000] {processor.py:840} INFO - DAG(s) 'tutorial_taskflow_api' retrieved from /home/airflow/.local/lib/python3.8/site-packages/airflow/example_dags/tutorial_taskflow_api.py
[2025-08-14T17:57:02.565+0000] {logging_mixin.py:188} INFO - [2025-08-14T17:57:02.565+0000] {dag.py:3047} INFO - Sync 1 DAGs
[2025-08-14T17:57:02.588+0000] {logging_mixin.py:188} INFO - [2025-08-14T17:57:02.588+0000] {dag.py:3834} INFO - Setting next_dagrun for tutorial_taskflow_api to None, run_after=None
[2025-08-14T17:57:02.598+0000] {processor.py:183} INFO - Processing /home/airflow/.local/lib/python3.8/site-packages/airflow/example_dags/tutorial_taskflow_api.py took 0.086 seconds
[2025-08-14T17:57:33.048+0000] {processor.py:161} INFO - Started process (PID=2353) to work on /home/airflow/.local/lib/python3.8/site-packages/airflow/example_dags/tutorial_taskflow_api.py
[2025-08-14T17:57:33.051+0000] {processor.py:830} INFO - Processing file /home/airflow/.local/lib/python3.8/site-packages/airflow/example_dags/tutorial_taskflow_api.py for tasks to queue
[2025-08-14T17:57:33.052+0000] {logging_mixin.py:188} INFO - [2025-08-14T17:57:33.052+0000] {dagbag.py:540} INFO - Filling up the DagBag from /home/airflow/.local/lib/python3.8/site-packages/airflow/example_dags/tutorial_taskflow_api.py
[2025-08-14T17:57:33.058+0000] {processor.py:840} INFO - DAG(s) 'tutorial_taskflow_api' retrieved from /home/airflow/.local/lib/python3.8/site-packages/airflow/example_dags/tutorial_taskflow_api.py
[2025-08-14T17:57:33.079+0000] {logging_mixin.py:188} INFO - [2025-08-14T17:57:33.079+0000] {dag.py:3047} INFO - Sync 1 DAGs
[2025-08-14T17:57:33.086+0000] {logging_mixin.py:188} INFO - [2025-08-14T17:57:33.086+0000] {dag.py:3834} INFO - Setting next_dagrun for tutorial_taskflow_api to None, run_after=None
[2025-08-14T17:57:33.099+0000] {processor.py:183} INFO - Processing /home/airflow/.local/lib/python3.8/site-packages/airflow/example_dags/tutorial_taskflow_api.py took 0.054 seconds
[2025-08-14T17:58:03.595+0000] {processor.py:161} INFO - Started process (PID=2409) to work on /home/airflow/.local/lib/python3.8/site-packages/airflow/example_dags/tutorial_taskflow_api.py
[2025-08-14T17:58:03.599+0000] {processor.py:830} INFO - Processing file /home/airflow/.local/lib/python3.8/site-packages/airflow/example_dags/tutorial_taskflow_api.py for tasks to queue
[2025-08-14T17:58:03.604+0000] {logging_mixin.py:188} INFO - [2025-08-14T17:58:03.604+0000] {dagbag.py:540} INFO - Filling up the DagBag from /home/airflow/.local/lib/python3.8/site-packages/airflow/example_dags/tutorial_taskflow_api.py
[2025-08-14T17:58:03.617+0000] {processor.py:840} INFO - DAG(s) 'tutorial_taskflow_api' retrieved from /home/airflow/.local/lib/python3.8/site-packages/airflow/example_dags/tutorial_taskflow_api.py
[2025-08-14T17:58:03.639+0000] {logging_mixin.py:188} INFO - [2025-08-14T17:58:03.639+0000] {dag.py:3047} INFO - Sync 1 DAGs
[2025-08-14T17:58:03.649+0000] {logging_mixin.py:188} INFO - [2025-08-14T17:58:03.649+0000] {dag.py:3834} INFO - Setting next_dagrun for tutorial_taskflow_api to None, run_after=None
[2025-08-14T17:58:03.662+0000] {processor.py:183} INFO - Processing /home/airflow/.local/lib/python3.8/site-packages/airflow/example_dags/tutorial_taskflow_api.py took 0.075 seconds
[2025-08-14T17:58:34.232+0000] {processor.py:161} INFO - Started process (PID=2466) to work on /home/airflow/.local/lib/python3.8/site-packages/airflow/example_dags/tutorial_taskflow_api.py
[2025-08-14T17:58:34.238+0000] {processor.py:830} INFO - Processing file /home/airflow/.local/lib/python3.8/site-packages/airflow/example_dags/tutorial_taskflow_api.py for tasks to queue
[2025-08-14T17:58:34.244+0000] {logging_mixin.py:188} INFO - [2025-08-14T17:58:34.244+0000] {dagbag.py:540} INFO - Filling up the DagBag from /home/airflow/.local/lib/python3.8/site-packages/airflow/example_dags/tutorial_taskflow_api.py
[2025-08-14T17:58:34.270+0000] {processor.py:840} INFO - DAG(s) 'tutorial_taskflow_api' retrieved from /home/airflow/.local/lib/python3.8/site-packages/airflow/example_dags/tutorial_taskflow_api.py
[2025-08-14T17:58:34.316+0000] {logging_mixin.py:188} INFO - [2025-08-14T17:58:34.316+0000] {dag.py:3047} INFO - Sync 1 DAGs
[2025-08-14T17:58:34.332+0000] {logging_mixin.py:188} INFO - [2025-08-14T17:58:34.332+0000] {dag.py:3834} INFO - Setting next_dagrun for tutorial_taskflow_api to None, run_after=None
[2025-08-14T17:58:34.378+0000] {processor.py:183} INFO - Processing /home/airflow/.local/lib/python3.8/site-packages/airflow/example_dags/tutorial_taskflow_api.py took 0.163 seconds
[2025-08-14T17:59:04.733+0000] {processor.py:161} INFO - Started process (PID=2522) to work on /home/airflow/.local/lib/python3.8/site-packages/airflow/example_dags/tutorial_taskflow_api.py
[2025-08-14T17:59:04.735+0000] {processor.py:830} INFO - Processing file /home/airflow/.local/lib/python3.8/site-packages/airflow/example_dags/tutorial_taskflow_api.py for tasks to queue
[2025-08-14T17:59:04.737+0000] {logging_mixin.py:188} INFO - [2025-08-14T17:59:04.737+0000] {dagbag.py:540} INFO - Filling up the DagBag from /home/airflow/.local/lib/python3.8/site-packages/airflow/example_dags/tutorial_taskflow_api.py
[2025-08-14T17:59:04.741+0000] {processor.py:840} INFO - DAG(s) 'tutorial_taskflow_api' retrieved from /home/airflow/.local/lib/python3.8/site-packages/airflow/example_dags/tutorial_taskflow_api.py
[2025-08-14T17:59:04.756+0000] {logging_mixin.py:188} INFO - [2025-08-14T17:59:04.756+0000] {dag.py:3047} INFO - Sync 1 DAGs
[2025-08-14T17:59:04.762+0000] {logging_mixin.py:188} INFO - [2025-08-14T17:59:04.762+0000] {dag.py:3834} INFO - Setting next_dagrun for tutorial_taskflow_api to None, run_after=None
[2025-08-14T17:59:04.772+0000] {processor.py:183} INFO - Processing /home/airflow/.local/lib/python3.8/site-packages/airflow/example_dags/tutorial_taskflow_api.py took 0.041 seconds
[2025-08-14T17:59:35.557+0000] {processor.py:161} INFO - Started process (PID=2576) to work on /home/airflow/.local/lib/python3.8/site-packages/airflow/example_dags/tutorial_taskflow_api.py
[2025-08-14T17:59:35.571+0000] {processor.py:830} INFO - Processing file /home/airflow/.local/lib/python3.8/site-packages/airflow/example_dags/tutorial_taskflow_api.py for tasks to queue
[2025-08-14T17:59:35.587+0000] {logging_mixin.py:188} INFO - [2025-08-14T17:59:35.582+0000] {dagbag.py:540} INFO - Filling up the DagBag from /home/airflow/.local/lib/python3.8/site-packages/airflow/example_dags/tutorial_taskflow_api.py
[2025-08-14T17:59:35.614+0000] {processor.py:840} INFO - DAG(s) 'tutorial_taskflow_api' retrieved from /home/airflow/.local/lib/python3.8/site-packages/airflow/example_dags/tutorial_taskflow_api.py
[2025-08-14T17:59:35.662+0000] {logging_mixin.py:188} INFO - [2025-08-14T17:59:35.662+0000] {dag.py:3047} INFO - Sync 1 DAGs
[2025-08-14T17:59:35.681+0000] {logging_mixin.py:188} INFO - [2025-08-14T17:59:35.681+0000] {dag.py:3834} INFO - Setting next_dagrun for tutorial_taskflow_api to None, run_after=None
[2025-08-14T17:59:35.704+0000] {processor.py:183} INFO - Processing /home/airflow/.local/lib/python3.8/site-packages/airflow/example_dags/tutorial_taskflow_api.py took 0.157 seconds
[2025-08-14T18:00:06.492+0000] {processor.py:161} INFO - Started process (PID=2631) to work on /home/airflow/.local/lib/python3.8/site-packages/airflow/example_dags/tutorial_taskflow_api.py
[2025-08-14T18:00:06.494+0000] {processor.py:830} INFO - Processing file /home/airflow/.local/lib/python3.8/site-packages/airflow/example_dags/tutorial_taskflow_api.py for tasks to queue
[2025-08-14T18:00:06.498+0000] {logging_mixin.py:188} INFO - [2025-08-14T18:00:06.497+0000] {dagbag.py:540} INFO - Filling up the DagBag from /home/airflow/.local/lib/python3.8/site-packages/airflow/example_dags/tutorial_taskflow_api.py
[2025-08-14T18:00:06.513+0000] {processor.py:840} INFO - DAG(s) 'tutorial_taskflow_api' retrieved from /home/airflow/.local/lib/python3.8/site-packages/airflow/example_dags/tutorial_taskflow_api.py
[2025-08-14T18:00:06.544+0000] {logging_mixin.py:188} INFO - [2025-08-14T18:00:06.544+0000] {dag.py:3047} INFO - Sync 1 DAGs
[2025-08-14T18:00:06.560+0000] {logging_mixin.py:188} INFO - [2025-08-14T18:00:06.559+0000] {dag.py:3834} INFO - Setting next_dagrun for tutorial_taskflow_api to None, run_after=None
[2025-08-14T18:00:06.571+0000] {processor.py:183} INFO - Processing /home/airflow/.local/lib/python3.8/site-packages/airflow/example_dags/tutorial_taskflow_api.py took 0.087 seconds
[2025-08-14T18:00:37.343+0000] {processor.py:161} INFO - Started process (PID=2687) to work on /home/airflow/.local/lib/python3.8/site-packages/airflow/example_dags/tutorial_taskflow_api.py
[2025-08-14T18:00:37.346+0000] {processor.py:830} INFO - Processing file /home/airflow/.local/lib/python3.8/site-packages/airflow/example_dags/tutorial_taskflow_api.py for tasks to queue
[2025-08-14T18:00:37.352+0000] {logging_mixin.py:188} INFO - [2025-08-14T18:00:37.351+0000] {dagbag.py:540} INFO - Filling up the DagBag from /home/airflow/.local/lib/python3.8/site-packages/airflow/example_dags/tutorial_taskflow_api.py
[2025-08-14T18:00:37.367+0000] {processor.py:840} INFO - DAG(s) 'tutorial_taskflow_api' retrieved from /home/airflow/.local/lib/python3.8/site-packages/airflow/example_dags/tutorial_taskflow_api.py
[2025-08-14T18:00:37.405+0000] {logging_mixin.py:188} INFO - [2025-08-14T18:00:37.404+0000] {dag.py:3047} INFO - Sync 1 DAGs
[2025-08-14T18:00:37.422+0000] {logging_mixin.py:188} INFO - [2025-08-14T18:00:37.422+0000] {dag.py:3834} INFO - Setting next_dagrun for tutorial_taskflow_api to None, run_after=None
[2025-08-14T18:00:37.443+0000] {processor.py:183} INFO - Processing /home/airflow/.local/lib/python3.8/site-packages/airflow/example_dags/tutorial_taskflow_api.py took 0.128 seconds
[2025-08-14T18:01:08.273+0000] {processor.py:161} INFO - Started process (PID=2743) to work on /home/airflow/.local/lib/python3.8/site-packages/airflow/example_dags/tutorial_taskflow_api.py
[2025-08-14T18:01:08.278+0000] {processor.py:830} INFO - Processing file /home/airflow/.local/lib/python3.8/site-packages/airflow/example_dags/tutorial_taskflow_api.py for tasks to queue
[2025-08-14T18:01:08.282+0000] {logging_mixin.py:188} INFO - [2025-08-14T18:01:08.281+0000] {dagbag.py:540} INFO - Filling up the DagBag from /home/airflow/.local/lib/python3.8/site-packages/airflow/example_dags/tutorial_taskflow_api.py
[2025-08-14T18:01:08.294+0000] {processor.py:840} INFO - DAG(s) 'tutorial_taskflow_api' retrieved from /home/airflow/.local/lib/python3.8/site-packages/airflow/example_dags/tutorial_taskflow_api.py
[2025-08-14T18:01:08.322+0000] {logging_mixin.py:188} INFO - [2025-08-14T18:01:08.322+0000] {dag.py:3047} INFO - Sync 1 DAGs
[2025-08-14T18:01:08.337+0000] {logging_mixin.py:188} INFO - [2025-08-14T18:01:08.337+0000] {dag.py:3834} INFO - Setting next_dagrun for tutorial_taskflow_api to None, run_after=None
[2025-08-14T18:01:08.360+0000] {processor.py:183} INFO - Processing /home/airflow/.local/lib/python3.8/site-packages/airflow/example_dags/tutorial_taskflow_api.py took 0.095 seconds
[2025-08-14T18:01:38.605+0000] {processor.py:161} INFO - Started process (PID=2799) to work on /home/airflow/.local/lib/python3.8/site-packages/airflow/example_dags/tutorial_taskflow_api.py
[2025-08-14T18:01:38.607+0000] {processor.py:830} INFO - Processing file /home/airflow/.local/lib/python3.8/site-packages/airflow/example_dags/tutorial_taskflow_api.py for tasks to queue
[2025-08-14T18:01:38.614+0000] {logging_mixin.py:188} INFO - [2025-08-14T18:01:38.613+0000] {dagbag.py:540} INFO - Filling up the DagBag from /home/airflow/.local/lib/python3.8/site-packages/airflow/example_dags/tutorial_taskflow_api.py
[2025-08-14T18:01:38.624+0000] {processor.py:840} INFO - DAG(s) 'tutorial_taskflow_api' retrieved from /home/airflow/.local/lib/python3.8/site-packages/airflow/example_dags/tutorial_taskflow_api.py
[2025-08-14T18:01:38.656+0000] {logging_mixin.py:188} INFO - [2025-08-14T18:01:38.656+0000] {dag.py:3047} INFO - Sync 1 DAGs
[2025-08-14T18:01:38.667+0000] {logging_mixin.py:188} INFO - [2025-08-14T18:01:38.667+0000] {dag.py:3834} INFO - Setting next_dagrun for tutorial_taskflow_api to None, run_after=None
[2025-08-14T18:01:38.684+0000] {processor.py:183} INFO - Processing /home/airflow/.local/lib/python3.8/site-packages/airflow/example_dags/tutorial_taskflow_api.py took 0.093 seconds
[2025-08-14T18:02:09.270+0000] {processor.py:161} INFO - Started process (PID=2855) to work on /home/airflow/.local/lib/python3.8/site-packages/airflow/example_dags/tutorial_taskflow_api.py
[2025-08-14T18:02:09.273+0000] {processor.py:830} INFO - Processing file /home/airflow/.local/lib/python3.8/site-packages/airflow/example_dags/tutorial_taskflow_api.py for tasks to queue
[2025-08-14T18:02:09.278+0000] {logging_mixin.py:188} INFO - [2025-08-14T18:02:09.278+0000] {dagbag.py:540} INFO - Filling up the DagBag from /home/airflow/.local/lib/python3.8/site-packages/airflow/example_dags/tutorial_taskflow_api.py
[2025-08-14T18:02:09.288+0000] {processor.py:840} INFO - DAG(s) 'tutorial_taskflow_api' retrieved from /home/airflow/.local/lib/python3.8/site-packages/airflow/example_dags/tutorial_taskflow_api.py
[2025-08-14T18:02:09.312+0000] {logging_mixin.py:188} INFO - [2025-08-14T18:02:09.312+0000] {dag.py:3047} INFO - Sync 1 DAGs
[2025-08-14T18:02:09.322+0000] {logging_mixin.py:188} INFO - [2025-08-14T18:02:09.322+0000] {dag.py:3834} INFO - Setting next_dagrun for tutorial_taskflow_api to None, run_after=None
[2025-08-14T18:02:09.336+0000] {processor.py:183} INFO - Processing /home/airflow/.local/lib/python3.8/site-packages/airflow/example_dags/tutorial_taskflow_api.py took 0.072 seconds
[2025-08-14T18:02:40.055+0000] {processor.py:161} INFO - Started process (PID=2911) to work on /home/airflow/.local/lib/python3.8/site-packages/airflow/example_dags/tutorial_taskflow_api.py
[2025-08-14T18:02:40.058+0000] {processor.py:830} INFO - Processing file /home/airflow/.local/lib/python3.8/site-packages/airflow/example_dags/tutorial_taskflow_api.py for tasks to queue
[2025-08-14T18:02:40.062+0000] {logging_mixin.py:188} INFO - [2025-08-14T18:02:40.061+0000] {dagbag.py:540} INFO - Filling up the DagBag from /home/airflow/.local/lib/python3.8/site-packages/airflow/example_dags/tutorial_taskflow_api.py
[2025-08-14T18:02:40.072+0000] {processor.py:840} INFO - DAG(s) 'tutorial_taskflow_api' retrieved from /home/airflow/.local/lib/python3.8/site-packages/airflow/example_dags/tutorial_taskflow_api.py
[2025-08-14T18:02:40.113+0000] {logging_mixin.py:188} INFO - [2025-08-14T18:02:40.113+0000] {dag.py:3047} INFO - Sync 1 DAGs
[2025-08-14T18:02:40.129+0000] {logging_mixin.py:188} INFO - [2025-08-14T18:02:40.128+0000] {dag.py:3834} INFO - Setting next_dagrun for tutorial_taskflow_api to None, run_after=None
[2025-08-14T18:02:40.152+0000] {processor.py:183} INFO - Processing /home/airflow/.local/lib/python3.8/site-packages/airflow/example_dags/tutorial_taskflow_api.py took 0.102 seconds
[2025-08-14T18:03:10.790+0000] {processor.py:161} INFO - Started process (PID=2967) to work on /home/airflow/.local/lib/python3.8/site-packages/airflow/example_dags/tutorial_taskflow_api.py
[2025-08-14T18:03:10.792+0000] {processor.py:830} INFO - Processing file /home/airflow/.local/lib/python3.8/site-packages/airflow/example_dags/tutorial_taskflow_api.py for tasks to queue
[2025-08-14T18:03:10.797+0000] {logging_mixin.py:188} INFO - [2025-08-14T18:03:10.796+0000] {dagbag.py:540} INFO - Filling up the DagBag from /home/airflow/.local/lib/python3.8/site-packages/airflow/example_dags/tutorial_taskflow_api.py
[2025-08-14T18:03:10.808+0000] {processor.py:840} INFO - DAG(s) 'tutorial_taskflow_api' retrieved from /home/airflow/.local/lib/python3.8/site-packages/airflow/example_dags/tutorial_taskflow_api.py
[2025-08-14T18:03:10.839+0000] {logging_mixin.py:188} INFO - [2025-08-14T18:03:10.839+0000] {dag.py:3047} INFO - Sync 1 DAGs
[2025-08-14T18:03:10.852+0000] {logging_mixin.py:188} INFO - [2025-08-14T18:03:10.852+0000] {dag.py:3834} INFO - Setting next_dagrun for tutorial_taskflow_api to None, run_after=None
[2025-08-14T18:03:10.873+0000] {processor.py:183} INFO - Processing /home/airflow/.local/lib/python3.8/site-packages/airflow/example_dags/tutorial_taskflow_api.py took 0.089 seconds
[2025-08-14T18:03:40.917+0000] {processor.py:161} INFO - Started process (PID=3023) to work on /home/airflow/.local/lib/python3.8/site-packages/airflow/example_dags/tutorial_taskflow_api.py
[2025-08-14T18:03:40.919+0000] {processor.py:830} INFO - Processing file /home/airflow/.local/lib/python3.8/site-packages/airflow/example_dags/tutorial_taskflow_api.py for tasks to queue
[2025-08-14T18:03:40.923+0000] {logging_mixin.py:188} INFO - [2025-08-14T18:03:40.922+0000] {dagbag.py:540} INFO - Filling up the DagBag from /home/airflow/.local/lib/python3.8/site-packages/airflow/example_dags/tutorial_taskflow_api.py
[2025-08-14T18:03:40.930+0000] {processor.py:840} INFO - DAG(s) 'tutorial_taskflow_api' retrieved from /home/airflow/.local/lib/python3.8/site-packages/airflow/example_dags/tutorial_taskflow_api.py
[2025-08-14T18:03:40.948+0000] {logging_mixin.py:188} INFO - [2025-08-14T18:03:40.948+0000] {dag.py:3047} INFO - Sync 1 DAGs
[2025-08-14T18:03:40.954+0000] {logging_mixin.py:188} INFO - [2025-08-14T18:03:40.954+0000] {dag.py:3834} INFO - Setting next_dagrun for tutorial_taskflow_api to None, run_after=None
[2025-08-14T18:03:40.968+0000] {processor.py:183} INFO - Processing /home/airflow/.local/lib/python3.8/site-packages/airflow/example_dags/tutorial_taskflow_api.py took 0.056 seconds
[2025-08-14T18:04:11.010+0000] {processor.py:161} INFO - Started process (PID=3079) to work on /home/airflow/.local/lib/python3.8/site-packages/airflow/example_dags/tutorial_taskflow_api.py
[2025-08-14T18:04:11.012+0000] {processor.py:830} INFO - Processing file /home/airflow/.local/lib/python3.8/site-packages/airflow/example_dags/tutorial_taskflow_api.py for tasks to queue
[2025-08-14T18:04:11.015+0000] {logging_mixin.py:188} INFO - [2025-08-14T18:04:11.015+0000] {dagbag.py:540} INFO - Filling up the DagBag from /home/airflow/.local/lib/python3.8/site-packages/airflow/example_dags/tutorial_taskflow_api.py
[2025-08-14T18:04:11.022+0000] {processor.py:840} INFO - DAG(s) 'tutorial_taskflow_api' retrieved from /home/airflow/.local/lib/python3.8/site-packages/airflow/example_dags/tutorial_taskflow_api.py
[2025-08-14T18:04:11.044+0000] {logging_mixin.py:188} INFO - [2025-08-14T18:04:11.044+0000] {dag.py:3047} INFO - Sync 1 DAGs
[2025-08-14T18:04:11.053+0000] {logging_mixin.py:188} INFO - [2025-08-14T18:04:11.052+0000] {dag.py:3834} INFO - Setting next_dagrun for tutorial_taskflow_api to None, run_after=None
[2025-08-14T18:04:11.071+0000] {processor.py:183} INFO - Processing /home/airflow/.local/lib/python3.8/site-packages/airflow/example_dags/tutorial_taskflow_api.py took 0.079 seconds
[2025-08-14T18:04:41.820+0000] {processor.py:161} INFO - Started process (PID=3135) to work on /home/airflow/.local/lib/python3.8/site-packages/airflow/example_dags/tutorial_taskflow_api.py
[2025-08-14T18:04:41.822+0000] {processor.py:830} INFO - Processing file /home/airflow/.local/lib/python3.8/site-packages/airflow/example_dags/tutorial_taskflow_api.py for tasks to queue
[2025-08-14T18:04:41.826+0000] {logging_mixin.py:188} INFO - [2025-08-14T18:04:41.825+0000] {dagbag.py:540} INFO - Filling up the DagBag from /home/airflow/.local/lib/python3.8/site-packages/airflow/example_dags/tutorial_taskflow_api.py
[2025-08-14T18:04:41.836+0000] {processor.py:840} INFO - DAG(s) 'tutorial_taskflow_api' retrieved from /home/airflow/.local/lib/python3.8/site-packages/airflow/example_dags/tutorial_taskflow_api.py
[2025-08-14T18:04:41.854+0000] {logging_mixin.py:188} INFO - [2025-08-14T18:04:41.854+0000] {dag.py:3047} INFO - Sync 1 DAGs
[2025-08-14T18:04:41.862+0000] {logging_mixin.py:188} INFO - [2025-08-14T18:04:41.862+0000] {dag.py:3834} INFO - Setting next_dagrun for tutorial_taskflow_api to None, run_after=None
[2025-08-14T18:04:41.888+0000] {processor.py:183} INFO - Processing /home/airflow/.local/lib/python3.8/site-packages/airflow/example_dags/tutorial_taskflow_api.py took 0.074 seconds
[2025-08-14T18:05:12.306+0000] {processor.py:161} INFO - Started process (PID=3191) to work on /home/airflow/.local/lib/python3.8/site-packages/airflow/example_dags/tutorial_taskflow_api.py
[2025-08-14T18:05:12.307+0000] {processor.py:830} INFO - Processing file /home/airflow/.local/lib/python3.8/site-packages/airflow/example_dags/tutorial_taskflow_api.py for tasks to queue
[2025-08-14T18:05:12.309+0000] {logging_mixin.py:188} INFO - [2025-08-14T18:05:12.308+0000] {dagbag.py:540} INFO - Filling up the DagBag from /home/airflow/.local/lib/python3.8/site-packages/airflow/example_dags/tutorial_taskflow_api.py
[2025-08-14T18:05:12.313+0000] {processor.py:840} INFO - DAG(s) 'tutorial_taskflow_api' retrieved from /home/airflow/.local/lib/python3.8/site-packages/airflow/example_dags/tutorial_taskflow_api.py
[2025-08-14T18:05:12.341+0000] {logging_mixin.py:188} INFO - [2025-08-14T18:05:12.341+0000] {dag.py:3047} INFO - Sync 1 DAGs
[2025-08-14T18:05:12.355+0000] {logging_mixin.py:188} INFO - [2025-08-14T18:05:12.355+0000] {dag.py:3834} INFO - Setting next_dagrun for tutorial_taskflow_api to None, run_after=None
[2025-08-14T18:05:12.374+0000] {processor.py:183} INFO - Processing /home/airflow/.local/lib/python3.8/site-packages/airflow/example_dags/tutorial_taskflow_api.py took 0.071 seconds
[2025-08-14T18:05:43.313+0000] {processor.py:161} INFO - Started process (PID=3247) to work on /home/airflow/.local/lib/python3.8/site-packages/airflow/example_dags/tutorial_taskflow_api.py
[2025-08-14T18:05:43.320+0000] {processor.py:830} INFO - Processing file /home/airflow/.local/lib/python3.8/site-packages/airflow/example_dags/tutorial_taskflow_api.py for tasks to queue
[2025-08-14T18:05:43.332+0000] {logging_mixin.py:188} INFO - [2025-08-14T18:05:43.327+0000] {dagbag.py:540} INFO - Filling up the DagBag from /home/airflow/.local/lib/python3.8/site-packages/airflow/example_dags/tutorial_taskflow_api.py
[2025-08-14T18:05:43.352+0000] {processor.py:840} INFO - DAG(s) 'tutorial_taskflow_api' retrieved from /home/airflow/.local/lib/python3.8/site-packages/airflow/example_dags/tutorial_taskflow_api.py
[2025-08-14T18:05:43.387+0000] {logging_mixin.py:188} INFO - [2025-08-14T18:05:43.387+0000] {dag.py:3047} INFO - Sync 1 DAGs
[2025-08-14T18:05:43.403+0000] {logging_mixin.py:188} INFO - [2025-08-14T18:05:43.402+0000] {dag.py:3834} INFO - Setting next_dagrun for tutorial_taskflow_api to None, run_after=None
[2025-08-14T18:05:43.428+0000] {processor.py:183} INFO - Processing /home/airflow/.local/lib/python3.8/site-packages/airflow/example_dags/tutorial_taskflow_api.py took 0.123 seconds
