[2025-08-14T17:36:48.074+0000] {processor.py:161} INFO - Started process (PID=82) to work on /home/airflow/.local/lib/python3.8/site-packages/airflow/example_dags/tutorial_objectstorage.py
[2025-08-14T17:36:48.089+0000] {processor.py:830} INFO - Processing file /home/airflow/.local/lib/python3.8/site-packages/airflow/example_dags/tutorial_objectstorage.py for tasks to queue
[2025-08-14T17:36:48.093+0000] {logging_mixin.py:188} INFO - [2025-08-14T17:36:48.093+0000] {dagbag.py:540} INFO - Filling up the DagBag from /home/airflow/.local/lib/python3.8/site-packages/airflow/example_dags/tutorial_objectstorage.py
[2025-08-14T17:36:48.117+0000] {processor.py:840} INFO - DAG(s) 'tutorial_objectstorage' retrieved from /home/airflow/.local/lib/python3.8/site-packages/airflow/example_dags/tutorial_objectstorage.py
[2025-08-14T17:36:48.144+0000] {logging_mixin.py:188} INFO - [2025-08-14T17:36:48.144+0000] {dag.py:3047} INFO - Sync 1 DAGs
[2025-08-14T17:36:48.179+0000] {logging_mixin.py:188} INFO - [2025-08-14T17:36:48.179+0000] {dag.py:3834} INFO - Setting next_dagrun for tutorial_objectstorage to None, run_after=None
[2025-08-14T17:36:48.213+0000] {processor.py:183} INFO - Processing /home/airflow/.local/lib/python3.8/site-packages/airflow/example_dags/tutorial_objectstorage.py took 0.153 seconds
[2025-08-14T17:37:18.840+0000] {processor.py:161} INFO - Started process (PID=138) to work on /home/airflow/.local/lib/python3.8/site-packages/airflow/example_dags/tutorial_objectstorage.py
[2025-08-14T17:37:18.845+0000] {processor.py:830} INFO - Processing file /home/airflow/.local/lib/python3.8/site-packages/airflow/example_dags/tutorial_objectstorage.py for tasks to queue
[2025-08-14T17:37:18.849+0000] {logging_mixin.py:188} INFO - [2025-08-14T17:37:18.849+0000] {dagbag.py:540} INFO - Filling up the DagBag from /home/airflow/.local/lib/python3.8/site-packages/airflow/example_dags/tutorial_objectstorage.py
[2025-08-14T17:37:18.857+0000] {processor.py:840} INFO - DAG(s) 'tutorial_objectstorage' retrieved from /home/airflow/.local/lib/python3.8/site-packages/airflow/example_dags/tutorial_objectstorage.py
[2025-08-14T17:37:18.934+0000] {logging_mixin.py:188} INFO - [2025-08-14T17:37:18.934+0000] {dag.py:3047} INFO - Sync 1 DAGs
[2025-08-14T17:37:18.943+0000] {logging_mixin.py:188} INFO - [2025-08-14T17:37:18.943+0000] {dag.py:3834} INFO - Setting next_dagrun for tutorial_objectstorage to None, run_after=None
[2025-08-14T17:37:18.961+0000] {processor.py:183} INFO - Processing /home/airflow/.local/lib/python3.8/site-packages/airflow/example_dags/tutorial_objectstorage.py took 0.125 seconds
[2025-08-14T17:37:49.418+0000] {processor.py:161} INFO - Started process (PID=194) to work on /home/airflow/.local/lib/python3.8/site-packages/airflow/example_dags/tutorial_objectstorage.py
[2025-08-14T17:37:49.426+0000] {processor.py:830} INFO - Processing file /home/airflow/.local/lib/python3.8/site-packages/airflow/example_dags/tutorial_objectstorage.py for tasks to queue
[2025-08-14T17:37:49.428+0000] {logging_mixin.py:188} INFO - [2025-08-14T17:37:49.428+0000] {dagbag.py:540} INFO - Filling up the DagBag from /home/airflow/.local/lib/python3.8/site-packages/airflow/example_dags/tutorial_objectstorage.py
[2025-08-14T17:37:49.438+0000] {processor.py:840} INFO - DAG(s) 'tutorial_objectstorage' retrieved from /home/airflow/.local/lib/python3.8/site-packages/airflow/example_dags/tutorial_objectstorage.py
[2025-08-14T17:37:49.459+0000] {logging_mixin.py:188} INFO - [2025-08-14T17:37:49.459+0000] {dag.py:3047} INFO - Sync 1 DAGs
[2025-08-14T17:37:49.469+0000] {logging_mixin.py:188} INFO - [2025-08-14T17:37:49.469+0000] {dag.py:3834} INFO - Setting next_dagrun for tutorial_objectstorage to None, run_after=None
[2025-08-14T17:37:49.486+0000] {processor.py:183} INFO - Processing /home/airflow/.local/lib/python3.8/site-packages/airflow/example_dags/tutorial_objectstorage.py took 0.073 seconds
[2025-08-14T17:38:20.358+0000] {processor.py:161} INFO - Started process (PID=250) to work on /home/airflow/.local/lib/python3.8/site-packages/airflow/example_dags/tutorial_objectstorage.py
[2025-08-14T17:38:20.362+0000] {processor.py:830} INFO - Processing file /home/airflow/.local/lib/python3.8/site-packages/airflow/example_dags/tutorial_objectstorage.py for tasks to queue
[2025-08-14T17:38:20.364+0000] {logging_mixin.py:188} INFO - [2025-08-14T17:38:20.364+0000] {dagbag.py:540} INFO - Filling up the DagBag from /home/airflow/.local/lib/python3.8/site-packages/airflow/example_dags/tutorial_objectstorage.py
[2025-08-14T17:38:20.372+0000] {processor.py:840} INFO - DAG(s) 'tutorial_objectstorage' retrieved from /home/airflow/.local/lib/python3.8/site-packages/airflow/example_dags/tutorial_objectstorage.py
[2025-08-14T17:38:20.391+0000] {logging_mixin.py:188} INFO - [2025-08-14T17:38:20.391+0000] {dag.py:3047} INFO - Sync 1 DAGs
[2025-08-14T17:38:20.400+0000] {logging_mixin.py:188} INFO - [2025-08-14T17:38:20.400+0000] {dag.py:3834} INFO - Setting next_dagrun for tutorial_objectstorage to None, run_after=None
[2025-08-14T17:38:20.419+0000] {processor.py:183} INFO - Processing /home/airflow/.local/lib/python3.8/site-packages/airflow/example_dags/tutorial_objectstorage.py took 0.065 seconds
[2025-08-14T17:38:50.893+0000] {processor.py:161} INFO - Started process (PID=307) to work on /home/airflow/.local/lib/python3.8/site-packages/airflow/example_dags/tutorial_objectstorage.py
[2025-08-14T17:38:50.897+0000] {processor.py:830} INFO - Processing file /home/airflow/.local/lib/python3.8/site-packages/airflow/example_dags/tutorial_objectstorage.py for tasks to queue
[2025-08-14T17:38:50.901+0000] {logging_mixin.py:188} INFO - [2025-08-14T17:38:50.900+0000] {dagbag.py:540} INFO - Filling up the DagBag from /home/airflow/.local/lib/python3.8/site-packages/airflow/example_dags/tutorial_objectstorage.py
[2025-08-14T17:38:50.908+0000] {processor.py:840} INFO - DAG(s) 'tutorial_objectstorage' retrieved from /home/airflow/.local/lib/python3.8/site-packages/airflow/example_dags/tutorial_objectstorage.py
[2025-08-14T17:38:50.942+0000] {logging_mixin.py:188} INFO - [2025-08-14T17:38:50.941+0000] {dag.py:3047} INFO - Sync 1 DAGs
[2025-08-14T17:38:50.950+0000] {logging_mixin.py:188} INFO - [2025-08-14T17:38:50.950+0000] {dag.py:3834} INFO - Setting next_dagrun for tutorial_objectstorage to None, run_after=None
[2025-08-14T17:38:50.969+0000] {processor.py:183} INFO - Processing /home/airflow/.local/lib/python3.8/site-packages/airflow/example_dags/tutorial_objectstorage.py took 0.079 seconds
[2025-08-14T17:39:21.129+0000] {processor.py:161} INFO - Started process (PID=363) to work on /home/airflow/.local/lib/python3.8/site-packages/airflow/example_dags/tutorial_objectstorage.py
[2025-08-14T17:39:21.130+0000] {processor.py:830} INFO - Processing file /home/airflow/.local/lib/python3.8/site-packages/airflow/example_dags/tutorial_objectstorage.py for tasks to queue
[2025-08-14T17:39:21.132+0000] {logging_mixin.py:188} INFO - [2025-08-14T17:39:21.132+0000] {dagbag.py:540} INFO - Filling up the DagBag from /home/airflow/.local/lib/python3.8/site-packages/airflow/example_dags/tutorial_objectstorage.py
[2025-08-14T17:39:21.139+0000] {processor.py:840} INFO - DAG(s) 'tutorial_objectstorage' retrieved from /home/airflow/.local/lib/python3.8/site-packages/airflow/example_dags/tutorial_objectstorage.py
[2025-08-14T17:39:21.157+0000] {logging_mixin.py:188} INFO - [2025-08-14T17:39:21.157+0000] {dag.py:3047} INFO - Sync 1 DAGs
[2025-08-14T17:39:21.167+0000] {logging_mixin.py:188} INFO - [2025-08-14T17:39:21.166+0000] {dag.py:3834} INFO - Setting next_dagrun for tutorial_objectstorage to None, run_after=None
[2025-08-14T17:39:21.180+0000] {processor.py:183} INFO - Processing /home/airflow/.local/lib/python3.8/site-packages/airflow/example_dags/tutorial_objectstorage.py took 0.055 seconds
[2025-08-14T17:39:52.165+0000] {processor.py:161} INFO - Started process (PID=419) to work on /home/airflow/.local/lib/python3.8/site-packages/airflow/example_dags/tutorial_objectstorage.py
[2025-08-14T17:39:52.170+0000] {processor.py:830} INFO - Processing file /home/airflow/.local/lib/python3.8/site-packages/airflow/example_dags/tutorial_objectstorage.py for tasks to queue
[2025-08-14T17:39:52.180+0000] {logging_mixin.py:188} INFO - [2025-08-14T17:39:52.179+0000] {dagbag.py:540} INFO - Filling up the DagBag from /home/airflow/.local/lib/python3.8/site-packages/airflow/example_dags/tutorial_objectstorage.py
[2025-08-14T17:39:52.198+0000] {processor.py:840} INFO - DAG(s) 'tutorial_objectstorage' retrieved from /home/airflow/.local/lib/python3.8/site-packages/airflow/example_dags/tutorial_objectstorage.py
[2025-08-14T17:39:52.232+0000] {logging_mixin.py:188} INFO - [2025-08-14T17:39:52.231+0000] {dag.py:3047} INFO - Sync 1 DAGs
[2025-08-14T17:39:52.244+0000] {logging_mixin.py:188} INFO - [2025-08-14T17:39:52.244+0000] {dag.py:3834} INFO - Setting next_dagrun for tutorial_objectstorage to None, run_after=None
[2025-08-14T17:39:52.264+0000] {processor.py:183} INFO - Processing /home/airflow/.local/lib/python3.8/site-packages/airflow/example_dags/tutorial_objectstorage.py took 0.111 seconds
[2025-08-14T17:40:22.701+0000] {processor.py:161} INFO - Started process (PID=475) to work on /home/airflow/.local/lib/python3.8/site-packages/airflow/example_dags/tutorial_objectstorage.py
[2025-08-14T17:40:22.704+0000] {processor.py:830} INFO - Processing file /home/airflow/.local/lib/python3.8/site-packages/airflow/example_dags/tutorial_objectstorage.py for tasks to queue
[2025-08-14T17:40:22.706+0000] {logging_mixin.py:188} INFO - [2025-08-14T17:40:22.705+0000] {dagbag.py:540} INFO - Filling up the DagBag from /home/airflow/.local/lib/python3.8/site-packages/airflow/example_dags/tutorial_objectstorage.py
[2025-08-14T17:40:22.710+0000] {processor.py:840} INFO - DAG(s) 'tutorial_objectstorage' retrieved from /home/airflow/.local/lib/python3.8/site-packages/airflow/example_dags/tutorial_objectstorage.py
[2025-08-14T17:40:22.736+0000] {logging_mixin.py:188} INFO - [2025-08-14T17:40:22.736+0000] {dag.py:3047} INFO - Sync 1 DAGs
[2025-08-14T17:40:22.761+0000] {logging_mixin.py:188} INFO - [2025-08-14T17:40:22.761+0000] {dag.py:3834} INFO - Setting next_dagrun for tutorial_objectstorage to None, run_after=None
[2025-08-14T17:40:22.777+0000] {processor.py:183} INFO - Processing /home/airflow/.local/lib/python3.8/site-packages/airflow/example_dags/tutorial_objectstorage.py took 0.079 seconds
[2025-08-14T17:40:53.463+0000] {processor.py:161} INFO - Started process (PID=531) to work on /home/airflow/.local/lib/python3.8/site-packages/airflow/example_dags/tutorial_objectstorage.py
[2025-08-14T17:40:53.465+0000] {processor.py:830} INFO - Processing file /home/airflow/.local/lib/python3.8/site-packages/airflow/example_dags/tutorial_objectstorage.py for tasks to queue
[2025-08-14T17:40:53.466+0000] {logging_mixin.py:188} INFO - [2025-08-14T17:40:53.466+0000] {dagbag.py:540} INFO - Filling up the DagBag from /home/airflow/.local/lib/python3.8/site-packages/airflow/example_dags/tutorial_objectstorage.py
[2025-08-14T17:40:53.480+0000] {processor.py:840} INFO - DAG(s) 'tutorial_objectstorage' retrieved from /home/airflow/.local/lib/python3.8/site-packages/airflow/example_dags/tutorial_objectstorage.py
[2025-08-14T17:40:53.522+0000] {logging_mixin.py:188} INFO - [2025-08-14T17:40:53.522+0000] {dag.py:3047} INFO - Sync 1 DAGs
[2025-08-14T17:40:53.534+0000] {logging_mixin.py:188} INFO - [2025-08-14T17:40:53.534+0000] {dag.py:3834} INFO - Setting next_dagrun for tutorial_objectstorage to None, run_after=None
[2025-08-14T17:40:53.553+0000] {processor.py:183} INFO - Processing /home/airflow/.local/lib/python3.8/site-packages/airflow/example_dags/tutorial_objectstorage.py took 0.094 seconds
[2025-08-14T17:41:23.763+0000] {processor.py:161} INFO - Started process (PID=587) to work on /home/airflow/.local/lib/python3.8/site-packages/airflow/example_dags/tutorial_objectstorage.py
[2025-08-14T17:41:23.765+0000] {processor.py:830} INFO - Processing file /home/airflow/.local/lib/python3.8/site-packages/airflow/example_dags/tutorial_objectstorage.py for tasks to queue
[2025-08-14T17:41:23.766+0000] {logging_mixin.py:188} INFO - [2025-08-14T17:41:23.766+0000] {dagbag.py:540} INFO - Filling up the DagBag from /home/airflow/.local/lib/python3.8/site-packages/airflow/example_dags/tutorial_objectstorage.py
[2025-08-14T17:41:23.775+0000] {processor.py:840} INFO - DAG(s) 'tutorial_objectstorage' retrieved from /home/airflow/.local/lib/python3.8/site-packages/airflow/example_dags/tutorial_objectstorage.py
[2025-08-14T17:41:23.799+0000] {logging_mixin.py:188} INFO - [2025-08-14T17:41:23.798+0000] {dag.py:3047} INFO - Sync 1 DAGs
[2025-08-14T17:41:23.811+0000] {logging_mixin.py:188} INFO - [2025-08-14T17:41:23.810+0000] {dag.py:3834} INFO - Setting next_dagrun for tutorial_objectstorage to None, run_after=None
[2025-08-14T17:41:23.836+0000] {processor.py:183} INFO - Processing /home/airflow/.local/lib/python3.8/site-packages/airflow/example_dags/tutorial_objectstorage.py took 0.078 seconds
[2025-08-14T17:41:54.438+0000] {processor.py:161} INFO - Started process (PID=643) to work on /home/airflow/.local/lib/python3.8/site-packages/airflow/example_dags/tutorial_objectstorage.py
[2025-08-14T17:41:54.440+0000] {processor.py:830} INFO - Processing file /home/airflow/.local/lib/python3.8/site-packages/airflow/example_dags/tutorial_objectstorage.py for tasks to queue
[2025-08-14T17:41:54.442+0000] {logging_mixin.py:188} INFO - [2025-08-14T17:41:54.441+0000] {dagbag.py:540} INFO - Filling up the DagBag from /home/airflow/.local/lib/python3.8/site-packages/airflow/example_dags/tutorial_objectstorage.py
[2025-08-14T17:41:54.454+0000] {processor.py:840} INFO - DAG(s) 'tutorial_objectstorage' retrieved from /home/airflow/.local/lib/python3.8/site-packages/airflow/example_dags/tutorial_objectstorage.py
[2025-08-14T17:41:54.477+0000] {logging_mixin.py:188} INFO - [2025-08-14T17:41:54.476+0000] {dag.py:3047} INFO - Sync 1 DAGs
[2025-08-14T17:41:54.493+0000] {logging_mixin.py:188} INFO - [2025-08-14T17:41:54.493+0000] {dag.py:3834} INFO - Setting next_dagrun for tutorial_objectstorage to None, run_after=None
[2025-08-14T17:41:54.523+0000] {processor.py:183} INFO - Processing /home/airflow/.local/lib/python3.8/site-packages/airflow/example_dags/tutorial_objectstorage.py took 0.090 seconds
[2025-08-14T17:42:25.144+0000] {processor.py:161} INFO - Started process (PID=699) to work on /home/airflow/.local/lib/python3.8/site-packages/airflow/example_dags/tutorial_objectstorage.py
[2025-08-14T17:42:25.147+0000] {processor.py:830} INFO - Processing file /home/airflow/.local/lib/python3.8/site-packages/airflow/example_dags/tutorial_objectstorage.py for tasks to queue
[2025-08-14T17:42:25.153+0000] {logging_mixin.py:188} INFO - [2025-08-14T17:42:25.152+0000] {dagbag.py:540} INFO - Filling up the DagBag from /home/airflow/.local/lib/python3.8/site-packages/airflow/example_dags/tutorial_objectstorage.py
[2025-08-14T17:42:25.178+0000] {processor.py:840} INFO - DAG(s) 'tutorial_objectstorage' retrieved from /home/airflow/.local/lib/python3.8/site-packages/airflow/example_dags/tutorial_objectstorage.py
[2025-08-14T17:42:25.210+0000] {logging_mixin.py:188} INFO - [2025-08-14T17:42:25.209+0000] {dag.py:3047} INFO - Sync 1 DAGs
[2025-08-14T17:42:25.229+0000] {logging_mixin.py:188} INFO - [2025-08-14T17:42:25.228+0000] {dag.py:3834} INFO - Setting next_dagrun for tutorial_objectstorage to None, run_after=None
[2025-08-14T17:42:25.249+0000] {processor.py:183} INFO - Processing /home/airflow/.local/lib/python3.8/site-packages/airflow/example_dags/tutorial_objectstorage.py took 0.109 seconds
[2025-08-14T17:42:55.434+0000] {processor.py:161} INFO - Started process (PID=755) to work on /home/airflow/.local/lib/python3.8/site-packages/airflow/example_dags/tutorial_objectstorage.py
[2025-08-14T17:42:55.440+0000] {processor.py:830} INFO - Processing file /home/airflow/.local/lib/python3.8/site-packages/airflow/example_dags/tutorial_objectstorage.py for tasks to queue
[2025-08-14T17:42:55.442+0000] {logging_mixin.py:188} INFO - [2025-08-14T17:42:55.442+0000] {dagbag.py:540} INFO - Filling up the DagBag from /home/airflow/.local/lib/python3.8/site-packages/airflow/example_dags/tutorial_objectstorage.py
[2025-08-14T17:42:55.455+0000] {processor.py:840} INFO - DAG(s) 'tutorial_objectstorage' retrieved from /home/airflow/.local/lib/python3.8/site-packages/airflow/example_dags/tutorial_objectstorage.py
[2025-08-14T17:42:55.479+0000] {logging_mixin.py:188} INFO - [2025-08-14T17:42:55.479+0000] {dag.py:3047} INFO - Sync 1 DAGs
[2025-08-14T17:42:55.491+0000] {logging_mixin.py:188} INFO - [2025-08-14T17:42:55.491+0000] {dag.py:3834} INFO - Setting next_dagrun for tutorial_objectstorage to None, run_after=None
[2025-08-14T17:42:55.516+0000] {processor.py:183} INFO - Processing /home/airflow/.local/lib/python3.8/site-packages/airflow/example_dags/tutorial_objectstorage.py took 0.092 seconds
[2025-08-14T17:43:25.960+0000] {processor.py:161} INFO - Started process (PID=811) to work on /home/airflow/.local/lib/python3.8/site-packages/airflow/example_dags/tutorial_objectstorage.py
[2025-08-14T17:43:25.973+0000] {processor.py:830} INFO - Processing file /home/airflow/.local/lib/python3.8/site-packages/airflow/example_dags/tutorial_objectstorage.py for tasks to queue
[2025-08-14T17:43:25.978+0000] {logging_mixin.py:188} INFO - [2025-08-14T17:43:25.978+0000] {dagbag.py:540} INFO - Filling up the DagBag from /home/airflow/.local/lib/python3.8/site-packages/airflow/example_dags/tutorial_objectstorage.py
[2025-08-14T17:43:26.011+0000] {processor.py:840} INFO - DAG(s) 'tutorial_objectstorage' retrieved from /home/airflow/.local/lib/python3.8/site-packages/airflow/example_dags/tutorial_objectstorage.py
[2025-08-14T17:43:26.091+0000] {logging_mixin.py:188} INFO - [2025-08-14T17:43:26.091+0000] {dag.py:3047} INFO - Sync 1 DAGs
[2025-08-14T17:43:26.121+0000] {logging_mixin.py:188} INFO - [2025-08-14T17:43:26.121+0000] {dag.py:3834} INFO - Setting next_dagrun for tutorial_objectstorage to None, run_after=None
[2025-08-14T17:43:26.169+0000] {processor.py:183} INFO - Processing /home/airflow/.local/lib/python3.8/site-packages/airflow/example_dags/tutorial_objectstorage.py took 0.223 seconds
[2025-08-14T17:43:56.390+0000] {processor.py:161} INFO - Started process (PID=867) to work on /home/airflow/.local/lib/python3.8/site-packages/airflow/example_dags/tutorial_objectstorage.py
[2025-08-14T17:43:56.393+0000] {processor.py:830} INFO - Processing file /home/airflow/.local/lib/python3.8/site-packages/airflow/example_dags/tutorial_objectstorage.py for tasks to queue
[2025-08-14T17:43:56.397+0000] {logging_mixin.py:188} INFO - [2025-08-14T17:43:56.397+0000] {dagbag.py:540} INFO - Filling up the DagBag from /home/airflow/.local/lib/python3.8/site-packages/airflow/example_dags/tutorial_objectstorage.py
[2025-08-14T17:43:56.412+0000] {processor.py:840} INFO - DAG(s) 'tutorial_objectstorage' retrieved from /home/airflow/.local/lib/python3.8/site-packages/airflow/example_dags/tutorial_objectstorage.py
[2025-08-14T17:43:56.435+0000] {logging_mixin.py:188} INFO - [2025-08-14T17:43:56.434+0000] {dag.py:3047} INFO - Sync 1 DAGs
[2025-08-14T17:43:56.445+0000] {logging_mixin.py:188} INFO - [2025-08-14T17:43:56.445+0000] {dag.py:3834} INFO - Setting next_dagrun for tutorial_objectstorage to None, run_after=None
[2025-08-14T17:43:56.464+0000] {processor.py:183} INFO - Processing /home/airflow/.local/lib/python3.8/site-packages/airflow/example_dags/tutorial_objectstorage.py took 0.079 seconds
[2025-08-14T17:44:26.629+0000] {processor.py:161} INFO - Started process (PID=923) to work on /home/airflow/.local/lib/python3.8/site-packages/airflow/example_dags/tutorial_objectstorage.py
[2025-08-14T17:44:26.630+0000] {processor.py:830} INFO - Processing file /home/airflow/.local/lib/python3.8/site-packages/airflow/example_dags/tutorial_objectstorage.py for tasks to queue
[2025-08-14T17:44:26.631+0000] {logging_mixin.py:188} INFO - [2025-08-14T17:44:26.631+0000] {dagbag.py:540} INFO - Filling up the DagBag from /home/airflow/.local/lib/python3.8/site-packages/airflow/example_dags/tutorial_objectstorage.py
[2025-08-14T17:44:26.637+0000] {processor.py:840} INFO - DAG(s) 'tutorial_objectstorage' retrieved from /home/airflow/.local/lib/python3.8/site-packages/airflow/example_dags/tutorial_objectstorage.py
[2025-08-14T17:44:26.657+0000] {logging_mixin.py:188} INFO - [2025-08-14T17:44:26.657+0000] {dag.py:3047} INFO - Sync 1 DAGs
[2025-08-14T17:44:26.665+0000] {logging_mixin.py:188} INFO - [2025-08-14T17:44:26.665+0000] {dag.py:3834} INFO - Setting next_dagrun for tutorial_objectstorage to None, run_after=None
[2025-08-14T17:44:26.683+0000] {processor.py:183} INFO - Processing /home/airflow/.local/lib/python3.8/site-packages/airflow/example_dags/tutorial_objectstorage.py took 0.057 seconds
[2025-08-14T17:44:56.957+0000] {processor.py:161} INFO - Started process (PID=979) to work on /home/airflow/.local/lib/python3.8/site-packages/airflow/example_dags/tutorial_objectstorage.py
[2025-08-14T17:44:56.958+0000] {processor.py:830} INFO - Processing file /home/airflow/.local/lib/python3.8/site-packages/airflow/example_dags/tutorial_objectstorage.py for tasks to queue
[2025-08-14T17:44:56.962+0000] {logging_mixin.py:188} INFO - [2025-08-14T17:44:56.962+0000] {dagbag.py:540} INFO - Filling up the DagBag from /home/airflow/.local/lib/python3.8/site-packages/airflow/example_dags/tutorial_objectstorage.py
[2025-08-14T17:44:56.968+0000] {processor.py:840} INFO - DAG(s) 'tutorial_objectstorage' retrieved from /home/airflow/.local/lib/python3.8/site-packages/airflow/example_dags/tutorial_objectstorage.py
[2025-08-14T17:44:56.987+0000] {logging_mixin.py:188} INFO - [2025-08-14T17:44:56.987+0000] {dag.py:3047} INFO - Sync 1 DAGs
[2025-08-14T17:44:56.996+0000] {logging_mixin.py:188} INFO - [2025-08-14T17:44:56.996+0000] {dag.py:3834} INFO - Setting next_dagrun for tutorial_objectstorage to None, run_after=None
[2025-08-14T17:44:57.012+0000] {processor.py:183} INFO - Processing /home/airflow/.local/lib/python3.8/site-packages/airflow/example_dags/tutorial_objectstorage.py took 0.058 seconds
[2025-08-14T17:45:27.249+0000] {processor.py:161} INFO - Started process (PID=1035) to work on /home/airflow/.local/lib/python3.8/site-packages/airflow/example_dags/tutorial_objectstorage.py
[2025-08-14T17:45:27.251+0000] {processor.py:830} INFO - Processing file /home/airflow/.local/lib/python3.8/site-packages/airflow/example_dags/tutorial_objectstorage.py for tasks to queue
[2025-08-14T17:45:27.255+0000] {logging_mixin.py:188} INFO - [2025-08-14T17:45:27.254+0000] {dagbag.py:540} INFO - Filling up the DagBag from /home/airflow/.local/lib/python3.8/site-packages/airflow/example_dags/tutorial_objectstorage.py
[2025-08-14T17:45:27.265+0000] {processor.py:840} INFO - DAG(s) 'tutorial_objectstorage' retrieved from /home/airflow/.local/lib/python3.8/site-packages/airflow/example_dags/tutorial_objectstorage.py
[2025-08-14T17:45:27.294+0000] {logging_mixin.py:188} INFO - [2025-08-14T17:45:27.294+0000] {dag.py:3047} INFO - Sync 1 DAGs
[2025-08-14T17:45:27.308+0000] {logging_mixin.py:188} INFO - [2025-08-14T17:45:27.308+0000] {dag.py:3834} INFO - Setting next_dagrun for tutorial_objectstorage to None, run_after=None
[2025-08-14T17:45:27.322+0000] {processor.py:183} INFO - Processing /home/airflow/.local/lib/python3.8/site-packages/airflow/example_dags/tutorial_objectstorage.py took 0.078 seconds
[2025-08-14T17:45:57.885+0000] {processor.py:161} INFO - Started process (PID=1091) to work on /home/airflow/.local/lib/python3.8/site-packages/airflow/example_dags/tutorial_objectstorage.py
[2025-08-14T17:45:57.890+0000] {processor.py:830} INFO - Processing file /home/airflow/.local/lib/python3.8/site-packages/airflow/example_dags/tutorial_objectstorage.py for tasks to queue
[2025-08-14T17:45:57.893+0000] {logging_mixin.py:188} INFO - [2025-08-14T17:45:57.893+0000] {dagbag.py:540} INFO - Filling up the DagBag from /home/airflow/.local/lib/python3.8/site-packages/airflow/example_dags/tutorial_objectstorage.py
[2025-08-14T17:45:57.903+0000] {processor.py:840} INFO - DAG(s) 'tutorial_objectstorage' retrieved from /home/airflow/.local/lib/python3.8/site-packages/airflow/example_dags/tutorial_objectstorage.py
[2025-08-14T17:45:57.928+0000] {logging_mixin.py:188} INFO - [2025-08-14T17:45:57.928+0000] {dag.py:3047} INFO - Sync 1 DAGs
[2025-08-14T17:45:57.937+0000] {logging_mixin.py:188} INFO - [2025-08-14T17:45:57.937+0000] {dag.py:3834} INFO - Setting next_dagrun for tutorial_objectstorage to None, run_after=None
[2025-08-14T17:45:57.953+0000] {processor.py:183} INFO - Processing /home/airflow/.local/lib/python3.8/site-packages/airflow/example_dags/tutorial_objectstorage.py took 0.074 seconds
[2025-08-14T17:46:28.177+0000] {processor.py:161} INFO - Started process (PID=1147) to work on /home/airflow/.local/lib/python3.8/site-packages/airflow/example_dags/tutorial_objectstorage.py
[2025-08-14T17:46:28.179+0000] {processor.py:830} INFO - Processing file /home/airflow/.local/lib/python3.8/site-packages/airflow/example_dags/tutorial_objectstorage.py for tasks to queue
[2025-08-14T17:46:28.182+0000] {logging_mixin.py:188} INFO - [2025-08-14T17:46:28.182+0000] {dagbag.py:540} INFO - Filling up the DagBag from /home/airflow/.local/lib/python3.8/site-packages/airflow/example_dags/tutorial_objectstorage.py
[2025-08-14T17:46:28.191+0000] {processor.py:840} INFO - DAG(s) 'tutorial_objectstorage' retrieved from /home/airflow/.local/lib/python3.8/site-packages/airflow/example_dags/tutorial_objectstorage.py
[2025-08-14T17:46:28.212+0000] {logging_mixin.py:188} INFO - [2025-08-14T17:46:28.212+0000] {dag.py:3047} INFO - Sync 1 DAGs
[2025-08-14T17:46:28.221+0000] {logging_mixin.py:188} INFO - [2025-08-14T17:46:28.221+0000] {dag.py:3834} INFO - Setting next_dagrun for tutorial_objectstorage to None, run_after=None
[2025-08-14T17:46:28.238+0000] {processor.py:183} INFO - Processing /home/airflow/.local/lib/python3.8/site-packages/airflow/example_dags/tutorial_objectstorage.py took 0.065 seconds
[2025-08-14T17:46:59.179+0000] {processor.py:161} INFO - Started process (PID=1203) to work on /home/airflow/.local/lib/python3.8/site-packages/airflow/example_dags/tutorial_objectstorage.py
[2025-08-14T17:46:59.181+0000] {processor.py:830} INFO - Processing file /home/airflow/.local/lib/python3.8/site-packages/airflow/example_dags/tutorial_objectstorage.py for tasks to queue
[2025-08-14T17:46:59.184+0000] {logging_mixin.py:188} INFO - [2025-08-14T17:46:59.183+0000] {dagbag.py:540} INFO - Filling up the DagBag from /home/airflow/.local/lib/python3.8/site-packages/airflow/example_dags/tutorial_objectstorage.py
[2025-08-14T17:46:59.226+0000] {processor.py:840} INFO - DAG(s) 'tutorial_objectstorage' retrieved from /home/airflow/.local/lib/python3.8/site-packages/airflow/example_dags/tutorial_objectstorage.py
[2025-08-14T17:46:59.259+0000] {logging_mixin.py:188} INFO - [2025-08-14T17:46:59.258+0000] {dag.py:3047} INFO - Sync 1 DAGs
[2025-08-14T17:46:59.289+0000] {logging_mixin.py:188} INFO - [2025-08-14T17:46:59.289+0000] {dag.py:3834} INFO - Setting next_dagrun for tutorial_objectstorage to None, run_after=None
[2025-08-14T17:46:59.323+0000] {processor.py:183} INFO - Processing /home/airflow/.local/lib/python3.8/site-packages/airflow/example_dags/tutorial_objectstorage.py took 0.149 seconds
[2025-08-14T17:47:30.066+0000] {processor.py:161} INFO - Started process (PID=1259) to work on /home/airflow/.local/lib/python3.8/site-packages/airflow/example_dags/tutorial_objectstorage.py
[2025-08-14T17:47:30.067+0000] {processor.py:830} INFO - Processing file /home/airflow/.local/lib/python3.8/site-packages/airflow/example_dags/tutorial_objectstorage.py for tasks to queue
[2025-08-14T17:47:30.070+0000] {logging_mixin.py:188} INFO - [2025-08-14T17:47:30.069+0000] {dagbag.py:540} INFO - Filling up the DagBag from /home/airflow/.local/lib/python3.8/site-packages/airflow/example_dags/tutorial_objectstorage.py
[2025-08-14T17:47:30.081+0000] {processor.py:840} INFO - DAG(s) 'tutorial_objectstorage' retrieved from /home/airflow/.local/lib/python3.8/site-packages/airflow/example_dags/tutorial_objectstorage.py
[2025-08-14T17:47:30.101+0000] {logging_mixin.py:188} INFO - [2025-08-14T17:47:30.101+0000] {dag.py:3047} INFO - Sync 1 DAGs
[2025-08-14T17:47:30.112+0000] {logging_mixin.py:188} INFO - [2025-08-14T17:47:30.112+0000] {dag.py:3834} INFO - Setting next_dagrun for tutorial_objectstorage to None, run_after=None
[2025-08-14T17:47:30.131+0000] {processor.py:183} INFO - Processing /home/airflow/.local/lib/python3.8/site-packages/airflow/example_dags/tutorial_objectstorage.py took 0.069 seconds
[2025-08-14T17:48:00.400+0000] {processor.py:161} INFO - Started process (PID=1315) to work on /home/airflow/.local/lib/python3.8/site-packages/airflow/example_dags/tutorial_objectstorage.py
[2025-08-14T17:48:00.401+0000] {processor.py:830} INFO - Processing file /home/airflow/.local/lib/python3.8/site-packages/airflow/example_dags/tutorial_objectstorage.py for tasks to queue
[2025-08-14T17:48:00.403+0000] {logging_mixin.py:188} INFO - [2025-08-14T17:48:00.403+0000] {dagbag.py:540} INFO - Filling up the DagBag from /home/airflow/.local/lib/python3.8/site-packages/airflow/example_dags/tutorial_objectstorage.py
[2025-08-14T17:48:00.411+0000] {processor.py:840} INFO - DAG(s) 'tutorial_objectstorage' retrieved from /home/airflow/.local/lib/python3.8/site-packages/airflow/example_dags/tutorial_objectstorage.py
[2025-08-14T17:48:00.428+0000] {logging_mixin.py:188} INFO - [2025-08-14T17:48:00.428+0000] {dag.py:3047} INFO - Sync 1 DAGs
[2025-08-14T17:48:00.441+0000] {logging_mixin.py:188} INFO - [2025-08-14T17:48:00.441+0000] {dag.py:3834} INFO - Setting next_dagrun for tutorial_objectstorage to None, run_after=None
[2025-08-14T17:48:00.456+0000] {processor.py:183} INFO - Processing /home/airflow/.local/lib/python3.8/site-packages/airflow/example_dags/tutorial_objectstorage.py took 0.059 seconds
[2025-08-14T17:48:30.766+0000] {processor.py:161} INFO - Started process (PID=1371) to work on /home/airflow/.local/lib/python3.8/site-packages/airflow/example_dags/tutorial_objectstorage.py
[2025-08-14T17:48:30.769+0000] {processor.py:830} INFO - Processing file /home/airflow/.local/lib/python3.8/site-packages/airflow/example_dags/tutorial_objectstorage.py for tasks to queue
[2025-08-14T17:48:30.771+0000] {logging_mixin.py:188} INFO - [2025-08-14T17:48:30.771+0000] {dagbag.py:540} INFO - Filling up the DagBag from /home/airflow/.local/lib/python3.8/site-packages/airflow/example_dags/tutorial_objectstorage.py
[2025-08-14T17:48:30.784+0000] {processor.py:840} INFO - DAG(s) 'tutorial_objectstorage' retrieved from /home/airflow/.local/lib/python3.8/site-packages/airflow/example_dags/tutorial_objectstorage.py
[2025-08-14T17:48:30.805+0000] {logging_mixin.py:188} INFO - [2025-08-14T17:48:30.805+0000] {dag.py:3047} INFO - Sync 1 DAGs
[2025-08-14T17:48:30.815+0000] {logging_mixin.py:188} INFO - [2025-08-14T17:48:30.815+0000] {dag.py:3834} INFO - Setting next_dagrun for tutorial_objectstorage to None, run_after=None
[2025-08-14T17:48:30.832+0000] {processor.py:183} INFO - Processing /home/airflow/.local/lib/python3.8/site-packages/airflow/example_dags/tutorial_objectstorage.py took 0.070 seconds
[2025-08-14T17:49:01.445+0000] {processor.py:161} INFO - Started process (PID=1427) to work on /home/airflow/.local/lib/python3.8/site-packages/airflow/example_dags/tutorial_objectstorage.py
[2025-08-14T17:49:01.448+0000] {processor.py:830} INFO - Processing file /home/airflow/.local/lib/python3.8/site-packages/airflow/example_dags/tutorial_objectstorage.py for tasks to queue
[2025-08-14T17:49:01.452+0000] {logging_mixin.py:188} INFO - [2025-08-14T17:49:01.452+0000] {dagbag.py:540} INFO - Filling up the DagBag from /home/airflow/.local/lib/python3.8/site-packages/airflow/example_dags/tutorial_objectstorage.py
[2025-08-14T17:49:01.464+0000] {processor.py:840} INFO - DAG(s) 'tutorial_objectstorage' retrieved from /home/airflow/.local/lib/python3.8/site-packages/airflow/example_dags/tutorial_objectstorage.py
[2025-08-14T17:49:01.482+0000] {logging_mixin.py:188} INFO - [2025-08-14T17:49:01.482+0000] {dag.py:3047} INFO - Sync 1 DAGs
[2025-08-14T17:49:01.495+0000] {logging_mixin.py:188} INFO - [2025-08-14T17:49:01.495+0000] {dag.py:3834} INFO - Setting next_dagrun for tutorial_objectstorage to None, run_after=None
[2025-08-14T17:49:01.516+0000] {processor.py:183} INFO - Processing /home/airflow/.local/lib/python3.8/site-packages/airflow/example_dags/tutorial_objectstorage.py took 0.083 seconds
[2025-08-14T17:49:31.535+0000] {processor.py:161} INFO - Started process (PID=1482) to work on /home/airflow/.local/lib/python3.8/site-packages/airflow/example_dags/tutorial_objectstorage.py
[2025-08-14T17:49:31.537+0000] {processor.py:830} INFO - Processing file /home/airflow/.local/lib/python3.8/site-packages/airflow/example_dags/tutorial_objectstorage.py for tasks to queue
[2025-08-14T17:49:31.539+0000] {logging_mixin.py:188} INFO - [2025-08-14T17:49:31.538+0000] {dagbag.py:540} INFO - Filling up the DagBag from /home/airflow/.local/lib/python3.8/site-packages/airflow/example_dags/tutorial_objectstorage.py
[2025-08-14T17:49:31.544+0000] {processor.py:840} INFO - DAG(s) 'tutorial_objectstorage' retrieved from /home/airflow/.local/lib/python3.8/site-packages/airflow/example_dags/tutorial_objectstorage.py
[2025-08-14T17:49:31.559+0000] {logging_mixin.py:188} INFO - [2025-08-14T17:49:31.559+0000] {dag.py:3047} INFO - Sync 1 DAGs
[2025-08-14T17:49:31.567+0000] {logging_mixin.py:188} INFO - [2025-08-14T17:49:31.567+0000] {dag.py:3834} INFO - Setting next_dagrun for tutorial_objectstorage to None, run_after=None
[2025-08-14T17:49:31.581+0000] {processor.py:183} INFO - Processing /home/airflow/.local/lib/python3.8/site-packages/airflow/example_dags/tutorial_objectstorage.py took 0.049 seconds
[2025-08-14T17:50:02.199+0000] {processor.py:161} INFO - Started process (PID=1539) to work on /home/airflow/.local/lib/python3.8/site-packages/airflow/example_dags/tutorial_objectstorage.py
[2025-08-14T17:50:02.200+0000] {processor.py:830} INFO - Processing file /home/airflow/.local/lib/python3.8/site-packages/airflow/example_dags/tutorial_objectstorage.py for tasks to queue
[2025-08-14T17:50:02.203+0000] {logging_mixin.py:188} INFO - [2025-08-14T17:50:02.202+0000] {dagbag.py:540} INFO - Filling up the DagBag from /home/airflow/.local/lib/python3.8/site-packages/airflow/example_dags/tutorial_objectstorage.py
[2025-08-14T17:50:02.213+0000] {processor.py:840} INFO - DAG(s) 'tutorial_objectstorage' retrieved from /home/airflow/.local/lib/python3.8/site-packages/airflow/example_dags/tutorial_objectstorage.py
[2025-08-14T17:50:02.245+0000] {logging_mixin.py:188} INFO - [2025-08-14T17:50:02.245+0000] {dag.py:3047} INFO - Sync 1 DAGs
[2025-08-14T17:50:02.255+0000] {logging_mixin.py:188} INFO - [2025-08-14T17:50:02.254+0000] {dag.py:3834} INFO - Setting next_dagrun for tutorial_objectstorage to None, run_after=None
[2025-08-14T17:50:02.268+0000] {processor.py:183} INFO - Processing /home/airflow/.local/lib/python3.8/site-packages/airflow/example_dags/tutorial_objectstorage.py took 0.072 seconds
[2025-08-14T17:50:33.214+0000] {processor.py:161} INFO - Started process (PID=1595) to work on /home/airflow/.local/lib/python3.8/site-packages/airflow/example_dags/tutorial_objectstorage.py
[2025-08-14T17:50:33.220+0000] {processor.py:830} INFO - Processing file /home/airflow/.local/lib/python3.8/site-packages/airflow/example_dags/tutorial_objectstorage.py for tasks to queue
[2025-08-14T17:50:33.222+0000] {logging_mixin.py:188} INFO - [2025-08-14T17:50:33.222+0000] {dagbag.py:540} INFO - Filling up the DagBag from /home/airflow/.local/lib/python3.8/site-packages/airflow/example_dags/tutorial_objectstorage.py
[2025-08-14T17:50:33.231+0000] {processor.py:840} INFO - DAG(s) 'tutorial_objectstorage' retrieved from /home/airflow/.local/lib/python3.8/site-packages/airflow/example_dags/tutorial_objectstorage.py
[2025-08-14T17:50:33.245+0000] {logging_mixin.py:188} INFO - [2025-08-14T17:50:33.245+0000] {dag.py:3047} INFO - Sync 1 DAGs
[2025-08-14T17:50:33.253+0000] {logging_mixin.py:188} INFO - [2025-08-14T17:50:33.253+0000] {dag.py:3834} INFO - Setting next_dagrun for tutorial_objectstorage to None, run_after=None
[2025-08-14T17:50:33.270+0000] {processor.py:183} INFO - Processing /home/airflow/.local/lib/python3.8/site-packages/airflow/example_dags/tutorial_objectstorage.py took 0.060 seconds
[2025-08-14T17:51:04.051+0000] {processor.py:161} INFO - Started process (PID=1651) to work on /home/airflow/.local/lib/python3.8/site-packages/airflow/example_dags/tutorial_objectstorage.py
[2025-08-14T17:51:04.053+0000] {processor.py:830} INFO - Processing file /home/airflow/.local/lib/python3.8/site-packages/airflow/example_dags/tutorial_objectstorage.py for tasks to queue
[2025-08-14T17:51:04.058+0000] {logging_mixin.py:188} INFO - [2025-08-14T17:51:04.057+0000] {dagbag.py:540} INFO - Filling up the DagBag from /home/airflow/.local/lib/python3.8/site-packages/airflow/example_dags/tutorial_objectstorage.py
[2025-08-14T17:51:04.065+0000] {processor.py:840} INFO - DAG(s) 'tutorial_objectstorage' retrieved from /home/airflow/.local/lib/python3.8/site-packages/airflow/example_dags/tutorial_objectstorage.py
[2025-08-14T17:51:04.084+0000] {logging_mixin.py:188} INFO - [2025-08-14T17:51:04.084+0000] {dag.py:3047} INFO - Sync 1 DAGs
[2025-08-14T17:51:04.096+0000] {logging_mixin.py:188} INFO - [2025-08-14T17:51:04.096+0000] {dag.py:3834} INFO - Setting next_dagrun for tutorial_objectstorage to None, run_after=None
[2025-08-14T17:51:04.114+0000] {processor.py:183} INFO - Processing /home/airflow/.local/lib/python3.8/site-packages/airflow/example_dags/tutorial_objectstorage.py took 0.066 seconds
[2025-08-14T17:51:34.553+0000] {processor.py:161} INFO - Started process (PID=1707) to work on /home/airflow/.local/lib/python3.8/site-packages/airflow/example_dags/tutorial_objectstorage.py
[2025-08-14T17:51:34.555+0000] {processor.py:830} INFO - Processing file /home/airflow/.local/lib/python3.8/site-packages/airflow/example_dags/tutorial_objectstorage.py for tasks to queue
[2025-08-14T17:51:34.557+0000] {logging_mixin.py:188} INFO - [2025-08-14T17:51:34.557+0000] {dagbag.py:540} INFO - Filling up the DagBag from /home/airflow/.local/lib/python3.8/site-packages/airflow/example_dags/tutorial_objectstorage.py
[2025-08-14T17:51:34.565+0000] {processor.py:840} INFO - DAG(s) 'tutorial_objectstorage' retrieved from /home/airflow/.local/lib/python3.8/site-packages/airflow/example_dags/tutorial_objectstorage.py
[2025-08-14T17:51:34.581+0000] {logging_mixin.py:188} INFO - [2025-08-14T17:51:34.581+0000] {dag.py:3047} INFO - Sync 1 DAGs
[2025-08-14T17:51:34.588+0000] {logging_mixin.py:188} INFO - [2025-08-14T17:51:34.588+0000] {dag.py:3834} INFO - Setting next_dagrun for tutorial_objectstorage to None, run_after=None
[2025-08-14T17:51:34.610+0000] {processor.py:183} INFO - Processing /home/airflow/.local/lib/python3.8/site-packages/airflow/example_dags/tutorial_objectstorage.py took 0.059 seconds
[2025-08-14T17:52:05.251+0000] {processor.py:161} INFO - Started process (PID=1763) to work on /home/airflow/.local/lib/python3.8/site-packages/airflow/example_dags/tutorial_objectstorage.py
[2025-08-14T17:52:05.256+0000] {processor.py:830} INFO - Processing file /home/airflow/.local/lib/python3.8/site-packages/airflow/example_dags/tutorial_objectstorage.py for tasks to queue
[2025-08-14T17:52:05.261+0000] {logging_mixin.py:188} INFO - [2025-08-14T17:52:05.261+0000] {dagbag.py:540} INFO - Filling up the DagBag from /home/airflow/.local/lib/python3.8/site-packages/airflow/example_dags/tutorial_objectstorage.py
[2025-08-14T17:52:05.284+0000] {processor.py:840} INFO - DAG(s) 'tutorial_objectstorage' retrieved from /home/airflow/.local/lib/python3.8/site-packages/airflow/example_dags/tutorial_objectstorage.py
[2025-08-14T17:52:05.305+0000] {logging_mixin.py:188} INFO - [2025-08-14T17:52:05.305+0000] {dag.py:3047} INFO - Sync 1 DAGs
[2025-08-14T17:52:05.319+0000] {logging_mixin.py:188} INFO - [2025-08-14T17:52:05.319+0000] {dag.py:3834} INFO - Setting next_dagrun for tutorial_objectstorage to None, run_after=None
[2025-08-14T17:52:05.336+0000] {processor.py:183} INFO - Processing /home/airflow/.local/lib/python3.8/site-packages/airflow/example_dags/tutorial_objectstorage.py took 0.092 seconds
[2025-08-14T17:52:35.553+0000] {processor.py:161} INFO - Started process (PID=1819) to work on /home/airflow/.local/lib/python3.8/site-packages/airflow/example_dags/tutorial_objectstorage.py
[2025-08-14T17:52:35.555+0000] {processor.py:830} INFO - Processing file /home/airflow/.local/lib/python3.8/site-packages/airflow/example_dags/tutorial_objectstorage.py for tasks to queue
[2025-08-14T17:52:35.559+0000] {logging_mixin.py:188} INFO - [2025-08-14T17:52:35.559+0000] {dagbag.py:540} INFO - Filling up the DagBag from /home/airflow/.local/lib/python3.8/site-packages/airflow/example_dags/tutorial_objectstorage.py
[2025-08-14T17:52:35.567+0000] {processor.py:840} INFO - DAG(s) 'tutorial_objectstorage' retrieved from /home/airflow/.local/lib/python3.8/site-packages/airflow/example_dags/tutorial_objectstorage.py
[2025-08-14T17:52:35.583+0000] {logging_mixin.py:188} INFO - [2025-08-14T17:52:35.583+0000] {dag.py:3047} INFO - Sync 1 DAGs
[2025-08-14T17:52:35.590+0000] {logging_mixin.py:188} INFO - [2025-08-14T17:52:35.590+0000] {dag.py:3834} INFO - Setting next_dagrun for tutorial_objectstorage to None, run_after=None
[2025-08-14T17:52:35.604+0000] {processor.py:183} INFO - Processing /home/airflow/.local/lib/python3.8/site-packages/airflow/example_dags/tutorial_objectstorage.py took 0.055 seconds
[2025-08-14T17:53:06.491+0000] {processor.py:161} INFO - Started process (PID=1875) to work on /home/airflow/.local/lib/python3.8/site-packages/airflow/example_dags/tutorial_objectstorage.py
[2025-08-14T17:53:06.494+0000] {processor.py:830} INFO - Processing file /home/airflow/.local/lib/python3.8/site-packages/airflow/example_dags/tutorial_objectstorage.py for tasks to queue
[2025-08-14T17:53:06.498+0000] {logging_mixin.py:188} INFO - [2025-08-14T17:53:06.498+0000] {dagbag.py:540} INFO - Filling up the DagBag from /home/airflow/.local/lib/python3.8/site-packages/airflow/example_dags/tutorial_objectstorage.py
[2025-08-14T17:53:06.508+0000] {processor.py:840} INFO - DAG(s) 'tutorial_objectstorage' retrieved from /home/airflow/.local/lib/python3.8/site-packages/airflow/example_dags/tutorial_objectstorage.py
[2025-08-14T17:53:06.524+0000] {logging_mixin.py:188} INFO - [2025-08-14T17:53:06.524+0000] {dag.py:3047} INFO - Sync 1 DAGs
[2025-08-14T17:53:06.535+0000] {logging_mixin.py:188} INFO - [2025-08-14T17:53:06.535+0000] {dag.py:3834} INFO - Setting next_dagrun for tutorial_objectstorage to None, run_after=None
[2025-08-14T17:53:06.550+0000] {processor.py:183} INFO - Processing /home/airflow/.local/lib/python3.8/site-packages/airflow/example_dags/tutorial_objectstorage.py took 0.072 seconds
[2025-08-14T17:53:36.681+0000] {processor.py:161} INFO - Started process (PID=1931) to work on /home/airflow/.local/lib/python3.8/site-packages/airflow/example_dags/tutorial_objectstorage.py
[2025-08-14T17:53:36.687+0000] {processor.py:830} INFO - Processing file /home/airflow/.local/lib/python3.8/site-packages/airflow/example_dags/tutorial_objectstorage.py for tasks to queue
[2025-08-14T17:53:36.689+0000] {logging_mixin.py:188} INFO - [2025-08-14T17:53:36.689+0000] {dagbag.py:540} INFO - Filling up the DagBag from /home/airflow/.local/lib/python3.8/site-packages/airflow/example_dags/tutorial_objectstorage.py
[2025-08-14T17:53:36.699+0000] {processor.py:840} INFO - DAG(s) 'tutorial_objectstorage' retrieved from /home/airflow/.local/lib/python3.8/site-packages/airflow/example_dags/tutorial_objectstorage.py
[2025-08-14T17:53:36.716+0000] {logging_mixin.py:188} INFO - [2025-08-14T17:53:36.715+0000] {dag.py:3047} INFO - Sync 1 DAGs
[2025-08-14T17:53:36.725+0000] {logging_mixin.py:188} INFO - [2025-08-14T17:53:36.724+0000] {dag.py:3834} INFO - Setting next_dagrun for tutorial_objectstorage to None, run_after=None
[2025-08-14T17:53:36.743+0000] {processor.py:183} INFO - Processing /home/airflow/.local/lib/python3.8/site-packages/airflow/example_dags/tutorial_objectstorage.py took 0.068 seconds
[2025-08-14T17:54:06.872+0000] {processor.py:161} INFO - Started process (PID=1987) to work on /home/airflow/.local/lib/python3.8/site-packages/airflow/example_dags/tutorial_objectstorage.py
[2025-08-14T17:54:06.874+0000] {processor.py:830} INFO - Processing file /home/airflow/.local/lib/python3.8/site-packages/airflow/example_dags/tutorial_objectstorage.py for tasks to queue
[2025-08-14T17:54:06.878+0000] {logging_mixin.py:188} INFO - [2025-08-14T17:54:06.877+0000] {dagbag.py:540} INFO - Filling up the DagBag from /home/airflow/.local/lib/python3.8/site-packages/airflow/example_dags/tutorial_objectstorage.py
[2025-08-14T17:54:06.890+0000] {processor.py:840} INFO - DAG(s) 'tutorial_objectstorage' retrieved from /home/airflow/.local/lib/python3.8/site-packages/airflow/example_dags/tutorial_objectstorage.py
[2025-08-14T17:54:06.926+0000] {logging_mixin.py:188} INFO - [2025-08-14T17:54:06.925+0000] {dag.py:3047} INFO - Sync 1 DAGs
[2025-08-14T17:54:06.937+0000] {logging_mixin.py:188} INFO - [2025-08-14T17:54:06.937+0000] {dag.py:3834} INFO - Setting next_dagrun for tutorial_objectstorage to None, run_after=None
[2025-08-14T17:54:06.954+0000] {processor.py:183} INFO - Processing /home/airflow/.local/lib/python3.8/site-packages/airflow/example_dags/tutorial_objectstorage.py took 0.087 seconds
[2025-08-14T17:54:37.296+0000] {processor.py:161} INFO - Started process (PID=2043) to work on /home/airflow/.local/lib/python3.8/site-packages/airflow/example_dags/tutorial_objectstorage.py
[2025-08-14T17:54:37.303+0000] {processor.py:830} INFO - Processing file /home/airflow/.local/lib/python3.8/site-packages/airflow/example_dags/tutorial_objectstorage.py for tasks to queue
[2025-08-14T17:54:37.305+0000] {logging_mixin.py:188} INFO - [2025-08-14T17:54:37.305+0000] {dagbag.py:540} INFO - Filling up the DagBag from /home/airflow/.local/lib/python3.8/site-packages/airflow/example_dags/tutorial_objectstorage.py
[2025-08-14T17:54:37.317+0000] {processor.py:840} INFO - DAG(s) 'tutorial_objectstorage' retrieved from /home/airflow/.local/lib/python3.8/site-packages/airflow/example_dags/tutorial_objectstorage.py
[2025-08-14T17:54:37.355+0000] {logging_mixin.py:188} INFO - [2025-08-14T17:54:37.355+0000] {dag.py:3047} INFO - Sync 1 DAGs
[2025-08-14T17:54:37.365+0000] {logging_mixin.py:188} INFO - [2025-08-14T17:54:37.365+0000] {dag.py:3834} INFO - Setting next_dagrun for tutorial_objectstorage to None, run_after=None
[2025-08-14T17:54:37.385+0000] {processor.py:183} INFO - Processing /home/airflow/.local/lib/python3.8/site-packages/airflow/example_dags/tutorial_objectstorage.py took 0.092 seconds
[2025-08-14T17:55:07.847+0000] {processor.py:161} INFO - Started process (PID=2099) to work on /home/airflow/.local/lib/python3.8/site-packages/airflow/example_dags/tutorial_objectstorage.py
[2025-08-14T17:55:07.853+0000] {processor.py:830} INFO - Processing file /home/airflow/.local/lib/python3.8/site-packages/airflow/example_dags/tutorial_objectstorage.py for tasks to queue
[2025-08-14T17:55:07.855+0000] {logging_mixin.py:188} INFO - [2025-08-14T17:55:07.855+0000] {dagbag.py:540} INFO - Filling up the DagBag from /home/airflow/.local/lib/python3.8/site-packages/airflow/example_dags/tutorial_objectstorage.py
[2025-08-14T17:55:07.862+0000] {processor.py:840} INFO - DAG(s) 'tutorial_objectstorage' retrieved from /home/airflow/.local/lib/python3.8/site-packages/airflow/example_dags/tutorial_objectstorage.py
[2025-08-14T17:55:07.883+0000] {logging_mixin.py:188} INFO - [2025-08-14T17:55:07.883+0000] {dag.py:3047} INFO - Sync 1 DAGs
[2025-08-14T17:55:07.891+0000] {logging_mixin.py:188} INFO - [2025-08-14T17:55:07.891+0000] {dag.py:3834} INFO - Setting next_dagrun for tutorial_objectstorage to None, run_after=None
[2025-08-14T17:55:07.909+0000] {processor.py:183} INFO - Processing /home/airflow/.local/lib/python3.8/site-packages/airflow/example_dags/tutorial_objectstorage.py took 0.066 seconds
[2025-08-14T17:55:38.506+0000] {processor.py:161} INFO - Started process (PID=2155) to work on /home/airflow/.local/lib/python3.8/site-packages/airflow/example_dags/tutorial_objectstorage.py
[2025-08-14T17:55:38.509+0000] {processor.py:830} INFO - Processing file /home/airflow/.local/lib/python3.8/site-packages/airflow/example_dags/tutorial_objectstorage.py for tasks to queue
[2025-08-14T17:55:38.511+0000] {logging_mixin.py:188} INFO - [2025-08-14T17:55:38.511+0000] {dagbag.py:540} INFO - Filling up the DagBag from /home/airflow/.local/lib/python3.8/site-packages/airflow/example_dags/tutorial_objectstorage.py
[2025-08-14T17:55:38.521+0000] {processor.py:840} INFO - DAG(s) 'tutorial_objectstorage' retrieved from /home/airflow/.local/lib/python3.8/site-packages/airflow/example_dags/tutorial_objectstorage.py
[2025-08-14T17:55:38.543+0000] {logging_mixin.py:188} INFO - [2025-08-14T17:55:38.542+0000] {dag.py:3047} INFO - Sync 1 DAGs
[2025-08-14T17:55:38.552+0000] {logging_mixin.py:188} INFO - [2025-08-14T17:55:38.551+0000] {dag.py:3834} INFO - Setting next_dagrun for tutorial_objectstorage to None, run_after=None
[2025-08-14T17:55:38.562+0000] {processor.py:183} INFO - Processing /home/airflow/.local/lib/python3.8/site-packages/airflow/example_dags/tutorial_objectstorage.py took 0.061 seconds
[2025-08-14T17:56:09.014+0000] {processor.py:161} INFO - Started process (PID=2211) to work on /home/airflow/.local/lib/python3.8/site-packages/airflow/example_dags/tutorial_objectstorage.py
[2025-08-14T17:56:09.021+0000] {processor.py:830} INFO - Processing file /home/airflow/.local/lib/python3.8/site-packages/airflow/example_dags/tutorial_objectstorage.py for tasks to queue
[2025-08-14T17:56:09.032+0000] {logging_mixin.py:188} INFO - [2025-08-14T17:56:09.029+0000] {dagbag.py:540} INFO - Filling up the DagBag from /home/airflow/.local/lib/python3.8/site-packages/airflow/example_dags/tutorial_objectstorage.py
[2025-08-14T17:56:09.051+0000] {processor.py:840} INFO - DAG(s) 'tutorial_objectstorage' retrieved from /home/airflow/.local/lib/python3.8/site-packages/airflow/example_dags/tutorial_objectstorage.py
[2025-08-14T17:56:09.076+0000] {logging_mixin.py:188} INFO - [2025-08-14T17:56:09.076+0000] {dag.py:3047} INFO - Sync 1 DAGs
[2025-08-14T17:56:09.087+0000] {logging_mixin.py:188} INFO - [2025-08-14T17:56:09.087+0000] {dag.py:3834} INFO - Setting next_dagrun for tutorial_objectstorage to None, run_after=None
[2025-08-14T17:56:09.108+0000] {processor.py:183} INFO - Processing /home/airflow/.local/lib/python3.8/site-packages/airflow/example_dags/tutorial_objectstorage.py took 0.105 seconds
[2025-08-14T17:56:39.372+0000] {processor.py:161} INFO - Started process (PID=2267) to work on /home/airflow/.local/lib/python3.8/site-packages/airflow/example_dags/tutorial_objectstorage.py
[2025-08-14T17:56:39.374+0000] {processor.py:830} INFO - Processing file /home/airflow/.local/lib/python3.8/site-packages/airflow/example_dags/tutorial_objectstorage.py for tasks to queue
[2025-08-14T17:56:39.376+0000] {logging_mixin.py:188} INFO - [2025-08-14T17:56:39.375+0000] {dagbag.py:540} INFO - Filling up the DagBag from /home/airflow/.local/lib/python3.8/site-packages/airflow/example_dags/tutorial_objectstorage.py
[2025-08-14T17:56:39.385+0000] {processor.py:840} INFO - DAG(s) 'tutorial_objectstorage' retrieved from /home/airflow/.local/lib/python3.8/site-packages/airflow/example_dags/tutorial_objectstorage.py
[2025-08-14T17:56:39.408+0000] {logging_mixin.py:188} INFO - [2025-08-14T17:56:39.408+0000] {dag.py:3047} INFO - Sync 1 DAGs
[2025-08-14T17:56:39.418+0000] {logging_mixin.py:188} INFO - [2025-08-14T17:56:39.417+0000] {dag.py:3834} INFO - Setting next_dagrun for tutorial_objectstorage to None, run_after=None
[2025-08-14T17:56:39.432+0000] {processor.py:183} INFO - Processing /home/airflow/.local/lib/python3.8/site-packages/airflow/example_dags/tutorial_objectstorage.py took 0.062 seconds
[2025-08-14T17:57:09.775+0000] {processor.py:161} INFO - Started process (PID=2323) to work on /home/airflow/.local/lib/python3.8/site-packages/airflow/example_dags/tutorial_objectstorage.py
[2025-08-14T17:57:09.778+0000] {processor.py:830} INFO - Processing file /home/airflow/.local/lib/python3.8/site-packages/airflow/example_dags/tutorial_objectstorage.py for tasks to queue
[2025-08-14T17:57:09.780+0000] {logging_mixin.py:188} INFO - [2025-08-14T17:57:09.779+0000] {dagbag.py:540} INFO - Filling up the DagBag from /home/airflow/.local/lib/python3.8/site-packages/airflow/example_dags/tutorial_objectstorage.py
[2025-08-14T17:57:09.789+0000] {processor.py:840} INFO - DAG(s) 'tutorial_objectstorage' retrieved from /home/airflow/.local/lib/python3.8/site-packages/airflow/example_dags/tutorial_objectstorage.py
[2025-08-14T17:57:09.809+0000] {logging_mixin.py:188} INFO - [2025-08-14T17:57:09.809+0000] {dag.py:3047} INFO - Sync 1 DAGs
[2025-08-14T17:57:09.817+0000] {logging_mixin.py:188} INFO - [2025-08-14T17:57:09.817+0000] {dag.py:3834} INFO - Setting next_dagrun for tutorial_objectstorage to None, run_after=None
[2025-08-14T17:57:09.828+0000] {processor.py:183} INFO - Processing /home/airflow/.local/lib/python3.8/site-packages/airflow/example_dags/tutorial_objectstorage.py took 0.057 seconds
[2025-08-14T17:57:40.201+0000] {processor.py:161} INFO - Started process (PID=2379) to work on /home/airflow/.local/lib/python3.8/site-packages/airflow/example_dags/tutorial_objectstorage.py
[2025-08-14T17:57:40.203+0000] {processor.py:830} INFO - Processing file /home/airflow/.local/lib/python3.8/site-packages/airflow/example_dags/tutorial_objectstorage.py for tasks to queue
[2025-08-14T17:57:40.205+0000] {logging_mixin.py:188} INFO - [2025-08-14T17:57:40.205+0000] {dagbag.py:540} INFO - Filling up the DagBag from /home/airflow/.local/lib/python3.8/site-packages/airflow/example_dags/tutorial_objectstorage.py
[2025-08-14T17:57:40.212+0000] {processor.py:840} INFO - DAG(s) 'tutorial_objectstorage' retrieved from /home/airflow/.local/lib/python3.8/site-packages/airflow/example_dags/tutorial_objectstorage.py
[2025-08-14T17:57:40.231+0000] {logging_mixin.py:188} INFO - [2025-08-14T17:57:40.231+0000] {dag.py:3047} INFO - Sync 1 DAGs
[2025-08-14T17:57:40.239+0000] {logging_mixin.py:188} INFO - [2025-08-14T17:57:40.239+0000] {dag.py:3834} INFO - Setting next_dagrun for tutorial_objectstorage to None, run_after=None
[2025-08-14T17:57:40.251+0000] {processor.py:183} INFO - Processing /home/airflow/.local/lib/python3.8/site-packages/airflow/example_dags/tutorial_objectstorage.py took 0.057 seconds
[2025-08-14T17:58:10.916+0000] {processor.py:161} INFO - Started process (PID=2435) to work on /home/airflow/.local/lib/python3.8/site-packages/airflow/example_dags/tutorial_objectstorage.py
[2025-08-14T17:58:10.919+0000] {processor.py:830} INFO - Processing file /home/airflow/.local/lib/python3.8/site-packages/airflow/example_dags/tutorial_objectstorage.py for tasks to queue
[2025-08-14T17:58:10.922+0000] {logging_mixin.py:188} INFO - [2025-08-14T17:58:10.922+0000] {dagbag.py:540} INFO - Filling up the DagBag from /home/airflow/.local/lib/python3.8/site-packages/airflow/example_dags/tutorial_objectstorage.py
[2025-08-14T17:58:10.939+0000] {processor.py:840} INFO - DAG(s) 'tutorial_objectstorage' retrieved from /home/airflow/.local/lib/python3.8/site-packages/airflow/example_dags/tutorial_objectstorage.py
[2025-08-14T17:58:10.963+0000] {logging_mixin.py:188} INFO - [2025-08-14T17:58:10.963+0000] {dag.py:3047} INFO - Sync 1 DAGs
[2025-08-14T17:58:10.975+0000] {logging_mixin.py:188} INFO - [2025-08-14T17:58:10.975+0000] {dag.py:3834} INFO - Setting next_dagrun for tutorial_objectstorage to None, run_after=None
[2025-08-14T17:58:10.996+0000] {processor.py:183} INFO - Processing /home/airflow/.local/lib/python3.8/site-packages/airflow/example_dags/tutorial_objectstorage.py took 0.083 seconds
[2025-08-14T17:58:41.701+0000] {processor.py:161} INFO - Started process (PID=2491) to work on /home/airflow/.local/lib/python3.8/site-packages/airflow/example_dags/tutorial_objectstorage.py
[2025-08-14T17:58:41.703+0000] {processor.py:830} INFO - Processing file /home/airflow/.local/lib/python3.8/site-packages/airflow/example_dags/tutorial_objectstorage.py for tasks to queue
[2025-08-14T17:58:41.707+0000] {logging_mixin.py:188} INFO - [2025-08-14T17:58:41.707+0000] {dagbag.py:540} INFO - Filling up the DagBag from /home/airflow/.local/lib/python3.8/site-packages/airflow/example_dags/tutorial_objectstorage.py
[2025-08-14T17:58:41.716+0000] {processor.py:840} INFO - DAG(s) 'tutorial_objectstorage' retrieved from /home/airflow/.local/lib/python3.8/site-packages/airflow/example_dags/tutorial_objectstorage.py
[2025-08-14T17:58:41.746+0000] {logging_mixin.py:188} INFO - [2025-08-14T17:58:41.746+0000] {dag.py:3047} INFO - Sync 1 DAGs
[2025-08-14T17:58:41.758+0000] {logging_mixin.py:188} INFO - [2025-08-14T17:58:41.758+0000] {dag.py:3834} INFO - Setting next_dagrun for tutorial_objectstorage to None, run_after=None
[2025-08-14T17:58:41.780+0000] {processor.py:183} INFO - Processing /home/airflow/.local/lib/python3.8/site-packages/airflow/example_dags/tutorial_objectstorage.py took 0.082 seconds
[2025-08-14T17:59:12.122+0000] {processor.py:161} INFO - Started process (PID=2547) to work on /home/airflow/.local/lib/python3.8/site-packages/airflow/example_dags/tutorial_objectstorage.py
[2025-08-14T17:59:12.127+0000] {processor.py:830} INFO - Processing file /home/airflow/.local/lib/python3.8/site-packages/airflow/example_dags/tutorial_objectstorage.py for tasks to queue
[2025-08-14T17:59:12.130+0000] {logging_mixin.py:188} INFO - [2025-08-14T17:59:12.130+0000] {dagbag.py:540} INFO - Filling up the DagBag from /home/airflow/.local/lib/python3.8/site-packages/airflow/example_dags/tutorial_objectstorage.py
[2025-08-14T17:59:12.139+0000] {processor.py:840} INFO - DAG(s) 'tutorial_objectstorage' retrieved from /home/airflow/.local/lib/python3.8/site-packages/airflow/example_dags/tutorial_objectstorage.py
[2025-08-14T17:59:12.154+0000] {logging_mixin.py:188} INFO - [2025-08-14T17:59:12.154+0000] {dag.py:3047} INFO - Sync 1 DAGs
[2025-08-14T17:59:12.162+0000] {logging_mixin.py:188} INFO - [2025-08-14T17:59:12.161+0000] {dag.py:3834} INFO - Setting next_dagrun for tutorial_objectstorage to None, run_after=None
[2025-08-14T17:59:12.174+0000] {processor.py:183} INFO - Processing /home/airflow/.local/lib/python3.8/site-packages/airflow/example_dags/tutorial_objectstorage.py took 0.057 seconds
[2025-08-14T17:59:42.363+0000] {processor.py:161} INFO - Started process (PID=2603) to work on /home/airflow/.local/lib/python3.8/site-packages/airflow/example_dags/tutorial_objectstorage.py
[2025-08-14T17:59:42.365+0000] {processor.py:830} INFO - Processing file /home/airflow/.local/lib/python3.8/site-packages/airflow/example_dags/tutorial_objectstorage.py for tasks to queue
[2025-08-14T17:59:42.368+0000] {logging_mixin.py:188} INFO - [2025-08-14T17:59:42.368+0000] {dagbag.py:540} INFO - Filling up the DagBag from /home/airflow/.local/lib/python3.8/site-packages/airflow/example_dags/tutorial_objectstorage.py
[2025-08-14T17:59:42.376+0000] {processor.py:840} INFO - DAG(s) 'tutorial_objectstorage' retrieved from /home/airflow/.local/lib/python3.8/site-packages/airflow/example_dags/tutorial_objectstorage.py
[2025-08-14T17:59:42.391+0000] {logging_mixin.py:188} INFO - [2025-08-14T17:59:42.391+0000] {dag.py:3047} INFO - Sync 1 DAGs
[2025-08-14T17:59:42.399+0000] {logging_mixin.py:188} INFO - [2025-08-14T17:59:42.399+0000] {dag.py:3834} INFO - Setting next_dagrun for tutorial_objectstorage to None, run_after=None
[2025-08-14T17:59:42.415+0000] {processor.py:183} INFO - Processing /home/airflow/.local/lib/python3.8/site-packages/airflow/example_dags/tutorial_objectstorage.py took 0.056 seconds
[2025-08-14T18:00:12.864+0000] {processor.py:161} INFO - Started process (PID=2658) to work on /home/airflow/.local/lib/python3.8/site-packages/airflow/example_dags/tutorial_objectstorage.py
[2025-08-14T18:00:12.868+0000] {processor.py:830} INFO - Processing file /home/airflow/.local/lib/python3.8/site-packages/airflow/example_dags/tutorial_objectstorage.py for tasks to queue
[2025-08-14T18:00:12.869+0000] {logging_mixin.py:188} INFO - [2025-08-14T18:00:12.869+0000] {dagbag.py:540} INFO - Filling up the DagBag from /home/airflow/.local/lib/python3.8/site-packages/airflow/example_dags/tutorial_objectstorage.py
[2025-08-14T18:00:12.875+0000] {processor.py:840} INFO - DAG(s) 'tutorial_objectstorage' retrieved from /home/airflow/.local/lib/python3.8/site-packages/airflow/example_dags/tutorial_objectstorage.py
[2025-08-14T18:00:12.892+0000] {logging_mixin.py:188} INFO - [2025-08-14T18:00:12.891+0000] {dag.py:3047} INFO - Sync 1 DAGs
[2025-08-14T18:00:12.901+0000] {logging_mixin.py:188} INFO - [2025-08-14T18:00:12.901+0000] {dag.py:3834} INFO - Setting next_dagrun for tutorial_objectstorage to None, run_after=None
[2025-08-14T18:00:12.920+0000] {processor.py:183} INFO - Processing /home/airflow/.local/lib/python3.8/site-packages/airflow/example_dags/tutorial_objectstorage.py took 0.057 seconds
[2025-08-14T18:00:43.058+0000] {processor.py:161} INFO - Started process (PID=2714) to work on /home/airflow/.local/lib/python3.8/site-packages/airflow/example_dags/tutorial_objectstorage.py
[2025-08-14T18:00:43.067+0000] {processor.py:830} INFO - Processing file /home/airflow/.local/lib/python3.8/site-packages/airflow/example_dags/tutorial_objectstorage.py for tasks to queue
[2025-08-14T18:00:43.068+0000] {logging_mixin.py:188} INFO - [2025-08-14T18:00:43.068+0000] {dagbag.py:540} INFO - Filling up the DagBag from /home/airflow/.local/lib/python3.8/site-packages/airflow/example_dags/tutorial_objectstorage.py
[2025-08-14T18:00:43.077+0000] {processor.py:840} INFO - DAG(s) 'tutorial_objectstorage' retrieved from /home/airflow/.local/lib/python3.8/site-packages/airflow/example_dags/tutorial_objectstorage.py
[2025-08-14T18:00:43.115+0000] {logging_mixin.py:188} INFO - [2025-08-14T18:00:43.115+0000] {dag.py:3047} INFO - Sync 1 DAGs
[2025-08-14T18:00:43.139+0000] {logging_mixin.py:188} INFO - [2025-08-14T18:00:43.139+0000] {dag.py:3834} INFO - Setting next_dagrun for tutorial_objectstorage to None, run_after=None
[2025-08-14T18:00:43.164+0000] {processor.py:183} INFO - Processing /home/airflow/.local/lib/python3.8/site-packages/airflow/example_dags/tutorial_objectstorage.py took 0.112 seconds
[2025-08-14T18:01:13.411+0000] {processor.py:161} INFO - Started process (PID=2770) to work on /home/airflow/.local/lib/python3.8/site-packages/airflow/example_dags/tutorial_objectstorage.py
[2025-08-14T18:01:13.419+0000] {processor.py:830} INFO - Processing file /home/airflow/.local/lib/python3.8/site-packages/airflow/example_dags/tutorial_objectstorage.py for tasks to queue
[2025-08-14T18:01:13.424+0000] {logging_mixin.py:188} INFO - [2025-08-14T18:01:13.423+0000] {dagbag.py:540} INFO - Filling up the DagBag from /home/airflow/.local/lib/python3.8/site-packages/airflow/example_dags/tutorial_objectstorage.py
[2025-08-14T18:01:13.437+0000] {processor.py:840} INFO - DAG(s) 'tutorial_objectstorage' retrieved from /home/airflow/.local/lib/python3.8/site-packages/airflow/example_dags/tutorial_objectstorage.py
[2025-08-14T18:01:13.466+0000] {logging_mixin.py:188} INFO - [2025-08-14T18:01:13.466+0000] {dag.py:3047} INFO - Sync 1 DAGs
[2025-08-14T18:01:13.479+0000] {logging_mixin.py:188} INFO - [2025-08-14T18:01:13.479+0000] {dag.py:3834} INFO - Setting next_dagrun for tutorial_objectstorage to None, run_after=None
[2025-08-14T18:01:13.499+0000] {processor.py:183} INFO - Processing /home/airflow/.local/lib/python3.8/site-packages/airflow/example_dags/tutorial_objectstorage.py took 0.094 seconds
[2025-08-14T18:01:44.018+0000] {processor.py:161} INFO - Started process (PID=2826) to work on /home/airflow/.local/lib/python3.8/site-packages/airflow/example_dags/tutorial_objectstorage.py
[2025-08-14T18:01:44.023+0000] {processor.py:830} INFO - Processing file /home/airflow/.local/lib/python3.8/site-packages/airflow/example_dags/tutorial_objectstorage.py for tasks to queue
[2025-08-14T18:01:44.030+0000] {logging_mixin.py:188} INFO - [2025-08-14T18:01:44.029+0000] {dagbag.py:540} INFO - Filling up the DagBag from /home/airflow/.local/lib/python3.8/site-packages/airflow/example_dags/tutorial_objectstorage.py
[2025-08-14T18:01:44.042+0000] {processor.py:840} INFO - DAG(s) 'tutorial_objectstorage' retrieved from /home/airflow/.local/lib/python3.8/site-packages/airflow/example_dags/tutorial_objectstorage.py
[2025-08-14T18:01:44.061+0000] {logging_mixin.py:188} INFO - [2025-08-14T18:01:44.061+0000] {dag.py:3047} INFO - Sync 1 DAGs
[2025-08-14T18:01:44.072+0000] {logging_mixin.py:188} INFO - [2025-08-14T18:01:44.072+0000] {dag.py:3834} INFO - Setting next_dagrun for tutorial_objectstorage to None, run_after=None
[2025-08-14T18:01:44.091+0000] {processor.py:183} INFO - Processing /home/airflow/.local/lib/python3.8/site-packages/airflow/example_dags/tutorial_objectstorage.py took 0.079 seconds
[2025-08-14T18:02:14.642+0000] {processor.py:161} INFO - Started process (PID=2882) to work on /home/airflow/.local/lib/python3.8/site-packages/airflow/example_dags/tutorial_objectstorage.py
[2025-08-14T18:02:14.646+0000] {processor.py:830} INFO - Processing file /home/airflow/.local/lib/python3.8/site-packages/airflow/example_dags/tutorial_objectstorage.py for tasks to queue
[2025-08-14T18:02:14.648+0000] {logging_mixin.py:188} INFO - [2025-08-14T18:02:14.648+0000] {dagbag.py:540} INFO - Filling up the DagBag from /home/airflow/.local/lib/python3.8/site-packages/airflow/example_dags/tutorial_objectstorage.py
[2025-08-14T18:02:14.656+0000] {processor.py:840} INFO - DAG(s) 'tutorial_objectstorage' retrieved from /home/airflow/.local/lib/python3.8/site-packages/airflow/example_dags/tutorial_objectstorage.py
[2025-08-14T18:02:14.679+0000] {logging_mixin.py:188} INFO - [2025-08-14T18:02:14.679+0000] {dag.py:3047} INFO - Sync 1 DAGs
[2025-08-14T18:02:14.687+0000] {logging_mixin.py:188} INFO - [2025-08-14T18:02:14.687+0000] {dag.py:3834} INFO - Setting next_dagrun for tutorial_objectstorage to None, run_after=None
[2025-08-14T18:02:14.709+0000] {processor.py:183} INFO - Processing /home/airflow/.local/lib/python3.8/site-packages/airflow/example_dags/tutorial_objectstorage.py took 0.071 seconds
[2025-08-14T18:02:45.259+0000] {processor.py:161} INFO - Started process (PID=2938) to work on /home/airflow/.local/lib/python3.8/site-packages/airflow/example_dags/tutorial_objectstorage.py
[2025-08-14T18:02:45.268+0000] {processor.py:830} INFO - Processing file /home/airflow/.local/lib/python3.8/site-packages/airflow/example_dags/tutorial_objectstorage.py for tasks to queue
[2025-08-14T18:02:45.272+0000] {logging_mixin.py:188} INFO - [2025-08-14T18:02:45.272+0000] {dagbag.py:540} INFO - Filling up the DagBag from /home/airflow/.local/lib/python3.8/site-packages/airflow/example_dags/tutorial_objectstorage.py
[2025-08-14T18:02:45.282+0000] {processor.py:840} INFO - DAG(s) 'tutorial_objectstorage' retrieved from /home/airflow/.local/lib/python3.8/site-packages/airflow/example_dags/tutorial_objectstorage.py
[2025-08-14T18:02:45.310+0000] {logging_mixin.py:188} INFO - [2025-08-14T18:02:45.310+0000] {dag.py:3047} INFO - Sync 1 DAGs
[2025-08-14T18:02:45.324+0000] {logging_mixin.py:188} INFO - [2025-08-14T18:02:45.324+0000] {dag.py:3834} INFO - Setting next_dagrun for tutorial_objectstorage to None, run_after=None
[2025-08-14T18:02:45.346+0000] {processor.py:183} INFO - Processing /home/airflow/.local/lib/python3.8/site-packages/airflow/example_dags/tutorial_objectstorage.py took 0.090 seconds
[2025-08-14T18:03:15.444+0000] {processor.py:161} INFO - Started process (PID=2994) to work on /home/airflow/.local/lib/python3.8/site-packages/airflow/example_dags/tutorial_objectstorage.py
[2025-08-14T18:03:15.451+0000] {processor.py:830} INFO - Processing file /home/airflow/.local/lib/python3.8/site-packages/airflow/example_dags/tutorial_objectstorage.py for tasks to queue
[2025-08-14T18:03:15.456+0000] {logging_mixin.py:188} INFO - [2025-08-14T18:03:15.455+0000] {dagbag.py:540} INFO - Filling up the DagBag from /home/airflow/.local/lib/python3.8/site-packages/airflow/example_dags/tutorial_objectstorage.py
[2025-08-14T18:03:15.466+0000] {processor.py:840} INFO - DAG(s) 'tutorial_objectstorage' retrieved from /home/airflow/.local/lib/python3.8/site-packages/airflow/example_dags/tutorial_objectstorage.py
[2025-08-14T18:03:15.535+0000] {logging_mixin.py:188} INFO - [2025-08-14T18:03:15.534+0000] {dag.py:3047} INFO - Sync 1 DAGs
[2025-08-14T18:03:15.546+0000] {logging_mixin.py:188} INFO - [2025-08-14T18:03:15.546+0000] {dag.py:3834} INFO - Setting next_dagrun for tutorial_objectstorage to None, run_after=None
[2025-08-14T18:03:15.559+0000] {processor.py:183} INFO - Processing /home/airflow/.local/lib/python3.8/site-packages/airflow/example_dags/tutorial_objectstorage.py took 0.119 seconds
[2025-08-14T18:03:45.598+0000] {processor.py:161} INFO - Started process (PID=3049) to work on /home/airflow/.local/lib/python3.8/site-packages/airflow/example_dags/tutorial_objectstorage.py
[2025-08-14T18:03:45.600+0000] {processor.py:830} INFO - Processing file /home/airflow/.local/lib/python3.8/site-packages/airflow/example_dags/tutorial_objectstorage.py for tasks to queue
[2025-08-14T18:03:45.604+0000] {logging_mixin.py:188} INFO - [2025-08-14T18:03:45.603+0000] {dagbag.py:540} INFO - Filling up the DagBag from /home/airflow/.local/lib/python3.8/site-packages/airflow/example_dags/tutorial_objectstorage.py
[2025-08-14T18:03:45.628+0000] {processor.py:840} INFO - DAG(s) 'tutorial_objectstorage' retrieved from /home/airflow/.local/lib/python3.8/site-packages/airflow/example_dags/tutorial_objectstorage.py
[2025-08-14T18:03:45.661+0000] {logging_mixin.py:188} INFO - [2025-08-14T18:03:45.661+0000] {dag.py:3047} INFO - Sync 1 DAGs
[2025-08-14T18:03:45.672+0000] {logging_mixin.py:188} INFO - [2025-08-14T18:03:45.672+0000] {dag.py:3834} INFO - Setting next_dagrun for tutorial_objectstorage to None, run_after=None
[2025-08-14T18:03:45.687+0000] {processor.py:183} INFO - Processing /home/airflow/.local/lib/python3.8/site-packages/airflow/example_dags/tutorial_objectstorage.py took 0.096 seconds
[2025-08-14T18:04:16.282+0000] {processor.py:161} INFO - Started process (PID=3106) to work on /home/airflow/.local/lib/python3.8/site-packages/airflow/example_dags/tutorial_objectstorage.py
[2025-08-14T18:04:16.283+0000] {processor.py:830} INFO - Processing file /home/airflow/.local/lib/python3.8/site-packages/airflow/example_dags/tutorial_objectstorage.py for tasks to queue
[2025-08-14T18:04:16.284+0000] {logging_mixin.py:188} INFO - [2025-08-14T18:04:16.284+0000] {dagbag.py:540} INFO - Filling up the DagBag from /home/airflow/.local/lib/python3.8/site-packages/airflow/example_dags/tutorial_objectstorage.py
[2025-08-14T18:04:16.289+0000] {processor.py:840} INFO - DAG(s) 'tutorial_objectstorage' retrieved from /home/airflow/.local/lib/python3.8/site-packages/airflow/example_dags/tutorial_objectstorage.py
[2025-08-14T18:04:16.311+0000] {logging_mixin.py:188} INFO - [2025-08-14T18:04:16.311+0000] {dag.py:3047} INFO - Sync 1 DAGs
[2025-08-14T18:04:16.318+0000] {logging_mixin.py:188} INFO - [2025-08-14T18:04:16.318+0000] {dag.py:3834} INFO - Setting next_dagrun for tutorial_objectstorage to None, run_after=None
[2025-08-14T18:04:16.332+0000] {processor.py:183} INFO - Processing /home/airflow/.local/lib/python3.8/site-packages/airflow/example_dags/tutorial_objectstorage.py took 0.051 seconds
[2025-08-14T18:04:46.846+0000] {processor.py:161} INFO - Started process (PID=3162) to work on /home/airflow/.local/lib/python3.8/site-packages/airflow/example_dags/tutorial_objectstorage.py
[2025-08-14T18:04:46.847+0000] {processor.py:830} INFO - Processing file /home/airflow/.local/lib/python3.8/site-packages/airflow/example_dags/tutorial_objectstorage.py for tasks to queue
[2025-08-14T18:04:46.848+0000] {logging_mixin.py:188} INFO - [2025-08-14T18:04:46.848+0000] {dagbag.py:540} INFO - Filling up the DagBag from /home/airflow/.local/lib/python3.8/site-packages/airflow/example_dags/tutorial_objectstorage.py
[2025-08-14T18:04:46.853+0000] {processor.py:840} INFO - DAG(s) 'tutorial_objectstorage' retrieved from /home/airflow/.local/lib/python3.8/site-packages/airflow/example_dags/tutorial_objectstorage.py
[2025-08-14T18:04:46.882+0000] {logging_mixin.py:188} INFO - [2025-08-14T18:04:46.881+0000] {dag.py:3047} INFO - Sync 1 DAGs
[2025-08-14T18:04:46.891+0000] {logging_mixin.py:188} INFO - [2025-08-14T18:04:46.891+0000] {dag.py:3834} INFO - Setting next_dagrun for tutorial_objectstorage to None, run_after=None
[2025-08-14T18:04:46.906+0000] {processor.py:183} INFO - Processing /home/airflow/.local/lib/python3.8/site-packages/airflow/example_dags/tutorial_objectstorage.py took 0.062 seconds
[2025-08-14T18:05:17.567+0000] {processor.py:161} INFO - Started process (PID=3216) to work on /home/airflow/.local/lib/python3.8/site-packages/airflow/example_dags/tutorial_objectstorage.py
[2025-08-14T18:05:17.568+0000] {processor.py:830} INFO - Processing file /home/airflow/.local/lib/python3.8/site-packages/airflow/example_dags/tutorial_objectstorage.py for tasks to queue
[2025-08-14T18:05:17.569+0000] {logging_mixin.py:188} INFO - [2025-08-14T18:05:17.569+0000] {dagbag.py:540} INFO - Filling up the DagBag from /home/airflow/.local/lib/python3.8/site-packages/airflow/example_dags/tutorial_objectstorage.py
[2025-08-14T18:05:17.574+0000] {processor.py:840} INFO - DAG(s) 'tutorial_objectstorage' retrieved from /home/airflow/.local/lib/python3.8/site-packages/airflow/example_dags/tutorial_objectstorage.py
[2025-08-14T18:05:17.590+0000] {logging_mixin.py:188} INFO - [2025-08-14T18:05:17.590+0000] {dag.py:3047} INFO - Sync 1 DAGs
[2025-08-14T18:05:17.597+0000] {logging_mixin.py:188} INFO - [2025-08-14T18:05:17.597+0000] {dag.py:3834} INFO - Setting next_dagrun for tutorial_objectstorage to None, run_after=None
[2025-08-14T18:05:17.610+0000] {processor.py:183} INFO - Processing /home/airflow/.local/lib/python3.8/site-packages/airflow/example_dags/tutorial_objectstorage.py took 0.045 seconds
[2025-08-14T18:05:48.757+0000] {processor.py:161} INFO - Started process (PID=3272) to work on /home/airflow/.local/lib/python3.8/site-packages/airflow/example_dags/tutorial_objectstorage.py
[2025-08-14T18:05:48.759+0000] {processor.py:830} INFO - Processing file /home/airflow/.local/lib/python3.8/site-packages/airflow/example_dags/tutorial_objectstorage.py for tasks to queue
[2025-08-14T18:05:48.760+0000] {logging_mixin.py:188} INFO - [2025-08-14T18:05:48.760+0000] {dagbag.py:540} INFO - Filling up the DagBag from /home/airflow/.local/lib/python3.8/site-packages/airflow/example_dags/tutorial_objectstorage.py
[2025-08-14T18:05:48.764+0000] {processor.py:840} INFO - DAG(s) 'tutorial_objectstorage' retrieved from /home/airflow/.local/lib/python3.8/site-packages/airflow/example_dags/tutorial_objectstorage.py
[2025-08-14T18:05:48.784+0000] {logging_mixin.py:188} INFO - [2025-08-14T18:05:48.784+0000] {dag.py:3047} INFO - Sync 1 DAGs
[2025-08-14T18:05:48.793+0000] {logging_mixin.py:188} INFO - [2025-08-14T18:05:48.793+0000] {dag.py:3834} INFO - Setting next_dagrun for tutorial_objectstorage to None, run_after=None
[2025-08-14T18:05:48.815+0000] {processor.py:183} INFO - Processing /home/airflow/.local/lib/python3.8/site-packages/airflow/example_dags/tutorial_objectstorage.py took 0.060 seconds
