[2025-08-02T02:03:08.475+0000] {taskinstance.py:1979} INFO - Dependencies all met for dep_context=non-requeueable deps ti=<TaskInstance: scraping_main_run.run_scraping_script manual__2025-08-02T01:57:28.961451+00:00 [queued]>
[2025-08-02T02:03:08.533+0000] {taskinstance.py:1979} INFO - Dependencies all met for dep_context=requeueable deps ti=<TaskInstance: scraping_main_run.run_scraping_script manual__2025-08-02T01:57:28.961451+00:00 [queued]>
[2025-08-02T02:03:08.535+0000] {taskinstance.py:2193} INFO - Starting attempt 3 of 8
[2025-08-02T02:03:08.590+0000] {taskinstance.py:2214} INFO - Executing <Task(BashOperator): run_scraping_script> on 2025-08-02 01:57:28.961451+00:00
[2025-08-02T02:03:08.728+0000] {standard_task_runner.py:60} INFO - Started process 362 to run task
[2025-08-02T02:03:08.785+0000] {standard_task_runner.py:87} INFO - Running: ['***', 'tasks', 'run', 'scraping_main_run', 'run_scraping_script', 'manual__2025-08-02T01:57:28.961451+00:00', '--job-id', '5', '--raw', '--subdir', 'DAGS_FOLDER/scraping_dags.py', '--cfg-path', '/tmp/tmpgemkqh9r']
[2025-08-02T02:03:08.815+0000] {standard_task_runner.py:88} INFO - Job 5: Subtask run_scraping_script
[2025-08-02T02:03:09.114+0000] {task_command.py:423} INFO - Running <TaskInstance: scraping_main_run.run_scraping_script manual__2025-08-02T01:57:28.961451+00:00 [running]> on host d33756a07e2f
[2025-08-02T02:03:09.410+0000] {taskinstance.py:2510} INFO - Exporting env vars: AIRFLOW_CTX_DAG_OWNER='***' AIRFLOW_CTX_DAG_ID='scraping_main_run' AIRFLOW_CTX_TASK_ID='run_scraping_script' AIRFLOW_CTX_EXECUTION_DATE='2025-08-02T01:57:28.961451+00:00' AIRFLOW_CTX_TRY_NUMBER='3' AIRFLOW_CTX_DAG_RUN_ID='manual__2025-08-02T01:57:28.961451+00:00'
[2025-08-02T02:03:09.421+0000] {subprocess.py:63} INFO - Tmp dir root location: /tmp
[2025-08-02T02:03:09.423+0000] {subprocess.py:75} INFO - Running command: ['/usr/bin/bash', '-c', 'cd /opt/spiView/Tesis-Scraping && python3 extraccion/main.py']
[2025-08-02T02:03:09.445+0000] {subprocess.py:86} INFO - Output:
[2025-08-02T02:03:09.479+0000] {subprocess.py:93} INFO - /usr/bin/bash: line 1: cd: /opt/spiView/Tesis-Scraping: No such file or directory
[2025-08-02T02:03:09.484+0000] {subprocess.py:97} INFO - Command exited with return code 1
[2025-08-02T02:03:09.514+0000] {taskinstance.py:2728} ERROR - Task failed with exception
Traceback (most recent call last):
  File "/home/airflow/.local/lib/python3.8/site-packages/airflow/models/taskinstance.py", line 444, in _execute_task
    result = _execute_callable(context=context, **execute_callable_kwargs)
  File "/home/airflow/.local/lib/python3.8/site-packages/airflow/models/taskinstance.py", line 414, in _execute_callable
    return execute_callable(context=context, **execute_callable_kwargs)
  File "/home/airflow/.local/lib/python3.8/site-packages/airflow/operators/bash.py", line 212, in execute
    raise AirflowException(
airflow.exceptions.AirflowException: Bash command failed. The command returned a non-zero exit code 1.
[2025-08-02T02:03:09.536+0000] {taskinstance.py:1149} INFO - Marking task as UP_FOR_RETRY. dag_id=scraping_main_run, task_id=run_scraping_script, execution_date=20250802T015728, start_date=20250802T020308, end_date=20250802T020309
[2025-08-02T02:03:09.563+0000] {standard_task_runner.py:107} ERROR - Failed to execute job 5 for task run_scraping_script (Bash command failed. The command returned a non-zero exit code 1.; 362)
[2025-08-02T02:03:09.610+0000] {local_task_job_runner.py:234} INFO - Task exited with return code 1
[2025-08-02T02:03:09.662+0000] {taskinstance.py:3309} INFO - 0 downstream tasks scheduled from follow-on schedule check
