[2025-08-02T02:03:37.954+0000] {taskinstance.py:1969} INFO - Dependencies not met for <TaskInstance: scraping_main_run.run_scraping_script manual__2025-08-02T01:57:28.961451+00:00 [up_for_retry]>, dependency 'Not In Retry Period' FAILED: Task is not ready for retry yet but will be retried automatically. Current date is 2025-08-02T02:03:37.954764+00:00 and task will be retried at 2025-08-02T02:08:26.413757+00:00.
[2025-08-02T02:03:37.959+0000] {local_task_job_runner.py:160} INFO - Task is not able to be run
[2025-08-02T02:16:31.754+0000] {taskinstance.py:1979} INFO - Dependencies all met for dep_context=non-requeueable deps ti=<TaskInstance: scraping_main_run.run_scraping_script manual__2025-08-02T01:57:28.961451+00:00 [queued]>
[2025-08-02T02:16:31.767+0000] {taskinstance.py:1979} INFO - Dependencies all met for dep_context=requeueable deps ti=<TaskInstance: scraping_main_run.run_scraping_script manual__2025-08-02T01:57:28.961451+00:00 [queued]>
[2025-08-02T02:16:31.768+0000] {taskinstance.py:2193} INFO - Starting attempt 5 of 10
[2025-08-02T02:16:31.800+0000] {taskinstance.py:2214} INFO - Executing <Task(BashOperator): run_scraping_script> on 2025-08-02 01:57:28.961451+00:00
[2025-08-02T02:16:31.813+0000] {standard_task_runner.py:60} INFO - Started process 511 to run task
[2025-08-02T02:16:31.821+0000] {standard_task_runner.py:87} INFO - Running: ['***', 'tasks', 'run', 'scraping_main_run', 'run_scraping_script', 'manual__2025-08-02T01:57:28.961451+00:00', '--job-id', '11', '--raw', '--subdir', 'DAGS_FOLDER/scraping_dags.py', '--cfg-path', '/tmp/tmpvhr9xrsq']
[2025-08-02T02:16:31.843+0000] {standard_task_runner.py:88} INFO - Job 11: Subtask run_scraping_script
[2025-08-02T02:16:32.054+0000] {task_command.py:423} INFO - Running <TaskInstance: scraping_main_run.run_scraping_script manual__2025-08-02T01:57:28.961451+00:00 [running]> on host d33756a07e2f
[2025-08-02T02:16:32.266+0000] {taskinstance.py:2510} INFO - Exporting env vars: AIRFLOW_CTX_DAG_OWNER='***' AIRFLOW_CTX_DAG_ID='scraping_main_run' AIRFLOW_CTX_TASK_ID='run_scraping_script' AIRFLOW_CTX_EXECUTION_DATE='2025-08-02T01:57:28.961451+00:00' AIRFLOW_CTX_TRY_NUMBER='5' AIRFLOW_CTX_DAG_RUN_ID='manual__2025-08-02T01:57:28.961451+00:00'
[2025-08-02T02:16:32.291+0000] {subprocess.py:63} INFO - Tmp dir root location: /tmp
[2025-08-02T02:16:32.297+0000] {subprocess.py:75} INFO - Running command: ['/usr/bin/bash', '-c', 'cd /opt/spiView/Tesis-Scraping && python3 extraccion/main.py']
[2025-08-02T02:16:32.340+0000] {subprocess.py:86} INFO - Output:
[2025-08-02T02:16:32.368+0000] {subprocess.py:93} INFO - /usr/bin/bash: line 1: cd: /opt/spiView/Tesis-Scraping: No such file or directory
[2025-08-02T02:16:32.371+0000] {subprocess.py:97} INFO - Command exited with return code 1
[2025-08-02T02:16:32.394+0000] {taskinstance.py:2728} ERROR - Task failed with exception
Traceback (most recent call last):
  File "/home/airflow/.local/lib/python3.8/site-packages/airflow/models/taskinstance.py", line 444, in _execute_task
    result = _execute_callable(context=context, **execute_callable_kwargs)
  File "/home/airflow/.local/lib/python3.8/site-packages/airflow/models/taskinstance.py", line 414, in _execute_callable
    return execute_callable(context=context, **execute_callable_kwargs)
  File "/home/airflow/.local/lib/python3.8/site-packages/airflow/operators/bash.py", line 212, in execute
    raise AirflowException(
airflow.exceptions.AirflowException: Bash command failed. The command returned a non-zero exit code 1.
[2025-08-02T02:16:32.400+0000] {taskinstance.py:1149} INFO - Marking task as UP_FOR_RETRY. dag_id=scraping_main_run, task_id=run_scraping_script, execution_date=20250802T015728, start_date=20250802T021631, end_date=20250802T021632
[2025-08-02T02:16:32.422+0000] {standard_task_runner.py:107} ERROR - Failed to execute job 11 for task run_scraping_script (Bash command failed. The command returned a non-zero exit code 1.; 511)
[2025-08-02T02:16:32.461+0000] {local_task_job_runner.py:234} INFO - Task exited with return code 1
[2025-08-02T02:16:32.570+0000] {taskinstance.py:3309} INFO - 0 downstream tasks scheduled from follow-on schedule check
