[2025-08-19T00:36:19.643+0000] {taskinstance.py:1979} INFO - Dependencies all met for dep_context=non-requeueable deps ti=<TaskInstance: scraping_main_run.scrape_prods_vars manual__2025-08-19T00:31:12.533332+00:00 [queued]>
[2025-08-19T00:36:19.651+0000] {taskinstance.py:1979} INFO - Dependencies all met for dep_context=requeueable deps ti=<TaskInstance: scraping_main_run.scrape_prods_vars manual__2025-08-19T00:31:12.533332+00:00 [queued]>
[2025-08-19T00:36:19.651+0000] {taskinstance.py:2193} INFO - Starting attempt 2 of 2
[2025-08-19T00:36:19.669+0000] {taskinstance.py:2214} INFO - Executing <Task(DockerOperator): scrape_prods_vars> on 2025-08-19 00:31:12.533332+00:00
[2025-08-19T00:36:19.673+0000] {standard_task_runner.py:60} INFO - Started process 600 to run task
[2025-08-19T00:36:19.678+0000] {standard_task_runner.py:87} INFO - Running: ['***', 'tasks', 'run', 'scraping_main_run', 'scrape_prods_vars', 'manual__2025-08-19T00:31:12.533332+00:00', '--job-id', '7', '--raw', '--subdir', 'DAGS_FOLDER/scraping_dags.py', '--cfg-path', '/tmp/tmp388nhjkp']
[2025-08-19T00:36:19.680+0000] {standard_task_runner.py:88} INFO - Job 7: Subtask scrape_prods_vars
[2025-08-19T00:36:19.736+0000] {task_command.py:423} INFO - Running <TaskInstance: scraping_main_run.scrape_prods_vars manual__2025-08-19T00:31:12.533332+00:00 [running]> on host 1b1154026598
[2025-08-19T00:36:19.795+0000] {taskinstance.py:2510} INFO - Exporting env vars: AIRFLOW_CTX_DAG_OWNER='***' AIRFLOW_CTX_DAG_ID='scraping_main_run' AIRFLOW_CTX_TASK_ID='scrape_prods_vars' AIRFLOW_CTX_EXECUTION_DATE='2025-08-19T00:31:12.533332+00:00' AIRFLOW_CTX_TRY_NUMBER='2' AIRFLOW_CTX_DAG_RUN_ID='manual__2025-08-19T00:31:12.533332+00:00'
[2025-08-19T00:36:19.819+0000] {docker.py:359} INFO - Starting docker container from image spi_scraper:latest
[2025-08-19T00:36:22.250+0000] {docker.py:429} INFO - Traceback (most recent call last):
  File "/app/extraccion/main.py", line 3, in <module>
    import mongo_storage as mongo
  File "/app/extraccion/mongo_storage.py", line 2, in <module>
    from pymongo import MongoClient
[2025-08-19T00:36:22.254+0000] {docker.py:429} INFO - ModuleNotFoundError: No module named 'pymongo'
[2025-08-19T00:36:22.598+0000] {taskinstance.py:2728} ERROR - Task failed with exception
Traceback (most recent call last):
  File "/home/airflow/.local/lib/python3.8/site-packages/airflow/models/taskinstance.py", line 444, in _execute_task
    result = _execute_callable(context=context, **execute_callable_kwargs)
  File "/home/airflow/.local/lib/python3.8/site-packages/airflow/models/taskinstance.py", line 414, in _execute_callable
    return execute_callable(context=context, **execute_callable_kwargs)
  File "/home/airflow/.local/lib/python3.8/site-packages/airflow/providers/docker/operators/docker.py", line 502, in execute
    return self._run_image()
  File "/home/airflow/.local/lib/python3.8/site-packages/airflow/providers/docker/operators/docker.py", line 376, in _run_image
    return self._run_image_with_mounts(self.mounts, add_tmp_variable=False)
  File "/home/airflow/.local/lib/python3.8/site-packages/airflow/providers/docker/operators/docker.py", line 437, in _run_image_with_mounts
    raise DockerContainerFailedException(f"Docker container failed: {result!r}", logs=log_lines)
airflow.providers.docker.exceptions.DockerContainerFailedException: Docker container failed: {'StatusCode': 1}
[2025-08-19T00:36:22.608+0000] {taskinstance.py:1149} INFO - Marking task as FAILED. dag_id=scraping_main_run, task_id=scrape_prods_vars, execution_date=20250819T003112, start_date=20250819T003619, end_date=20250819T003622
[2025-08-19T00:36:22.626+0000] {standard_task_runner.py:107} ERROR - Failed to execute job 7 for task scrape_prods_vars (Docker container failed: {'StatusCode': 1}; 600)
[2025-08-19T00:36:22.689+0000] {local_task_job_runner.py:234} INFO - Task exited with return code 1
[2025-08-19T00:36:22.726+0000] {taskinstance.py:3309} INFO - 0 downstream tasks scheduled from follow-on schedule check
