[2025-08-14T17:38:26.159+0000] {taskinstance.py:1979} INFO - Dependencies all met for dep_context=non-requeueable deps ti=<TaskInstance: scraping_main_run.run_scraping_script manual__2025-08-14T17:38:24.569801+00:00 [queued]>
[2025-08-14T17:38:26.164+0000] {taskinstance.py:1979} INFO - Dependencies all met for dep_context=requeueable deps ti=<TaskInstance: scraping_main_run.run_scraping_script manual__2025-08-14T17:38:24.569801+00:00 [queued]>
[2025-08-14T17:38:26.165+0000] {taskinstance.py:2193} INFO - Starting attempt 1 of 2
[2025-08-14T17:38:26.180+0000] {taskinstance.py:2214} INFO - Executing <Task(BashOperator): run_scraping_script> on 2025-08-14 17:38:24.569801+00:00
[2025-08-14T17:38:26.193+0000] {standard_task_runner.py:60} INFO - Started process 130 to run task
[2025-08-14T17:38:26.196+0000] {standard_task_runner.py:87} INFO - Running: ['***', 'tasks', 'run', 'scraping_main_run', 'run_scraping_script', 'manual__2025-08-14T17:38:24.569801+00:00', '--job-id', '45', '--raw', '--subdir', 'DAGS_FOLDER/scraping_dags.py', '--cfg-path', '/tmp/tmp1fbhc9qh']
[2025-08-14T17:38:26.200+0000] {standard_task_runner.py:88} INFO - Job 45: Subtask run_scraping_script
[2025-08-14T17:38:26.235+0000] {task_command.py:423} INFO - Running <TaskInstance: scraping_main_run.run_scraping_script manual__2025-08-14T17:38:24.569801+00:00 [running]> on host 6a055ba4d49c
[2025-08-14T17:38:26.271+0000] {taskinstance.py:2510} INFO - Exporting env vars: AIRFLOW_CTX_DAG_OWNER='***' AIRFLOW_CTX_DAG_ID='scraping_main_run' AIRFLOW_CTX_TASK_ID='run_scraping_script' AIRFLOW_CTX_EXECUTION_DATE='2025-08-14T17:38:24.569801+00:00' AIRFLOW_CTX_TRY_NUMBER='1' AIRFLOW_CTX_DAG_RUN_ID='manual__2025-08-14T17:38:24.569801+00:00'
[2025-08-14T17:38:26.273+0000] {subprocess.py:63} INFO - Tmp dir root location: /tmp
[2025-08-14T17:38:26.274+0000] {subprocess.py:75} INFO - Running command: ['/usr/bin/bash', '-c', 'cd /opt/***/tesis-scraping && source venv/bin/activate && python3 extraccion/main.py']
[2025-08-14T17:38:26.280+0000] {subprocess.py:86} INFO - Output:
[2025-08-14T17:38:26.751+0000] {subprocess.py:93} INFO - Traceback (most recent call last):
[2025-08-14T17:38:26.752+0000] {subprocess.py:93} INFO -   File "extraccion/main.py", line 1, in <module>
[2025-08-14T17:38:26.752+0000] {subprocess.py:93} INFO -     import extraccion_urls as extract
[2025-08-14T17:38:26.752+0000] {subprocess.py:93} INFO -   File "/opt/***/tesis-scraping/extraccion/extraccion_urls.py", line 7, in <module>
[2025-08-14T17:38:26.753+0000] {subprocess.py:93} INFO -     from captcha import save_cookies
[2025-08-14T17:38:26.753+0000] {subprocess.py:93} INFO -   File "/opt/***/tesis-scraping/captcha/save_cookies.py", line 4, in <module>
[2025-08-14T17:38:26.753+0000] {subprocess.py:93} INFO -     import undetected_chromedriver as uc
[2025-08-14T17:38:26.753+0000] {subprocess.py:93} INFO - ModuleNotFoundError: No module named 'undetected_chromedriver'
[2025-08-14T17:38:26.789+0000] {subprocess.py:97} INFO - Command exited with return code 1
[2025-08-14T17:38:26.802+0000] {taskinstance.py:2728} ERROR - Task failed with exception
Traceback (most recent call last):
  File "/home/airflow/.local/lib/python3.8/site-packages/airflow/models/taskinstance.py", line 444, in _execute_task
    result = _execute_callable(context=context, **execute_callable_kwargs)
  File "/home/airflow/.local/lib/python3.8/site-packages/airflow/models/taskinstance.py", line 414, in _execute_callable
    return execute_callable(context=context, **execute_callable_kwargs)
  File "/home/airflow/.local/lib/python3.8/site-packages/airflow/operators/bash.py", line 212, in execute
    raise AirflowException(
airflow.exceptions.AirflowException: Bash command failed. The command returned a non-zero exit code 1.
[2025-08-14T17:38:26.805+0000] {taskinstance.py:1149} INFO - Marking task as UP_FOR_RETRY. dag_id=scraping_main_run, task_id=run_scraping_script, execution_date=20250814T173824, start_date=20250814T173826, end_date=20250814T173826
[2025-08-14T17:38:26.813+0000] {standard_task_runner.py:107} ERROR - Failed to execute job 45 for task run_scraping_script (Bash command failed. The command returned a non-zero exit code 1.; 130)
[2025-08-14T17:38:26.837+0000] {local_task_job_runner.py:234} INFO - Task exited with return code 1
[2025-08-14T17:38:26.862+0000] {taskinstance.py:3309} INFO - 0 downstream tasks scheduled from follow-on schedule check
